VPR FPGA Placement and Routing.
Version: 9.0.0-dev+v8.0.0-18248-g40f8d19708
Revision: v8.0.0-18248-g40f8d19708
Compiled: 2026-09-22T03:43:48
Compiler: GNU 13.3.0 on Linux-5.15.0-119-generic x86_64
Build Info: release IPO VTR_ASSERT_LEVEL=2

University of Toronto
verilogtorouting.org
vtr-users@googlegroups.com
This is free open source code under MIT license.

VPR was run with the following command-line:
/inspire/hdd/project/project-public/changshunjie-253114010247/changshunjie-253114010247/workspace/DAC2027/vtr/vtr-verilog-to-routing/vpr/vpr /inspire/hdd/project/project-public/changshunjie-253114010247/changshunjie-253114010247/workspace/DAC2027/vtr/vtr-verilog-to-routing/vtr_flow/arch/COFFE_22nm/k6FracN10LB_mem20K_complexDSP_customSB_22nm.xml /inspire/hdd/project/project-public/changshunjie-253114010247/changshunjie-253114010247/workspace/DAC2027/TailCompile/experiments/vtr/runs/pilot_v1/attention_layer/full-seed1-w300/attention_layer.pre-vpr.blif --analytical_place --route --analysis --ap_full_legalizer flat-recon --ap_detailed_placer annealer --seed 11 --route_chan_width 140 --write_flat_place /inspire/hdd/project/project-public/changshunjie-253114010247/changshunjie-253114010247/workspace/DAC2027/TailCompile/vtr_work/tailcompile_v3/attention_layer/4x4/gnn_candidate-fp045f737d-flat-recon-annealer-seed11-w140-devw88/post_route.fplace --write_legalized_flat_place /inspire/hdd/project/project-public/changshunjie-253114010247/changshunjie-253114010247/workspace/DAC2027/TailCompile/vtr_work/tailcompile_v3/attention_layer/4x4/gnn_candidate-fp045f737d-flat-recon-annealer-seed11-w140-devw88/post_legalizer.fplace --flat_place_verbosity 1 --device_width 88 --net_file /inspire/hdd/project/project-public/changshunjie-253114010247/changshunjie-253114010247/workspace/DAC2027/TailCompile/vtr_work/tailcompile_v3/attention_layer/4x4/gnn_candidate-fp045f737d-flat-recon-annealer-seed11-w140-devw88/attention_layer.locked-input.net --read_flat_place /inspire/hdd/global_user/changshunjie-253114010247/workspace/DAC2027/TailCompile/experiments/vtr/tailcompile_v3/attention_layer/4x4/pools/bootstrap_24/candidate_17_seed13044.fplace

Using up to 1 parallel worker(s)

Architecture file: /inspire/hdd/project/project-public/changshunjie-253114010247/changshunjie-253114010247/workspace/DAC2027/vtr/vtr-verilog-to-routing/vtr_flow/arch/COFFE_22nm/k6FracN10LB_mem20K_complexDSP_customSB_22nm.xml
Circuit name: attention_layer.pre-vpr

# Loading Architecture Description
# Loading Architecture Description took 0.03 seconds (max_rss 32.8 MiB, delta_rss +0.0 MiB)

Timing analysis: ON
Circuit netlist file: /inspire/hdd/project/project-public/changshunjie-253114010247/changshunjie-253114010247/workspace/DAC2027/TailCompile/vtr_work/tailcompile_v3/attention_layer/4x4/gnn_candidate-fp045f737d-flat-recon-annealer-seed11-w140-devw88/attention_layer.locked-input.net
Circuit placement file: attention_layer.pre-vpr.place
Circuit routing file: attention_layer.pre-vpr.route
Circuit SDC file: attention_layer.pre-vpr.sdc
Vpr floorplanning constraints file: not specified

Packer: DISABLED
Placer: DISABLED
Analytical Placer: ENABLED
Router: ENABLED
Analysis: ENABLED

VPR was run with the following options:

netlist_opts.absorb_buffer_luts            : true
netlist_opts.sweep_dangling_primary_ios    : true
netlist_opts.sweep_dangling_nets           : true
netlist_opts.sweep_dangling_blocks         : true
netlist_opts.sweep_constant_primary_outputs: false
netlist_opts.netlist_verbosity             : 1
netlist_opts.const_gen_inference           : COMB_SEQ

AnalyticalPlacerOpts.analytical_solver_type: lp-b2b
AnalyticalPlacerOpts.partial_legalizer_type: bipartitioning
AnalyticalPlacerOpts.full_legalizer_type: flat-recon
AnalyticalPlacerOpts.detailed_placer_type: annealer
AnalyticalPlacerOpts.ap_timing_tradeoff: 0.500000
AnalyticalPlacerOpts.ap_high_fanout_threshold: 256
AnalyticalPlacerOpts.log_verbosity: 1
router_opts.route_type: DETAILED
router_opts.flat_routing: false
router_opts.choke_points: on
router_opts.router_algorithm: TIMING_DRIVEN
router_opts.base_cost_type: DELAY_NORMALIZED_LENGTH
router_opts.fixed_channel_width: 140
router_opts.check_route: FULL
router_opts.acc_fac: 1.000000
router_opts.bb_factor: 3
router_opts.bend_cost: 0.000000
router_opts.first_iter_pres_fac: 0.000000
router_opts.initial_pres_fac: 0.500000
router_opts.pres_fac_mult: 1.300000
router_opts.max_pres_fac: 1000.000000
router_opts.max_router_iterations: 50
router_opts.min_incremental_reroute_fanout: 16
router_opts.initial_acc_cost_chan_congestion_threshold: 0.500000
router_opts.initial_acc_cost_chan_congestion_weight: 0.500000
router_opts.do_check_rr_graph: true
router_opts.verify_binary_search: false
router_opts.min_channel_width_hint: 0
router_opts.read_rr_edge_metadata: false
router_opts.exit_after_first_routing_iteration: false
router_opts.astar_fac: 1.200000
router_opts.astar_offset: 0.000000
router_opts.router_profiler_astar_fac: 1.200000
router_opts.enable_parallel_connection_router: false
router_opts.post_target_prune_fac: 1.200000
router_opts.post_target_prune_offset: 0
router_opts.multi_queue_num_threads: 1
router_opts.multi_queue_num_queues: 2
router_opts.multi_queue_direct_draining: false
router_opts.criticality_exp: 1.000000
router_opts.max_criticality: 0.990000
router_opts.init_wirelength_abort_threshold: 0.850000
router_opts.incr_reroute_delay_ripup: AUTO
router_opts.save_routing_per_iteration: false
router_opts.congested_routing_iteration_threshold_frac: 1.000000
router_opts.high_fanout_threshold: 64
router_opts.router_debug_net: -2
router_opts.router_debug_sink_rr: -2
router_opts.router_debug_iteration: -2
router_opts.max_convergence_count: 1
router_opts.reconvergence_cpd_threshold: 0.990000
router_opts.update_lower_bound_delays: true
router_opts.first_iteration_timing_report_file: 
router_opts.route_bb_update: DYNAMIC
router_opts.lookahead_type: MAP
router_opts.initial_timing: LOOKAHEAD
router_opts.router_heap: FOUR_ARY_HEAP
router_opts.routing_failure_predictor = SAFE
router_opts.routing_predictor_min_history: 8
router_opts.routing_budgets_algorithm = DISABLE

analysis_opts.gen_post_synthesis_netlist: false
analysis_opts.gen_post_implementation_merged_netlist: false
analysis_opts.gen_post_implementation_sdc: false
analysis_opts.timing_report_npaths: 100
analysis_opts.timing_report_skew: false
analysis_opts.echo_dot_timing_graph_node: -1
analysis_opts.timing_report_detail: NETLIST
analysis_opts.post_synth_netlist_unconn_input_handling: UNCONNECTED
analysis_opts.post_synth_netlist_unconn_output_handling: UNCONNECTED
analysis_opts.post_synth_netlist_module_parameters: on

# Building complex block graph
# Building complex block graph took 0.09 seconds (max_rss 32.8 MiB, delta_rss +0.0 MiB)
Circuit file: /inspire/hdd/project/project-public/changshunjie-253114010247/changshunjie-253114010247/workspace/DAC2027/TailCompile/experiments/vtr/runs/pilot_v1/attention_layer/full-seed1-w300/attention_layer.pre-vpr.blif
# Load circuit
Found 4 constant generator(s) in the netlist (2 constant-zero, 2 constant-one) (run with --netlist_verbosity 2 to list names)
# Load circuit took 0.56 seconds (max_rss 136.1 MiB, delta_rss +103.3 MiB)
# Clean circuit
Absorbed 7975 LUT buffers
Found 1090 primitive output pin(s) driven only by constants; marked them as constants
Swept input(s)      : 7
Swept output(s)     : 0 (0 dangling, 0 constant)
Swept net(s)        : 10126
Swept block(s)      : 33
Constant Pins Marked: 1090
# Clean circuit took 0.13 seconds (max_rss 136.1 MiB, delta_rss +0.0 MiB)
# Compress circuit
# Compress circuit took 0.06 seconds (max_rss 136.1 MiB, delta_rss +0.0 MiB)
# Verify circuit
# Verify circuit took 0.02 seconds (max_rss 136.1 MiB, delta_rss +0.0 MiB)
Circuit Statistics:
  Blocks: 40113
    .input            :    1052
    .latch            :    8844
    .names            :   17218
        0-LUT:       3
        1-LUT:    5989
        2-LUT:     920
        3-LUT:    4530
        4-LUT:    3023
        5-LUT:    1163
        6-LUT:    1590
    .output           :      32
    adder             :    9150
    addition_fp_clk_16:       1
    dual_port_ram     :    3680
    multiply          :     136
  Nets  : 50065
    Avg Fanout:     2.9
    Max Fanout: 12525.0
    Min Fanout:     1.0
  Netlist Clocks: 1
# Build Timing Graph
  Timing Graph Nodes: 245193
  Timing Graph Edges: 446068
  Timing Graph Levels: 66
# Build Timing Graph took 0.23 seconds (max_rss 199.0 MiB, delta_rss +59.1 MiB)
Netlist contains 1 clocks
  Netlist Clock 'clk' Fanout: 12525 pins (6.5%), 12525 blocks (31.2%)
# Load Timing Constraints

SDC file 'attention_layer.pre-vpr.sdc' not found
Setting default timing constraints:
   * constrain all primary inputs and primary outputs on netlist clock 'clk'
   * optimize netlist clock to run as fast as possible
Timing constraints created 1 clocks
  Constrained Clock 'clk' Source: 'clk.inpad[0]'

# Load Timing Constraints took 0.00 seconds (max_rss 199.0 MiB, delta_rss +0.0 MiB)
# Analytical Placement
## Prepacker

There is one chain in this architecture called "chain" with the following starting points:
	clb[0]/lab[0]/fle[0]/ble5[0]/arithmetic[0]/adder[0].cin[0]

## Prepacker took 0.04 seconds (max_rss 199.0 MiB, delta_rss +0.0 MiB)
## Initializing Pre-Cluster Timing
Using inter-cluster delay: 2.1832e-09
## Initializing Pre-Cluster Timing took 0.39 seconds (max_rss 205.8 MiB, delta_rss +6.8 MiB)
## Estimate Device Size
Device layout 'auto' with fixed width 88.
FPGA sized to 88 x 88: 7744 grid tiles (auto)
## Estimate Device Size took 0.00 seconds (max_rss 205.8 MiB, delta_rss +0.0 MiB)
## Ram Mapper
Flat Placement is provided, skipping the RAM mapping.
## Ram Mapper took 0.00 seconds (max_rss 205.8 MiB, delta_rss +0.0 MiB)
## Read Atom Netlist to AP Netlist
## Read Atom Netlist to AP Netlist took 0.28 seconds (max_rss 275.5 MiB, delta_rss +69.7 MiB)
Analytical Placement Netlist Statistics:
	AP Blocks: 25061
		Moveable AP Blocks: 25061
		Fixed AP Blocks: 0
	AP Nets: 34982
		Average Fanout: 2.94
		Highest Fanout: 257
	AP Pins: 193913

## Computing placement delta delay look-up
### Build routing resource graph
### Build routing resource graph took 5.01 seconds (max_rss 736.2 MiB, delta_rss +460.7 MiB)
  RR Graph Nodes: 1616436
  RR Graph Edges: 15321730
### Computing router lookahead map
#### Computing wire lookahead
#### Computing wire lookahead took 5.77 seconds (max_rss 736.2 MiB, delta_rss +0.0 MiB)
#### Computing src/opin lookahead
Warning 1: Found no more sample locations for SOURCE in io
Warning 2: Found no more sample locations for OPIN in io
Warning 3: Found no more sample locations for SOURCE in clb
Warning 4: Found no more sample locations for OPIN in clb
Warning 5: Found no more sample locations for SOURCE in dsp_top
Warning 6: Found no more sample locations for OPIN in dsp_top
Warning 7: Found no more sample locations for SOURCE in memory
Warning 8: Found no more sample locations for OPIN in memory
#### Computing src/opin lookahead took 0.19 seconds (max_rss 736.2 MiB, delta_rss +0.0 MiB)
### Computing router lookahead map took 5.99 seconds (max_rss 736.2 MiB, delta_rss +0.0 MiB)
Serial Connection Router is being destroyed. Time spent on path search: 0.000 seconds.
## Computing placement delta delay look-up took 11.29 seconds (max_rss 736.2 MiB, delta_rss +460.7 MiB)
Flat Placement is provided in the AP flow, skipping the Global Placement.
0 of 25061 molecules placed at device center (no atoms of these molecules found in flat placement).
## AP Full Legalizer
### Creating Clusters
Device (width, height): (88,88)
#### Sorting and Grouping Blocks by Tile
#### Sorting and Grouping Blocks by Tile took 0.01 seconds (max_rss 736.2 MiB, delta_rss +0.0 MiB)
#### Reconstruction Pass Clustering
#### Reconstruction Pass Clustering took 57.99 seconds (max_rss 736.2 MiB, delta_rss +0.0 MiB)
#### Orphan Window Clustering with search radius 8
#### Orphan Window Clustering with search radius 8 took 0.02 seconds (max_rss 736.2 MiB, delta_rss +0.0 MiB)
FPGA sized to 88 x 88: 7744 grid tiles (auto)
Device Utilization: 0.28 (target 1.00)
	Block Utilization: 0.39 Type: io
	Block Utilization: 0.19 Type: clb
	Block Utilization: 0.85 Type: dsp_top
	Block Utilization: 0.75 Type: memory

----------------------------------------------------------------
                       Clustering Summary                       
----------------------------------------------------------------
Clusters created (Self Clustering)                       : 2605
    dsp_top    : 107
    memory     : 194
    clb        : 1220
    io         : 1084
Clusters created (Orphan Window Clustering)              : 12
    clb        : 12
Total clusters                                           : 2617
Percent of clusters created in Orphan Window Clustering  : 0.46%
Molecules clustered in each stage breakdown  : (Total of 25061)
	Self Clustering          (0.998963)  : 25035
 	Neighbor Clustering      (0.000000)  : 0
	Orphan Window Clustering (0.001037)  : 26
----------------------------------------------------------------

Final Clustering Statistics: 
----------   --------   ------------------------------------   --------------------------
Block Type   # Blocks   Avg. # of input clocks and pins used   Avg. # of output pins used
----------   --------   ------------------------------------   --------------------------
     EMPTY          0                                      0                            0   
        io       1084                              0.0295203                      0.97048   
       clb       1232                                28.0146                      15.4002   
   dsp_top        107                                40.9813                      20.1869   
    memory        194                                49.6598                      18.9691   
Absorbed logical nets 24200 out of 50065 nets, 25865 nets not absorbed.
#### Load packing
##### Loading packed FPGA netlist file.
Netlist generated from file '/inspire/hdd/project/project-public/changshunjie-253114010247/changshunjie-253114010247/workspace/DAC2027/TailCompile/vtr_work/tailcompile_v3/attention_layer/4x4/gnn_candidate-fp045f737d-flat-recon-annealer-seed11-w140-devw88/attention_layer.locked-input.net'.
Detected 3 constant generators (to see names run with higher pack verbosity)
##### Loading packed FPGA netlist file. took 2.04 seconds (max_rss 777.4 MiB, delta_rss +41.1 MiB)
Warning 9: Treated 2 constant nets as global which will not be routed (to see net names increase packer verbosity).
Netlist contains 5542 global net to non-global architecture pin connections
Found 2 logic block(s) with only 1 output pin and no inputs; they may be constant generators (run with --pack_verbosity 3 to list them)
Completed clustering consistency check successfully.
Cluster level netlist and block usage statistics
Netlist num_nets: 25865
Netlist num_blocks: 2617
Netlist EMPTY blocks: 0.
Netlist io blocks: 1084.
Netlist clb blocks: 1232.
Netlist dsp_top blocks: 107.
Netlist memory blocks: 194.
Netlist inputs pins: 1052
Netlist output pins: 32

Pb types usage...
  io                   : 1084
   inpad               : 1052
   outpad              : 32
  clb                  : 1232
   lab                 : 1232
    fle                : 11238
     ble5              : 19054
      flut5            : 9904
       lut5            : 9613
        lut            : 9613
       ff              : 8130
      arithmetic       : 9150
       lut4            : 6015
        lut            : 6015
       adder           : 9150
     ble6              : 1590
      lut6             : 1590
       lut             : 1590
      ff               : 714
  dsp_top              : 107
   dsp                 : 107
    dsp_pb             : 107
     two_mult_18x19    : 136
      mult_18x19       : 136
     adder_fp16        : 1
  memory               : 194
   mem_1024x20_dp      : 194
    memory_slice       : 3680

#### Load packing took 2.41 seconds (max_rss 777.4 MiB, delta_rss +41.1 MiB)
Netlist contains 5542 global net to non-global architecture pin connections
Found 2 logic block(s) with only 1 output pin and no inputs; they may be constant generators (run with --pack_verbosity 3 to list them)
Cluster level netlist and block usage statistics
Netlist num_nets: 25865
Netlist num_blocks: 2617
Netlist EMPTY blocks: 0.
Netlist io blocks: 1084.
Netlist clb blocks: 1232.
Netlist dsp_top blocks: 107.
Netlist memory blocks: 194.
Netlist inputs pins: 1052
Netlist output pins: 32
### Creating Clusters took 61.61 seconds (max_rss 777.4 MiB, delta_rss +41.1 MiB)
Completed clustering consistency check successfully.
FPGA sized to 88 x 88: 7744 grid tiles (auto)
### Compressed grid construction
### Compressed grid construction took 0.00 seconds (max_rss 777.4 MiB, delta_rss +0.0 MiB)
### Initial Placement
Placing clusters that are part of larger macros...
Number of blocks to be placed: 16
Max distance on device: 176
---- ---------- ---------- -------------
Pass Max Displ. Num Blocks Num Blocks   
     Threshold  Placed     Left Unplaced
---- ---------- ---------- -------------
   0          0         16             0

Placing general clusters...
Number of blocks to be placed: 2601
Max distance on device: 176
---- ---------- ---------- -------------
Pass Max Displ. Num Blocks Num Blocks   
     Threshold  Placed     Left Unplaced
---- ---------- ---------- -------------
   0          0       2591            10
   1          1          3             7
   2          2          3             4
   3          4          3             1
   4          8          1             0

### Initial Placement took 0.01 seconds (max_rss 777.4 MiB, delta_rss +0.0 MiB)
Flat Placement Reconstruction Info:
	Percent of clusters with reconstruction errors: 0.343905
	Total displacement of initial placement from flat placement: 16395.000000
	Average atom displacement of initial placement from flat placement: 0.408720
	Max atom displacement of initial placement from flat placement: 66.000000
	Percent of atoms misplaced from the flat placement: 1.822352
## AP Full Legalizer took 61.92 seconds (max_rss 777.4 MiB, delta_rss +41.1 MiB)

Resource usage...
	Netlist
		1084	blocks of type: io
	Architecture
		2752	blocks of type: io
	Netlist
		1232	blocks of type: clb
	Architecture
		6376	blocks of type: clb
	Netlist
		107	blocks of type: dsp_top
	Architecture
		126	blocks of type: dsp_top
	Netlist
		194	blocks of type: memory
	Architecture
		258	blocks of type: memory

Device Utilization: 0.28 (target 1.00)
	Physical Tile io:
	Block Utilization: 0.39 Logical Block: io
	Physical Tile clb:
	Block Utilization: 0.19 Logical Block: clb
	Physical Tile dsp_top:
	Block Utilization: 0.85 Logical Block: dsp_top
	Physical Tile memory:
	Block Utilization: 0.75 Logical Block: memory

## Computing placement delta delay look-up
RR graph channel widths unchanged, skipping RR graph rebuild
Serial Connection Router is being destroyed. Time spent on path search: 0.000 seconds.
## Computing placement delta delay look-up took 0.02 seconds (max_rss 777.4 MiB, delta_rss +0.0 MiB)
Using simple RL 'Softmax agent' for choosing move and block types

Completed placement consistency check successfully.
Initial placement cost: 1 bb_cost: 7567.73 td_cost: 1.7157e-05
Initial placement BB estimate of wirelength: 1.05907e+06
Initial placement estimated Critical Path Delay (CPD): 16.3331 ns
Initial placement estimated setup Total Negative Slack (sTNS): -125956 ns
Initial placement estimated setup Worst Negative Slack (sWNS): -16.3331 ns

Initial placement estimated setup slack histogram:
[ -1.6e-08: -1.5e-08)     1 (  0.0%) |
[ -1.5e-08: -1.3e-08)    13 (  0.0%) |
[ -1.3e-08: -1.1e-08)    41 (  0.1%) |
[ -1.1e-08: -9.9e-09)   180 (  0.3%) |
[ -9.9e-09: -8.3e-09)   332 (  0.6%) |*
[ -8.3e-09: -6.6e-09)   783 (  1.5%) |*
[ -6.6e-09:   -5e-09)  1403 (  2.7%) |**
[   -5e-09: -3.4e-09)  3094 (  5.9%) |*****
[ -3.4e-09: -1.8e-09) 28916 ( 54.8%) |*********************************************
[ -1.8e-09: -1.9e-10) 17999 ( 34.1%) |****************************
Placement contains 8 placement macros involving 16 blocks (average macro size 2.000000)

Moves per temperature: 18027
## AP Detailed Placer

---- ------ ------- ------- ---------- ---------- ------- ---------- -------- ------- ------- ------ -------- --------- ------
Tnum  Time     T    AvCost  Av BB Cost Av TD Cost   CPD      sTNS      sWNS   AcRate  StdDev  R lim  CritExp  TotMoves  Alpha 
     (sec)                                          (ns)     (ns)      (ns)                                                   
---- ------ ------- ------- ---------- ---------- ------- ---------- -------- ------- ------- ------ -------- --------- ------
   1    0.2 8.3e-04   1.005    6428.42 1.5843e-05  13.761  -1.16e+05  -13.761   0.842  0.0121   87.0     1.00      18027  1.000
   2    0.2 7.5e-04   0.992    6406.60 1.6765e-05  13.117  -1.15e+05  -13.117   0.837  0.0072   87.0     1.00      36054  0.900
   3    0.2 6.7e-04   0.983    6310.54 1.7096e-05  12.766  -1.18e+05  -12.766   0.825  0.0150   87.0     1.00      54081  0.900
   4    0.2 6.0e-04   0.967    5917.46 1.5575e-05  13.399  -1.17e+05  -13.399   0.808  0.0145   87.0     1.00      72108  0.900
   5    0.2 5.4e-04   0.962    5702.14 1.703e-05   11.810  -1.17e+05  -11.810   0.792  0.0143   87.0     1.00      90135  0.900
   6    0.2 5.2e-04   0.958    5391.85 1.7052e-05  11.392  -1.15e+05  -11.392   0.777  0.0117   87.0     1.00     108162  0.950
   7    0.2 4.9e-04   0.953    5082.16 1.5836e-05  11.973  -1.14e+05  -11.973   0.767  0.0184   87.0     1.00     126189  0.950
   8    0.2 4.7e-04   0.977    4834.95 1.5798e-05  11.280  -1.14e+05  -11.280   0.757  0.0190   87.0     1.00     144216  0.950
   9    0.2 4.4e-04   0.968    4516.33 1.418e-05   12.129  -1.12e+05  -12.129   0.748  0.0105   87.0     1.00     162243  0.950
  10    0.2 4.2e-04   0.966    4251.46 1.6155e-05  10.170  -1.11e+05  -10.170   0.740  0.0150   87.0     1.00     180270  0.950
  11    0.2 4.0e-04   0.970    4068.26 1.6229e-05   9.921  -1.13e+05   -9.921   0.727  0.0104   87.0     1.00     198297  0.950
  12    0.2 3.8e-04   0.969    3918.44 1.4404e-05  10.882   -1.1e+05  -10.882   0.714  0.0114   87.0     1.00     216324  0.950
  13    0.2 3.6e-04   0.963    3667.87 1.5514e-05   9.820  -1.12e+05   -9.820   0.706  0.0166   87.0     1.00     234351  0.950
  14    0.2 3.4e-04   0.980    3490.22 1.238e-05   11.859  -1.08e+05  -11.859   0.697  0.0080   87.0     1.00     252378  0.950
  15    0.2 3.3e-04   0.988    3465.60 1.4587e-05   9.920  -1.09e+05   -9.920   0.691  0.0069   87.0     1.00     270405  0.950
  16    0.2 3.1e-04   0.977    3353.30 1.4268e-05  10.048  -1.09e+05  -10.048   0.682  0.0076   87.0     1.00     288432  0.950
  17    0.2 2.9e-04   0.978    3252.69 1.4782e-05   9.514  -1.08e+05   -9.514   0.673  0.0078   87.0     1.00     306459  0.950
  18    0.2 2.8e-04   0.982    3169.28 1.251e-05   11.077  -1.09e+05  -11.077   0.666  0.0070   87.0     1.00     324486  0.950
  19    0.2 2.6e-04   0.988    3108.21 1.4577e-05   9.422  -1.07e+05   -9.422   0.649  0.0045   87.0     1.00     342513  0.950
  20    0.2 2.5e-04   0.982    3053.95 1.2575e-05  10.783  -1.08e+05  -10.783   0.649  0.0100   87.0     1.00     360540  0.950
  21    0.2 2.4e-04   0.985    2951.75 1.3594e-05   9.834  -1.08e+05   -9.834   0.642  0.0063   87.0     1.00     378567  0.950
  22    0.2 2.3e-04   0.998    2952.50 1.3819e-05   9.646  -1.07e+05   -9.646   0.641  0.0037   87.0     1.00     396594  0.950
  23    0.2 2.2e-04   0.987    2911.35 1.3684e-05   9.597  -1.05e+05   -9.597   0.623  0.0045   87.0     1.00     414621  0.950
  24    0.2 2.0e-04   0.987    2867.56 1.3123e-05   9.951  -1.07e+05   -9.951   0.618  0.0093   87.0     1.00     432648  0.950
  25    0.2 1.9e-04   0.990    2803.29 1.3931e-05   9.189  -1.05e+05   -9.189   0.608  0.0041   87.0     1.00     450675  0.950
  26    0.2 1.8e-04   0.987    2767.30 1.3927e-05   9.177  -1.07e+05   -9.177   0.594  0.0051   87.0     1.00     468702  0.950
  27    0.2 1.8e-04   0.988    2736.43 1.3256e-05   9.615  -1.06e+05   -9.615   0.596  0.0039   87.0     1.00     486729  0.950
  28    0.2 1.7e-04   0.985    2713.64 1.421e-05    8.890  -1.05e+05   -8.890   0.579  0.0051   87.0     1.00     504756  0.950
  29    0.2 1.6e-04   0.984    2678.64 1.3944e-05   8.982  -1.03e+05   -8.982   0.578  0.0062   87.0     1.00     522783  0.950
  30    0.2 1.5e-04   0.990    2645.28 1.3473e-05   9.222  -1.04e+05   -9.222   0.567  0.0050   87.0     1.00     540810  0.950
  31    0.2 1.4e-04   0.987    2613.78 1.4494e-05   8.500  -1.06e+05   -8.500   0.563  0.0035   87.0     1.00     558837  0.950
  32    0.2 1.4e-04   0.985    2584.28 1.3571e-05   9.003  -1.05e+05   -9.003   0.544  0.0060   87.0     1.00     576864  0.950
  33    0.2 1.3e-04   0.982    2543.60 1.3776e-05   8.754  -1.05e+05   -8.754   0.535  0.0066   87.0     1.00     594891  0.950
  34    0.2 1.2e-04   0.986    2506.05 1.3327e-05   8.981  -1.03e+05   -8.981   0.519  0.0048   87.0     1.00     612918  0.950
  35    0.2 1.2e-04   0.989    2483.50 1.3567e-05   8.755  -1.03e+05   -8.755   0.516  0.0036   87.0     1.00     630945  0.950
  36    0.2 1.1e-04   0.993    2466.81 1.3904e-05   8.472  -1.03e+05   -8.472   0.505  0.0028   87.0     1.00     648972  0.950
  37    0.2 1.1e-04   0.992    2457.15 1.3134e-05   8.976  -1.03e+05   -8.976   0.490  0.0030   87.0     1.00     666999  0.950
  38    0.2 1.0e-04   0.990    2450.74 1.3621e-05   8.623  -1.02e+05   -8.623   0.490  0.0031   87.0     1.00     685026  0.950
  39    0.2 9.5e-05   0.990    2429.83 1.3078e-05   8.939  -1.02e+05   -8.939   0.478  0.0036   87.0     1.00     703053  0.950
  40    0.2 9.0e-05   0.990    2404.45 1.3405e-05   8.656  -1.03e+05   -8.656   0.467  0.0040   87.0     1.00     721080  0.950
  41    0.2 8.6e-05   0.992    2382.35 1.3631e-05   8.418  -1.02e+05   -8.418   0.453  0.0031   87.0     1.00     739107  0.950
  42    0.2 8.1e-05   0.992    2355.14 1.3717e-05   8.300  -1.02e+05   -8.300   0.442  0.0050   87.0     1.00     757134  0.950
  43    0.2 7.7e-05   0.991    2345.04 1.2793e-05   8.863  -1.02e+05   -8.863   0.437  0.0031   87.0     1.00     775161  0.950
  44    0.2 7.3e-05   0.992    2318.90 1.191e-05    9.261  -1.02e+05   -9.261   0.417  0.0031   86.7     1.02     793188  0.950
  45    0.2 7.0e-05   0.990    2309.18 1.0814e-05   8.889  -1.02e+05   -8.889   0.404  0.0029   84.8     1.18     811215  0.950
  46    0.2 6.6e-05   0.987    2280.66 8.7055e-06   8.889  -1.01e+05   -8.889   0.398  0.0057   81.7     1.43     829242  0.950
  47    0.2 6.3e-05   0.993    2259.21 7.2844e-06   8.624  -1.02e+05   -8.624   0.388  0.0039   78.3     1.71     847269  0.950
  48    0.2 6.0e-05   0.992    2248.27 6.2604e-06   8.283  -1.02e+05   -8.283   0.383  0.0049   74.2     2.04     865296  0.950
  49    0.2 5.7e-05   0.992    2232.94 4.817e-06    8.398  -1.01e+05   -8.398   0.372  0.0050   69.9     2.39     883323  0.950
  50    0.2 5.4e-05   0.990    2206.05 4.0993e-06   8.165  -1.02e+05   -8.165   0.356  0.0051   65.1     2.78     901350  0.950
  51    0.2 5.1e-05   0.991    2189.18 3.3358e-06   8.068  -1.01e+05   -8.068   0.356  0.0046   59.7     3.23     919377  0.950
  52    0.2 4.9e-05   0.994    2165.64 2.5719e-06   8.134  -1.03e+05   -8.134   0.344  0.0029   54.7     3.63     937404  0.950
  53    0.2 4.6e-05   0.997    2155.06 2.1353e-06   8.096  -1.02e+05   -8.096   0.339  0.0021   49.4     4.06     955431  0.950
  54    0.2 4.4e-05   0.991    2131.48 1.5654e-06   8.333  -1.06e+05   -8.333   0.324  0.0038   44.4     4.47     973458  0.950
  55    0.2 4.2e-05   0.994    2118.31 1.6362e-06   7.879  -1.04e+05   -7.879   0.319  0.0031   39.2     4.89     991485  0.950
  56    0.2 4.0e-05   0.995    2102.08 1.3689e-06   7.909  -1.05e+05   -7.909   0.313  0.0028   34.5     5.28    1009512  0.950
  57    0.2 3.8e-05   0.995    2086.74 1.1364e-06   7.939  -1.05e+05   -7.939   0.304  0.0017   30.1     5.63    1027539  0.950
  58    0.2 3.6e-05   0.996    2080.35 1.0267e-06   7.879  -1.04e+05   -7.879   0.292  0.0024   26.0     5.96    1045566  0.950
  59    0.2 3.4e-05   0.995    2063.85 8.1755e-07   8.032  -1.09e+05   -8.032   0.284  0.0017   22.2     6.28    1063593  0.950
  60    0.2 3.2e-05   0.995    2055.77 7.4779e-07   8.032  -1.07e+05   -8.032   0.286  0.0016   18.7     6.56    1081620  0.950
  61    0.2 3.1e-05   0.994    2044.51 6.7613e-07   8.062  -1.07e+05   -8.062   0.282  0.0019   15.8     6.79    1099647  0.950
  62    0.2 2.9e-05   0.996    2034.80 6.1394e-07   8.062  -1.02e+05   -8.062   0.280  0.0022   13.3     7.00    1117674  0.950
  63    0.2 2.8e-05   0.995    2020.48 6.1411e-07   7.968  -1.04e+05   -7.968   0.288  0.0021   11.2     7.17    1135701  0.950
  64    0.2 2.6e-05   0.995    2005.40 6.0189e-07   7.909  -1.04e+05   -7.909   0.288  0.0019    9.5     7.31    1153728  0.950
  65    0.2 2.5e-05   0.997    1998.93 5.7553e-07   7.909  -1.03e+05   -7.909   0.277  0.0017    8.1     7.43    1171755  0.950
  66    0.2 2.4e-05   0.996    1988.55 5.2181e-07   7.968  -1.06e+05   -7.968   0.268  0.0016    6.7     7.53    1189782  0.950
  67    0.2 2.3e-05   0.996    1975.41 4.8129e-07   7.973  -1.05e+05   -7.973   0.266  0.0021    5.6     7.63    1207809  0.950
  68    0.2 2.1e-05   0.997    1965.72 4.7396e-07   7.973  -1.05e+05   -7.973   0.267  0.0018    4.6     7.71    1225836  0.950
  69    0.2 2.0e-05   0.997    1955.02 4.5881e-07   7.973  -1.04e+05   -7.973   0.254  0.0017    3.8     7.77    1243863  0.950
  70    0.2 1.9e-05   0.997    1943.35 4.4307e-07   7.973  -1.04e+05   -7.973   0.245  0.0011    3.1     7.83    1261890  0.950
  71    0.2 1.8e-05   0.998    1937.80 4.2704e-07   7.968  -1.04e+05   -7.968   0.249  0.0010    2.5     7.88    1279917  0.950
  72    0.2 1.7e-05   0.998    1932.62 4.2553e-07   7.968  -1.03e+05   -7.968   0.248  0.0007    2.0     7.92    1297944  0.950
  73    0.2 1.7e-05   0.998    1930.94 4.4172e-07   7.909  -1.04e+05   -7.909   0.259  0.0006    1.6     7.95    1315971  0.950
  74    0.2 1.6e-05   0.998    1926.78 4.073e-07    7.968  -1.02e+05   -7.968   0.251  0.0010    1.3     7.97    1333998  0.950
  75    0.2 1.5e-05   0.999    1922.66 3.9997e-07   7.968  -1.03e+05   -7.968   0.245  0.0005    1.1     7.99    1352025  0.950
  76    0.2 1.4e-05   0.999    1920.47 4.2562e-07   7.909  -1.02e+05   -7.909   0.234  0.0005    1.0     8.00    1370052  0.950
  77    0.2 1.4e-05   0.998    1915.78 4.0252e-07   7.968  -1.03e+05   -7.968   0.234  0.0005    1.0     8.00    1388079  0.950
  78    0.2 1.3e-05   0.998    1910.91 4.0139e-07   7.968  -1.03e+05   -7.968   0.218  0.0010    1.0     8.00    1406106  0.950
  79    0.2 1.2e-05   0.999    1907.40 4.2953e-07   7.909  -1.03e+05   -7.909   0.213  0.0004    1.0     8.00    1424133  0.950
  80    0.2 1.2e-05   0.999    1907.73 3.9905e-07   7.968  -1.01e+05   -7.968   0.212  0.0005    1.0     8.00    1442160  0.950
  81    0.2 1.1e-05   0.999    1904.06 4.0119e-07   7.968  -1.01e+05   -7.968   0.203  0.0007    1.0     8.00    1460187  0.950
  82    0.2 1.0e-05   0.999    1901.29 4.2233e-07   7.909  -1.01e+05   -7.909   0.199  0.0005    1.0     8.00    1478214  0.950
  83    0.2 9.9e-06   0.999    1899.63 3.9574e-07   7.968  -1.01e+05   -7.968   0.195  0.0003    1.0     8.00    1496241  0.950
  84    0.2 9.4e-06   0.999    1897.60 3.9386e-07   7.973  -1.01e+05   -7.973   0.189  0.0005    1.0     8.00    1514268  0.950
  85    0.2 9.0e-06   0.999    1895.20 4.134e-07    7.909  -1.01e+05   -7.909   0.188  0.0006    1.0     8.00    1532295  0.950
  86    0.2 8.5e-06   0.999    1892.35 3.8994e-07   7.968     -1e+05   -7.968   0.178  0.0003    1.0     8.00    1550322  0.950
  87    0.2 8.1e-06   0.999    1890.64 4.1331e-07   7.909  -1.02e+05   -7.909   0.178  0.0006    1.0     8.00    1568349  0.950
  88    0.2 7.7e-06   1.000    1889.18 3.8692e-07   7.968  -1.02e+05   -7.968   0.175  0.0002    1.0     8.00    1586376  0.950
  89    0.2 7.3e-06   0.999    1888.40 3.8629e-07   7.968  -1.01e+05   -7.968   0.172  0.0003    1.0     8.00    1604403  0.950
  90    0.2 6.9e-06   1.000    1885.95 3.875e-07    7.968  -1.01e+05   -7.968   0.165  0.0003    1.0     8.00    1622430  0.950
  91    0.2 6.6e-06   0.999    1883.33 4.2126e-07   7.879  -1.02e+05   -7.879   0.164  0.0004    1.0     8.00    1640457  0.950
  92    0.2 6.3e-06   1.000    1882.21 4.0743e-07   7.909  -1.02e+05   -7.909   0.163  0.0002    1.0     8.00    1658484  0.950
  93    0.2 6.0e-06   1.000    1881.03 4.0679e-07   7.909  -1.02e+05   -7.909   0.164  0.0002    1.0     8.00    1676511  0.950
  94    0.2 5.7e-06   1.000    1879.64 4.1804e-07   7.879  -1.02e+05   -7.879   0.158  0.0002    1.0     8.00    1694538  0.950
  95    0.2 5.4e-06   1.000    1879.28 4.0713e-07   7.909  -1.03e+05   -7.909   0.158  0.0002    1.0     8.00    1712565  0.950
  96    0.2 5.1e-06   1.000    1878.41 4.1878e-07   7.879  -1.03e+05   -7.879   0.153  0.0001    1.0     8.00    1730592  0.950
  97    0.2 4.8e-06   1.000    1877.52 4.1906e-07   7.879  -1.03e+05   -7.879   0.149  0.0002    1.0     8.00    1748619  0.950
Agent's 2nd state: 
  98    0.2 3.9e-06   1.000    1877.72 4.0747e-07   7.909  -1.03e+05   -7.909   0.147  0.0001    1.0     8.00    1766646  0.800
Checkpoint saved: bb_costs=1877.59, TD costs=4.07279e-07, CPD=  7.909 (ns) 
  99    0.2 3.1e-06   1.000    1876.83 4.0716e-07   7.909  -1.03e+05   -7.909   0.103  0.0002    1.0     8.00    1784673  0.800
 100    0.2 2.5e-06   1.000    1875.34 4.07e-07     7.909  -1.03e+05   -7.909   0.102  0.0002    1.0     8.00    1802700  0.800
 101    0.2 2.0e-06   1.000    1874.13 4.0846e-07   7.909  -1.03e+05   -7.909   0.099  0.0002    1.0     8.00    1820727  0.800
 102    0.2 1.6e-06   1.000    1873.41 4.0705e-07   7.909  -1.03e+05   -7.909   0.093  0.0001    1.0     8.00    1838754  0.800
 103    0.2 1.3e-06   1.000    1872.62 4.0704e-07   7.909  -1.03e+05   -7.909   0.089  0.0001    1.0     8.00    1856781  0.800
 104    0.2 1.0e-06   1.000    1872.38 4.0703e-07   7.909  -1.04e+05   -7.909   0.093  0.0001    1.0     8.00    1874808  0.800
 105    0.2 8.1e-07   1.000    1872.29 4.048e-07    7.909  -1.04e+05   -7.909   0.089  0.0001    1.0     8.00    1892835  0.800
 106    0.2 6.5e-07   1.000    1871.93 4.0626e-07   7.909  -1.03e+05   -7.909   0.086  0.0001    1.0     8.00    1910862  0.800
 107    0.2 5.2e-07   1.000    1871.48 4.0467e-07   7.909  -1.03e+05   -7.909   0.085  0.0001    1.0     8.00    1928889  0.800
 108    0.2 4.2e-07   1.000    1871.40 4.0615e-07   7.909  -1.02e+05   -7.909   0.083  0.0001    1.0     8.00    1946916  0.800
 109    0.2 3.3e-07   1.000    1870.98 4.0459e-07   7.909  -1.02e+05   -7.909   0.086  0.0001    1.0     8.00    1964943  0.800
 110    0.2 2.7e-07   1.000    1871.08 4.0588e-07   7.909  -1.02e+05   -7.909   0.083  0.0001    1.0     8.00    1982970  0.800
 111    0.2 2.1e-07   1.000    1870.75 4.0432e-07   7.909  -1.02e+05   -7.909   0.080  0.0001    1.0     8.00    2000997  0.800
 112    0.2 0.0e+00   1.000    1870.78 4.0579e-07   7.909  -1.02e+05   -7.909   0.042  0.0001    1.0     8.00    2019024  0.800
### Placement Quench took 0.18 seconds (max_rss 777.4 MiB)
post-quench CPD = 7.90888 (ns) 

Completed placement consistency check successfully.

Swaps called: 2021641

Aborted Move Reasons:
  duplicate block move to location: 36
  macro_from swap to location illegal: 940

BB estimate of min-dist (placement) wire length: 261729

Placement estimated critical path delay (least slack): 7.90888 ns, Fmax: 126.44 MHz
Placement estimated critical path skew: -0.04243 ns
Placement estimated setup Worst Negative Slack (sWNS): -7.90888 ns
Placement estimated setup Total Negative Slack (sTNS): -101996 ns
Placement estimated setup Worst Skew (sWS): -0.04243 ns

Placement estimated setup slack histogram:
[ -7.9e-09: -7.1e-09)     5 (  0.0%) |
[ -7.1e-09: -6.4e-09)    83 (  0.2%) |
[ -6.4e-09: -5.6e-09)   242 (  0.5%) |*
[ -5.6e-09: -4.8e-09)   455 (  0.9%) |*
[ -4.8e-09: -4.1e-09)   453 (  0.9%) |*
[ -4.1e-09: -3.3e-09)  2070 (  3.9%) |*****
[ -3.3e-09: -2.5e-09)  6051 ( 11.5%) |***************
[ -2.5e-09: -1.7e-09) 18735 ( 35.5%) |*********************************************
[ -1.7e-09: -9.7e-10) 18417 ( 34.9%) |********************************************
[ -9.7e-10: -1.9e-10)  6251 ( 11.8%) |***************

Placement estimated geomean non-virtual intra-domain period: 7.90888 ns (126.44 MHz)
Placement estimated fanout-weighted geomean non-virtual intra-domain period: 7.90888 ns (126.44 MHz)

Placement cost: 0.999672, bb_cost: 1870.72, td_cost: 4.04721e-07, 

Placement resource usage:
  io      implemented as io     : 1084
  clb     implemented as clb    : 1232
  dsp_top implemented as dsp_top: 107
  memory  implemented as memory : 194

Placement number of temperatures: 112
Placement total # of swap attempts: 2021641
	Swaps accepted:  767137 (37.9 %)
	Swaps rejected: 1244547 (61.6 %)
	Swaps aborted:    9957 ( 0.5 %)


Placement perturbation distribution by block and move type: 
------------------ ----------------- ---------------- ---------------- --------------- ------------ 
    Block Type         Move Type       (%) of Total      Accepted(%)     Rejected(%)    Aborted(%)
------------------ ----------------- ---------------- ---------------- --------------- ------------ 
io                 Uniform                9.82             55.91           44.09          0.00         
                   Median                 9.78             62.64           36.54          0.82         
                   Centroid               9.78             63.12           36.88          0.00         
                   W. Centroid            9.78             63.12           36.88          0.00         
                   W. Median              0.73             25.56           73.60          0.84         

clb                Uniform                11.13            7.18            92.72          0.10         
                   Median                 11.22            36.96           62.23          0.81         
                   Centroid               11.13            34.60           65.32          0.08         
                   W. Centroid            11.16            35.10           64.81          0.10         
                   W. Median              0.85             2.62            96.46          0.92         
                   Crit. Uniform          1.77             0.03            99.97          0.00         
                   Feasible Region        1.78             0.12            99.88          0.00         

dsp_top            Uniform                0.98             2.04            97.96          0.00         
                   Median                 0.96             4.96            90.16          4.88         
                   Centroid               0.96             4.35            90.85          4.81         
                   W. Centroid            0.95             4.64            90.54          4.81         
                   W. Median              0.07             0.00            90.11          9.89         

memory             Uniform                1.77             8.36            91.64          0.00         
                   Median                 1.75             16.33           79.03          4.63         
                   Centroid               1.74             13.38           84.60          2.02         
                   W. Centroid            1.76             13.33           86.64          0.03         
                   W. Median              0.13             2.47            86.59          10.94        


Placement Quench timing analysis took 0.044216 seconds (0.0379112 STA, 0.00630475 slack) (1 full updates: 1 setup, 0 hold, 0 combined).
Placement Total  timing analysis took 5.8535 seconds (4.82816 STA, 1.02534 slack) (114 full updates: 114 setup, 0 hold, 0 combined).
update_td_costs: connections 0.0493657 nets 0 sum_nets 0.0207954 total 0.0703933
## AP Detailed Placer took 19.94 seconds (max_rss 787.7 MiB, delta_rss +10.4 MiB)
Incr Slack updates 114 in 0.194561 sec
Full Max Req/Worst Slack updates 51 in 0.0561158 sec
Incr Max Req/Worst Slack updates 63 in 0.0927538 sec
Incr Criticality updates 29 in 0.0910755 sec
Full Criticality updates 85 in 0.458872 sec
Incr Slack updates 1 in 0.00174701 sec
Full Max Req/Worst Slack updates 1 in 0.00118781 sec
Incr Max Req/Worst Slack updates 0 in 0 sec
Incr Criticality updates 0 in 0 sec
Full Criticality updates 1 in 0.00589686 sec
# Analytical Placement took 94.56 seconds (max_rss 787.7 MiB, delta_rss +588.7 MiB)


# Routing
RR graph channel widths unchanged, skipping RR graph rebuild
## Initializing router criticalities
Initial Net Connection Criticality Histogram:
[        0:      0.1) 7105 ( 14.6%) |****************************************
[      0.1:      0.2) 8085 ( 16.6%) |**********************************************
[      0.2:      0.3) 7184 ( 14.8%) |*****************************************
[      0.3:      0.4) 3457 (  7.1%) |********************
[      0.4:      0.5) 6429 ( 13.2%) |*************************************
[      0.5:      0.6) 7276 ( 15.0%) |*****************************************
[      0.6:      0.7) 5666 ( 11.7%) |********************************
[      0.7:      0.8) 2421 (  5.0%) |**************
[      0.8:      0.9)  787 (  1.6%) |****
[      0.9:        1)  155 (  0.3%) |*
## Initializing router criticalities took 0.64 seconds (max_rss 787.7 MiB, delta_rss +0.0 MiB)
---- ------ ------- ---- ------- ------- ------- ----------------- --------------- -------- ---------- ---------- ---------- ---------- --------
Iter   Time    pres  BBs    Heap  Re-Rtd  Re-Rtd Overused RR Nodes      Wirelength      CPD       sTNS       sWNS       hTNS       hWNS Est Succ
      (sec)     fac Updt    push    Nets   Conns                                       (ns)       (ns)       (ns)       (ns)       (ns)     Iter
---- ------ ------- ---- ------- ------- ------- ----------------- --------------- -------- ---------- ---------- ---------- ---------- --------
   1    1.0     0.0    0 5942268   25862   41715   23287 ( 1.441%)  414160 (19.8%)   10.589 -1.720e+05    -10.589      0.000      0.000      N/A
   2    1.0     0.5    0 5534620   18925   33272   11189 ( 0.692%)  411523 (19.6%)    7.983 -1.460e+05     -7.983      0.000      0.000      N/A
   3    0.8     0.6    0 4303550   13211   24505    9329 ( 0.577%)  417491 (19.9%)    7.880 -1.441e+05     -7.880      0.000      0.000      N/A
   4    0.7     0.8    0 3734558   11031   21307    7295 ( 0.451%)  420872 (20.1%)    7.880 -1.428e+05     -7.880      0.000      0.000      N/A
   5    0.6     1.1    0 2893738    8964   17727    5315 ( 0.329%)  425556 (20.3%)    7.880 -1.423e+05     -7.880      0.000      0.000      N/A
   6    0.5     1.4    0 2093574    6931   14118    3951 ( 0.244%)  428531 (20.5%)    7.777 -1.428e+05     -7.777      0.000      0.000      N/A
   7    0.4     1.9    0 1405573    5408   11274    2808 ( 0.174%)  432110 (20.6%)    7.777 -1.430e+05     -7.777      0.000      0.000      N/A
   8    0.3     2.4    0  881621    3882    8569    1887 ( 0.117%)  434976 (20.8%)    7.819 -1.436e+05     -7.819      0.000      0.000      N/A
   9    0.2     3.1    0  571318    2698    6114    1254 ( 0.078%)  437838 (20.9%)    7.819 -1.435e+05     -7.819      0.000      0.000       29
  10    0.2     4.1    0  423793    1824    4343     759 ( 0.047%)  440233 (21.0%)    7.880 -1.437e+05     -7.880      0.000      0.000       26
  11    0.2     5.3    0  253194    1057    2595     419 ( 0.026%)  441859 (21.1%)    7.819 -1.437e+05     -7.819      0.000      0.000       25
  12    0.2     6.9    0  159926     616    1538     218 ( 0.013%)  442891 (21.1%)    7.819 -1.437e+05     -7.819      0.000      0.000       23
  13    0.1     9.0    0  100994     319     775      98 ( 0.006%)  443625 (21.2%)    7.819 -1.438e+05     -7.819      0.000      0.000       22
  14    0.1    11.6    0   58482     158     394      31 ( 0.002%)  444121 (21.2%)    7.819 -1.438e+05     -7.819      0.000      0.000       20
  15    0.1    15.1    0   22647      63     157      16 ( 0.001%)  444197 (21.2%)    7.819 -1.438e+05     -7.819      0.000      0.000       19
  16    0.1    19.7    0   15224      39      91       4 ( 0.000%)  444305 (21.2%)    7.819 -1.438e+05     -7.819      0.000      0.000       18
  17    0.1    25.6    0    4636      19      43       2 ( 0.000%)  444321 (21.2%)    7.819 -1.438e+05     -7.819      0.000      0.000       18
  18    0.1    33.3    0    5217      18      43       0 ( 0.000%)  444326 (21.2%)    7.819 -1.438e+05     -7.819      0.000      0.000      N/A
Restoring best routing
Critical path: 7.81926 ns
Successfully routed after 18 routing iterations.
Final Net Connection Criticality Histogram:
[        0:      0.1) 7375 ( 15.2%) |***********************************
[      0.1:      0.2) 4852 ( 10.0%) |***********************
[      0.2:      0.3) 7542 ( 15.5%) |************************************
[      0.3:      0.4) 4897 ( 10.1%) |***********************
[      0.4:      0.5) 4556 (  9.4%) |**********************
[      0.5:      0.6) 9599 ( 19.8%) |**********************************************
[      0.6:      0.7) 5614 ( 11.6%) |***************************
[      0.7:      0.8) 2800 (  5.8%) |*************
[      0.8:      0.9) 1085 (  2.2%) |*****
[      0.9:        1)  245 (  0.5%) |*
Router Stats: total_nets_routed: 101025 total_connections_routed: 188580 total_heap_pushes: 28404933 total_heap_pops: 7841047 
Serial Connection Router is being destroyed. Time spent on path search: 3.693 seconds.
# Routing took 7.74 seconds (max_rss 812.7 MiB, delta_rss +25.0 MiB)

Checking to ensure routing is legal...
# Checking to ensure non-configurable edges are legal
# Checking to ensure non-configurable edges are legal took 0.07 seconds (max_rss 812.7 MiB, delta_rss +0.0 MiB)
Completed routing consistency check successfully.

Serial number (magic cookie) for the routing is: 1865165240
Circuit successfully routed with a channel width factor of 140.
Incr Slack updates 19 in 0.0320704 sec
Full Max Req/Worst Slack updates 5 in 0.00566844 sec
Incr Max Req/Worst Slack updates 14 in 0.0212189 sec
Incr Criticality updates 11 in 0.0328422 sec
Full Criticality updates 8 in 0.0521005 sec
# Synchronize the packed netlist to routing optimization
## Annotating rr_node with routed nets
## Annotating rr_node with routed nets took 0.01 seconds (max_rss 812.7 MiB, delta_rss +0.0 MiB)
Found 43952 mismatches between routing and packing results.
Fixed 30720 routing traces due to mismatch between routing and packing results.
# Synchronize the packed netlist to routing optimization took 0.29 seconds (max_rss 812.7 MiB, delta_rss +0.0 MiB)
Final Clustering Statistics: 
----------   --------   ------------------------------------   --------------------------
Block Type   # Blocks   Avg. # of input clocks and pins used   Avg. # of output pins used
----------   --------   ------------------------------------   --------------------------
     EMPTY          0                                      0                            0   
        io       1084                              0.0295203                      0.97048   
       clb       1232                                28.0146                      15.4002   
   dsp_top        107                                40.9813                      20.1869   
    memory        194                                49.6598                      18.9691   
Absorbed logical nets 24200 out of 50065 nets, 25865 nets not absorbed.


Average number of bends per net: 1.71445  Maximum # of bends: 296

Number of global nets: 3
Number of routed nets (nonglobal): 25862
Wire length results (in units of 1 clb segments)...
	Total wirelength: 444326, average net length: 17.1807
	Maximum net length: 2406

Wire length results in terms of physical segments...
	Total wiring segments used: 98962, average wire segments per net: 3.82654
	Maximum segments used by a net: 525
	Total local nets with reserved CLB opins: 0
Total number of nets absorbed: 8

Routing channel utilization histogram:
[        1:      inf)    0 (  0.0%) |
[      0.9:        1)    0 (  0.0%) |
[      0.8:      0.9)    0 (  0.0%) |
[      0.7:      0.8)  346 (  2.3%) |***
[      0.5:      0.6)  817 (  5.4%) |*******
[      0.4:      0.5) 1348 (  8.9%) |***********
[      0.3:      0.4) 1768 ( 11.7%) |***************
[      0.2:      0.3) 2301 ( 15.2%) |*******************
[      0.1:      0.2) 3056 ( 20.2%) |**************************
[        0:      0.1) 5502 ( 36.3%) |**********************************************
Maximum routing channel utilization:      0.79 at (22,56)

X - Directed channels: layer   y   max occ   ave occ   ave cap
                        ----- ---- -------- -------- --------
                            0    0       64   37.953      140
                            0    1       11    1.349      140
                            0    2       20    2.465      140
                            0    3       44    5.349      140
                            0    4       61    7.721      140
                            0    5       44    5.767      140
                            0    6       38    7.907      140
                            0    7       50   13.116      140
                            0    8       50   14.453      140
                            0    9       51   12.279      140
                            0   10       45   14.267      140
                            0   11       53   19.640      140
                            0   12       58   21.570      140
                            0   13       53   24.895      140
                            0   14       60   26.779      140
                            0   15       67   29.535      140
                            0   16       55   26.558      140
                            0   17       60   24.826      140
                            0   18       69   27.093      140
                            0   19       61   22.593      140
                            0   20       58   18.570      140
                            0   21       49   16.779      140
                            0   22       53   15.430      140
                            0   23       55   20.651      140
                            0   24       58   22.837      140
                            0   25       62   19.988      140
                            0   26       61   24.849      140
                            0   27       76   29.686      140
                            0   28       64   28.291      140
                            0   29       86   32.709      140
                            0   30       91   33.977      140
                            0   31       71   30.605      140
                            0   32       77   30.477      140
                            0   33       73   31.012      140
                            0   34       76   33.779      140
                            0   35       83   35.384      140
                            0   36       91   37.151      140
                            0   37       78   41.860      140
                            0   38       87   39.384      140
                            0   39       67   26.535      140
                            0   40       71   25.000      140
                            0   41       81   20.035      140
                            0   42       71   23.837      140
                            0   43       75   28.058      140
                            0   44       79   29.488      140
                            0   45       83   35.302      140
                            0   46       85   41.209      140
                            0   47       91   41.221      140
                            0   48       99   44.744      140
                            0   49      102   46.477      140
                            0   50       95   42.453      140
                            0   51       92   41.628      140
                            0   52       86   43.070      140
                            0   53       82   45.442      140
                            0   54       89   45.267      140
                            0   55       89   45.291      140
                            0   56       85   41.872      140
                            0   57      100   42.395      140
                            0   58      108   40.849      140
                            0   59       98   37.709      140
                            0   60       94   40.093      140
                            0   61       97   42.233      140
                            0   62       96   47.442      140
                            0   63       82   49.907      140
                            0   64       93   46.907      140
                            0   65       85   48.349      140
                            0   66       99   53.686      140
                            0   67       89   49.919      140
                            0   68       90   45.535      140
                            0   69       88   40.116      140
                            0   70       76   28.442      140
                            0   71       65   24.942      140
                            0   72       79   26.744      140
                            0   73       68   25.488      140
                            0   74       79   27.802      140
                            0   75       73   25.581      140
                            0   76       79   25.907      140
                            0   77       68   21.953      140
                            0   78       67   17.488      140
                            0   79       50   11.047      140
                            0   80       42    8.395      140
                            0   81       33    6.047      140
                            0   82       13    3.488      140
                            0   83       13    2.721      140
                            0   84        8    1.860      140
                            0   85        3    0.791      140
                            0   86       48   26.640      140
Y - Directed channels: layer   x   max occ   ave occ   ave cap
                        ----- ---- -------- -------- --------
                            0    0       95   26.756      140
                            0    1       57   25.977      140
                            0    2       66   32.291      140
                            0    3       29   12.093      140
                            0    4       61   18.326      140
                            0    5       81   35.186      140
                            0    6       84   31.035      140
                            0    7       71   23.488      140
                            0    8       57   19.023      140
                            0    9       57   12.326      140
                            0   10       30    6.686      140
                            0   11       16    3.814      140
                            0   12       24    3.442      140
                            0   13       39    5.465      140
                            0   14       39   13.081      140
                            0   15       37   16.523      140
                            0   16       47   18.198      140
                            0   17       73   44.395      140
                            0   18       86   51.744      140
                            0   19       96   37.233      140
                            0   20      108   45.872      140
                            0   21      103   64.558      140
                            0   22      110   59.884      140
                            0   23      101   41.349      140
                            0   24       86   31.465      140
                            0   25       89   29.395      140
                            0   26       97   28.895      140
                            0   27      101   28.802      140
                            0   28       94   25.826      140
                            0   29       92   28.337      140
                            0   30       97   36.907      140
                            0   31       92   36.512      140
                            0   32       87   34.221      140
                            0   33       96   58.430      140
                            0   34       86   59.477      140
                            0   35       86   41.279      140
                            0   36       78   38.314      140
                            0   37       91   54.174      140
                            0   38      104   58.233      140
                            0   39       81   44.860      140
                            0   40       86   37.651      140
                            0   41       84   35.500      140
                            0   42       87   35.430      140
                            0   43       86   29.512      140
                            0   44       80   20.058      140
                            0   45       84   21.872      140
                            0   46       70   31.512      140
                            0   47       77   35.814      140
                            0   48       78   36.442      140
                            0   49       89   57.942      140
                            0   50       96   64.640      140
                            0   51       86   47.116      140
                            0   52       94   53.314      140
                            0   53      103   66.547      140
                            0   54       97   52.907      140
                            0   55       56   23.349      140
                            0   56       52   19.837      140
                            0   57       46   14.035      140
                            0   58       46   16.267      140
                            0   59       71   19.267      140
                            0   60       72   19.791      140
                            0   61       71   22.488      140
                            0   62       72   27.128      140
                            0   63       57   31.047      140
                            0   64       72   34.430      140
                            0   65       87   56.814      140
                            0   66       99   59.453      140
                            0   67       89   40.744      140
                            0   68       97   53.279      140
                            0   69      106   59.814      140
                            0   70       85   41.105      140
                            0   71       55   16.907      140
                            0   72       47   13.547      140
                            0   73       27    6.372      140
                            0   74       23    7.105      140
                            0   75       13    5.465      140
                            0   76       11    3.651      140
                            0   77       27    7.500      140
                            0   78       50   15.988      140
                            0   79       40   17.733      140
                            0   80       50   13.547      140
                            0   81       72   35.267      140
                            0   82       89   41.930      140
                            0   83       63   25.593      140
                            0   84       65   27.570      140
                            0   85       75   30.826      140
                            0   86       49   21.663      140

Total existing wires segments: CHANX   1047480, CHANY   1047480, CHANZ         0, ALL   2094960
Total used wires segments:     CHANX    208717, CHANY    235609, CHANZ         0, ALL    444326
Usage percentage:              CHANX     19.9%, CHANY     22.5%, CHANZ      0.0%, ALL     21.2%

Logic area (in minimum width transistor areas, excludes I/Os and empty grid tiles)...
	Total logic block area (Warning, need to add pitch of routing to blocks with height > 3): 2.4541e+08
	Total used logic block area: 8.82398e+07

Routing area (in minimum width transistor areas)...
	Total routing area: 8.67194e+07, per logic tile: 11198.3

Total Number of Wiring Segments by Direction: direction length number
                                              --------- ------ -------
                                                      X      4 236160
                                                      Y      4 236160
                                                      X     16   9876
                                                      Y     16   9876

X - Directed Wiring Segment usage by length: length utilization
                                             ------ -----------
                                             4       0.194
                                            16       0.177

Y - Directed Wiring Segment usage by length: length utilization
                                             ------ -----------
                                             4       0.207
                                            16       0.266

Segment occupancy by length: Length Occupancy Capacity Utilization
                             ------ --------- -------- -----------
                             L4         94586   472320         0.2
                             L16         4376    19752       0.222

Segment occupancy by type: name type utilization
                           ---- ---- -----------
                             L4    0         0.2
                            L16    1       0.222

Final hold Worst Negative Slack (hWNS): 0 ns
Final hold Total Negative Slack (hTNS): 0 ns
Final hold Worst Skew (hWS): 0 ns

Final hold slack histogram:
[  4.1e-11:  6.5e-10)  3479 (  6.6%) |***************
[  6.5e-10:  1.3e-09)  8545 ( 16.2%) |**************************************
[  1.3e-09:  1.9e-09)  7537 ( 14.3%) |**********************************
[  1.9e-09:  2.5e-09)  9158 ( 17.4%) |*****************************************
[  2.5e-09:  3.1e-09) 10105 ( 19.2%) |*********************************************
[  3.1e-09:  3.7e-09)  7067 ( 13.4%) |*******************************
[  3.7e-09:  4.3e-09)  3861 (  7.3%) |*****************
[  4.3e-09:  4.9e-09)  2058 (  3.9%) |*********
[  4.9e-09:  5.5e-09)   792 (  1.5%) |****
[  5.5e-09:  6.1e-09)   160 (  0.3%) |*

Final critical path delay (least slack): 7.81926 ns, Fmax: 127.889 MHz
Final critical path skew: -0.04243 ns
Final setup Worst Negative Slack (sWNS): -7.81926 ns
Final setup Total Negative Slack (sTNS): -143790 ns
Final setup Worst Skew (sWS): -0.04243 ns

Final setup slack histogram:
[ -7.8e-09: -7.1e-09)    39 (  0.1%) |
[ -7.1e-09: -6.3e-09)   134 (  0.3%) |
[ -6.3e-09: -5.5e-09)   603 (  1.1%) |**
[ -5.5e-09: -4.8e-09)  1619 (  3.1%) |*****
[ -4.8e-09:   -4e-09)  5929 ( 11.2%) |******************
[   -4e-09: -3.2e-09)  7570 ( 14.3%) |************************
[ -3.2e-09: -2.5e-09) 12596 ( 23.9%) |***************************************
[ -2.5e-09: -1.7e-09) 14490 ( 27.5%) |*********************************************
[ -1.7e-09: -9.6e-10)  5077 (  9.6%) |****************
[ -9.6e-10: -1.9e-10)  4705 (  8.9%) |***************

Final geomean non-virtual intra-domain period: 7.81926 ns (127.889 MHz)
Final fanout-weighted geomean non-virtual intra-domain period: 7.81926 ns (127.889 MHz)

Incr Slack updates 1 in 0.00171719 sec
Full Max Req/Worst Slack updates 1 in 0.00117913 sec
Incr Max Req/Worst Slack updates 0 in 0 sec
Incr Criticality updates 0 in 0 sec
Full Criticality updates 1 in 0.00653816 sec
Flow timing analysis took 9.19083 seconds (7.85686 STA, 1.33397 slack) (135 full updates: 115 setup, 0 hold, 20 combined).
VPR succeeded
The entire flow of VPR took 106.78 seconds (max_rss 812.7 MiB)

