VPR FPGA Placement and Routing.
Version: 9.0.0-dev+v8.0.0-18248-g40f8d19708
Revision: v8.0.0-18248-g40f8d19708
Compiled: 2026-09-22T03:43:48
Compiler: GNU 13.3.0 on Linux-5.15.0-119-generic x86_64
Build Info: release IPO VTR_ASSERT_LEVEL=2

University of Toronto
verilogtorouting.org
vtr-users@googlegroups.com
This is free open source code under MIT license.

VPR was run with the following command-line:
/inspire/hdd/project/project-public/changshunjie-253114010247/changshunjie-253114010247/workspace/DAC2027/vtr/vtr-verilog-to-routing/vpr/vpr /inspire/hdd/project/project-public/changshunjie-253114010247/changshunjie-253114010247/workspace/DAC2027/vtr/vtr-verilog-to-routing/vtr_flow/arch/COFFE_22nm/k6FracN10LB_mem20K_complexDSP_customSB_22nm.xml /inspire/hdd/project/project-public/changshunjie-253114010247/changshunjie-253114010247/workspace/DAC2027/TailCompile/experiments/vtr/runs/pilot_v1/sha/full-seed1-w300/sha.pre-vpr.blif --analytical_place --route --analysis --ap_full_legalizer flat-recon --ap_detailed_placer annealer --seed 11 --route_chan_width 80 --write_flat_place /inspire/hdd/project/project-public/changshunjie-253114010247/changshunjie-253114010247/workspace/DAC2027/TailCompile/vtr_work/tailcompile_v3/sha/4x4/gnn_candidate-fp39f0e13d-flat-recon-annealer-seed11-w80-devw14/post_route.fplace --write_legalized_flat_place /inspire/hdd/project/project-public/changshunjie-253114010247/changshunjie-253114010247/workspace/DAC2027/TailCompile/vtr_work/tailcompile_v3/sha/4x4/gnn_candidate-fp39f0e13d-flat-recon-annealer-seed11-w80-devw14/post_legalizer.fplace --flat_place_verbosity 1 --device_width 14 --net_file /inspire/hdd/project/project-public/changshunjie-253114010247/changshunjie-253114010247/workspace/DAC2027/TailCompile/vtr_work/tailcompile_v3/sha/4x4/gnn_candidate-fp39f0e13d-flat-recon-annealer-seed11-w80-devw14/sha.locked-input.net --read_flat_place /inspire/hdd/global_user/changshunjie-253114010247/workspace/DAC2027/TailCompile/experiments/vtr/tailcompile_v3/sha/4x4/pools/bootstrap_24/candidate_04_seed12031.fplace

Using up to 1 parallel worker(s)

Architecture file: /inspire/hdd/project/project-public/changshunjie-253114010247/changshunjie-253114010247/workspace/DAC2027/vtr/vtr-verilog-to-routing/vtr_flow/arch/COFFE_22nm/k6FracN10LB_mem20K_complexDSP_customSB_22nm.xml
Circuit name: sha.pre-vpr

# Loading Architecture Description
# Loading Architecture Description took 0.04 seconds (max_rss 19.0 MiB, delta_rss +0.0 MiB)

Timing analysis: ON
Circuit netlist file: /inspire/hdd/project/project-public/changshunjie-253114010247/changshunjie-253114010247/workspace/DAC2027/TailCompile/vtr_work/tailcompile_v3/sha/4x4/gnn_candidate-fp39f0e13d-flat-recon-annealer-seed11-w80-devw14/sha.locked-input.net
Circuit placement file: sha.pre-vpr.place
Circuit routing file: sha.pre-vpr.route
Circuit SDC file: sha.pre-vpr.sdc
Vpr floorplanning constraints file: not specified

Packer: DISABLED
Placer: DISABLED
Analytical Placer: ENABLED
Router: ENABLED
Analysis: ENABLED

VPR was run with the following options:

netlist_opts.absorb_buffer_luts            : true
netlist_opts.sweep_dangling_primary_ios    : true
netlist_opts.sweep_dangling_nets           : true
netlist_opts.sweep_dangling_blocks         : true
netlist_opts.sweep_constant_primary_outputs: false
netlist_opts.netlist_verbosity             : 1
netlist_opts.const_gen_inference           : COMB_SEQ

AnalyticalPlacerOpts.analytical_solver_type: lp-b2b
AnalyticalPlacerOpts.partial_legalizer_type: bipartitioning
AnalyticalPlacerOpts.full_legalizer_type: flat-recon
AnalyticalPlacerOpts.detailed_placer_type: annealer
AnalyticalPlacerOpts.ap_timing_tradeoff: 0.500000
AnalyticalPlacerOpts.ap_high_fanout_threshold: 256
AnalyticalPlacerOpts.log_verbosity: 1
router_opts.route_type: DETAILED
router_opts.flat_routing: false
router_opts.choke_points: on
router_opts.router_algorithm: TIMING_DRIVEN
router_opts.base_cost_type: DELAY_NORMALIZED_LENGTH
router_opts.fixed_channel_width: 80
router_opts.check_route: FULL
router_opts.acc_fac: 1.000000
router_opts.bb_factor: 3
router_opts.bend_cost: 0.000000
router_opts.first_iter_pres_fac: 0.000000
router_opts.initial_pres_fac: 0.500000
router_opts.pres_fac_mult: 1.300000
router_opts.max_pres_fac: 1000.000000
router_opts.max_router_iterations: 50
router_opts.min_incremental_reroute_fanout: 16
router_opts.initial_acc_cost_chan_congestion_threshold: 0.500000
router_opts.initial_acc_cost_chan_congestion_weight: 0.500000
router_opts.do_check_rr_graph: true
router_opts.verify_binary_search: false
router_opts.min_channel_width_hint: 0
router_opts.read_rr_edge_metadata: false
router_opts.exit_after_first_routing_iteration: false
router_opts.astar_fac: 1.200000
router_opts.astar_offset: 0.000000
router_opts.router_profiler_astar_fac: 1.200000
router_opts.enable_parallel_connection_router: false
router_opts.post_target_prune_fac: 1.200000
router_opts.post_target_prune_offset: 0
router_opts.multi_queue_num_threads: 1
router_opts.multi_queue_num_queues: 2
router_opts.multi_queue_direct_draining: false
router_opts.criticality_exp: 1.000000
router_opts.max_criticality: 0.990000
router_opts.init_wirelength_abort_threshold: 0.850000
router_opts.incr_reroute_delay_ripup: AUTO
router_opts.save_routing_per_iteration: false
router_opts.congested_routing_iteration_threshold_frac: 1.000000
router_opts.high_fanout_threshold: 64
router_opts.router_debug_net: -2
router_opts.router_debug_sink_rr: -2
router_opts.router_debug_iteration: -2
router_opts.max_convergence_count: 1
router_opts.reconvergence_cpd_threshold: 0.990000
router_opts.update_lower_bound_delays: true
router_opts.first_iteration_timing_report_file: 
router_opts.route_bb_update: DYNAMIC
router_opts.lookahead_type: MAP
router_opts.initial_timing: LOOKAHEAD
router_opts.router_heap: FOUR_ARY_HEAP
router_opts.routing_failure_predictor = SAFE
router_opts.routing_predictor_min_history: 8
router_opts.routing_budgets_algorithm = DISABLE

analysis_opts.gen_post_synthesis_netlist: false
analysis_opts.gen_post_implementation_merged_netlist: false
analysis_opts.gen_post_implementation_sdc: false
analysis_opts.timing_report_npaths: 100
analysis_opts.timing_report_skew: false
analysis_opts.echo_dot_timing_graph_node: -1
analysis_opts.timing_report_detail: NETLIST
analysis_opts.post_synth_netlist_unconn_input_handling: UNCONNECTED
analysis_opts.post_synth_netlist_unconn_output_handling: UNCONNECTED
analysis_opts.post_synth_netlist_module_parameters: on

# Building complex block graph
# Building complex block graph took 0.10 seconds (max_rss 24.5 MiB, delta_rss +5.5 MiB)
Circuit file: /inspire/hdd/project/project-public/changshunjie-253114010247/changshunjie-253114010247/workspace/DAC2027/TailCompile/experiments/vtr/runs/pilot_v1/sha/full-seed1-w300/sha.pre-vpr.blif
# Load circuit
Found 3 constant generator(s) in the netlist (2 constant-zero, 1 constant-one) (run with --netlist_verbosity 2 to list names)
# Load circuit took 0.02 seconds (max_rss 28.2 MiB, delta_rss +3.7 MiB)
# Clean circuit
Absorbed 0 LUT buffers
Found 22 primitive output pin(s) driven only by constants; marked them as constants
Swept input(s)      : 0
Swept output(s)     : 0 (0 dangling, 0 constant)
Swept net(s)        : 22
Swept block(s)      : 0
Constant Pins Marked: 22
# Clean circuit took 0.00 seconds (max_rss 28.2 MiB, delta_rss +0.0 MiB)
# Compress circuit
# Compress circuit took 0.00 seconds (max_rss 28.2 MiB, delta_rss +0.0 MiB)
# Verify circuit
# Verify circuit took 0.00 seconds (max_rss 28.2 MiB, delta_rss +0.0 MiB)
Circuit Statistics:
  Blocks: 2491
    .input :      38
    .latch :     893
    .names :    1215
        0-LUT:       2
        1-LUT:       1
        2-LUT:      63
        3-LUT:     106
        4-LUT:      88
        5-LUT:     314
        6-LUT:     641
    .output:      36
    adder  :     309
  Nets  : 2742
    Avg Fanout:     3.3
    Max Fanout:   893.0
    Min Fanout:     1.0
  Netlist Clocks: 1
# Build Timing Graph
  Timing Graph Nodes: 11695
  Timing Graph Edges: 18725
  Timing Graph Levels: 84
# Build Timing Graph took 0.01 seconds (max_rss 31.5 MiB, delta_rss +3.1 MiB)
Netlist contains 1 clocks
  Netlist Clock 'clk_i' Fanout: 893 pins (7.6%), 893 blocks (35.8%)
# Load Timing Constraints

SDC file 'sha.pre-vpr.sdc' not found
Setting default timing constraints:
   * constrain all primary inputs and primary outputs on netlist clock 'clk_i'
   * optimize netlist clock to run as fast as possible
Timing constraints created 1 clocks
  Constrained Clock 'clk_i' Source: 'clk_i.inpad[0]'

# Load Timing Constraints took 0.00 seconds (max_rss 31.5 MiB, delta_rss +0.0 MiB)
# Analytical Placement
## Prepacker

There is one chain in this architecture called "chain" with the following starting points:
	clb[0]/lab[0]/fle[0]/ble5[0]/arithmetic[0]/adder[0].cin[0]

## Prepacker took 0.00 seconds (max_rss 31.9 MiB, delta_rss +0.3 MiB)
## Initializing Pre-Cluster Timing
Using inter-cluster delay: 2.1832e-09
## Initializing Pre-Cluster Timing took 0.20 seconds (max_rss 32.5 MiB, delta_rss +0.6 MiB)
## Estimate Device Size
Device layout 'auto' with fixed width 14.
FPGA sized to 14 x 14: 196 grid tiles (auto)
## Estimate Device Size took 0.00 seconds (max_rss 32.5 MiB, delta_rss +0.0 MiB)
## Ram Mapper
Flat Placement is provided, skipping the RAM mapping.
## Ram Mapper took 0.00 seconds (max_rss 32.5 MiB, delta_rss +0.0 MiB)
## Read Atom Netlist to AP Netlist
## Read Atom Netlist to AP Netlist took 0.01 seconds (max_rss 36.3 MiB, delta_rss +3.8 MiB)
Analytical Placement Netlist Statistics:
	AP Blocks: 1315
		Moveable AP Blocks: 1315
		Fixed AP Blocks: 0
	AP Nets: 1563
		Average Fanout: 4.51
		Highest Fanout: 194
	AP Pins: 11695

## Computing placement delta delay look-up
### Build routing resource graph
### Build routing resource graph took 0.09 seconds (max_rss 45.8 MiB, delta_rss +9.5 MiB)
  RR Graph Nodes: 31124
  RR Graph Edges: 189472
### Computing router lookahead map
#### Computing wire lookahead
#### Computing wire lookahead took 0.03 seconds (max_rss 46.1 MiB, delta_rss +0.3 MiB)
#### Computing src/opin lookahead
Warning 1: Found no more sample locations for SOURCE in io
Warning 2: Found no more sample locations for OPIN in io
Warning 3: Found no more sample locations for SOURCE in clb
Warning 4: Found no more sample locations for OPIN in clb
Warning 5: Found no more sample locations for SOURCE in dsp_top
Warning 6: Found no more sample locations for OPIN in dsp_top
Warning 7: Found no more sample locations for SOURCE in memory
Warning 8: Found no more sample locations for OPIN in memory
#### Computing src/opin lookahead took 0.00 seconds (max_rss 46.1 MiB, delta_rss +0.0 MiB)
### Computing router lookahead map took 0.04 seconds (max_rss 46.1 MiB, delta_rss +0.3 MiB)
Serial Connection Router is being destroyed. Time spent on path search: 0.000 seconds.
## Computing placement delta delay look-up took 0.13 seconds (max_rss 46.1 MiB, delta_rss +9.8 MiB)
Flat Placement is provided in the AP flow, skipping the Global Placement.
0 of 1315 molecules placed at device center (no atoms of these molecules found in flat placement).
## AP Full Legalizer
### Creating Clusters
Device (width, height): (14,14)
#### Sorting and Grouping Blocks by Tile
#### Sorting and Grouping Blocks by Tile took 0.00 seconds (max_rss 46.1 MiB, delta_rss +0.0 MiB)
#### Reconstruction Pass Clustering
#### Reconstruction Pass Clustering took 2.11 seconds (max_rss 49.9 MiB, delta_rss +3.8 MiB)
#### Orphan Window Clustering with search radius 8
#### Orphan Window Clustering with search radius 8 took 0.01 seconds (max_rss 49.9 MiB, delta_rss +0.0 MiB)
FPGA sized to 14 x 14: 196 grid tiles (auto)
Device Utilization: 0.62 (target 1.00)
	Block Utilization: 0.19 Type: io
	Block Utilization: 0.93 Type: clb

----------------------------------------------------------------
                       Clustering Summary                       
----------------------------------------------------------------
Clusters created (Self Clustering)                       : 185
    clb        : 111
    io         : 74
Clusters created (Orphan Window Clustering)              : 1
    clb        : 1
Total clusters                                           : 186
Percent of clusters created in Orphan Window Clustering  : 0.54%
Molecules clustered in each stage breakdown  : (Total of 1315)
	Self Clustering          (0.996958)  : 1311
 	Neighbor Clustering      (0.000000)  : 0
	Orphan Window Clustering (0.003042)  : 4
----------------------------------------------------------------

Final Clustering Statistics: 
----------   --------   ------------------------------------   --------------------------
Block Type   # Blocks   Avg. # of input clocks and pins used   Avg. # of output pins used
----------   --------   ------------------------------------   --------------------------
     EMPTY          0                                      0                            0   
        io         74                               0.486486                     0.513514   
       clb        112                                25.4196                      8.98214   
   dsp_top          0                                      0                            0   
    memory          0                                      0                            0   
Absorbed logical nets 1698 out of 2742 nets, 1044 nets not absorbed.
#### Load packing
##### Loading packed FPGA netlist file.
Netlist generated from file '/inspire/hdd/project/project-public/changshunjie-253114010247/changshunjie-253114010247/workspace/DAC2027/TailCompile/vtr_work/tailcompile_v3/sha/4x4/gnn_candidate-fp39f0e13d-flat-recon-annealer-seed11-w80-devw14/sha.locked-input.net'.
Detected 2 constant generators (to see names run with higher pack verbosity)
##### Loading packed FPGA netlist file. took 0.18 seconds (max_rss 62.5 MiB, delta_rss +6.7 MiB)
Warning 9: Treated 2 constant nets as global which will not be routed (to see net names increase packer verbosity).
Netlist contains 33 global net to non-global architecture pin connections
Completed clustering consistency check successfully.
Cluster level netlist and block usage statistics
Netlist num_nets: 1044
Netlist num_blocks: 186
Netlist EMPTY blocks: 0.
Netlist io blocks: 74.
Netlist clb blocks: 112.
Netlist dsp_top blocks: 0.
Netlist memory blocks: 0.
Netlist inputs pins: 38
Netlist output pins: 36

Pb types usage...
  io               : 74
   inpad           : 38
   outpad          : 36
  clb              : 112
   lab             : 112
    fle            : 1086
     ble5          : 882
      flut5        : 573
       lut5        : 573
        lut        : 573
       ff          : 353
      arithmetic   : 309
       adder       : 309
     ble6          : 642
      lut6         : 642
       lut         : 642
      ff           : 540

#### Load packing took 0.25 seconds (max_rss 97.4 MiB, delta_rss +41.6 MiB)
Netlist contains 33 global net to non-global architecture pin connections
Cluster level netlist and block usage statistics
Netlist num_nets: 1044
Netlist num_blocks: 186
Netlist EMPTY blocks: 0.
Netlist io blocks: 74.
Netlist clb blocks: 112.
Netlist dsp_top blocks: 0.
Netlist memory blocks: 0.
Netlist inputs pins: 38
Netlist output pins: 36
### Creating Clusters took 2.47 seconds (max_rss 97.4 MiB, delta_rss +51.3 MiB)
Completed clustering consistency check successfully.
FPGA sized to 14 x 14: 196 grid tiles (auto)
### Compressed grid construction
### Compressed grid construction took 0.00 seconds (max_rss 97.4 MiB, delta_rss +0.0 MiB)
### Initial Placement
Placing clusters that are part of larger macros...
Number of blocks to be placed: 18
Max distance on device: 28
---- ---------- ---------- -------------
Pass Max Displ. Num Blocks Num Blocks   
     Threshold  Placed     Left Unplaced
---- ---------- ---------- -------------
   0          0         12             6
   1          1          4             2
   2          2          2             0

Placing general clusters...
Number of blocks to be placed: 168
Max distance on device: 28
---- ---------- ---------- -------------
Pass Max Displ. Num Blocks Num Blocks   
     Threshold  Placed     Left Unplaced
---- ---------- ---------- -------------
   0          0        157            11
   1          1          4             7
   2          2          2             5
   3          4          2             3
   4          8          2             1
   5         16          1             0

### Initial Placement took 0.00 seconds (max_rss 97.4 MiB, delta_rss +0.0 MiB)
Flat Placement Reconstruction Info:
	Percent of clusters with reconstruction errors: 0.537634
	Total displacement of initial placement from flat placement: 1505.000000
	Average atom displacement of initial placement from flat placement: 0.604175
	Max atom displacement of initial placement from flat placement: 10.000000
	Percent of atoms misplaced from the flat placement: 20.553995
## AP Full Legalizer took 2.48 seconds (max_rss 97.4 MiB, delta_rss +51.3 MiB)

Resource usage...
	Netlist
		74	blocks of type: io
	Architecture
		384	blocks of type: io
	Netlist
		112	blocks of type: clb
	Architecture
		120	blocks of type: clb
	Netlist
		0	blocks of type: dsp_top
	Architecture
		3	blocks of type: dsp_top
	Netlist
		0	blocks of type: memory
	Architecture
		6	blocks of type: memory

Device Utilization: 0.62 (target 1.00)
	Physical Tile io:
	Block Utilization: 0.19 Logical Block: io
	Physical Tile clb:
	Block Utilization: 0.93 Logical Block: clb
	Physical Tile dsp_top:
	Block Utilization: 0.00 Logical Block: dsp_top
	Physical Tile memory:
	Block Utilization: 0.00 Logical Block: memory

## Computing placement delta delay look-up
RR graph channel widths unchanged, skipping RR graph rebuild
Serial Connection Router is being destroyed. Time spent on path search: 0.000 seconds.
## Computing placement delta delay look-up took 0.00 seconds (max_rss 97.4 MiB, delta_rss +0.0 MiB)
Using simple RL 'Softmax agent' for choosing move and block types

Completed placement consistency check successfully.
Initial placement cost: 1 bb_cost: 137.45 td_cost: 6.50891e-07
Initial placement BB estimate of wirelength: 10970.2
Initial placement estimated Critical Path Delay (CPD): 9.82708 ns
Initial placement estimated setup Total Negative Slack (sTNS): -2874.48 ns
Initial placement estimated setup Worst Negative Slack (sWNS): -9.82708 ns

Initial placement estimated setup slack histogram:
[ -9.8e-09: -8.9e-09)  23 (  2.5%) |**
[ -8.9e-09:   -8e-09)   9 (  1.0%) |*
[   -8e-09: -7.1e-09)   0 (  0.0%) |
[ -7.1e-09: -6.2e-09)   0 (  0.0%) |
[ -6.2e-09: -5.3e-09)   0 (  0.0%) |
[ -5.3e-09: -4.4e-09)   2 (  0.2%) |
[ -4.4e-09: -3.4e-09) 126 ( 13.6%) |*********
[ -3.4e-09: -2.5e-09) 634 ( 68.2%) |***********************************************
[ -2.5e-09: -1.6e-09)  86 (  9.3%) |******
[ -1.6e-09:   -7e-10)  49 (  5.3%) |****
Placement contains 9 placement macros involving 18 blocks (average macro size 2.000000)

Moves per temperature: 530
## AP Detailed Placer

---- ------ ------- ------- ---------- ---------- ------- ---------- -------- ------- ------- ------ -------- --------- ------
Tnum  Time     T    AvCost  Av BB Cost Av TD Cost   CPD      sTNS      sWNS   AcRate  StdDev  R lim  CritExp  TotMoves  Alpha 
     (sec)                                          (ns)     (ns)      (ns)                                                   
---- ------ ------- ------- ---------- ---------- ------- ---------- -------- ------- ------- ------ -------- --------- ------
   1    0.0 2.6e-03   1.018     132.18 6.35e-07     9.747  -2.86e+03   -9.747   0.664  0.0048   13.0     1.00        530  1.000
   2    0.0 2.5e-03   1.012     134.46 6.2469e-07  10.254  -2.97e+03  -10.254   0.657  0.0086   13.0     1.00       1060  0.950
   3    0.0 2.4e-03   0.963     128.63 6.2975e-07  10.500  -3.13e+03  -10.500   0.640  0.0143   13.0     1.00       1590  0.950
   4    0.0 2.3e-03   0.998     129.11 6.1233e-07  10.463  -3.16e+03  -10.463   0.630  0.0085   13.0     1.00       2120  0.950
   5    0.0 2.1e-03   0.998     127.36 6.1877e-07  10.295  -3.11e+03  -10.295   0.598  0.0067   13.0     1.00       2650  0.950
   6    0.0 2.0e-03   0.992     126.39 6.2195e-07  10.241  -3.13e+03  -10.241   0.602  0.0045   13.0     1.00       3180  0.950
   7    0.0 1.9e-03   0.992     127.44 6.2646e-07  10.317  -3.18e+03  -10.317   0.628  0.0062   13.0     1.00       3710  0.950
   8    0.0 1.8e-03   0.998     126.08 6.4652e-07   9.632  -2.98e+03   -9.632   0.608  0.0044   13.0     1.00       4240  0.950
   9    0.0 1.7e-03   0.987     124.56 6.2337e-07  10.179  -3.09e+03  -10.179   0.564  0.0052   13.0     1.00       4770  0.950
  10    0.0 1.7e-03   0.994     125.10 6.2642e-07  10.155  -3.18e+03  -10.155   0.572  0.0044   13.0     1.00       5300  0.950
  11    0.0 1.6e-03   0.998     124.73 6.3339e-07  10.006  -3.08e+03  -10.006   0.587  0.0091   13.0     1.00       5830  0.950
  12    0.0 1.5e-03   0.987     122.37 6.0845e-07  10.392  -3.16e+03  -10.392   0.534  0.0059   13.0     1.00       6360  0.950
  13    0.0 1.4e-03   0.987     121.47 5.9687e-07  10.514  -3.13e+03  -10.514   0.555  0.0080   13.0     1.00       6890  0.950
  14    0.0 1.4e-03   0.999     120.02 6.1483e-07  10.216  -3.16e+03  -10.216   0.551  0.0031   13.0     1.00       7420  0.950
  15    0.0 1.3e-03   0.991     117.96 6.1555e-07  10.021   -3.1e+03  -10.021   0.526  0.0058   13.0     1.00       7950  0.950
  16    0.0 1.2e-03   0.995     116.95 6.1333e-07  10.027  -3.13e+03  -10.027   0.509  0.0057   13.0     1.00       8480  0.950
  17    0.0 1.2e-03   1.004     116.62 6.1977e-07   9.676  -3.01e+03   -9.676   0.519  0.0044   13.0     1.00       9010  0.950
  18    0.0 1.1e-03   0.996     115.28 6.0468e-07   9.974  -3.06e+03   -9.974   0.485  0.0022   13.0     1.00       9540  0.950
  19    0.0 1.0e-03   0.996     115.28 6.0596e-07  10.032  -3.09e+03  -10.032   0.494  0.0032   13.0     1.00      10070  0.950
  20    0.0 9.9e-04   0.991     115.05 6.0959e-07  10.032  -3.07e+03  -10.032   0.530  0.0032   13.0     1.00      10600  0.950
  21    0.0 9.4e-04   0.991     114.14 6.0113e-07  10.034     -3e+03  -10.034   0.451  0.0024   13.0     1.00      11130  0.950
  22    0.0 9.0e-04   0.986     112.31 6.1998e-07   9.725  -3.09e+03   -9.725   0.525  0.0085   13.0     1.00      11660  0.950
  23    0.0 8.5e-04   1.001     111.39 6.1529e-07   9.691  -3.09e+03   -9.691   0.460  0.0038   13.0     1.00      12190  0.950
  24    0.0 8.1e-04   0.997     110.12 6.0818e-07   9.685  -2.96e+03   -9.685   0.455  0.0026   13.0     1.00      12720  0.950
  25    0.0 7.7e-04   1.000     109.76 6.194e-07    9.614   -3.1e+03   -9.614   0.451  0.0022   13.0     1.00      13250  0.950
  26    0.0 7.3e-04   0.993     108.94 6.1728e-07   9.588  -3.06e+03   -9.588   0.462  0.0034   13.0     1.00      13780  0.950
  27    0.0 6.9e-04   0.998     109.23 6.085e-07    9.727  -3.03e+03   -9.727   0.400  0.0026   13.0     1.00      14310  0.950
  28    0.0 6.6e-04   0.998     108.39 4.6487e-07   9.723  -3.06e+03   -9.723   0.409  0.0030   12.5     1.30      14840  0.950
  29    0.0 6.3e-04   1.001     108.91 3.8891e-07   9.804  -3.07e+03   -9.804   0.425  0.0015   12.1     1.53      15370  0.950
  30    0.0 5.9e-04   0.998     108.09 3.6352e-07   9.548  -2.95e+03   -9.548   0.436  0.0018   11.9     1.64      15900  0.950
  31    0.0 5.7e-04   0.994     106.52 3.5382e-07   9.657  -2.97e+03   -9.657   0.387  0.0023   11.9     1.66      16430  0.950
  32    0.0 5.4e-04   0.996     105.81 2.8248e-07   9.606  -2.96e+03   -9.606   0.387  0.0013   11.2     2.03      16960  0.950
  33    0.0 5.1e-04   0.998     105.70 2.3506e-07   9.660  -2.98e+03   -9.660   0.325  0.0024   10.6     2.38      17490  0.950
  34    0.0 4.8e-04   0.997     104.55 1.7983e-07   9.653  -2.91e+03   -9.653   0.362  0.0012    9.4     3.10      18020  0.950
  35    0.0 4.6e-04   0.998     103.66 1.6443e-07   9.651  -2.95e+03   -9.651   0.349  0.0014    8.7     3.52      18550  0.950
  36    0.0 4.4e-04   1.001     104.76 1.5081e-07   9.573  -2.93e+03   -9.573   0.366  0.0022    7.9     3.98      19080  0.950
  37    0.0 4.2e-04   0.997     104.08 1.4533e-07   9.420  -2.95e+03   -9.420   0.332  0.0011    7.3     4.32      19610  0.950
  38    0.0 3.9e-04   0.998     103.20 1.3779e-07   9.420     -3e+03   -9.420   0.325  0.0013    6.5     4.78      20140  0.950
  39    0.0 3.7e-04   1.001     103.61 1.3129e-07   9.420     -3e+03   -9.420   0.342  0.0011    5.8     5.22      20670  0.950
  40    0.0 3.6e-04   1.002     103.82 1.261e-07    9.540  -3.04e+03   -9.540   0.319  0.0009    5.2     5.55      21200  0.950
  41    0.0 3.4e-04   1.002     104.14 1.233e-07    9.540  -3.05e+03   -9.540   0.332  0.0017    4.6     5.92      21730  0.950
  42    0.0 3.2e-04   0.997     103.42 1.2038e-07   9.540  -3.03e+03   -9.540   0.315  0.0012    4.1     6.21      22260  0.950
  43    0.0 3.1e-04   1.000     103.24 1.1867e-07   9.496  -3.03e+03   -9.496   0.291  0.0011    3.6     6.50      22790  0.950
  44    0.0 2.9e-04   0.997     102.33 1.1577e-07   9.551  -3.02e+03   -9.551   0.266  0.0020    3.0     6.82      23320  0.950
  45    0.0 2.8e-04   0.997     101.50 1.1925e-07   9.286     -3e+03   -9.286   0.283  0.0021    2.5     7.12      23850  0.950
  46    0.0 2.6e-04   0.998     100.37 1.1841e-07   9.286  -2.99e+03   -9.286   0.311  0.0020    2.1     7.35      24380  0.950
  47    0.0 2.5e-04   0.997      99.62 1.1788e-07   9.251  -2.95e+03   -9.251   0.362  0.0012    1.8     7.51      24910  0.950
  48    0.0 2.4e-04   0.996      98.73 1.1876e-07   9.261  -2.96e+03   -9.261   0.306  0.0041    1.7     7.59      25440  0.950
  49    0.0 2.2e-04   0.998      97.66 1.18e-07     9.261  -2.95e+03   -9.261   0.325  0.0007    1.5     7.73      25970  0.950
  50    0.0 2.1e-04   1.001      97.98 1.176e-07    9.261  -2.96e+03   -9.261   0.338  0.0006    1.3     7.83      26500  0.950
  51    0.0 2.0e-04   0.998      97.81 1.1519e-07   9.338  -3.07e+03   -9.338   0.300  0.0010    1.2     7.90      27030  0.950
  52    0.0 1.9e-04   1.001      97.91 1.1797e-07   9.183  -3.06e+03   -9.183   0.285  0.0008    1.0     8.00      27560  0.950
  53    0.0 1.8e-04   1.001      97.87 1.1648e-07   9.261  -2.98e+03   -9.261   0.315  0.0006    1.0     8.00      28090  0.950
  54    0.0 1.7e-04   0.998      97.48 1.1264e-07   9.322  -2.95e+03   -9.322   0.292  0.0007    1.0     8.00      28620  0.950
  55    0.0 1.7e-04   0.997      97.02 1.095e-07    9.420  -2.97e+03   -9.420   0.281  0.0009    1.0     8.00      29150  0.950
  56    0.0 1.6e-04   0.999      96.54 1.1094e-07   9.395  -2.96e+03   -9.395   0.247  0.0010    1.0     8.00      29680  0.950
  57    0.0 1.5e-04   1.001      96.47 1.1102e-07   9.395  -2.97e+03   -9.395   0.232  0.0007    1.0     8.00      30210  0.950
  58    0.0 1.4e-04   0.998      96.16 1.109e-07    9.395  -2.98e+03   -9.395   0.217  0.0015    1.0     8.00      30740  0.950
  59    0.0 1.3e-04   0.999      95.67 1.1082e-07   9.395  -2.96e+03   -9.395   0.200  0.0003    1.0     8.00      31270  0.950
  60    0.0 1.3e-04   1.000      95.68 1.1177e-07   9.317  -2.96e+03   -9.317   0.209  0.0006    1.0     8.00      31800  0.950
  61    0.0 1.2e-04   1.001      95.79 1.1188e-07   9.317  -2.96e+03   -9.317   0.170  0.0004    1.0     8.00      32330  0.950
  62    0.0 1.2e-04   0.999      95.81 1.1052e-07   9.395  -2.96e+03   -9.395   0.204  0.0009    1.0     8.00      32860  0.950
  63    0.0 1.1e-04   0.999      95.44 1.1201e-07   9.317  -2.96e+03   -9.317   0.172  0.0005    1.0     8.00      33390  0.950
  64    0.0 1.0e-04   1.000      95.50 1.1088e-07   9.395  -2.96e+03   -9.395   0.175  0.0004    1.0     8.00      33920  0.950
  65    0.0 9.9e-05   0.999      95.64 1.1059e-07   9.395  -2.96e+03   -9.395   0.206  0.0005    1.0     8.00      34450  0.950
  66    0.0 9.4e-05   0.999      95.26 1.0969e-07   9.500  -2.97e+03   -9.500   0.202  0.0004    1.0     8.00      34980  0.950
  67    0.0 8.9e-05   1.000      95.06 1.0973e-07   9.500  -2.94e+03   -9.500   0.158  0.0005    1.0     8.00      35510  0.950
  68    0.0 8.5e-05   1.000      95.15 1.095e-07    9.500  -2.95e+03   -9.500   0.142  0.0003    1.0     8.00      36040  0.950
Agent's 2nd state: 
  69    0.0 6.8e-05   0.999      95.08 1.1052e-07   9.395  -2.95e+03   -9.395   0.142  0.0004    1.0     8.00      36570  0.800
Checkpoint saved: bb_costs=94.9746, TD costs=1.10689e-07, CPD=  9.395 (ns) 
  70    0.0 5.4e-05   1.000      94.97 1.1069e-07   9.395  -2.95e+03   -9.395   0.087  0.0002    1.0     8.00      37100  0.800
  71    0.0 4.3e-05   1.000      94.86 1.1205e-07   9.395  -2.95e+03   -9.395   0.075  0.0002    1.0     8.00      37630  0.800
  72    0.0 3.5e-05   1.000      94.78 1.1071e-07   9.395  -2.95e+03   -9.395   0.047  0.0001    1.0     8.00      38160  0.800
  73    0.0 2.8e-05   1.000      94.74 1.1071e-07   9.395  -2.95e+03   -9.395   0.060  0.0002    1.0     8.00      38690  0.800
  74    0.0 2.2e-05   1.000      94.65 1.1206e-07   9.395  -2.95e+03   -9.395   0.043  0.0001    1.0     8.00      39220  0.800
  75    0.0 1.8e-05   1.000      94.58 1.1071e-07   9.395  -2.95e+03   -9.395   0.060  0.0002    1.0     8.00      39750  0.800
  76    0.0 1.4e-05   1.000      94.54 1.1071e-07   9.395  -2.95e+03   -9.395   0.030  0.0000    1.0     8.00      40280  0.800
  77    0.0 1.1e-05   1.000      94.47 1.1073e-07   9.395  -2.95e+03   -9.395   0.064  0.0002    1.0     8.00      40810  0.800
  78    0.0 9.1e-06   1.000      94.40 1.1212e-07   9.395  -2.95e+03   -9.395   0.036  0.0000    1.0     8.00      41340  0.800
  79    0.0 7.3e-06   1.000      94.40 1.1212e-07   9.395  -2.95e+03   -9.395   0.049  0.0000    1.0     8.00      41870  0.800
  80    0.0 5.8e-06   1.000      94.39 1.1212e-07   9.395  -2.95e+03   -9.395   0.034  0.0000    1.0     8.00      42400  0.800
  81    0.0 0.0e+00   1.000      94.38 1.1212e-07   9.395  -2.95e+03   -9.395   0.013  0.0000    1.0     8.00      42930  0.800
### Placement Quench took 0.01 seconds (max_rss 98.6 MiB)
post-quench CPD = 9.39482 (ns) 

Completed placement consistency check successfully.

Swaps called: 43116

Aborted Move Reasons:
  duplicate block move to location: 5
  macro move to location illegal: 2
  macro_from swap to location illegal: 329

BB estimate of min-dist (placement) wire length: 7514

Placement estimated critical path delay (least slack): 9.39482 ns, Fmax: 106.442 MHz
Placement estimated critical path skew: -0.04243 ns
Placement estimated setup Worst Negative Slack (sWNS): -9.39482 ns
Placement estimated setup Total Negative Slack (sTNS): -2945.78 ns
Placement estimated setup Worst Skew (sWS): -0.04243 ns

Placement estimated setup slack histogram:
[ -9.4e-09: -8.5e-09)  15 (  1.6%) |*
[ -8.5e-09: -7.7e-09)  17 (  1.8%) |*
[ -7.7e-09: -6.8e-09)   0 (  0.0%) |
[ -6.8e-09: -5.9e-09)   0 (  0.0%) |
[ -5.9e-09:   -5e-09)   0 (  0.0%) |
[   -5e-09: -4.2e-09)  63 (  6.8%) |*****
[ -4.2e-09: -3.3e-09)  66 (  7.1%) |*****
[ -3.3e-09: -2.4e-09) 642 ( 69.1%) |***********************************************
[ -2.4e-09: -1.6e-09)  75 (  8.1%) |*****
[ -1.6e-09:   -7e-10)  51 (  5.5%) |****

Placement estimated geomean non-virtual intra-domain period: 9.39482 ns (106.442 MHz)
Placement estimated fanout-weighted geomean non-virtual intra-domain period: 9.39482 ns (106.442 MHz)

Placement cost: 1, bb_cost: 94.3843, td_cost: 1.12118e-07, 

Placement resource usage:
  io  implemented as io : 74
  clb implemented as clb: 112

Placement number of temperatures: 81
Placement total # of swap attempts: 43116
	Swaps accepted: 14527 (33.7 %)
	Swaps rejected: 27966 (64.9 %)
	Swaps aborted:   623 ( 1.4 %)


Placement perturbation distribution by block and move type: 
------------------ ----------------- ---------------- ---------------- --------------- ------------ 
    Block Type         Move Type       (%) of Total      Accepted(%)     Rejected(%)    Aborted(%)
------------------ ----------------- ---------------- ---------------- --------------- ------------ 
io                 Uniform                9.70             59.78           40.22          0.00         
                   Median                 9.09             58.60           36.40          5.00         
                   Centroid               9.14             62.26           37.64          0.10         
                   W. Centroid            9.16             62.30           37.62          0.08         
                   W. Median              0.90             11.05           84.32          4.63         

clb                Uniform                14.54            14.07           84.47          1.45         
                   Median                 14.15            23.81           74.08          2.11         
                   Centroid               13.76            20.96           77.55          1.48         
                   W. Centroid            14.24            19.30           79.28          1.42         
                   W. Median              1.21             1.34            97.32          1.34         
                   Crit. Uniform          1.94             0.24            99.76          0.00         
                   Feasible Region        2.17             0.00            100.00         0.00         


Placement Quench timing analysis took 0.00366903 seconds (0.00332208 STA, 0.000346945 slack) (1 full updates: 1 setup, 0 hold, 0 combined).
Placement Total  timing analysis took 0.341146 seconds (0.306308 STA, 0.0348388 slack) (83 full updates: 83 setup, 0 hold, 0 combined).
update_td_costs: connections 0.00179094 nets 0 sum_nets 0.00114948 total 0.00299947
## AP Detailed Placer took 0.76 seconds (max_rss 98.6 MiB, delta_rss +0.0 MiB)
Incr Slack updates 83 in 0.00965011 sec
Full Max Req/Worst Slack updates 32 in 0.000857215 sec
Incr Max Req/Worst Slack updates 51 in 0.00174577 sec
Incr Criticality updates 28 in 0.00653292 sec
Full Criticality updates 55 in 0.0131654 sec
Incr Slack updates 1 in 9.41e-05 sec
Full Max Req/Worst Slack updates 1 in 3.372e-05 sec
Incr Max Req/Worst Slack updates 0 in 0 sec
Incr Criticality updates 0 in 0 sec
Full Criticality updates 1 in 0.000259193 sec
# Analytical Placement took 3.65 seconds (max_rss 98.9 MiB, delta_rss +67.4 MiB)


# Routing
RR graph channel widths unchanged, skipping RR graph rebuild
## Initializing router criticalities
Initial Net Connection Criticality Histogram:
[        0:      0.1) 226 (  7.8%) |************
[      0.1:      0.2) 797 ( 27.6%) |********************************************
[      0.2:      0.3) 490 ( 17.0%) |***************************
[      0.3:      0.4) 851 ( 29.5%) |***********************************************
[      0.4:      0.5) 143 (  5.0%) |********
[      0.5:      0.6)  26 (  0.9%) |*
[      0.6:      0.7)  63 (  2.2%) |***
[      0.7:      0.8)  33 (  1.1%) |**
[      0.8:      0.9)  40 (  1.4%) |**
[      0.9:        1) 214 (  7.4%) |************
## Initializing router criticalities took 0.05 seconds (max_rss 98.9 MiB, delta_rss +0.0 MiB)
---- ------ ------- ---- ------- ------- ------- ----------------- --------------- -------- ---------- ---------- ---------- ---------- --------
Iter   Time    pres  BBs    Heap  Re-Rtd  Re-Rtd Overused RR Nodes      Wirelength      CPD       sTNS       sWNS       hTNS       hWNS Est Succ
      (sec)     fac Updt    push    Nets   Conns                                       (ns)       (ns)       (ns)       (ns)       (ns)     Iter
---- ------ ------- ---- ------- ------- ------- ----------------- --------------- -------- ---------- ---------- ---------- ---------- --------
   1    0.0     0.0    0  106583    1041    2751    1157 ( 3.717%)   12079 (48.4%)    8.742     -3094.     -8.742      0.000      0.000      N/A
   2    0.0     0.5    0  104450     867    2466     930 ( 2.988%)   12220 (49.0%)    8.742     -3019.     -8.742      0.000      0.000      N/A
   3    0.0     0.6    0  101074     746    2020     804 ( 2.583%)   12724 (51.0%)    8.729     -3245.     -8.729      0.000      0.000      N/A
   4    0.0     0.8    0  107066     700    1969     759 ( 2.439%)   13080 (52.4%)    8.742     -3095.     -8.742      0.000      0.000      N/A
   5    0.0     1.1    0  107777     624    1740     604 ( 1.941%)   13482 (54.0%)    8.742     -3138.     -8.742      0.000      0.000      N/A
   6    0.0     1.4    0  101010     552    1471     506 ( 1.626%)   13894 (55.7%)    8.742     -3238.     -8.742      0.000      0.000      N/A
   7    0.0     1.9    0   97428     512    1288     457 ( 1.468%)   14154 (56.7%)    8.742     -3222.     -8.742      0.000      0.000      N/A
   8    0.0     2.4    0  100519     440    1135     355 ( 1.141%)   14548 (58.3%)    8.742     -3506.     -8.742      0.000      0.000      N/A
   9    0.0     3.1    0   96331     384     975     319 ( 1.025%)   14949 (59.9%)    8.742     -3569.     -8.742      0.000      0.000       44
  10    0.0     4.1    0   80482     348     774     240 ( 0.771%)   15350 (61.5%)    8.742     -3608.     -8.742      0.000      0.000       40
  11    0.0     5.3    0   78871     307     657     208 ( 0.668%)   15618 (62.6%)    8.769     -3712.     -8.769      0.000      0.000       40
  12    0.0     6.9    0   81379     248     549     181 ( 0.582%)   16120 (64.6%)    9.017     -3733.     -9.017      0.000      0.000       40
  13    0.0     9.0    0  100726     243     574     162 ( 0.520%)   16486 (66.0%)    9.545     -3788.     -9.545      0.000      0.000       42
  14    0.0    11.6    0  105467     224     484     155 ( 0.498%)   16726 (67.0%)    9.444     -3799.     -9.444      0.000      0.000       48
  15    0.0    15.1    0  120410     203     478     150 ( 0.482%)   17007 (68.1%)    9.519     -3826.     -9.519      0.000      0.000       53
  16    0.0    19.7    0  138045     211     469     136 ( 0.437%)   17418 (69.8%)    9.566     -3830.     -9.566      0.000      0.000       60
  17    0.0    25.6    0  163580     210     562     118 ( 0.379%)   17939 (71.9%)    9.368     -3858.     -9.368      0.000      0.000       61
  18    0.0    33.3    0  166365     177     424     105 ( 0.337%)   18000 (72.1%)    9.386     -4046.     -9.386      0.000      0.000       68
  19    0.0    43.3    0  195956     169     388      96 ( 0.308%)   18085 (72.5%)    9.425     -4372.     -9.425      0.000      0.000       67
  20    0.0    56.2    0  206953     176     411      93 ( 0.299%)   18222 (73.0%)    9.860     -3996.     -9.860      0.000      0.000       70
  21    0.1    73.1    0  210666     155     387      86 ( 0.276%)   18382 (73.6%)    9.716     -4058.     -9.716      0.000      0.000       71
  22    0.0    95.0    0  142052     151     322      77 ( 0.247%)   18504 (74.1%)    9.579     -4091.     -9.579      0.000      0.000       72
  23    0.0   123.5    0  141367     142     279      77 ( 0.247%)   18691 (74.9%)    9.736     -4108.     -9.736      0.000      0.000       75
  24    0.1   160.6    0  234538     164     578      83 ( 0.267%)   18813 (75.4%)    9.716     -4184.     -9.716      0.000      0.000       81
  25    0.0   208.8    0  155571     154     309      72 ( 0.231%)   18891 (75.7%)    9.716     -4152.     -9.716      0.000      0.000       83
  26    0.0   271.4    0  146809     152     301      75 ( 0.241%)   19098 (76.5%)   10.151     -4188.    -10.151      0.000      0.000       90
  27    0.0   352.8    0  191389     151     353      79 ( 0.254%)   19260 (77.2%)   11.521     -4324.    -11.521      0.000      0.000       98
  28    0.0   458.7    0  161658     113     255      62 ( 0.199%)   19287 (77.3%)   10.907     -4636.    -10.907      0.000      0.000      102
  29    0.0   596.3    0  121390     113     227      55 ( 0.177%)   19263 (77.2%)   11.051     -4636.    -11.051      0.000      0.000       99
  30    0.0   775.1    0  124407     108     213      58 ( 0.186%)   19333 (77.5%)   11.051     -4641.    -11.051      0.000      0.000      106
  31    0.0  1000.0    0  156256     114     286      55 ( 0.177%)   19360 (77.6%)   11.883     -4639.    -11.883      0.000      0.000      107
  32    0.0  1000.0    0  114325     104     189      55 ( 0.177%)   19397 (77.7%)   10.843     -4613.    -10.843      0.000      0.000      115
  33    0.0  1000.0    0  135330     114     284      54 ( 0.173%)   19424 (77.8%)   11.511     -4633.    -11.511      0.000      0.000      118
  34    0.0  1000.0    0  108853     118     257      44 ( 0.141%)   19337 (77.5%)   12.155     -4657.    -12.155      0.000      0.000      117
  35    0.0  1000.0    0   87991      92     178      43 ( 0.138%)   19297 (77.3%)   12.155     -4660.    -12.155      0.000      0.000      115
  36    0.0  1000.0    0  112177      94     199      41 ( 0.132%)   19383 (77.7%)   12.155     -4666.    -12.155      0.000      0.000      114
  37    0.0  1000.0    0   91420      92     208      42 ( 0.135%)   19473 (78.0%)   12.155     -4670.    -12.155      0.000      0.000      115
  38    0.0  1000.0    0  121599      96     242      44 ( 0.141%)   19592 (78.5%)   12.155     -4667.    -12.155      0.000      0.000      118
  39    0.0  1000.0    0  120489     100     248      40 ( 0.129%)   19631 (78.6%)   12.155     -4689.    -12.155      0.000      0.000      119
  40    0.0  1000.0    0  157684      94     245      49 ( 0.157%)   19721 (79.0%)   12.155     -4682.    -12.155      0.000      0.000      128
  41    0.0  1000.0    0  157441      99     266      49 ( 0.157%)   19785 (79.3%)   12.155     -4539.    -12.155      0.000      0.000      138
  42    0.0  1000.0    0  123009      91     194      46 ( 0.148%)   19832 (79.5%)   12.155     -4782.    -12.155      0.000      0.000      147
  43    0.0  1000.0    0  127081      89     232      38 ( 0.122%)   19817 (79.4%)   12.349     -4794.    -12.349      0.000      0.000      147
  44    0.0  1000.0    0  115817      87     164      37 ( 0.119%)   19819 (79.4%)   11.958     -4781.    -11.958      0.000      0.000      147
  45    0.0  1000.0    0  129386      91     176      41 ( 0.132%)   19682 (78.9%)   11.949     -4780.    -11.949      0.000      0.000      153
  46    0.0  1000.0    0  130517      90     370      37 ( 0.119%)   19731 (79.1%)   12.154     -4770.    -12.154      0.000      0.000      156
  47    0.0  1000.0    0  135838      87     358      36 ( 0.116%)   19868 (79.6%)   11.844     -4779.    -11.844      0.000      0.000      158
  48    0.0  1000.0    0  119450      83     352      31 ( 0.100%)   19752 (79.1%)   11.844     -4832.    -11.844      0.000      0.000      160
  49    0.0  1000.0    0  137800      92     364      30 ( 0.096%)   19849 (79.5%)   11.844     -4792.    -11.844      0.000      0.000      158
  50    0.0  1000.0    0  122720      90     364      33 ( 0.106%)   19873 (79.6%)   11.844     -4819.    -11.844      0.000      0.000      162
Routing failed.

Failed routing attempt
Total number of overused nodes: 33
Total number of overused nodes is larger than the logging limit (20).
Displaying the first 20 entries.
Routing Failure Diagnostics: Printing Overused Nodes Information
------ ------- ---------- --------- -------- ------------ ------- ------- ------- ------- ------- ------- -------
   No.  NodeId  Occupancy  Capacity  RR Node    Direction    Side     PTC   Block    Xlow    Ylow   Xhigh   Yhigh
                                        type                          NUM    Name                                 
------ ------- ---------- --------- -------- ------------ ------- ------- ------- ------- ------- ------- -------
     0    6012          2         1     IPIN          N/A    LEFT      43     clb       4       2       4       2
     1    8056          2         1     IPIN          N/A   RIGHT      41     clb       5       3       5       3
     2   12505          2         1     IPIN          N/A     TOP      32     clb       7       4       7       4
     3   13961          2         1     IPIN          N/A  BOTTOM      42     clb       8       1       8       1
     4   14089          2         1     IPIN          N/A     TOP      20     clb       8       2       8       2
     5   14120          2         1     IPIN          N/A    LEFT      51     clb       8       2       8       2
     6   14239          2         1     IPIN          N/A     TOP      20     clb       8       3       8       3
     7   16140          2         1     IPIN          N/A   RIGHT      25     clb       9       3       9       3
     8   16171          2         1     IPIN          N/A     TOP      56     clb       9       3       9       3
     9   16282          2         1     IPIN          N/A   RIGHT      17     clb       9       4       9       4
    10   16462          2         1     IPIN          N/A    LEFT      47     clb       9       5       9       5
    11   18046          2         1     IPIN          N/A    LEFT      35     clb      10       3      10       3
    12   18052          2         1     IPIN          N/A   RIGHT      41     clb      10       3      10       3
    13   19771          2         1     IPIN          N/A  BOTTOM      14     clb      11       2      11       2
    14   20224          2         1     IPIN          N/A   RIGHT      17     clb      11       5      11       5
    15   24019          2         1    CHANX      DEC_DIR     N/A      17      io       5       0       8       0
    16   24530          2         1    CHANX      INC_DIR     N/A      30  memory       2       2       5       2
    17   24613          2         1    CHANX      DEC_DIR     N/A      47 dsp_top       6       2       9       2
    18   24622          2         1    CHANX      INC_DIR     N/A       8     clb       7       2      10       2
    19   24751          2         1    CHANX      DEC_DIR     N/A      25     clb       1       3       1       3

Final Net Connection Criticality Histogram:
[        0:      0.1) 475 ( 16.5%) |*******************************
[      0.1:      0.2) 362 ( 12.6%) |************************
[      0.2:      0.3) 481 ( 16.7%) |********************************
[      0.3:      0.4) 715 ( 24.8%) |***********************************************
[      0.4:      0.5) 280 (  9.7%) |******************
[      0.5:      0.6) 151 (  5.2%) |**********
[      0.6:      0.7)  96 (  3.3%) |******
[      0.7:      0.8) 102 (  3.5%) |*******
[      0.8:      0.9)  98 (  3.4%) |******
[      0.9:        1) 123 (  4.3%) |********
Router Stats: total_nets_routed: 11702 total_connections_routed: 29985 total_heap_pushes: 6495502 total_heap_pops: 2279980 
Serial Connection Router is being destroyed. Time spent on path search: 1.111 seconds.
# Routing took 1.73 seconds (max_rss 98.9 MiB, delta_rss +0.0 MiB)
Circuit is unroutable with a channel width factor of 80.
For a detailed report on the RR node overuse information (report_overused_nodes.rpt), specify --generate_rr_node_overuse_report on.
Incr Slack updates 51 in 0.00508937 sec
Full Max Req/Worst Slack updates 16 in 0.000451825 sec
Incr Max Req/Worst Slack updates 35 in 0.00122425 sec
Incr Criticality updates 20 in 0.00446351 sec
Full Criticality updates 31 in 0.00785547 sec

*****************************************************************************************
Warning 10: The following analysis results are for an illegal circuit implementation
*****************************************************************************************
Warning 11: Synchronization between packing and routing results was not applied due to illegal circuit implementation


Average number of bends per net: 2.72815  Maximum # of bends: 58

Number of global nets: 3
Number of routed nets (nonglobal): 1041
Wire length results (in units of 1 clb segments)...
	Total wirelength: 19873, average net length: 19.0903
	Maximum net length: 532

Wire length results in terms of physical segments...
	Total wiring segments used: 5437, average wire segments per net: 5.22286
	Maximum segments used by a net: 134
	Total local nets with reserved CLB opins: 0
Total number of nets absorbed: 9

Routing channel utilization histogram:
[        1:      inf)   0 (  0.0%) |
[      0.9:        1)  68 ( 20.1%) |******************************
[      0.8:      0.9) 106 ( 31.4%) |***********************************************
[      0.7:      0.8) 107 ( 31.7%) |***********************************************
[      0.5:      0.6)  19 (  5.6%) |********
[      0.4:      0.5)  10 (  3.0%) |****
[      0.3:      0.4)   2 (  0.6%) |*
[      0.2:      0.3)   0 (  0.0%) |
[      0.1:      0.2)   0 (  0.0%) |
[        0:      0.1)  26 (  7.7%) |***********
Maximum routing channel utilization:         1 at (5,0)

X - Directed channels: layer   y   max occ   ave occ   ave cap
                        ----- ---- -------- -------- --------
                            0    0       80   75.167       80
                            0    1       78   69.167       80
                            0    2       77   70.500       80
                            0    3       77   71.250       80
                            0    4       73   67.333       80
                            0    5       77   67.000       80
                            0    6       76   67.250       80
                            0    7       69   58.500       80
                            0    8       69   60.417       80
                            0    9       72   64.833       80
                            0   10       65   52.833       80
                            0   11       57   47.833       80
                            0   12       78   67.750       80
Y - Directed channels: layer   x   max occ   ave occ   ave cap
                        ----- ---- -------- -------- --------
                            0    0       79   69.333       80
                            0    1       64   50.167       80
                            0    2       67   56.083       80
                            0    3       72   60.917       80
                            0    4       74   65.667       80
                            0    5       72   60.667       80
                            0    6       76   62.250       80
                            0    7       67   61.750       80
                            0    8       75   66.167       80
                            0    9       72   64.833       80
                            0   10       74   65.250       80
                            0   11       70   59.667       80
                            0   12       79   73.500       80

Total existing wires segments: CHANX     12480, CHANY     12480, CHANZ         0, ALL     24960
Total used wires segments:     CHANX     10078, CHANY      9795, CHANZ         0, ALL     19873
Usage percentage:              CHANX     80.8%, CHANY     78.5%, CHANZ      0.0%, ALL     79.6%

Logic area (in minimum width transistor areas, excludes I/Os and empty grid tiles)...
	Total logic block area (Warning, need to add pitch of routing to blocks with height > 3): 4.93594e+06
	Total used logic block area: 3.12536e+06

Routing area (in minimum width transistor areas)...
	Total routing area: 1.20987e+06, per logic tile: 6172.79

Total Number of Wiring Segments by Direction: direction length number
                                              --------- ------ -------
                                                      X      4   3412
                                                      Y      4   3412
                                                      X     16    210
                                                      Y     16    210

X - Directed Wiring Segment usage by length: length utilization
                                             ------ -----------
                                             4       0.753
                                            16       0.795

Y - Directed Wiring Segment usage by length: length utilization
                                             ------ -----------
                                             4       0.749
                                            16         0.7

Segment occupancy by length: Length Occupancy Capacity Utilization
                             ------ --------- -------- -----------
                             L4          5123     6824       0.751
                             L16          314      420       0.748

Segment occupancy by type: name type utilization
                           ---- ---- -----------
                             L4    0       0.751
                            L16    1       0.748

Final hold Worst Negative Slack (hWNS): 0 ns
Final hold Total Negative Slack (hTNS): 0 ns
Final hold Worst Skew (hWS): 0 ns

Final hold slack histogram:
[  1.9e-10:  5.6e-10) 843 ( 90.7%) |***********************************************
[  5.6e-10:  9.2e-10)  42 (  4.5%) |**
[  9.2e-10:  1.3e-09)  22 (  2.4%) |*
[  1.3e-09:  1.6e-09)   9 (  1.0%) |*
[  1.6e-09:    2e-09)   9 (  1.0%) |*
[    2e-09:  2.4e-09)   2 (  0.2%) |
[  2.4e-09:  2.7e-09)   1 (  0.1%) |
[  2.7e-09:  3.1e-09)   0 (  0.0%) |
[  3.1e-09:  3.4e-09)   0 (  0.0%) |
[  3.4e-09:  3.8e-09)   1 (  0.1%) |

Final critical path delay (least slack): 11.8438 ns, Fmax: 84.4325 MHz
Final critical path skew: -0.04243 ns
Final setup Worst Negative Slack (sWNS): -11.8438 ns
Final setup Total Negative Slack (sTNS): -4819.39 ns
Final setup Worst Skew (sWS): -0.04243 ns

Final setup slack histogram:
[ -1.2e-08: -1.1e-08)  21 (  2.3%) |**
[ -1.1e-08: -9.6e-09)  18 (  1.9%) |**
[ -9.6e-09: -8.4e-09) 104 ( 11.2%) |***********
[ -8.4e-09: -7.3e-09)  18 (  1.9%) |**
[ -7.3e-09: -6.2e-09)   1 (  0.1%) |
[ -6.2e-09:   -5e-09) 182 ( 19.6%) |********************
[   -5e-09: -3.9e-09) 438 ( 47.1%) |***********************************************
[ -3.9e-09: -2.8e-09) 108 ( 11.6%) |************
[ -2.8e-09: -1.6e-09)  11 (  1.2%) |*
[ -1.6e-09: -4.9e-10)  28 (  3.0%) |***

Final geomean non-virtual intra-domain period: 11.8438 ns (84.4325 MHz)
Final fanout-weighted geomean non-virtual intra-domain period: 11.8438 ns (84.4325 MHz)

Incr Slack updates 1 in 9.3986e-05 sec
Full Max Req/Worst Slack updates 1 in 2.7931e-05 sec
Incr Max Req/Worst Slack updates 0 in 0 sec
Incr Criticality updates 0 in 0 sec
Full Criticality updates 1 in 0.000260328 sec
VPR failed to implement circuit
The entire flow of VPR took 5.68 seconds (max_rss 98.9 MiB)

