VPR FPGA Placement and Routing.
Version: 9.0.0-dev+v8.0.0-18248-g40f8d19708
Revision: v8.0.0-18248-g40f8d19708
Compiled: 2026-09-22T03:43:48
Compiler: GNU 13.3.0 on Linux-5.15.0-119-generic x86_64
Build Info: release IPO VTR_ASSERT_LEVEL=2

University of Toronto
verilogtorouting.org
vtr-users@googlegroups.com
This is free open source code under MIT license.

VPR was run with the following command-line:
/inspire/hdd/project/project-public/changshunjie-253114010247/changshunjie-253114010247/workspace/DAC2027/vtr/vtr-verilog-to-routing/vpr/vpr /inspire/hdd/project/project-public/changshunjie-253114010247/changshunjie-253114010247/workspace/DAC2027/vtr/vtr-verilog-to-routing/vtr_flow/arch/COFFE_22nm/k6FracN10LB_mem20K_complexDSP_customSB_22nm.xml /inspire/hdd/project/project-public/changshunjie-253114010247/changshunjie-253114010247/workspace/DAC2027/TailCompile/experiments/vtr/runs/pilot_v1/sha/full-seed1-w300/sha.pre-vpr.blif --analytical_place --route --analysis --ap_full_legalizer flat-recon --ap_detailed_placer annealer --seed 11 --route_chan_width 110 --write_flat_place /inspire/hdd/project/project-public/changshunjie-253114010247/changshunjie-253114010247/workspace/DAC2027/TailCompile/vtr_work/tailcompile_v3/sha/4x4/gnn_candidate-fp44835ad3-flat-recon-annealer-seed11-w110-devw14/post_route.fplace --write_legalized_flat_place /inspire/hdd/project/project-public/changshunjie-253114010247/changshunjie-253114010247/workspace/DAC2027/TailCompile/vtr_work/tailcompile_v3/sha/4x4/gnn_candidate-fp44835ad3-flat-recon-annealer-seed11-w110-devw14/post_legalizer.fplace --flat_place_verbosity 1 --device_width 14 --net_file /inspire/hdd/project/project-public/changshunjie-253114010247/changshunjie-253114010247/workspace/DAC2027/TailCompile/vtr_work/tailcompile_v3/sha/4x4/gnn_candidate-fp44835ad3-flat-recon-annealer-seed11-w110-devw14/sha.locked-input.net --read_flat_place /inspire/hdd/global_user/changshunjie-253114010247/workspace/DAC2027/TailCompile/experiments/vtr/tailcompile_v3/sha/4x4/pools/bootstrap_24/candidate_18_seed12045.fplace

Using up to 1 parallel worker(s)

Architecture file: /inspire/hdd/project/project-public/changshunjie-253114010247/changshunjie-253114010247/workspace/DAC2027/vtr/vtr-verilog-to-routing/vtr_flow/arch/COFFE_22nm/k6FracN10LB_mem20K_complexDSP_customSB_22nm.xml
Circuit name: sha.pre-vpr

# Loading Architecture Description
# Loading Architecture Description took 0.04 seconds (max_rss 18.9 MiB, delta_rss +0.0 MiB)

Timing analysis: ON
Circuit netlist file: /inspire/hdd/project/project-public/changshunjie-253114010247/changshunjie-253114010247/workspace/DAC2027/TailCompile/vtr_work/tailcompile_v3/sha/4x4/gnn_candidate-fp44835ad3-flat-recon-annealer-seed11-w110-devw14/sha.locked-input.net
Circuit placement file: sha.pre-vpr.place
Circuit routing file: sha.pre-vpr.route
Circuit SDC file: sha.pre-vpr.sdc
Vpr floorplanning constraints file: not specified

Packer: DISABLED
Placer: DISABLED
Analytical Placer: ENABLED
Router: ENABLED
Analysis: ENABLED

VPR was run with the following options:

netlist_opts.absorb_buffer_luts            : true
netlist_opts.sweep_dangling_primary_ios    : true
netlist_opts.sweep_dangling_nets           : true
netlist_opts.sweep_dangling_blocks         : true
netlist_opts.sweep_constant_primary_outputs: false
netlist_opts.netlist_verbosity             : 1
netlist_opts.const_gen_inference           : COMB_SEQ

AnalyticalPlacerOpts.analytical_solver_type: lp-b2b
AnalyticalPlacerOpts.partial_legalizer_type: bipartitioning
AnalyticalPlacerOpts.full_legalizer_type: flat-recon
AnalyticalPlacerOpts.detailed_placer_type: annealer
AnalyticalPlacerOpts.ap_timing_tradeoff: 0.500000
AnalyticalPlacerOpts.ap_high_fanout_threshold: 256
AnalyticalPlacerOpts.log_verbosity: 1
router_opts.route_type: DETAILED
router_opts.flat_routing: false
router_opts.choke_points: on
router_opts.router_algorithm: TIMING_DRIVEN
router_opts.base_cost_type: DELAY_NORMALIZED_LENGTH
router_opts.fixed_channel_width: 110
router_opts.check_route: FULL
router_opts.acc_fac: 1.000000
router_opts.bb_factor: 3
router_opts.bend_cost: 0.000000
router_opts.first_iter_pres_fac: 0.000000
router_opts.initial_pres_fac: 0.500000
router_opts.pres_fac_mult: 1.300000
router_opts.max_pres_fac: 1000.000000
router_opts.max_router_iterations: 50
router_opts.min_incremental_reroute_fanout: 16
router_opts.initial_acc_cost_chan_congestion_threshold: 0.500000
router_opts.initial_acc_cost_chan_congestion_weight: 0.500000
router_opts.do_check_rr_graph: true
router_opts.verify_binary_search: false
router_opts.min_channel_width_hint: 0
router_opts.read_rr_edge_metadata: false
router_opts.exit_after_first_routing_iteration: false
router_opts.astar_fac: 1.200000
router_opts.astar_offset: 0.000000
router_opts.router_profiler_astar_fac: 1.200000
router_opts.enable_parallel_connection_router: false
router_opts.post_target_prune_fac: 1.200000
router_opts.post_target_prune_offset: 0
router_opts.multi_queue_num_threads: 1
router_opts.multi_queue_num_queues: 2
router_opts.multi_queue_direct_draining: false
router_opts.criticality_exp: 1.000000
router_opts.max_criticality: 0.990000
router_opts.init_wirelength_abort_threshold: 0.850000
router_opts.incr_reroute_delay_ripup: AUTO
router_opts.save_routing_per_iteration: false
router_opts.congested_routing_iteration_threshold_frac: 1.000000
router_opts.high_fanout_threshold: 64
router_opts.router_debug_net: -2
router_opts.router_debug_sink_rr: -2
router_opts.router_debug_iteration: -2
router_opts.max_convergence_count: 1
router_opts.reconvergence_cpd_threshold: 0.990000
router_opts.update_lower_bound_delays: true
router_opts.first_iteration_timing_report_file: 
router_opts.route_bb_update: DYNAMIC
router_opts.lookahead_type: MAP
router_opts.initial_timing: LOOKAHEAD
router_opts.router_heap: FOUR_ARY_HEAP
router_opts.routing_failure_predictor = SAFE
router_opts.routing_predictor_min_history: 8
router_opts.routing_budgets_algorithm = DISABLE

analysis_opts.gen_post_synthesis_netlist: false
analysis_opts.gen_post_implementation_merged_netlist: false
analysis_opts.gen_post_implementation_sdc: false
analysis_opts.timing_report_npaths: 100
analysis_opts.timing_report_skew: false
analysis_opts.echo_dot_timing_graph_node: -1
analysis_opts.timing_report_detail: NETLIST
analysis_opts.post_synth_netlist_unconn_input_handling: UNCONNECTED
analysis_opts.post_synth_netlist_unconn_output_handling: UNCONNECTED
analysis_opts.post_synth_netlist_module_parameters: on

# Building complex block graph
# Building complex block graph took 0.10 seconds (max_rss 24.6 MiB, delta_rss +5.7 MiB)
Circuit file: /inspire/hdd/project/project-public/changshunjie-253114010247/changshunjie-253114010247/workspace/DAC2027/TailCompile/experiments/vtr/runs/pilot_v1/sha/full-seed1-w300/sha.pre-vpr.blif
# Load circuit
Found 3 constant generator(s) in the netlist (2 constant-zero, 1 constant-one) (run with --netlist_verbosity 2 to list names)
# Load circuit took 0.02 seconds (max_rss 28.3 MiB, delta_rss +3.7 MiB)
# Clean circuit
Absorbed 0 LUT buffers
Found 22 primitive output pin(s) driven only by constants; marked them as constants
Swept input(s)      : 0
Swept output(s)     : 0 (0 dangling, 0 constant)
Swept net(s)        : 22
Swept block(s)      : 0
Constant Pins Marked: 22
# Clean circuit took 0.00 seconds (max_rss 28.3 MiB, delta_rss +0.0 MiB)
# Compress circuit
# Compress circuit took 0.00 seconds (max_rss 28.3 MiB, delta_rss +0.0 MiB)
# Verify circuit
# Verify circuit took 0.00 seconds (max_rss 28.3 MiB, delta_rss +0.0 MiB)
Circuit Statistics:
  Blocks: 2491
    .input :      38
    .latch :     893
    .names :    1215
        0-LUT:       2
        1-LUT:       1
        2-LUT:      63
        3-LUT:     106
        4-LUT:      88
        5-LUT:     314
        6-LUT:     641
    .output:      36
    adder  :     309
  Nets  : 2742
    Avg Fanout:     3.3
    Max Fanout:   893.0
    Min Fanout:     1.0
  Netlist Clocks: 1
# Build Timing Graph
  Timing Graph Nodes: 11695
  Timing Graph Edges: 18725
  Timing Graph Levels: 84
# Build Timing Graph took 0.01 seconds (max_rss 31.7 MiB, delta_rss +3.1 MiB)
Netlist contains 1 clocks
  Netlist Clock 'clk_i' Fanout: 893 pins (7.6%), 893 blocks (35.8%)
# Load Timing Constraints

SDC file 'sha.pre-vpr.sdc' not found
Setting default timing constraints:
   * constrain all primary inputs and primary outputs on netlist clock 'clk_i'
   * optimize netlist clock to run as fast as possible
Timing constraints created 1 clocks
  Constrained Clock 'clk_i' Source: 'clk_i.inpad[0]'

# Load Timing Constraints took 0.00 seconds (max_rss 31.7 MiB, delta_rss +0.0 MiB)
# Analytical Placement
## Prepacker

There is one chain in this architecture called "chain" with the following starting points:
	clb[0]/lab[0]/fle[0]/ble5[0]/arithmetic[0]/adder[0].cin[0]

## Prepacker took 0.00 seconds (max_rss 32.0 MiB, delta_rss +0.3 MiB)
## Initializing Pre-Cluster Timing
Using inter-cluster delay: 2.1832e-09
## Initializing Pre-Cluster Timing took 0.20 seconds (max_rss 32.6 MiB, delta_rss +0.7 MiB)
## Estimate Device Size
Device layout 'auto' with fixed width 14.
FPGA sized to 14 x 14: 196 grid tiles (auto)
## Estimate Device Size took 0.00 seconds (max_rss 32.6 MiB, delta_rss +0.0 MiB)
## Ram Mapper
Flat Placement is provided, skipping the RAM mapping.
## Ram Mapper took 0.00 seconds (max_rss 32.6 MiB, delta_rss +0.0 MiB)
## Read Atom Netlist to AP Netlist
## Read Atom Netlist to AP Netlist took 0.01 seconds (max_rss 36.5 MiB, delta_rss +3.8 MiB)
Analytical Placement Netlist Statistics:
	AP Blocks: 1315
		Moveable AP Blocks: 1315
		Fixed AP Blocks: 0
	AP Nets: 1563
		Average Fanout: 4.51
		Highest Fanout: 194
	AP Pins: 11695

## Computing placement delta delay look-up
### Build routing resource graph
### Build routing resource graph took 0.11 seconds (max_rss 47.6 MiB, delta_rss +11.1 MiB)
  RR Graph Nodes: 33828
  RR Graph Edges: 257320
### Computing router lookahead map
#### Computing wire lookahead
#### Computing wire lookahead took 0.04 seconds (max_rss 48.3 MiB, delta_rss +0.5 MiB)
#### Computing src/opin lookahead
Warning 1: Found no more sample locations for SOURCE in io
Warning 2: Found no more sample locations for OPIN in io
Warning 3: Found no more sample locations for SOURCE in clb
Warning 4: Found no more sample locations for OPIN in clb
Warning 5: Found no more sample locations for SOURCE in dsp_top
Warning 6: Found no more sample locations for OPIN in dsp_top
Warning 7: Found no more sample locations for SOURCE in memory
Warning 8: Found no more sample locations for OPIN in memory
#### Computing src/opin lookahead took 0.00 seconds (max_rss 48.3 MiB, delta_rss +0.0 MiB)
### Computing router lookahead map took 0.05 seconds (max_rss 48.3 MiB, delta_rss +0.5 MiB)
Serial Connection Router is being destroyed. Time spent on path search: 0.000 seconds.
## Computing placement delta delay look-up took 0.17 seconds (max_rss 48.3 MiB, delta_rss +11.9 MiB)
Flat Placement is provided in the AP flow, skipping the Global Placement.
0 of 1315 molecules placed at device center (no atoms of these molecules found in flat placement).
## AP Full Legalizer
### Creating Clusters
Device (width, height): (14,14)
#### Sorting and Grouping Blocks by Tile
#### Sorting and Grouping Blocks by Tile took 0.00 seconds (max_rss 48.3 MiB, delta_rss +0.0 MiB)
#### Reconstruction Pass Clustering
#### Reconstruction Pass Clustering took 2.10 seconds (max_rss 50.4 MiB, delta_rss +2.0 MiB)
#### Orphan Window Clustering with search radius 8
#### Orphan Window Clustering with search radius 8 took 0.01 seconds (max_rss 50.4 MiB, delta_rss +0.0 MiB)
FPGA sized to 14 x 14: 196 grid tiles (auto)
Device Utilization: 0.62 (target 1.00)
	Block Utilization: 0.19 Type: io
	Block Utilization: 0.93 Type: clb

----------------------------------------------------------------
                       Clustering Summary                       
----------------------------------------------------------------
Clusters created (Self Clustering)                       : 185
    clb        : 111
    io         : 74
Clusters created (Orphan Window Clustering)              : 1
    clb        : 1
Total clusters                                           : 186
Percent of clusters created in Orphan Window Clustering  : 0.54%
Molecules clustered in each stage breakdown  : (Total of 1315)
	Self Clustering          (0.996958)  : 1311
 	Neighbor Clustering      (0.000000)  : 0
	Orphan Window Clustering (0.003042)  : 4
----------------------------------------------------------------

Final Clustering Statistics: 
----------   --------   ------------------------------------   --------------------------
Block Type   # Blocks   Avg. # of input clocks and pins used   Avg. # of output pins used
----------   --------   ------------------------------------   --------------------------
     EMPTY          0                                      0                            0   
        io         74                               0.486486                     0.513514   
       clb        112                                25.4196                      8.98214   
   dsp_top          0                                      0                            0   
    memory          0                                      0                            0   
Absorbed logical nets 1698 out of 2742 nets, 1044 nets not absorbed.
#### Load packing
##### Loading packed FPGA netlist file.
Netlist generated from file '/inspire/hdd/project/project-public/changshunjie-253114010247/changshunjie-253114010247/workspace/DAC2027/TailCompile/vtr_work/tailcompile_v3/sha/4x4/gnn_candidate-fp44835ad3-flat-recon-annealer-seed11-w110-devw14/sha.locked-input.net'.
Detected 2 constant generators (to see names run with higher pack verbosity)
##### Loading packed FPGA netlist file. took 0.17 seconds (max_rss 61.7 MiB, delta_rss +6.9 MiB)
Warning 9: Treated 2 constant nets as global which will not be routed (to see net names increase packer verbosity).
Netlist contains 33 global net to non-global architecture pin connections
Completed clustering consistency check successfully.
Cluster level netlist and block usage statistics
Netlist num_nets: 1044
Netlist num_blocks: 186
Netlist EMPTY blocks: 0.
Netlist io blocks: 74.
Netlist clb blocks: 112.
Netlist dsp_top blocks: 0.
Netlist memory blocks: 0.
Netlist inputs pins: 38
Netlist output pins: 36

Pb types usage...
  io               : 74
   inpad           : 38
   outpad          : 36
  clb              : 112
   lab             : 112
    fle            : 1086
     ble5          : 882
      flut5        : 573
       lut5        : 573
        lut        : 573
       ff          : 353
      arithmetic   : 309
       adder       : 309
     ble6          : 642
      lut6         : 642
       lut         : 642
      ff           : 540

#### Load packing took 0.25 seconds (max_rss 100.2 MiB, delta_rss +45.5 MiB)
Netlist contains 33 global net to non-global architecture pin connections
Cluster level netlist and block usage statistics
Netlist num_nets: 1044
Netlist num_blocks: 186
Netlist EMPTY blocks: 0.
Netlist io blocks: 74.
Netlist clb blocks: 112.
Netlist dsp_top blocks: 0.
Netlist memory blocks: 0.
Netlist inputs pins: 38
Netlist output pins: 36
### Creating Clusters took 2.47 seconds (max_rss 100.3 MiB, delta_rss +51.9 MiB)
Completed clustering consistency check successfully.
FPGA sized to 14 x 14: 196 grid tiles (auto)
### Compressed grid construction
### Compressed grid construction took 0.00 seconds (max_rss 100.3 MiB, delta_rss +0.0 MiB)
### Initial Placement
Placing clusters that are part of larger macros...
Number of blocks to be placed: 18
Max distance on device: 28
---- ---------- ---------- -------------
Pass Max Displ. Num Blocks Num Blocks   
     Threshold  Placed     Left Unplaced
---- ---------- ---------- -------------
   0          0          8            10
   1          1          8             2
   2          2          2             0

Placing general clusters...
Number of blocks to be placed: 168
Max distance on device: 28
---- ---------- ---------- -------------
Pass Max Displ. Num Blocks Num Blocks   
     Threshold  Placed     Left Unplaced
---- ---------- ---------- -------------
   0          0        159             9
   1          1          1             8
   2          2          4             4
   3          4          1             3
   4          8          2             1
   5         16          1             0

### Initial Placement took 0.00 seconds (max_rss 100.3 MiB, delta_rss +0.0 MiB)
Flat Placement Reconstruction Info:
	Percent of clusters with reconstruction errors: 0.537634
	Total displacement of initial placement from flat placement: 1520.000000
	Average atom displacement of initial placement from flat placement: 0.610197
	Max atom displacement of initial placement from flat placement: 11.000000
	Percent of atoms misplaced from the flat placement: 21.918907
## AP Full Legalizer took 2.48 seconds (max_rss 100.4 MiB, delta_rss +52.0 MiB)

Resource usage...
	Netlist
		74	blocks of type: io
	Architecture
		384	blocks of type: io
	Netlist
		112	blocks of type: clb
	Architecture
		120	blocks of type: clb
	Netlist
		0	blocks of type: dsp_top
	Architecture
		3	blocks of type: dsp_top
	Netlist
		0	blocks of type: memory
	Architecture
		6	blocks of type: memory

Device Utilization: 0.62 (target 1.00)
	Physical Tile io:
	Block Utilization: 0.19 Logical Block: io
	Physical Tile clb:
	Block Utilization: 0.93 Logical Block: clb
	Physical Tile dsp_top:
	Block Utilization: 0.00 Logical Block: dsp_top
	Physical Tile memory:
	Block Utilization: 0.00 Logical Block: memory

## Computing placement delta delay look-up
RR graph channel widths unchanged, skipping RR graph rebuild
Serial Connection Router is being destroyed. Time spent on path search: 0.000 seconds.
## Computing placement delta delay look-up took 0.00 seconds (max_rss 100.6 MiB, delta_rss +0.1 MiB)
Using simple RL 'Softmax agent' for choosing move and block types

Completed placement consistency check successfully.
Initial placement cost: 1 bb_cost: 100.955 td_cost: 6.45339e-07
Initial placement BB estimate of wirelength: 11081.6
Initial placement estimated Critical Path Delay (CPD): 10.6806 ns
Initial placement estimated setup Total Negative Slack (sTNS): -2904.6 ns
Initial placement estimated setup Worst Negative Slack (sWNS): -10.6806 ns

Initial placement estimated setup slack histogram:
[ -1.1e-08: -9.7e-09)  11 (  1.2%) |*
[ -9.7e-09: -8.7e-09)  21 (  2.3%) |**
[ -8.7e-09: -7.7e-09)   0 (  0.0%) |
[ -7.7e-09: -6.7e-09)   0 (  0.0%) |
[ -6.7e-09: -5.7e-09)   0 (  0.0%) |
[ -5.7e-09: -4.7e-09)   1 (  0.1%) |
[ -4.7e-09: -3.7e-09) 128 ( 13.8%) |***********
[ -3.7e-09: -2.7e-09) 534 ( 57.5%) |***********************************************
[ -2.7e-09: -1.7e-09) 183 ( 19.7%) |****************
[ -1.7e-09:   -7e-10)  51 (  5.5%) |****
Placement contains 9 placement macros involving 18 blocks (average macro size 2.000000)

Moves per temperature: 530
## AP Detailed Placer

---- ------ ------- ------- ---------- ---------- ------- ---------- -------- ------- ------- ------ -------- --------- ------
Tnum  Time     T    AvCost  Av BB Cost Av TD Cost   CPD      sTNS      sWNS   AcRate  StdDev  R lim  CritExp  TotMoves  Alpha 
     (sec)                                          (ns)     (ns)      (ns)                                                   
---- ------ ------- ------- ---------- ---------- ------- ---------- -------- ------- ------- ------ -------- --------- ------
   1    0.0 2.8e-03   0.991      93.23 6.2717e-07  10.114  -2.86e+03  -10.114   0.649  0.0068   13.0     1.00        530  1.000
   2    0.0 2.6e-03   0.990      94.84 6.1734e-07  10.693  -3.15e+03  -10.693   0.666  0.0114   13.0     1.00       1060  0.950
   3    0.0 2.5e-03   1.007      95.01 6.3379e-07  10.306  -3.16e+03  -10.306   0.636  0.0066   13.0     1.00       1590  0.950
   4    0.0 2.4e-03   0.985      96.29 6.633e-07    9.887  -3.23e+03   -9.887   0.623  0.0049   13.0     1.00       2120  0.950
   5    0.0 2.3e-03   0.992      95.71 6.2696e-07  10.661  -3.19e+03  -10.661   0.613  0.0100   13.0     1.00       2650  0.950
   6    0.0 2.1e-03   1.004      99.25 6.5195e-07  10.180  -3.13e+03  -10.180   0.634  0.0059   13.0     1.00       3180  0.950
   7    0.0 2.0e-03   1.005      99.55 6.4722e-07  10.783  -3.37e+03  -10.783   0.658  0.0095   13.0     1.00       3710  0.950
   8    0.0 1.9e-03   0.996      96.89 6.3825e-07  10.437  -3.22e+03  -10.437   0.568  0.0040   13.0     1.00       4240  0.950
   9    0.0 1.8e-03   0.999      96.61 6.4854e-07  10.442  -3.32e+03  -10.442   0.604  0.0050   13.0     1.00       4770  0.950
  10    0.0 1.7e-03   0.999      97.50 6.3999e-07  10.751  -3.31e+03  -10.751   0.634  0.0089   13.0     1.00       5300  0.950
  11    0.0 1.7e-03   1.002      97.74 6.3428e-07  10.845  -3.41e+03  -10.845   0.596  0.0056   13.0     1.00       5830  0.950
  12    0.0 1.6e-03   0.985      94.21 6.4307e-07  10.219  -3.24e+03  -10.219   0.568  0.0104   13.0     1.00       6360  0.950
  13    0.0 1.5e-03   0.997      90.41 6.3511e-07   9.789  -3.06e+03   -9.789   0.521  0.0060   13.0     1.00       6890  0.950
  14    0.0 1.4e-03   0.998      89.51 6.3968e-07   9.791  -3.08e+03   -9.791   0.557  0.0043   13.0     1.00       7420  0.950
  15    0.0 1.3e-03   0.982      88.10 6.2185e-07  10.381  -3.33e+03  -10.381   0.538  0.0083   13.0     1.00       7950  0.950
  16    0.0 1.3e-03   0.995      86.21 6.084e-07   10.040  -2.95e+03  -10.040   0.525  0.0022   13.0     1.00       8480  0.950
  17    0.0 1.2e-03   0.997      86.16 6.2927e-07   9.773  -2.99e+03   -9.773   0.498  0.0032   13.0     1.00       9010  0.950
  18    0.0 1.2e-03   1.002      86.66 6.2673e-07  10.067  -3.16e+03  -10.067   0.513  0.0038   13.0     1.00       9540  0.950
  19    0.0 1.1e-03   0.993      87.40 6.0883e-07  10.327   -3.1e+03  -10.327   0.506  0.0065   13.0     1.00      10070  0.950
  20    0.0 1.0e-03   1.004      86.55 5.9442e-07  10.650  -3.26e+03  -10.650   0.511  0.0024   13.0     1.00      10600  0.950
  21    0.0 9.9e-04   0.988      85.56 6.1074e-07  10.130  -3.06e+03  -10.130   0.460  0.0047   13.0     1.00      11130  0.950
  22    0.0 9.4e-04   1.001      85.64 6.1202e-07  10.025  -3.11e+03  -10.025   0.500  0.0030   13.0     1.00      11660  0.950
  23    0.0 8.9e-04   0.985      84.73 6.1533e-07   9.917  -3.02e+03   -9.917   0.502  0.0087   13.0     1.00      12190  0.950
  24    0.0 8.5e-04   0.999      83.82 5.9782e-07  10.152  -3.02e+03  -10.152   0.442  0.0025   13.0     1.00      12720  0.950
  25    0.0 8.1e-04   1.003      83.02 6.0722e-07  10.057  -2.98e+03  -10.057   0.438  0.0018   13.0     1.00      13250  0.950
  26    0.0 7.7e-04   0.996      82.14 6.0702e-07   9.794  -2.94e+03   -9.794   0.449  0.0032   13.0     1.02      13780  0.950
  27    0.0 7.3e-04   1.002      82.63 6.1396e-07   9.795  -2.89e+03   -9.795   0.508  0.0027   13.0     1.00      14310  0.950
  28    0.0 6.9e-04   1.000      82.92 6.0168e-07  10.025  -2.89e+03  -10.025   0.438  0.0020   13.0     1.00      14840  0.950
  29    0.0 6.6e-04   0.993      83.02 6.0954e-07   9.578  -2.96e+03   -9.578   0.417  0.0018   13.0     1.02      15370  0.950
  30    0.0 6.2e-04   1.000      82.71 5.15e-07     9.574  -2.93e+03   -9.574   0.404  0.0020   12.7     1.19      15900  0.950
  31    0.0 5.9e-04   0.997      82.25 4.0919e-07   9.786  -2.92e+03   -9.786   0.396  0.0016   12.2     1.46      16430  0.950
  32    0.0 5.6e-04   0.993      81.17 3.3174e-07   9.783  -2.94e+03   -9.783   0.374  0.0040   11.7     1.77      16960  0.950
  33    0.0 5.4e-04   1.000      80.63 2.5882e-07   9.678   -2.9e+03   -9.678   0.408  0.0013   10.9     2.22      17490  0.950
  34    0.0 5.1e-04   0.994      80.02 2.3532e-07   9.678  -2.89e+03   -9.678   0.396  0.0025   10.5     2.43      18020  0.950
  35    0.0 4.8e-04   0.995      79.82 2.1186e-07   9.668  -2.98e+03   -9.668   0.381  0.0028   10.1     2.70      18550  0.950
  36    0.0 4.6e-04   0.995      79.31 1.8835e-07   9.617  -2.98e+03   -9.617   0.383  0.0019    9.5     3.05      19080  0.950
  37    0.0 4.4e-04   0.993      78.35 1.7894e-07   9.496  -2.99e+03   -9.496   0.396  0.0036    9.0     3.36      19610  0.950
  38    0.0 4.1e-04   0.992      76.55 1.6729e-07   9.585  -2.91e+03   -9.585   0.332  0.0040    8.6     3.59      20140  0.950
  39    0.0 3.9e-04   0.996      75.64 1.5128e-07   9.630  -2.91e+03   -9.630   0.317  0.0017    7.6     4.13      20670  0.950
  40    0.0 3.7e-04   0.997      75.86 1.4035e-07   9.630  -2.93e+03   -9.630   0.343  0.0017    6.7     4.68      21200  0.950
  41    0.0 3.6e-04   0.996      75.44 1.3258e-07   9.706  -2.94e+03   -9.706   0.319  0.0025    6.1     5.05      21730  0.950
  42    0.0 3.4e-04   1.000      75.11 1.2782e-07   9.706  -2.93e+03   -9.706   0.275  0.0009    5.3     5.48      22260  0.950
  43    0.0 3.2e-04   0.997      74.49 1.2344e-07   9.706  -2.93e+03   -9.706   0.296  0.0019    4.4     5.99      22790  0.950
  44    0.0 3.0e-04   1.000      74.00 1.2078e-07   9.626  -2.92e+03   -9.626   0.270  0.0008    3.8     6.36      23320  0.950
  45    0.0 2.9e-04   1.000      74.06 1.2127e-07   9.600  -2.92e+03   -9.600   0.287  0.0007    3.2     6.74      23850  0.950
  46    0.0 2.7e-04   0.994      73.59 1.212e-07    9.432  -2.92e+03   -9.432   0.257  0.0025    2.7     7.02      24380  0.950
  47    0.0 2.6e-04   1.000      73.12 1.1759e-07   9.432  -2.94e+03   -9.432   0.296  0.0009    2.2     7.31      24910  0.950
  48    0.0 2.5e-04   1.000      73.02 1.1669e-07   9.432  -2.93e+03   -9.432   0.385  0.0006    1.9     7.49      25440  0.950
  49    0.0 2.4e-04   1.000      73.34 1.1854e-07   9.387  -2.92e+03   -9.387   0.375  0.0018    1.8     7.55      25970  0.950
  50    0.0 2.2e-04   0.997      73.19 1.1741e-07   9.432  -2.92e+03   -9.432   0.408  0.0032    1.7     7.62      26500  0.950
  51    0.0 2.1e-04   0.999      72.92 1.1762e-07   9.390  -2.97e+03   -9.390   0.387  0.0007    1.6     7.65      27030  0.950
  52    0.0 2.0e-04   0.997      72.65 1.1848e-07   9.300  -2.94e+03   -9.300   0.321  0.0016    1.5     7.70      27560  0.950
  53    0.0 1.9e-04   1.000      72.27 1.1843e-07   9.314  -2.92e+03   -9.314   0.351  0.0007    1.3     7.81      28090  0.950
  54    0.0 1.8e-04   1.001      72.46 1.1808e-07   9.314  -2.92e+03   -9.314   0.343  0.0010    1.2     7.88      28620  0.950
  55    0.0 1.7e-04   0.997      72.21 1.1798e-07   9.272  -3.04e+03   -9.272   0.285  0.0021    1.1     7.94      29150  0.950
  56    0.0 1.6e-04   0.998      71.44 1.175e-07    9.332  -2.92e+03   -9.332   0.242  0.0013    1.0     8.00      29680  0.950
  57    0.0 1.6e-04   1.000      71.36 1.1767e-07   9.323  -2.91e+03   -9.323   0.230  0.0004    1.0     8.00      30210  0.950
  58    0.0 1.5e-04   1.000      71.44 1.1772e-07   9.314  -2.91e+03   -9.314   0.230  0.0004    1.0     8.00      30740  0.950
  59    0.0 1.4e-04   0.998      71.30 1.1794e-07   9.262  -2.91e+03   -9.262   0.251  0.0012    1.0     8.00      31270  0.950
  60    0.0 1.3e-04   1.002      71.40 1.1799e-07   9.288  -2.87e+03   -9.288   0.253  0.0006    1.0     8.00      31800  0.950
  61    0.0 1.3e-04   0.998      71.15 1.18e-07     9.288  -2.87e+03   -9.288   0.225  0.0007    1.0     8.00      32330  0.950
  62    0.0 1.2e-04   1.000      71.21 1.1757e-07   9.314  -2.87e+03   -9.314   0.234  0.0006    1.0     8.00      32860  0.950
  63    0.0 1.1e-04   1.000      71.03 1.1834e-07   9.288  -2.86e+03   -9.288   0.211  0.0004    1.0     8.00      33390  0.950
  64    0.0 1.1e-04   1.000      71.01 1.182e-07    9.288  -2.88e+03   -9.288   0.219  0.0004    1.0     8.00      33920  0.950
  65    0.0 1.0e-04   0.999      70.78 1.1781e-07   9.314  -2.87e+03   -9.314   0.223  0.0004    1.0     8.00      34450  0.950
  66    0.0 9.8e-05   0.999      70.73 1.1873e-07   9.256  -2.87e+03   -9.256   0.206  0.0005    1.0     8.00      34980  0.950
  67    0.0 9.4e-05   1.000      70.60 1.1959e-07   9.195  -2.87e+03   -9.195   0.181  0.0002    1.0     8.00      35510  0.950
  68    0.0 8.9e-05   1.000      70.83 1.157e-07    9.332  -2.87e+03   -9.332   0.204  0.0003    1.0     8.00      36040  0.950
  69    0.0 8.4e-05   0.999      70.76 1.1908e-07   9.195   -2.9e+03   -9.195   0.143  0.0004    1.0     8.00      36570  0.950
Agent's 2nd state: 
  70    0.0 6.8e-05   1.000      70.67 1.1541e-07   9.332  -2.87e+03   -9.332   0.111  0.0002    1.0     8.00      37100  0.800
Checkpoint saved: bb_costs=70.6819, TD costs=1.17748e-07, CPD=  9.272 (ns) 
  71    0.0 5.4e-05   0.999      70.57 1.1774e-07   9.272  -2.87e+03   -9.272   0.092  0.0003    1.0     8.00      37630  0.800
Checkpoint saved: bb_costs=70.5459, TD costs=1.19302e-07, CPD=  9.220 (ns) 
  72    0.0 4.3e-05   1.000      70.48 1.1931e-07   9.220  -2.87e+03   -9.220   0.102  0.0003    1.0     8.00      38160  0.800
  73    0.0 3.5e-05   0.999      70.36 1.1631e-07   9.332  -2.87e+03   -9.332   0.066  0.0004    1.0     8.00      38690  0.800
  74    0.0 2.8e-05   1.000      70.31 1.1551e-07   9.332  -2.87e+03   -9.332   0.057  0.0002    1.0     8.00      39220  0.800
  75    0.0 2.2e-05   0.999      70.26 1.1933e-07   9.220  -2.87e+03   -9.220   0.074  0.0004    1.0     8.00      39750  0.800
  76    0.0 1.8e-05   1.000      70.19 1.1553e-07   9.332  -2.87e+03   -9.332   0.077  0.0002    1.0     8.00      40280  0.800
Checkpoint saved: bb_costs=70.1451, TD costs=1.19193e-07, CPD=  9.195 (ns) 
  77    0.0 1.4e-05   1.000      70.14 1.1911e-07   9.195  -2.86e+03   -9.195   0.049  0.0001    1.0     8.00      40810  0.800
  78    0.0 1.1e-05   1.000      70.12 1.1935e-07   9.220  -2.86e+03   -9.220   0.047  0.0001    1.0     8.00      41340  0.800
  79    0.0 9.1e-06   1.000      70.07 1.1631e-07   9.332  -2.87e+03   -9.332   0.030  0.0001    1.0     8.00      41870  0.800
  80    0.0 7.3e-06   1.000      70.05 1.163e-07    9.332  -2.87e+03   -9.332   0.034  0.0001    1.0     8.00      42400  0.800
  81    0.0 5.8e-06   1.000      70.05 1.1634e-07   9.332  -2.87e+03   -9.332   0.028  0.0002    1.0     8.00      42930  0.800
  82    0.0 0.0e+00   1.000      70.04 1.1634e-07   9.332  -2.87e+03   -9.332   0.026  0.0001    1.0     8.00      43460  0.800
### Placement Quench took 0.01 seconds (max_rss 103.2 MiB)
post-quench CPD = 9.33226 (ns) 

Checkpoint restored

Completed placement consistency check successfully.

Swaps called: 43646

Aborted Move Reasons:
  duplicate block move from location: 1
  duplicate block move to location: 87
  macro move to location illegal: 6
  macro_from swap to location illegal: 293

BB estimate of min-dist (placement) wire length: 7678

Placement estimated critical path delay (least slack): 9.19488 ns, Fmax: 108.756 MHz
Placement estimated critical path skew: -0.04243 ns
Placement estimated setup Worst Negative Slack (sWNS): -9.19488 ns
Placement estimated setup Total Negative Slack (sTNS): -2864.3 ns
Placement estimated setup Worst Skew (sWS): -0.04243 ns

Placement estimated setup slack histogram:
[ -9.2e-09: -8.3e-09)  19 (  2.0%) |*
[ -8.3e-09: -7.5e-09)  13 (  1.4%) |*
[ -7.5e-09: -6.6e-09)   0 (  0.0%) |
[ -6.6e-09: -5.8e-09)   0 (  0.0%) |
[ -5.8e-09: -4.9e-09)   0 (  0.0%) |
[ -4.9e-09: -4.1e-09)   1 (  0.1%) |
[ -4.1e-09: -3.2e-09) 152 ( 16.4%) |************
[ -3.2e-09: -2.4e-09) 611 ( 65.8%) |***********************************************
[ -2.4e-09: -1.6e-09)  82 (  8.8%) |******
[ -1.6e-09:   -7e-10)  51 (  5.5%) |****

Placement estimated geomean non-virtual intra-domain period: 9.19488 ns (108.756 MHz)
Placement estimated fanout-weighted geomean non-virtual intra-domain period: 9.19488 ns (108.756 MHz)

Placement cost: 1, bb_cost: 70.1451, td_cost: 1.19193e-07, 

Placement resource usage:
  io  implemented as io : 74
  clb implemented as clb: 112

Placement number of temperatures: 82
Placement total # of swap attempts: 43646
	Swaps accepted: 15215 (34.9 %)
	Swaps rejected: 27751 (63.6 %)
	Swaps aborted:   680 ( 1.6 %)


Placement perturbation distribution by block and move type: 
------------------ ----------------- ---------------- ---------------- --------------- ------------ 
    Block Type         Move Type       (%) of Total      Accepted(%)     Rejected(%)    Aborted(%)
------------------ ----------------- ---------------- ---------------- --------------- ------------ 
io                 Uniform                9.64             62.53           37.47          0.00         
                   Median                 9.12             62.25           33.18          4.57         
                   Centroid               8.92             64.29           35.66          0.05         
                   W. Centroid            9.20             63.57           36.38          0.05         
                   W. Median              0.78             17.70           77.88          4.42         

clb                Uniform                14.72            15.55           82.89          1.56         
                   Median                 14.17            24.92           72.68          2.41         
                   Centroid               13.63            20.72           77.97          1.31         
                   W. Centroid            14.43            19.07           79.94          0.98         
                   W. Median              1.26             1.64            92.88          5.47         
                   Crit. Uniform          2.07             0.55            99.45          0.00         
                   Feasible Region        2.07             0.11            93.25          6.64         


Placement Quench timing analysis took 0.00368602 seconds (0.00332523 STA, 0.00036079 slack) (1 full updates: 1 setup, 0 hold, 0 combined).
Placement Total  timing analysis took 0.351972 seconds (0.315784 STA, 0.0361877 slack) (85 full updates: 85 setup, 0 hold, 0 combined).
update_td_costs: connections 0.0022712 nets 0 sum_nets 0.00118669 total 0.00352415
## AP Detailed Placer took 0.79 seconds (max_rss 103.3 MiB, delta_rss +0.1 MiB)
Incr Slack updates 85 in 0.00995095 sec
Full Max Req/Worst Slack updates 42 in 0.00112482 sec
Incr Max Req/Worst Slack updates 43 in 0.00147751 sec
Incr Criticality updates 14 in 0.00331806 sec
Full Criticality updates 71 in 0.0170544 sec
Incr Slack updates 1 in 9.8052e-05 sec
Full Max Req/Worst Slack updates 1 in 3.3945e-05 sec
Incr Max Req/Worst Slack updates 0 in 0 sec
Incr Criticality updates 0 in 0 sec
Full Criticality updates 1 in 0.00027625 sec
# Analytical Placement took 3.73 seconds (max_rss 103.5 MiB, delta_rss +71.9 MiB)


# Routing
RR graph channel widths unchanged, skipping RR graph rebuild
## Initializing router criticalities
Initial Net Connection Criticality Histogram:
[        0:      0.1) 231 (  8.0%) |*************
[      0.1:      0.2) 792 ( 27.5%) |********************************************
[      0.2:      0.3) 519 ( 18.0%) |*****************************
[      0.3:      0.4) 850 ( 29.5%) |***********************************************
[      0.4:      0.5) 110 (  3.8%) |******
[      0.5:      0.6)  31 (  1.1%) |**
[      0.6:      0.7)  62 (  2.2%) |***
[      0.7:      0.8)  30 (  1.0%) |**
[      0.8:      0.9)  47 (  1.6%) |***
[      0.9:        1) 211 (  7.3%) |************
## Initializing router criticalities took 0.05 seconds (max_rss 104.0 MiB, delta_rss +0.1 MiB)
---- ------ ------- ---- ------- ------- ------- ----------------- --------------- -------- ---------- ---------- ---------- ---------- --------
Iter   Time    pres  BBs    Heap  Re-Rtd  Re-Rtd Overused RR Nodes      Wirelength      CPD       sTNS       sWNS       hTNS       hWNS Est Succ
      (sec)     fac Updt    push    Nets   Conns                                       (ns)       (ns)       (ns)       (ns)       (ns)     Iter
---- ------ ------- ---- ------- ------- ------- ----------------- --------------- -------- ---------- ---------- ---------- ---------- --------
   1    0.0     0.0    0  111452    1041    2751    1061 ( 3.136%)   12171 (35.5%)    9.004     -3086.     -9.004      0.000      0.000      N/A
   2    0.0     0.5    0   93879     745    2151     647 ( 1.913%)   12044 (35.1%)    9.004     -3058.     -9.004      0.000      0.000      N/A
   3    0.0     0.6    0   73311     576    1500     538 ( 1.590%)   12279 (35.8%)    9.004     -2950.     -9.004      0.000      0.000      N/A
   4    0.0     0.8    0   69750     506    1329     445 ( 1.315%)   12407 (36.2%)    9.004     -2984.     -9.004      0.000      0.000      N/A
   5    0.0     1.1    0   59031     410    1052     362 ( 1.070%)   12682 (37.0%)    9.004     -2962.     -9.004      0.000      0.000      N/A
   6    0.0     1.4    0   63486     374    1053     278 ( 0.822%)   12821 (37.4%)    9.004     -2983.     -9.004      0.000      0.000      N/A
   7    0.0     1.9    0   48631     294     761     200 ( 0.591%)   13004 (37.9%)    9.004     -2992.     -9.004      0.000      0.000      N/A
   8    0.0     2.4    0   36184     222     547     151 ( 0.446%)   13157 (38.3%)    9.004     -3057.     -9.004      0.000      0.000      N/A
   9    0.0     3.1    0   30114     178     419     104 ( 0.307%)   13302 (38.8%)    9.004     -3111.     -9.004      0.000      0.000       24
  10    0.0     4.1    0   25217     141     317      79 ( 0.234%)   13486 (39.3%)    9.004     -3114.     -9.004      0.000      0.000       24
  11    0.0     5.3    0   22988     117     231      51 ( 0.151%)   13629 (39.7%)    9.004     -3116.     -9.004      0.000      0.000       23
  12    0.0     6.9    0   10531      73     135      38 ( 0.112%)   13758 (40.1%)    9.004     -3116.     -9.004      0.000      0.000       23
  13    0.0     9.0    0    7190      50      91      20 ( 0.059%)   13827 (40.3%)    9.004     -3117.     -9.004      0.000      0.000       22
  14    0.0    11.6    0    4977      36      56      16 ( 0.047%)   13865 (40.4%)    9.004     -3118.     -9.004      0.000      0.000       21
  15    0.0    15.1    0    6011      22      36       7 ( 0.021%)   13947 (40.6%)    9.004     -3119.     -9.004      0.000      0.000       20
  16    0.0    19.7    0    1805      12      21       7 ( 0.021%)   13955 (40.7%)    9.004     -3119.     -9.004      0.000      0.000       20
  17    0.0    25.6    0     883      10      16       4 ( 0.012%)   13955 (40.7%)    9.013     -3119.     -9.013      0.000      0.000       20
  18    0.0    33.3    0    1669      13      39       4 ( 0.012%)   13955 (40.7%)    9.013     -3119.     -9.013      0.000      0.000       21
  19    0.0    43.3    0    2042      14      40       4 ( 0.012%)   13966 (40.7%)    9.351     -3122.     -9.351      0.000      0.000       22
  20    0.0    56.2    0    3298      11      50       2 ( 0.006%)   13978 (40.7%)    9.419     -3127.     -9.419      0.000      0.000       22
  21    0.0    73.1    0    1863      11      34       1 ( 0.003%)   14009 (40.8%)    9.837     -3128.     -9.837      0.000      0.000       22
  22    0.0    95.0    0    2281      11      35       1 ( 0.003%)   14004 (40.8%)   10.287     -3125.    -10.287      0.000      0.000       22
  23    0.0   123.5    0    2525      10      36       1 ( 0.003%)   14008 (40.8%)    9.419     -3125.     -9.419      0.000      0.000       22
  24    0.0   160.6    0    1378      10      33       2 ( 0.006%)   14010 (40.8%)    9.524     -3125.     -9.524      0.000      0.000       23
  25    0.0   208.8    0    2658      10      33       0 ( 0.000%)   14048 (40.9%)   10.278     -3129.    -10.278      0.000      0.000      N/A
Restoring best routing
Critical path: 10.278 ns
Successfully routed after 25 routing iterations.
Final Net Connection Criticality Histogram:
[        0:      0.1) 439 ( 15.2%) |*************************
[      0.1:      0.2) 606 ( 21.0%) |**********************************
[      0.2:      0.3) 833 ( 28.9%) |***********************************************
[      0.3:      0.4) 577 ( 20.0%) |*********************************
[      0.4:      0.5)  44 (  1.5%) |**
[      0.5:      0.6)  25 (  0.9%) |*
[      0.6:      0.7)  44 (  1.5%) |**
[      0.7:      0.8)  84 (  2.9%) |*****
[      0.8:      0.9) 108 (  3.7%) |******
[      0.9:        1) 123 (  4.3%) |*******
Router Stats: total_nets_routed: 4897 total_connections_routed: 12766 total_heap_pushes: 683154 total_heap_pops: 176824 
Serial Connection Router is being destroyed. Time spent on path search: 0.074 seconds.
# Routing took 0.38 seconds (max_rss 105.9 MiB, delta_rss +2.3 MiB)

Checking to ensure routing is legal...
# Checking to ensure non-configurable edges are legal
# Checking to ensure non-configurable edges are legal took 0.00 seconds (max_rss 106.0 MiB, delta_rss +0.0 MiB)
Completed routing consistency check successfully.

Serial number (magic cookie) for the routing is: -209259538
Circuit successfully routed with a channel width factor of 110.
Incr Slack updates 26 in 0.00250578 sec
Full Max Req/Worst Slack updates 4 in 0.000112143 sec
Incr Max Req/Worst Slack updates 22 in 0.000771461 sec
Incr Criticality updates 16 in 0.00347897 sec
Full Criticality updates 10 in 0.00262859 sec
# Synchronize the packed netlist to routing optimization
## Annotating rr_node with routed nets
## Annotating rr_node with routed nets took 0.00 seconds (max_rss 106.0 MiB, delta_rss +0.0 MiB)
Found 3892 mismatches between routing and packing results.
Fixed 2520 routing traces due to mismatch between routing and packing results.
# Synchronize the packed netlist to routing optimization took 0.03 seconds (max_rss 106.0 MiB, delta_rss +0.1 MiB)
Final Clustering Statistics: 
----------   --------   ------------------------------------   --------------------------
Block Type   # Blocks   Avg. # of input clocks and pins used   Avg. # of output pins used
----------   --------   ------------------------------------   --------------------------
     EMPTY          0                                      0                            0   
        io         74                               0.486486                     0.513514   
       clb        112                                25.4196                      8.98214   
   dsp_top          0                                      0                            0   
    memory          0                                      0                            0   
Absorbed logical nets 1698 out of 2742 nets, 1044 nets not absorbed.


Average number of bends per net: 1.49760  Maximum # of bends: 28

Number of global nets: 3
Number of routed nets (nonglobal): 1041
Wire length results (in units of 1 clb segments)...
	Total wirelength: 14048, average net length: 13.4947
	Maximum net length: 381

Wire length results in terms of physical segments...
	Total wiring segments used: 3849, average wire segments per net: 3.69741
	Maximum segments used by a net: 110
	Total local nets with reserved CLB opins: 0
Total number of nets absorbed: 9

Routing channel utilization histogram:
[        1:      inf)  0 (  0.0%) |
[      0.9:        1)  0 (  0.0%) |
[      0.8:      0.9)  1 (  0.3%) |*
[      0.7:      0.8) 45 ( 13.3%) |*********************************
[      0.5:      0.6) 50 ( 14.8%) |************************************
[      0.4:      0.5) 56 ( 16.6%) |*****************************************
[      0.3:      0.4) 59 ( 17.5%) |*******************************************
[      0.2:      0.3) 66 ( 19.5%) |************************************************
[      0.1:      0.2) 32 (  9.5%) |***********************
[        0:      0.1) 29 (  8.6%) |*********************
Maximum routing channel utilization:      0.82 at (8,0)

X - Directed channels: layer   y   max occ   ave occ   ave cap
                        ----- ---- -------- -------- --------
                            0    0       90   65.583      110
                            0    1       73   53.083      110
                            0    2       79   56.833      110
                            0    3       77   60.167      110
                            0    4       69   54.750      110
                            0    5       72   52.917      110
                            0    6       65   50.083      110
                            0    7       65   48.917      110
                            0    8       58   40.833      110
                            0    9       48   35.333      110
                            0   10       37   25.917      110
                            0   11       32   24.917      110
                            0   12       43   33.667      110
Y - Directed channels: layer   x   max occ   ave occ   ave cap
                        ----- ---- -------- -------- --------
                            0    0       61   39.250      110
                            0    1       43   28.250      110
                            0    2       71   45.917      110
                            0    3       81   60.083      110
                            0    4       81   63.083      110
                            0    5       67   47.500      110
                            0    6       50   41.083      110
                            0    7       71   52.917      110
                            0    8       77   56.167      110
                            0    9       66   46.833      110
                            0   10       56   41.750      110
                            0   11       32   27.000      110
                            0   12       24   17.833      110

Total existing wires segments: CHANX     17160, CHANY     17160, CHANZ         0, ALL     34320
Total used wires segments:     CHANX      7236, CHANY      6812, CHANZ         0, ALL     14048
Usage percentage:              CHANX     42.2%, CHANY     39.7%, CHANZ      0.0%, ALL     40.9%

Logic area (in minimum width transistor areas, excludes I/Os and empty grid tiles)...
	Total logic block area (Warning, need to add pitch of routing to blocks with height > 3): 4.93594e+06
	Total used logic block area: 3.12536e+06

Routing area (in minimum width transistor areas)...
	Total routing area: 1.57405e+06, per logic tile: 8030.86

Total Number of Wiring Segments by Direction: direction length number
                                              --------- ------ -------
                                                      X      4   4680
                                                      Y      4   4680
                                                      X     16    294
                                                      Y     16    294

X - Directed Wiring Segment usage by length: length utilization
                                             ------ -----------
                                             4       0.409
                                            16       0.085

Y - Directed Wiring Segment usage by length: length utilization
                                             ------ -----------
                                             4       0.405
                                            16       0.051

Segment occupancy by length: Length Occupancy Capacity Utilization
                             ------ --------- -------- -----------
                             L4          3809     9360       0.407
                             L16           40      588       0.068

Segment occupancy by type: name type utilization
                           ---- ---- -----------
                             L4    0       0.407
                            L16    1       0.068

Final hold Worst Negative Slack (hWNS): 0 ns
Final hold Total Negative Slack (hTNS): 0 ns
Final hold Worst Skew (hWS): 0 ns

Final hold slack histogram:
[  1.9e-10:  3.8e-10) 825 ( 88.8%) |***********************************************
[  3.8e-10:  5.7e-10)  29 (  3.1%) |**
[  5.7e-10:  7.5e-10)  25 (  2.7%) |*
[  7.5e-10:  9.4e-10)  15 (  1.6%) |*
[  9.4e-10:  1.1e-09)  23 (  2.5%) |*
[  1.1e-09:  1.3e-09)   6 (  0.6%) |
[  1.3e-09:  1.5e-09)   4 (  0.4%) |
[  1.5e-09:  1.7e-09)   1 (  0.1%) |
[  1.7e-09:  1.9e-09)   0 (  0.0%) |
[  1.9e-09:  2.1e-09)   1 (  0.1%) |

Final critical path delay (least slack): 10.278 ns, Fmax: 97.2955 MHz
Final critical path skew: -0.04243 ns
Final setup Worst Negative Slack (sWNS): -10.278 ns
Final setup Total Negative Slack (sTNS): -3129.06 ns
Final setup Worst Skew (sWS): -0.04243 ns

Final setup slack histogram:
[   -1e-08: -9.3e-09)   5 (  0.5%) |
[ -9.3e-09: -8.3e-09)  22 (  2.4%) |**
[ -8.3e-09: -7.3e-09)   4 (  0.4%) |
[ -7.3e-09: -6.4e-09)   1 (  0.1%) |
[ -6.4e-09: -5.4e-09)   0 (  0.0%) |
[ -5.4e-09: -4.4e-09)   4 (  0.4%) |
[ -4.4e-09: -3.4e-09) 298 ( 32.1%) |***************************
[ -3.4e-09: -2.5e-09) 528 ( 56.8%) |***********************************************
[ -2.5e-09: -1.5e-09)  23 (  2.5%) |**
[ -1.5e-09: -4.9e-10)  44 (  4.7%) |****

Final geomean non-virtual intra-domain period: 10.278 ns (97.2955 MHz)
Final fanout-weighted geomean non-virtual intra-domain period: 10.278 ns (97.2955 MHz)

Incr Slack updates 1 in 0.000103612 sec
Full Max Req/Worst Slack updates 1 in 2.7404e-05 sec
Incr Max Req/Worst Slack updates 0 in 0 sec
Incr Criticality updates 0 in 0 sec
Full Criticality updates 1 in 0.000274051 sec
Flow timing analysis took 0.799573 seconds (0.740252 STA, 0.0593205 slack) (113 full updates: 86 setup, 0 hold, 27 combined).
VPR succeeded
The entire flow of VPR took 4.56 seconds (max_rss 106.0 MiB)

