VPR FPGA Placement and Routing.
Version: 9.0.0-dev+v8.0.0-18248-g40f8d19708
Revision: v8.0.0-18248-g40f8d19708
Compiled: 2026-09-22T03:43:48
Compiler: GNU 13.3.0 on Linux-5.15.0-119-generic x86_64
Build Info: release IPO VTR_ASSERT_LEVEL=2

University of Toronto
verilogtorouting.org
vtr-users@googlegroups.com
This is free open source code under MIT license.

VPR was run with the following command-line:
/inspire/hdd/project/project-public/changshunjie-253114010247/changshunjie-253114010247/workspace/DAC2027/vtr/vtr-verilog-to-routing/vpr/vpr /inspire/hdd/project/project-public/changshunjie-253114010247/changshunjie-253114010247/workspace/DAC2027/vtr/vtr-verilog-to-routing/vtr_flow/arch/COFFE_22nm/k6FracN10LB_mem20K_complexDSP_customSB_22nm.xml /inspire/hdd/project/project-public/changshunjie-253114010247/changshunjie-253114010247/workspace/DAC2027/TailCompile/experiments/vtr/runs/pilot_v1/attention_layer/full-seed1-w300/attention_layer.pre-vpr.blif --analytical_place --route --analysis --ap_full_legalizer flat-recon --ap_detailed_placer annealer --seed 12 --route_chan_width 160 --write_flat_place /inspire/hdd/project/project-public/changshunjie-253114010247/changshunjie-253114010247/workspace/DAC2027/TailCompile/vtr_work/tailcompile_v3/attention_layer/4x4/gnn_candidate-fp001f468b-flat-recon-annealer-seed12-w160-devw88/post_route.fplace --write_legalized_flat_place /inspire/hdd/project/project-public/changshunjie-253114010247/changshunjie-253114010247/workspace/DAC2027/TailCompile/vtr_work/tailcompile_v3/attention_layer/4x4/gnn_candidate-fp001f468b-flat-recon-annealer-seed12-w160-devw88/post_legalizer.fplace --flat_place_verbosity 1 --device_width 88 --net_file /inspire/hdd/project/project-public/changshunjie-253114010247/changshunjie-253114010247/workspace/DAC2027/TailCompile/vtr_work/tailcompile_v3/attention_layer/4x4/gnn_candidate-fp001f468b-flat-recon-annealer-seed12-w160-devw88/attention_layer.locked-input.net --read_flat_place /inspire/hdd/global_user/changshunjie-253114010247/workspace/DAC2027/TailCompile/experiments/vtr/tailcompile_v3/attention_layer/4x4/pools/bootstrap_24/candidate_19_seed13046.fplace

Using up to 1 parallel worker(s)

Architecture file: /inspire/hdd/project/project-public/changshunjie-253114010247/changshunjie-253114010247/workspace/DAC2027/vtr/vtr-verilog-to-routing/vtr_flow/arch/COFFE_22nm/k6FracN10LB_mem20K_complexDSP_customSB_22nm.xml
Circuit name: attention_layer.pre-vpr

# Loading Architecture Description
# Loading Architecture Description took 0.03 seconds (max_rss 30.9 MiB, delta_rss +0.0 MiB)

Timing analysis: ON
Circuit netlist file: /inspire/hdd/project/project-public/changshunjie-253114010247/changshunjie-253114010247/workspace/DAC2027/TailCompile/vtr_work/tailcompile_v3/attention_layer/4x4/gnn_candidate-fp001f468b-flat-recon-annealer-seed12-w160-devw88/attention_layer.locked-input.net
Circuit placement file: attention_layer.pre-vpr.place
Circuit routing file: attention_layer.pre-vpr.route
Circuit SDC file: attention_layer.pre-vpr.sdc
Vpr floorplanning constraints file: not specified

Packer: DISABLED
Placer: DISABLED
Analytical Placer: ENABLED
Router: ENABLED
Analysis: ENABLED

VPR was run with the following options:

netlist_opts.absorb_buffer_luts            : true
netlist_opts.sweep_dangling_primary_ios    : true
netlist_opts.sweep_dangling_nets           : true
netlist_opts.sweep_dangling_blocks         : true
netlist_opts.sweep_constant_primary_outputs: false
netlist_opts.netlist_verbosity             : 1
netlist_opts.const_gen_inference           : COMB_SEQ

AnalyticalPlacerOpts.analytical_solver_type: lp-b2b
AnalyticalPlacerOpts.partial_legalizer_type: bipartitioning
AnalyticalPlacerOpts.full_legalizer_type: flat-recon
AnalyticalPlacerOpts.detailed_placer_type: annealer
AnalyticalPlacerOpts.ap_timing_tradeoff: 0.500000
AnalyticalPlacerOpts.ap_high_fanout_threshold: 256
AnalyticalPlacerOpts.log_verbosity: 1
router_opts.route_type: DETAILED
router_opts.flat_routing: false
router_opts.choke_points: on
router_opts.router_algorithm: TIMING_DRIVEN
router_opts.base_cost_type: DELAY_NORMALIZED_LENGTH
router_opts.fixed_channel_width: 160
router_opts.check_route: FULL
router_opts.acc_fac: 1.000000
router_opts.bb_factor: 3
router_opts.bend_cost: 0.000000
router_opts.first_iter_pres_fac: 0.000000
router_opts.initial_pres_fac: 0.500000
router_opts.pres_fac_mult: 1.300000
router_opts.max_pres_fac: 1000.000000
router_opts.max_router_iterations: 50
router_opts.min_incremental_reroute_fanout: 16
router_opts.initial_acc_cost_chan_congestion_threshold: 0.500000
router_opts.initial_acc_cost_chan_congestion_weight: 0.500000
router_opts.do_check_rr_graph: true
router_opts.verify_binary_search: false
router_opts.min_channel_width_hint: 0
router_opts.read_rr_edge_metadata: false
router_opts.exit_after_first_routing_iteration: false
router_opts.astar_fac: 1.200000
router_opts.astar_offset: 0.000000
router_opts.router_profiler_astar_fac: 1.200000
router_opts.enable_parallel_connection_router: false
router_opts.post_target_prune_fac: 1.200000
router_opts.post_target_prune_offset: 0
router_opts.multi_queue_num_threads: 1
router_opts.multi_queue_num_queues: 2
router_opts.multi_queue_direct_draining: false
router_opts.criticality_exp: 1.000000
router_opts.max_criticality: 0.990000
router_opts.init_wirelength_abort_threshold: 0.850000
router_opts.incr_reroute_delay_ripup: AUTO
router_opts.save_routing_per_iteration: false
router_opts.congested_routing_iteration_threshold_frac: 1.000000
router_opts.high_fanout_threshold: 64
router_opts.router_debug_net: -2
router_opts.router_debug_sink_rr: -2
router_opts.router_debug_iteration: -2
router_opts.max_convergence_count: 1
router_opts.reconvergence_cpd_threshold: 0.990000
router_opts.update_lower_bound_delays: true
router_opts.first_iteration_timing_report_file: 
router_opts.route_bb_update: DYNAMIC
router_opts.lookahead_type: MAP
router_opts.initial_timing: LOOKAHEAD
router_opts.router_heap: FOUR_ARY_HEAP
router_opts.routing_failure_predictor = SAFE
router_opts.routing_predictor_min_history: 8
router_opts.routing_budgets_algorithm = DISABLE

analysis_opts.gen_post_synthesis_netlist: false
analysis_opts.gen_post_implementation_merged_netlist: false
analysis_opts.gen_post_implementation_sdc: false
analysis_opts.timing_report_npaths: 100
analysis_opts.timing_report_skew: false
analysis_opts.echo_dot_timing_graph_node: -1
analysis_opts.timing_report_detail: NETLIST
analysis_opts.post_synth_netlist_unconn_input_handling: UNCONNECTED
analysis_opts.post_synth_netlist_unconn_output_handling: UNCONNECTED
analysis_opts.post_synth_netlist_module_parameters: on

# Building complex block graph
# Building complex block graph took 0.08 seconds (max_rss 30.9 MiB, delta_rss +0.0 MiB)
Circuit file: /inspire/hdd/project/project-public/changshunjie-253114010247/changshunjie-253114010247/workspace/DAC2027/TailCompile/experiments/vtr/runs/pilot_v1/attention_layer/full-seed1-w300/attention_layer.pre-vpr.blif
# Load circuit
Found 4 constant generator(s) in the netlist (2 constant-zero, 2 constant-one) (run with --netlist_verbosity 2 to list names)
# Load circuit took 0.55 seconds (max_rss 134.3 MiB, delta_rss +103.4 MiB)
# Clean circuit
Absorbed 7975 LUT buffers
Found 1090 primitive output pin(s) driven only by constants; marked them as constants
Swept input(s)      : 7
Swept output(s)     : 0 (0 dangling, 0 constant)
Swept net(s)        : 10126
Swept block(s)      : 33
Constant Pins Marked: 1090
# Clean circuit took 0.13 seconds (max_rss 134.3 MiB, delta_rss +0.0 MiB)
# Compress circuit
# Compress circuit took 0.06 seconds (max_rss 134.3 MiB, delta_rss +0.0 MiB)
# Verify circuit
# Verify circuit took 0.01 seconds (max_rss 134.3 MiB, delta_rss +0.0 MiB)
Circuit Statistics:
  Blocks: 40113
    .input            :    1052
    .latch            :    8844
    .names            :   17218
        0-LUT:       3
        1-LUT:    5989
        2-LUT:     920
        3-LUT:    4530
        4-LUT:    3023
        5-LUT:    1163
        6-LUT:    1590
    .output           :      32
    adder             :    9150
    addition_fp_clk_16:       1
    dual_port_ram     :    3680
    multiply          :     136
  Nets  : 50065
    Avg Fanout:     2.9
    Max Fanout: 12525.0
    Min Fanout:     1.0
  Netlist Clocks: 1
# Build Timing Graph
  Timing Graph Nodes: 245193
  Timing Graph Edges: 446068
  Timing Graph Levels: 66
# Build Timing Graph took 0.24 seconds (max_rss 202.6 MiB, delta_rss +63.9 MiB)
Netlist contains 1 clocks
  Netlist Clock 'clk' Fanout: 12525 pins (6.5%), 12525 blocks (31.2%)
# Load Timing Constraints

SDC file 'attention_layer.pre-vpr.sdc' not found
Setting default timing constraints:
   * constrain all primary inputs and primary outputs on netlist clock 'clk'
   * optimize netlist clock to run as fast as possible
Timing constraints created 1 clocks
  Constrained Clock 'clk' Source: 'clk.inpad[0]'

# Load Timing Constraints took 0.00 seconds (max_rss 202.6 MiB, delta_rss +0.0 MiB)
# Analytical Placement
## Prepacker

There is one chain in this architecture called "chain" with the following starting points:
	clb[0]/lab[0]/fle[0]/ble5[0]/arithmetic[0]/adder[0].cin[0]

## Prepacker took 0.04 seconds (max_rss 202.6 MiB, delta_rss +0.0 MiB)
## Initializing Pre-Cluster Timing
Using inter-cluster delay: 2.1832e-09
## Initializing Pre-Cluster Timing took 0.40 seconds (max_rss 207.8 MiB, delta_rss +5.2 MiB)
## Estimate Device Size
Device layout 'auto' with fixed width 88.
FPGA sized to 88 x 88: 7744 grid tiles (auto)
## Estimate Device Size took 0.00 seconds (max_rss 207.8 MiB, delta_rss +0.0 MiB)
## Ram Mapper
Flat Placement is provided, skipping the RAM mapping.
## Ram Mapper took 0.00 seconds (max_rss 207.8 MiB, delta_rss +0.0 MiB)
## Read Atom Netlist to AP Netlist
## Read Atom Netlist to AP Netlist took 0.28 seconds (max_rss 276.9 MiB, delta_rss +69.1 MiB)
Analytical Placement Netlist Statistics:
	AP Blocks: 25061
		Moveable AP Blocks: 25061
		Fixed AP Blocks: 0
	AP Nets: 34982
		Average Fanout: 2.94
		Highest Fanout: 257
	AP Pins: 193913

## Computing placement delta delay look-up
### Build routing resource graph
### Build routing resource graph took 5.76 seconds (max_rss 774.4 MiB, delta_rss +497.5 MiB)
  RR Graph Nodes: 1682796
  RR Graph Edges: 17412304
### Computing router lookahead map
#### Computing wire lookahead
#### Computing wire lookahead took 6.37 seconds (max_rss 774.4 MiB, delta_rss +0.0 MiB)
#### Computing src/opin lookahead
Warning 1: Found no more sample locations for SOURCE in io
Warning 2: Found no more sample locations for OPIN in io
Warning 3: Found no more sample locations for SOURCE in clb
Warning 4: Found no more sample locations for OPIN in clb
Warning 5: Found no more sample locations for SOURCE in dsp_top
Warning 6: Found no more sample locations for OPIN in dsp_top
Warning 7: Found no more sample locations for SOURCE in memory
Warning 8: Found no more sample locations for OPIN in memory
#### Computing src/opin lookahead took 0.21 seconds (max_rss 774.4 MiB, delta_rss +0.0 MiB)
### Computing router lookahead map took 6.60 seconds (max_rss 774.4 MiB, delta_rss +0.0 MiB)
Serial Connection Router is being destroyed. Time spent on path search: 0.000 seconds.
## Computing placement delta delay look-up took 12.69 seconds (max_rss 774.4 MiB, delta_rss +497.5 MiB)
Flat Placement is provided in the AP flow, skipping the Global Placement.
0 of 25061 molecules placed at device center (no atoms of these molecules found in flat placement).
## AP Full Legalizer
### Creating Clusters
Device (width, height): (88,88)
#### Sorting and Grouping Blocks by Tile
#### Sorting and Grouping Blocks by Tile took 0.01 seconds (max_rss 774.4 MiB, delta_rss +0.0 MiB)
#### Reconstruction Pass Clustering
#### Reconstruction Pass Clustering took 57.98 seconds (max_rss 774.4 MiB, delta_rss +0.0 MiB)
#### Orphan Window Clustering with search radius 8
#### Orphan Window Clustering with search radius 8 took 0.02 seconds (max_rss 774.4 MiB, delta_rss +0.0 MiB)
FPGA sized to 88 x 88: 7744 grid tiles (auto)
Device Utilization: 0.28 (target 1.00)
	Block Utilization: 0.39 Type: io
	Block Utilization: 0.19 Type: clb
	Block Utilization: 0.85 Type: dsp_top
	Block Utilization: 0.75 Type: memory

----------------------------------------------------------------
                       Clustering Summary                       
----------------------------------------------------------------
Clusters created (Self Clustering)                       : 2605
    memory     : 194
    dsp_top    : 107
    clb        : 1220
    io         : 1084
Clusters created (Orphan Window Clustering)              : 12
    clb        : 12
Total clusters                                           : 2617
Percent of clusters created in Orphan Window Clustering  : 0.46%
Molecules clustered in each stage breakdown  : (Total of 25061)
	Self Clustering          (0.998963)  : 25035
 	Neighbor Clustering      (0.000000)  : 0
	Orphan Window Clustering (0.001037)  : 26
----------------------------------------------------------------

Final Clustering Statistics: 
----------   --------   ------------------------------------   --------------------------
Block Type   # Blocks   Avg. # of input clocks and pins used   Avg. # of output pins used
----------   --------   ------------------------------------   --------------------------
     EMPTY          0                                      0                            0   
        io       1084                              0.0295203                      0.97048   
       clb       1232                                28.0146                      15.4002   
   dsp_top        107                                40.9813                      20.1869   
    memory        194                                49.6598                      18.9691   
Absorbed logical nets 24200 out of 50065 nets, 25865 nets not absorbed.
#### Load packing
##### Loading packed FPGA netlist file.
Netlist generated from file '/inspire/hdd/project/project-public/changshunjie-253114010247/changshunjie-253114010247/workspace/DAC2027/TailCompile/vtr_work/tailcompile_v3/attention_layer/4x4/gnn_candidate-fp001f468b-flat-recon-annealer-seed12-w160-devw88/attention_layer.locked-input.net'.
Detected 3 constant generators (to see names run with higher pack verbosity)
##### Loading packed FPGA netlist file. took 2.04 seconds (max_rss 802.3 MiB, delta_rss +28.0 MiB)
Warning 9: Treated 2 constant nets as global which will not be routed (to see net names increase packer verbosity).
Netlist contains 5542 global net to non-global architecture pin connections
Found 2 logic block(s) with only 1 output pin and no inputs; they may be constant generators (run with --pack_verbosity 3 to list them)
Completed clustering consistency check successfully.
Cluster level netlist and block usage statistics
Netlist num_nets: 25865
Netlist num_blocks: 2617
Netlist EMPTY blocks: 0.
Netlist io blocks: 1084.
Netlist clb blocks: 1232.
Netlist dsp_top blocks: 107.
Netlist memory blocks: 194.
Netlist inputs pins: 1052
Netlist output pins: 32

Pb types usage...
  io                   : 1084
   inpad               : 1052
   outpad              : 32
  clb                  : 1232
   lab                 : 1232
    fle                : 11238
     ble5              : 19054
      flut5            : 9904
       lut5            : 9613
        lut            : 9613
       ff              : 8130
      arithmetic       : 9150
       lut4            : 6015
        lut            : 6015
       adder           : 9150
     ble6              : 1590
      lut6             : 1590
       lut             : 1590
      ff               : 714
  dsp_top              : 107
   dsp                 : 107
    dsp_pb             : 107
     two_mult_18x19    : 136
      mult_18x19       : 136
     adder_fp16        : 1
  memory               : 194
   mem_1024x20_dp      : 194
    memory_slice       : 3680

#### Load packing took 2.41 seconds (max_rss 802.3 MiB, delta_rss +28.0 MiB)
Netlist contains 5542 global net to non-global architecture pin connections
Found 2 logic block(s) with only 1 output pin and no inputs; they may be constant generators (run with --pack_verbosity 3 to list them)
Cluster level netlist and block usage statistics
Netlist num_nets: 25865
Netlist num_blocks: 2617
Netlist EMPTY blocks: 0.
Netlist io blocks: 1084.
Netlist clb blocks: 1232.
Netlist dsp_top blocks: 107.
Netlist memory blocks: 194.
Netlist inputs pins: 1052
Netlist output pins: 32
### Creating Clusters took 61.60 seconds (max_rss 802.3 MiB, delta_rss +28.0 MiB)
Completed clustering consistency check successfully.
FPGA sized to 88 x 88: 7744 grid tiles (auto)
### Compressed grid construction
### Compressed grid construction took 0.00 seconds (max_rss 802.3 MiB, delta_rss +0.0 MiB)
### Initial Placement
Placing clusters that are part of larger macros...
Number of blocks to be placed: 16
Max distance on device: 176
---- ---------- ---------- -------------
Pass Max Displ. Num Blocks Num Blocks   
     Threshold  Placed     Left Unplaced
---- ---------- ---------- -------------
   0          0         12             4
   1          1          4             0

Placing general clusters...
Number of blocks to be placed: 2601
Max distance on device: 176
---- ---------- ---------- -------------
Pass Max Displ. Num Blocks Num Blocks   
     Threshold  Placed     Left Unplaced
---- ---------- ---------- -------------
   0          0       2589            12
   1          1          2            10
   2          2          3             7
   3          4          7             0

### Initial Placement took 0.01 seconds (max_rss 802.3 MiB, delta_rss +0.0 MiB)
Flat Placement Reconstruction Info:
	Percent of clusters with reconstruction errors: 0.267482
	Total displacement of initial placement from flat placement: 15121.000000
	Average atom displacement of initial placement from flat placement: 0.376960
	Max atom displacement of initial placement from flat placement: 66.000000
	Percent of atoms misplaced from the flat placement: 1.219056
## AP Full Legalizer took 61.91 seconds (max_rss 802.3 MiB, delta_rss +28.0 MiB)

Resource usage...
	Netlist
		1084	blocks of type: io
	Architecture
		2752	blocks of type: io
	Netlist
		1232	blocks of type: clb
	Architecture
		6376	blocks of type: clb
	Netlist
		107	blocks of type: dsp_top
	Architecture
		126	blocks of type: dsp_top
	Netlist
		194	blocks of type: memory
	Architecture
		258	blocks of type: memory

Device Utilization: 0.28 (target 1.00)
	Physical Tile io:
	Block Utilization: 0.39 Logical Block: io
	Physical Tile clb:
	Block Utilization: 0.19 Logical Block: clb
	Physical Tile dsp_top:
	Block Utilization: 0.85 Logical Block: dsp_top
	Physical Tile memory:
	Block Utilization: 0.75 Logical Block: memory

## Computing placement delta delay look-up
RR graph channel widths unchanged, skipping RR graph rebuild
Serial Connection Router is being destroyed. Time spent on path search: 0.000 seconds.
## Computing placement delta delay look-up took 0.02 seconds (max_rss 802.3 MiB, delta_rss +0.0 MiB)
Using simple RL 'Softmax agent' for choosing move and block types

Completed placement consistency check successfully.
Initial placement cost: 1 bb_cost: 6608.96 td_cost: 1.6869e-05
Initial placement BB estimate of wirelength: 1.057e+06
Initial placement estimated Critical Path Delay (CPD): 17.7691 ns
Initial placement estimated setup Total Negative Slack (sTNS): -132284 ns
Initial placement estimated setup Worst Negative Slack (sWNS): -17.7691 ns

Initial placement estimated setup slack histogram:
[ -1.8e-08: -1.6e-08)     1 (  0.0%) |
[ -1.6e-08: -1.4e-08)    12 (  0.0%) |
[ -1.4e-08: -1.2e-08)    35 (  0.1%) |
[ -1.2e-08: -1.1e-08)    97 (  0.2%) |
[ -1.1e-08:   -9e-09)   278 (  0.5%) |
[   -9e-09: -7.2e-09)   705 (  1.3%) |*
[ -7.2e-09: -5.5e-09)  1476 (  2.8%) |**
[ -5.5e-09: -3.7e-09)  3201 (  6.1%) |*****
[ -3.7e-09:   -2e-09) 26741 ( 50.7%) |*********************************************
[   -2e-09: -1.9e-10) 20216 ( 38.3%) |**********************************
Placement contains 8 placement macros involving 16 blocks (average macro size 2.000000)

Moves per temperature: 18027
## AP Detailed Placer

---- ------ ------- ------- ---------- ---------- ------- ---------- -------- ------- ------- ------ -------- --------- ------
Tnum  Time     T    AvCost  Av BB Cost Av TD Cost   CPD      sTNS      sWNS   AcRate  StdDev  R lim  CritExp  TotMoves  Alpha 
     (sec)                                          (ns)     (ns)      (ns)                                                   
---- ------ ------- ------- ---------- ---------- ------- ---------- -------- ------- ------- ------ -------- --------- ------
   1    0.2 6.4e-04   0.945    5278.59 1.3945e-05  16.728  -1.23e+05  -16.728   0.812  0.0281   87.0     1.00      18027  1.000
   2    0.2 5.7e-04   0.948    4895.48 1.8311e-05  11.996  -1.24e+05  -11.996   0.800  0.0209   87.0     1.00      36054  0.900
   3    0.2 5.2e-04   0.949    4611.17 1.7013e-05  12.323  -1.21e+05  -12.323   0.779  0.0239   87.0     1.00      54081  0.900
   4    0.2 4.9e-04   0.961    4329.66 1.6681e-05  11.882  -1.21e+05  -11.882   0.765  0.0172   87.0     1.00      72108  0.950
   5    0.2 4.6e-04   0.966    4127.80 1.67e-05    11.517  -1.17e+05  -11.517   0.759  0.0124   87.0     1.00      90135  0.950
   6    0.2 4.4e-04   0.964    3921.61 1.5516e-05  12.003  -1.16e+05  -12.003   0.743  0.0133   87.0     1.00     108162  0.950
   7    0.2 4.2e-04   0.958    3709.49 1.7223e-05  10.398  -1.19e+05  -10.398   0.732  0.0136   87.0     1.00     126189  0.950
   8    0.2 4.0e-04   0.969    3547.28 1.4162e-05  12.264  -1.16e+05  -12.264   0.724  0.0115   87.0     1.00     144216  0.950
   9    0.2 3.8e-04   0.973    3380.74 1.5952e-05  10.541  -1.16e+05  -10.541   0.710  0.0127   87.0     1.00     162243  0.950
  10    0.2 3.6e-04   0.980    3253.83 1.4441e-05  11.370  -1.14e+05  -11.370   0.699  0.0072   87.0     1.00     180270  0.950
  11    0.2 3.4e-04   0.968    3163.35 1.3294e-05  12.214  -1.17e+05  -12.214   0.697  0.0119   87.0     1.00     198297  0.950
  12    0.2 3.2e-04   0.965    2989.50 1.6179e-05   9.640  -1.14e+05   -9.640   0.683  0.0125   87.0     1.00     216324  0.950
  13    0.2 3.1e-04   0.978    2840.90 1.4301e-05  10.590  -1.13e+05  -10.590   0.672  0.0083   87.0     1.00     234351  0.950
  14    0.2 2.9e-04   0.990    2787.99 1.431e-05   10.436  -1.11e+05  -10.436   0.667  0.0060   87.0     1.00     252378  0.950
  15    0.2 2.8e-04   0.977    2717.47 1.3969e-05  10.644  -1.12e+05  -10.644   0.665  0.0070   87.0     1.00     270405  0.950
  16    0.2 2.6e-04   0.975    2657.68 1.4798e-05   9.852  -1.13e+05   -9.852   0.650  0.0090   87.0     1.00     288432  0.950
  17    0.2 2.5e-04   0.979    2609.01 1.4785e-05   9.745  -1.11e+05   -9.745   0.643  0.0075   87.0     1.00     306459  0.950
  18    0.2 2.4e-04   0.984    2548.15 1.4466e-05   9.830  -1.12e+05   -9.830   0.636  0.0060   87.0     1.00     324486  0.950
  19    0.2 2.3e-04   0.981    2471.07 1.4339e-05   9.824  -1.14e+05   -9.824   0.617  0.0055   87.0     1.00     342513  0.950
  20    0.2 2.2e-04   0.985    2443.80 1.477e-05    9.377  -1.11e+05   -9.377   0.617  0.0052   87.0     1.00     360540  0.950
  21    0.2 2.0e-04   0.989    2414.77 1.3223e-05  10.359  -1.11e+05  -10.359   0.612  0.0045   87.0     1.00     378567  0.950
  22    0.2 1.9e-04   0.985    2383.13 1.3127e-05  10.362  -1.11e+05  -10.362   0.598  0.0045   87.0     1.00     396594  0.950
  23    0.2 1.8e-04   0.989    2356.66 1.4423e-05   9.289   -1.1e+05   -9.289   0.590  0.0048   87.0     1.00     414621  0.950
  24    0.2 1.8e-04   0.984    2342.80 1.3205e-05  10.202   -1.1e+05  -10.202   0.581  0.0045   87.0     1.00     432648  0.950
  25    0.2 1.7e-04   0.986    2304.94 1.5298e-05   8.666   -1.1e+05   -8.666   0.580  0.0038   87.0     1.00     450675  0.950
  26    0.2 1.6e-04   0.983    2269.29 1.3386e-05   9.737  -1.09e+05   -9.737   0.560  0.0067   87.0     1.00     468702  0.950
  27    0.2 1.5e-04   0.992    2244.51 1.4363e-05   9.016  -1.08e+05   -9.016   0.548  0.0028   87.0     1.00     486729  0.950
  28    0.2 1.4e-04   0.986    2218.89 1.3588e-05   9.488  -1.09e+05   -9.488   0.554  0.0075   87.0     1.00     504756  0.950
  29    0.2 1.4e-04   0.995    2199.74 1.4034e-05   9.119  -1.08e+05   -9.119   0.525  0.0033   87.0     1.00     522783  0.950
  30    0.2 1.3e-04   0.990    2193.55 1.3475e-05   9.485  -1.08e+05   -9.485   0.533  0.0037   87.0     1.00     540810  0.950
  31    0.2 1.2e-04   0.990    2174.08 1.3453e-05   9.399  -1.07e+05   -9.399   0.523  0.0033   87.0     1.00     558837  0.950
  32    0.2 1.2e-04   0.988    2147.31 1.418e-05    8.864  -1.08e+05   -8.864   0.509  0.0047   87.0     1.00     576864  0.950
  33    0.2 1.1e-04   0.987    2119.02 1.4297e-05   8.673  -1.07e+05   -8.673   0.490  0.0046   87.0     1.00     594891  0.950
  34    0.2 1.1e-04   0.993    2104.13 1.396e-05    8.786  -1.07e+05   -8.786   0.484  0.0029   87.0     1.00     612918  0.950
  35    0.2 1.0e-04   0.991    2079.85 1.3825e-05   8.816  -1.06e+05   -8.816   0.481  0.0044   87.0     1.00     630945  0.950
  36    0.2 9.5e-05   0.993    2061.75 1.4298e-05   8.502  -1.06e+05   -8.502   0.463  0.0024   87.0     1.00     648972  0.950
  37    0.2 9.0e-05   0.990    2054.21 1.3368e-05   9.075  -1.07e+05   -9.075   0.456  0.0043   87.0     1.00     666999  0.950
  38    0.2 8.6e-05   0.990    2042.24 1.1288e-05  10.683  -1.07e+05  -10.683   0.443  0.0039   87.0     1.00     685026  0.950
  39    0.2 8.1e-05   0.986    2014.21 1.0555e-05  11.311  -1.07e+05  -11.311   0.428  0.0069   87.0     1.00     703053  0.950
  40    0.2 7.7e-05   0.992    1981.26 1.203e-05    9.067  -1.07e+05   -9.067   0.412  0.0036   85.9     1.09     721080  0.950
  41    0.2 7.3e-05   0.986    1962.63 1.1183e-05   8.415  -1.07e+05   -8.415   0.412  0.0047   83.5     1.29     739107  0.950
  42    0.2 7.0e-05   0.991    1949.82 8.9879e-06   8.806  -1.07e+05   -8.806   0.401  0.0035   81.2     1.47     757134  0.950
  43    0.2 6.6e-05   0.987    1928.86 8.3041e-06   8.204  -1.06e+05   -8.204   0.390  0.0058   78.0     1.73     775161  0.950
  44    0.2 6.3e-05   0.992    1905.77 5.8709e-06   8.686  -1.06e+05   -8.686   0.375  0.0042   74.1     2.05     793188  0.950
  45    0.2 6.0e-05   0.990    1894.66 5.2291e-06   8.177  -1.06e+05   -8.177   0.360  0.0037   69.3     2.44     811215  0.950
  46    0.2 5.7e-05   0.993    1879.54 3.9241e-06   8.285  -1.06e+05   -8.285   0.361  0.0033   63.8     2.89     829242  0.950
  47    0.2 5.4e-05   0.993    1861.97 3.46e-06     8.029  -1.07e+05   -8.029   0.354  0.0032   58.7     3.30     847269  0.950
  48    0.2 5.1e-05   0.993    1854.37 2.78e-06     8.077  -1.07e+05   -8.077   0.342  0.0026   53.7     3.71     865296  0.950
  49    0.2 4.9e-05   0.995    1852.16 2.0743e-06   8.236  -1.07e+05   -8.236   0.335  0.0031   48.4     4.14     883323  0.950
  50    0.2 4.6e-05   0.994    1835.42 1.7473e-06   8.156  -1.06e+05   -8.156   0.329  0.0033   43.3     4.56     901350  0.950
  51    0.2 4.4e-05   0.995    1823.26 1.644e-06    7.979  -1.08e+05   -7.979   0.318  0.0026   38.5     4.95     919377  0.950
  52    0.2 4.2e-05   0.995    1813.38 1.3213e-06   8.063  -1.06e+05   -8.063   0.320  0.0028   33.8     5.33     937404  0.950
  53    0.2 4.0e-05   0.993    1800.39 8.4778e-07   8.504  -1.07e+05   -8.504   0.301  0.0038   29.8     5.66     955431  0.950
  54    0.2 3.8e-05   0.995    1790.00 7.3706e-07   8.470  -1.07e+05   -8.470   0.296  0.0025   25.6     5.99     973458  0.950
  55    0.2 3.6e-05   0.996    1782.16 7.7369e-07   8.246   -1.1e+05   -8.246   0.299  0.0022   22.0     6.29     991485  0.950
  56    0.2 3.4e-05   0.994    1770.40 6.006e-07    8.470  -1.09e+05   -8.470   0.289  0.0024   18.9     6.55    1009512  0.950
  57    0.2 3.2e-05   0.992    1755.27 4.3653e-07   8.794  -1.09e+05   -8.794   0.277  0.0032   16.0     6.78    1027539  0.950
  58    0.2 3.1e-05   0.993    1743.76 4.9417e-07   8.470   -1.1e+05   -8.470   0.273  0.0047   13.4     6.99    1045566  0.950
  59    0.2 2.9e-05   0.992    1730.82 5.3821e-07   8.277   -1.1e+05   -8.277   0.289  0.0044   11.2     7.17    1063593  0.950
  60    0.2 2.8e-05   0.996    1720.57 6.4714e-07   7.969  -1.09e+05   -7.969   0.279  0.0023    9.5     7.31    1081620  0.950
  61    0.2 2.6e-05   0.996    1707.96 6.0229e-07   7.969   -1.1e+05   -7.969   0.275  0.0025    8.0     7.43    1099647  0.950
  62    0.2 2.5e-05   0.997    1697.61 5.5625e-07   7.969   -1.1e+05   -7.969   0.259  0.0014    6.6     7.54    1117674  0.950
  63    0.2 2.4e-05   0.997    1690.03 5.3567e-07   7.969  -1.09e+05   -7.969   0.259  0.0016    5.4     7.64    1135701  0.950
  64    0.2 2.3e-05   0.997    1684.52 4.9809e-07   7.969  -1.08e+05   -7.969   0.255  0.0015    4.5     7.72    1153728  0.950
  65    0.2 2.1e-05   0.997    1674.12 4.5122e-07   8.033  -1.07e+05   -8.033   0.246  0.0010    3.6     7.79    1171755  0.950
  66    0.2 2.0e-05   0.997    1666.59 4.4822e-07   8.033  -1.07e+05   -8.033   0.253  0.0018    2.9     7.84    1189782  0.950
  67    0.2 1.9e-05   0.999    1662.41 4.4416e-07   8.033  -1.06e+05   -8.033   0.245  0.0010    2.4     7.89    1207809  0.950
  68    0.2 1.8e-05   0.998    1658.44 4.3796e-07   8.033  -1.06e+05   -8.033   0.257  0.0012    1.9     7.93    1225836  0.950
  69    0.2 1.7e-05   0.998    1652.55 4.3066e-07   8.033  -1.07e+05   -8.033   0.250  0.0009    1.6     7.95    1243863  0.950
  70    0.2 1.7e-05   0.998    1648.69 4.2156e-07   8.033  -1.07e+05   -8.033   0.242  0.0009    1.3     7.98    1261890  0.950
  71    0.2 1.6e-05   0.998    1646.56 4.1878e-07   8.033  -1.07e+05   -8.033   0.232  0.0006    1.0     8.00    1279917  0.950
  72    0.2 1.5e-05   0.998    1643.39 4.2268e-07   8.033  -1.08e+05   -8.033   0.225  0.0007    1.0     8.00    1297944  0.950
  73    0.2 1.4e-05   0.999    1642.38 4.109e-07    8.033  -1.07e+05   -8.033   0.219  0.0006    1.0     8.00    1315971  0.950
  74    0.2 1.3e-05   0.999    1641.43 4.0976e-07   8.033  -1.06e+05   -8.033   0.222  0.0006    1.0     8.00    1333998  0.950
  75    0.2 1.3e-05   0.998    1637.64 4.0902e-07   8.033  -1.07e+05   -8.033   0.213  0.0008    1.0     8.00    1352025  0.950
  76    0.2 1.2e-05   0.999    1635.32 4.0155e-07   8.033  -1.07e+05   -8.033   0.211  0.0005    1.0     8.00    1370052  0.950
  77    0.2 1.2e-05   0.999    1632.75 4.0305e-07   8.033  -1.07e+05   -8.033   0.199  0.0006    1.0     8.00    1388079  0.950
  78    0.2 1.1e-05   0.999    1629.34 4.0455e-07   8.033  -1.07e+05   -8.033   0.197  0.0004    1.0     8.00    1406106  0.950
  79    0.2 1.0e-05   0.999    1628.22 4.0825e-07   8.033  -1.07e+05   -8.033   0.192  0.0006    1.0     8.00    1424133  0.950
  80    0.2 9.9e-06   0.999    1627.47 4.0872e-07   8.033  -1.07e+05   -8.033   0.185  0.0005    1.0     8.00    1442160  0.950
  81    0.2 9.4e-06   0.999    1624.77 4.0821e-07   8.033  -1.06e+05   -8.033   0.188  0.0005    1.0     8.00    1460187  0.950
  82    0.2 9.0e-06   0.999    1623.50 4.0668e-07   8.033  -1.06e+05   -8.033   0.175  0.0002    1.0     8.00    1478214  0.950
  83    0.2 8.5e-06   0.999    1622.29 4.0164e-07   8.033  -1.06e+05   -8.033   0.177  0.0004    1.0     8.00    1496241  0.950
  84    0.2 8.1e-06   0.999    1621.19 4.0151e-07   8.033  -1.06e+05   -8.033   0.170  0.0003    1.0     8.00    1514268  0.950
  85    0.2 7.7e-06   0.999    1620.39 4.0126e-07   8.033  -1.06e+05   -8.033   0.167  0.0003    1.0     8.00    1532295  0.950
  86    0.2 7.3e-06   0.999    1619.07 3.9974e-07   8.033  -1.06e+05   -8.033   0.168  0.0003    1.0     8.00    1550322  0.950
  87    0.2 6.9e-06   1.000    1618.54 4.0134e-07   8.033  -1.07e+05   -8.033   0.165  0.0002    1.0     8.00    1568349  0.950
  88    0.2 6.6e-06   0.999    1617.22 4.0486e-07   8.033  -1.07e+05   -8.033   0.160  0.0003    1.0     8.00    1586376  0.950
  89    0.2 6.3e-06   0.999    1615.94 4.0461e-07   8.033  -1.07e+05   -8.033   0.161  0.0003    1.0     8.00    1604403  0.950
  90    0.2 5.9e-06   1.000    1615.31 4.0208e-07   8.033  -1.06e+05   -8.033   0.157  0.0002    1.0     8.00    1622430  0.950
  91    0.2 5.6e-06   0.999    1614.24 4.0212e-07   8.033  -1.06e+05   -8.033   0.156  0.0003    1.0     8.00    1640457  0.950
  92    0.2 5.4e-06   1.000    1613.54 4.0009e-07   8.033  -1.06e+05   -8.033   0.157  0.0002    1.0     8.00    1658484  0.950
  93    0.2 5.1e-06   0.999    1612.17 4.0003e-07   8.033  -1.07e+05   -8.033   0.155  0.0003    1.0     8.00    1676511  0.950
  94    0.2 4.8e-06   1.000    1611.21 4.0006e-07   8.033  -1.06e+05   -8.033   0.148  0.0001    1.0     8.00    1694538  0.950
Agent's 2nd state: 
  95    0.2 3.9e-06   0.999    1610.26 4.0089e-07   8.033  -1.07e+05   -8.033   0.145  0.0003    1.0     8.00    1712565  0.800
Checkpoint saved: bb_costs=1610.03, TD costs=4.00743e-07, CPD=  8.033 (ns) 
  96    0.2 3.1e-06   1.000    1609.40 4.0056e-07   8.033  -1.06e+05   -8.033   0.102  0.0002    1.0     8.00    1730592  0.800
  97    0.2 2.5e-06   1.000    1608.94 3.9989e-07   8.033  -1.06e+05   -8.033   0.097  0.0001    1.0     8.00    1748619  0.800
  98    0.2 2.0e-06   1.000    1608.32 3.9991e-07   8.033  -1.06e+05   -8.033   0.100  0.0002    1.0     8.00    1766646  0.800
  99    0.2 1.6e-06   1.000    1608.22 3.9954e-07   8.033  -1.06e+05   -8.033   0.094  0.0001    1.0     8.00    1784673  0.800
 100    0.2 1.3e-06   1.000    1607.47 3.997e-07    8.033  -1.06e+05   -8.033   0.095  0.0002    1.0     8.00    1802700  0.800
 101    0.2 1.0e-06   1.000    1607.27 3.9947e-07   8.033  -1.06e+05   -8.033   0.090  0.0001    1.0     8.00    1820727  0.800
 102    0.2 8.1e-07   1.000    1607.07 3.9954e-07   8.033  -1.06e+05   -8.033   0.089  0.0001    1.0     8.00    1838754  0.800
 103    0.2 6.5e-07   1.000    1607.05 3.9869e-07   8.033  -1.06e+05   -8.033   0.088  0.0001    1.0     8.00    1856781  0.800
 104    0.2 5.2e-07   1.000    1606.69 3.9904e-07   8.033  -1.06e+05   -8.033   0.087  0.0001    1.0     8.00    1874808  0.800
 105    0.2 4.2e-07   1.000    1606.59 3.9887e-07   8.033  -1.06e+05   -8.033   0.086  0.0001    1.0     8.00    1892835  0.800
 106    0.2 3.3e-07   1.000    1606.52 3.9889e-07   8.033  -1.06e+05   -8.033   0.088  0.0001    1.0     8.00    1910862  0.800
 107    0.2 2.7e-07   1.000    1606.67 3.9776e-07   8.033  -1.06e+05   -8.033   0.083  0.0000    1.0     8.00    1928889  0.800
 108    0.2 2.1e-07   1.000    1606.38 3.976e-07    8.033  -1.06e+05   -8.033   0.086  0.0001    1.0     8.00    1946916  0.800
 109    0.2 0.0e+00   1.000    1606.53 3.9867e-07   8.033  -1.06e+05   -8.033   0.049  0.0001    1.0     8.00    1964943  0.800
### Placement Quench took 0.18 seconds (max_rss 802.3 MiB)
post-quench CPD = 8.03281 (ns) 

Completed placement consistency check successfully.

Swaps called: 1967560

Aborted Move Reasons:
  duplicate block move to location: 4
  macro_from swap to location illegal: 1139

BB estimate of min-dist (placement) wire length: 256907

Placement estimated critical path delay (least slack): 8.03281 ns, Fmax: 124.489 MHz
Placement estimated critical path skew: -0.04243 ns
Placement estimated setup Worst Negative Slack (sWNS): -8.03281 ns
Placement estimated setup Total Negative Slack (sTNS): -105646 ns
Placement estimated setup Worst Skew (sWS): -0.04243 ns

Placement estimated setup slack histogram:
[   -8e-09: -7.2e-09)     5 (  0.0%) |
[ -7.2e-09: -6.5e-09)    88 (  0.2%) |
[ -6.5e-09: -5.7e-09)   209 (  0.4%) |*
[ -5.7e-09: -4.9e-09)   493 (  0.9%) |*
[ -4.9e-09: -4.1e-09)   649 (  1.2%) |**
[ -4.1e-09: -3.3e-09)  2097 (  4.0%) |*****
[ -3.3e-09: -2.5e-09)  7596 ( 14.4%) |*******************
[ -2.5e-09: -1.8e-09) 18203 ( 34.5%) |*********************************************
[ -1.8e-09: -9.8e-10) 18398 ( 34.9%) |*********************************************
[ -9.8e-10: -1.9e-10)  5024 (  9.5%) |************

Placement estimated geomean non-virtual intra-domain period: 8.03281 ns (124.489 MHz)
Placement estimated fanout-weighted geomean non-virtual intra-domain period: 8.03281 ns (124.489 MHz)

Placement cost: 0.999802, bb_cost: 1606.78, td_cost: 3.97241e-07, 

Placement resource usage:
  io      implemented as io     : 1084
  clb     implemented as clb    : 1232
  dsp_top implemented as dsp_top: 107
  memory  implemented as memory : 194

Placement number of temperatures: 109
Placement total # of swap attempts: 1967560
	Swaps accepted:  710558 (36.1 %)
	Swaps rejected: 1246406 (63.3 %)
	Swaps aborted:   10596 ( 0.5 %)


Placement perturbation distribution by block and move type: 
------------------ ----------------- ---------------- ---------------- --------------- ------------ 
    Block Type         Move Type       (%) of Total      Accepted(%)     Rejected(%)    Aborted(%)
------------------ ----------------- ---------------- ---------------- --------------- ------------ 
io                 Uniform                9.81             53.35           46.65          0.00         
                   Median                 9.75             60.13           39.07          0.80         
                   Centroid               9.76             60.44           39.56          0.00         
                   W. Centroid            9.82             60.45           39.55          0.00         
                   W. Median              0.76             25.12           74.02          0.85         

clb                Uniform                11.09            6.38            93.51          0.11         
                   Median                 11.16            35.20           63.97          0.84         
                   Centroid               11.08            33.19           66.69          0.11         
                   W. Centroid            11.15            33.86           66.00          0.14         
                   W. Median              0.86             2.64            96.54          0.82         
                   Crit. Uniform          1.83             0.32            99.68          0.00         
                   Feasible Region        1.84             0.25            99.75          0.00         

dsp_top            Uniform                0.95             1.27            98.73          0.00         
                   Median                 0.96             3.62            91.02          5.37         
                   Centroid               0.97             3.69            90.66          5.65         
                   W. Centroid            0.96             3.30            91.23          5.48         
                   W. Median              0.08             0.33            87.15          12.52        

memory             Uniform                1.76             6.46            93.54          0.00         
                   Median                 1.76             13.75           82.08          4.17         
                   Centroid               1.76             11.22           85.35          3.43         
                   W. Centroid            1.74             11.04           88.96          0.00         
                   W. Median              0.14             2.90            88.81          8.29         


Placement Quench timing analysis took 0.0451958 seconds (0.038876 STA, 0.00631972 slack) (1 full updates: 1 setup, 0 hold, 0 combined).
Placement Total  timing analysis took 5.61837 seconds (4.67968 STA, 0.938697 slack) (111 full updates: 111 setup, 0 hold, 0 combined).
update_td_costs: connections 0.0384021 nets 0 sum_nets 0.0202157 total 0.0588519
## AP Detailed Placer took 19.21 seconds (max_rss 813.9 MiB, delta_rss +11.6 MiB)
Incr Slack updates 111 in 0.191484 sec
Full Max Req/Worst Slack updates 34 in 0.0375854 sec
Incr Max Req/Worst Slack updates 77 in 0.11335 sec
Incr Criticality updates 49 in 0.15497 sec
Full Criticality updates 62 in 0.336284 sec
Incr Slack updates 1 in 0.00174902 sec
Full Max Req/Worst Slack updates 1 in 0.00119889 sec
Incr Max Req/Worst Slack updates 0 in 0 sec
Incr Criticality updates 0 in 0 sec
Full Criticality updates 1 in 0.00649407 sec
# Analytical Placement took 95.22 seconds (max_rss 813.9 MiB, delta_rss +611.4 MiB)


# Routing
RR graph channel widths unchanged, skipping RR graph rebuild
## Initializing router criticalities
Initial Net Connection Criticality Histogram:
[        0:      0.1) 7077 ( 14.6%) |****************************************
[      0.1:      0.2) 8041 ( 16.6%) |**********************************************
[      0.2:      0.3) 7484 ( 15.4%) |*******************************************
[      0.3:      0.4) 3360 (  6.9%) |*******************
[      0.4:      0.5) 7241 ( 14.9%) |*****************************************
[      0.5:      0.6) 7140 ( 14.7%) |*****************************************
[      0.6:      0.7) 5598 ( 11.5%) |********************************
[      0.7:      0.8) 1890 (  3.9%) |***********
[      0.8:      0.9)  644 (  1.3%) |****
[      0.9:        1)   90 (  0.2%) |*
## Initializing router criticalities took 0.65 seconds (max_rss 813.9 MiB, delta_rss +0.0 MiB)
---- ------ ------- ---- ------- ------- ------- ----------------- --------------- -------- ---------- ---------- ---------- ---------- --------
Iter   Time    pres  BBs    Heap  Re-Rtd  Re-Rtd Overused RR Nodes      Wirelength      CPD       sTNS       sWNS       hTNS       hWNS Est Succ
      (sec)     fac Updt    push    Nets   Conns                                       (ns)       (ns)       (ns)       (ns)       (ns)     Iter
---- ------ ------- ---- ------- ------- ------- ----------------- --------------- -------- ---------- ---------- ---------- ---------- --------
   1    1.0     0.0    0 6013388   25862   41715   21583 ( 1.283%)  404032 (16.9%)    8.821 -1.642e+05     -8.821      0.000      0.000      N/A
   2    0.9     0.5    0 5175634   17984   32128    9965 ( 0.592%)  402705 (16.8%)    7.390 -1.375e+05     -7.390      0.000      0.000      N/A
   3    0.7     0.6    0 3684033   11962   22522    7842 ( 0.466%)  408059 (17.0%)    7.390 -1.362e+05     -7.390      0.000      0.000      N/A
   4    0.6     0.8    0 2803588    9489   18573    5849 ( 0.348%)  410482 (17.1%)    7.390 -1.371e+05     -7.390      0.000      0.000      N/A
   5    0.5     1.1    0 2127032    7576   15300    4270 ( 0.254%)  413321 (17.3%)    7.390 -1.370e+05     -7.390      0.000      0.000      N/A
   6    0.4     1.4    0 1397097    5798   11877    3142 ( 0.187%)  416230 (17.4%)    7.390 -1.371e+05     -7.390      0.000      0.000      N/A
   7    0.3     1.9    0  955964    4449    9428    2218 ( 0.132%)  418665 (17.5%)    7.390 -1.374e+05     -7.390      0.000      0.000      N/A
   8    0.2     2.4    0  630812    3169    7000    1519 ( 0.090%)  420694 (17.6%)    7.390 -1.375e+05     -7.390      0.000      0.000      N/A
   9    0.2     3.1    0  440273    2246    5088    1004 ( 0.060%)  422649 (17.7%)    7.390 -1.375e+05     -7.390      0.000      0.000       28
  10    0.2     4.1    0  306162    1485    3607     594 ( 0.035%)  424188 (17.7%)    7.390 -1.375e+05     -7.390      0.000      0.000       26
  11    0.2     5.3    0  199924     882    2101     346 ( 0.021%)  425317 (17.8%)    7.390 -1.375e+05     -7.390      0.000      0.000       24
  12    0.1     6.9    0  127833     519    1191     168 ( 0.010%)  426224 (17.8%)    7.390 -1.376e+05     -7.390      0.000      0.000       22
  13    0.1     9.0    0   68426     239     471      72 ( 0.004%)  426822 (17.8%)    7.390 -1.376e+05     -7.390      0.000      0.000       21
  14    0.1    11.6    0   32791     109     264      29 ( 0.002%)  427112 (17.8%)    7.390 -1.376e+05     -7.390      0.000      0.000       20
  15    0.1    15.1    0   14039      44      98       9 ( 0.001%)  427224 (17.8%)    7.390 -1.376e+05     -7.390      0.000      0.000       19
  16    0.1    19.7    0    4125      12      25       0 ( 0.000%)  427236 (17.8%)    7.390 -1.376e+05     -7.390      0.000      0.000      N/A
Restoring best routing
Critical path: 7.38952 ns
Successfully routed after 16 routing iterations.
Final Net Connection Criticality Histogram:
[        0:      0.1) 7296 ( 15.0%) |**************************************
[      0.1:      0.2) 4243 (  8.7%) |**********************
[      0.2:      0.3) 8116 ( 16.7%) |******************************************
[      0.3:      0.4) 4558 (  9.4%) |***********************
[      0.4:      0.5) 3722 (  7.7%) |*******************
[      0.5:      0.6) 8946 ( 18.4%) |**********************************************
[      0.6:      0.7) 6568 ( 13.5%) |**********************************
[      0.7:      0.8) 3486 (  7.2%) |******************
[      0.8:      0.9) 1146 (  2.4%) |******
[      0.9:        1)  484 (  1.0%) |**
Router Stats: total_nets_routed: 91825 total_connections_routed: 171388 total_heap_pushes: 23981121 total_heap_pops: 6630576 
Serial Connection Router is being destroyed. Time spent on path search: 3.046 seconds.
# Routing took 6.70 seconds (max_rss 837.7 MiB, delta_rss +23.7 MiB)

Checking to ensure routing is legal...
# Checking to ensure non-configurable edges are legal
# Checking to ensure non-configurable edges are legal took 0.08 seconds (max_rss 837.7 MiB, delta_rss +0.0 MiB)
Completed routing consistency check successfully.

Serial number (magic cookie) for the routing is: 1982578648
Circuit successfully routed with a channel width factor of 160.
Incr Slack updates 17 in 0.0282362 sec
Full Max Req/Worst Slack updates 2 in 0.00237572 sec
Incr Max Req/Worst Slack updates 15 in 0.0227051 sec
Incr Criticality updates 14 in 0.0418236 sec
Full Criticality updates 3 in 0.0197772 sec
# Synchronize the packed netlist to routing optimization
## Annotating rr_node with routed nets
## Annotating rr_node with routed nets took 0.01 seconds (max_rss 837.7 MiB, delta_rss +0.0 MiB)
Found 43996 mismatches between routing and packing results.
Fixed 30750 routing traces due to mismatch between routing and packing results.
# Synchronize the packed netlist to routing optimization took 0.29 seconds (max_rss 837.7 MiB, delta_rss +0.0 MiB)
Final Clustering Statistics: 
----------   --------   ------------------------------------   --------------------------
Block Type   # Blocks   Avg. # of input clocks and pins used   Avg. # of output pins used
----------   --------   ------------------------------------   --------------------------
     EMPTY          0                                      0                            0   
        io       1084                              0.0295203                      0.97048   
       clb       1232                                28.0146                      15.4002   
   dsp_top        107                                40.9813                      20.1869   
    memory        194                                49.6598                      18.9691   
Absorbed logical nets 24200 out of 50065 nets, 25865 nets not absorbed.


Average number of bends per net: 1.61426  Maximum # of bends: 270

Number of global nets: 3
Number of routed nets (nonglobal): 25862
Wire length results (in units of 1 clb segments)...
	Total wirelength: 427236, average net length: 16.5198
	Maximum net length: 2373

Wire length results in terms of physical segments...
	Total wiring segments used: 96121, average wire segments per net: 3.71669
	Maximum segments used by a net: 526
	Total local nets with reserved CLB opins: 0
Total number of nets absorbed: 8

Routing channel utilization histogram:
[        1:      inf)    0 (  0.0%) |
[      0.9:        1)    0 (  0.0%) |
[      0.8:      0.9)    0 (  0.0%) |
[      0.7:      0.8)   75 (  0.5%) |*
[      0.5:      0.6)  407 (  2.7%) |***
[      0.4:      0.5) 1022 (  6.8%) |********
[      0.3:      0.4) 1622 ( 10.7%) |************
[      0.2:      0.3) 2281 ( 15.1%) |*****************
[      0.1:      0.2) 3484 ( 23.0%) |**************************
[        0:      0.1) 6247 ( 41.3%) |**********************************************
Maximum routing channel utilization:      0.72 at (37,48)

X - Directed channels: layer   y   max occ   ave occ   ave cap
                        ----- ---- -------- -------- --------
                            0    0       51   28.535      160
                            0    1        3    0.523      160
                            0    2       10    1.767      160
                            0    3       15    3.070      160
                            0    4       23    5.698      160
                            0    5       39    7.570      160
                            0    6       61   13.651      160
                            0    7       61   14.709      160
                            0    8       42   15.372      160
                            0    9       61   13.349      160
                            0   10       36   12.384      160
                            0   11       53   12.744      160
                            0   12       61   16.558      160
                            0   13       42   18.419      160
                            0   14       44   18.453      160
                            0   15       53   18.942      160
                            0   16       55   20.605      160
                            0   17       65   23.116      160
                            0   18       72   31.058      160
                            0   19       76   29.302      160
                            0   20       75   26.977      160
                            0   21       73   23.419      160
                            0   22       77   25.186      160
                            0   23       65   28.663      160
                            0   24       67   29.081      160
                            0   25       78   34.116      160
                            0   26       71   31.756      160
                            0   27       64   25.267      160
                            0   28       80   23.919      160
                            0   29       69   22.349      160
                            0   30       82   26.070      160
                            0   31       69   28.605      160
                            0   32       81   30.419      160
                            0   33       74   27.884      160
                            0   34       76   32.895      160
                            0   35       78   31.779      160
                            0   36       85   35.267      160
                            0   37       77   43.198      160
                            0   38       94   45.512      160
                            0   39       91   46.244      160
                            0   40       85   45.779      160
                            0   41       94   51.698      160
                            0   42      101   50.372      160
                            0   43       91   41.756      160
                            0   44      102   40.500      160
                            0   45       91   39.093      160
                            0   46      100   40.535      160
                            0   47       97   39.221      160
                            0   48      100   39.709      160
                            0   49       88   43.547      160
                            0   50       84   44.163      160
                            0   51       79   37.070      160
                            0   52       97   42.384      160
                            0   53      101   39.988      160
                            0   54       85   32.919      160
                            0   55       80   30.186      160
                            0   56       82   36.012      160
                            0   57       92   41.733      160
                            0   58       91   45.930      160
                            0   59       88   41.500      160
                            0   60       85   43.302      160
                            0   61       81   43.035      160
                            0   62       95   49.070      160
                            0   63       94   42.953      160
                            0   64       83   35.023      160
                            0   65       90   36.651      160
                            0   66      100   41.326      160
                            0   67       96   36.849      160
                            0   68       87   34.500      160
                            0   69       71   26.756      160
                            0   70       74   29.035      160
                            0   71       68   26.826      160
                            0   72       72   25.198      160
                            0   73       63   20.651      160
                            0   74       74   25.244      160
                            0   75       60   18.407      160
                            0   76       52   17.663      160
                            0   77       56   15.884      160
                            0   78       67   15.651      160
                            0   79       53   10.128      160
                            0   80       50    7.523      160
                            0   81       37    4.605      160
                            0   82       15    2.744      160
                            0   83       11    1.860      160
                            0   84        4    0.605      160
                            0   85        3    0.558      160
                            0   86       66   29.849      160
Y - Directed channels: layer   x   max occ   ave occ   ave cap
                        ----- ---- -------- -------- --------
                            0    0       65   24.093      160
                            0    1       39   21.837      160
                            0    2       59   32.814      160
                            0    3       39   12.640      160
                            0    4       38   18.302      160
                            0    5       75   36.000      160
                            0    6       90   40.616      160
                            0    7       67   26.884      160
                            0    8       57   16.558      160
                            0    9       41   15.442      160
                            0   10       50   11.267      160
                            0   11       17    6.849      160
                            0   12       29    9.779      160
                            0   13       27    9.291      160
                            0   14       24   14.070      160
                            0   15       25   12.535      160
                            0   16       34   13.012      160
                            0   17       79   42.430      160
                            0   18       94   50.674      160
                            0   19       84   27.058      160
                            0   20       98   32.965      160
                            0   21      108   58.302      160
                            0   22       96   50.500      160
                            0   23       79   30.256      160
                            0   24       80   31.721      160
                            0   25       73   28.640      160
                            0   26       76   24.174      160
                            0   27       49   17.558      160
                            0   28       68   19.814      160
                            0   29       86   24.872      160
                            0   30      100   31.070      160
                            0   31       83   28.942      160
                            0   32       90   39.616      160
                            0   33      101   59.605      160
                            0   34      104   70.570      160
                            0   35       94   48.372      160
                            0   36      100   52.570      160
                            0   37      115   66.372      160
                            0   38      115   60.953      160
                            0   39       94   36.384      160
                            0   40       61   27.093      160
                            0   41       81   29.395      160
                            0   42       85   28.988      160
                            0   43       76   22.233      160
                            0   44       74   24.465      160
                            0   45       80   30.837      160
                            0   46       83   30.116      160
                            0   47      103   37.581      160
                            0   48       90   46.058      160
                            0   49       98   59.233      160
                            0   50       91   59.488      160
                            0   51       98   41.186      160
                            0   52      107   41.070      160
                            0   53      104   53.500      160
                            0   54       81   44.663      160
                            0   55       65   20.767      160
                            0   56       88   18.407      160
                            0   57       75   18.209      160
                            0   58       71   21.895      160
                            0   59       59   17.349      160
                            0   60       65   12.453      160
                            0   61       75   16.477      160
                            0   62       92   24.442      160
                            0   63       65   21.267      160
                            0   64       44   18.849      160
                            0   65       65   45.407      160
                            0   66      102   58.186      160
                            0   67       92   37.640      160
                            0   68       96   40.093      160
                            0   69      106   46.686      160
                            0   70       76   35.279      160
                            0   71       40   11.721      160
                            0   72       25    7.698      160
                            0   73       12    4.837      160
                            0   74       15    4.930      160
                            0   75       24    7.779      160
                            0   76       35    6.965      160
                            0   77       28    8.070      160
                            0   78       32   16.581      160
                            0   79       48   14.384      160
                            0   80       53   17.116      160
                            0   81       57   33.593      160
                            0   82       70   41.012      160
                            0   83       55   23.930      160
                            0   84       83   35.198      160
                            0   85       71   34.105      160
                            0   86       51   24.802      160

Total existing wires segments: CHANX   1197120, CHANY   1197120, CHANZ         0, ALL   2394240
Total used wires segments:     CHANX    205576, CHANY    221660, CHANZ         0, ALL    427236
Usage percentage:              CHANX     17.2%, CHANY     18.5%, CHANZ      0.0%, ALL     17.8%

Logic area (in minimum width transistor areas, excludes I/Os and empty grid tiles)...
	Total logic block area (Warning, need to add pitch of routing to blocks with height > 3): 2.4541e+08
	Total used logic block area: 8.82398e+07

Routing area (in minimum width transistor areas)...
	Total routing area: 9.66431e+07, per logic tile: 12479.7

Total Number of Wiring Segments by Direction: direction length number
                                              --------- ------ -------
                                                      X      4 267132
                                                      Y      4 267132
                                                      X     16  12084
                                                      Y     16  12084

X - Directed Wiring Segment usage by length: length utilization
                                             ------ -----------
                                             4       0.171
                                            16       0.131

Y - Directed Wiring Segment usage by length: length utilization
                                             ------ -----------
                                             4       0.174
                                            16       0.194

Segment occupancy by length: Length Occupancy Capacity Utilization
                             ------ --------- -------- -----------
                             L4         92188   534264       0.173
                             L16         3933    24168       0.163

Segment occupancy by type: name type utilization
                           ---- ---- -----------
                             L4    0       0.173
                            L16    1       0.163

Final hold Worst Negative Slack (hWNS): 0 ns
Final hold Total Negative Slack (hTNS): 0 ns
Final hold Worst Skew (hWS): 0 ns

Final hold slack histogram:
[  4.1e-11:    6e-10) 3506 (  6.6%) |******************
[    6e-10:  1.2e-09) 7269 ( 13.8%) |*************************************
[  1.2e-09:  1.7e-09) 7540 ( 14.3%) |**************************************
[  1.7e-09:  2.3e-09) 9073 ( 17.2%) |**********************************************
[  2.3e-09:  2.8e-09) 8997 ( 17.1%) |**********************************************
[  2.8e-09:  3.4e-09) 7993 ( 15.1%) |*****************************************
[  3.4e-09:  3.9e-09) 5398 ( 10.2%) |***************************
[  3.9e-09:  4.5e-09) 2213 (  4.2%) |***********
[  4.5e-09:    5e-09)  625 (  1.2%) |***
[    5e-09:  5.6e-09)  148 (  0.3%) |*

Final critical path delay (least slack): 7.38952 ns, Fmax: 135.327 MHz
Final critical path skew: -0.04243 ns
Final setup Worst Negative Slack (sWNS): -7.38952 ns
Final setup Total Negative Slack (sTNS): -137584 ns
Final setup Worst Skew (sWS): -0.04243 ns

Final setup slack histogram:
[ -7.4e-09: -6.7e-09)    74 (  0.1%) |
[ -6.7e-09:   -6e-09)   112 (  0.2%) |
[   -6e-09: -5.2e-09)   560 (  1.1%) |**
[ -5.2e-09: -4.5e-09)  1327 (  2.5%) |****
[ -4.5e-09: -3.8e-09)  6205 ( 11.8%) |*********************
[ -3.8e-09: -3.1e-09)  9037 ( 17.1%) |******************************
[ -3.1e-09: -2.4e-09) 12872 ( 24.4%) |*******************************************
[ -2.4e-09: -1.6e-09) 13396 ( 25.4%) |*********************************************
[ -1.6e-09: -9.1e-10)  8274 ( 15.7%) |****************************
[ -9.1e-10: -1.9e-10)   905 (  1.7%) |***

Final geomean non-virtual intra-domain period: 7.38952 ns (135.327 MHz)
Final fanout-weighted geomean non-virtual intra-domain period: 7.38952 ns (135.327 MHz)

Incr Slack updates 1 in 0.00171561 sec
Full Max Req/Worst Slack updates 1 in 0.00120632 sec
Incr Max Req/Worst Slack updates 0 in 0 sec
Incr Criticality updates 0 in 0 sec
Full Criticality updates 1 in 0.00650337 sec
Flow timing analysis took 8.74513 seconds (7.54387 STA, 1.20126 slack) (130 full updates: 112 setup, 0 hold, 18 combined).
VPR succeeded
The entire flow of VPR took 106.40 seconds (max_rss 837.7 MiB)

