VPR FPGA Placement and Routing.
Version: 9.0.0-dev+v8.0.0-18248-g40f8d19708
Revision: v8.0.0-18248-g40f8d19708
Compiled: 2026-09-22T03:43:48
Compiler: GNU 13.3.0 on Linux-5.15.0-119-generic x86_64
Build Info: release IPO VTR_ASSERT_LEVEL=2

University of Toronto
verilogtorouting.org
vtr-users@googlegroups.com
This is free open source code under MIT license.

VPR was run with the following command-line:
/inspire/hdd/project/project-public/changshunjie-253114010247/changshunjie-253114010247/workspace/DAC2027/vtr/vtr-verilog-to-routing/vpr/vpr /inspire/hdd/project/project-public/changshunjie-253114010247/changshunjie-253114010247/workspace/DAC2027/vtr/vtr-verilog-to-routing/vtr_flow/arch/COFFE_22nm/k6FracN10LB_mem20K_complexDSP_customSB_22nm.xml /inspire/hdd/project/project-public/changshunjie-253114010247/changshunjie-253114010247/workspace/DAC2027/TailCompile/experiments/vtr/runs/pilot_v1/attention_layer/full-seed1-w300/attention_layer.pre-vpr.blif --analytical_place --route --analysis --ap_full_legalizer flat-recon --ap_detailed_placer annealer --seed 12 --route_chan_width 140 --write_flat_place /inspire/hdd/project/project-public/changshunjie-253114010247/changshunjie-253114010247/workspace/DAC2027/TailCompile/vtr_work/tailcompile_v3/attention_layer/4x4/gnn_candidate-fp001f468b-flat-recon-annealer-seed12-w140-devw88/post_route.fplace --write_legalized_flat_place /inspire/hdd/project/project-public/changshunjie-253114010247/changshunjie-253114010247/workspace/DAC2027/TailCompile/vtr_work/tailcompile_v3/attention_layer/4x4/gnn_candidate-fp001f468b-flat-recon-annealer-seed12-w140-devw88/post_legalizer.fplace --flat_place_verbosity 1 --device_width 88 --net_file /inspire/hdd/project/project-public/changshunjie-253114010247/changshunjie-253114010247/workspace/DAC2027/TailCompile/vtr_work/tailcompile_v3/attention_layer/4x4/gnn_candidate-fp001f468b-flat-recon-annealer-seed12-w140-devw88/attention_layer.locked-input.net --read_flat_place /inspire/hdd/global_user/changshunjie-253114010247/workspace/DAC2027/TailCompile/experiments/vtr/tailcompile_v3/attention_layer/4x4/pools/bootstrap_24/candidate_19_seed13046.fplace

Using up to 1 parallel worker(s)

Architecture file: /inspire/hdd/project/project-public/changshunjie-253114010247/changshunjie-253114010247/workspace/DAC2027/vtr/vtr-verilog-to-routing/vtr_flow/arch/COFFE_22nm/k6FracN10LB_mem20K_complexDSP_customSB_22nm.xml
Circuit name: attention_layer.pre-vpr

# Loading Architecture Description
# Loading Architecture Description took 0.03 seconds (max_rss 32.4 MiB, delta_rss +0.0 MiB)

Timing analysis: ON
Circuit netlist file: /inspire/hdd/project/project-public/changshunjie-253114010247/changshunjie-253114010247/workspace/DAC2027/TailCompile/vtr_work/tailcompile_v3/attention_layer/4x4/gnn_candidate-fp001f468b-flat-recon-annealer-seed12-w140-devw88/attention_layer.locked-input.net
Circuit placement file: attention_layer.pre-vpr.place
Circuit routing file: attention_layer.pre-vpr.route
Circuit SDC file: attention_layer.pre-vpr.sdc
Vpr floorplanning constraints file: not specified

Packer: DISABLED
Placer: DISABLED
Analytical Placer: ENABLED
Router: ENABLED
Analysis: ENABLED

VPR was run with the following options:

netlist_opts.absorb_buffer_luts            : true
netlist_opts.sweep_dangling_primary_ios    : true
netlist_opts.sweep_dangling_nets           : true
netlist_opts.sweep_dangling_blocks         : true
netlist_opts.sweep_constant_primary_outputs: false
netlist_opts.netlist_verbosity             : 1
netlist_opts.const_gen_inference           : COMB_SEQ

AnalyticalPlacerOpts.analytical_solver_type: lp-b2b
AnalyticalPlacerOpts.partial_legalizer_type: bipartitioning
AnalyticalPlacerOpts.full_legalizer_type: flat-recon
AnalyticalPlacerOpts.detailed_placer_type: annealer
AnalyticalPlacerOpts.ap_timing_tradeoff: 0.500000
AnalyticalPlacerOpts.ap_high_fanout_threshold: 256
AnalyticalPlacerOpts.log_verbosity: 1
router_opts.route_type: DETAILED
router_opts.flat_routing: false
router_opts.choke_points: on
router_opts.router_algorithm: TIMING_DRIVEN
router_opts.base_cost_type: DELAY_NORMALIZED_LENGTH
router_opts.fixed_channel_width: 140
router_opts.check_route: FULL
router_opts.acc_fac: 1.000000
router_opts.bb_factor: 3
router_opts.bend_cost: 0.000000
router_opts.first_iter_pres_fac: 0.000000
router_opts.initial_pres_fac: 0.500000
router_opts.pres_fac_mult: 1.300000
router_opts.max_pres_fac: 1000.000000
router_opts.max_router_iterations: 50
router_opts.min_incremental_reroute_fanout: 16
router_opts.initial_acc_cost_chan_congestion_threshold: 0.500000
router_opts.initial_acc_cost_chan_congestion_weight: 0.500000
router_opts.do_check_rr_graph: true
router_opts.verify_binary_search: false
router_opts.min_channel_width_hint: 0
router_opts.read_rr_edge_metadata: false
router_opts.exit_after_first_routing_iteration: false
router_opts.astar_fac: 1.200000
router_opts.astar_offset: 0.000000
router_opts.router_profiler_astar_fac: 1.200000
router_opts.enable_parallel_connection_router: false
router_opts.post_target_prune_fac: 1.200000
router_opts.post_target_prune_offset: 0
router_opts.multi_queue_num_threads: 1
router_opts.multi_queue_num_queues: 2
router_opts.multi_queue_direct_draining: false
router_opts.criticality_exp: 1.000000
router_opts.max_criticality: 0.990000
router_opts.init_wirelength_abort_threshold: 0.850000
router_opts.incr_reroute_delay_ripup: AUTO
router_opts.save_routing_per_iteration: false
router_opts.congested_routing_iteration_threshold_frac: 1.000000
router_opts.high_fanout_threshold: 64
router_opts.router_debug_net: -2
router_opts.router_debug_sink_rr: -2
router_opts.router_debug_iteration: -2
router_opts.max_convergence_count: 1
router_opts.reconvergence_cpd_threshold: 0.990000
router_opts.update_lower_bound_delays: true
router_opts.first_iteration_timing_report_file: 
router_opts.route_bb_update: DYNAMIC
router_opts.lookahead_type: MAP
router_opts.initial_timing: LOOKAHEAD
router_opts.router_heap: FOUR_ARY_HEAP
router_opts.routing_failure_predictor = SAFE
router_opts.routing_predictor_min_history: 8
router_opts.routing_budgets_algorithm = DISABLE

analysis_opts.gen_post_synthesis_netlist: false
analysis_opts.gen_post_implementation_merged_netlist: false
analysis_opts.gen_post_implementation_sdc: false
analysis_opts.timing_report_npaths: 100
analysis_opts.timing_report_skew: false
analysis_opts.echo_dot_timing_graph_node: -1
analysis_opts.timing_report_detail: NETLIST
analysis_opts.post_synth_netlist_unconn_input_handling: UNCONNECTED
analysis_opts.post_synth_netlist_unconn_output_handling: UNCONNECTED
analysis_opts.post_synth_netlist_module_parameters: on

# Building complex block graph
# Building complex block graph took 0.08 seconds (max_rss 32.4 MiB, delta_rss +0.0 MiB)
Circuit file: /inspire/hdd/project/project-public/changshunjie-253114010247/changshunjie-253114010247/workspace/DAC2027/TailCompile/experiments/vtr/runs/pilot_v1/attention_layer/full-seed1-w300/attention_layer.pre-vpr.blif
# Load circuit
Found 4 constant generator(s) in the netlist (2 constant-zero, 2 constant-one) (run with --netlist_verbosity 2 to list names)
# Load circuit took 0.55 seconds (max_rss 134.2 MiB, delta_rss +101.8 MiB)
# Clean circuit
Absorbed 7975 LUT buffers
Found 1090 primitive output pin(s) driven only by constants; marked them as constants
Swept input(s)      : 7
Swept output(s)     : 0 (0 dangling, 0 constant)
Swept net(s)        : 10126
Swept block(s)      : 33
Constant Pins Marked: 1090
# Clean circuit took 0.13 seconds (max_rss 134.2 MiB, delta_rss +0.0 MiB)
# Compress circuit
# Compress circuit took 0.06 seconds (max_rss 134.2 MiB, delta_rss +0.0 MiB)
# Verify circuit
# Verify circuit took 0.01 seconds (max_rss 134.2 MiB, delta_rss +0.0 MiB)
Circuit Statistics:
  Blocks: 40113
    .input            :    1052
    .latch            :    8844
    .names            :   17218
        0-LUT:       3
        1-LUT:    5989
        2-LUT:     920
        3-LUT:    4530
        4-LUT:    3023
        5-LUT:    1163
        6-LUT:    1590
    .output           :      32
    adder             :    9150
    addition_fp_clk_16:       1
    dual_port_ram     :    3680
    multiply          :     136
  Nets  : 50065
    Avg Fanout:     2.9
    Max Fanout: 12525.0
    Min Fanout:     1.0
  Netlist Clocks: 1
# Build Timing Graph
  Timing Graph Nodes: 245193
  Timing Graph Edges: 446068
  Timing Graph Levels: 66
# Build Timing Graph took 0.23 seconds (max_rss 202.3 MiB, delta_rss +62.8 MiB)
Netlist contains 1 clocks
  Netlist Clock 'clk' Fanout: 12525 pins (6.5%), 12525 blocks (31.2%)
# Load Timing Constraints

SDC file 'attention_layer.pre-vpr.sdc' not found
Setting default timing constraints:
   * constrain all primary inputs and primary outputs on netlist clock 'clk'
   * optimize netlist clock to run as fast as possible
Timing constraints created 1 clocks
  Constrained Clock 'clk' Source: 'clk.inpad[0]'

# Load Timing Constraints took 0.00 seconds (max_rss 202.3 MiB, delta_rss +0.0 MiB)
# Analytical Placement
## Prepacker

There is one chain in this architecture called "chain" with the following starting points:
	clb[0]/lab[0]/fle[0]/ble5[0]/arithmetic[0]/adder[0].cin[0]

## Prepacker took 0.04 seconds (max_rss 202.3 MiB, delta_rss +0.0 MiB)
## Initializing Pre-Cluster Timing
Using inter-cluster delay: 2.1832e-09
## Initializing Pre-Cluster Timing took 0.38 seconds (max_rss 207.2 MiB, delta_rss +4.9 MiB)
## Estimate Device Size
Device layout 'auto' with fixed width 88.
FPGA sized to 88 x 88: 7744 grid tiles (auto)
## Estimate Device Size took 0.00 seconds (max_rss 207.2 MiB, delta_rss +0.0 MiB)
## Ram Mapper
Flat Placement is provided, skipping the RAM mapping.
## Ram Mapper took 0.00 seconds (max_rss 207.2 MiB, delta_rss +0.0 MiB)
## Read Atom Netlist to AP Netlist
## Read Atom Netlist to AP Netlist took 0.29 seconds (max_rss 274.5 MiB, delta_rss +67.3 MiB)
Analytical Placement Netlist Statistics:
	AP Blocks: 25061
		Moveable AP Blocks: 25061
		Fixed AP Blocks: 0
	AP Nets: 34982
		Average Fanout: 2.94
		Highest Fanout: 257
	AP Pins: 193913

## Computing placement delta delay look-up
### Build routing resource graph
### Build routing resource graph took 5.00 seconds (max_rss 734.6 MiB, delta_rss +460.1 MiB)
  RR Graph Nodes: 1616436
  RR Graph Edges: 15321730
### Computing router lookahead map
#### Computing wire lookahead
#### Computing wire lookahead took 5.72 seconds (max_rss 734.6 MiB, delta_rss +0.0 MiB)
#### Computing src/opin lookahead
Warning 1: Found no more sample locations for SOURCE in io
Warning 2: Found no more sample locations for OPIN in io
Warning 3: Found no more sample locations for SOURCE in clb
Warning 4: Found no more sample locations for OPIN in clb
Warning 5: Found no more sample locations for SOURCE in dsp_top
Warning 6: Found no more sample locations for OPIN in dsp_top
Warning 7: Found no more sample locations for SOURCE in memory
Warning 8: Found no more sample locations for OPIN in memory
#### Computing src/opin lookahead took 0.19 seconds (max_rss 734.6 MiB, delta_rss +0.0 MiB)
### Computing router lookahead map took 5.94 seconds (max_rss 734.6 MiB, delta_rss +0.0 MiB)
Serial Connection Router is being destroyed. Time spent on path search: 0.000 seconds.
## Computing placement delta delay look-up took 11.23 seconds (max_rss 734.6 MiB, delta_rss +460.1 MiB)
Flat Placement is provided in the AP flow, skipping the Global Placement.
0 of 25061 molecules placed at device center (no atoms of these molecules found in flat placement).
## AP Full Legalizer
### Creating Clusters
Device (width, height): (88,88)
#### Sorting and Grouping Blocks by Tile
#### Sorting and Grouping Blocks by Tile took 0.01 seconds (max_rss 734.6 MiB, delta_rss +0.0 MiB)
#### Reconstruction Pass Clustering
#### Reconstruction Pass Clustering took 57.91 seconds (max_rss 734.6 MiB, delta_rss +0.0 MiB)
#### Orphan Window Clustering with search radius 8
#### Orphan Window Clustering with search radius 8 took 0.02 seconds (max_rss 734.6 MiB, delta_rss +0.0 MiB)
FPGA sized to 88 x 88: 7744 grid tiles (auto)
Device Utilization: 0.28 (target 1.00)
	Block Utilization: 0.39 Type: io
	Block Utilization: 0.19 Type: clb
	Block Utilization: 0.85 Type: dsp_top
	Block Utilization: 0.75 Type: memory

----------------------------------------------------------------
                       Clustering Summary                       
----------------------------------------------------------------
Clusters created (Self Clustering)                       : 2605
    memory     : 194
    dsp_top    : 107
    clb        : 1220
    io         : 1084
Clusters created (Orphan Window Clustering)              : 12
    clb        : 12
Total clusters                                           : 2617
Percent of clusters created in Orphan Window Clustering  : 0.46%
Molecules clustered in each stage breakdown  : (Total of 25061)
	Self Clustering          (0.998963)  : 25035
 	Neighbor Clustering      (0.000000)  : 0
	Orphan Window Clustering (0.001037)  : 26
----------------------------------------------------------------

Final Clustering Statistics: 
----------   --------   ------------------------------------   --------------------------
Block Type   # Blocks   Avg. # of input clocks and pins used   Avg. # of output pins used
----------   --------   ------------------------------------   --------------------------
     EMPTY          0                                      0                            0   
        io       1084                              0.0295203                      0.97048   
       clb       1232                                28.0146                      15.4002   
   dsp_top        107                                40.9813                      20.1869   
    memory        194                                49.6598                      18.9691   
Absorbed logical nets 24200 out of 50065 nets, 25865 nets not absorbed.
#### Load packing
##### Loading packed FPGA netlist file.
Netlist generated from file '/inspire/hdd/project/project-public/changshunjie-253114010247/changshunjie-253114010247/workspace/DAC2027/TailCompile/vtr_work/tailcompile_v3/attention_layer/4x4/gnn_candidate-fp001f468b-flat-recon-annealer-seed12-w140-devw88/attention_layer.locked-input.net'.
Detected 3 constant generators (to see names run with higher pack verbosity)
##### Loading packed FPGA netlist file. took 2.05 seconds (max_rss 773.5 MiB, delta_rss +38.9 MiB)
Warning 9: Treated 2 constant nets as global which will not be routed (to see net names increase packer verbosity).
Netlist contains 5542 global net to non-global architecture pin connections
Found 2 logic block(s) with only 1 output pin and no inputs; they may be constant generators (run with --pack_verbosity 3 to list them)
Completed clustering consistency check successfully.
Cluster level netlist and block usage statistics
Netlist num_nets: 25865
Netlist num_blocks: 2617
Netlist EMPTY blocks: 0.
Netlist io blocks: 1084.
Netlist clb blocks: 1232.
Netlist dsp_top blocks: 107.
Netlist memory blocks: 194.
Netlist inputs pins: 1052
Netlist output pins: 32

Pb types usage...
  io                   : 1084
   inpad               : 1052
   outpad              : 32
  clb                  : 1232
   lab                 : 1232
    fle                : 11238
     ble5              : 19054
      flut5            : 9904
       lut5            : 9613
        lut            : 9613
       ff              : 8130
      arithmetic       : 9150
       lut4            : 6015
        lut            : 6015
       adder           : 9150
     ble6              : 1590
      lut6             : 1590
       lut             : 1590
      ff               : 714
  dsp_top              : 107
   dsp                 : 107
    dsp_pb             : 107
     two_mult_18x19    : 136
      mult_18x19       : 136
     adder_fp16        : 1
  memory               : 194
   mem_1024x20_dp      : 194
    memory_slice       : 3680

#### Load packing took 2.42 seconds (max_rss 773.5 MiB, delta_rss +38.9 MiB)
Netlist contains 5542 global net to non-global architecture pin connections
Found 2 logic block(s) with only 1 output pin and no inputs; they may be constant generators (run with --pack_verbosity 3 to list them)
Cluster level netlist and block usage statistics
Netlist num_nets: 25865
Netlist num_blocks: 2617
Netlist EMPTY blocks: 0.
Netlist io blocks: 1084.
Netlist clb blocks: 1232.
Netlist dsp_top blocks: 107.
Netlist memory blocks: 194.
Netlist inputs pins: 1052
Netlist output pins: 32
### Creating Clusters took 61.53 seconds (max_rss 773.5 MiB, delta_rss +38.9 MiB)
Completed clustering consistency check successfully.
FPGA sized to 88 x 88: 7744 grid tiles (auto)
### Compressed grid construction
### Compressed grid construction took 0.00 seconds (max_rss 773.5 MiB, delta_rss +0.0 MiB)
### Initial Placement
Placing clusters that are part of larger macros...
Number of blocks to be placed: 16
Max distance on device: 176
---- ---------- ---------- -------------
Pass Max Displ. Num Blocks Num Blocks   
     Threshold  Placed     Left Unplaced
---- ---------- ---------- -------------
   0          0         12             4
   1          1          4             0

Placing general clusters...
Number of blocks to be placed: 2601
Max distance on device: 176
---- ---------- ---------- -------------
Pass Max Displ. Num Blocks Num Blocks   
     Threshold  Placed     Left Unplaced
---- ---------- ---------- -------------
   0          0       2589            12
   1          1          2            10
   2          2          3             7
   3          4          7             0

### Initial Placement took 0.01 seconds (max_rss 773.5 MiB, delta_rss +0.0 MiB)
Flat Placement Reconstruction Info:
	Percent of clusters with reconstruction errors: 0.267482
	Total displacement of initial placement from flat placement: 15121.000000
	Average atom displacement of initial placement from flat placement: 0.376960
	Max atom displacement of initial placement from flat placement: 66.000000
	Percent of atoms misplaced from the flat placement: 1.219056
## AP Full Legalizer took 61.85 seconds (max_rss 773.5 MiB, delta_rss +38.9 MiB)

Resource usage...
	Netlist
		1084	blocks of type: io
	Architecture
		2752	blocks of type: io
	Netlist
		1232	blocks of type: clb
	Architecture
		6376	blocks of type: clb
	Netlist
		107	blocks of type: dsp_top
	Architecture
		126	blocks of type: dsp_top
	Netlist
		194	blocks of type: memory
	Architecture
		258	blocks of type: memory

Device Utilization: 0.28 (target 1.00)
	Physical Tile io:
	Block Utilization: 0.39 Logical Block: io
	Physical Tile clb:
	Block Utilization: 0.19 Logical Block: clb
	Physical Tile dsp_top:
	Block Utilization: 0.85 Logical Block: dsp_top
	Physical Tile memory:
	Block Utilization: 0.75 Logical Block: memory

## Computing placement delta delay look-up
RR graph channel widths unchanged, skipping RR graph rebuild
Serial Connection Router is being destroyed. Time spent on path search: 0.000 seconds.
## Computing placement delta delay look-up took 0.02 seconds (max_rss 773.5 MiB, delta_rss +0.0 MiB)
Using simple RL 'Softmax agent' for choosing move and block types

Completed placement consistency check successfully.
Initial placement cost: 1 bb_cost: 7553.1 td_cost: 1.63409e-05
Initial placement BB estimate of wirelength: 1.057e+06
Initial placement estimated Critical Path Delay (CPD): 17.1522 ns
Initial placement estimated setup Total Negative Slack (sTNS): -128191 ns
Initial placement estimated setup Worst Negative Slack (sWNS): -17.1522 ns

Initial placement estimated setup slack histogram:
[ -1.7e-08: -1.5e-08)     1 (  0.0%) |
[ -1.5e-08: -1.4e-08)    13 (  0.0%) |
[ -1.4e-08: -1.2e-08)    33 (  0.1%) |
[ -1.2e-08:   -1e-08)   101 (  0.2%) |
[   -1e-08: -8.7e-09)   274 (  0.5%) |
[ -8.7e-09:   -7e-09)   779 (  1.5%) |*
[   -7e-09: -5.3e-09)  1382 (  2.6%) |**
[ -5.3e-09: -3.6e-09)  2919 (  5.5%) |*****
[ -3.6e-09: -1.9e-09) 26969 ( 51.1%) |*********************************************
[ -1.9e-09: -1.9e-10) 20291 ( 38.5%) |**********************************
Placement contains 8 placement macros involving 16 blocks (average macro size 2.000000)

Moves per temperature: 18027
## AP Detailed Placer

---- ------ ------- ------- ---------- ---------- ------- ---------- -------- ------- ------- ------ -------- --------- ------
Tnum  Time     T    AvCost  Av BB Cost Av TD Cost   CPD      sTNS      sWNS   AcRate  StdDev  R lim  CritExp  TotMoves  Alpha 
     (sec)                                          (ns)     (ns)      (ns)                                                   
---- ------ ------- ------- ---------- ---------- ------- ---------- -------- ------- ------- ------ -------- --------- ------
   1    0.2 8.5e-04   1.022    6535.48 1.4902e-05  14.825  -1.19e+05  -14.825   0.844  0.0098   87.0     1.00      18027  1.000
   2    0.2 7.7e-04   0.980    6577.72 1.8369e-05  12.263  -1.19e+05  -12.263   0.845  0.0176   87.0     1.00      36054  0.900
   3    0.2 6.9e-04   0.946    6616.14 1.7431e-05  13.196  -1.21e+05  -13.196   0.836  0.0246   87.0     1.00      54081  0.900
   4    0.2 6.2e-04   0.980    6425.05 1.5581e-05  14.312  -1.19e+05  -14.312   0.822  0.0115   87.0     1.00      72108  0.900
   5    0.2 5.6e-04   0.949    6064.28 1.4564e-05  14.880  -1.22e+05  -14.880   0.812  0.0159   87.0     1.00      90135  0.900
   6    0.2 5.0e-04   0.943    5681.22 1.4978e-05  13.790  -1.18e+05  -13.790   0.786  0.0242   87.0     1.00     108162  0.900
   7    0.2 4.8e-04   0.960    5306.74 1.5877e-05  12.019  -1.17e+05  -12.019   0.767  0.0139   87.0     1.00     126189  0.950
   8    0.2 4.5e-04   0.945    4874.98 1.7022e-05  10.757  -1.16e+05  -10.757   0.762  0.0257   87.0     1.00     144216  0.950
   9    0.2 4.3e-04   0.964    4602.93 1.597e-05   10.943  -1.14e+05  -10.943   0.740  0.0178   87.0     1.00     162243  0.950
  10    0.2 4.1e-04   0.968    4403.03 1.3662e-05  12.295  -1.14e+05  -12.295   0.741  0.0193   87.0     1.00     180270  0.950
  11    0.2 3.9e-04   0.958    4045.28 1.4657e-05  10.992  -1.13e+05  -10.992   0.723  0.0151   87.0     1.00     198297  0.950
  12    0.2 3.7e-04   0.968    3871.98 1.5032e-05  10.362  -1.09e+05  -10.362   0.709  0.0154   87.0     1.00     216324  0.950
  13    0.2 3.5e-04   0.973    3676.72 1.5959e-05   9.455  -1.11e+05   -9.455   0.701  0.0097   87.0     1.00     234351  0.950
  14    0.2 3.3e-04   0.976    3544.02 1.3872e-05  10.664   -1.1e+05  -10.664   0.697  0.0108   87.0     1.00     252378  0.950
  15    0.2 3.2e-04   0.975    3392.63 1.4048e-05  10.256   -1.1e+05  -10.256   0.686  0.0111   87.0     1.00     270405  0.950
  16    0.2 3.0e-04   0.982    3299.36 1.5306e-05   9.232  -1.08e+05   -9.232   0.678  0.0080   87.0     1.00     288432  0.950
  17    0.2 2.9e-04   0.974    3160.97 1.4253e-05   9.743  -1.12e+05   -9.743   0.665  0.0086   87.0     1.00     306459  0.950
  18    0.2 2.7e-04   0.976    3079.93 1.3915e-05   9.801  -1.07e+05   -9.801   0.653  0.0073   87.0     1.00     324486  0.950
  19    0.2 2.6e-04   0.983    3019.23 1.3813e-05   9.761  -1.07e+05   -9.761   0.644  0.0084   87.0     1.00     342513  0.950
  20    0.2 2.5e-04   0.989    2956.13 1.3797e-05   9.655  -1.07e+05   -9.655   0.639  0.0059   87.0     1.00     360540  0.950
  21    0.2 2.3e-04   0.989    2919.76 1.4434e-05   9.131  -1.06e+05   -9.131   0.636  0.0044   87.0     1.00     378567  0.950
  22    0.2 2.2e-04   0.982    2887.42 1.249e-05   10.559  -1.07e+05  -10.559   0.629  0.0072   87.0     1.00     396594  0.950
  23    0.2 2.1e-04   0.982    2822.07 1.3426e-05   9.713  -1.06e+05   -9.713   0.623  0.0067   87.0     1.00     414621  0.950
  24    0.2 2.0e-04   0.989    2784.62 1.3179e-05   9.818  -1.07e+05   -9.818   0.611  0.0063   87.0     1.00     432648  0.950
  25    0.2 1.9e-04   0.993    2748.50 1.399e-05    9.088  -1.04e+05   -9.088   0.604  0.0057   87.0     1.00     450675  0.950
  26    0.2 1.8e-04   0.992    2710.40 1.4155e-05   8.873  -1.05e+05   -8.873   0.587  0.0033   87.0     1.00     468702  0.950
  27    0.2 1.7e-04   0.980    2645.75 1.3833e-05   9.034  -1.05e+05   -9.034   0.580  0.0074   87.0     1.00     486729  0.950
  28    0.2 1.6e-04   0.995    2611.45 1.2779e-05   9.659  -1.05e+05   -9.659   0.575  0.0042   87.0     1.00     504756  0.950
  29    0.2 1.5e-04   0.987    2570.15 1.4012e-05   8.690  -1.04e+05   -8.690   0.554  0.0049   87.0     1.00     522783  0.950
  30    0.2 1.5e-04   0.984    2537.51 1.3477e-05   9.025  -1.05e+05   -9.025   0.560  0.0050   87.0     1.00     540810  0.950
  31    0.2 1.4e-04   0.993    2545.88 1.4008e-05   8.643  -1.04e+05   -8.643   0.553  0.0028   87.0     1.00     558837  0.950
  32    0.2 1.3e-04   0.984    2500.28 1.3521e-05   8.877  -1.03e+05   -8.877   0.542  0.0061   87.0     1.00     576864  0.950
  33    0.2 1.3e-04   0.988    2472.57 1.3245e-05   8.988  -1.03e+05   -8.988   0.521  0.0036   87.0     1.00     594891  0.950
  34    0.2 1.2e-04   0.993    2457.65 1.4063e-05   8.376  -1.04e+05   -8.376   0.523  0.0045   87.0     1.00     612918  0.950
  35    0.2 1.1e-04   0.988    2414.71 1.2912e-05   9.032  -1.04e+05   -9.032   0.504  0.0049   87.0     1.00     630945  0.950
  36    0.2 1.1e-04   0.991    2385.51 1.3715e-05   8.418  -1.03e+05   -8.418   0.499  0.0057   87.0     1.00     648972  0.950
  37    0.2 1.0e-04   0.991    2357.42 1.341e-05    8.564  -1.01e+05   -8.564   0.481  0.0039   87.0     1.00     666999  0.950
  38    0.2 9.7e-05   0.988    2333.59 1.2914e-05   8.891  -1.03e+05   -8.891   0.482  0.0044   87.0     1.00     685026  0.950
  39    0.2 9.2e-05   0.990    2310.58 1.3117e-05   8.690  -1.02e+05   -8.690   0.460  0.0038   87.0     1.00     703053  0.950
  40    0.2 8.8e-05   0.986    2278.49 1.3178e-05   8.561  -1.02e+05   -8.561   0.451  0.0056   87.0     1.00     721080  0.950
  41    0.2 8.3e-05   0.993    2269.96 1.3483e-05   8.292  -1.02e+05   -8.292   0.445  0.0035   87.0     1.00     739107  0.950
  42    0.2 7.9e-05   0.990    2250.26 1.2894e-05   8.593  -1.01e+05   -8.593   0.422  0.0036   87.0     1.00     757134  0.950
  43    0.2 7.5e-05   0.989    2221.41 1.1991e-05   8.313  -1.02e+05   -8.313   0.413  0.0045   85.5     1.12     775161  0.950
  44    0.2 7.2e-05   0.992    2213.94 9.561e-06    8.762  -1.01e+05   -8.762   0.400  0.0034   83.1     1.31     793188  0.950
  45    0.2 6.8e-05   0.987    2195.34 8.0041e-06   8.520  -9.99e+04   -8.520   0.402  0.0043   79.8     1.58     811215  0.950
  46    0.2 6.5e-05   0.991    2179.24 7.162e-06    8.195  -1.01e+05   -8.195   0.389  0.0039   76.8     1.83     829242  0.950
  47    0.2 6.1e-05   0.991    2163.14 5.8408e-06   8.180  -1.03e+05   -8.180   0.384  0.0043   72.9     2.15     847269  0.950
  48    0.2 5.8e-05   0.993    2145.62 4.5261e-06   8.317  -1.02e+05   -8.317   0.366  0.0025   68.8     2.48     865296  0.950
  49    0.2 5.5e-05   0.991    2134.32 3.5228e-06   8.329  -1.04e+05   -8.329   0.361  0.0037   63.8     2.89     883323  0.950
  50    0.2 5.3e-05   0.990    2114.41 3.3054e-06   7.909  -1.02e+05   -7.909   0.352  0.0039   58.7     3.30     901350  0.950
  51    0.2 5.0e-05   0.994    2104.82 2.4985e-06   8.032  -1.02e+05   -8.032   0.344  0.0029   53.5     3.72     919377  0.950
  52    0.2 4.7e-05   0.996    2093.37 1.9759e-06   8.125  -1.03e+05   -8.125   0.342  0.0020   48.4     4.14     937404  0.950
  53    0.2 4.5e-05   0.992    2080.56 1.6873e-06   8.096  -1.07e+05   -8.096   0.331  0.0037   43.7     4.53     955431  0.950
  54    0.2 4.3e-05   0.996    2071.63 1.3655e-06   8.117  -1.05e+05   -8.117   0.328  0.0023   38.9     4.91     973458  0.950
  55    0.2 4.1e-05   0.992    2046.13 1.2024e-06   8.066  -1.04e+05   -8.066   0.320  0.0036   34.6     5.27     991485  0.950
  56    0.2 3.9e-05   0.998    2038.67 9.0335e-07   8.253  -1.06e+05   -8.253   0.307  0.0019   30.4     5.60    1009512  0.950
  57    0.2 3.7e-05   0.996    2026.60 9.8204e-07   7.952  -1.08e+05   -7.952   0.301  0.0014   26.4     5.93    1027539  0.950
  58    0.2 3.5e-05   0.994    2010.74 8.3866e-07   7.982  -1.07e+05   -7.982   0.295  0.0039   22.7     6.23    1045566  0.950
  59    0.2 3.3e-05   0.997    1996.69 7.2654e-07   8.011  -1.06e+05   -8.011   0.288  0.0016   19.4     6.50    1063593  0.950
  60    0.2 3.1e-05   0.995    1979.84 6.9477e-07   7.939  -1.04e+05   -7.939   0.278  0.0022   16.5     6.74    1081620  0.950
  61    0.2 3.0e-05   0.997    1969.10 6.3324e-07   7.939  -1.04e+05   -7.939   0.287  0.0015   13.8     6.96    1099647  0.950
  62    0.2 2.8e-05   0.994    1953.80 5.4966e-07   8.002  -1.05e+05   -8.002   0.289  0.0023   11.7     7.13    1117674  0.950
  63    0.2 2.7e-05   0.996    1943.27 5.3786e-07   7.939  -1.05e+05   -7.939   0.278  0.0020    9.9     7.27    1135701  0.950
  64    0.2 2.6e-05   0.997    1930.36 5.0333e-07   7.952  -1.04e+05   -7.952   0.274  0.0015    8.3     7.40    1153728  0.950
  65    0.2 2.4e-05   0.996    1920.41 4.5614e-07   8.011  -1.04e+05   -8.011   0.271  0.0022    6.9     7.52    1171755  0.950
  66    0.2 2.3e-05   0.997    1909.91 4.6454e-07   7.939  -1.05e+05   -7.939   0.261  0.0012    5.8     7.61    1189782  0.950
  67    0.2 2.2e-05   0.997    1901.18 4.3447e-07   7.973  -1.06e+05   -7.973   0.254  0.0012    4.7     7.70    1207809  0.950
  68    0.2 2.1e-05   0.996    1892.17 4.3758e-07   7.939  -1.04e+05   -7.939   0.256  0.0019    3.9     7.77    1225836  0.950
  69    0.2 2.0e-05   0.998    1887.42 4.2762e-07   7.939  -1.05e+05   -7.939   0.252  0.0013    3.1     7.83    1243863  0.950
  70    0.2 1.9e-05   0.996    1881.14 4.1008e-07   7.939  -1.04e+05   -7.939   0.264  0.0014    2.6     7.87    1261890  0.950
  71    0.2 1.8e-05   0.997    1872.85 4.0267e-07   7.939  -1.04e+05   -7.939   0.250  0.0014    2.1     7.91    1279917  0.950
  72    0.2 1.7e-05   0.998    1867.87 3.9438e-07   7.939  -1.03e+05   -7.939   0.258  0.0009    1.7     7.94    1297944  0.950
  73    0.2 1.6e-05   0.998    1863.37 3.8348e-07   7.939  -1.03e+05   -7.939   0.247  0.0008    1.4     7.97    1315971  0.950
  74    0.2 1.5e-05   0.998    1858.68 3.8361e-07   7.939  -1.03e+05   -7.939   0.242  0.0007    1.1     7.99    1333998  0.950
  75    0.2 1.5e-05   0.998    1855.95 3.8182e-07   7.939  -1.03e+05   -7.939   0.241  0.0008    1.0     8.00    1352025  0.950
  76    0.2 1.4e-05   0.998    1850.99 3.7977e-07   7.939  -1.05e+05   -7.939   0.227  0.0009    1.0     8.00    1370052  0.950
  77    0.2 1.3e-05   0.998    1847.57 3.8289e-07   7.939  -1.05e+05   -7.939   0.227  0.0009    1.0     8.00    1388079  0.950
  78    0.2 1.3e-05   0.998    1844.28 3.7845e-07   7.939  -1.05e+05   -7.939   0.217  0.0008    1.0     8.00    1406106  0.950
  79    0.2 1.2e-05   0.999    1840.21 3.7431e-07   7.939  -1.04e+05   -7.939   0.210  0.0006    1.0     8.00    1424133  0.950
  80    0.2 1.1e-05   0.999    1838.03 3.719e-07    7.939  -1.05e+05   -7.939   0.206  0.0008    1.0     8.00    1442160  0.950
  81    0.2 1.1e-05   0.999    1836.23 3.6765e-07   7.939  -1.04e+05   -7.939   0.193  0.0004    1.0     8.00    1460187  0.950
  82    0.2 1.0e-05   0.999    1835.17 3.6483e-07   7.939  -1.04e+05   -7.939   0.188  0.0003    1.0     8.00    1478214  0.950
  83    0.2 9.7e-06   0.999    1833.82 3.6538e-07   7.939  -1.05e+05   -7.939   0.188  0.0005    1.0     8.00    1496241  0.950
  84    0.2 9.2e-06   0.999    1831.34 3.6517e-07   7.939  -1.04e+05   -7.939   0.187  0.0005    1.0     8.00    1514268  0.950
  85    0.2 8.7e-06   0.999    1829.80 3.6597e-07   7.939  -1.04e+05   -7.939   0.180  0.0003    1.0     8.00    1532295  0.950
  86    0.2 8.3e-06   0.999    1828.85 3.6294e-07   7.939  -1.05e+05   -7.939   0.179  0.0004    1.0     8.00    1550322  0.950
  87    0.2 7.9e-06   1.000    1827.41 3.627e-07    7.939  -1.04e+05   -7.939   0.173  0.0002    1.0     8.00    1568349  0.950
  88    0.2 7.5e-06   0.999    1826.40 3.6193e-07   7.939  -1.05e+05   -7.939   0.171  0.0003    1.0     8.00    1586376  0.950
  89    0.2 7.1e-06   0.999    1825.04 3.6262e-07   7.939  -1.03e+05   -7.939   0.169  0.0004    1.0     8.00    1604403  0.950
  90    0.2 6.8e-06   1.000    1823.94 3.6067e-07   7.939  -1.04e+05   -7.939   0.164  0.0002    1.0     8.00    1622430  0.950
  91    0.2 6.4e-06   0.999    1822.93 3.6046e-07   7.939  -1.04e+05   -7.939   0.167  0.0003    1.0     8.00    1640457  0.950
  92    0.2 6.1e-06   0.999    1822.02 3.6107e-07   7.939  -1.02e+05   -7.939   0.157  0.0002    1.0     8.00    1658484  0.950
  93    0.2 5.8e-06   0.999    1821.39 3.6045e-07   7.939  -1.04e+05   -7.939   0.163  0.0002    1.0     8.00    1676511  0.950
  94    0.2 5.5e-06   0.999    1820.18 3.6114e-07   7.939  -1.05e+05   -7.939   0.161  0.0003    1.0     8.00    1694538  0.950
  95    0.2 5.2e-06   1.000    1819.46 3.6099e-07   7.939  -1.04e+05   -7.939   0.158  0.0002    1.0     8.00    1712565  0.950
  96    0.2 5.0e-06   1.000    1818.62 3.6067e-07   7.939  -1.05e+05   -7.939   0.155  0.0003    1.0     8.00    1730592  0.950
  97    0.2 4.7e-06   1.000    1817.71 3.6054e-07   7.939  -1.04e+05   -7.939   0.152  0.0002    1.0     8.00    1748619  0.950
  98    0.2 4.5e-06   1.000    1817.21 3.6175e-07   7.939  -1.04e+05   -7.939   0.153  0.0002    1.0     8.00    1766646  0.950
  99    0.2 4.3e-06   0.999    1816.39 3.5915e-07   7.939  -1.04e+05   -7.939   0.152  0.0002    1.0     8.00    1784673  0.950
 100    0.2 4.0e-06   0.999    1815.11 3.5923e-07   7.939  -1.04e+05   -7.939   0.146  0.0003    1.0     8.00    1802700  0.950
Agent's 2nd state: 
 101    0.2 3.2e-06   1.000    1814.47 3.5839e-07   7.939  -1.04e+05   -7.939   0.145  0.0002    1.0     8.00    1820727  0.800
Checkpoint saved: bb_costs=1814.22, TD costs=3.57446e-07, CPD=  7.939 (ns) 
 102    0.2 2.6e-06   1.000    1813.74 3.5724e-07   7.939  -1.03e+05   -7.939   0.101  0.0002    1.0     8.00    1838754  0.800
 103    0.2 2.1e-06   1.000    1812.97 3.5608e-07   7.939  -1.03e+05   -7.939   0.099  0.0001    1.0     8.00    1856781  0.800
 104    0.2 1.7e-06   1.000    1812.19 3.5588e-07   7.939  -1.04e+05   -7.939   0.094  0.0001    1.0     8.00    1874808  0.800
 105    0.2 1.3e-06   1.000    1811.93 3.5712e-07   7.939  -1.04e+05   -7.939   0.095  0.0001    1.0     8.00    1892835  0.800
 106    0.2 1.1e-06   1.000    1811.27 3.5791e-07   7.939  -1.04e+05   -7.939   0.095  0.0001    1.0     8.00    1910862  0.800
 107    0.2 8.5e-07   1.000    1810.91 3.5684e-07   7.939  -1.04e+05   -7.939   0.095  0.0001    1.0     8.00    1928889  0.800
 108    0.2 6.8e-07   1.000    1810.56 3.558e-07    7.939  -1.04e+05   -7.939   0.088  0.0001    1.0     8.00    1946916  0.800
 109    0.2 5.4e-07   1.000    1810.28 3.5667e-07   7.939  -1.03e+05   -7.939   0.090  0.0001    1.0     8.00    1964943  0.800
 110    0.2 4.3e-07   1.000    1810.07 3.5581e-07   7.939  -1.03e+05   -7.939   0.088  0.0001    1.0     8.00    1982970  0.800
 111    0.2 3.5e-07   1.000    1809.87 3.5538e-07   7.939  -1.04e+05   -7.939   0.089  0.0001    1.0     8.00    2000997  0.800
 112    0.2 2.8e-07   1.000    1809.55 3.5433e-07   7.939  -1.03e+05   -7.939   0.084  0.0000    1.0     8.00    2019024  0.800
 113    0.2 2.2e-07   1.000    1809.40 3.5581e-07   7.939  -1.03e+05   -7.939   0.083  0.0001    1.0     8.00    2037051  0.800
 114    0.2 0.0e+00   1.000    1809.05 3.5533e-07   7.939  -1.03e+05   -7.939   0.045  0.0001    1.0     8.00    2055078  0.800
### Placement Quench took 0.18 seconds (max_rss 774.0 MiB)
post-quench CPD = 7.93858 (ns) 

Completed placement consistency check successfully.

Swaps called: 2057695

Aborted Move Reasons:
  duplicate block move from location: 1
  duplicate block move to location: 15
  macro move to location illegal: 6
  macro_from swap to location illegal: 1061

BB estimate of min-dist (placement) wire length: 253054

Placement estimated critical path delay (least slack): 7.93858 ns, Fmax: 125.967 MHz
Placement estimated critical path skew: -0.04243 ns
Placement estimated setup Worst Negative Slack (sWNS): -7.93858 ns
Placement estimated setup Total Negative Slack (sTNS): -103134 ns
Placement estimated setup Worst Skew (sWS): -0.04243 ns

Placement estimated setup slack histogram:
[ -7.9e-09: -7.2e-09)     6 (  0.0%) |
[ -7.2e-09: -6.4e-09)    46 (  0.1%) |
[ -6.4e-09: -5.6e-09)   209 (  0.4%) |
[ -5.6e-09: -4.8e-09)   508 (  1.0%) |*
[ -4.8e-09: -4.1e-09)   485 (  0.9%) |*
[ -4.1e-09: -3.3e-09)  2204 (  4.2%) |*****
[ -3.3e-09: -2.5e-09)  6322 ( 12.0%) |***************
[ -2.5e-09: -1.7e-09) 19287 ( 36.6%) |*********************************************
[ -1.7e-09: -9.7e-10) 17617 ( 33.4%) |*****************************************
[ -9.7e-10: -1.9e-10)  6078 ( 11.5%) |**************

Placement estimated geomean non-virtual intra-domain period: 7.93858 ns (125.967 MHz)
Placement estimated fanout-weighted geomean non-virtual intra-domain period: 7.93858 ns (125.967 MHz)

Placement cost: 0.999784, bb_cost: 1808.78, td_cost: 3.56014e-07, 

Placement resource usage:
  io      implemented as io     : 1084
  clb     implemented as clb    : 1232
  dsp_top implemented as dsp_top: 107
  memory  implemented as memory : 194

Placement number of temperatures: 114
Placement total # of swap attempts: 2057695
	Swaps accepted:  766346 (37.2 %)
	Swaps rejected: 1280483 (62.2 %)
	Swaps aborted:   10866 ( 0.5 %)


Placement perturbation distribution by block and move type: 
------------------ ----------------- ---------------- ---------------- --------------- ------------ 
    Block Type         Move Type       (%) of Total      Accepted(%)     Rejected(%)    Aborted(%)
------------------ ----------------- ---------------- ---------------- --------------- ------------ 
io                 Uniform                9.83             54.79           45.21          0.00         
                   Median                 9.82             61.83           37.32          0.84         
                   Centroid               9.78             62.21           37.79          0.00         
                   W. Centroid            9.82             62.07           37.92          0.00         
                   W. Median              0.67             25.98           73.33          0.69         

clb                Uniform                11.21            7.22            92.68          0.10         
                   Median                 11.22            35.47           63.72          0.81         
                   Centroid               11.20            33.64           66.27          0.09         
                   W. Centroid            11.26            34.18           65.70          0.12         
                   W. Median              0.76             2.36            96.75          0.89         
                   Crit. Uniform          1.65             0.41            99.59          0.00         
                   Feasible Region        1.64             0.21            99.79          0.00         

dsp_top            Uniform                0.98             2.42            97.58          0.00         
                   Median                 0.97             4.77            90.08          5.15         
                   Centroid               0.98             4.86            89.84          5.31         
                   W. Centroid            0.96             4.65            90.20          5.15         
                   W. Median              0.07             0.00            87.41          12.59        

memory             Uniform                1.78             7.77            92.23          0.00         
                   Median                 1.77             14.63           80.08          5.29         
                   Centroid               1.76             12.36           85.48          2.17         
                   W. Centroid            1.76             12.23           87.77          0.00         
                   W. Median              0.12             1.74            85.31          12.95        


Placement Quench timing analysis took 0.0455372 seconds (0.0389829 STA, 0.00655427 slack) (1 full updates: 1 setup, 0 hold, 0 combined).
Placement Total  timing analysis took 5.903 seconds (4.90423 STA, 0.998771 slack) (116 full updates: 116 setup, 0 hold, 0 combined).
update_td_costs: connections 0.0411699 nets 0 sum_nets 0.0210534 total 0.0624523
## AP Detailed Placer took 20.20 seconds (max_rss 785.4 MiB, delta_rss +11.6 MiB)
Incr Slack updates 116 in 0.198561 sec
Full Max Req/Worst Slack updates 40 in 0.0447457 sec
Incr Max Req/Worst Slack updates 76 in 0.113063 sec
Incr Criticality updates 48 in 0.15148 sec
Full Criticality updates 68 in 0.372352 sec
Incr Slack updates 1 in 0.00177172 sec
Full Max Req/Worst Slack updates 1 in 0.0011659 sec
Incr Max Req/Worst Slack updates 0 in 0 sec
Incr Criticality updates 0 in 0 sec
Full Criticality updates 1 in 0.00624415 sec
# Analytical Placement took 94.70 seconds (max_rss 785.4 MiB, delta_rss +583.1 MiB)


# Routing
RR graph channel widths unchanged, skipping RR graph rebuild
## Initializing router criticalities
Initial Net Connection Criticality Histogram:
[        0:      0.1) 7087 ( 14.6%) |***************************************
[      0.1:      0.2) 8279 ( 17.0%) |**********************************************
[      0.2:      0.3) 7303 ( 15.0%) |*****************************************
[      0.3:      0.4) 3203 (  6.6%) |******************
[      0.4:      0.5) 6742 ( 13.9%) |*************************************
[      0.5:      0.6) 7223 ( 14.9%) |****************************************
[      0.6:      0.7) 5861 ( 12.1%) |*********************************
[      0.7:      0.8) 2200 (  4.5%) |************
[      0.8:      0.9)  590 (  1.2%) |***
[      0.9:        1)   77 (  0.2%) |
## Initializing router criticalities took 0.64 seconds (max_rss 785.4 MiB, delta_rss +0.0 MiB)
---- ------ ------- ---- ------- ------- ------- ----------------- --------------- -------- ---------- ---------- ---------- ---------- --------
Iter   Time    pres  BBs    Heap  Re-Rtd  Re-Rtd Overused RR Nodes      Wirelength      CPD       sTNS       sWNS       hTNS       hWNS Est Succ
      (sec)     fac Updt    push    Nets   Conns                                       (ns)       (ns)       (ns)       (ns)       (ns)     Iter
---- ------ ------- ---- ------- ------- ------- ----------------- --------------- -------- ---------- ---------- ---------- ---------- --------
   1    1.0     0.0    0 5976815   25862   41715   23069 ( 1.427%)  404902 (19.3%)    9.650 -1.714e+05     -9.650      0.000      0.000      N/A
   2    1.0     0.5    0 5496991   18901   33276   11153 ( 0.690%)  402483 (19.2%)    7.457 -1.400e+05     -7.457      0.000      0.000      N/A
   3    0.8     0.6    0 4121243   13137   24325    9133 ( 0.565%)  407301 (19.4%)    7.457 -1.377e+05     -7.457      0.000      0.000      N/A
   4    0.7     0.8    0 3512018   10931   20868    7112 ( 0.440%)  410780 (19.6%)    7.457 -1.410e+05     -7.457      0.000      0.000      N/A
   5    0.6     1.1    0 2901509    8834   17615    5249 ( 0.325%)  414655 (19.8%)    7.457 -1.425e+05     -7.457      0.000      0.000      N/A
   6    0.5     1.4    0 1970928    6924   14191    3862 ( 0.239%)  418101 (20.0%)    7.457 -1.418e+05     -7.457      0.000      0.000      N/A
   7    0.4     1.9    0 1310016    5242   10828    2742 ( 0.170%)  421370 (20.1%)    7.457 -1.419e+05     -7.457      0.000      0.000      N/A
   8    0.3     2.4    0  856205    3964    8369    1918 ( 0.119%)  424338 (20.3%)    7.457 -1.420e+05     -7.457      0.000      0.000      N/A
   9    0.2     3.1    0  589622    2749    6123    1214 ( 0.075%)  427032 (20.4%)    7.457 -1.421e+05     -7.457      0.000      0.000       29
  10    0.2     4.1    0  400182    1781    4185     726 ( 0.045%)  429409 (20.5%)    7.457 -1.421e+05     -7.457      0.000      0.000       26
  11    0.2     5.3    0  249759    1108    2607     405 ( 0.025%)  430986 (20.6%)    7.457 -1.421e+05     -7.457      0.000      0.000       25
  12    0.2     6.9    0  152584     614    1456     214 ( 0.013%)  432160 (20.6%)    7.457 -1.422e+05     -7.457      0.000      0.000       23
  13    0.1     9.0    0   90329     317     785      93 ( 0.006%)  432935 (20.7%)    7.457 -1.422e+05     -7.457      0.000      0.000       22
  14    0.1    11.6    0   47620     139     331      36 ( 0.002%)  433321 (20.7%)    7.457 -1.422e+05     -7.457      0.000      0.000       20
  15    0.1    15.1    0   22639      52     148      12 ( 0.001%)  433462 (20.7%)    7.457 -1.422e+05     -7.457      0.000      0.000       19
  16    0.1    19.7    0    5126      14      23       2 ( 0.000%)  433523 (20.7%)    7.457 -1.422e+05     -7.457      0.000      0.000       18
  17    0.1    25.6    0     283       3       3       1 ( 0.000%)  433523 (20.7%)    7.457 -1.422e+05     -7.457      0.000      0.000       17
  18    0.1    33.3    0     374       2       2       1 ( 0.000%)  433523 (20.7%)    7.457 -1.422e+05     -7.457      0.000      0.000       17
  19    0.1    43.3    0     347       1       1       0 ( 0.000%)  433527 (20.7%)    7.457 -1.422e+05     -7.457      0.000      0.000      N/A
Restoring best routing
Critical path: 7.45734 ns
Successfully routed after 19 routing iterations.
Final Net Connection Criticality Histogram:
[        0:      0.1) 7349 ( 15.1%) |************************************
[      0.1:      0.2) 4253 (  8.8%) |*********************
[      0.2:      0.3) 7905 ( 16.3%) |***************************************
[      0.3:      0.4) 4520 (  9.3%) |**********************
[      0.4:      0.5) 3779 (  7.8%) |******************
[      0.5:      0.6) 9428 ( 19.4%) |**********************************************
[      0.6:      0.7) 6150 ( 12.7%) |******************************
[      0.7:      0.8) 3697 (  7.6%) |******************
[      0.8:      0.9) 1077 (  2.2%) |*****
[      0.9:        1)  407 (  0.8%) |**
Router Stats: total_nets_routed: 100575 total_connections_routed: 186851 total_heap_pushes: 27704590 total_heap_pops: 7685005 
Serial Connection Router is being destroyed. Time spent on path search: 3.664 seconds.
# Routing took 7.77 seconds (max_rss 808.8 MiB, delta_rss +23.3 MiB)

Checking to ensure routing is legal...
# Checking to ensure non-configurable edges are legal
# Checking to ensure non-configurable edges are legal took 0.08 seconds (max_rss 808.8 MiB, delta_rss +0.0 MiB)
Completed routing consistency check successfully.

Serial number (magic cookie) for the routing is: 628244305
Circuit successfully routed with a channel width factor of 140.
Incr Slack updates 20 in 0.0329881 sec
Full Max Req/Worst Slack updates 2 in 0.00236139 sec
Incr Max Req/Worst Slack updates 18 in 0.0273069 sec
Incr Criticality updates 17 in 0.0508237 sec
Full Criticality updates 3 in 0.0194323 sec
# Synchronize the packed netlist to routing optimization
## Annotating rr_node with routed nets
## Annotating rr_node with routed nets took 0.01 seconds (max_rss 808.8 MiB, delta_rss +0.0 MiB)
Found 43929 mismatches between routing and packing results.
Fixed 30711 routing traces due to mismatch between routing and packing results.
# Synchronize the packed netlist to routing optimization took 0.29 seconds (max_rss 808.8 MiB, delta_rss +0.0 MiB)
Final Clustering Statistics: 
----------   --------   ------------------------------------   --------------------------
Block Type   # Blocks   Avg. # of input clocks and pins used   Avg. # of output pins used
----------   --------   ------------------------------------   --------------------------
     EMPTY          0                                      0                            0   
        io       1084                              0.0295203                      0.97048   
       clb       1232                                28.0146                      15.4002   
   dsp_top        107                                40.9813                      20.1869   
    memory        194                                49.6598                      18.9691   
Absorbed logical nets 24200 out of 50065 nets, 25865 nets not absorbed.


Average number of bends per net: 1.68007  Maximum # of bends: 297

Number of global nets: 3
Number of routed nets (nonglobal): 25862
Wire length results (in units of 1 clb segments)...
	Total wirelength: 433527, average net length: 16.7631
	Maximum net length: 2409

Wire length results in terms of physical segments...
	Total wiring segments used: 97059, average wire segments per net: 3.75296
	Maximum segments used by a net: 523
	Total local nets with reserved CLB opins: 0
Total number of nets absorbed: 8

Routing channel utilization histogram:
[        1:      inf)    0 (  0.0%) |
[      0.9:        1)    0 (  0.0%) |
[      0.8:      0.9)    0 (  0.0%) |
[      0.7:      0.8)  237 (  1.6%) |**
[      0.5:      0.6)  749 (  4.9%) |******
[      0.4:      0.5) 1328 (  8.8%) |***********
[      0.3:      0.4) 1900 ( 12.6%) |****************
[      0.2:      0.3) 2268 ( 15.0%) |*******************
[      0.1:      0.2) 3039 ( 20.1%) |*************************
[        0:      0.1) 5617 ( 37.1%) |**********************************************
Maximum routing channel utilization:      0.74 at (38,40)

X - Directed channels: layer   y   max occ   ave occ   ave cap
                        ----- ---- -------- -------- --------
                            0    0       59   28.186      140
                            0    1        4    0.977      140
                            0    2        6    1.302      140
                            0    3        8    1.953      140
                            0    4       17    3.035      140
                            0    5       16    1.907      140
                            0    6       40    5.767      140
                            0    7       55    7.360      140
                            0    8       57    9.674      140
                            0    9       49    7.663      140
                            0   10       60   12.302      140
                            0   11       57   14.186      140
                            0   12       54   19.093      140
                            0   13       62   16.826      140
                            0   14       66   24.930      140
                            0   15       74   24.209      140
                            0   16       61   26.302      140
                            0   17       76   22.651      140
                            0   18       59   21.116      140
                            0   19       61   21.837      140
                            0   20       64   23.058      140
                            0   21       72   23.407      140
                            0   22       74   29.640      140
                            0   23       68   36.837      140
                            0   24       72   36.151      140
                            0   25       79   34.035      140
                            0   26       68   33.965      140
                            0   27       76   36.535      140
                            0   28       85   33.442      140
                            0   29       89   30.791      140
                            0   30       89   36.326      140
                            0   31       79   33.407      140
                            0   32       59   28.860      140
                            0   33       57   26.291      140
                            0   34       75   30.895      140
                            0   35       72   34.919      140
                            0   36       78   40.500      140
                            0   37       99   48.047      140
                            0   38       92   48.988      140
                            0   39       89   47.930      140
                            0   40       90   43.942      140
                            0   41      101   44.640      140
                            0   42       89   40.581      140
                            0   43       87   41.442      140
                            0   44       73   40.686      140
                            0   45       79   40.093      140
                            0   46       77   37.326      140
                            0   47       64   28.140      140
                            0   48       77   30.070      140
                            0   49       87   34.581      140
                            0   50       88   39.209      140
                            0   51       86   35.733      140
                            0   52       78   33.070      140
                            0   53       81   36.756      140
                            0   54       83   38.163      140
                            0   55       93   40.942      140
                            0   56       86   42.837      140
                            0   57       83   41.616      140
                            0   58       96   43.860      140
                            0   59       84   39.919      140
                            0   60       89   32.547      140
                            0   61       86   32.128      140
                            0   62       86   34.663      140
                            0   63       81   30.860      140
                            0   64       76   31.791      140
                            0   65       89   33.674      140
                            0   66       80   32.837      140
                            0   67       76   31.593      140
                            0   68       78   29.023      140
                            0   69       85   28.884      140
                            0   70       85   33.337      140
                            0   71       84   30.581      140
                            0   72       87   25.256      140
                            0   73       71   20.337      140
                            0   74       67   21.209      140
                            0   75       66   19.767      140
                            0   76       60   17.523      140
                            0   77       74   19.163      140
                            0   78       68   20.767      140
                            0   79       65   22.640      140
                            0   80       63   20.140      140
                            0   81       60   16.093      140
                            0   82       61   12.186      140
                            0   83       64    9.023      140
                            0   84       41    4.756      140
                            0   85       15    2.512      140
                            0   86       49   27.721      140
Y - Directed channels: layer   x   max occ   ave occ   ave cap
                        ----- ---- -------- -------- --------
                            0    0       67   24.430      140
                            0    1       46   22.395      140
                            0    2       68   31.174      140
                            0    3       40   14.791      140
                            0    4       47   16.733      140
                            0    5       85   36.314      140
                            0    6       80   36.605      140
                            0    7       75   24.721      140
                            0    8       50   16.081      140
                            0    9       45   11.872      140
                            0   10       36    8.593      140
                            0   11       30    5.407      140
                            0   12       45    5.058      140
                            0   13       37    8.849      140
                            0   14       43   16.826      140
                            0   15       38   15.744      140
                            0   16       25   15.558      140
                            0   17       58   44.953      140
                            0   18       75   54.477      140
                            0   19       59   33.860      140
                            0   20       77   45.302      140
                            0   21       92   62.291      140
                            0   22       92   56.081      140
                            0   23       66   34.686      140
                            0   24       59   25.628      140
                            0   25       62   18.000      140
                            0   26       60   16.453      140
                            0   27       70   14.128      140
                            0   28       67   11.884      140
                            0   29       41   11.616      140
                            0   30       62   26.465      140
                            0   31       85   29.023      140
                            0   32       72   25.384      140
                            0   33       92   50.000      140
                            0   34       96   54.465      140
                            0   35       89   44.326      140
                            0   36       95   46.570      140
                            0   37      101   64.895      140
                            0   38      103   60.384      140
                            0   39       86   46.151      140
                            0   40       83   38.279      140
                            0   41       96   39.919      140
                            0   42       97   38.430      140
                            0   43       88   30.326      140
                            0   44       79   29.140      140
                            0   45       75   34.698      140
                            0   46       89   43.605      140
                            0   47      103   45.279      140
                            0   48       95   42.942      140
                            0   49       94   60.012      140
                            0   50       97   65.581      140
                            0   51       89   57.674      140
                            0   52      101   60.547      140
                            0   53      102   67.093      140
                            0   54       90   56.395      140
                            0   55       88   33.163      140
                            0   56       69   24.593      140
                            0   57       51   16.674      140
                            0   58       57   14.523      140
                            0   59       64   12.256      140
                            0   60       84   17.581      140
                            0   61       69   16.919      140
                            0   62       71   24.407      140
                            0   63       47   21.384      140
                            0   64       35   18.942      140
                            0   65       64   46.256      140
                            0   66       85   54.744      140
                            0   67       66   40.616      140
                            0   68       92   47.535      140
                            0   69       77   50.930      140
                            0   70       61   33.174      140
                            0   71       50   16.698      140
                            0   72       46   12.709      140
                            0   73       45    7.000      140
                            0   74       38    8.477      140
                            0   75       13    3.302      140
                            0   76       28    6.744      140
                            0   77       40   10.686      140
                            0   78       35   15.791      140
                            0   79       44   15.163      140
                            0   80       51   16.779      140
                            0   81       61   34.070      140
                            0   82       78   40.023      140
                            0   83       66   23.663      140
                            0   84       72   23.698      140
                            0   85       67   29.791      140
                            0   86       48   24.709      140

Total existing wires segments: CHANX   1047480, CHANY   1047480, CHANZ         0, ALL   2094960
Total used wires segments:     CHANX    204673, CHANY    228854, CHANZ         0, ALL    433527
Usage percentage:              CHANX     19.5%, CHANY     21.8%, CHANZ      0.0%, ALL     20.7%

Logic area (in minimum width transistor areas, excludes I/Os and empty grid tiles)...
	Total logic block area (Warning, need to add pitch of routing to blocks with height > 3): 2.4541e+08
	Total used logic block area: 8.82398e+07

Routing area (in minimum width transistor areas)...
	Total routing area: 8.67194e+07, per logic tile: 11198.3

Total Number of Wiring Segments by Direction: direction length number
                                              --------- ------ -------
                                                      X      4 236160
                                                      Y      4 236160
                                                      X     16   9876
                                                      Y     16   9876

X - Directed Wiring Segment usage by length: length utilization
                                             ------ -----------
                                             4       0.193
                                            16       0.157

Y - Directed Wiring Segment usage by length: length utilization
                                             ------ -----------
                                             4       0.201
                                            16       0.259

Segment occupancy by length: Length Occupancy Capacity Utilization
                             ------ --------- -------- -----------
                             L4         92947   472320       0.197
                             L16         4112    19752       0.208

Segment occupancy by type: name type utilization
                           ---- ---- -----------
                             L4    0       0.197
                            L16    1       0.208

Final hold Worst Negative Slack (hWNS): 0 ns
Final hold Total Negative Slack (hTNS): 0 ns
Final hold Worst Skew (hWS): 0 ns

Final hold slack histogram:
[  4.1e-11:    6e-10) 3533 (  6.7%) |******************
[    6e-10:  1.2e-09) 7326 ( 13.9%) |**************************************
[  1.2e-09:  1.7e-09) 6118 ( 11.6%) |********************************
[  1.7e-09:  2.3e-09) 8685 ( 16.5%) |*********************************************
[  2.3e-09:  2.8e-09) 8571 ( 16.2%) |********************************************
[  2.8e-09:  3.4e-09) 8904 ( 16.9%) |**********************************************
[  3.4e-09:  3.9e-09) 4818 (  9.1%) |*************************
[  3.9e-09:  4.5e-09) 3358 (  6.4%) |*****************
[  4.5e-09:    5e-09) 1149 (  2.2%) |******
[    5e-09:  5.6e-09)  300 (  0.6%) |**

Final critical path delay (least slack): 7.45734 ns, Fmax: 134.096 MHz
Final critical path skew: -0.04243 ns
Final setup Worst Negative Slack (sWNS): -7.45734 ns
Final setup Total Negative Slack (sTNS): -142203 ns
Final setup Worst Skew (sWS): -0.04243 ns

Final setup slack histogram:
[ -7.5e-09: -6.7e-09)    46 (  0.1%) |
[ -6.7e-09:   -6e-09)   144 (  0.3%) |
[   -6e-09: -5.3e-09)   625 (  1.2%) |**
[ -5.3e-09: -4.6e-09)  2141 (  4.1%) |*******
[ -4.6e-09: -3.8e-09)  6062 ( 11.5%) |********************
[ -3.8e-09: -3.1e-09)  7917 ( 15.0%) |**************************
[ -3.1e-09: -2.4e-09) 12865 ( 24.4%) |******************************************
[ -2.4e-09: -1.6e-09) 13767 ( 26.1%) |*********************************************
[ -1.6e-09: -9.2e-10)  8110 ( 15.4%) |***************************
[ -9.2e-10: -1.9e-10)  1085 (  2.1%) |****

Final geomean non-virtual intra-domain period: 7.45734 ns (134.096 MHz)
Final fanout-weighted geomean non-virtual intra-domain period: 7.45734 ns (134.096 MHz)

Incr Slack updates 1 in 0.0017241 sec
Full Max Req/Worst Slack updates 1 in 0.00118076 sec
Incr Max Req/Worst Slack updates 0 in 0 sec
Incr Criticality updates 0 in 0 sec
Full Criticality updates 1 in 0.00655103 sec
Flow timing analysis took 9.29738 seconds (7.99847 STA, 1.29892 slack) (138 full updates: 117 setup, 0 hold, 21 combined).
VPR succeeded
The entire flow of VPR took 106.97 seconds (max_rss 808.8 MiB)

