VPR FPGA Placement and Routing.
Version: 9.0.0-dev+v8.0.0-18248-g40f8d19708
Revision: v8.0.0-18248-g40f8d19708
Compiled: 2026-09-22T03:43:48
Compiler: GNU 13.3.0 on Linux-5.15.0-119-generic x86_64
Build Info: release IPO VTR_ASSERT_LEVEL=2

University of Toronto
verilogtorouting.org
vtr-users@googlegroups.com
This is free open source code under MIT license.

VPR was run with the following command-line:
/inspire/hdd/project/project-public/changshunjie-253114010247/changshunjie-253114010247/workspace/DAC2027/vtr/vtr-verilog-to-routing/vpr/vpr /inspire/hdd/project/project-public/changshunjie-253114010247/changshunjie-253114010247/workspace/DAC2027/vtr/vtr-verilog-to-routing/vtr_flow/arch/COFFE_22nm/k6FracN10LB_mem20K_complexDSP_customSB_22nm.xml /inspire/hdd/project/project-public/changshunjie-253114010247/changshunjie-253114010247/workspace/DAC2027/TailCompile/experiments/vtr/runs/pilot_v1/sha/full-seed1-w300/sha.pre-vpr.blif --analytical_place --route --analysis --ap_full_legalizer flat-recon --ap_detailed_placer annealer --seed 12 --route_chan_width 100 --write_flat_place /inspire/hdd/project/project-public/changshunjie-253114010247/changshunjie-253114010247/workspace/DAC2027/TailCompile/vtr_work/tailcompile_v3/sha/4x4/gnn_candidate-fpe44b4e28-flat-recon-annealer-seed12-w100-devw14/post_route.fplace --write_legalized_flat_place /inspire/hdd/project/project-public/changshunjie-253114010247/changshunjie-253114010247/workspace/DAC2027/TailCompile/vtr_work/tailcompile_v3/sha/4x4/gnn_candidate-fpe44b4e28-flat-recon-annealer-seed12-w100-devw14/post_legalizer.fplace --flat_place_verbosity 1 --device_width 14 --net_file /inspire/hdd/project/project-public/changshunjie-253114010247/changshunjie-253114010247/workspace/DAC2027/TailCompile/vtr_work/tailcompile_v3/sha/4x4/gnn_candidate-fpe44b4e28-flat-recon-annealer-seed12-w100-devw14/sha.locked-input.net --read_flat_place /inspire/hdd/global_user/changshunjie-253114010247/workspace/DAC2027/TailCompile/experiments/vtr/tailcompile_v3/sha/4x4/pools/bootstrap_24/candidate_14_seed12041.fplace

Using up to 1 parallel worker(s)

Architecture file: /inspire/hdd/project/project-public/changshunjie-253114010247/changshunjie-253114010247/workspace/DAC2027/vtr/vtr-verilog-to-routing/vtr_flow/arch/COFFE_22nm/k6FracN10LB_mem20K_complexDSP_customSB_22nm.xml
Circuit name: sha.pre-vpr

# Loading Architecture Description
# Loading Architecture Description took 0.04 seconds (max_rss 18.9 MiB, delta_rss +0.0 MiB)

Timing analysis: ON
Circuit netlist file: /inspire/hdd/project/project-public/changshunjie-253114010247/changshunjie-253114010247/workspace/DAC2027/TailCompile/vtr_work/tailcompile_v3/sha/4x4/gnn_candidate-fpe44b4e28-flat-recon-annealer-seed12-w100-devw14/sha.locked-input.net
Circuit placement file: sha.pre-vpr.place
Circuit routing file: sha.pre-vpr.route
Circuit SDC file: sha.pre-vpr.sdc
Vpr floorplanning constraints file: not specified

Packer: DISABLED
Placer: DISABLED
Analytical Placer: ENABLED
Router: ENABLED
Analysis: ENABLED

VPR was run with the following options:

netlist_opts.absorb_buffer_luts            : true
netlist_opts.sweep_dangling_primary_ios    : true
netlist_opts.sweep_dangling_nets           : true
netlist_opts.sweep_dangling_blocks         : true
netlist_opts.sweep_constant_primary_outputs: false
netlist_opts.netlist_verbosity             : 1
netlist_opts.const_gen_inference           : COMB_SEQ

AnalyticalPlacerOpts.analytical_solver_type: lp-b2b
AnalyticalPlacerOpts.partial_legalizer_type: bipartitioning
AnalyticalPlacerOpts.full_legalizer_type: flat-recon
AnalyticalPlacerOpts.detailed_placer_type: annealer
AnalyticalPlacerOpts.ap_timing_tradeoff: 0.500000
AnalyticalPlacerOpts.ap_high_fanout_threshold: 256
AnalyticalPlacerOpts.log_verbosity: 1
router_opts.route_type: DETAILED
router_opts.flat_routing: false
router_opts.choke_points: on
router_opts.router_algorithm: TIMING_DRIVEN
router_opts.base_cost_type: DELAY_NORMALIZED_LENGTH
router_opts.fixed_channel_width: 100
router_opts.check_route: FULL
router_opts.acc_fac: 1.000000
router_opts.bb_factor: 3
router_opts.bend_cost: 0.000000
router_opts.first_iter_pres_fac: 0.000000
router_opts.initial_pres_fac: 0.500000
router_opts.pres_fac_mult: 1.300000
router_opts.max_pres_fac: 1000.000000
router_opts.max_router_iterations: 50
router_opts.min_incremental_reroute_fanout: 16
router_opts.initial_acc_cost_chan_congestion_threshold: 0.500000
router_opts.initial_acc_cost_chan_congestion_weight: 0.500000
router_opts.do_check_rr_graph: true
router_opts.verify_binary_search: false
router_opts.min_channel_width_hint: 0
router_opts.read_rr_edge_metadata: false
router_opts.exit_after_first_routing_iteration: false
router_opts.astar_fac: 1.200000
router_opts.astar_offset: 0.000000
router_opts.router_profiler_astar_fac: 1.200000
router_opts.enable_parallel_connection_router: false
router_opts.post_target_prune_fac: 1.200000
router_opts.post_target_prune_offset: 0
router_opts.multi_queue_num_threads: 1
router_opts.multi_queue_num_queues: 2
router_opts.multi_queue_direct_draining: false
router_opts.criticality_exp: 1.000000
router_opts.max_criticality: 0.990000
router_opts.init_wirelength_abort_threshold: 0.850000
router_opts.incr_reroute_delay_ripup: AUTO
router_opts.save_routing_per_iteration: false
router_opts.congested_routing_iteration_threshold_frac: 1.000000
router_opts.high_fanout_threshold: 64
router_opts.router_debug_net: -2
router_opts.router_debug_sink_rr: -2
router_opts.router_debug_iteration: -2
router_opts.max_convergence_count: 1
router_opts.reconvergence_cpd_threshold: 0.990000
router_opts.update_lower_bound_delays: true
router_opts.first_iteration_timing_report_file: 
router_opts.route_bb_update: DYNAMIC
router_opts.lookahead_type: MAP
router_opts.initial_timing: LOOKAHEAD
router_opts.router_heap: FOUR_ARY_HEAP
router_opts.routing_failure_predictor = SAFE
router_opts.routing_predictor_min_history: 8
router_opts.routing_budgets_algorithm = DISABLE

analysis_opts.gen_post_synthesis_netlist: false
analysis_opts.gen_post_implementation_merged_netlist: false
analysis_opts.gen_post_implementation_sdc: false
analysis_opts.timing_report_npaths: 100
analysis_opts.timing_report_skew: false
analysis_opts.echo_dot_timing_graph_node: -1
analysis_opts.timing_report_detail: NETLIST
analysis_opts.post_synth_netlist_unconn_input_handling: UNCONNECTED
analysis_opts.post_synth_netlist_unconn_output_handling: UNCONNECTED
analysis_opts.post_synth_netlist_module_parameters: on

# Building complex block graph
# Building complex block graph took 0.10 seconds (max_rss 24.6 MiB, delta_rss +5.7 MiB)
Circuit file: /inspire/hdd/project/project-public/changshunjie-253114010247/changshunjie-253114010247/workspace/DAC2027/TailCompile/experiments/vtr/runs/pilot_v1/sha/full-seed1-w300/sha.pre-vpr.blif
# Load circuit
Found 3 constant generator(s) in the netlist (2 constant-zero, 1 constant-one) (run with --netlist_verbosity 2 to list names)
# Load circuit took 0.02 seconds (max_rss 28.3 MiB, delta_rss +3.7 MiB)
# Clean circuit
Absorbed 0 LUT buffers
Found 22 primitive output pin(s) driven only by constants; marked them as constants
Swept input(s)      : 0
Swept output(s)     : 0 (0 dangling, 0 constant)
Swept net(s)        : 22
Swept block(s)      : 0
Constant Pins Marked: 22
# Clean circuit took 0.00 seconds (max_rss 28.3 MiB, delta_rss +0.0 MiB)
# Compress circuit
# Compress circuit took 0.01 seconds (max_rss 28.3 MiB, delta_rss +0.0 MiB)
# Verify circuit
# Verify circuit took 0.00 seconds (max_rss 28.3 MiB, delta_rss +0.0 MiB)
Circuit Statistics:
  Blocks: 2491
    .input :      38
    .latch :     893
    .names :    1215
        0-LUT:       2
        1-LUT:       1
        2-LUT:      63
        3-LUT:     106
        4-LUT:      88
        5-LUT:     314
        6-LUT:     641
    .output:      36
    adder  :     309
  Nets  : 2742
    Avg Fanout:     3.3
    Max Fanout:   893.0
    Min Fanout:     1.0
  Netlist Clocks: 1
# Build Timing Graph
  Timing Graph Nodes: 11695
  Timing Graph Edges: 18725
  Timing Graph Levels: 84
# Build Timing Graph took 0.01 seconds (max_rss 31.7 MiB, delta_rss +3.1 MiB)
Netlist contains 1 clocks
  Netlist Clock 'clk_i' Fanout: 893 pins (7.6%), 893 blocks (35.8%)
# Load Timing Constraints

SDC file 'sha.pre-vpr.sdc' not found
Setting default timing constraints:
   * constrain all primary inputs and primary outputs on netlist clock 'clk_i'
   * optimize netlist clock to run as fast as possible
Timing constraints created 1 clocks
  Constrained Clock 'clk_i' Source: 'clk_i.inpad[0]'

# Load Timing Constraints took 0.00 seconds (max_rss 31.7 MiB, delta_rss +0.0 MiB)
# Analytical Placement
## Prepacker

There is one chain in this architecture called "chain" with the following starting points:
	clb[0]/lab[0]/fle[0]/ble5[0]/arithmetic[0]/adder[0].cin[0]

## Prepacker took 0.00 seconds (max_rss 32.0 MiB, delta_rss +0.3 MiB)
## Initializing Pre-Cluster Timing
Using inter-cluster delay: 2.1832e-09
## Initializing Pre-Cluster Timing took 0.19 seconds (max_rss 32.6 MiB, delta_rss +0.6 MiB)
## Estimate Device Size
Device layout 'auto' with fixed width 14.
FPGA sized to 14 x 14: 196 grid tiles (auto)
## Estimate Device Size took 0.00 seconds (max_rss 32.6 MiB, delta_rss +0.0 MiB)
## Ram Mapper
Flat Placement is provided, skipping the RAM mapping.
## Ram Mapper took 0.00 seconds (max_rss 32.6 MiB, delta_rss +0.0 MiB)
## Read Atom Netlist to AP Netlist
## Read Atom Netlist to AP Netlist took 0.01 seconds (max_rss 36.4 MiB, delta_rss +3.8 MiB)
Analytical Placement Netlist Statistics:
	AP Blocks: 1315
		Moveable AP Blocks: 1315
		Fixed AP Blocks: 0
	AP Nets: 1563
		Average Fanout: 4.51
		Highest Fanout: 194
	AP Pins: 11695

## Computing placement delta delay look-up
### Build routing resource graph
### Build routing resource graph took 0.10 seconds (max_rss 45.9 MiB, delta_rss +9.5 MiB)
  RR Graph Nodes: 32900
  RR Graph Edges: 234890
### Computing router lookahead map
#### Computing wire lookahead
#### Computing wire lookahead took 0.04 seconds (max_rss 46.2 MiB, delta_rss +0.0 MiB)
#### Computing src/opin lookahead
Warning 1: Found no more sample locations for SOURCE in io
Warning 2: Found no more sample locations for OPIN in io
Warning 3: Found no more sample locations for SOURCE in clb
Warning 4: Found no more sample locations for OPIN in clb
Warning 5: Found no more sample locations for SOURCE in dsp_top
Warning 6: Found no more sample locations for OPIN in dsp_top
Warning 7: Found no more sample locations for SOURCE in memory
Warning 8: Found no more sample locations for OPIN in memory
#### Computing src/opin lookahead took 0.00 seconds (max_rss 46.2 MiB, delta_rss +0.0 MiB)
### Computing router lookahead map took 0.04 seconds (max_rss 46.2 MiB, delta_rss +0.0 MiB)
Serial Connection Router is being destroyed. Time spent on path search: 0.000 seconds.
## Computing placement delta delay look-up took 0.15 seconds (max_rss 46.2 MiB, delta_rss +9.8 MiB)
Flat Placement is provided in the AP flow, skipping the Global Placement.
0 of 1315 molecules placed at device center (no atoms of these molecules found in flat placement).
## AP Full Legalizer
### Creating Clusters
Device (width, height): (14,14)
#### Sorting and Grouping Blocks by Tile
#### Sorting and Grouping Blocks by Tile took 0.00 seconds (max_rss 46.4 MiB, delta_rss +0.0 MiB)
#### Reconstruction Pass Clustering
#### Reconstruction Pass Clustering took 2.09 seconds (max_rss 50.2 MiB, delta_rss +3.8 MiB)
#### Orphan Window Clustering with search radius 8
#### Orphan Window Clustering with search radius 8 took 0.01 seconds (max_rss 50.2 MiB, delta_rss +0.0 MiB)
FPGA sized to 14 x 14: 196 grid tiles (auto)
Device Utilization: 0.62 (target 1.00)
	Block Utilization: 0.19 Type: io
	Block Utilization: 0.93 Type: clb

----------------------------------------------------------------
                       Clustering Summary                       
----------------------------------------------------------------
Clusters created (Self Clustering)                       : 185
    clb        : 111
    io         : 74
Clusters created (Orphan Window Clustering)              : 1
    clb        : 1
Total clusters                                           : 186
Percent of clusters created in Orphan Window Clustering  : 0.54%
Molecules clustered in each stage breakdown  : (Total of 1315)
	Self Clustering          (0.996958)  : 1311
 	Neighbor Clustering      (0.000000)  : 0
	Orphan Window Clustering (0.003042)  : 4
----------------------------------------------------------------

Final Clustering Statistics: 
----------   --------   ------------------------------------   --------------------------
Block Type   # Blocks   Avg. # of input clocks and pins used   Avg. # of output pins used
----------   --------   ------------------------------------   --------------------------
     EMPTY          0                                      0                            0   
        io         74                               0.486486                     0.513514   
       clb        112                                25.4196                      8.98214   
   dsp_top          0                                      0                            0   
    memory          0                                      0                            0   
Absorbed logical nets 1698 out of 2742 nets, 1044 nets not absorbed.
#### Load packing
##### Loading packed FPGA netlist file.
Netlist generated from file '/inspire/hdd/project/project-public/changshunjie-253114010247/changshunjie-253114010247/workspace/DAC2027/TailCompile/vtr_work/tailcompile_v3/sha/4x4/gnn_candidate-fpe44b4e28-flat-recon-annealer-seed12-w100-devw14/sha.locked-input.net'.
Detected 2 constant generators (to see names run with higher pack verbosity)
##### Loading packed FPGA netlist file. took 0.18 seconds (max_rss 61.8 MiB, delta_rss +5.7 MiB)
Warning 9: Treated 2 constant nets as global which will not be routed (to see net names increase packer verbosity).
Netlist contains 33 global net to non-global architecture pin connections
Completed clustering consistency check successfully.
Cluster level netlist and block usage statistics
Netlist num_nets: 1044
Netlist num_blocks: 186
Netlist EMPTY blocks: 0.
Netlist io blocks: 74.
Netlist clb blocks: 112.
Netlist dsp_top blocks: 0.
Netlist memory blocks: 0.
Netlist inputs pins: 38
Netlist output pins: 36

Pb types usage...
  io               : 74
   inpad           : 38
   outpad          : 36
  clb              : 112
   lab             : 112
    fle            : 1086
     ble5          : 882
      flut5        : 573
       lut5        : 573
        lut        : 573
       ff          : 353
      arithmetic   : 309
       adder       : 309
     ble6          : 642
      lut6         : 642
       lut         : 642
      ff           : 540

#### Load packing took 0.25 seconds (max_rss 96.7 MiB, delta_rss +40.6 MiB)
Netlist contains 33 global net to non-global architecture pin connections
Cluster level netlist and block usage statistics
Netlist num_nets: 1044
Netlist num_blocks: 186
Netlist EMPTY blocks: 0.
Netlist io blocks: 74.
Netlist clb blocks: 112.
Netlist dsp_top blocks: 0.
Netlist memory blocks: 0.
Netlist inputs pins: 38
Netlist output pins: 36
### Creating Clusters took 2.46 seconds (max_rss 96.7 MiB, delta_rss +50.3 MiB)
Completed clustering consistency check successfully.
FPGA sized to 14 x 14: 196 grid tiles (auto)
### Compressed grid construction
### Compressed grid construction took 0.00 seconds (max_rss 96.7 MiB, delta_rss +0.0 MiB)
### Initial Placement
Placing clusters that are part of larger macros...
Number of blocks to be placed: 18
Max distance on device: 28
---- ---------- ---------- -------------
Pass Max Displ. Num Blocks Num Blocks   
     Threshold  Placed     Left Unplaced
---- ---------- ---------- -------------
   0          0         10             8
   1          1          8             0

Placing general clusters...
Number of blocks to be placed: 168
Max distance on device: 28
---- ---------- ---------- -------------
Pass Max Displ. Num Blocks Num Blocks   
     Threshold  Placed     Left Unplaced
---- ---------- ---------- -------------
   0          0        158            10
   1          1          2             8
   2          2          2             6
   3          4          3             3
   4          8          3             0

### Initial Placement took 0.00 seconds (max_rss 96.7 MiB, delta_rss +0.0 MiB)
Flat Placement Reconstruction Info:
	Percent of clusters with reconstruction errors: 0.537634
	Total displacement of initial placement from flat placement: 1644.000000
	Average atom displacement of initial placement from flat placement: 0.659976
	Max atom displacement of initial placement from flat placement: 9.000000
	Percent of atoms misplaced from the flat placement: 23.926134
## AP Full Legalizer took 2.46 seconds (max_rss 96.7 MiB, delta_rss +50.3 MiB)

Resource usage...
	Netlist
		74	blocks of type: io
	Architecture
		384	blocks of type: io
	Netlist
		112	blocks of type: clb
	Architecture
		120	blocks of type: clb
	Netlist
		0	blocks of type: dsp_top
	Architecture
		3	blocks of type: dsp_top
	Netlist
		0	blocks of type: memory
	Architecture
		6	blocks of type: memory

Device Utilization: 0.62 (target 1.00)
	Physical Tile io:
	Block Utilization: 0.19 Logical Block: io
	Physical Tile clb:
	Block Utilization: 0.93 Logical Block: clb
	Physical Tile dsp_top:
	Block Utilization: 0.00 Logical Block: dsp_top
	Physical Tile memory:
	Block Utilization: 0.00 Logical Block: memory

## Computing placement delta delay look-up
RR graph channel widths unchanged, skipping RR graph rebuild
Serial Connection Router is being destroyed. Time spent on path search: 0.000 seconds.
## Computing placement delta delay look-up took 0.00 seconds (max_rss 96.7 MiB, delta_rss +0.0 MiB)
Using simple RL 'Softmax agent' for choosing move and block types

Completed placement consistency check successfully.
Initial placement cost: 1 bb_cost: 113.951 td_cost: 6.8528e-07
Initial placement BB estimate of wirelength: 11373.3
Initial placement estimated Critical Path Delay (CPD): 10.6624 ns
Initial placement estimated setup Total Negative Slack (sTNS): -3011.03 ns
Initial placement estimated setup Worst Negative Slack (sWNS): -10.6624 ns

Initial placement estimated setup slack histogram:
[ -1.1e-08: -9.7e-09)  16 (  1.7%) |*
[ -9.7e-09: -8.7e-09)  16 (  1.7%) |*
[ -8.7e-09: -7.7e-09)   0 (  0.0%) |
[ -7.7e-09: -6.7e-09)   0 (  0.0%) |
[ -6.7e-09: -5.7e-09)   0 (  0.0%) |
[ -5.7e-09: -4.7e-09)  36 (  3.9%) |***
[ -4.7e-09: -3.7e-09)  93 ( 10.0%) |********
[ -3.7e-09: -2.7e-09) 545 ( 58.7%) |***********************************************
[ -2.7e-09: -1.7e-09) 167 ( 18.0%) |**************
[ -1.7e-09: -7.3e-10)  56 (  6.0%) |*****
Placement contains 9 placement macros involving 18 blocks (average macro size 2.000000)

Moves per temperature: 530
## AP Detailed Placer

---- ------ ------- ------- ---------- ---------- ------- ---------- -------- ------- ------- ------ -------- --------- ------
Tnum  Time     T    AvCost  Av BB Cost Av TD Cost   CPD      sTNS      sWNS   AcRate  StdDev  R lim  CritExp  TotMoves  Alpha 
     (sec)                                          (ns)     (ns)      (ns)                                                   
---- ------ ------- ------- ---------- ---------- ------- ---------- -------- ------- ------- ------ -------- --------- ------
   1    0.0 4.3e-03   1.043     108.80 6.6649e-07  10.540   -3.1e+03  -10.540   0.677  0.0194   13.0     1.00        530  1.000
   2    0.0 4.0e-03   1.012     116.28 6.6468e-07  10.916  -3.12e+03  -10.916   0.719  0.0176   13.0     1.00       1060  0.950
   3    0.0 3.8e-03   0.961     113.05 6.5006e-07  11.644  -3.38e+03  -11.644   0.717  0.0245   13.0     1.00       1590  0.950
   4    0.0 3.7e-03   1.022     113.50 7.0755e-07  10.586   -3.7e+03  -10.586   0.694  0.0158   13.0     1.00       2120  0.950
   5    0.0 3.5e-03   0.989     112.14 6.6916e-07  10.873  -3.35e+03  -10.873   0.675  0.0087   13.0     1.00       2650  0.950
   6    0.0 3.3e-03   1.004     112.66 6.7556e-07  11.047  -3.38e+03  -11.047   0.709  0.0149   13.0     1.00       3180  0.950
   7    0.0 3.1e-03   1.003     111.77 6.8162e-07  10.571  -3.22e+03  -10.571   0.655  0.0060   13.0     1.00       3710  0.950
   8    0.0 3.0e-03   0.973     111.21 6.8921e-07  10.067  -3.28e+03  -10.067   0.662  0.0153   13.0     1.00       4240  0.950
   9    0.0 2.8e-03   1.007     109.15 6.7142e-07  10.313  -3.27e+03  -10.313   0.662  0.0094   13.0     1.00       4770  0.950
  10    0.0 2.7e-03   0.966     106.35 6.5365e-07  10.699  -3.19e+03  -10.699   0.664  0.0124   13.0     1.00       5300  0.950
  11    0.0 2.5e-03   0.973     101.99 6.351e-07   10.699   -3.2e+03  -10.699   0.619  0.0100   13.0     1.00       5830  0.950
  12    0.0 2.4e-03   0.984     103.51 6.1028e-07  11.302  -3.33e+03  -11.302   0.613  0.0093   13.0     1.00       6360  0.950
  13    0.0 2.3e-03   0.994     101.48 6.4516e-07  10.280  -3.09e+03  -10.280   0.634  0.0075   13.0     1.00       6890  0.950
  14    0.0 2.2e-03   0.986     101.84 6.3206e-07  10.790  -3.33e+03  -10.790   0.615  0.0093   13.0     1.00       7420  0.950
  15    0.0 2.1e-03   0.983     100.17 6.1892e-07  11.088  -3.42e+03  -11.088   0.615  0.0139   13.0     1.00       7950  0.950
  16    0.0 2.0e-03   0.990      96.40 6.7045e-07   9.444     -3e+03   -9.444   0.564  0.0073   13.0     1.00       8480  0.950
  17    0.0 1.9e-03   1.001      99.40 6.5269e-07   9.867  -3.16e+03   -9.867   0.609  0.0034   13.0     1.00       9010  0.950
  18    0.0 1.8e-03   0.986      97.08 6.4725e-07   9.844  -3.06e+03   -9.844   0.570  0.0089   13.0     1.00       9540  0.950
  19    0.0 1.7e-03   0.999      95.73 6.4543e-07   9.928  -3.05e+03   -9.928   0.525  0.0054   13.0     1.00      10070  0.950
  20    0.0 1.6e-03   0.995      94.29 6.1756e-07  10.461  -3.24e+03  -10.461   0.506  0.0046   13.0     1.00      10600  0.950
  21    0.0 1.5e-03   0.995      94.69 6.2229e-07  10.327   -3.1e+03  -10.327   0.521  0.0038   13.0     1.00      11130  0.950
  22    0.0 1.4e-03   0.998      94.57 6.1784e-07  10.233  -3.07e+03  -10.233   0.515  0.0050   13.0     1.00      11660  0.950
  23    0.0 1.4e-03   0.994      93.75 6.3385e-07  10.072  -3.24e+03  -10.072   0.564  0.0064   13.0     1.00      12190  0.950
  24    0.0 1.3e-03   0.999      92.01 6.1582e-07  10.615  -3.32e+03  -10.615   0.502  0.0038   13.0     1.00      12720  0.950
  25    0.0 1.2e-03   0.998      91.08 6.0737e-07  10.318  -2.98e+03  -10.318   0.477  0.0043   13.0     1.00      13250  0.950
  26    0.0 1.2e-03   0.990      91.13 6.2026e-07   9.783  -2.92e+03   -9.783   0.440  0.0034   13.0     1.00      13780  0.950
  27    0.0 1.1e-03   1.006      91.99 6.394e-07    9.574  -2.99e+03   -9.574   0.453  0.0054   13.0     1.00      14310  0.950
  28    0.0 1.1e-03   0.982      91.16 6.4399e-07   9.634  -2.99e+03   -9.634   0.442  0.0087   13.0     1.00      14840  0.950
  29    0.0 1.0e-03   1.001      90.95 6.0676e-07  10.188  -2.96e+03  -10.188   0.474  0.0042   13.0     1.00      15370  0.950
  30    0.0 9.6e-04   0.992      88.93 6.2948e-07   9.793  -3.03e+03   -9.793   0.474  0.0038   13.0     1.00      15900  0.950
  31    0.0 9.1e-04   0.992      88.39 6.1144e-07  10.016  -3.01e+03  -10.016   0.432  0.0037   13.0     1.00      16430  0.950
  32    0.0 8.7e-04   0.993      87.58 5.8336e-07   9.808  -3.02e+03   -9.808   0.432  0.0051   12.9     1.06      16960  0.950
  33    0.0 8.2e-04   0.999      88.30 5.6909e-07   9.505  -3.03e+03   -9.505   0.432  0.0030   12.8     1.12      17490  0.950
  34    0.0 7.8e-04   1.004      87.85 5.4082e-07   9.441  -3.03e+03   -9.441   0.391  0.0021   12.7     1.18      18020  0.950
  35    0.0 7.4e-04   0.990      86.50 3.9104e-07   9.748  -3.01e+03   -9.748   0.466  0.0050   12.1     1.54      18550  0.950
  36    0.0 7.1e-04   0.995      86.17 4.3777e-07   9.823   -2.9e+03   -9.823   0.413  0.0024   12.4     1.36      19080  0.950
  37    0.0 6.7e-04   0.995      85.90 3.7866e-07   9.823  -2.95e+03   -9.823   0.419  0.0023   12.0     1.56      19610  0.950
  38    0.0 6.4e-04   0.997      85.46 3.318e-07   10.101   -2.9e+03  -10.101   0.394  0.0029   11.8     1.70      20140  0.950
  39    0.0 6.1e-04   0.996      84.78 2.8259e-07   9.788  -2.99e+03   -9.788   0.381  0.0028   11.3     2.02      20670  0.950
  40    0.0 5.8e-04   0.998      85.21 2.3363e-07   9.778  -2.97e+03   -9.778   0.389  0.0020   10.6     2.40      21200  0.950
  41    0.0 5.5e-04   0.997      84.70 2.0836e-07   9.676  -2.98e+03   -9.676   0.370  0.0022   10.0     2.72      21730  0.950
  42    0.0 5.2e-04   0.992      83.67 1.7719e-07  10.037  -2.98e+03  -10.037   0.381  0.0044    9.3     3.13      22260  0.950
  43    0.0 4.9e-04   0.997      83.80 1.6784e-07   9.694  -2.92e+03   -9.694   0.381  0.0032    8.8     3.45      22790  0.950
  44    0.0 4.7e-04   0.999      82.98 1.567e-07    9.601  -2.93e+03   -9.601   0.321  0.0025    8.3     3.76      23320  0.950
  45    0.0 4.5e-04   1.002      82.85 1.4382e-07   9.418  -2.88e+03   -9.418   0.370  0.0016    7.3     4.33      23850  0.950
  46    0.0 4.2e-04   1.001      83.14 1.3802e-07   9.418  -2.92e+03   -9.418   0.338  0.0015    6.8     4.63      24380  0.950
  47    0.0 4.0e-04   1.002      83.22 1.313e-07    9.601  -2.88e+03   -9.601   0.334  0.0012    6.1     5.03      24910  0.950
  48    0.0 3.8e-04   0.997      83.24 1.2964e-07   9.410  -2.93e+03   -9.410   0.321  0.0015    5.4     5.41      25440  0.950
  49    0.0 3.6e-04   0.995      82.15 1.291e-07    9.333  -2.92e+03   -9.333   0.319  0.0023    4.8     5.79      25970  0.950
  50    0.0 3.4e-04   0.997      82.02 1.2778e-07   9.239  -2.96e+03   -9.239   0.334  0.0014    4.2     6.13      26500  0.950
  51    0.0 3.3e-04   0.997      81.09 1.2628e-07   9.239  -2.94e+03   -9.239   0.328  0.0017    3.8     6.39      27030  0.950
  52    0.0 3.1e-04   0.993      80.70 1.2446e-07   9.214  -2.93e+03   -9.214   0.317  0.0032    3.3     6.63      27560  0.950
  53    0.0 3.0e-04   0.996      79.79 1.2188e-07   9.214  -2.94e+03   -9.214   0.306  0.0015    2.9     6.87      28090  0.950
  54    0.0 2.8e-04   0.997      79.14 1.1774e-07   9.315  -2.91e+03   -9.315   0.283  0.0013    2.5     7.10      28620  0.950
  55    0.0 2.7e-04   1.001      78.91 1.1684e-07   9.315  -2.95e+03   -9.315   0.260  0.0006    2.1     7.34      29150  0.950
  56    0.0 2.5e-04   0.996      78.50 1.1546e-07   9.315  -2.98e+03   -9.315   0.347  0.0024    1.8     7.56      29680  0.950
  57    0.0 2.4e-04   1.000      77.98 1.1549e-07   9.277   -2.9e+03   -9.277   0.353  0.0011    1.6     7.65      30210  0.950
  58    0.0 2.3e-04   0.998      77.67 1.1419e-07   9.355  -2.89e+03   -9.355   0.315  0.0017    1.5     7.74      30740  0.950
  59    0.0 2.2e-04   1.002      77.59 1.1564e-07   9.262  -2.89e+03   -9.262   0.264  0.0009    1.3     7.84      31270  0.950
  60    0.0 2.1e-04   0.998      77.50 1.1539e-07   9.262  -2.91e+03   -9.262   0.283  0.0012    1.0     7.97      31800  0.950
  61    0.0 2.0e-04   0.998      76.98 1.149e-07    9.262  -2.92e+03   -9.262   0.285  0.0021    1.0     8.00      32330  0.950
  62    0.0 1.9e-04   1.000      76.56 1.125e-07    9.355  -2.92e+03   -9.355   0.253  0.0010    1.0     8.00      32860  0.950
  63    0.0 1.8e-04   0.999      76.91 1.1296e-07   9.329  -2.91e+03   -9.329   0.258  0.0005    1.0     8.00      33390  0.950
  64    0.0 1.7e-04   0.998      76.73 1.1236e-07   9.355  -2.87e+03   -9.355   0.232  0.0009    1.0     8.00      33920  0.950
  65    0.0 1.6e-04   1.001      76.76 1.1259e-07   9.329  -2.89e+03   -9.329   0.266  0.0006    1.0     8.00      34450  0.950
  66    0.0 1.5e-04   0.998      76.43 1.1263e-07   9.329  -2.87e+03   -9.329   0.245  0.0015    1.0     8.00      34980  0.950
  67    0.0 1.4e-04   1.000      76.12 1.127e-07    9.329  -2.88e+03   -9.329   0.200  0.0009    1.0     8.00      35510  0.950
  68    0.0 1.4e-04   1.001      76.14 1.1262e-07   9.329  -2.87e+03   -9.329   0.228  0.0005    1.0     8.00      36040  0.950
  69    0.0 1.3e-04   1.001      76.31 1.123e-07    9.355  -2.87e+03   -9.355   0.249  0.0006    1.0     8.00      36570  0.950
  70    0.0 1.2e-04   0.999      75.88 1.1225e-07   9.355  -2.88e+03   -9.355   0.191  0.0009    1.0     8.00      37100  0.950
  71    0.0 1.2e-04   1.000      75.65 1.1227e-07   9.355  -2.88e+03   -9.355   0.196  0.0003    1.0     8.00      37630  0.950
  72    0.0 1.1e-04   1.000      75.70 1.1232e-07   9.355  -2.88e+03   -9.355   0.168  0.0004    1.0     8.00      38160  0.950
  73    0.0 1.1e-04   1.000      75.78 1.1348e-07   9.291  -2.88e+03   -9.291   0.194  0.0007    1.0     8.00      38690  0.950
  74    0.0 1.0e-04   0.999      75.43 1.136e-07    9.291  -2.88e+03   -9.291   0.140  0.0002    1.0     8.00      39220  0.950
Agent's 2nd state: 
  75    0.0 8.1e-05   1.000      75.38 1.136e-07    9.291  -2.88e+03   -9.291   0.125  0.0002    1.0     8.00      39750  0.800
Checkpoint saved: bb_costs=75.3742, TD costs=1.1354e-07, CPD=  9.291 (ns) 
  76    0.0 6.4e-05   0.999      75.25 1.1351e-07   9.291  -2.88e+03   -9.291   0.091  0.0008    1.0     8.00      40280  0.800
Checkpoint saved: bb_costs=75.1117, TD costs=1.14338e-07, CPD=  9.287 (ns) 
  77    0.0 5.2e-05   1.000      75.12 1.1432e-07   9.287     -3e+03   -9.287   0.094  0.0002    1.0     8.00      40810  0.800
  78    0.0 4.1e-05   1.000      75.14 1.1428e-07   9.287  -3.01e+03   -9.287   0.051  0.0001    1.0     8.00      41340  0.800
  79    0.0 3.3e-05   1.000      75.12 1.1428e-07   9.287  -3.01e+03   -9.287   0.064  0.0001    1.0     8.00      41870  0.800
  80    0.0 2.6e-05   0.999      75.02 1.1434e-07   9.287     -3e+03   -9.287   0.074  0.0005    1.0     8.00      42400  0.800
  81    0.0 2.1e-05   0.999      74.87 1.1423e-07   9.287     -3e+03   -9.287   0.047  0.0002    1.0     8.00      42930  0.800
  82    0.0 1.7e-05   1.000      74.81 1.1427e-07   9.287     -3e+03   -9.287   0.051  0.0002    1.0     8.00      43460  0.800
  83    0.0 1.4e-05   1.000      74.78 1.1425e-07   9.287     -3e+03   -9.287   0.049  0.0000    1.0     8.00      43990  0.800
  84    0.0 1.1e-05   0.999      74.75 1.1413e-07   9.287     -3e+03   -9.287   0.045  0.0003    1.0     8.00      44520  0.800
Checkpoint saved: bb_costs=74.7516, TD costs=1.14136e-07, CPD=  9.266 (ns) 
  85    0.0 8.6e-06   1.000      74.75 1.1408e-07   9.266  -2.87e+03   -9.266   0.030  0.0002    1.0     8.00      45050  0.800
  86    0.0 6.9e-06   1.000      74.78 1.1422e-07   9.287     -3e+03   -9.287   0.034  0.0000    1.0     8.00      45580  0.800
  87    0.0 5.5e-06   1.000      74.76 1.1418e-07   9.287     -3e+03   -9.287   0.036  0.0004    1.0     8.00      46110  0.800
  88    0.0 0.0e+00   1.000      74.75 1.1405e-07   9.266  -2.87e+03   -9.266   0.019  0.0001    1.0     8.00      46640  0.800
### Placement Quench took 0.01 seconds (max_rss 98.0 MiB)
post-quench CPD = 9.2872 (ns) 

Checkpoint restored

Completed placement consistency check successfully.

Swaps called: 46826

Aborted Move Reasons:
  duplicate block move to location: 38
  macro move to location illegal: 4
  macro_from swap to location illegal: 271

BB estimate of min-dist (placement) wire length: 7454

Placement estimated critical path delay (least slack): 9.26578 ns, Fmax: 107.924 MHz
Placement estimated critical path skew: -0.04243 ns
Placement estimated setup Worst Negative Slack (sWNS): -9.26578 ns
Placement estimated setup Total Negative Slack (sTNS): -2874.78 ns
Placement estimated setup Worst Skew (sWS): -0.04243 ns

Placement estimated setup slack histogram:
[ -9.3e-09: -8.4e-09)  15 (  1.6%) |*
[ -8.4e-09: -7.6e-09)  17 (  1.8%) |*
[ -7.6e-09: -6.7e-09)   0 (  0.0%) |
[ -6.7e-09: -5.8e-09)   0 (  0.0%) |
[ -5.8e-09:   -5e-09)   0 (  0.0%) |
[   -5e-09: -4.1e-09)  57 (  6.1%) |****
[ -4.1e-09: -3.3e-09) 113 ( 12.2%) |*********
[ -3.3e-09: -2.4e-09) 600 ( 64.6%) |***********************************************
[ -2.4e-09: -1.6e-09)  75 (  8.1%) |******
[ -1.6e-09:   -7e-10)  52 (  5.6%) |****

Placement estimated geomean non-virtual intra-domain period: 9.26578 ns (107.924 MHz)
Placement estimated fanout-weighted geomean non-virtual intra-domain period: 9.26578 ns (107.924 MHz)

Placement cost: 1, bb_cost: 74.7516, td_cost: 1.14136e-07, 

Placement resource usage:
  io  implemented as io : 74
  clb implemented as clb: 112

Placement number of temperatures: 88
Placement total # of swap attempts: 46826
	Swaps accepted: 17107 (36.5 %)
	Swaps rejected: 29116 (62.2 %)
	Swaps aborted:   603 ( 1.3 %)


Placement perturbation distribution by block and move type: 
------------------ ----------------- ---------------- ---------------- --------------- ------------ 
    Block Type         Move Type       (%) of Total      Accepted(%)     Rejected(%)    Aborted(%)
------------------ ----------------- ---------------- ---------------- --------------- ------------ 
io                 Uniform                9.33             62.55           37.45          0.00         
                   Median                 9.01             62.90           31.27          5.83         
                   Centroid               8.90             65.58           34.42          0.00         
                   W. Centroid            9.11             67.78           32.22          0.00         
                   W. Median              0.81             16.93           77.78          5.29         

clb                Uniform                15.13            18.51           79.98          1.51         
                   Median                 14.37            27.75           71.22          1.03         
                   Centroid               13.54            21.15           77.81          1.04         
                   W. Centroid            14.29            22.25           76.39          1.36         
                   W. Median              1.34             2.39            97.45          0.16         
                   Crit. Uniform          2.04             0.21            99.79          0.00         
                   Feasible Region        2.14             0.60            99.10          0.30         


Placement Quench timing analysis took 0.00376434 seconds (0.00333981 STA, 0.000424532 slack) (1 full updates: 1 setup, 0 hold, 0 combined).
Placement Total  timing analysis took 0.37318 seconds (0.334647 STA, 0.0385324 slack) (91 full updates: 91 setup, 0 hold, 0 combined).
update_td_costs: connections 0.00207681 nets 0 sum_nets 0.00127273 total 0.00342094
## AP Detailed Placer took 0.86 seconds (max_rss 98.0 MiB, delta_rss +0.0 MiB)
Incr Slack updates 91 in 0.0105813 sec
Full Max Req/Worst Slack updates 40 in 0.0010691 sec
Incr Max Req/Worst Slack updates 51 in 0.00174323 sec
Incr Criticality updates 25 in 0.00585883 sec
Full Criticality updates 66 in 0.0159019 sec
Incr Slack updates 1 in 9.6631e-05 sec
Full Max Req/Worst Slack updates 1 in 3.4811e-05 sec
Incr Max Req/Worst Slack updates 0 in 0 sec
Incr Criticality updates 0 in 0 sec
Full Criticality updates 1 in 0.000257998 sec
# Analytical Placement took 3.75 seconds (max_rss 98.0 MiB, delta_rss +66.4 MiB)


# Routing
RR graph channel widths unchanged, skipping RR graph rebuild
## Initializing router criticalities
Initial Net Connection Criticality Histogram:
[        0:      0.1) 237 (  8.2%) |*************
[      0.1:      0.2) 811 ( 28.1%) |*********************************************
[      0.2:      0.3) 521 ( 18.1%) |*****************************
[      0.3:      0.4) 838 ( 29.1%) |***********************************************
[      0.4:      0.5)  86 (  3.0%) |*****
[      0.5:      0.6)  46 (  1.6%) |***
[      0.6:      0.7)  56 (  1.9%) |***
[      0.7:      0.8)  37 (  1.3%) |**
[      0.8:      0.9)  50 (  1.7%) |***
[      0.9:        1) 201 (  7.0%) |***********
## Initializing router criticalities took 0.05 seconds (max_rss 98.0 MiB, delta_rss +0.0 MiB)
---- ------ ------- ---- ------- ------- ------- ----------------- --------------- -------- ---------- ---------- ---------- ---------- --------
Iter   Time    pres  BBs    Heap  Re-Rtd  Re-Rtd Overused RR Nodes      Wirelength      CPD       sTNS       sWNS       hTNS       hWNS Est Succ
      (sec)     fac Updt    push    Nets   Conns                                       (ns)       (ns)       (ns)       (ns)       (ns)     Iter
---- ------ ------- ---- ------- ------- ------- ----------------- --------------- -------- ---------- ---------- ---------- ---------- --------
   1    0.0     0.0    0  117109    1041    2751    1137 ( 3.456%)   12063 (38.7%)    8.840     -2718.     -8.840      0.000      0.000      N/A
   2    0.0     0.5    0  109317     818    2346     777 ( 2.362%)   11960 (38.3%)    8.997     -2722.     -8.997      0.000      0.000      N/A
   3    0.0     0.6    0   93564     632    1761     682 ( 2.073%)   12295 (39.4%)    8.997     -2757.     -8.997      0.000      0.000      N/A
   4    0.0     0.8    0   95317     589    1626     590 ( 1.793%)   12674 (40.6%)    8.997     -2782.     -8.997      0.000      0.000      N/A
   5    0.0     1.1    0   90785     532    1410     462 ( 1.404%)   12958 (41.5%)    8.997     -2816.     -8.997      0.000      0.000      N/A
   6    0.0     1.4    0   78627     442    1170     353 ( 1.073%)   13171 (42.2%)    8.850     -2856.     -8.850      0.000      0.000      N/A
   7    0.0     1.9    0   67187     364     907     269 ( 0.818%)   13311 (42.7%)    8.850     -2868.     -8.850      0.000      0.000      N/A
   8    0.0     2.4    0   60232     318     795     229 ( 0.696%)   13500 (43.3%)    8.850     -2861.     -8.850      0.000      0.000      N/A
   9    0.0     3.1    0   52539     282     634     180 ( 0.547%)   13733 (44.0%)    8.850     -2903.     -8.850      0.000      0.000       31
  10    0.0     4.1    0   45961     225     466     136 ( 0.413%)   14000 (44.9%)    8.850     -2923.     -8.850      0.000      0.000       31
  11    0.0     5.3    0   51922     203     449     132 ( 0.401%)   14318 (45.9%)    8.993     -3123.     -8.993      0.000      0.000       34
  12    0.0     6.9    0   48357     177     348      93 ( 0.283%)   14473 (46.4%)    9.067     -3134.     -9.067      0.000      0.000       34
  13    0.0     9.0    0   46063     142     297      72 ( 0.219%)   14851 (47.6%)    9.003     -3033.     -9.003      0.000      0.000       33
  14    0.0    11.6    0   44470     114     235      54 ( 0.164%)   15140 (48.5%)    9.067     -3049.     -9.067      0.000      0.000       31
  15    0.0    15.1    0   48118      97     204      42 ( 0.128%)   15365 (49.2%)    9.154     -3058.     -9.154      0.000      0.000       31
  16    0.0    19.7    0   36858      74     160      28 ( 0.085%)   15518 (49.7%)    9.464     -3066.     -9.464      0.000      0.000       29
  17    0.0    25.6    0   23180      61     112      27 ( 0.082%)   15753 (50.5%)    9.949     -3087.     -9.949      0.000      0.000       30
  18    0.0    33.3    0   21083      55     111      17 ( 0.052%)   15829 (50.7%)    9.681     -3086.     -9.681      0.000      0.000       29
  19    0.0    43.3    0    9768      45      75      12 ( 0.036%)   15887 (50.9%)   10.074     -3102.    -10.074      0.000      0.000       28
  20    0.0    56.2    0   12284      40      68       6 ( 0.018%)   16043 (51.4%)   10.732     -3106.    -10.732      0.000      0.000       27
  21    0.0    73.1    0   11322      35      65       4 ( 0.012%)   16090 (51.6%)   10.252     -3200.    -10.252      0.000      0.000       26
  22    0.0    95.0    0    9924      35      68       2 ( 0.006%)   16131 (51.7%)    9.419     -3183.     -9.419      0.000      0.000       25
  23    0.0   123.5    0    3154      30      50       6 ( 0.018%)   16153 (51.8%)   10.385     -3204.    -10.385      0.000      0.000       26
  24    0.0   160.6    0   12790      31      73       1 ( 0.003%)   16176 (51.8%)    9.959     -3198.     -9.959      0.000      0.000       25
  25    0.0   208.8    0    2603      28      46       2 ( 0.006%)   16180 (51.9%)    9.959     -3199.     -9.959      0.000      0.000       26
  26    0.0   271.4    0    3721      30      52       1 ( 0.003%)   16178 (51.9%)    9.959     -3199.     -9.959      0.000      0.000       26
  27    0.0   352.8    0    2774      28      50       1 ( 0.003%)   16178 (51.9%)    9.959     -3199.     -9.959      0.000      0.000       26
  28    0.0   458.7    0    2891      28      50       0 ( 0.000%)   16183 (51.9%)   10.563     -3203.    -10.563      0.000      0.000      N/A
Restoring best routing
Critical path: 10.5632 ns
Successfully routed after 28 routing iterations.
Final Net Connection Criticality Histogram:
[        0:      0.1) 429 ( 14.9%) |******************************
[      0.1:      0.2) 619 ( 21.5%) |*******************************************
[      0.2:      0.3) 664 ( 23.0%) |**********************************************
[      0.3:      0.4) 677 ( 23.5%) |***********************************************
[      0.4:      0.5) 119 (  4.1%) |********
[      0.5:      0.6)  41 (  1.4%) |***
[      0.6:      0.7)  31 (  1.1%) |**
[      0.7:      0.8)  68 (  2.4%) |*****
[      0.8:      0.9) 107 (  3.7%) |*******
[      0.9:        1) 128 (  4.4%) |*********
Router Stats: total_nets_routed: 6496 total_connections_routed: 16379 total_heap_pushes: 1201920 total_heap_pops: 295212 
Serial Connection Router is being destroyed. Time spent on path search: 0.141 seconds.
# Routing took 0.51 seconds (max_rss 98.0 MiB, delta_rss +0.0 MiB)

Checking to ensure routing is legal...
# Checking to ensure non-configurable edges are legal
# Checking to ensure non-configurable edges are legal took 0.00 seconds (max_rss 98.0 MiB, delta_rss +0.0 MiB)
Completed routing consistency check successfully.

Serial number (magic cookie) for the routing is: -273031413
Circuit successfully routed with a channel width factor of 100.
Incr Slack updates 29 in 0.00298235 sec
Full Max Req/Worst Slack updates 13 in 0.00035348 sec
Incr Max Req/Worst Slack updates 16 in 0.0005611 sec
Incr Criticality updates 7 in 0.00158851 sec
Full Criticality updates 22 in 0.00608688 sec
# Synchronize the packed netlist to routing optimization
## Annotating rr_node with routed nets
## Annotating rr_node with routed nets took 0.00 seconds (max_rss 98.0 MiB, delta_rss +0.0 MiB)
Found 3951 mismatches between routing and packing results.
Fixed 2550 routing traces due to mismatch between routing and packing results.
# Synchronize the packed netlist to routing optimization took 0.04 seconds (max_rss 98.0 MiB, delta_rss +0.0 MiB)
Final Clustering Statistics: 
----------   --------   ------------------------------------   --------------------------
Block Type   # Blocks   Avg. # of input clocks and pins used   Avg. # of output pins used
----------   --------   ------------------------------------   --------------------------
     EMPTY          0                                      0                            0   
        io         74                               0.486486                     0.513514   
       clb        112                                25.4196                      8.98214   
   dsp_top          0                                      0                            0   
    memory          0                                      0                            0   
Absorbed logical nets 1698 out of 2742 nets, 1044 nets not absorbed.


Average number of bends per net: 1.97598  Maximum # of bends: 60

Number of global nets: 3
Number of routed nets (nonglobal): 1041
Wire length results (in units of 1 clb segments)...
	Total wirelength: 16183, average net length: 15.5456
	Maximum net length: 380

Wire length results in terms of physical segments...
	Total wiring segments used: 4451, average wire segments per net: 4.27570
	Maximum segments used by a net: 107
	Total local nets with reserved CLB opins: 0
Total number of nets absorbed: 9

Routing channel utilization histogram:
[        1:      inf)  0 (  0.0%) |
[      0.9:        1)  8 (  2.4%) |****
[      0.8:      0.9) 25 (  7.4%) |**************
[      0.7:      0.8) 88 ( 26.0%) |************************************************
[      0.5:      0.6) 52 ( 15.4%) |****************************
[      0.4:      0.5) 38 ( 11.2%) |*********************
[      0.3:      0.4) 25 (  7.4%) |**************
[      0.2:      0.3) 34 ( 10.1%) |*******************
[      0.1:      0.2) 40 ( 11.8%) |**********************
[        0:      0.1) 28 (  8.3%) |***************
Maximum routing channel utilization:      0.99 at (12,7)

X - Directed channels: layer   y   max occ   ave occ   ave cap
                        ----- ---- -------- -------- --------
                            0    0       78   56.167      100
                            0    1       57   38.417      100
                            0    2       65   45.833      100
                            0    3       69   48.583      100
                            0    4       80   52.333      100
                            0    5       79   54.167      100
                            0    6       77   51.833      100
                            0    7       85   57.917      100
                            0    8       78   53.750      100
                            0    9       70   48.500      100
                            0   10       59   41.417      100
                            0   11       59   38.667      100
                            0   12       75   53.083      100
Y - Directed channels: layer   x   max occ   ave occ   ave cap
                        ----- ---- -------- -------- --------
                            0    0       24   19.667      100
                            0    1       20   14.833      100
                            0    2       27   20.750      100
                            0    3       56   47.750      100
                            0    4       66   54.917      100
                            0    5       66   55.000      100
                            0    6       64   49.750      100
                            0    7       78   65.583      100
                            0    8       89   73.250      100
                            0    9       88   75.083      100
                            0   10       93   76.833      100
                            0   11       86   71.667      100
                            0   12       99   82.833      100

Total existing wires segments: CHANX     15600, CHANY     15600, CHANZ         0, ALL     31200
Total used wires segments:     CHANX      7688, CHANY      8495, CHANZ         0, ALL     16183
Usage percentage:              CHANX     49.3%, CHANY     54.5%, CHANZ      0.0%, ALL     51.9%

Logic area (in minimum width transistor areas, excludes I/Os and empty grid tiles)...
	Total logic block area (Warning, need to add pitch of routing to blocks with height > 3): 4.93594e+06
	Total used logic block area: 3.12536e+06

Routing area (in minimum width transistor areas)...
	Total routing area: 1.44594e+06, per logic tile: 7377.25

Total Number of Wiring Segments by Direction: direction length number
                                              --------- ------ -------
                                                      X      4   4192
                                                      Y      4   4192
                                                      X     16    318
                                                      Y     16    318

X - Directed Wiring Segment usage by length: length utilization
                                             ------ -----------
                                             4       0.501
                                            16       0.164

Y - Directed Wiring Segment usage by length: length utilization
                                             ------ -----------
                                             4       0.526
                                            16       0.286

Segment occupancy by length: Length Occupancy Capacity Utilization
                             ------ --------- -------- -----------
                             L4          4308     8384       0.514
                             L16          143      636       0.225

Segment occupancy by type: name type utilization
                           ---- ---- -----------
                             L4    0       0.514
                            L16    1       0.225

Final hold Worst Negative Slack (hWNS): 0 ns
Final hold Total Negative Slack (hTNS): 0 ns
Final hold Worst Skew (hWS): 0 ns

Final hold slack histogram:
[  1.9e-10:  3.9e-10) 825 ( 88.8%) |***********************************************
[  3.9e-10:  5.8e-10)  28 (  3.0%) |**
[  5.8e-10:  7.7e-10)  21 (  2.3%) |*
[  7.7e-10:  9.6e-10)  23 (  2.5%) |*
[  9.6e-10:  1.2e-09)  18 (  1.9%) |*
[  1.2e-09:  1.3e-09)   4 (  0.4%) |
[  1.3e-09:  1.5e-09)   6 (  0.6%) |
[  1.5e-09:  1.7e-09)   2 (  0.2%) |
[  1.7e-09:  1.9e-09)   0 (  0.0%) |
[  1.9e-09:  2.1e-09)   2 (  0.2%) |

Final critical path delay (least slack): 10.5632 ns, Fmax: 94.6682 MHz
Final critical path skew: -0.04243 ns
Final setup Worst Negative Slack (sWNS): -10.5632 ns
Final setup Total Negative Slack (sTNS): -3202.64 ns
Final setup Worst Skew (sWS): -0.04243 ns

Final setup slack histogram:
[ -1.1e-08: -9.6e-09)  16 (  1.7%) |**
[ -9.6e-09: -8.5e-09)   8 (  0.9%) |*
[ -8.5e-09: -7.5e-09)   7 (  0.8%) |*
[ -7.5e-09: -6.5e-09)   1 (  0.1%) |
[ -6.5e-09: -5.5e-09)   0 (  0.0%) |
[ -5.5e-09: -4.5e-09)  61 (  6.6%) |******
[ -4.5e-09: -3.5e-09) 251 ( 27.0%) |************************
[ -3.5e-09: -2.5e-09) 493 ( 53.1%) |***********************************************
[ -2.5e-09: -1.5e-09)  50 (  5.4%) |*****
[ -1.5e-09: -4.9e-10)  42 (  4.5%) |****

Final geomean non-virtual intra-domain period: 10.5632 ns (94.6682 MHz)
Final fanout-weighted geomean non-virtual intra-domain period: 10.5632 ns (94.6682 MHz)

Incr Slack updates 1 in 0.000106244 sec
Full Max Req/Worst Slack updates 1 in 3.0123e-05 sec
Incr Max Req/Worst Slack updates 0 in 0 sec
Incr Criticality updates 0 in 0 sec
Full Criticality updates 1 in 0.000269776 sec
Flow timing analysis took 0.843682 seconds (0.778036 STA, 0.0656454 slack) (122 full updates: 92 setup, 0 hold, 30 combined).
VPR succeeded
The entire flow of VPR took 4.75 seconds (max_rss 98.0 MiB)

