VPR FPGA Placement and Routing.
Version: 9.0.0-dev+v8.0.0-18248-g40f8d19708
Revision: v8.0.0-18248-g40f8d19708
Compiled: 2026-09-22T03:43:48
Compiler: GNU 13.3.0 on Linux-5.15.0-119-generic x86_64
Build Info: release IPO VTR_ASSERT_LEVEL=2

University of Toronto
verilogtorouting.org
vtr-users@googlegroups.com
This is free open source code under MIT license.

VPR was run with the following command-line:
/inspire/hdd/project/project-public/changshunjie-253114010247/changshunjie-253114010247/workspace/DAC2027/vtr/vtr-verilog-to-routing/vpr/vpr /inspire/hdd/project/project-public/changshunjie-253114010247/changshunjie-253114010247/workspace/DAC2027/vtr/vtr-verilog-to-routing/vtr_flow/arch/COFFE_22nm/k6FracN10LB_mem20K_complexDSP_customSB_22nm.xml /inspire/hdd/project/project-public/changshunjie-253114010247/changshunjie-253114010247/workspace/DAC2027/TailCompile/experiments/vtr/runs/pilot_v1/sha/full-seed1-w300/sha.pre-vpr.blif --analytical_place --route --analysis --ap_full_legalizer flat-recon --ap_detailed_placer annealer --seed 12 --route_chan_width 90 --write_flat_place /inspire/hdd/project/project-public/changshunjie-253114010247/changshunjie-253114010247/workspace/DAC2027/TailCompile/vtr_work/tailcompile_v3/sha/4x4/gnn_candidate-fp3f5fe7a8-flat-recon-annealer-seed12-w90-devw14/post_route.fplace --write_legalized_flat_place /inspire/hdd/project/project-public/changshunjie-253114010247/changshunjie-253114010247/workspace/DAC2027/TailCompile/vtr_work/tailcompile_v3/sha/4x4/gnn_candidate-fp3f5fe7a8-flat-recon-annealer-seed12-w90-devw14/post_legalizer.fplace --flat_place_verbosity 1 --device_width 14 --net_file /inspire/hdd/project/project-public/changshunjie-253114010247/changshunjie-253114010247/workspace/DAC2027/TailCompile/vtr_work/tailcompile_v3/sha/4x4/gnn_candidate-fp3f5fe7a8-flat-recon-annealer-seed12-w90-devw14/sha.locked-input.net --read_flat_place /inspire/hdd/global_user/changshunjie-253114010247/workspace/DAC2027/TailCompile/experiments/vtr/tailcompile_v3/sha/4x4/pools/bootstrap_24/candidate_02_seed12029.fplace

Using up to 1 parallel worker(s)

Architecture file: /inspire/hdd/project/project-public/changshunjie-253114010247/changshunjie-253114010247/workspace/DAC2027/vtr/vtr-verilog-to-routing/vtr_flow/arch/COFFE_22nm/k6FracN10LB_mem20K_complexDSP_customSB_22nm.xml
Circuit name: sha.pre-vpr

# Loading Architecture Description
# Loading Architecture Description took 0.04 seconds (max_rss 19.0 MiB, delta_rss +0.0 MiB)

Timing analysis: ON
Circuit netlist file: /inspire/hdd/project/project-public/changshunjie-253114010247/changshunjie-253114010247/workspace/DAC2027/TailCompile/vtr_work/tailcompile_v3/sha/4x4/gnn_candidate-fp3f5fe7a8-flat-recon-annealer-seed12-w90-devw14/sha.locked-input.net
Circuit placement file: sha.pre-vpr.place
Circuit routing file: sha.pre-vpr.route
Circuit SDC file: sha.pre-vpr.sdc
Vpr floorplanning constraints file: not specified

Packer: DISABLED
Placer: DISABLED
Analytical Placer: ENABLED
Router: ENABLED
Analysis: ENABLED

VPR was run with the following options:

netlist_opts.absorb_buffer_luts            : true
netlist_opts.sweep_dangling_primary_ios    : true
netlist_opts.sweep_dangling_nets           : true
netlist_opts.sweep_dangling_blocks         : true
netlist_opts.sweep_constant_primary_outputs: false
netlist_opts.netlist_verbosity             : 1
netlist_opts.const_gen_inference           : COMB_SEQ

AnalyticalPlacerOpts.analytical_solver_type: lp-b2b
AnalyticalPlacerOpts.partial_legalizer_type: bipartitioning
AnalyticalPlacerOpts.full_legalizer_type: flat-recon
AnalyticalPlacerOpts.detailed_placer_type: annealer
AnalyticalPlacerOpts.ap_timing_tradeoff: 0.500000
AnalyticalPlacerOpts.ap_high_fanout_threshold: 256
AnalyticalPlacerOpts.log_verbosity: 1
router_opts.route_type: DETAILED
router_opts.flat_routing: false
router_opts.choke_points: on
router_opts.router_algorithm: TIMING_DRIVEN
router_opts.base_cost_type: DELAY_NORMALIZED_LENGTH
router_opts.fixed_channel_width: 90
router_opts.check_route: FULL
router_opts.acc_fac: 1.000000
router_opts.bb_factor: 3
router_opts.bend_cost: 0.000000
router_opts.first_iter_pres_fac: 0.000000
router_opts.initial_pres_fac: 0.500000
router_opts.pres_fac_mult: 1.300000
router_opts.max_pres_fac: 1000.000000
router_opts.max_router_iterations: 50
router_opts.min_incremental_reroute_fanout: 16
router_opts.initial_acc_cost_chan_congestion_threshold: 0.500000
router_opts.initial_acc_cost_chan_congestion_weight: 0.500000
router_opts.do_check_rr_graph: true
router_opts.verify_binary_search: false
router_opts.min_channel_width_hint: 0
router_opts.read_rr_edge_metadata: false
router_opts.exit_after_first_routing_iteration: false
router_opts.astar_fac: 1.200000
router_opts.astar_offset: 0.000000
router_opts.router_profiler_astar_fac: 1.200000
router_opts.enable_parallel_connection_router: false
router_opts.post_target_prune_fac: 1.200000
router_opts.post_target_prune_offset: 0
router_opts.multi_queue_num_threads: 1
router_opts.multi_queue_num_queues: 2
router_opts.multi_queue_direct_draining: false
router_opts.criticality_exp: 1.000000
router_opts.max_criticality: 0.990000
router_opts.init_wirelength_abort_threshold: 0.850000
router_opts.incr_reroute_delay_ripup: AUTO
router_opts.save_routing_per_iteration: false
router_opts.congested_routing_iteration_threshold_frac: 1.000000
router_opts.high_fanout_threshold: 64
router_opts.router_debug_net: -2
router_opts.router_debug_sink_rr: -2
router_opts.router_debug_iteration: -2
router_opts.max_convergence_count: 1
router_opts.reconvergence_cpd_threshold: 0.990000
router_opts.update_lower_bound_delays: true
router_opts.first_iteration_timing_report_file: 
router_opts.route_bb_update: DYNAMIC
router_opts.lookahead_type: MAP
router_opts.initial_timing: LOOKAHEAD
router_opts.router_heap: FOUR_ARY_HEAP
router_opts.routing_failure_predictor = SAFE
router_opts.routing_predictor_min_history: 8
router_opts.routing_budgets_algorithm = DISABLE

analysis_opts.gen_post_synthesis_netlist: false
analysis_opts.gen_post_implementation_merged_netlist: false
analysis_opts.gen_post_implementation_sdc: false
analysis_opts.timing_report_npaths: 100
analysis_opts.timing_report_skew: false
analysis_opts.echo_dot_timing_graph_node: -1
analysis_opts.timing_report_detail: NETLIST
analysis_opts.post_synth_netlist_unconn_input_handling: UNCONNECTED
analysis_opts.post_synth_netlist_unconn_output_handling: UNCONNECTED
analysis_opts.post_synth_netlist_module_parameters: on

# Building complex block graph
# Building complex block graph took 0.11 seconds (max_rss 24.6 MiB, delta_rss +5.6 MiB)
Circuit file: /inspire/hdd/project/project-public/changshunjie-253114010247/changshunjie-253114010247/workspace/DAC2027/TailCompile/experiments/vtr/runs/pilot_v1/sha/full-seed1-w300/sha.pre-vpr.blif
# Load circuit
Found 3 constant generator(s) in the netlist (2 constant-zero, 1 constant-one) (run with --netlist_verbosity 2 to list names)
# Load circuit took 0.02 seconds (max_rss 28.3 MiB, delta_rss +3.7 MiB)
# Clean circuit
Absorbed 0 LUT buffers
Found 22 primitive output pin(s) driven only by constants; marked them as constants
Swept input(s)      : 0
Swept output(s)     : 0 (0 dangling, 0 constant)
Swept net(s)        : 22
Swept block(s)      : 0
Constant Pins Marked: 22
# Clean circuit took 0.00 seconds (max_rss 28.3 MiB, delta_rss +0.0 MiB)
# Compress circuit
# Compress circuit took 0.00 seconds (max_rss 28.3 MiB, delta_rss +0.0 MiB)
# Verify circuit
# Verify circuit took 0.00 seconds (max_rss 28.3 MiB, delta_rss +0.0 MiB)
Circuit Statistics:
  Blocks: 2491
    .input :      38
    .latch :     893
    .names :    1215
        0-LUT:       2
        1-LUT:       1
        2-LUT:      63
        3-LUT:     106
        4-LUT:      88
        5-LUT:     314
        6-LUT:     641
    .output:      36
    adder  :     309
  Nets  : 2742
    Avg Fanout:     3.3
    Max Fanout:   893.0
    Min Fanout:     1.0
  Netlist Clocks: 1
# Build Timing Graph
  Timing Graph Nodes: 11695
  Timing Graph Edges: 18725
  Timing Graph Levels: 84
# Build Timing Graph took 0.01 seconds (max_rss 31.7 MiB, delta_rss +3.1 MiB)
Netlist contains 1 clocks
  Netlist Clock 'clk_i' Fanout: 893 pins (7.6%), 893 blocks (35.8%)
# Load Timing Constraints

SDC file 'sha.pre-vpr.sdc' not found
Setting default timing constraints:
   * constrain all primary inputs and primary outputs on netlist clock 'clk_i'
   * optimize netlist clock to run as fast as possible
Timing constraints created 1 clocks
  Constrained Clock 'clk_i' Source: 'clk_i.inpad[0]'

# Load Timing Constraints took 0.00 seconds (max_rss 31.7 MiB, delta_rss +0.0 MiB)
# Analytical Placement
## Prepacker

There is one chain in this architecture called "chain" with the following starting points:
	clb[0]/lab[0]/fle[0]/ble5[0]/arithmetic[0]/adder[0].cin[0]

## Prepacker took 0.00 seconds (max_rss 32.0 MiB, delta_rss +0.3 MiB)
## Initializing Pre-Cluster Timing
Using inter-cluster delay: 2.1832e-09
## Initializing Pre-Cluster Timing took 0.20 seconds (max_rss 32.6 MiB, delta_rss +0.6 MiB)
## Estimate Device Size
Device layout 'auto' with fixed width 14.
FPGA sized to 14 x 14: 196 grid tiles (auto)
## Estimate Device Size took 0.00 seconds (max_rss 32.6 MiB, delta_rss +0.0 MiB)
## Ram Mapper
Flat Placement is provided, skipping the RAM mapping.
## Ram Mapper took 0.00 seconds (max_rss 32.6 MiB, delta_rss +0.0 MiB)
## Read Atom Netlist to AP Netlist
## Read Atom Netlist to AP Netlist took 0.02 seconds (max_rss 36.4 MiB, delta_rss +3.8 MiB)
Analytical Placement Netlist Statistics:
	AP Blocks: 1315
		Moveable AP Blocks: 1315
		Fixed AP Blocks: 0
	AP Nets: 1563
		Average Fanout: 4.51
		Highest Fanout: 194
	AP Pins: 11695

## Computing placement delta delay look-up
### Build routing resource graph
### Build routing resource graph took 0.10 seconds (max_rss 45.9 MiB, delta_rss +9.5 MiB)
  RR Graph Nodes: 32024
  RR Graph Edges: 208292
### Computing router lookahead map
#### Computing wire lookahead
#### Computing wire lookahead took 0.03 seconds (max_rss 46.5 MiB, delta_rss +0.0 MiB)
#### Computing src/opin lookahead
Warning 1: Found no more sample locations for SOURCE in io
Warning 2: Found no more sample locations for OPIN in io
Warning 3: Found no more sample locations for SOURCE in clb
Warning 4: Found no more sample locations for OPIN in clb
Warning 5: Found no more sample locations for SOURCE in dsp_top
Warning 6: Found no more sample locations for OPIN in dsp_top
Warning 7: Found no more sample locations for SOURCE in memory
Warning 8: Found no more sample locations for OPIN in memory
#### Computing src/opin lookahead took 0.00 seconds (max_rss 46.7 MiB, delta_rss +0.3 MiB)
### Computing router lookahead map took 0.04 seconds (max_rss 46.7 MiB, delta_rss +0.3 MiB)
Serial Connection Router is being destroyed. Time spent on path search: 0.000 seconds.
## Computing placement delta delay look-up took 0.14 seconds (max_rss 46.7 MiB, delta_rss +10.3 MiB)
Flat Placement is provided in the AP flow, skipping the Global Placement.
0 of 1315 molecules placed at device center (no atoms of these molecules found in flat placement).
## AP Full Legalizer
### Creating Clusters
Device (width, height): (14,14)
#### Sorting and Grouping Blocks by Tile
#### Sorting and Grouping Blocks by Tile took 0.00 seconds (max_rss 46.7 MiB, delta_rss +0.0 MiB)
#### Reconstruction Pass Clustering
#### Reconstruction Pass Clustering took 2.11 seconds (max_rss 50.5 MiB, delta_rss +3.8 MiB)
#### Orphan Window Clustering with search radius 8
#### Orphan Window Clustering with search radius 8 took 0.01 seconds (max_rss 50.5 MiB, delta_rss +0.0 MiB)
FPGA sized to 14 x 14: 196 grid tiles (auto)
Device Utilization: 0.62 (target 1.00)
	Block Utilization: 0.19 Type: io
	Block Utilization: 0.93 Type: clb

----------------------------------------------------------------
                       Clustering Summary                       
----------------------------------------------------------------
Clusters created (Self Clustering)                       : 185
    clb        : 111
    io         : 74
Clusters created (Orphan Window Clustering)              : 1
    clb        : 1
Total clusters                                           : 186
Percent of clusters created in Orphan Window Clustering  : 0.54%
Molecules clustered in each stage breakdown  : (Total of 1315)
	Self Clustering          (0.996958)  : 1311
 	Neighbor Clustering      (0.000000)  : 0
	Orphan Window Clustering (0.003042)  : 4
----------------------------------------------------------------

Final Clustering Statistics: 
----------   --------   ------------------------------------   --------------------------
Block Type   # Blocks   Avg. # of input clocks and pins used   Avg. # of output pins used
----------   --------   ------------------------------------   --------------------------
     EMPTY          0                                      0                            0   
        io         74                               0.486486                     0.513514   
       clb        112                                25.4196                      8.98214   
   dsp_top          0                                      0                            0   
    memory          0                                      0                            0   
Absorbed logical nets 1698 out of 2742 nets, 1044 nets not absorbed.
#### Load packing
##### Loading packed FPGA netlist file.
Netlist generated from file '/inspire/hdd/project/project-public/changshunjie-253114010247/changshunjie-253114010247/workspace/DAC2027/TailCompile/vtr_work/tailcompile_v3/sha/4x4/gnn_candidate-fp3f5fe7a8-flat-recon-annealer-seed12-w90-devw14/sha.locked-input.net'.
Detected 2 constant generators (to see names run with higher pack verbosity)
##### Loading packed FPGA netlist file. took 0.18 seconds (max_rss 63.2 MiB, delta_rss +6.7 MiB)
Warning 9: Treated 2 constant nets as global which will not be routed (to see net names increase packer verbosity).
Netlist contains 33 global net to non-global architecture pin connections
Completed clustering consistency check successfully.
Cluster level netlist and block usage statistics
Netlist num_nets: 1044
Netlist num_blocks: 186
Netlist EMPTY blocks: 0.
Netlist io blocks: 74.
Netlist clb blocks: 112.
Netlist dsp_top blocks: 0.
Netlist memory blocks: 0.
Netlist inputs pins: 38
Netlist output pins: 36

Pb types usage...
  io               : 74
   inpad           : 38
   outpad          : 36
  clb              : 112
   lab             : 112
    fle            : 1086
     ble5          : 882
      flut5        : 573
       lut5        : 573
        lut        : 573
       ff          : 353
      arithmetic   : 309
       adder       : 309
     ble6          : 642
      lut6         : 642
       lut         : 642
      ff           : 540

#### Load packing took 0.25 seconds (max_rss 98.0 MiB, delta_rss +41.5 MiB)
Netlist contains 33 global net to non-global architecture pin connections
Cluster level netlist and block usage statistics
Netlist num_nets: 1044
Netlist num_blocks: 186
Netlist EMPTY blocks: 0.
Netlist io blocks: 74.
Netlist clb blocks: 112.
Netlist dsp_top blocks: 0.
Netlist memory blocks: 0.
Netlist inputs pins: 38
Netlist output pins: 36
### Creating Clusters took 2.50 seconds (max_rss 98.0 MiB, delta_rss +51.3 MiB)
Completed clustering consistency check successfully.
FPGA sized to 14 x 14: 196 grid tiles (auto)
### Compressed grid construction
### Compressed grid construction took 0.00 seconds (max_rss 98.0 MiB, delta_rss +0.0 MiB)
### Initial Placement
Placing clusters that are part of larger macros...
Number of blocks to be placed: 18
Max distance on device: 28
---- ---------- ---------- -------------
Pass Max Displ. Num Blocks Num Blocks   
     Threshold  Placed     Left Unplaced
---- ---------- ---------- -------------
   0          0         12             6
   1          1          6             0

Placing general clusters...
Number of blocks to be placed: 168
Max distance on device: 28
---- ---------- ---------- -------------
Pass Max Displ. Num Blocks Num Blocks   
     Threshold  Placed     Left Unplaced
---- ---------- ---------- -------------
   0          0        160             8
   1          1          1             7
   2          2          2             5
   3          4          2             3
   4          8          3             0

### Initial Placement took 0.00 seconds (max_rss 98.0 MiB, delta_rss +0.0 MiB)
Flat Placement Reconstruction Info:
	Percent of clusters with reconstruction errors: 0.537634
	Total displacement of initial placement from flat placement: 1590.000000
	Average atom displacement of initial placement from flat placement: 0.638298
	Max atom displacement of initial placement from flat placement: 9.000000
	Percent of atoms misplaced from the flat placement: 20.032116
## AP Full Legalizer took 2.51 seconds (max_rss 98.2 MiB, delta_rss +51.4 MiB)

Resource usage...
	Netlist
		74	blocks of type: io
	Architecture
		384	blocks of type: io
	Netlist
		112	blocks of type: clb
	Architecture
		120	blocks of type: clb
	Netlist
		0	blocks of type: dsp_top
	Architecture
		3	blocks of type: dsp_top
	Netlist
		0	blocks of type: memory
	Architecture
		6	blocks of type: memory

Device Utilization: 0.62 (target 1.00)
	Physical Tile io:
	Block Utilization: 0.19 Logical Block: io
	Physical Tile clb:
	Block Utilization: 0.93 Logical Block: clb
	Physical Tile dsp_top:
	Block Utilization: 0.00 Logical Block: dsp_top
	Physical Tile memory:
	Block Utilization: 0.00 Logical Block: memory

## Computing placement delta delay look-up
RR graph channel widths unchanged, skipping RR graph rebuild
Serial Connection Router is being destroyed. Time spent on path search: 0.000 seconds.
## Computing placement delta delay look-up took 0.00 seconds (max_rss 98.2 MiB, delta_rss +0.0 MiB)
Using simple RL 'Softmax agent' for choosing move and block types

Completed placement consistency check successfully.
Initial placement cost: 1 bb_cost: 124.474 td_cost: 6.52158e-07
Initial placement BB estimate of wirelength: 11178
Initial placement estimated Critical Path Delay (CPD): 10.6135 ns
Initial placement estimated setup Total Negative Slack (sTNS): -3074.77 ns
Initial placement estimated setup Worst Negative Slack (sWNS): -10.6135 ns

Initial placement estimated setup slack histogram:
[ -1.1e-08: -9.6e-09)  23 (  2.5%) |**
[ -9.6e-09: -8.6e-09)   9 (  1.0%) |*
[ -8.6e-09: -7.6e-09)   0 (  0.0%) |
[ -7.6e-09: -6.7e-09)   0 (  0.0%) |
[ -6.7e-09: -5.7e-09)   0 (  0.0%) |
[ -5.7e-09: -4.7e-09)   2 (  0.2%) |
[ -4.7e-09: -3.7e-09) 126 ( 13.6%) |*********
[ -3.7e-09: -2.7e-09) 630 ( 67.8%) |***********************************************
[ -2.7e-09: -1.7e-09)  76 (  8.2%) |******
[ -1.7e-09: -7.3e-10)  63 (  6.8%) |*****
Placement contains 9 placement macros involving 18 blocks (average macro size 2.000000)

Moves per temperature: 530
## AP Detailed Placer

---- ------ ------- ------- ---------- ---------- ------- ---------- -------- ------- ------- ------ -------- --------- ------
Tnum  Time     T    AvCost  Av BB Cost Av TD Cost   CPD      sTNS      sWNS   AcRate  StdDev  R lim  CritExp  TotMoves  Alpha 
     (sec)                                          (ns)     (ns)      (ns)                                                   
---- ------ ------- ------- ---------- ---------- ------- ---------- -------- ------- ------- ------ -------- --------- ------
   1    0.0 4.2e-03   1.041     117.85 6.5507e-07   9.998  -2.89e+03   -9.998   0.685  0.0251   13.0     1.00        530  1.000
   2    0.0 4.0e-03   1.026     123.93 6.559e-07   10.512  -3.08e+03  -10.512   0.700  0.0129   13.0     1.00       1060  0.950
   3    0.0 3.8e-03   0.988     120.16 6.3463e-07  10.886  -3.23e+03  -10.886   0.666  0.0074   13.0     1.00       1590  0.950
   4    0.0 3.6e-03   0.996     121.33 6.6292e-07  10.694  -3.38e+03  -10.694   0.694  0.0088   13.0     1.00       2120  0.950
   5    0.0 3.5e-03   1.000     122.52 6.7793e-07  10.229  -3.24e+03  -10.229   0.681  0.0066   13.0     1.00       2650  0.950
   6    0.0 3.3e-03   0.983     120.61 6.4599e-07  10.715  -3.27e+03  -10.715   0.645  0.0078   13.0     1.00       3180  0.950
   7    0.0 3.1e-03   1.005     122.02 6.4189e-07  10.678  -3.14e+03  -10.678   0.706  0.0047   13.0     1.00       3710  0.950
   8    0.0 3.0e-03   0.979     118.63 6.5774e-07  10.761  -3.28e+03  -10.761   0.662  0.0070   13.0     1.00       4240  0.950
   9    0.0 2.8e-03   0.983     117.23 6.4035e-07  10.817  -3.33e+03  -10.817   0.664  0.0122   13.0     1.00       4770  0.950
  10    0.0 2.7e-03   0.983     114.57 6.5759e-07  10.262  -3.22e+03  -10.262   0.655  0.0146   13.0     1.00       5300  0.950
  11    0.0 2.5e-03   0.986     112.08 6.5767e-07  10.216  -3.34e+03  -10.216   0.617  0.0080   13.0     1.00       5830  0.950
  12    0.0 2.4e-03   0.992     112.29 6.3633e-07  10.575  -3.27e+03  -10.575   0.623  0.0060   13.0     1.00       6360  0.950
  13    0.0 2.3e-03   0.985     109.50 6.351e-07   10.321  -3.07e+03  -10.321   0.562  0.0078   13.0     1.00       6890  0.950
  14    0.0 2.2e-03   1.003     110.99 6.2076e-07  10.482  -3.17e+03  -10.482   0.589  0.0069   13.0     1.00       7420  0.950
  15    0.0 2.1e-03   0.996     111.06 6.5752e-07   9.754   -3.1e+03   -9.754   0.589  0.0059   13.0     1.00       7950  0.950
  16    0.0 2.0e-03   1.001     111.68 6.44e-07    10.224  -3.08e+03  -10.224   0.566  0.0071   13.0     1.00       8480  0.950
  17    0.0 1.9e-03   0.980     107.72 6.3937e-07  10.112  -3.07e+03  -10.112   0.587  0.0097   13.0     1.00       9010  0.950
  18    0.0 1.8e-03   0.989     106.70 5.9701e-07  10.993  -3.49e+03  -10.993   0.543  0.0055   13.0     1.00       9540  0.950
  19    0.0 1.7e-03   0.998     106.29 6.3493e-07   9.735  -2.99e+03   -9.735   0.591  0.0032   13.0     1.00      10070  0.950
  20    0.0 1.6e-03   0.996     105.50 6.5118e-07   9.684  -2.94e+03   -9.684   0.540  0.0054   13.0     1.00      10600  0.950
  21    0.0 1.5e-03   0.984     103.71 6.2881e-07  10.355   -3.1e+03  -10.355   0.509  0.0083   13.0     1.00      11130  0.950
  22    0.0 1.4e-03   1.004     105.50 6.3448e-07   9.867     -3e+03   -9.867   0.521  0.0029   13.0     1.00      11660  0.950
  23    0.0 1.4e-03   0.989     105.64 6.3245e-07   9.867  -3.02e+03   -9.867   0.551  0.0050   13.0     1.00      12190  0.950
  24    0.0 1.3e-03   0.992     103.82 6.3104e-07  10.067  -3.07e+03  -10.067   0.496  0.0049   13.0     1.00      12720  0.950
  25    0.0 1.2e-03   0.995     103.70 6.1998e-07  10.158  -3.12e+03  -10.158   0.521  0.0063   13.0     1.00      13250  0.950
  26    0.0 1.2e-03   0.993     101.46 6.25e-07     9.787  -3.01e+03   -9.787   0.498  0.0052   13.0     1.00      13780  0.950
  27    0.0 1.1e-03   0.995     101.76 6.4169e-07   9.630  -3.02e+03   -9.630   0.455  0.0081   13.0     1.00      14310  0.950
  28    0.0 1.1e-03   1.000      99.89 6.2489e-07   9.631  -2.94e+03   -9.631   0.443  0.0023   13.0     1.00      14840  0.950
  29    0.0 1.0e-03   0.999     100.57 6.0786e-07   9.897  -2.88e+03   -9.897   0.489  0.0016   13.0     1.00      15370  0.950
  30    0.0 9.6e-04   0.994     100.25 6.1103e-07   9.995  -3.02e+03   -9.995   0.464  0.0060   13.0     1.00      15900  0.950
  31    0.0 9.1e-04   1.000      99.36 6.2893e-07   9.549     -3e+03   -9.549   0.449  0.0013   13.0     1.00      16430  0.950
  32    0.0 8.6e-04   0.997      99.32 6.1157e-07   9.976  -3.09e+03   -9.976   0.445  0.0028   13.0     1.00      16960  0.950
  33    0.0 8.2e-04   1.000      99.66 6.0844e-07   9.905  -2.98e+03   -9.905   0.496  0.0023   13.0     1.00      17490  0.950
  34    0.0 7.8e-04   0.998      99.66 6.1432e-07   9.791  -2.95e+03   -9.791   0.447  0.0028   13.0     1.00      18020  0.950
  35    0.0 7.4e-04   0.996      98.11 6.0104e-07  10.126  -2.94e+03  -10.126   0.436  0.0026   13.0     1.00      18550  0.950
  36    0.0 7.0e-04   0.987      96.60 5.7719e-07  10.121  -2.92e+03  -10.121   0.442  0.0066   12.9     1.03      19080  0.950
  37    0.0 6.7e-04   0.994      94.34 5.8952e-07  10.016   -2.9e+03  -10.016   0.428  0.0039   13.0     1.02      19610  0.950
  38    0.0 6.4e-04   1.002      93.74 5.4676e-07   9.783  -2.84e+03   -9.783   0.342  0.0020   12.8     1.11      20140  0.950
  39    0.0 6.0e-04   1.004      94.78 3.1658e-07   9.579  -2.84e+03   -9.579   0.353  0.0020   11.6     1.84      20670  0.950
  40    0.0 5.7e-04   0.996      94.98 2.3635e-07   9.630  -2.97e+03   -9.630   0.392  0.0022   10.5     2.43      21200  0.950
  41    0.0 5.4e-04   0.998      94.88 1.9411e-07  10.240  -3.22e+03  -10.240   0.377  0.0014   10.0     2.72      21730  0.950
  42    0.0 5.2e-04   0.998      94.51 1.8286e-07   9.943  -3.22e+03   -9.943   0.406  0.0018    9.4     3.09      22260  0.950
  43    0.0 4.9e-04   0.995      94.17 1.7449e-07   9.783  -2.99e+03   -9.783   0.360  0.0019    9.1     3.28      22790  0.950
  44    0.0 4.7e-04   0.995      93.35 1.6131e-07   9.579  -3.04e+03   -9.579   0.379  0.0047    8.4     3.70      23320  0.950
  45    0.0 4.4e-04   1.003      92.57 1.5078e-07   9.787  -3.03e+03   -9.787   0.381  0.0017    7.9     4.00      23850  0.950
  46    0.0 4.2e-04   0.997      91.90 1.4398e-07   9.787  -3.03e+03   -9.787   0.379  0.0022    7.4     4.27      24380  0.950
  47    0.0 4.0e-04   0.996      90.58 1.4216e-07   9.736  -3.05e+03   -9.736   0.308  0.0012    6.9     4.53      24910  0.950
  48    0.0 3.8e-04   0.998      90.27 1.317e-07    9.969  -3.01e+03   -9.969   0.340  0.0018    6.0     5.07      25440  0.950
  49    0.0 3.6e-04   0.998      90.20 1.2362e-07   9.965  -2.96e+03   -9.965   0.304  0.0009    5.4     5.42      25970  0.950
  50    0.0 3.4e-04   0.996      89.33 1.1925e-07   9.965  -2.99e+03   -9.965   0.345  0.0020    4.7     5.85      26500  0.950
  51    0.0 3.3e-04   1.001      89.77 1.2381e-07   9.549  -2.98e+03   -9.549   0.321  0.0007    4.2     6.11      27030  0.950
  52    0.0 3.1e-04   0.996      89.35 1.1864e-07   9.757  -2.98e+03   -9.757   0.334  0.0016    3.7     6.41      27560  0.950
  53    0.0 2.9e-04   1.000      89.06 1.2045e-07   9.504  -2.99e+03   -9.504   0.292  0.0010    3.3     6.64      28090  0.950
  54    0.0 2.8e-04   0.998      88.87 1.1827e-07   9.504  -2.93e+03   -9.504   0.311  0.0017    2.8     6.92      28620  0.950
  55    0.0 2.7e-04   0.998      88.26 1.1688e-07   9.504  -2.96e+03   -9.504   0.330  0.0008    2.5     7.14      29150  0.950
  56    0.0 2.5e-04   0.996      87.51 1.1567e-07   9.504  -2.95e+03   -9.504   0.272  0.0018    2.2     7.30      29680  0.950
  57    0.0 2.4e-04   0.996      86.95 1.144e-07    9.504  -2.92e+03   -9.504   0.355  0.0012    1.8     7.51      30210  0.950
  58    0.0 2.3e-04   0.998      86.48 1.128e-07    9.549  -2.93e+03   -9.549   0.353  0.0011    1.7     7.60      30740  0.950
  59    0.0 2.2e-04   0.998      86.21 1.1533e-07   9.422  -3.03e+03   -9.422   0.326  0.0006    1.5     7.69      31270  0.950
  60    0.0 2.1e-04   1.000      86.30 1.1464e-07   9.422  -2.92e+03   -9.422   0.343  0.0014    1.4     7.79      31800  0.950
  61    0.0 2.0e-04   0.999      85.65 1.1435e-07   9.428  -2.91e+03   -9.428   0.381  0.0019    1.2     7.87      32330  0.950
  62    0.0 1.9e-04   0.998      84.98 1.1398e-07   9.422  -2.91e+03   -9.422   0.285  0.0010    1.2     7.91      32860  0.950
  63    0.0 1.8e-04   1.001      85.10 1.1352e-07   9.422   -2.9e+03   -9.422   0.277  0.0014    1.0     8.00      33390  0.950
  64    0.0 1.7e-04   1.000      85.23 1.1317e-07   9.444  -2.93e+03   -9.444   0.243  0.0005    1.0     8.00      33920  0.950
  65    0.0 1.6e-04   1.000      85.11 1.1358e-07   9.428  -3.02e+03   -9.428   0.245  0.0005    1.0     8.00      34450  0.950
  66    0.0 1.5e-04   1.000      85.04 1.1361e-07   9.428  -2.94e+03   -9.428   0.260  0.0010    1.0     8.00      34980  0.950
  67    0.0 1.4e-04   0.999      84.77 1.137e-07    9.422  -2.91e+03   -9.422   0.249  0.0008    1.0     8.00      35510  0.950
  68    0.0 1.4e-04   0.998      84.44 1.1286e-07   9.460  -2.89e+03   -9.460   0.226  0.0009    1.0     8.00      36040  0.950
  69    0.0 1.3e-04   1.001      84.49 1.1282e-07   9.460  -2.89e+03   -9.460   0.215  0.0005    1.0     8.00      36570  0.950
  70    0.0 1.2e-04   0.998      84.23 1.1347e-07   9.428  -2.91e+03   -9.428   0.202  0.0010    1.0     8.00      37100  0.950
  71    0.0 1.2e-04   1.000      84.04 1.1362e-07   9.422   -2.9e+03   -9.422   0.217  0.0004    1.0     8.00      37630  0.950
  72    0.0 1.1e-04   1.000      84.16 1.1344e-07   9.428  -3.01e+03   -9.428   0.192  0.0004    1.0     8.00      38160  0.950
  73    0.0 1.1e-04   1.000      84.13 1.1355e-07   9.422  -3.01e+03   -9.422   0.217  0.0004    1.0     8.00      38690  0.950
  74    0.0 1.0e-04   0.999      84.02 1.1292e-07   9.444  -2.89e+03   -9.444   0.175  0.0006    1.0     8.00      39220  0.950
  75    0.0 9.5e-05   1.000      84.04 1.1296e-07   9.444  -2.89e+03   -9.444   0.164  0.0003    1.0     8.00      39750  0.950
  76    0.0 9.0e-05   0.999      83.76 1.1293e-07   9.444  -2.89e+03   -9.444   0.175  0.0006    1.0     8.00      40280  0.950
  77    0.0 8.6e-05   1.000      83.69 1.1351e-07   9.422   -2.9e+03   -9.422   0.149  0.0003    1.0     8.00      40810  0.950
Agent's 2nd state: 
  78    0.0 6.9e-05   1.000      83.71 1.1351e-07   9.422   -2.9e+03   -9.422   0.121  0.0002    1.0     8.00      41340  0.800
Checkpoint saved: bb_costs=83.6635, TD costs=1.13538e-07, CPD=  9.422 (ns) 
  79    0.0 5.5e-05   1.000      83.65 1.1354e-07   9.422  -3.01e+03   -9.422   0.081  0.0001    1.0     8.00      41870  0.800
  80    0.0 4.4e-05   1.000      83.60 1.1354e-07   9.422  -3.01e+03   -9.422   0.083  0.0003    1.0     8.00      42400  0.800
  81    0.0 3.5e-05   1.000      83.45 1.1352e-07   9.422  -2.91e+03   -9.422   0.066  0.0001    1.0     8.00      42930  0.800
  82    0.0 2.8e-05   1.000      83.41 1.1353e-07   9.422  -2.89e+03   -9.422   0.051  0.0000    1.0     8.00      43460  0.800
  83    0.0 2.3e-05   1.000      83.40 1.135e-07    9.422  -2.89e+03   -9.422   0.064  0.0001    1.0     8.00      43990  0.800
  84    0.0 1.8e-05   1.000      83.37 1.135e-07    9.422  -2.89e+03   -9.422   0.077  0.0002    1.0     8.00      44520  0.800
  85    0.0 1.4e-05   1.000      83.28 1.1349e-07   9.422  -2.88e+03   -9.422   0.043  0.0000    1.0     8.00      45050  0.800
  86    0.0 1.2e-05   1.000      83.25 1.1349e-07   9.422  -2.88e+03   -9.422   0.032  0.0001    1.0     8.00      45580  0.800
  87    0.0 9.2e-06   1.000      83.23 1.1349e-07   9.422  -2.88e+03   -9.422   0.040  0.0000    1.0     8.00      46110  0.800
  88    0.0 7.4e-06   1.000      83.21 1.1349e-07   9.422  -2.88e+03   -9.422   0.047  0.0001    1.0     8.00      46640  0.800
  89    0.0 5.9e-06   1.000      83.20 1.1349e-07   9.422  -2.88e+03   -9.422   0.049  0.0000    1.0     8.00      47170  0.800
  90    0.0 0.0e+00   1.000      83.19 1.1349e-07   9.422  -2.88e+03   -9.422   0.023  0.0000    1.0     8.00      47700  0.800
### Placement Quench took 0.01 seconds (max_rss 99.6 MiB)
post-quench CPD = 9.42199 (ns) 

Completed placement consistency check successfully.

Swaps called: 47886

Aborted Move Reasons:
  duplicate block move to location: 24
  macro move to location illegal: 10
  macro_from swap to location illegal: 375

BB estimate of min-dist (placement) wire length: 7446

Placement estimated critical path delay (least slack): 9.42199 ns, Fmax: 106.135 MHz
Placement estimated critical path skew: -0.04243 ns
Placement estimated setup Worst Negative Slack (sWNS): -9.42199 ns
Placement estimated setup Total Negative Slack (sTNS): -2875.34 ns
Placement estimated setup Worst Skew (sWS): -0.04243 ns

Placement estimated setup slack histogram:
[ -9.4e-09: -8.5e-09)  16 (  1.7%) |*
[ -8.5e-09: -7.7e-09)  16 (  1.7%) |*
[ -7.7e-09: -6.8e-09)   0 (  0.0%) |
[ -6.8e-09: -5.9e-09)   0 (  0.0%) |
[ -5.9e-09: -5.1e-09)   0 (  0.0%) |
[ -5.1e-09: -4.2e-09)   1 (  0.1%) |
[ -4.2e-09: -3.3e-09) 153 ( 16.5%) |************
[ -3.3e-09: -2.4e-09) 624 ( 67.2%) |***********************************************
[ -2.4e-09: -1.6e-09)  69 (  7.4%) |*****
[ -1.6e-09:   -7e-10)  50 (  5.4%) |****

Placement estimated geomean non-virtual intra-domain period: 9.42199 ns (106.135 MHz)
Placement estimated fanout-weighted geomean non-virtual intra-domain period: 9.42199 ns (106.135 MHz)

Placement cost: 1, bb_cost: 83.1927, td_cost: 1.13493e-07, 

Placement resource usage:
  io  implemented as io : 74
  clb implemented as clb: 112

Placement number of temperatures: 90
Placement total # of swap attempts: 47886
	Swaps accepted: 17664 (36.9 %)
	Swaps rejected: 29515 (61.6 %)
	Swaps aborted:   707 ( 1.5 %)


Placement perturbation distribution by block and move type: 
------------------ ----------------- ---------------- ---------------- --------------- ------------ 
    Block Type         Move Type       (%) of Total      Accepted(%)     Rejected(%)    Aborted(%)
------------------ ----------------- ---------------- ---------------- --------------- ------------ 
io                 Uniform                9.68             64.15           35.85          0.00         
                   Median                 9.05             62.51           31.76          5.72         
                   Centroid               8.85             67.35           32.60          0.05         
                   W. Centroid            9.20             66.74           33.23          0.02         
                   W. Median              0.68             16.00           77.54          6.46         

clb                Uniform                15.22            17.58           80.68          1.74         
                   Median                 14.30            27.58           70.66          1.77         
                   Centroid               13.73            22.06           76.76          1.19         
                   W. Centroid            14.29            21.99           76.55          1.46         
                   W. Median              1.17             2.14            96.44          1.42         
                   Crit. Uniform          1.91             0.00            100.00         0.00         
                   Feasible Region        1.92             0.00            99.89          0.11         


Placement Quench timing analysis took 0.00370127 seconds (0.00333262 STA, 0.000368654 slack) (1 full updates: 1 setup, 0 hold, 0 combined).
Placement Total  timing analysis took 0.378081 seconds (0.339177 STA, 0.0389041 slack) (92 full updates: 92 setup, 0 hold, 0 combined).
update_td_costs: connections 0.00201837 nets 0 sum_nets 0.00124379 total 0.00334492
## AP Detailed Placer took 0.89 seconds (max_rss 99.7 MiB, delta_rss +0.2 MiB)
Incr Slack updates 92 in 0.010643 sec
Full Max Req/Worst Slack updates 38 in 0.00102776 sec
Incr Max Req/Worst Slack updates 54 in 0.00186134 sec
Incr Criticality updates 27 in 0.00608546 sec
Full Criticality updates 65 in 0.0158712 sec
Incr Slack updates 1 in 9.5393e-05 sec
Full Max Req/Worst Slack updates 1 in 3.4901e-05 sec
Incr Max Req/Worst Slack updates 0 in 0 sec
Incr Criticality updates 0 in 0 sec
Full Criticality updates 1 in 0.000253659 sec
# Analytical Placement took 3.83 seconds (max_rss 99.9 MiB, delta_rss +68.2 MiB)


# Routing
RR graph channel widths unchanged, skipping RR graph rebuild
## Initializing router criticalities
Initial Net Connection Criticality Histogram:
[        0:      0.1) 220 (  7.6%) |************
[      0.1:      0.2) 824 ( 28.6%) |**********************************************
[      0.2:      0.3) 503 ( 17.4%) |****************************
[      0.3:      0.4) 845 ( 29.3%) |***********************************************
[      0.4:      0.5) 115 (  4.0%) |******
[      0.5:      0.6)  28 (  1.0%) |**
[      0.6:      0.7)  60 (  2.1%) |***
[      0.7:      0.8)  34 (  1.2%) |**
[      0.8:      0.9)  47 (  1.6%) |***
[      0.9:        1) 207 (  7.2%) |************
## Initializing router criticalities took 0.05 seconds (max_rss 99.9 MiB, delta_rss +0.0 MiB)
---- ------ ------- ---- ------- ------- ------- ----------------- --------------- -------- ---------- ---------- ---------- ---------- --------
Iter   Time    pres  BBs    Heap  Re-Rtd  Re-Rtd Overused RR Nodes      Wirelength      CPD       sTNS       sWNS       hTNS       hWNS Est Succ
      (sec)     fac Updt    push    Nets   Conns                                       (ns)       (ns)       (ns)       (ns)       (ns)     Iter
---- ------ ------- ---- ------- ------- ------- ----------------- --------------- -------- ---------- ---------- ---------- ---------- --------
   1    0.0     0.0    0  106908    1041    2751    1114 ( 3.479%)   11385 (40.5%)    9.084     -2802.     -9.084      0.000      0.000      N/A
   2    0.0     0.5    0   99029     836    2353     827 ( 2.582%)   11388 (40.6%)    9.084     -2737.     -9.084      0.000      0.000      N/A
   3    0.0     0.6    0   90511     701    1882     733 ( 2.289%)   11761 (41.9%)    9.084     -2821.     -9.084      0.000      0.000      N/A
   4    0.0     0.8    0   95957     628    1861     644 ( 2.011%)   12100 (43.1%)    9.084     -2913.     -9.084      0.000      0.000      N/A
   5    0.0     1.1    0   92242     585    1582     547 ( 1.708%)   12412 (44.2%)    9.084     -2870.     -9.084      0.000      0.000      N/A
   6    0.0     1.4    0   80825     491    1245     445 ( 1.390%)   12673 (45.1%)    9.084     -2788.     -9.084      0.000      0.000      N/A
   7    0.0     1.9    0   74654     432    1036     354 ( 1.105%)   12981 (46.2%)    9.084     -2972.     -9.084      0.000      0.000      N/A
   8    0.0     2.4    0   72928     376     907     289 ( 0.902%)   13406 (47.7%)    9.084     -3066.     -9.084      0.000      0.000      N/A
   9    0.0     3.1    0   61935     306     681     212 ( 0.662%)   13595 (48.4%)    9.084     -3077.     -9.084      0.000      0.000       32
  10    0.0     4.1    0   73846     291     801     179 ( 0.559%)   13941 (49.6%)    9.093     -3100.     -9.093      0.000      0.000       32
  11    0.0     5.3    0   60060     204     478     132 ( 0.412%)   14267 (50.8%)    9.084     -3118.     -9.084      0.000      0.000       31
  12    0.0     6.9    0   49680     187     373     112 ( 0.350%)   14455 (51.5%)    9.093     -3121.     -9.093      0.000      0.000       32
  13    0.0     9.0    0   66907     171     341      93 ( 0.290%)   14778 (52.6%)    9.292     -3134.     -9.292      0.000      0.000       33
  14    0.0    11.6    0   65091     154     319      72 ( 0.225%)   14871 (53.0%)    9.500     -3147.     -9.500      0.000      0.000       33
  15    0.0    15.1    0   73091     124     261      68 ( 0.212%)   15085 (53.7%)    9.186     -3166.     -9.186      0.000      0.000       35
  16    0.0    19.7    0   62001     118     223      59 ( 0.184%)   15364 (54.7%)    9.292     -3162.     -9.292      0.000      0.000       37
  17    0.0    25.6    0   71726     111     238      59 ( 0.184%)   15705 (55.9%)    9.707     -3183.     -9.707      0.000      0.000       40
  18    0.0    33.3    0   69560     100     216      55 ( 0.172%)   15771 (56.2%)    9.525     -3174.     -9.525      0.000      0.000       45
  19    0.0    43.3    0   72775      93     189      44 ( 0.137%)   16038 (57.1%)    9.776     -3227.     -9.776      0.000      0.000       45
  20    0.0    56.2    0   60746      93     194      39 ( 0.122%)   16330 (58.2%)   10.069     -3234.    -10.069      0.000      0.000       49
  21    0.0    73.1    0   86599      81     177      31 ( 0.097%)   16422 (58.5%)   11.222     -3275.    -11.222      0.000      0.000       48
  22    0.0    95.0    0   51485      64     135      26 ( 0.081%)   16470 (58.7%)   10.016     -3234.    -10.016      0.000      0.000       47
  23    0.0   123.5    0   57532      69     129      23 ( 0.072%)   16515 (58.8%)    9.915     -3244.     -9.915      0.000      0.000       47
  24    0.0   160.6    0   44197      57     116      25 ( 0.078%)   16623 (59.2%)    9.698     -3588.     -9.698      0.000      0.000       49
  25    0.0   208.8    0   66581      64     146      21 ( 0.066%)   16808 (59.9%)   10.672     -3634.    -10.672      0.000      0.000       49
  26    0.0   271.4    0   53861      56     141      16 ( 0.050%)   17019 (60.6%)   10.877     -3640.    -10.877      0.000      0.000       49
  27    0.0   352.8    0   47484      46      97      15 ( 0.047%)   17049 (60.7%)   10.246     -3596.    -10.246      0.000      0.000       48
  28    0.0   458.7    0   64264      60     123      13 ( 0.041%)   17014 (60.6%)   12.515     -3618.    -12.515      0.000      0.000       48
  29    0.0   596.3    0   46870      34      63      13 ( 0.041%)   17013 (60.6%)   10.749     -3599.    -10.749      0.000      0.000       48
  30    0.0   775.1    0   49121      48      90      11 ( 0.034%)   17066 (60.8%)   11.270     -3610.    -11.270      0.000      0.000       48
  31    0.0  1000.0    0   59378      41      88      10 ( 0.031%)   17041 (60.7%)   11.270     -3604.    -11.270      0.000      0.000       49
  32    0.0  1000.0    0   47447      41      82      10 ( 0.031%)   17024 (60.6%)   10.644     -3592.    -10.644      0.000      0.000       49
  33    0.0  1000.0    0   52821      50     110      10 ( 0.031%)   17065 (60.8%)   10.644     -3592.    -10.644      0.000      0.000       51
  34    0.0  1000.0    0   48429      46     132      10 ( 0.031%)   17197 (61.2%)   10.644     -3648.    -10.644      0.000      0.000       53
  35    0.0  1000.0    0   45969      43     108      10 ( 0.031%)   17231 (61.4%)   10.644     -3614.    -10.644      0.000      0.000       55
  36    0.0  1000.0    0   43196      43      98       9 ( 0.028%)   17181 (61.2%)   10.644     -3610.    -10.644      0.000      0.000       57
  37    0.0  1000.0    0   50375      40      89       7 ( 0.022%)   17157 (61.1%)   10.644     -3619.    -10.644      0.000      0.000       58
  38    0.0  1000.0    0   43478      37      88       8 ( 0.025%)   17190 (61.2%)   10.644     -3610.    -10.644      0.000      0.000       60
  39    0.0  1000.0    0   41040      37      87      10 ( 0.031%)   17192 (61.2%)   10.644     -3612.    -10.644      0.000      0.000       63
  40    0.0  1000.0    0   43739      37      92       7 ( 0.022%)   17232 (61.4%)   10.644     -3610.    -10.644      0.000      0.000       66
  41    0.0  1000.0    0   32407      32      75       5 ( 0.016%)   17263 (61.5%)   10.644     -3620.    -10.644      0.000      0.000       65
  42    0.0  1000.0    0   27702      31      70       4 ( 0.012%)   17212 (61.3%)   10.644     -3619.    -10.644      0.000      0.000       64
  43    0.0  1000.0    0   31821      31      71       4 ( 0.012%)   17205 (61.3%)   10.644     -3619.    -10.644      0.000      0.000       63
  44    0.0  1000.0    0   32464      31      70       5 ( 0.016%)   17266 (61.5%)   10.644     -3635.    -10.644      0.000      0.000       64
  45    0.0  1000.0    0   19292      30      68       2 ( 0.006%)   17302 (61.6%)   10.644     -3636.    -10.644      0.000      0.000       61
  46    0.0  1000.0    0   23485      28      64       2 ( 0.006%)   17305 (61.6%)   10.644     -3636.    -10.644      0.000      0.000       59
  47    0.0  1000.0    0   10703      27      63       1 ( 0.003%)   17304 (61.6%)   10.644     -3633.    -10.644      0.000      0.000       56
  48    0.0  1000.0    0   11590      26      63       1 ( 0.003%)   17306 (61.6%)   10.644     -3633.    -10.644      0.000      0.000       54
  49    0.0  1000.0    0   10716      25      62       0 ( 0.000%)   17304 (61.6%)   10.644     -3633.    -10.644      0.000      0.000      N/A
Restoring best routing
Critical path: 10.6441 ns
Successfully routed after 49 routing iterations.
Final Net Connection Criticality Histogram:
[        0:      0.1) 410 ( 14.2%) |**************************
[      0.1:      0.2) 601 ( 20.8%) |**************************************
[      0.2:      0.3) 480 ( 16.6%) |******************************
[      0.3:      0.4) 752 ( 26.1%) |***********************************************
[      0.4:      0.5) 230 (  8.0%) |**************
[      0.5:      0.6)  64 (  2.2%) |****
[      0.6:      0.7)  49 (  1.7%) |***
[      0.7:      0.8)  68 (  2.4%) |****
[      0.8:      0.9)  97 (  3.4%) |******
[      0.9:        1) 132 (  4.6%) |********
Router Stats: total_nets_routed: 8297 total_connections_routed: 20728 total_heap_pushes: 2744518 total_heap_pops: 982176 
Serial Connection Router is being destroyed. Time spent on path search: 0.489 seconds.
# Routing took 1.03 seconds (max_rss 99.9 MiB, delta_rss +0.0 MiB)

Checking to ensure routing is legal...
# Checking to ensure non-configurable edges are legal
# Checking to ensure non-configurable edges are legal took 0.00 seconds (max_rss 99.9 MiB, delta_rss +0.0 MiB)
Completed routing consistency check successfully.

Serial number (magic cookie) for the routing is: -300847171
Circuit successfully routed with a channel width factor of 90.
Incr Slack updates 50 in 0.0048806 sec
Full Max Req/Worst Slack updates 11 in 0.000300431 sec
Incr Max Req/Worst Slack updates 39 in 0.0013908 sec
Incr Criticality updates 25 in 0.00542595 sec
Full Criticality updates 25 in 0.00667211 sec
# Synchronize the packed netlist to routing optimization
## Annotating rr_node with routed nets
## Annotating rr_node with routed nets took 0.00 seconds (max_rss 99.9 MiB, delta_rss +0.0 MiB)
Found 3967 mismatches between routing and packing results.
Fixed 2553 routing traces due to mismatch between routing and packing results.
# Synchronize the packed netlist to routing optimization took 0.03 seconds (max_rss 99.9 MiB, delta_rss +0.0 MiB)
Final Clustering Statistics: 
----------   --------   ------------------------------------   --------------------------
Block Type   # Blocks   Avg. # of input clocks and pins used   Avg. # of output pins used
----------   --------   ------------------------------------   --------------------------
     EMPTY          0                                      0                            0   
        io         74                               0.486486                     0.513514   
       clb        112                                25.4196                      8.98214   
   dsp_top          0                                      0                            0   
    memory          0                                      0                            0   
Absorbed logical nets 1698 out of 2742 nets, 1044 nets not absorbed.


Average number of bends per net: 2.21806  Maximum # of bends: 64

Number of global nets: 3
Number of routed nets (nonglobal): 1041
Wire length results (in units of 1 clb segments)...
	Total wirelength: 17304, average net length: 16.6225
	Maximum net length: 480

Wire length results in terms of physical segments...
	Total wiring segments used: 4723, average wire segments per net: 4.53698
	Maximum segments used by a net: 140
	Total local nets with reserved CLB opins: 0
Total number of nets absorbed: 9

Routing channel utilization histogram:
[        1:      inf)  0 (  0.0%) |
[      0.9:        1) 16 (  4.7%) |********
[      0.8:      0.9) 57 ( 16.9%) |*****************************
[      0.7:      0.8) 96 ( 28.4%) |************************************************
[      0.5:      0.6) 42 ( 12.4%) |*********************
[      0.4:      0.5) 43 ( 12.7%) |**********************
[      0.3:      0.4) 31 (  9.2%) |****************
[      0.2:      0.3) 22 (  6.5%) |***********
[      0.1:      0.2)  5 (  1.5%) |***
[        0:      0.1) 26 (  7.7%) |*************
Maximum routing channel utilization:      0.97 at (8,0)

X - Directed channels: layer   y   max occ   ave occ   ave cap
                        ----- ---- -------- -------- --------
                            0    0       87   71.083       90
                            0    1       79   55.083       90
                            0    2       83   63.583       90
                            0    3       86   65.333       90
                            0    4       83   62.833       90
                            0    5       80   61.833       90
                            0    6       86   65.083       90
                            0    7       72   54.833       90
                            0    8       65   48.917       90
                            0    9       61   45.000       90
                            0   10       54   43.583       90
                            0   11       52   37.167       90
                            0   12       65   49.167       90
Y - Directed channels: layer   x   max occ   ave occ   ave cap
                        ----- ---- -------- -------- --------
                            0    0       48   34.083       90
                            0    1       42   27.833       90
                            0    2       43   30.500       90
                            0    3       64   52.250       90
                            0    4       71   58.833       90
                            0    5       64   54.500       90
                            0    6       77   57.167       90
                            0    7       80   68.333       90
                            0    8       81   71.000       90
                            0    9       79   69.917       90
                            0   10       79   64.000       90
                            0   11       74   57.750       90
                            0   12       87   72.333       90

Total existing wires segments: CHANX     14040, CHANY     14040, CHANZ         0, ALL     28080
Total used wires segments:     CHANX      8682, CHANY      8622, CHANZ         0, ALL     17304
Usage percentage:              CHANX     61.8%, CHANY     61.4%, CHANZ      0.0%, ALL     61.6%

Logic area (in minimum width transistor areas, excludes I/Os and empty grid tiles)...
	Total logic block area (Warning, need to add pitch of routing to blocks with height > 3): 4.93594e+06
	Total used logic block area: 3.12536e+06

Routing area (in minimum width transistor areas)...
	Total routing area: 1.30597e+06, per logic tile: 6663.10

Total Number of Wiring Segments by Direction: direction length number
                                              --------- ------ -------
                                                      X      4   3802
                                                      Y      4   3802
                                                      X     16    270
                                                      Y     16    270

X - Directed Wiring Segment usage by length: length utilization
                                             ------ -----------
                                             4        0.59
                                            16       0.389

Y - Directed Wiring Segment usage by length: length utilization
                                             ------ -----------
                                             4       0.601
                                            16       0.333

Segment occupancy by length: Length Occupancy Capacity Utilization
                             ------ --------- -------- -----------
                             L4          4528     7604       0.595
                             L16          195      540       0.361

Segment occupancy by type: name type utilization
                           ---- ---- -----------
                             L4    0       0.595
                            L16    1       0.361

Final hold Worst Negative Slack (hWNS): 0 ns
Final hold Total Negative Slack (hTNS): 0 ns
Final hold Worst Skew (hWS): 0 ns

Final hold slack histogram:
[  1.9e-10:  4.2e-10) 827 ( 89.0%) |***********************************************
[  4.2e-10:  6.5e-10)  25 (  2.7%) |*
[  6.5e-10:  8.7e-10)  31 (  3.3%) |**
[  8.7e-10:  1.1e-09)  21 (  2.3%) |*
[  1.1e-09:  1.3e-09)  16 (  1.7%) |*
[  1.3e-09:  1.5e-09)   4 (  0.4%) |
[  1.5e-09:  1.8e-09)   1 (  0.1%) |
[  1.8e-09:    2e-09)   0 (  0.0%) |
[    2e-09:  2.2e-09)   3 (  0.3%) |
[  2.2e-09:  2.4e-09)   1 (  0.1%) |

Final critical path delay (least slack): 10.6441 ns, Fmax: 93.9489 MHz
Final critical path skew: -0.04243 ns
Final setup Worst Negative Slack (sWNS): -10.6441 ns
Final setup Total Negative Slack (sTNS): -3633.27 ns
Final setup Worst Skew (sWS): -0.04243 ns

Final setup slack histogram:
[ -1.1e-08: -9.6e-09)  15 (  1.6%) |**
[ -9.6e-09: -8.6e-09)  10 (  1.1%) |*
[ -8.6e-09: -7.6e-09)   4 (  0.4%) |
[ -7.6e-09: -6.6e-09)   8 (  0.9%) |*
[ -6.6e-09: -5.6e-09)  23 (  2.5%) |**
[ -5.6e-09: -4.6e-09)  97 ( 10.4%) |***********
[ -4.6e-09: -3.5e-09) 434 ( 46.7%) |***********************************************
[ -3.5e-09: -2.5e-09) 272 ( 29.3%) |*****************************
[ -2.5e-09: -1.5e-09)  27 (  2.9%) |***
[ -1.5e-09: -4.9e-10)  39 (  4.2%) |****

Final geomean non-virtual intra-domain period: 10.6441 ns (93.9489 MHz)
Final fanout-weighted geomean non-virtual intra-domain period: 10.6441 ns (93.9489 MHz)

Incr Slack updates 1 in 9.5327e-05 sec
Full Max Req/Worst Slack updates 1 in 2.8164e-05 sec
Incr Max Req/Worst Slack updates 0 in 0 sec
Incr Criticality updates 0 in 0 sec
Full Criticality updates 1 in 0.000258745 sec
Flow timing analysis took 0.971778 seconds (0.888872 STA, 0.0829064 slack) (144 full updates: 93 setup, 0 hold, 51 combined).
VPR succeeded
The entire flow of VPR took 5.28 seconds (max_rss 99.9 MiB)

