VPR FPGA Placement and Routing.
Version: 9.0.0-dev+v8.0.0-18248-g40f8d19708
Revision: v8.0.0-18248-g40f8d19708
Compiled: 2026-09-22T03:43:48
Compiler: GNU 13.3.0 on Linux-5.15.0-119-generic x86_64
Build Info: release IPO VTR_ASSERT_LEVEL=2

University of Toronto
verilogtorouting.org
vtr-users@googlegroups.com
This is free open source code under MIT license.

VPR was run with the following command-line:
/inspire/hdd/project/project-public/changshunjie-253114010247/changshunjie-253114010247/workspace/DAC2027/vtr/vtr-verilog-to-routing/vpr/vpr /inspire/hdd/project/project-public/changshunjie-253114010247/changshunjie-253114010247/workspace/DAC2027/vtr/vtr-verilog-to-routing/vtr_flow/arch/COFFE_22nm/k6FracN10LB_mem20K_complexDSP_customSB_22nm.xml /inspire/hdd/project/project-public/changshunjie-253114010247/changshunjie-253114010247/workspace/DAC2027/TailCompile/experiments/vtr/runs/pilot_v1/attention_layer/full-seed1-w300/attention_layer.pre-vpr.blif --analytical_place --route --analysis --ap_full_legalizer flat-recon --ap_detailed_placer annealer --seed 11 --route_chan_width 140 --write_flat_place /inspire/hdd/project/project-public/changshunjie-253114010247/changshunjie-253114010247/workspace/DAC2027/TailCompile/vtr_work/tailcompile_v3/attention_layer/4x4/gnn_candidate-fp1d18d50f-flat-recon-annealer-seed11-w140-devw88/post_route.fplace --write_legalized_flat_place /inspire/hdd/project/project-public/changshunjie-253114010247/changshunjie-253114010247/workspace/DAC2027/TailCompile/vtr_work/tailcompile_v3/attention_layer/4x4/gnn_candidate-fp1d18d50f-flat-recon-annealer-seed11-w140-devw88/post_legalizer.fplace --flat_place_verbosity 1 --device_width 88 --net_file /inspire/hdd/project/project-public/changshunjie-253114010247/changshunjie-253114010247/workspace/DAC2027/TailCompile/vtr_work/tailcompile_v3/attention_layer/4x4/gnn_candidate-fp1d18d50f-flat-recon-annealer-seed11-w140-devw88/attention_layer.locked-input.net --read_flat_place /inspire/hdd/global_user/changshunjie-253114010247/workspace/DAC2027/TailCompile/experiments/vtr/tailcompile_v3/attention_layer/4x4/pools/bootstrap_24/candidate_12_seed13039.fplace

Using up to 1 parallel worker(s)

Architecture file: /inspire/hdd/project/project-public/changshunjie-253114010247/changshunjie-253114010247/workspace/DAC2027/vtr/vtr-verilog-to-routing/vtr_flow/arch/COFFE_22nm/k6FracN10LB_mem20K_complexDSP_customSB_22nm.xml
Circuit name: attention_layer.pre-vpr

# Loading Architecture Description
# Loading Architecture Description took 0.03 seconds (max_rss 31.6 MiB, delta_rss +0.0 MiB)

Timing analysis: ON
Circuit netlist file: /inspire/hdd/project/project-public/changshunjie-253114010247/changshunjie-253114010247/workspace/DAC2027/TailCompile/vtr_work/tailcompile_v3/attention_layer/4x4/gnn_candidate-fp1d18d50f-flat-recon-annealer-seed11-w140-devw88/attention_layer.locked-input.net
Circuit placement file: attention_layer.pre-vpr.place
Circuit routing file: attention_layer.pre-vpr.route
Circuit SDC file: attention_layer.pre-vpr.sdc
Vpr floorplanning constraints file: not specified

Packer: DISABLED
Placer: DISABLED
Analytical Placer: ENABLED
Router: ENABLED
Analysis: ENABLED

VPR was run with the following options:

netlist_opts.absorb_buffer_luts            : true
netlist_opts.sweep_dangling_primary_ios    : true
netlist_opts.sweep_dangling_nets           : true
netlist_opts.sweep_dangling_blocks         : true
netlist_opts.sweep_constant_primary_outputs: false
netlist_opts.netlist_verbosity             : 1
netlist_opts.const_gen_inference           : COMB_SEQ

AnalyticalPlacerOpts.analytical_solver_type: lp-b2b
AnalyticalPlacerOpts.partial_legalizer_type: bipartitioning
AnalyticalPlacerOpts.full_legalizer_type: flat-recon
AnalyticalPlacerOpts.detailed_placer_type: annealer
AnalyticalPlacerOpts.ap_timing_tradeoff: 0.500000
AnalyticalPlacerOpts.ap_high_fanout_threshold: 256
AnalyticalPlacerOpts.log_verbosity: 1
router_opts.route_type: DETAILED
router_opts.flat_routing: false
router_opts.choke_points: on
router_opts.router_algorithm: TIMING_DRIVEN
router_opts.base_cost_type: DELAY_NORMALIZED_LENGTH
router_opts.fixed_channel_width: 140
router_opts.check_route: FULL
router_opts.acc_fac: 1.000000
router_opts.bb_factor: 3
router_opts.bend_cost: 0.000000
router_opts.first_iter_pres_fac: 0.000000
router_opts.initial_pres_fac: 0.500000
router_opts.pres_fac_mult: 1.300000
router_opts.max_pres_fac: 1000.000000
router_opts.max_router_iterations: 50
router_opts.min_incremental_reroute_fanout: 16
router_opts.initial_acc_cost_chan_congestion_threshold: 0.500000
router_opts.initial_acc_cost_chan_congestion_weight: 0.500000
router_opts.do_check_rr_graph: true
router_opts.verify_binary_search: false
router_opts.min_channel_width_hint: 0
router_opts.read_rr_edge_metadata: false
router_opts.exit_after_first_routing_iteration: false
router_opts.astar_fac: 1.200000
router_opts.astar_offset: 0.000000
router_opts.router_profiler_astar_fac: 1.200000
router_opts.enable_parallel_connection_router: false
router_opts.post_target_prune_fac: 1.200000
router_opts.post_target_prune_offset: 0
router_opts.multi_queue_num_threads: 1
router_opts.multi_queue_num_queues: 2
router_opts.multi_queue_direct_draining: false
router_opts.criticality_exp: 1.000000
router_opts.max_criticality: 0.990000
router_opts.init_wirelength_abort_threshold: 0.850000
router_opts.incr_reroute_delay_ripup: AUTO
router_opts.save_routing_per_iteration: false
router_opts.congested_routing_iteration_threshold_frac: 1.000000
router_opts.high_fanout_threshold: 64
router_opts.router_debug_net: -2
router_opts.router_debug_sink_rr: -2
router_opts.router_debug_iteration: -2
router_opts.max_convergence_count: 1
router_opts.reconvergence_cpd_threshold: 0.990000
router_opts.update_lower_bound_delays: true
router_opts.first_iteration_timing_report_file: 
router_opts.route_bb_update: DYNAMIC
router_opts.lookahead_type: MAP
router_opts.initial_timing: LOOKAHEAD
router_opts.router_heap: FOUR_ARY_HEAP
router_opts.routing_failure_predictor = SAFE
router_opts.routing_predictor_min_history: 8
router_opts.routing_budgets_algorithm = DISABLE

analysis_opts.gen_post_synthesis_netlist: false
analysis_opts.gen_post_implementation_merged_netlist: false
analysis_opts.gen_post_implementation_sdc: false
analysis_opts.timing_report_npaths: 100
analysis_opts.timing_report_skew: false
analysis_opts.echo_dot_timing_graph_node: -1
analysis_opts.timing_report_detail: NETLIST
analysis_opts.post_synth_netlist_unconn_input_handling: UNCONNECTED
analysis_opts.post_synth_netlist_unconn_output_handling: UNCONNECTED
analysis_opts.post_synth_netlist_module_parameters: on

# Building complex block graph
# Building complex block graph took 0.09 seconds (max_rss 31.6 MiB, delta_rss +0.0 MiB)
Circuit file: /inspire/hdd/project/project-public/changshunjie-253114010247/changshunjie-253114010247/workspace/DAC2027/TailCompile/experiments/vtr/runs/pilot_v1/attention_layer/full-seed1-w300/attention_layer.pre-vpr.blif
# Load circuit
Found 4 constant generator(s) in the netlist (2 constant-zero, 2 constant-one) (run with --netlist_verbosity 2 to list names)
# Load circuit took 0.57 seconds (max_rss 134.2 MiB, delta_rss +102.6 MiB)
# Clean circuit
Absorbed 7975 LUT buffers
Found 1090 primitive output pin(s) driven only by constants; marked them as constants
Swept input(s)      : 7
Swept output(s)     : 0 (0 dangling, 0 constant)
Swept net(s)        : 10126
Swept block(s)      : 33
Constant Pins Marked: 1090
# Clean circuit took 0.13 seconds (max_rss 134.2 MiB, delta_rss +0.0 MiB)
# Compress circuit
# Compress circuit took 0.07 seconds (max_rss 134.2 MiB, delta_rss +0.0 MiB)
# Verify circuit
# Verify circuit took 0.02 seconds (max_rss 134.2 MiB, delta_rss +0.0 MiB)
Circuit Statistics:
  Blocks: 40113
    .input            :    1052
    .latch            :    8844
    .names            :   17218
        0-LUT:       3
        1-LUT:    5989
        2-LUT:     920
        3-LUT:    4530
        4-LUT:    3023
        5-LUT:    1163
        6-LUT:    1590
    .output           :      32
    adder             :    9150
    addition_fp_clk_16:       1
    dual_port_ram     :    3680
    multiply          :     136
  Nets  : 50065
    Avg Fanout:     2.9
    Max Fanout: 12525.0
    Min Fanout:     1.0
  Netlist Clocks: 1
# Build Timing Graph
  Timing Graph Nodes: 245193
  Timing Graph Edges: 446068
  Timing Graph Levels: 66
# Build Timing Graph took 0.25 seconds (max_rss 202.3 MiB, delta_rss +63.6 MiB)
Netlist contains 1 clocks
  Netlist Clock 'clk' Fanout: 12525 pins (6.5%), 12525 blocks (31.2%)
# Load Timing Constraints

SDC file 'attention_layer.pre-vpr.sdc' not found
Setting default timing constraints:
   * constrain all primary inputs and primary outputs on netlist clock 'clk'
   * optimize netlist clock to run as fast as possible
Timing constraints created 1 clocks
  Constrained Clock 'clk' Source: 'clk.inpad[0]'

# Load Timing Constraints took 0.00 seconds (max_rss 202.3 MiB, delta_rss +0.0 MiB)
# Analytical Placement
## Prepacker

There is one chain in this architecture called "chain" with the following starting points:
	clb[0]/lab[0]/fle[0]/ble5[0]/arithmetic[0]/adder[0].cin[0]

## Prepacker took 0.04 seconds (max_rss 202.3 MiB, delta_rss +0.0 MiB)
## Initializing Pre-Cluster Timing
Using inter-cluster delay: 2.1832e-09
## Initializing Pre-Cluster Timing took 0.40 seconds (max_rss 207.5 MiB, delta_rss +5.2 MiB)
## Estimate Device Size
Device layout 'auto' with fixed width 88.
FPGA sized to 88 x 88: 7744 grid tiles (auto)
## Estimate Device Size took 0.00 seconds (max_rss 207.5 MiB, delta_rss +0.0 MiB)
## Ram Mapper
Flat Placement is provided, skipping the RAM mapping.
## Ram Mapper took 0.00 seconds (max_rss 207.5 MiB, delta_rss +0.0 MiB)
## Read Atom Netlist to AP Netlist
## Read Atom Netlist to AP Netlist took 0.29 seconds (max_rss 276.7 MiB, delta_rss +69.2 MiB)
Analytical Placement Netlist Statistics:
	AP Blocks: 25061
		Moveable AP Blocks: 25061
		Fixed AP Blocks: 0
	AP Nets: 34982
		Average Fanout: 2.94
		Highest Fanout: 257
	AP Pins: 193913

## Computing placement delta delay look-up
### Build routing resource graph
### Build routing resource graph took 5.00 seconds (max_rss 734.3 MiB, delta_rss +457.6 MiB)
  RR Graph Nodes: 1616436
  RR Graph Edges: 15321730
### Computing router lookahead map
#### Computing wire lookahead
#### Computing wire lookahead took 5.69 seconds (max_rss 734.3 MiB, delta_rss +0.0 MiB)
#### Computing src/opin lookahead
Warning 1: Found no more sample locations for SOURCE in io
Warning 2: Found no more sample locations for OPIN in io
Warning 3: Found no more sample locations for SOURCE in clb
Warning 4: Found no more sample locations for OPIN in clb
Warning 5: Found no more sample locations for SOURCE in dsp_top
Warning 6: Found no more sample locations for OPIN in dsp_top
Warning 7: Found no more sample locations for SOURCE in memory
Warning 8: Found no more sample locations for OPIN in memory
#### Computing src/opin lookahead took 0.19 seconds (max_rss 734.3 MiB, delta_rss +0.0 MiB)
### Computing router lookahead map took 5.91 seconds (max_rss 734.3 MiB, delta_rss +0.0 MiB)
Serial Connection Router is being destroyed. Time spent on path search: 0.000 seconds.
## Computing placement delta delay look-up took 11.20 seconds (max_rss 734.3 MiB, delta_rss +457.6 MiB)
Flat Placement is provided in the AP flow, skipping the Global Placement.
0 of 25061 molecules placed at device center (no atoms of these molecules found in flat placement).
## AP Full Legalizer
### Creating Clusters
Device (width, height): (88,88)
#### Sorting and Grouping Blocks by Tile
#### Sorting and Grouping Blocks by Tile took 0.01 seconds (max_rss 734.3 MiB, delta_rss +0.0 MiB)
#### Reconstruction Pass Clustering
#### Reconstruction Pass Clustering took 58.23 seconds (max_rss 734.3 MiB, delta_rss +0.0 MiB)
#### Orphan Window Clustering with search radius 8
#### Orphan Window Clustering with search radius 8 took 0.02 seconds (max_rss 734.3 MiB, delta_rss +0.0 MiB)
FPGA sized to 88 x 88: 7744 grid tiles (auto)
Device Utilization: 0.28 (target 1.00)
	Block Utilization: 0.39 Type: io
	Block Utilization: 0.19 Type: clb
	Block Utilization: 0.85 Type: dsp_top
	Block Utilization: 0.75 Type: memory

----------------------------------------------------------------
                       Clustering Summary                       
----------------------------------------------------------------
Clusters created (Self Clustering)                       : 2605
    dsp_top    : 107
    memory     : 194
    clb        : 1220
    io         : 1084
Clusters created (Orphan Window Clustering)              : 13
    clb        : 13
Total clusters                                           : 2618
Percent of clusters created in Orphan Window Clustering  : 0.50%
Molecules clustered in each stage breakdown  : (Total of 25061)
	Self Clustering          (0.998963)  : 25035
 	Neighbor Clustering      (0.000000)  : 0
	Orphan Window Clustering (0.001037)  : 26
----------------------------------------------------------------

Final Clustering Statistics: 
----------   --------   ------------------------------------   --------------------------
Block Type   # Blocks   Avg. # of input clocks and pins used   Avg. # of output pins used
----------   --------   ------------------------------------   --------------------------
     EMPTY          0                                      0                            0   
        io       1084                              0.0295203                      0.97048   
       clb       1233                                27.9919                      15.3877   
   dsp_top        107                                40.9813                      20.1869   
    memory        194                                49.6598                      18.9691   
Absorbed logical nets 24200 out of 50065 nets, 25865 nets not absorbed.
#### Load packing
##### Loading packed FPGA netlist file.
Netlist generated from file '/inspire/hdd/project/project-public/changshunjie-253114010247/changshunjie-253114010247/workspace/DAC2027/TailCompile/vtr_work/tailcompile_v3/attention_layer/4x4/gnn_candidate-fp1d18d50f-flat-recon-annealer-seed11-w140-devw88/attention_layer.locked-input.net'.
Detected 3 constant generators (to see names run with higher pack verbosity)
##### Loading packed FPGA netlist file. took 2.06 seconds (max_rss 774.2 MiB, delta_rss +39.9 MiB)
Warning 9: Treated 2 constant nets as global which will not be routed (to see net names increase packer verbosity).
Netlist contains 5542 global net to non-global architecture pin connections
Found 2 logic block(s) with only 1 output pin and no inputs; they may be constant generators (run with --pack_verbosity 3 to list them)
Completed clustering consistency check successfully.
Cluster level netlist and block usage statistics
Netlist num_nets: 25865
Netlist num_blocks: 2618
Netlist EMPTY blocks: 0.
Netlist io blocks: 1084.
Netlist clb blocks: 1233.
Netlist dsp_top blocks: 107.
Netlist memory blocks: 194.
Netlist inputs pins: 1052
Netlist output pins: 32

Pb types usage...
  io                   : 1084
   inpad               : 1052
   outpad              : 32
  clb                  : 1233
   lab                 : 1233
    fle                : 11238
     ble5              : 19054
      flut5            : 9904
       lut5            : 9613
        lut            : 9613
       ff              : 8130
      arithmetic       : 9150
       lut4            : 6015
        lut            : 6015
       adder           : 9150
     ble6              : 1590
      lut6             : 1590
       lut             : 1590
      ff               : 714
  dsp_top              : 107
   dsp                 : 107
    dsp_pb             : 107
     two_mult_18x19    : 136
      mult_18x19       : 136
     adder_fp16        : 1
  memory               : 194
   mem_1024x20_dp      : 194
    memory_slice       : 3680

#### Load packing took 2.43 seconds (max_rss 774.2 MiB, delta_rss +39.9 MiB)
Netlist contains 5542 global net to non-global architecture pin connections
Found 2 logic block(s) with only 1 output pin and no inputs; they may be constant generators (run with --pack_verbosity 3 to list them)
Cluster level netlist and block usage statistics
Netlist num_nets: 25865
Netlist num_blocks: 2618
Netlist EMPTY blocks: 0.
Netlist io blocks: 1084.
Netlist clb blocks: 1233.
Netlist dsp_top blocks: 107.
Netlist memory blocks: 194.
Netlist inputs pins: 1052
Netlist output pins: 32
### Creating Clusters took 61.89 seconds (max_rss 774.2 MiB, delta_rss +39.9 MiB)
Completed clustering consistency check successfully.
FPGA sized to 88 x 88: 7744 grid tiles (auto)
### Compressed grid construction
### Compressed grid construction took 0.00 seconds (max_rss 774.2 MiB, delta_rss +0.0 MiB)
### Initial Placement
Placing clusters that are part of larger macros...
Number of blocks to be placed: 16
Max distance on device: 176
---- ---------- ---------- -------------
Pass Max Displ. Num Blocks Num Blocks   
     Threshold  Placed     Left Unplaced
---- ---------- ---------- -------------
   0          0         14             2
   1          1          2             0

Placing general clusters...
Number of blocks to be placed: 2602
Max distance on device: 176
---- ---------- ---------- -------------
Pass Max Displ. Num Blocks Num Blocks   
     Threshold  Placed     Left Unplaced
---- ---------- ---------- -------------
   0          0       2586            16
   1          1          4            12
   2          2          7             5
   3          4          5             0

### Initial Placement took 0.01 seconds (max_rss 774.2 MiB, delta_rss +0.0 MiB)
Flat Placement Reconstruction Info:
	Percent of clusters with reconstruction errors: 0.267380
	Total displacement of initial placement from flat placement: 17177.000000
	Average atom displacement of initial placement from flat placement: 0.428215
	Max atom displacement of initial placement from flat placement: 71.000000
	Percent of atoms misplaced from the flat placement: 1.822352
## AP Full Legalizer took 62.20 seconds (max_rss 774.2 MiB, delta_rss +39.9 MiB)

Resource usage...
	Netlist
		1084	blocks of type: io
	Architecture
		2752	blocks of type: io
	Netlist
		1233	blocks of type: clb
	Architecture
		6376	blocks of type: clb
	Netlist
		107	blocks of type: dsp_top
	Architecture
		126	blocks of type: dsp_top
	Netlist
		194	blocks of type: memory
	Architecture
		258	blocks of type: memory

Device Utilization: 0.28 (target 1.00)
	Physical Tile io:
	Block Utilization: 0.39 Logical Block: io
	Physical Tile clb:
	Block Utilization: 0.19 Logical Block: clb
	Physical Tile dsp_top:
	Block Utilization: 0.85 Logical Block: dsp_top
	Physical Tile memory:
	Block Utilization: 0.75 Logical Block: memory

## Computing placement delta delay look-up
RR graph channel widths unchanged, skipping RR graph rebuild
Serial Connection Router is being destroyed. Time spent on path search: 0.000 seconds.
## Computing placement delta delay look-up took 0.02 seconds (max_rss 774.2 MiB, delta_rss +0.0 MiB)
Using simple RL 'Softmax agent' for choosing move and block types

Completed placement consistency check successfully.
Initial placement cost: 1 bb_cost: 7544.96 td_cost: 1.70502e-05
Initial placement BB estimate of wirelength: 1.0556e+06
Initial placement estimated Critical Path Delay (CPD): 16.4235 ns
Initial placement estimated setup Total Negative Slack (sTNS): -127855 ns
Initial placement estimated setup Worst Negative Slack (sWNS): -16.4235 ns

Initial placement estimated setup slack histogram:
[ -1.6e-08: -1.5e-08)     2 (  0.0%) |
[ -1.5e-08: -1.3e-08)    13 (  0.0%) |
[ -1.3e-08: -1.2e-08)    37 (  0.1%) |
[ -1.2e-08: -9.9e-09)   153 (  0.3%) |
[ -9.9e-09: -8.3e-09)   313 (  0.6%) |
[ -8.3e-09: -6.7e-09)   845 (  1.6%) |*
[ -6.7e-09: -5.1e-09)  1465 (  2.8%) |**
[ -5.1e-09: -3.4e-09)  3320 (  6.3%) |*****
[ -3.4e-09: -1.8e-09) 29657 ( 56.2%) |*********************************************
[ -1.8e-09: -1.9e-10) 16957 ( 32.1%) |**************************
Placement contains 8 placement macros involving 16 blocks (average macro size 2.000000)

Moves per temperature: 18036
## AP Detailed Placer

---- ------ ------- ------- ---------- ---------- ------- ---------- -------- ------- ------- ------ -------- --------- ------
Tnum  Time     T    AvCost  Av BB Cost Av TD Cost   CPD      sTNS      sWNS   AcRate  StdDev  R lim  CritExp  TotMoves  Alpha 
     (sec)                                          (ns)     (ns)      (ns)                                                   
---- ------ ------- ------- ---------- ---------- ------- ---------- -------- ------- ------- ------ -------- --------- ------
   1    0.2 7.8e-04   0.997    6374.81 1.3883e-05  15.657  -1.16e+05  -15.657   0.832  0.0156   87.0     1.00      18036  1.000
   2    0.2 7.0e-04   0.963    6146.85 1.748e-05   12.389   -1.2e+05  -12.389   0.828  0.0124   87.0     1.00      36072  0.900
   3    0.2 6.3e-04   0.970    5930.39 1.7087e-05  12.232  -1.18e+05  -12.232   0.810  0.0147   87.0     1.00      54108  0.900
   4    0.2 5.7e-04   0.979    5786.11 1.5534e-05  12.890  -1.18e+05  -12.890   0.804  0.0084   87.0     1.00      72144  0.900
   5    0.2 5.1e-04   0.979    5646.78 1.6834e-05  11.928  -1.18e+05  -11.928   0.787  0.0121   87.0     1.00      90180  0.900
   6    0.2 4.9e-04   0.950    5224.56 1.616e-05   11.811  -1.21e+05  -11.811   0.771  0.0199   87.0     1.00     108216  0.950
   7    0.2 4.6e-04   0.961    4952.92 1.5641e-05  11.692  -1.15e+05  -11.692   0.763  0.0176   87.0     1.00     126252  0.950
   8    0.2 4.4e-04   0.966    4715.97 1.6173e-05  10.954  -1.17e+05  -10.954   0.756  0.0138   87.0     1.00     144288  0.950
   9    0.2 4.2e-04   0.960    4428.49 1.3824e-05  12.264  -1.12e+05  -12.264   0.737  0.0187   87.0     1.00     162324  0.950
  10    0.2 4.0e-04   0.968    4152.55 1.3355e-05  12.161  -1.13e+05  -12.161   0.731  0.0194   87.0     1.00     180360  0.950
  11    0.2 3.8e-04   0.972    3834.41 1.3897e-05  11.092  -1.09e+05  -11.092   0.715  0.0155   87.0     1.00     198396  0.950
  12    0.2 3.6e-04   0.979    3679.59 1.5294e-05   9.885  -1.09e+05   -9.885   0.705  0.0066   87.0     1.00     216432  0.950
  13    0.2 3.4e-04   0.971    3570.46 1.4878e-05  10.062   -1.1e+05  -10.062   0.692  0.0140   87.0     1.00     234468  0.950
  14    0.2 3.2e-04   0.988    3458.72 1.4792e-05   9.889  -1.08e+05   -9.889   0.683  0.0058   87.0     1.00     252504  0.950
  15    0.2 3.1e-04   0.977    3355.24 1.3022e-05  11.123  -1.12e+05  -11.123   0.685  0.0069   87.0     1.00     270540  0.950
  16    0.2 2.9e-04   0.971    3253.47 1.4604e-05   9.725  -1.07e+05   -9.725   0.678  0.0099   87.0     1.00     288576  0.950
  17    0.2 2.8e-04   0.986    3212.82 1.4447e-05   9.768  -1.08e+05   -9.768   0.667  0.0098   87.0     1.00     306612  0.950
  18    0.2 2.6e-04   0.981    3137.86 1.4719e-05   9.361  -1.07e+05   -9.361   0.655  0.0074   87.0     1.00     324648  0.950
  19    0.2 2.5e-04   0.983    3049.33 1.4661e-05   9.242  -1.07e+05   -9.242   0.647  0.0085   87.0     1.00     342684  0.950
  20    0.2 2.4e-04   0.987    2971.67 1.2914e-05  10.423  -1.06e+05  -10.423   0.639  0.0060   87.0     1.00     360720  0.950
  21    0.2 2.3e-04   0.990    2940.10 1.4624e-05   9.100  -1.05e+05   -9.100   0.638  0.0048   87.0     1.00     378756  0.950
  22    0.2 2.1e-04   0.985    2873.77 1.3692e-05   9.701  -1.07e+05   -9.701   0.627  0.0050   87.0     1.00     396792  0.950
  23    0.2 2.0e-04   0.982    2825.25 1.3349e-05   9.782  -1.05e+05   -9.782   0.618  0.0062   87.0     1.00     414828  0.950
  24    0.2 1.9e-04   0.995    2797.49 1.3893e-05   9.308  -1.06e+05   -9.308   0.608  0.0035   87.0     1.00     432864  0.950
  25    0.2 1.8e-04   0.987    2751.75 1.2657e-05  10.089  -1.06e+05  -10.089   0.599  0.0058   87.0     1.00     450900  0.950
  26    0.2 1.7e-04   0.990    2698.72 1.3785e-05   9.173  -1.05e+05   -9.173   0.596  0.0034   87.0     1.00     468936  0.950
  27    0.2 1.7e-04   0.984    2652.93 1.3154e-05   9.502  -1.02e+05   -9.502   0.583  0.0074   87.0     1.00     486972  0.950
  28    0.2 1.6e-04   0.991    2623.09 1.3659e-05   9.081  -1.03e+05   -9.081   0.574  0.0032   87.0     1.00     505008  0.950
  29    0.2 1.5e-04   0.995    2610.70 1.4199e-05   8.707  -1.04e+05   -8.707   0.565  0.0020   87.0     1.00     523044  0.950
  30    0.2 1.4e-04   0.990    2589.54 1.3814e-05   8.935  -1.05e+05   -8.935   0.558  0.0051   87.0     1.00     541080  0.950
  31    0.2 1.3e-04   0.992    2557.86 1.337e-05    9.115  -1.05e+05   -9.115   0.547  0.0022   87.0     1.00     559116  0.950
  32    0.2 1.3e-04   0.990    2541.13 1.2268e-05   9.876  -1.03e+05   -9.876   0.538  0.0046   87.0     1.00     577152  0.950
  33    0.2 1.2e-04   0.986    2509.38 1.3292e-05   9.088  -1.03e+05   -9.088   0.525  0.0055   87.0     1.00     595188  0.950
  34    0.2 1.2e-04   0.992    2483.05 1.3035e-05   9.156  -1.03e+05   -9.156   0.515  0.0029   87.0     1.00     613224  0.950
  35    0.2 1.1e-04   0.995    2470.40 1.3869e-05   8.572  -1.03e+05   -8.572   0.503  0.0021   87.0     1.00     631260  0.950
  36    0.2 1.0e-04   0.991    2448.16 1.281e-05    9.236  -1.02e+05   -9.236   0.495  0.0035   87.0     1.00     649296  0.950
  37    0.2 9.9e-05   0.986    2408.66 1.351e-05    8.690  -1.03e+05   -8.690   0.481  0.0057   87.0     1.00     667332  0.950
  38    0.2 9.4e-05   0.993    2377.15 1.3079e-05   8.905  -1.02e+05   -8.905   0.467  0.0031   87.0     1.00     685368  0.950
  39    0.2 8.9e-05   0.993    2366.26 1.328e-05    8.725  -1.03e+05   -8.725   0.450  0.0026   87.0     1.00     703404  0.950
  40    0.2 8.5e-05   0.988    2348.22 1.2377e-05   9.326  -1.03e+05   -9.326   0.450  0.0041   87.0     1.00     721440  0.950
  41    0.2 8.1e-05   0.991    2330.54 1.3288e-05   8.608  -1.03e+05   -8.608   0.438  0.0039   87.0     1.00     739476  0.950
  42    0.2 7.7e-05   0.991    2299.63 1.2865e-05   8.710  -1.02e+05   -8.710   0.427  0.0043   86.9     1.01     757512  0.950
  43    0.2 7.3e-05   0.991    2289.12 1.1487e-05   8.916  -1.02e+05   -8.916   0.409  0.0041   85.7     1.11     775548  0.950
  44    0.2 6.9e-05   0.992    2275.70 9.3954e-06   8.990  -1.02e+05   -8.990   0.401  0.0029   83.1     1.32     793584  0.950
  45    0.2 6.6e-05   0.990    2261.05 7.7289e-06   8.879  -1.02e+05   -8.879   0.398  0.0046   79.8     1.58     811620  0.950
  46    0.2 6.2e-05   0.990    2237.38 6.4997e-06   8.686  -1.04e+05   -8.686   0.385  0.0037   76.5     1.85     829656  0.950
  47    0.2 5.9e-05   0.993    2225.74 5.717e-06    8.274  -1.01e+05   -8.274   0.376  0.0026   72.3     2.19     847692  0.950
  48    0.2 5.6e-05   0.989    2208.13 4.0166e-06   8.684  -1.02e+05   -8.684   0.374  0.0058   67.7     2.57     865728  0.950
  49    0.2 5.4e-05   0.993    2181.11 3.3989e-06   8.475  -1.01e+05   -8.475   0.361  0.0027   63.3     2.93     883764  0.950
  50    0.2 5.1e-05   0.993    2169.73 2.6946e-06   8.446  -1.04e+05   -8.446   0.341  0.0026   58.3     3.34     901800  0.950
  51    0.2 4.8e-05   0.994    2159.44 2.5645e-06   8.002  -1.05e+05   -8.002   0.339  0.0031   52.5     3.81     919836  0.950
  52    0.2 4.6e-05   0.996    2138.83 1.9367e-06   8.151  -1.04e+05   -8.151   0.331  0.0025   47.2     4.24     937872  0.950
  53    0.2 4.4e-05   0.995    2122.32 1.5712e-06   8.155  -1.08e+05   -8.155   0.325  0.0025   42.1     4.66     955908  0.950
  54    0.2 4.1e-05   0.996    2115.24 1.5262e-06   7.962  -1.04e+05   -7.962   0.315  0.0017   37.2     5.05     973944  0.950
  55    0.2 3.9e-05   0.994    2109.85 1.3315e-06   7.909  -1.05e+05   -7.909   0.313  0.0024   32.6     5.43     991980  0.950
  56    0.2 3.7e-05   0.995    2103.71 1.1014e-06   7.962  -1.06e+05   -7.962   0.304  0.0027   28.4     5.77    1010016  0.950
  57    0.2 3.6e-05   0.993    2085.15 9.9949e-07   7.909  -1.06e+05   -7.909   0.299  0.0041   24.6     6.08    1028052  0.950
  58    0.2 3.4e-05   0.995    2068.72 8.6171e-07   8.002  -1.06e+05   -8.002   0.289  0.0024   21.1     6.36    1046088  0.950
  59    0.2 3.2e-05   0.996    2067.44 7.4912e-07   8.002  -1.06e+05   -8.002   0.287  0.0020   17.9     6.62    1064124  0.950
  60    0.2 3.0e-05   0.995    2062.35 7.1898e-07   8.002  -1.05e+05   -8.002   0.286  0.0023   15.2     6.85    1082160  0.950
  61    0.2 2.9e-05   0.990    2038.88 4.8797e-07   8.358  -1.07e+05   -8.358   0.302  0.0046   12.8     7.04    1100196  0.950
  62    0.2 2.8e-05   0.995    2017.57 6.1189e-07   7.952  -1.06e+05   -7.952   0.292  0.0023   11.1     7.18    1118232  0.950
  63    0.2 2.6e-05   0.997    2006.28 5.5235e-07   8.002  -1.06e+05   -8.002   0.276  0.0020    9.4     7.31    1136268  0.950
  64    0.2 2.5e-05   0.997    1994.13 5.179e-07    8.002  -1.06e+05   -8.002   0.270  0.0012    7.9     7.44    1154304  0.950
  65    0.2 2.4e-05   0.997    1986.33 5.004e-07    8.002  -1.07e+05   -8.002   0.267  0.0013    6.5     7.55    1172340  0.950
  66    0.2 2.2e-05   0.996    1977.21 4.8536e-07   8.002  -1.07e+05   -8.002   0.263  0.0015    5.4     7.64    1190376  0.950
  67    0.2 2.1e-05   0.998    1969.35 4.8997e-07   7.939  -1.07e+05   -7.939   0.255  0.0009    4.5     7.72    1208412  0.950
  68    0.2 2.0e-05   0.998    1964.29 4.8938e-07   7.939  -1.08e+05   -7.939   0.254  0.0008    3.6     7.79    1226448  0.950
  69    0.2 1.9e-05   0.996    1956.80 4.3179e-07   8.036  -1.07e+05   -8.036   0.266  0.0017    3.0     7.84    1244484  0.950
  70    0.2 1.8e-05   0.999    1951.30 4.6247e-07   7.943  -1.06e+05   -7.943   0.258  0.0010    2.4     7.88    1262520  0.950
  71    0.2 1.7e-05   0.998    1943.46 4.5752e-07   7.939  -1.06e+05   -7.939   0.271  0.0009    2.0     7.92    1280556  0.950
  72    0.2 1.6e-05   0.998    1939.53 4.5487e-07   7.939  -1.05e+05   -7.939   0.260  0.0008    1.7     7.95    1298592  0.950
  73    0.2 1.6e-05   0.999    1933.63 4.0487e-07   8.036  -1.05e+05   -8.036   0.251  0.0006    1.4     7.97    1316628  0.950
  74    0.2 1.5e-05   0.999    1931.02 4.7128e-07   7.879  -1.05e+05   -7.879   0.239  0.0006    1.1     7.99    1334664  0.950
  75    0.2 1.4e-05   1.000    1930.63 4.4279e-07   7.939  -1.05e+05   -7.939   0.237  0.0005    1.0     8.00    1352700  0.950
  76    0.2 1.3e-05   0.998    1926.51 4.0389e-07   8.036  -1.06e+05   -8.036   0.228  0.0009    1.0     8.00    1370736  0.950
  77    0.2 1.3e-05   0.999    1923.13 3.9852e-07   8.036  -1.05e+05   -8.036   0.220  0.0007    1.0     8.00    1388772  0.950
  78    0.2 1.2e-05   0.999    1920.79 4.2703e-07   7.943  -1.05e+05   -7.943   0.212  0.0005    1.0     8.00    1406808  0.950
  79    0.2 1.2e-05   0.999    1919.41 3.919e-07    8.036  -1.05e+05   -8.036   0.212  0.0005    1.0     8.00    1424844  0.950
  80    0.2 1.1e-05   0.999    1917.95 4.267e-07    7.939  -1.06e+05   -7.939   0.206  0.0004    1.0     8.00    1442880  0.950
  81    0.2 1.0e-05   0.999    1915.21 4.3279e-07   7.939  -1.05e+05   -7.939   0.203  0.0006    1.0     8.00    1460916  0.950
  82    0.2 9.9e-06   0.999    1911.82 4.2701e-07   7.939  -1.05e+05   -7.939   0.194  0.0004    1.0     8.00    1478952  0.950
  83    0.2 9.4e-06   0.999    1909.52 3.9118e-07   8.036  -1.06e+05   -8.036   0.198  0.0005    1.0     8.00    1496988  0.950
  84    0.2 8.9e-06   0.999    1906.52 4.2196e-07   7.943  -1.06e+05   -7.943   0.189  0.0005    1.0     8.00    1515024  0.950
  85    0.2 8.5e-06   0.999    1905.07 4.2652e-07   7.939  -1.05e+05   -7.939   0.185  0.0003    1.0     8.00    1533060  0.950
  86    0.2 8.0e-06   0.999    1904.32 4.2298e-07   7.939  -1.05e+05   -7.939   0.189  0.0004    1.0     8.00    1551096  0.950
  87    0.2 7.6e-06   0.999    1902.59 3.8352e-07   8.036  -1.06e+05   -8.036   0.181  0.0004    1.0     8.00    1569132  0.950
  88    0.2 7.2e-06   0.999    1900.69 4.2014e-07   7.939  -1.05e+05   -7.939   0.172  0.0003    1.0     8.00    1587168  0.950
  89    0.2 6.9e-06   0.999    1899.18 4.21e-07     7.939  -1.06e+05   -7.939   0.175  0.0004    1.0     8.00    1605204  0.950
  90    0.2 6.5e-06   0.999    1897.63 4.1859e-07   7.939  -1.06e+05   -7.939   0.171  0.0003    1.0     8.00    1623240  0.950
  91    0.2 6.2e-06   1.000    1895.81 3.81e-07     8.036  -1.06e+05   -8.036   0.165  0.0002    1.0     8.00    1641276  0.950
  92    0.2 5.9e-06   1.000    1895.08 3.8126e-07   8.036  -1.05e+05   -8.036   0.160  0.0002    1.0     8.00    1659312  0.950
  93    0.2 5.6e-06   0.999    1893.33 4.1855e-07   7.939  -1.06e+05   -7.939   0.158  0.0003    1.0     8.00    1677348  0.950
  94    0.2 5.3e-06   1.000    1893.08 4.1704e-07   7.939  -1.06e+05   -7.939   0.159  0.0001    1.0     8.00    1695384  0.950
  95    0.2 5.1e-06   0.999    1892.81 4.172e-07    7.939  -1.05e+05   -7.939   0.156  0.0003    1.0     8.00    1713420  0.950
  96    0.2 4.8e-06   1.000    1892.52 3.8027e-07   8.036  -1.06e+05   -8.036   0.153  0.0002    1.0     8.00    1731456  0.950
  97    0.2 4.6e-06   1.000    1892.83 4.1409e-07   7.943  -1.06e+05   -7.943   0.151  0.0001    1.0     8.00    1749492  0.950
  98    0.2 4.3e-06   1.000    1891.93 4.1462e-07   7.939  -1.07e+05   -7.939   0.155  0.0002    1.0     8.00    1767528  0.950
  99    0.2 4.1e-06   1.000    1890.98 3.7934e-07   8.036  -1.05e+05   -8.036   0.148  0.0002    1.0     8.00    1785564  0.950
Agent's 2nd state: 
 100    0.2 3.3e-06   0.999    1889.73 4.1474e-07   7.939  -1.05e+05   -7.939   0.143  0.0003    1.0     8.00    1803600  0.800
Checkpoint saved: bb_costs=1889.91, TD costs=4.38228e-07, CPD=  7.879 (ns) 
 101    0.2 2.6e-06   0.999    1888.59 4.3804e-07   7.879  -1.05e+05   -7.879   0.100  0.0002    1.0     8.00    1821636  0.800
 102    0.2 2.1e-06   1.000    1888.00 4.133e-07    7.939  -1.05e+05   -7.939   0.097  0.0001    1.0     8.00    1839672  0.800
 103    0.2 1.7e-06   1.000    1887.28 4.3767e-07   7.879  -1.05e+05   -7.879   0.094  0.0001    1.0     8.00    1857708  0.800
 104    0.2 1.4e-06   1.000    1886.97 4.1261e-07   7.939  -1.05e+05   -7.939   0.097  0.0002    1.0     8.00    1875744  0.800
 105    0.2 1.1e-06   1.000    1886.51 4.3685e-07   7.879  -1.05e+05   -7.879   0.093  0.0001    1.0     8.00    1893780  0.800
 106    0.2 8.6e-07   1.000    1885.88 4.1155e-07   7.939  -1.05e+05   -7.939   0.095  0.0001    1.0     8.00    1911816  0.800
 107    0.2 6.9e-07   1.000    1885.77 3.7695e-07   8.036  -1.05e+05   -8.036   0.087  0.0001    1.0     8.00    1929852  0.800
 108    0.2 5.5e-07   1.000    1885.67 4.1186e-07   7.939  -1.05e+05   -7.939   0.088  0.0001    1.0     8.00    1947888  0.800
 109    0.2 4.4e-07   1.000    1885.65 4.3583e-07   7.879  -1.05e+05   -7.879   0.086  0.0001    1.0     8.00    1965924  0.800
 110    0.2 3.5e-07   1.000    1885.51 4.116e-07    7.939  -1.05e+05   -7.939   0.083  0.0001    1.0     8.00    1983960  0.800
 111    0.2 2.8e-07   1.000    1885.26 3.7591e-07   8.036  -1.05e+05   -8.036   0.085  0.0001    1.0     8.00    2001996  0.800
 112    0.2 2.3e-07   1.000    1885.19 4.1189e-07   7.939  -1.05e+05   -7.939   0.085  0.0001    1.0     8.00    2020032  0.800
 113    0.2 0.0e+00   1.000    1885.17 4.1168e-07   7.939  -1.05e+05   -7.939   0.048  0.0000    1.0     8.00    2038068  0.800
### Placement Quench took 0.18 seconds (max_rss 774.2 MiB)
post-quench CPD = 7.93858 (ns) 

Checkpoint restored

Completed placement consistency check successfully.

Swaps called: 2040686

Aborted Move Reasons:
  duplicate block move to location: 4
  macro move to location illegal: 4
  macro_from swap to location illegal: 863

BB estimate of min-dist (placement) wire length: 264332

Placement estimated critical path delay (least slack): 7.87918 ns, Fmax: 126.917 MHz
Placement estimated critical path skew: -0.04243 ns
Placement estimated setup Worst Negative Slack (sWNS): -7.87918 ns
Placement estimated setup Total Negative Slack (sTNS): -105429 ns
Placement estimated setup Worst Skew (sWS): -0.04243 ns

Placement estimated setup slack histogram:
[ -7.9e-09: -7.1e-09)    15 (  0.0%) |
[ -7.1e-09: -6.3e-09)    99 (  0.2%) |
[ -6.3e-09: -5.6e-09)   197 (  0.4%) |
[ -5.6e-09: -4.8e-09)   508 (  1.0%) |*
[ -4.8e-09:   -4e-09)   591 (  1.1%) |*
[   -4e-09: -3.3e-09)  2151 (  4.1%) |*****
[ -3.3e-09: -2.5e-09)  6808 ( 12.9%) |**************
[ -2.5e-09: -1.7e-09) 21155 ( 40.1%) |*********************************************
[ -1.7e-09: -9.6e-10) 15496 ( 29.4%) |*********************************
[ -9.6e-10: -1.9e-10)  5742 ( 10.9%) |************

Placement estimated geomean non-virtual intra-domain period: 7.87918 ns (126.917 MHz)
Placement estimated fanout-weighted geomean non-virtual intra-domain period: 7.87918 ns (126.917 MHz)

Placement cost: 1, bb_cost: 1889.91, td_cost: 4.38228e-07, 

Placement resource usage:
  io      implemented as io     : 1084
  clb     implemented as clb    : 1233
  dsp_top implemented as dsp_top: 107
  memory  implemented as memory : 194

Placement number of temperatures: 113
Placement total # of swap attempts: 2040686
	Swaps accepted:  760433 (37.3 %)
	Swaps rejected: 1269328 (62.2 %)
	Swaps aborted:   10925 ( 0.5 %)


Placement perturbation distribution by block and move type: 
------------------ ----------------- ---------------- ---------------- --------------- ------------ 
    Block Type         Move Type       (%) of Total      Accepted(%)     Rejected(%)    Aborted(%)
------------------ ----------------- ---------------- ---------------- --------------- ------------ 
io                 Uniform                9.84             54.47           45.53          0.00         
                   Median                 9.82             61.28           37.88          0.85         
                   Centroid               9.83             61.65           38.35          0.00         
                   W. Centroid            9.89             61.55           38.45          0.00         
                   W. Median              0.68             24.34           74.78          0.88         

clb                Uniform                11.20            6.95            92.95          0.10         
                   Median                 11.21            36.33           62.89          0.78         
                   Centroid               11.14            34.20           65.74          0.07         
                   W. Centroid            11.24            34.66           65.26          0.08         
                   W. Median              0.76             2.53            96.58          0.89         
                   Crit. Uniform          1.65             0.39            99.61          0.00         
                   Feasible Region        1.65             0.34            99.66          0.00         

dsp_top            Uniform                0.99             1.85            98.15          0.00         
                   Median                 0.97             3.96            90.32          5.72         
                   Centroid               0.98             4.17            90.38          5.45         
                   W. Centroid            0.97             4.33            90.44          5.22         
                   W. Median              0.07             0.14            88.26          11.60        

memory             Uniform                1.76             7.77            92.23          0.00         
                   Median                 1.74             15.16           79.67          5.17         
                   Centroid               1.76             12.61           84.43          2.96         
                   W. Centroid            1.75             12.74           87.24          0.02         
                   W. Median              0.12             4.63            83.91          11.46        


Placement Quench timing analysis took 0.04506 seconds (0.0387764 STA, 0.00628366 slack) (1 full updates: 1 setup, 0 hold, 0 combined).
Placement Total  timing analysis took 6.01599 seconds (4.91542 STA, 1.10057 slack) (116 full updates: 116 setup, 0 hold, 0 combined).
update_td_costs: connections 0.0575548 nets 0 sum_nets 0.0220782 total 0.0798787
## AP Detailed Placer took 20.28 seconds (max_rss 784.8 MiB, delta_rss +10.6 MiB)
Incr Slack updates 116 in 0.198983 sec
Full Max Req/Worst Slack updates 59 in 0.0654377 sec
Incr Max Req/Worst Slack updates 57 in 0.0842441 sec
Incr Criticality updates 18 in 0.0572562 sec
Full Criticality updates 98 in 0.547675 sec
Incr Slack updates 1 in 0.00174427 sec
Full Max Req/Worst Slack updates 1 in 0.00116576 sec
Incr Max Req/Worst Slack updates 0 in 0 sec
Incr Criticality updates 0 in 0 sec
Full Criticality updates 1 in 0.00656471 sec
# Analytical Placement took 95.12 seconds (max_rss 784.8 MiB, delta_rss +582.5 MiB)


# Routing
RR graph channel widths unchanged, skipping RR graph rebuild
## Initializing router criticalities
Initial Net Connection Criticality Histogram:
[        0:      0.1) 7121 ( 14.7%) |****************************************
[      0.1:      0.2) 8131 ( 16.7%) |**********************************************
[      0.2:      0.3) 6803 ( 14.0%) |**************************************
[      0.3:      0.4) 3580 (  7.4%) |********************
[      0.4:      0.5) 6062 ( 12.5%) |**********************************
[      0.5:      0.6) 7513 ( 15.5%) |*******************************************
[      0.6:      0.7) 6135 ( 12.6%) |***********************************
[      0.7:      0.8) 2282 (  4.7%) |*************
[      0.8:      0.9)  625 (  1.3%) |****
[      0.9:        1)  313 (  0.6%) |**
## Initializing router criticalities took 0.64 seconds (max_rss 784.8 MiB, delta_rss +0.0 MiB)
---- ------ ------- ---- ------- ------- ------- ----------------- --------------- -------- ---------- ---------- ---------- ---------- --------
Iter   Time    pres  BBs    Heap  Re-Rtd  Re-Rtd Overused RR Nodes      Wirelength      CPD       sTNS       sWNS       hTNS       hWNS Est Succ
      (sec)     fac Updt    push    Nets   Conns                                       (ns)       (ns)       (ns)       (ns)       (ns)     Iter
---- ------ ------- ---- ------- ------- ------- ----------------- --------------- -------- ---------- ---------- ---------- ---------- --------
   1    1.0     0.0    0 5910755   25862   41715   23545 ( 1.457%)  417246 (19.9%)    9.547 -1.711e+05     -9.547      0.000      0.000      N/A
   2    1.0     0.5    0 5534124   19167   33581   11555 ( 0.715%)  415003 (19.8%)    8.013 -1.460e+05     -8.013      0.000      0.000      N/A
   3    0.8     0.6    0 4158630   13237   24678    9137 ( 0.565%)  420135 (20.1%)    7.807 -1.435e+05     -7.807      0.000      0.000      N/A
   4    0.7     0.8    0 3453727   10951   20948    7138 ( 0.442%)  424322 (20.3%)    7.807 -1.447e+05     -7.807      0.000      0.000      N/A
   5    0.6     1.1    0 2666425    8835   17489    5238 ( 0.324%)  427671 (20.4%)    7.807 -1.459e+05     -7.807      0.000      0.000      N/A
   6    0.5     1.4    0 1925277    6901   13921    3832 ( 0.237%)  430958 (20.6%)    7.807 -1.450e+05     -7.807      0.000      0.000      N/A
   7    0.4     1.9    0 1310134    5119   10602    2644 ( 0.164%)  434736 (20.8%)    7.807 -1.448e+05     -7.807      0.000      0.000      N/A
   8    0.3     2.4    0  831119    3753    8070    1848 ( 0.114%)  437306 (20.9%)    7.807 -1.452e+05     -7.807      0.000      0.000      N/A
   9    0.2     3.1    0  528548    2583    5993    1179 ( 0.073%)  439924 (21.0%)    7.807 -1.453e+05     -7.807      0.000      0.000       28
  10    0.2     4.1    0  349184    1705    3992     724 ( 0.045%)  441986 (21.1%)    7.807 -1.453e+05     -7.807      0.000      0.000       26
  11    0.2     5.3    0  246459    1045    2581     383 ( 0.024%)  443574 (21.2%)    7.807 -1.454e+05     -7.807      0.000      0.000       24
  12    0.2     6.9    0  148262     547    1445     177 ( 0.011%)  444589 (21.2%)    7.807 -1.454e+05     -7.807      0.000      0.000       22
  13    0.1     9.0    0   97100     264     783      78 ( 0.005%)  445187 (21.3%)    7.807 -1.454e+05     -7.807      0.000      0.000       21
  14    0.1    11.6    0   38596     104     277      28 ( 0.002%)  445535 (21.3%)    7.807 -1.454e+05     -7.807      0.000      0.000       19
  15    0.1    15.1    0   15547      45      89      14 ( 0.001%)  445651 (21.3%)    7.807 -1.454e+05     -7.807      0.000      0.000       19
  16    0.1    19.7    0    8478      18      30       1 ( 0.000%)  445727 (21.3%)    7.807 -1.454e+05     -7.807      0.000      0.000       17
  17    0.1    25.6    0    2232       1      11       0 ( 0.000%)  445735 (21.3%)    7.807 -1.454e+05     -7.807      0.000      0.000      N/A
Restoring best routing
Critical path: 7.80742 ns
Successfully routed after 17 routing iterations.
Final Net Connection Criticality Histogram:
[        0:      0.1) 7369 ( 15.2%) |************************************
[      0.1:      0.2) 4740 (  9.8%) |***********************
[      0.2:      0.3) 7709 ( 15.9%) |**************************************
[      0.3:      0.4) 4765 (  9.8%) |***********************
[      0.4:      0.5) 4490 (  9.2%) |**********************
[      0.5:      0.6) 9422 ( 19.4%) |**********************************************
[      0.6:      0.7) 6143 ( 12.6%) |******************************
[      0.7:      0.8) 2872 (  5.9%) |**************
[      0.8:      0.9)  743 (  1.5%) |****
[      0.9:        1)  312 (  0.6%) |**
Router Stats: total_nets_routed: 100137 total_connections_routed: 186205 total_heap_pushes: 27224597 total_heap_pops: 7512868 
Serial Connection Router is being destroyed. Time spent on path search: 3.599 seconds.
# Routing took 7.48 seconds (max_rss 809.6 MiB, delta_rss +24.8 MiB)

Checking to ensure routing is legal...
# Checking to ensure non-configurable edges are legal
# Checking to ensure non-configurable edges are legal took 0.07 seconds (max_rss 809.6 MiB, delta_rss +0.0 MiB)
Completed routing consistency check successfully.

Serial number (magic cookie) for the routing is: 1698943709
Circuit successfully routed with a channel width factor of 140.
Incr Slack updates 18 in 0.03027 sec
Full Max Req/Worst Slack updates 3 in 0.00343733 sec
Incr Max Req/Worst Slack updates 15 in 0.0228202 sec
Incr Criticality updates 14 in 0.0419774 sec
Full Criticality updates 4 in 0.0261559 sec
# Synchronize the packed netlist to routing optimization
## Annotating rr_node with routed nets
## Annotating rr_node with routed nets took 0.01 seconds (max_rss 809.6 MiB, delta_rss +0.0 MiB)
Found 44007 mismatches between routing and packing results.
Fixed 30740 routing traces due to mismatch between routing and packing results.
# Synchronize the packed netlist to routing optimization took 0.29 seconds (max_rss 809.6 MiB, delta_rss +0.0 MiB)
Final Clustering Statistics: 
----------   --------   ------------------------------------   --------------------------
Block Type   # Blocks   Avg. # of input clocks and pins used   Avg. # of output pins used
----------   --------   ------------------------------------   --------------------------
     EMPTY          0                                      0                            0   
        io       1084                              0.0295203                      0.97048   
       clb       1233                                27.9919                      15.3877   
   dsp_top        107                                40.9813                      20.1869   
    memory        194                                49.6598                      18.9691   
Absorbed logical nets 24200 out of 50065 nets, 25865 nets not absorbed.


Average number of bends per net: 1.71943  Maximum # of bends: 272

Number of global nets: 3
Number of routed nets (nonglobal): 25862
Wire length results (in units of 1 clb segments)...
	Total wirelength: 445735, average net length: 17.2351
	Maximum net length: 2362

Wire length results in terms of physical segments...
	Total wiring segments used: 99640, average wire segments per net: 3.85276
	Maximum segments used by a net: 516
	Total local nets with reserved CLB opins: 0
Total number of nets absorbed: 8

Routing channel utilization histogram:
[        1:      inf)    0 (  0.0%) |
[      0.9:        1)    0 (  0.0%) |
[      0.8:      0.9)    0 (  0.0%) |
[      0.7:      0.8)  267 (  1.8%) |**
[      0.5:      0.6)  768 (  5.1%) |*******
[      0.4:      0.5) 1224 (  8.1%) |***********
[      0.3:      0.4) 1921 ( 12.7%) |*****************
[      0.2:      0.3) 2635 ( 17.4%) |***********************
[      0.1:      0.2) 3147 ( 20.8%) |****************************
[        0:      0.1) 5176 ( 34.2%) |**********************************************
Maximum routing channel utilization:      0.74 at (37,52)

X - Directed channels: layer   y   max occ   ave occ   ave cap
                        ----- ---- -------- -------- --------
                            0    0       53   26.407      140
                            0    1        4    0.558      140
                            0    2        8    1.302      140
                            0    3        9    1.721      140
                            0    4       17    2.116      140
                            0    5       36    4.512      140
                            0    6       48    5.209      140
                            0    7       46    5.488      140
                            0    8       60    9.814      140
                            0    9       44    9.953      140
                            0   10       51   14.744      140
                            0   11       74   21.628      140
                            0   12       58   19.372      140
                            0   13       47   14.779      140
                            0   14       43   15.326      140
                            0   15       42   16.860      140
                            0   16       70   22.779      140
                            0   17       82   23.791      140
                            0   18       58   19.547      140
                            0   19       73   28.314      140
                            0   20       61   30.279      140
                            0   21       69   25.907      140
                            0   22       79   24.163      140
                            0   23       77   24.965      140
                            0   24       66   26.733      140
                            0   25       91   27.291      140
                            0   26       82   28.535      140
                            0   27       72   26.442      140
                            0   28       78   31.116      140
                            0   29       79   29.698      140
                            0   30       75   33.105      140
                            0   31       69   32.058      140
                            0   32       48   22.291      140
                            0   33       51   27.942      140
                            0   34       76   32.233      140
                            0   35       61   32.267      140
                            0   36       63   31.744      140
                            0   37       75   29.360      140
                            0   38       86   34.953      140
                            0   39       77   38.814      140
                            0   40       79   36.140      140
                            0   41       81   39.291      140
                            0   42       82   40.523      140
                            0   43       83   38.884      140
                            0   44       77   40.314      140
                            0   45       88   38.640      140
                            0   46       86   42.523      140
                            0   47       81   40.640      140
                            0   48       93   41.616      140
                            0   49       81   39.756      140
                            0   50       94   44.407      140
                            0   51       85   43.291      140
                            0   52      102   43.744      140
                            0   53       98   43.547      140
                            0   54       83   46.209      140
                            0   55       87   43.012      140
                            0   56       85   39.802      140
                            0   57       74   34.233      140
                            0   58       61   33.593      140
                            0   59       78   38.023      140
                            0   60       88   37.558      140
                            0   61       71   38.128      140
                            0   62       86   42.430      140
                            0   63       90   39.942      140
                            0   64      104   40.721      140
                            0   65       89   40.360      140
                            0   66       88   39.616      140
                            0   67       92   44.733      140
                            0   68       90   43.256      140
                            0   69       93   43.407      140
                            0   70       99   48.535      140
                            0   71       87   42.674      140
                            0   72       86   35.337      140
                            0   73       90   37.523      140
                            0   74       83   43.733      140
                            0   75       82   43.151      140
                            0   76       90   32.233      140
                            0   77       97   26.035      140
                            0   78       89   22.558      140
                            0   79       61   16.744      140
                            0   80       59   14.791      140
                            0   81       51   11.581      140
                            0   82       61   14.674      140
                            0   83       53   10.326      140
                            0   84       40    6.512      140
                            0   85       34    3.814      140
                            0   86       68   33.035      140
Y - Directed channels: layer   x   max occ   ave occ   ave cap
                        ----- ---- -------- -------- --------
                            0    0       48   19.779      140
                            0    1       49   24.360      140
                            0    2       63   30.198      140
                            0    3       38   14.174      140
                            0    4       59   21.081      140
                            0    5       82   38.965      140
                            0    6       74   34.058      140
                            0    7       56   18.709      140
                            0    8       32   11.837      140
                            0    9       47   15.360      140
                            0   10       55   14.895      140
                            0   11       34   10.105      140
                            0   12       48    8.081      140
                            0   13       64   11.733      140
                            0   14       69   19.221      140
                            0   15       61   16.756      140
                            0   16       51   16.337      140
                            0   17       57   41.860      140
                            0   18       84   51.151      140
                            0   19       62   25.640      140
                            0   20       60   32.174      140
                            0   21       98   56.023      140
                            0   22       97   56.826      140
                            0   23       89   36.140      140
                            0   24       87   34.047      140
                            0   25       79   29.733      140
                            0   26       70   24.767      140
                            0   27       75   22.884      140
                            0   28       83   20.302      140
                            0   29       68   22.651      140
                            0   30       77   31.488      140
                            0   31       77   31.070      140
                            0   32       80   31.988      140
                            0   33       85   55.849      140
                            0   34       92   60.663      140
                            0   35       96   43.895      140
                            0   36       94   49.442      140
                            0   37      104   68.907      140
                            0   38      104   66.093      140
                            0   39      104   51.395      140
                            0   40       91   42.791      140
                            0   41       93   45.581      140
                            0   42      102   42.500      140
                            0   43       90   36.965      140
                            0   44       86   29.907      140
                            0   45       88   37.663      140
                            0   46       95   44.733      140
                            0   47       93   43.105      140
                            0   48       93   44.605      140
                            0   49       90   60.640      140
                            0   50       96   61.209      140
                            0   51       86   36.558      140
                            0   52       73   38.337      140
                            0   53       97   56.395      140
                            0   54       81   48.198      140
                            0   55       57   24.023      140
                            0   56       51   22.593      140
                            0   57       53   21.256      140
                            0   58       46   19.860      140
                            0   59       67   18.849      140
                            0   60       74   15.570      140
                            0   61       69   19.919      140
                            0   62       55   23.349      140
                            0   63       48   20.616      140
                            0   64       60   20.360      140
                            0   65       73   40.488      140
                            0   66       76   51.698      140
                            0   67       54   31.000      140
                            0   68       75   31.663      140
                            0   69       67   38.826      140
                            0   70       69   31.070      140
                            0   71       51   13.302      140
                            0   72       26    7.872      140
                            0   73       15    6.267      140
                            0   74       33    7.349      140
                            0   75       22    6.686      140
                            0   76       13    3.093      140
                            0   77       32    9.465      140
                            0   78       44   18.058      140
                            0   79       31   17.849      140
                            0   80       39   17.744      140
                            0   81       63   34.814      140
                            0   82       74   41.419      140
                            0   83       63   26.698      140
                            0   84       67   26.860      140
                            0   85       69   33.244      140
                            0   86       49   25.570      140

Total existing wires segments: CHANX   1047480, CHANY   1047480, CHANZ         0, ALL   2094960
Total used wires segments:     CHANX    216351, CHANY    229384, CHANZ         0, ALL    445735
Usage percentage:              CHANX     20.7%, CHANY     21.9%, CHANZ      0.0%, ALL     21.3%

Logic area (in minimum width transistor areas, excludes I/Os and empty grid tiles)...
	Total logic block area (Warning, need to add pitch of routing to blocks with height > 3): 2.4541e+08
	Total used logic block area: 8.82677e+07

Routing area (in minimum width transistor areas)...
	Total routing area: 8.67194e+07, per logic tile: 11198.3

Total Number of Wiring Segments by Direction: direction length number
                                              --------- ------ -------
                                                      X      4 236160
                                                      Y      4 236160
                                                      X     16   9876
                                                      Y     16   9876

X - Directed Wiring Segment usage by length: length utilization
                                             ------ -----------
                                             4       0.201
                                            16       0.184

Y - Directed Wiring Segment usage by length: length utilization
                                             ------ -----------
                                             4       0.203
                                            16       0.249

Segment occupancy by length: Length Occupancy Capacity Utilization
                             ------ --------- -------- -----------
                             L4         95364   472320       0.202
                             L16         4276    19752       0.216

Segment occupancy by type: name type utilization
                           ---- ---- -----------
                             L4    0       0.202
                            L16    1       0.216

Final hold Worst Negative Slack (hWNS): 0 ns
Final hold Total Negative Slack (hTNS): 0 ns
Final hold Worst Skew (hWS): 0 ns

Final hold slack histogram:
[  4.1e-11:  7.1e-10)  3581 (  6.8%) |***************
[  7.1e-10:  1.4e-09)  8947 ( 17.0%) |************************************
[  1.4e-09:    2e-09)  8108 ( 15.4%) |*********************************
[    2e-09:  2.7e-09) 10989 ( 20.8%) |*********************************************
[  2.7e-09:  3.4e-09) 11078 ( 21.0%) |*********************************************
[  3.4e-09:    4e-09)  6332 ( 12.0%) |**************************
[    4e-09:  4.7e-09)  2466 (  4.7%) |**********
[  4.7e-09:  5.4e-09)   901 (  1.7%) |****
[  5.4e-09:    6e-09)   280 (  0.5%) |*
[    6e-09:  6.7e-09)    80 (  0.2%) |

Final critical path delay (least slack): 7.80742 ns, Fmax: 128.083 MHz
Final critical path skew: -0.04243 ns
Final setup Worst Negative Slack (sWNS): -7.80742 ns
Final setup Total Negative Slack (sTNS): -145437 ns
Final setup Worst Skew (sWS): -0.04243 ns

Final setup slack histogram:
[ -7.8e-09:   -7e-09)    68 (  0.1%) |
[   -7e-09: -6.3e-09)   169 (  0.3%) |*
[ -6.3e-09: -5.5e-09)   517 (  1.0%) |**
[ -5.5e-09: -4.8e-09)  1562 (  3.0%) |*****
[ -4.8e-09:   -4e-09)  5556 ( 10.5%) |*****************
[   -4e-09: -3.2e-09)  8690 ( 16.5%) |***************************
[ -3.2e-09: -2.5e-09) 12798 ( 24.3%) |****************************************
[ -2.5e-09: -1.7e-09) 14362 ( 27.2%) |*********************************************
[ -1.7e-09: -9.6e-10)  4338 (  8.2%) |**************
[ -9.6e-10: -1.9e-10)  4702 (  8.9%) |***************

Final geomean non-virtual intra-domain period: 7.80742 ns (128.083 MHz)
Final fanout-weighted geomean non-virtual intra-domain period: 7.80742 ns (128.083 MHz)

Incr Slack updates 1 in 0.00175007 sec
Full Max Req/Worst Slack updates 1 in 0.00121144 sec
Incr Max Req/Worst Slack updates 0 in 0 sec
Incr Criticality updates 0 in 0 sec
Full Criticality updates 1 in 0.00661445 sec
Flow timing analysis took 9.25792 seconds (7.8756 STA, 1.38232 slack) (136 full updates: 117 setup, 0 hold, 19 combined).
VPR succeeded
The entire flow of VPR took 107.14 seconds (max_rss 809.6 MiB)

