VPR FPGA Placement and Routing.
Version: 9.0.0-dev+v8.0.0-18248-g40f8d19708
Revision: v8.0.0-18248-g40f8d19708
Compiled: 2026-09-22T03:43:48
Compiler: GNU 13.3.0 on Linux-5.15.0-119-generic x86_64
Build Info: release IPO VTR_ASSERT_LEVEL=2

University of Toronto
verilogtorouting.org
vtr-users@googlegroups.com
This is free open source code under MIT license.

VPR was run with the following command-line:
/inspire/hdd/project/project-public/changshunjie-253114010247/changshunjie-253114010247/workspace/DAC2027/vtr/vtr-verilog-to-routing/vpr/vpr /inspire/hdd/project/project-public/changshunjie-253114010247/changshunjie-253114010247/workspace/DAC2027/vtr/vtr-verilog-to-routing/vtr_flow/arch/COFFE_22nm/k6FracN10LB_mem20K_complexDSP_customSB_22nm.xml /inspire/hdd/project/project-public/changshunjie-253114010247/changshunjie-253114010247/workspace/DAC2027/TailCompile/experiments/vtr/runs/pilot_v1/attention_layer/full-seed1-w300/attention_layer.pre-vpr.blif --analytical_place --route --analysis --ap_full_legalizer flat-recon --ap_detailed_placer annealer --seed 12 --route_chan_width 160 --write_flat_place /inspire/hdd/project/project-public/changshunjie-253114010247/changshunjie-253114010247/workspace/DAC2027/TailCompile/vtr_work/tailcompile_v3/attention_layer/4x4/gnn_candidate-fp31000bf7-flat-recon-annealer-seed12-w160-devw88/post_route.fplace --write_legalized_flat_place /inspire/hdd/project/project-public/changshunjie-253114010247/changshunjie-253114010247/workspace/DAC2027/TailCompile/vtr_work/tailcompile_v3/attention_layer/4x4/gnn_candidate-fp31000bf7-flat-recon-annealer-seed12-w160-devw88/post_legalizer.fplace --flat_place_verbosity 1 --device_width 88 --net_file /inspire/hdd/project/project-public/changshunjie-253114010247/changshunjie-253114010247/workspace/DAC2027/TailCompile/vtr_work/tailcompile_v3/attention_layer/4x4/gnn_candidate-fp31000bf7-flat-recon-annealer-seed12-w160-devw88/attention_layer.locked-input.net --read_flat_place /inspire/hdd/global_user/changshunjie-253114010247/workspace/DAC2027/TailCompile/experiments/vtr/tailcompile_v3/attention_layer/4x4/pools/bootstrap_24/candidate_07_seed13034.fplace

Using up to 1 parallel worker(s)

Architecture file: /inspire/hdd/project/project-public/changshunjie-253114010247/changshunjie-253114010247/workspace/DAC2027/vtr/vtr-verilog-to-routing/vtr_flow/arch/COFFE_22nm/k6FracN10LB_mem20K_complexDSP_customSB_22nm.xml
Circuit name: attention_layer.pre-vpr

# Loading Architecture Description
# Loading Architecture Description took 0.03 seconds (max_rss 32.2 MiB, delta_rss +0.0 MiB)

Timing analysis: ON
Circuit netlist file: /inspire/hdd/project/project-public/changshunjie-253114010247/changshunjie-253114010247/workspace/DAC2027/TailCompile/vtr_work/tailcompile_v3/attention_layer/4x4/gnn_candidate-fp31000bf7-flat-recon-annealer-seed12-w160-devw88/attention_layer.locked-input.net
Circuit placement file: attention_layer.pre-vpr.place
Circuit routing file: attention_layer.pre-vpr.route
Circuit SDC file: attention_layer.pre-vpr.sdc
Vpr floorplanning constraints file: not specified

Packer: DISABLED
Placer: DISABLED
Analytical Placer: ENABLED
Router: ENABLED
Analysis: ENABLED

VPR was run with the following options:

netlist_opts.absorb_buffer_luts            : true
netlist_opts.sweep_dangling_primary_ios    : true
netlist_opts.sweep_dangling_nets           : true
netlist_opts.sweep_dangling_blocks         : true
netlist_opts.sweep_constant_primary_outputs: false
netlist_opts.netlist_verbosity             : 1
netlist_opts.const_gen_inference           : COMB_SEQ

AnalyticalPlacerOpts.analytical_solver_type: lp-b2b
AnalyticalPlacerOpts.partial_legalizer_type: bipartitioning
AnalyticalPlacerOpts.full_legalizer_type: flat-recon
AnalyticalPlacerOpts.detailed_placer_type: annealer
AnalyticalPlacerOpts.ap_timing_tradeoff: 0.500000
AnalyticalPlacerOpts.ap_high_fanout_threshold: 256
AnalyticalPlacerOpts.log_verbosity: 1
router_opts.route_type: DETAILED
router_opts.flat_routing: false
router_opts.choke_points: on
router_opts.router_algorithm: TIMING_DRIVEN
router_opts.base_cost_type: DELAY_NORMALIZED_LENGTH
router_opts.fixed_channel_width: 160
router_opts.check_route: FULL
router_opts.acc_fac: 1.000000
router_opts.bb_factor: 3
router_opts.bend_cost: 0.000000
router_opts.first_iter_pres_fac: 0.000000
router_opts.initial_pres_fac: 0.500000
router_opts.pres_fac_mult: 1.300000
router_opts.max_pres_fac: 1000.000000
router_opts.max_router_iterations: 50
router_opts.min_incremental_reroute_fanout: 16
router_opts.initial_acc_cost_chan_congestion_threshold: 0.500000
router_opts.initial_acc_cost_chan_congestion_weight: 0.500000
router_opts.do_check_rr_graph: true
router_opts.verify_binary_search: false
router_opts.min_channel_width_hint: 0
router_opts.read_rr_edge_metadata: false
router_opts.exit_after_first_routing_iteration: false
router_opts.astar_fac: 1.200000
router_opts.astar_offset: 0.000000
router_opts.router_profiler_astar_fac: 1.200000
router_opts.enable_parallel_connection_router: false
router_opts.post_target_prune_fac: 1.200000
router_opts.post_target_prune_offset: 0
router_opts.multi_queue_num_threads: 1
router_opts.multi_queue_num_queues: 2
router_opts.multi_queue_direct_draining: false
router_opts.criticality_exp: 1.000000
router_opts.max_criticality: 0.990000
router_opts.init_wirelength_abort_threshold: 0.850000
router_opts.incr_reroute_delay_ripup: AUTO
router_opts.save_routing_per_iteration: false
router_opts.congested_routing_iteration_threshold_frac: 1.000000
router_opts.high_fanout_threshold: 64
router_opts.router_debug_net: -2
router_opts.router_debug_sink_rr: -2
router_opts.router_debug_iteration: -2
router_opts.max_convergence_count: 1
router_opts.reconvergence_cpd_threshold: 0.990000
router_opts.update_lower_bound_delays: true
router_opts.first_iteration_timing_report_file: 
router_opts.route_bb_update: DYNAMIC
router_opts.lookahead_type: MAP
router_opts.initial_timing: LOOKAHEAD
router_opts.router_heap: FOUR_ARY_HEAP
router_opts.routing_failure_predictor = SAFE
router_opts.routing_predictor_min_history: 8
router_opts.routing_budgets_algorithm = DISABLE

analysis_opts.gen_post_synthesis_netlist: false
analysis_opts.gen_post_implementation_merged_netlist: false
analysis_opts.gen_post_implementation_sdc: false
analysis_opts.timing_report_npaths: 100
analysis_opts.timing_report_skew: false
analysis_opts.echo_dot_timing_graph_node: -1
analysis_opts.timing_report_detail: NETLIST
analysis_opts.post_synth_netlist_unconn_input_handling: UNCONNECTED
analysis_opts.post_synth_netlist_unconn_output_handling: UNCONNECTED
analysis_opts.post_synth_netlist_module_parameters: on

# Building complex block graph
# Building complex block graph took 0.08 seconds (max_rss 32.2 MiB, delta_rss +0.0 MiB)
Circuit file: /inspire/hdd/project/project-public/changshunjie-253114010247/changshunjie-253114010247/workspace/DAC2027/TailCompile/experiments/vtr/runs/pilot_v1/attention_layer/full-seed1-w300/attention_layer.pre-vpr.blif
# Load circuit
Found 4 constant generator(s) in the netlist (2 constant-zero, 2 constant-one) (run with --netlist_verbosity 2 to list names)
# Load circuit took 0.55 seconds (max_rss 134.9 MiB, delta_rss +102.7 MiB)
# Clean circuit
Absorbed 7975 LUT buffers
Found 1090 primitive output pin(s) driven only by constants; marked them as constants
Swept input(s)      : 7
Swept output(s)     : 0 (0 dangling, 0 constant)
Swept net(s)        : 10126
Swept block(s)      : 33
Constant Pins Marked: 1090
# Clean circuit took 0.13 seconds (max_rss 134.9 MiB, delta_rss +0.0 MiB)
# Compress circuit
# Compress circuit took 0.07 seconds (max_rss 134.9 MiB, delta_rss +0.0 MiB)
# Verify circuit
# Verify circuit took 0.02 seconds (max_rss 134.9 MiB, delta_rss +0.0 MiB)
Circuit Statistics:
  Blocks: 40113
    .input            :    1052
    .latch            :    8844
    .names            :   17218
        0-LUT:       3
        1-LUT:    5989
        2-LUT:     920
        3-LUT:    4530
        4-LUT:    3023
        5-LUT:    1163
        6-LUT:    1590
    .output           :      32
    adder             :    9150
    addition_fp_clk_16:       1
    dual_port_ram     :    3680
    multiply          :     136
  Nets  : 50065
    Avg Fanout:     2.9
    Max Fanout: 12525.0
    Min Fanout:     1.0
  Netlist Clocks: 1
# Build Timing Graph
  Timing Graph Nodes: 245193
  Timing Graph Edges: 446068
  Timing Graph Levels: 66
# Build Timing Graph took 0.23 seconds (max_rss 199.1 MiB, delta_rss +61.3 MiB)
Netlist contains 1 clocks
  Netlist Clock 'clk' Fanout: 12525 pins (6.5%), 12525 blocks (31.2%)
# Load Timing Constraints

SDC file 'attention_layer.pre-vpr.sdc' not found
Setting default timing constraints:
   * constrain all primary inputs and primary outputs on netlist clock 'clk'
   * optimize netlist clock to run as fast as possible
Timing constraints created 1 clocks
  Constrained Clock 'clk' Source: 'clk.inpad[0]'

# Load Timing Constraints took 0.00 seconds (max_rss 199.1 MiB, delta_rss +0.0 MiB)
# Analytical Placement
## Prepacker

There is one chain in this architecture called "chain" with the following starting points:
	clb[0]/lab[0]/fle[0]/ble5[0]/arithmetic[0]/adder[0].cin[0]

## Prepacker took 0.04 seconds (max_rss 199.1 MiB, delta_rss +0.0 MiB)
## Initializing Pre-Cluster Timing
Using inter-cluster delay: 2.1832e-09
## Initializing Pre-Cluster Timing took 0.38 seconds (max_rss 205.8 MiB, delta_rss +6.7 MiB)
## Estimate Device Size
Device layout 'auto' with fixed width 88.
FPGA sized to 88 x 88: 7744 grid tiles (auto)
## Estimate Device Size took 0.00 seconds (max_rss 205.8 MiB, delta_rss +0.0 MiB)
## Ram Mapper
Flat Placement is provided, skipping the RAM mapping.
## Ram Mapper took 0.00 seconds (max_rss 205.8 MiB, delta_rss +0.0 MiB)
## Read Atom Netlist to AP Netlist
## Read Atom Netlist to AP Netlist took 0.28 seconds (max_rss 275.8 MiB, delta_rss +70.0 MiB)
Analytical Placement Netlist Statistics:
	AP Blocks: 25061
		Moveable AP Blocks: 25061
		Fixed AP Blocks: 0
	AP Nets: 34982
		Average Fanout: 2.94
		Highest Fanout: 257
	AP Pins: 193913

## Computing placement delta delay look-up
### Build routing resource graph
### Build routing resource graph took 5.77 seconds (max_rss 772.0 MiB, delta_rss +496.2 MiB)
  RR Graph Nodes: 1682796
  RR Graph Edges: 17412304
### Computing router lookahead map
#### Computing wire lookahead
#### Computing wire lookahead took 6.37 seconds (max_rss 772.0 MiB, delta_rss +0.0 MiB)
#### Computing src/opin lookahead
Warning 1: Found no more sample locations for SOURCE in io
Warning 2: Found no more sample locations for OPIN in io
Warning 3: Found no more sample locations for SOURCE in clb
Warning 4: Found no more sample locations for OPIN in clb
Warning 5: Found no more sample locations for SOURCE in dsp_top
Warning 6: Found no more sample locations for OPIN in dsp_top
Warning 7: Found no more sample locations for SOURCE in memory
Warning 8: Found no more sample locations for OPIN in memory
#### Computing src/opin lookahead took 0.21 seconds (max_rss 772.0 MiB, delta_rss +0.0 MiB)
### Computing router lookahead map took 6.60 seconds (max_rss 772.0 MiB, delta_rss +0.0 MiB)
Serial Connection Router is being destroyed. Time spent on path search: 0.000 seconds.
## Computing placement delta delay look-up took 12.69 seconds (max_rss 772.0 MiB, delta_rss +496.2 MiB)
Flat Placement is provided in the AP flow, skipping the Global Placement.
0 of 25061 molecules placed at device center (no atoms of these molecules found in flat placement).
## AP Full Legalizer
### Creating Clusters
Device (width, height): (88,88)
#### Sorting and Grouping Blocks by Tile
#### Sorting and Grouping Blocks by Tile took 0.01 seconds (max_rss 772.0 MiB, delta_rss +0.0 MiB)
#### Reconstruction Pass Clustering
#### Reconstruction Pass Clustering took 58.01 seconds (max_rss 772.0 MiB, delta_rss +0.0 MiB)
#### Orphan Window Clustering with search radius 8
#### Orphan Window Clustering with search radius 8 took 0.02 seconds (max_rss 772.0 MiB, delta_rss +0.0 MiB)
FPGA sized to 88 x 88: 7744 grid tiles (auto)
Device Utilization: 0.28 (target 1.00)
	Block Utilization: 0.39 Type: io
	Block Utilization: 0.19 Type: clb
	Block Utilization: 0.85 Type: dsp_top
	Block Utilization: 0.75 Type: memory

----------------------------------------------------------------
                       Clustering Summary                       
----------------------------------------------------------------
Clusters created (Self Clustering)                       : 2605
    dsp_top    : 107
    memory     : 194
    clb        : 1220
    io         : 1084
Clusters created (Orphan Window Clustering)              : 15
    clb        : 15
Total clusters                                           : 2620
Percent of clusters created in Orphan Window Clustering  : 0.57%
Molecules clustered in each stage breakdown  : (Total of 25061)
	Self Clustering          (0.998963)  : 25035
 	Neighbor Clustering      (0.000000)  : 0
	Orphan Window Clustering (0.001037)  : 26
----------------------------------------------------------------

Final Clustering Statistics: 
----------   --------   ------------------------------------   --------------------------
Block Type   # Blocks   Avg. # of input clocks and pins used   Avg. # of output pins used
----------   --------   ------------------------------------   --------------------------
     EMPTY          0                                      0                            0   
        io       1084                              0.0295203                      0.97048   
       clb       1235                                27.9466                      15.3628   
   dsp_top        107                                40.9813                      20.1869   
    memory        194                                49.6598                      18.9691   
Absorbed logical nets 24200 out of 50065 nets, 25865 nets not absorbed.
#### Load packing
##### Loading packed FPGA netlist file.
Netlist generated from file '/inspire/hdd/project/project-public/changshunjie-253114010247/changshunjie-253114010247/workspace/DAC2027/TailCompile/vtr_work/tailcompile_v3/attention_layer/4x4/gnn_candidate-fp31000bf7-flat-recon-annealer-seed12-w160-devw88/attention_layer.locked-input.net'.
Detected 3 constant generators (to see names run with higher pack verbosity)
##### Loading packed FPGA netlist file. took 2.05 seconds (max_rss 804.3 MiB, delta_rss +32.3 MiB)
Warning 9: Treated 2 constant nets as global which will not be routed (to see net names increase packer verbosity).
Netlist contains 5542 global net to non-global architecture pin connections
Found 2 logic block(s) with only 1 output pin and no inputs; they may be constant generators (run with --pack_verbosity 3 to list them)
Completed clustering consistency check successfully.
Cluster level netlist and block usage statistics
Netlist num_nets: 25865
Netlist num_blocks: 2620
Netlist EMPTY blocks: 0.
Netlist io blocks: 1084.
Netlist clb blocks: 1235.
Netlist dsp_top blocks: 107.
Netlist memory blocks: 194.
Netlist inputs pins: 1052
Netlist output pins: 32

Pb types usage...
  io                   : 1084
   inpad               : 1052
   outpad              : 32
  clb                  : 1235
   lab                 : 1235
    fle                : 11239
     ble5              : 19054
      flut5            : 9904
       lut5            : 9613
        lut            : 9613
       ff              : 8130
      arithmetic       : 9150
       lut4            : 6015
        lut            : 6015
       adder           : 9150
     ble6              : 1590
      lut6             : 1590
       lut             : 1590
      ff               : 714
  dsp_top              : 107
   dsp                 : 107
    dsp_pb             : 107
     two_mult_18x19    : 136
      mult_18x19       : 136
     adder_fp16        : 1
  memory               : 194
   mem_1024x20_dp      : 194
    memory_slice       : 3680

#### Load packing took 2.41 seconds (max_rss 804.3 MiB, delta_rss +32.3 MiB)
Netlist contains 5542 global net to non-global architecture pin connections
Found 2 logic block(s) with only 1 output pin and no inputs; they may be constant generators (run with --pack_verbosity 3 to list them)
Cluster level netlist and block usage statistics
Netlist num_nets: 25865
Netlist num_blocks: 2620
Netlist EMPTY blocks: 0.
Netlist io blocks: 1084.
Netlist clb blocks: 1235.
Netlist dsp_top blocks: 107.
Netlist memory blocks: 194.
Netlist inputs pins: 1052
Netlist output pins: 32
### Creating Clusters took 61.63 seconds (max_rss 804.3 MiB, delta_rss +32.3 MiB)
Completed clustering consistency check successfully.
FPGA sized to 88 x 88: 7744 grid tiles (auto)
### Compressed grid construction
### Compressed grid construction took 0.00 seconds (max_rss 804.3 MiB, delta_rss +0.0 MiB)
### Initial Placement
Placing clusters that are part of larger macros...
Number of blocks to be placed: 16
Max distance on device: 176
---- ---------- ---------- -------------
Pass Max Displ. Num Blocks Num Blocks   
     Threshold  Placed     Left Unplaced
---- ---------- ---------- -------------
   0          0         10             6
   1          1          6             0

Placing general clusters...
Number of blocks to be placed: 2604
Max distance on device: 176
---- ---------- ---------- -------------
Pass Max Displ. Num Blocks Num Blocks   
     Threshold  Placed     Left Unplaced
---- ---------- ---------- -------------
   0          0       2590            14
   1          1          7             7
   2          2          3             4
   3          4          4             0

### Initial Placement took 0.01 seconds (max_rss 804.3 MiB, delta_rss +0.0 MiB)
Flat Placement Reconstruction Info:
	Percent of clusters with reconstruction errors: 0.267176
	Total displacement of initial placement from flat placement: 15653.000000
	Average atom displacement of initial placement from flat placement: 0.390223
	Max atom displacement of initial placement from flat placement: 66.000000
	Percent of atoms misplaced from the flat placement: 1.575549
## AP Full Legalizer took 61.94 seconds (max_rss 804.3 MiB, delta_rss +32.3 MiB)

Resource usage...
	Netlist
		1084	blocks of type: io
	Architecture
		2752	blocks of type: io
	Netlist
		1235	blocks of type: clb
	Architecture
		6376	blocks of type: clb
	Netlist
		107	blocks of type: dsp_top
	Architecture
		126	blocks of type: dsp_top
	Netlist
		194	blocks of type: memory
	Architecture
		258	blocks of type: memory

Device Utilization: 0.28 (target 1.00)
	Physical Tile io:
	Block Utilization: 0.39 Logical Block: io
	Physical Tile clb:
	Block Utilization: 0.19 Logical Block: clb
	Physical Tile dsp_top:
	Block Utilization: 0.85 Logical Block: dsp_top
	Physical Tile memory:
	Block Utilization: 0.75 Logical Block: memory

## Computing placement delta delay look-up
RR graph channel widths unchanged, skipping RR graph rebuild
Serial Connection Router is being destroyed. Time spent on path search: 0.000 seconds.
## Computing placement delta delay look-up took 0.02 seconds (max_rss 804.3 MiB, delta_rss +0.0 MiB)
Using simple RL 'Softmax agent' for choosing move and block types

Completed placement consistency check successfully.
Initial placement cost: 1 bb_cost: 6632.2 td_cost: 1.73818e-05
Initial placement BB estimate of wirelength: 1.0605e+06
Initial placement estimated Critical Path Delay (CPD): 17.2483 ns
Initial placement estimated setup Total Negative Slack (sTNS): -133130 ns
Initial placement estimated setup Worst Negative Slack (sWNS): -17.2483 ns

Initial placement estimated setup slack histogram:
[ -1.7e-08: -1.6e-08)     2 (  0.0%) |
[ -1.6e-08: -1.4e-08)    12 (  0.0%) |
[ -1.4e-08: -1.2e-08)    37 (  0.1%) |
[ -1.2e-08:   -1e-08)   124 (  0.2%) |
[   -1e-08: -8.7e-09)   286 (  0.5%) |
[ -8.7e-09:   -7e-09)   765 (  1.4%) |*
[   -7e-09: -5.3e-09)  1444 (  2.7%) |**
[ -5.3e-09: -3.6e-09)  4044 (  7.7%) |*******
[ -3.6e-09: -1.9e-09) 27987 ( 53.0%) |*********************************************
[ -1.9e-09: -1.9e-10) 18061 ( 34.2%) |*****************************
Placement contains 8 placement macros involving 16 blocks (average macro size 2.000000)

Moves per temperature: 18054
## AP Detailed Placer

---- ------ ------- ------- ---------- ---------- ------- ---------- -------- ------- ------- ------ -------- --------- ------
Tnum  Time     T    AvCost  Av BB Cost Av TD Cost   CPD      sTNS      sWNS   AcRate  StdDev  R lim  CritExp  TotMoves  Alpha 
     (sec)                                          (ns)     (ns)      (ns)                                                   
---- ------ ------- ------- ---------- ---------- ------- ---------- -------- ------- ------- ------ -------- --------- ------
   1    0.2 7.6e-04   0.976    5410.54 1.5442e-05  15.184  -1.21e+05  -15.184   0.831  0.0162   87.0     1.00      18054  1.000
   2    0.2 6.8e-04   0.966    5201.89 1.7119e-05  13.546  -1.23e+05  -13.546   0.818  0.0139   87.0     1.00      36108  0.900
   3    0.2 6.1e-04   0.965    5087.44 1.9031e-05  11.895  -1.25e+05  -11.895   0.807  0.0106   87.0     1.00      54162  0.900
   4    0.2 5.5e-04   0.953    4784.43 1.6453e-05  13.278  -1.25e+05  -13.278   0.788  0.0158   87.0     1.00      72216  0.900
   5    0.2 5.2e-04   0.954    4531.74 1.5044e-05  13.878   -1.2e+05  -13.878   0.781  0.0229   87.0     1.00      90270  0.950
   6    0.2 5.0e-04   0.966    4345.79 1.5453e-05  13.054  -1.19e+05  -13.054   0.766  0.0129   87.0     1.00     108324  0.950
   7    0.2 4.7e-04   0.960    4068.23 1.5173e-05  12.638  -1.18e+05  -12.638   0.755  0.0185   87.0     1.00     126378  0.950
   8    0.2 4.5e-04   0.976    3913.22 1.5765e-05  11.678  -1.21e+05  -11.678   0.747  0.0115   87.0     1.00     144432  0.950
   9    0.2 4.3e-04   0.972    3757.73 1.6096e-05  11.142  -1.17e+05  -11.142   0.734  0.0139   87.0     1.00     162486  0.950
  10    0.2 4.1e-04   0.976    3564.03 1.7144e-05  10.165  -1.15e+05  -10.165   0.726  0.0090   87.0     1.00     180540  0.950
  11    0.2 3.9e-04   0.979    3497.01 1.4087e-05  12.248  -1.17e+05  -12.248   0.714  0.0066   87.0     1.00     198594  0.950
  12    0.2 3.7e-04   0.981    3430.52 1.5558e-05  10.865  -1.15e+05  -10.865   0.715  0.0102   87.0     1.00     216648  0.950
  13    0.2 3.5e-04   0.967    3268.32 1.5484e-05  10.747  -1.13e+05  -10.747   0.706  0.0152   87.0     1.00     234702  0.950
  14    0.2 3.3e-04   0.980    3150.50 1.2917e-05  12.470  -1.11e+05  -12.470   0.688  0.0088   87.0     1.00     252756  0.950
  15    0.2 3.1e-04   0.972    3037.90 1.5086e-05  10.479  -1.14e+05  -10.479   0.686  0.0128   87.0     1.00     270810  0.950
  16    0.2 3.0e-04   0.981    2927.86 1.478e-05   10.336  -1.13e+05  -10.336   0.680  0.0093   87.0     1.00     288864  0.950
  17    0.2 2.8e-04   0.984    2867.06 1.5438e-05   9.790   -1.1e+05   -9.790   0.665  0.0101   87.0     1.00     306918  0.950
  18    0.2 2.7e-04   0.975    2750.13 1.4715e-05  10.076  -1.11e+05  -10.076   0.658  0.0102   87.0     1.00     324972  0.950
  19    0.2 2.6e-04   0.985    2693.66 1.3973e-05  10.436  -1.11e+05  -10.436   0.646  0.0076   87.0     1.00     343026  0.950
  20    0.2 2.4e-04   0.993    2644.04 1.2628e-05  11.309   -1.1e+05  -11.309   0.642  0.0029   87.0     1.00     361080  0.950
  21    0.2 2.3e-04   0.981    2599.45 1.4312e-05   9.936  -1.09e+05   -9.936   0.633  0.0050   87.0     1.00     379134  0.950
  22    0.2 2.2e-04   0.986    2547.01 1.4187e-05   9.913   -1.1e+05   -9.913   0.628  0.0059   87.0     1.00     397188  0.950
  23    0.2 2.1e-04   0.977    2507.84 1.323e-05   10.539  -1.11e+05  -10.539   0.622  0.0082   87.0     1.00     415242  0.950
  24    0.2 2.0e-04   0.988    2465.62 1.255e-05   10.936   -1.1e+05  -10.936   0.613  0.0025   87.0     1.00     433296  0.950
  25    0.2 1.9e-04   0.982    2429.51 1.2975e-05  10.543   -1.1e+05  -10.543   0.608  0.0084   87.0     1.00     451350  0.950
  26    0.2 1.8e-04   0.987    2393.98 1.37e-05     9.868  -1.08e+05   -9.868   0.592  0.0064   87.0     1.00     469404  0.950
  27    0.2 1.7e-04   0.993    2358.66 1.2403e-05  10.737  -1.09e+05  -10.737   0.584  0.0052   87.0     1.00     487458  0.950
  28    0.2 1.6e-04   0.991    2320.28 1.159e-05   11.372  -1.09e+05  -11.372   0.569  0.0044   87.0     1.00     505512  0.950
  29    0.2 1.5e-04   0.984    2295.21 1.2158e-05  10.779   -1.1e+05  -10.779   0.571  0.0084   87.0     1.00     523566  0.950
  30    0.2 1.5e-04   0.996    2266.78 1.0751e-05  12.020  -1.08e+05  -12.020   0.554  0.0022   87.0     1.00     541620  0.950
  31    0.2 1.4e-04   0.987    2240.64 1.2447e-05  10.351  -1.09e+05  -10.351   0.538  0.0054   87.0     1.00     559674  0.950
  32    0.2 1.3e-04   0.990    2208.37 1.2059e-05  10.529  -1.08e+05  -10.529   0.531  0.0048   87.0     1.00     577728  0.950
  33    0.2 1.2e-04   0.989    2170.86 1.2546e-05   9.973  -1.07e+05   -9.973   0.509  0.0038   87.0     1.00     595782  0.950
  34    0.2 1.2e-04   0.990    2155.47 1.1e-05     11.373  -1.07e+05  -11.373   0.502  0.0036   87.0     1.00     613836  0.950
  35    0.2 1.1e-04   0.996    2155.21 1.0997e-05  11.331  -1.07e+05  -11.331   0.503  0.0015   87.0     1.00     631890  0.950
  36    0.2 1.1e-04   0.991    2146.54 1.1683e-05  10.644  -1.07e+05  -10.644   0.498  0.0044   87.0     1.00     649944  0.950
  37    0.2 1.0e-04   0.986    2111.02 1.334e-05    9.224  -1.06e+05   -9.224   0.473  0.0040   87.0     1.00     667998  0.950
  38    0.2 9.6e-05   0.992    2099.04 1.1451e-05  10.641  -1.06e+05  -10.641   0.467  0.0024   87.0     1.00     686052  0.950
  39    0.2 9.2e-05   0.992    2074.64 1.2243e-05   9.913  -1.06e+05   -9.913   0.464  0.0037   87.0     1.00     704106  0.950
  40    0.2 8.7e-05   0.990    2047.10 1.1554e-05  10.358  -1.06e+05  -10.358   0.442  0.0034   87.0     1.00     722160  0.950
  41    0.2 8.3e-05   0.991    2035.01 1.1621e-05  10.279  -1.06e+05  -10.279   0.431  0.0035   87.0     1.00     740214  0.950
  42    0.2 7.9e-05   0.994    2026.61 1.0597e-05  10.529  -1.05e+05  -10.529   0.425  0.0023   86.2     1.06     758268  0.950
  43    0.2 7.5e-05   0.990    2010.94 1.0048e-05  10.071  -1.06e+05  -10.071   0.417  0.0043   85.0     1.16     776322  0.950
  44    0.2 7.1e-05   0.992    1995.35 8.2089e-06  10.384  -1.05e+05  -10.384   0.400  0.0029   83.0     1.32     794376  0.950
  45    0.2 6.7e-05   0.994    1993.86 6.1993e-06  10.594  -1.06e+05  -10.594   0.404  0.0028   79.7     1.59     812430  0.950
  46    0.2 6.4e-05   0.988    1975.23 4.9418e-06  10.594  -1.07e+05  -10.594   0.390  0.0048   76.9     1.82     830484  0.950
  47    0.2 6.1e-05   0.991    1954.72 3.8876e-06  10.383  -1.06e+05  -10.383   0.379  0.0038   73.1     2.13     848538  0.950
  48    0.2 5.8e-05   0.991    1930.62 3.089e-06   10.176  -1.08e+05  -10.176   0.364  0.0041   68.6     2.50     866592  0.950
  49    0.2 5.5e-05   0.990    1906.42 2.1914e-06  10.176  -1.06e+05  -10.176   0.350  0.0033   63.4     2.92     884646  0.950
  50    0.2 5.2e-05   0.993    1900.15 1.5516e-06  10.176  -1.08e+05  -10.176   0.348  0.0031   57.7     3.39     902700  0.950
  51    0.2 5.0e-05   0.988    1880.43 1.2738e-06   9.931   -1.1e+05   -9.931   0.335  0.0039   52.4     3.82     920754  0.950
  52    0.2 4.7e-05   0.993    1873.03 1.0208e-06   9.758  -1.06e+05   -9.758   0.323  0.0030   46.9     4.27     938808  0.950
  53    0.2 4.5e-05   0.990    1859.47 4.7982e-07  10.870  -1.09e+05  -10.870   0.324  0.0046   41.4     4.71     956862  0.950
  54    0.2 4.2e-05   0.993    1844.70 3.9479e-07  10.696  -1.11e+05  -10.696   0.306  0.0031   36.6     5.10     974916  0.950
  55    0.2 4.0e-05   0.982    1837.95 1.8078e-07  11.808  -1.11e+05  -11.808   0.302  0.0088   31.7     5.50     992970  0.950
  56    0.2 3.8e-05   0.995    1831.96 2.4696e-07  10.757  -1.13e+05  -10.757   0.301  0.0020   27.3     5.86    1011024  0.950
  57    0.2 3.6e-05   0.994    1824.01 3.8511e-07   9.663  -1.11e+05   -9.663   0.296  0.0038   23.5     6.17    1029078  0.950
  58    0.2 3.5e-05   0.994    1818.59 5.464e-07    8.874  -1.12e+05   -8.874   0.294  0.0029   20.1     6.44    1047132  0.950
  59    0.2 3.3e-05   0.995    1804.77 2.7586e-07   9.707  -1.11e+05   -9.707   0.288  0.0026   17.2     6.68    1065186  0.950
  60    0.2 3.1e-05   0.994    1794.67 2.8356e-07   9.499  -1.09e+05   -9.499   0.284  0.0030   14.6     6.89    1083240  0.950
  61    0.2 3.0e-05   0.974    1782.60 7.1113e-08  11.493  -1.12e+05  -11.493   0.306  0.0094   12.3     7.08    1101294  0.950
  62    0.2 2.8e-05   0.995    1767.73 2.836e-07    9.237   -1.1e+05   -9.237   0.296  0.0022   10.7     7.21    1119348  0.950
  63    0.2 2.7e-05   0.996    1760.81 3.4341e-07   8.874  -1.11e+05   -8.874   0.285  0.0021    9.1     7.34    1137402  0.950
  64    0.2 2.5e-05   0.996    1752.69 5.3622e-07   8.248  -1.11e+05   -8.248   0.286  0.0019    7.7     7.45    1155456  0.950
  65    0.2 2.4e-05   0.996    1743.38 5.1889e-07   8.248  -1.11e+05   -8.248   0.278  0.0018    6.5     7.55    1173510  0.950
  66    0.2 2.3e-05   0.996    1735.65 4.9205e-07   8.248   -1.1e+05   -8.248   0.276  0.0025    5.5     7.64    1191564  0.950
  67    0.2 2.2e-05   0.997    1723.76 4.7658e-07   8.248   -1.1e+05   -8.248   0.264  0.0010    4.6     7.71    1209618  0.950
  68    0.2 2.1e-05   0.999    1724.35 4.6614e-07   8.248  -1.09e+05   -8.248   0.264  0.0007    3.8     7.78    1227672  0.950
  69    0.2 2.0e-05   0.998    1720.17 4.4835e-07   8.248  -1.09e+05   -8.248   0.259  0.0014    3.1     7.83    1245726  0.950
  70    0.2 1.9e-05   0.996    1710.61 4.4048e-07   8.248  -1.09e+05   -8.248   0.262  0.0018    2.5     7.87    1263780  0.950
  71    0.2 1.8e-05   0.998    1706.75 4.2423e-07   8.248   -1.1e+05   -8.248   0.257  0.0008    2.1     7.91    1281834  0.950
  72    0.2 1.7e-05   0.998    1702.75 4.3013e-07   8.248  -1.09e+05   -8.248   0.275  0.0009    1.7     7.94    1299888  0.950
  73    0.2 1.6e-05   0.998    1696.58 4.1268e-07   8.248  -1.09e+05   -8.248   0.263  0.0011    1.4     7.97    1317942  0.950
  74    0.2 1.5e-05   0.999    1692.05 4.1427e-07   8.248  -1.09e+05   -8.248   0.256  0.0005    1.2     7.99    1335996  0.950
  75    0.2 1.4e-05   0.998    1689.62 4.111e-07    8.248  -1.09e+05   -8.248   0.248  0.0009    1.0     8.00    1354050  0.950
  76    0.2 1.4e-05   0.999    1686.96 4.0395e-07   8.248  -1.09e+05   -8.248   0.246  0.0006    1.0     8.00    1372104  0.950
  77    0.2 1.3e-05   0.998    1683.55 4.0886e-07   8.248  -1.09e+05   -8.248   0.239  0.0007    1.0     8.00    1390158  0.950
  78    0.2 1.2e-05   0.998    1679.48 4.027e-07    8.248  -1.08e+05   -8.248   0.224  0.0007    1.0     8.00    1408212  0.950
  79    0.2 1.2e-05   0.999    1680.26 4.0209e-07   8.248  -1.08e+05   -8.248   0.225  0.0004    1.0     8.00    1426266  0.950
  80    0.2 1.1e-05   0.998    1677.20 4.0292e-07   8.248  -1.09e+05   -8.248   0.216  0.0006    1.0     8.00    1444320  0.950
  81    0.2 1.1e-05   0.999    1674.16 3.9919e-07   8.248  -1.08e+05   -8.248   0.212  0.0005    1.0     8.00    1462374  0.950
  82    0.2 1.0e-05   0.999    1671.95 4.0024e-07   8.248  -1.08e+05   -8.248   0.200  0.0005    1.0     8.00    1480428  0.950
  83    0.2 9.6e-06   0.999    1671.70 3.992e-07    8.248  -1.09e+05   -8.248   0.204  0.0004    1.0     8.00    1498482  0.950
  84    0.2 9.1e-06   0.999    1669.63 3.9408e-07   8.248  -1.08e+05   -8.248   0.193  0.0005    1.0     8.00    1516536  0.950
  85    0.2 8.7e-06   0.999    1668.37 4.0112e-07   8.248  -1.08e+05   -8.248   0.192  0.0003    1.0     8.00    1534590  0.950
  86    0.2 8.2e-06   1.000    1667.44 3.9766e-07   8.248  -1.08e+05   -8.248   0.191  0.0002    1.0     8.00    1552644  0.950
  87    0.2 7.8e-06   0.999    1666.27 3.9739e-07   8.248  -1.09e+05   -8.248   0.193  0.0003    1.0     8.00    1570698  0.950
  88    0.2 7.4e-06   0.999    1663.84 3.9595e-07   8.248  -1.09e+05   -8.248   0.177  0.0004    1.0     8.00    1588752  0.950
  89    0.2 7.1e-06   1.000    1662.69 3.9335e-07   8.248  -1.08e+05   -8.248   0.183  0.0003    1.0     8.00    1606806  0.950
  90    0.2 6.7e-06   0.999    1661.81 3.9205e-07   8.248  -1.08e+05   -8.248   0.174  0.0004    1.0     8.00    1624860  0.950
  91    0.2 6.4e-06   0.999    1660.96 3.9234e-07   8.248  -1.08e+05   -8.248   0.172  0.0003    1.0     8.00    1642914  0.950
  92    0.2 6.0e-06   1.000    1659.38 3.9161e-07   8.248  -1.08e+05   -8.248   0.174  0.0003    1.0     8.00    1660968  0.950
  93    0.2 5.7e-06   1.000    1658.33 3.9213e-07   8.248  -1.08e+05   -8.248   0.169  0.0002    1.0     8.00    1679022  0.950
  94    0.2 5.5e-06   1.000    1657.42 3.9259e-07   8.248  -1.08e+05   -8.248   0.159  0.0002    1.0     8.00    1697076  0.950
  95    0.2 5.2e-06   1.000    1656.67 3.9431e-07   8.248  -1.08e+05   -8.248   0.165  0.0002    1.0     8.00    1715130  0.950
  96    0.2 4.9e-06   1.000    1656.29 3.9259e-07   8.248  -1.08e+05   -8.248   0.165  0.0002    1.0     8.00    1733184  0.950
  97    0.2 4.7e-06   1.000    1655.66 3.9088e-07   8.248  -1.08e+05   -8.248   0.164  0.0001    1.0     8.00    1751238  0.950
  98    0.2 4.4e-06   1.000    1654.79 3.9094e-07   8.248  -1.08e+05   -8.248   0.154  0.0002    1.0     8.00    1769292  0.950
  99    0.2 4.2e-06   1.000    1654.77 3.9336e-07   8.248  -1.08e+05   -8.248   0.160  0.0002    1.0     8.00    1787346  0.950
 100    0.2 4.0e-06   1.000    1654.32 3.9043e-07   8.248  -1.08e+05   -8.248   0.154  0.0002    1.0     8.00    1805400  0.950
 101    0.2 3.8e-06   1.000    1653.31 3.9052e-07   8.248  -1.08e+05   -8.248   0.156  0.0002    1.0     8.00    1823454  0.950
 102    0.2 3.6e-06   1.000    1652.82 3.9065e-07   8.248  -1.08e+05   -8.248   0.154  0.0002    1.0     8.00    1841508  0.950
 103    0.2 3.4e-06   1.000    1652.36 3.9159e-07   8.248  -1.08e+05   -8.248   0.152  0.0001    1.0     8.00    1859562  0.950
 104    0.2 3.3e-06   1.000    1651.83 3.9058e-07   8.248  -1.08e+05   -8.248   0.148  0.0001    1.0     8.00    1877616  0.950
Agent's 2nd state: 
 105    0.2 2.6e-06   1.000    1651.40 3.9097e-07   8.248  -1.08e+05   -8.248   0.145  0.0002    1.0     8.00    1895670  0.800
Checkpoint saved: bb_costs=1651.05, TD costs=3.88838e-07, CPD=  8.248 (ns) 
 106    0.2 2.1e-06   0.999    1650.64 3.8837e-07   8.248  -1.08e+05   -8.248   0.103  0.0006    1.0     8.00    1913724  0.800
 107    0.2 1.7e-06   0.991    1663.12 1.3919e-07   9.499  -1.08e+05   -9.499   0.095  0.0028    1.0     8.00    1931778  0.800
 108    0.2 1.3e-06   0.899    1681.81 2.4847e-08  12.016  -1.08e+05  -12.016   0.093  0.0044    1.0     8.00    1949832  0.800
 109    0.2 1.1e-06   0.987    1694.15 1.2614e-07   9.863  -1.08e+05   -9.863   0.091  0.0037    1.0     8.00    1967886  0.800
 110    0.2 8.6e-07   0.909    1688.47 3.1002e-08  11.808  -1.08e+05  -11.808   0.092  0.0055    1.0     8.00    1985940  0.800
 111    0.2 6.9e-07   0.983    1694.65 1.1542e-07   9.863  -1.08e+05   -9.863   0.092  0.0031    1.0     8.00    2003994  0.800
 112    0.2 5.5e-07   0.914    1710.87 2.903e-08   11.808  -1.08e+05  -11.808   0.089  0.0047    1.0     8.00    2022048  0.800
 113    0.2 4.4e-07   0.983    1708.25 1.2984e-07   9.915  -1.08e+05   -9.915   0.089  0.0040    1.0     8.00    2040102  0.800
 114    0.2 3.5e-07   0.906    1709.54 2.8893e-08  12.016  -1.08e+05  -12.016   0.088  0.0047    1.0     8.00    2058156  0.800
 115    0.2 2.8e-07   0.978    1705.61 1.189e-07   10.009  -1.08e+05  -10.009   0.084  0.0043    1.0     8.00    2076210  0.800
 116    0.2 2.2e-07   0.879    1700.49 2.2349e-08  12.432  -1.08e+05  -12.432   0.091  0.0079    1.0     8.00    2094264  0.800
 117    0.2 1.8e-07   0.981    1700.69 1.2233e-07   9.915  -1.08e+05   -9.915   0.081  0.0025    1.0     8.00    2112318  0.800
 118    0.2 0.0e+00   0.897    1714.37 2.4923e-08  12.224  -1.08e+05  -12.224   0.053  0.0066    1.0     8.00    2130372  0.800
### Placement Quench took 0.16 seconds (max_rss 804.3 MiB)
post-quench CPD = 9.91518 (ns) 

Checkpoint restored

Completed placement consistency check successfully.

Swaps called: 2132992

Aborted Move Reasons:
  duplicate block move to location: 21
  macro move to location illegal: 2
  macro_from swap to location illegal: 1108

BB estimate of min-dist (placement) wire length: 263839

Placement estimated critical path delay (least slack): 8.24778 ns, Fmax: 121.245 MHz
Placement estimated critical path skew: -0.04243 ns
Placement estimated setup Worst Negative Slack (sWNS): -8.24778 ns
Placement estimated setup Total Negative Slack (sTNS): -108458 ns
Placement estimated setup Worst Skew (sWS): -0.04243 ns

Placement estimated setup slack histogram:
[ -8.2e-09: -7.4e-09)    21 (  0.0%) |
[ -7.4e-09: -6.6e-09)    51 (  0.1%) |
[ -6.6e-09: -5.8e-09)   200 (  0.4%) |
[ -5.8e-09:   -5e-09)   498 (  0.9%) |*
[   -5e-09: -4.2e-09)   603 (  1.1%) |*
[ -4.2e-09: -3.4e-09)  2053 (  3.9%) |****
[ -3.4e-09: -2.6e-09)  6801 ( 12.9%) |**************
[ -2.6e-09: -1.8e-09) 21765 ( 41.3%) |*********************************************
[ -1.8e-09:   -1e-09) 15450 ( 29.3%) |********************************
[   -1e-09: -1.9e-10)  5320 ( 10.1%) |***********

Placement estimated geomean non-virtual intra-domain period: 8.24778 ns (121.245 MHz)
Placement estimated fanout-weighted geomean non-virtual intra-domain period: 8.24778 ns (121.245 MHz)

Placement cost: 1, bb_cost: 1651.05, td_cost: 3.88838e-07, 

Placement resource usage:
  io      implemented as io     : 1084
  clb     implemented as clb    : 1235
  dsp_top implemented as dsp_top: 107
  memory  implemented as memory : 194

Placement number of temperatures: 118
Placement total # of swap attempts: 2132992
	Swaps accepted:  779081 (36.5 %)
	Swaps rejected: 1341401 (62.9 %)
	Swaps aborted:   12510 ( 0.6 %)


Placement perturbation distribution by block and move type: 
------------------ ----------------- ---------------- ---------------- --------------- ------------ 
    Block Type         Move Type       (%) of Total      Accepted(%)     Rejected(%)    Aborted(%)
------------------ ----------------- ---------------- ---------------- --------------- ------------ 
io                 Uniform                9.88             54.49           45.51          0.00         
                   Median                 9.83             59.79           39.37          0.84         
                   Centroid               9.82             60.13           39.87          0.00         
                   W. Centroid            9.84             60.20           39.80          0.00         
                   W. Median              0.65             24.32           74.86          0.83         

clb                Uniform                11.16            6.95            92.93          0.12         
                   Median                 11.24            35.35           63.87          0.78         
                   Centroid               11.22            33.11           66.79          0.11         
                   W. Centroid            11.30            33.73           66.16          0.11         
                   W. Median              0.74             3.06            96.01          0.92         
                   Crit. Uniform          1.58             0.30            99.70          0.00         
                   Feasible Region        1.59             0.53            99.47          0.00         

dsp_top            Uniform                0.97             1.67            98.33          0.00         
                   Median                 0.97             4.21            88.99          6.80         
                   Centroid               0.97             4.12            89.85          6.03         
                   W. Centroid            0.97             4.44            89.39          6.17         
                   W. Median              0.07             0.00            84.87          15.13        

memory             Uniform                1.78             7.49            92.51          0.00         
                   Median                 1.78             14.95           79.08          5.97         
                   Centroid               1.77             12.08           85.26          2.66         
                   W. Centroid            1.77             12.15           87.66          0.19         
                   W. Median              0.12             2.40            83.79          13.81        


Placement Quench timing analysis took 0.049402 seconds (0.0390873 STA, 0.0103147 slack) (1 full updates: 1 setup, 0 hold, 0 combined).
Placement Total  timing analysis took 6.13287 seconds (5.058 STA, 1.07487 slack) (121 full updates: 121 setup, 0 hold, 0 combined).
update_td_costs: connections 0.0509187 nets 0 sum_nets 0.0226677 total 0.0738252
## AP Detailed Placer took 20.48 seconds (max_rss 807.8 MiB, delta_rss +3.6 MiB)
Incr Slack updates 121 in 0.206418 sec
Full Max Req/Worst Slack updates 56 in 0.0617446 sec
Incr Max Req/Worst Slack updates 65 in 0.095418 sec
Incr Criticality updates 45 in 0.14487 sec
Full Criticality updates 76 in 0.421628 sec
Incr Slack updates 1 in 0.00174671 sec
Full Max Req/Worst Slack updates 1 in 0.00118365 sec
Incr Max Req/Worst Slack updates 0 in 0 sec
Incr Criticality updates 0 in 0 sec
Full Criticality updates 1 in 0.00623828 sec
# Analytical Placement took 96.51 seconds (max_rss 807.8 MiB, delta_rss +608.7 MiB)


# Routing
RR graph channel widths unchanged, skipping RR graph rebuild
## Initializing router criticalities
Initial Net Connection Criticality Histogram:
[        0:      0.1) 7209 ( 14.8%) |*************************************
[      0.1:      0.2) 8269 ( 17.0%) |******************************************
[      0.2:      0.3) 8135 ( 16.8%) |*****************************************
[      0.3:      0.4) 2664 (  5.5%) |**************
[      0.4:      0.5) 9042 ( 18.6%) |**********************************************
[      0.5:      0.6) 7012 ( 14.4%) |************************************
[      0.6:      0.7) 4387 (  9.0%) |**********************
[      0.7:      0.8) 1381 (  2.8%) |*******
[      0.8:      0.9)  396 (  0.8%) |**
[      0.9:        1)   70 (  0.1%) |
## Initializing router criticalities took 0.64 seconds (max_rss 807.8 MiB, delta_rss +0.0 MiB)
---- ------ ------- ---- ------- ------- ------- ----------------- --------------- -------- ---------- ---------- ---------- ---------- --------
Iter   Time    pres  BBs    Heap  Re-Rtd  Re-Rtd Overused RR Nodes      Wirelength      CPD       sTNS       sWNS       hTNS       hWNS Est Succ
      (sec)     fac Updt    push    Nets   Conns                                       (ns)       (ns)       (ns)       (ns)       (ns)     Iter
---- ------ ------- ---- ------- ------- ------- ----------------- --------------- -------- ---------- ---------- ---------- ---------- --------
   1    1.0     0.0    0 6027620   25862   41715   21360 ( 1.269%)  410234 (17.1%)    8.923 -1.704e+05     -8.923      0.000      0.000      N/A
   2    0.9     0.5    0 5200277   17828   31732    9653 ( 0.574%)  409136 (17.1%)    8.354 -1.412e+05     -8.354      0.000      0.000      N/A
   3    0.7     0.6    0 3529706   11536   21798    7063 ( 0.420%)  413204 (17.3%)    8.354 -1.457e+05     -8.354      0.000      0.000      N/A
   4    0.5     0.8    0 2493048    9098   17641    5376 ( 0.319%)  415880 (17.4%)    8.354 -1.435e+05     -8.354      0.000      0.000      N/A
   5    0.4     1.1    0 1865170    7106   14334    3791 ( 0.225%)  418420 (17.5%)    8.354 -1.436e+05     -8.354      0.000      0.000      N/A
   6    0.3     1.4    0 1201113    5259   10837    2767 ( 0.164%)  420775 (17.6%)    8.354 -1.440e+05     -8.354      0.000      0.000      N/A
   7    0.3     1.9    0  763566    3905    8190    1886 ( 0.112%)  422991 (17.7%)    8.354 -1.442e+05     -8.354      0.000      0.000      N/A
   8    0.2     2.4    0  546714    2807    6237    1304 ( 0.077%)  425122 (17.8%)    8.354 -1.442e+05     -8.354      0.000      0.000      N/A
   9    0.2     3.1    0  366424    1927    4507     806 ( 0.048%)  427085 (17.8%)    8.354 -1.443e+05     -8.354      0.000      0.000       27
  10    0.2     4.1    0  256106    1141    2985     441 ( 0.026%)  428959 (17.9%)    8.354 -1.443e+05     -8.354      0.000      0.000       24
  11    0.2     5.3    0  161283     646    1727     232 ( 0.014%)  429844 (18.0%)    8.354 -1.444e+05     -8.354      0.000      0.000       22
  12    0.1     6.9    0   91410     333     950     105 ( 0.006%)  430435 (18.0%)    8.354 -1.444e+05     -8.354      0.000      0.000       20
  13    0.1     9.0    0   58753     151     379      48 ( 0.003%)  430772 (18.0%)    8.354 -1.444e+05     -8.354      0.000      0.000       20
  14    0.1    11.6    0   26065      64     154      14 ( 0.001%)  430960 (18.0%)    8.354 -1.444e+05     -8.354      0.000      0.000       18
  15    0.1    15.1    0    8424      16      49       2 ( 0.000%)  431052 (18.0%)    8.354 -1.444e+05     -8.354      0.000      0.000       17
  16    0.1    19.7    0    2392       3      16       1 ( 0.000%)  431064 (18.0%)    8.354 -1.444e+05     -8.354      0.000      0.000       16
  17    0.1    25.6    0     906       1       5       0 ( 0.000%)  431060 (18.0%)    8.354 -1.444e+05     -8.354      0.000      0.000      N/A
Restoring best routing
Critical path: 8.35434 ns
Successfully routed after 17 routing iterations.
Final Net Connection Criticality Histogram:
[        0:      0.1) 7514 ( 15.5%) |***************************************
[      0.1:      0.2) 5976 ( 12.3%) |*******************************
[      0.2:      0.3) 8224 ( 16.9%) |*******************************************
[      0.3:      0.4) 3751 (  7.7%) |*******************
[      0.4:      0.5) 7443 ( 15.3%) |**************************************
[      0.5:      0.6) 8896 ( 18.3%) |**********************************************
[      0.6:      0.7) 4797 (  9.9%) |*************************
[      0.7:      0.8) 1426 (  2.9%) |*******
[      0.8:      0.9)  454 (  0.9%) |**
[      0.9:        1)   84 (  0.2%) |
Router Stats: total_nets_routed: 87683 total_connections_routed: 163256 total_heap_pushes: 22598977 total_heap_pops: 6240563 
Serial Connection Router is being destroyed. Time spent on path search: 2.890 seconds.
# Routing took 6.62 seconds (max_rss 834.2 MiB, delta_rss +26.3 MiB)

Checking to ensure routing is legal...
# Checking to ensure non-configurable edges are legal
# Checking to ensure non-configurable edges are legal took 0.08 seconds (max_rss 834.2 MiB, delta_rss +0.0 MiB)
Completed routing consistency check successfully.

Serial number (magic cookie) for the routing is: 188193622
Circuit successfully routed with a channel width factor of 160.
Incr Slack updates 18 in 0.0300213 sec
Full Max Req/Worst Slack updates 2 in 0.00235517 sec
Incr Max Req/Worst Slack updates 16 in 0.0244798 sec
Incr Criticality updates 15 in 0.0447245 sec
Full Criticality updates 3 in 0.0202111 sec
# Synchronize the packed netlist to routing optimization
## Annotating rr_node with routed nets
## Annotating rr_node with routed nets took 0.01 seconds (max_rss 834.2 MiB, delta_rss +0.0 MiB)
Found 44075 mismatches between routing and packing results.
Fixed 30760 routing traces due to mismatch between routing and packing results.
# Synchronize the packed netlist to routing optimization took 0.29 seconds (max_rss 834.2 MiB, delta_rss +0.0 MiB)
Final Clustering Statistics: 
----------   --------   ------------------------------------   --------------------------
Block Type   # Blocks   Avg. # of input clocks and pins used   Avg. # of output pins used
----------   --------   ------------------------------------   --------------------------
     EMPTY          0                                      0                            0   
        io       1084                              0.0295203                      0.97048   
       clb       1235                                27.9466                      15.3628   
   dsp_top        107                                40.9813                      20.1869   
    memory        194                                49.6598                      18.9691   
Absorbed logical nets 24200 out of 50065 nets, 25865 nets not absorbed.


Average number of bends per net: 1.60583  Maximum # of bends: 254

Number of global nets: 3
Number of routed nets (nonglobal): 25862
Wire length results (in units of 1 clb segments)...
	Total wirelength: 431060, average net length: 16.6677
	Maximum net length: 2282

Wire length results in terms of physical segments...
	Total wiring segments used: 95703, average wire segments per net: 3.70053
	Maximum segments used by a net: 500
	Total local nets with reserved CLB opins: 0
Total number of nets absorbed: 8

Routing channel utilization histogram:
[        1:      inf)    0 (  0.0%) |
[      0.9:        1)    0 (  0.0%) |
[      0.8:      0.9)    0 (  0.0%) |
[      0.7:      0.8)   33 (  0.2%) |
[      0.5:      0.6)  279 (  1.8%) |**
[      0.4:      0.5)  983 (  6.5%) |*******
[      0.3:      0.4) 1922 ( 12.7%) |***************
[      0.2:      0.3) 2636 ( 17.4%) |********************
[      0.1:      0.2) 3252 ( 21.5%) |*************************
[        0:      0.1) 6033 ( 39.9%) |**********************************************
Maximum routing channel utilization:      0.71 at (37,56)

X - Directed channels: layer   y   max occ   ave occ   ave cap
                        ----- ---- -------- -------- --------
                            0    0       58   28.360      160
                            0    1        6    0.651      160
                            0    2       10    0.837      160
                            0    3        7    1.953      160
                            0    4       36    3.721      160
                            0    5       37    2.930      160
                            0    6       25    3.581      160
                            0    7       43    6.512      160
                            0    8       64    8.326      160
                            0    9       65    9.442      160
                            0   10       66   13.349      160
                            0   11       60   11.488      160
                            0   12       49   13.302      160
                            0   13       48   14.209      160
                            0   14       65   17.581      160
                            0   15       50   16.360      160
                            0   16       53   17.023      160
                            0   17       52   18.174      160
                            0   18       71   24.081      160
                            0   19       52   19.465      160
                            0   20       54   18.814      160
                            0   21       63   20.233      160
                            0   22       72   24.093      160
                            0   23       67   22.884      160
                            0   24       56   18.686      160
                            0   25       52   19.384      160
                            0   26       53   22.512      160
                            0   27       72   26.988      160
                            0   28       66   25.849      160
                            0   29       52   23.767      160
                            0   30       65   26.395      160
                            0   31       81   31.837      160
                            0   32       66   35.616      160
                            0   33       65   30.070      160
                            0   34       59   29.465      160
                            0   35       50   21.884      160
                            0   36       48   23.047      160
                            0   37       53   27.395      160
                            0   38       74   33.698      160
                            0   39       77   35.570      160
                            0   40       68   32.756      160
                            0   41       85   39.012      160
                            0   42       95   46.698      160
                            0   43       80   40.186      160
                            0   44       82   38.360      160
                            0   45       86   39.907      160
                            0   46       81   37.651      160
                            0   47       81   38.384      160
                            0   48       93   43.349      160
                            0   49       82   43.372      160
                            0   50       89   43.953      160
                            0   51       97   41.337      160
                            0   52       89   45.814      160
                            0   53      100   46.000      160
                            0   54       88   45.674      160
                            0   55       94   44.407      160
                            0   56      101   46.651      160
                            0   57       86   46.314      160
                            0   58       92   40.860      160
                            0   59       79   35.895      160
                            0   60       82   37.442      160
                            0   61       87   42.663      160
                            0   62       82   46.895      160
                            0   63       92   47.872      160
                            0   64       81   44.163      160
                            0   65       85   46.035      160
                            0   66       89   45.907      160
                            0   67       79   41.035      160
                            0   68       87   43.616      160
                            0   69       88   41.256      160
                            0   70       82   37.047      160
                            0   71       87   31.767      160
                            0   72       86   28.512      160
                            0   73       77   32.151      160
                            0   74       84   35.872      160
                            0   75       74   33.826      160
                            0   76       90   30.558      160
                            0   77       77   27.407      160
                            0   78       74   24.895      160
                            0   79       60   17.767      160
                            0   80       40   13.512      160
                            0   81       54   14.407      160
                            0   82       44   11.884      160
                            0   83       30    7.070      160
                            0   84       16    3.767      160
                            0   85       10    2.605      160
                            0   86       69   36.651      160
Y - Directed channels: layer   x   max occ   ave occ   ave cap
                        ----- ---- -------- -------- --------
                            0    0       72   24.442      160
                            0    1       43   18.756      160
                            0    2       68   28.256      160
                            0    3       29   10.767      160
                            0    4       55   18.291      160
                            0    5       80   40.279      160
                            0    6       82   37.151      160
                            0    7       62   17.279      160
                            0    8       50   16.872      160
                            0    9       59   15.802      160
                            0   10       69   14.698      160
                            0   11       58   12.465      160
                            0   12       44    8.384      160
                            0   13       63    8.884      160
                            0   14       75   17.547      160
                            0   15       86   20.360      160
                            0   16       84   25.058      160
                            0   17       88   43.791      160
                            0   18       95   49.849      160
                            0   19       85   29.244      160
                            0   20       78   41.442      160
                            0   21       96   57.872      160
                            0   22       86   49.337      160
                            0   23       64   28.733      160
                            0   24       62   24.070      160
                            0   25       79   26.849      160
                            0   26       89   27.605      160
                            0   27       86   24.686      160
                            0   28       67   22.198      160
                            0   29       69   24.523      160
                            0   30       88   32.663      160
                            0   31       91   31.593      160
                            0   32       88   34.547      160
                            0   33       96   56.070      160
                            0   34       85   55.698      160
                            0   35       82   36.174      160
                            0   36       93   41.570      160
                            0   37      114   57.791      160
                            0   38      103   56.174      160
                            0   39       88   40.372      160
                            0   40       74   33.965      160
                            0   41       79   26.674      160
                            0   42       79   25.791      160
                            0   43       79   29.895      160
                            0   44       65   23.791      160
                            0   45       60   19.140      160
                            0   46       62   27.651      160
                            0   47       62   31.744      160
                            0   48       71   34.012      160
                            0   49       69   51.384      160
                            0   50       93   59.372      160
                            0   51      102   37.837      160
                            0   52       98   44.395      160
                            0   53      107   56.663      160
                            0   54       88   41.349      160
                            0   55       81   24.198      160
                            0   56       66   25.779      160
                            0   57       67   21.860      160
                            0   58       75   20.512      160
                            0   59       64   17.651      160
                            0   60       51   18.895      160
                            0   61       49   19.151      160
                            0   62       63   26.337      160
                            0   63       72   25.988      160
                            0   64       61   29.186      160
                            0   65       82   50.326      160
                            0   66       91   62.407      160
                            0   67       79   43.407      160
                            0   68       89   40.081      160
                            0   69       99   50.151      160
                            0   70       82   38.674      160
                            0   71       45    9.698      160
                            0   72       29    9.023      160
                            0   73       43    9.198      160
                            0   74       32    8.407      160
                            0   75       35    8.163      160
                            0   76       16    6.140      160
                            0   77       41   11.058      160
                            0   78       51   15.814      160
                            0   79       38   17.779      160
                            0   80       44   18.628      160
                            0   81       66   35.593      160
                            0   82       82   45.081      160
                            0   83       70   31.105      160
                            0   84       83   31.570      160
                            0   85       71   31.535      160
                            0   86       44   24.430      160

Total existing wires segments: CHANX   1197120, CHANY   1197120, CHANZ         0, ALL   2394240
Total used wires segments:     CHANX    207492, CHANY    223568, CHANZ         0, ALL    431060
Usage percentage:              CHANX     17.3%, CHANY     18.7%, CHANZ      0.0%, ALL     18.0%

Logic area (in minimum width transistor areas, excludes I/Os and empty grid tiles)...
	Total logic block area (Warning, need to add pitch of routing to blocks with height > 3): 2.4541e+08
	Total used logic block area: 8.83235e+07

Routing area (in minimum width transistor areas)...
	Total routing area: 9.66431e+07, per logic tile: 12479.7

Total Number of Wiring Segments by Direction: direction length number
                                              --------- ------ -------
                                                      X      4 267132
                                                      Y      4 267132
                                                      X     16  12084
                                                      Y     16  12084

X - Directed Wiring Segment usage by length: length utilization
                                             ------ -----------
                                             4        0.17
                                            16       0.146

Y - Directed Wiring Segment usage by length: length utilization
                                             ------ -----------
                                             4       0.172
                                            16       0.216

Segment occupancy by length: Length Occupancy Capacity Utilization
                             ------ --------- -------- -----------
                             L4         91334   534264       0.171
                             L16         4369    24168       0.181

Segment occupancy by type: name type utilization
                           ---- ---- -----------
                             L4    0       0.171
                            L16    1       0.181

Final hold Worst Negative Slack (hWNS): 0 ns
Final hold Total Negative Slack (hTNS): 0 ns
Final hold Worst Skew (hWS): 0 ns

Final hold slack histogram:
[  4.1e-11:  6.8e-10) 3626 (  6.9%) |******************
[  6.8e-10:  1.3e-09) 9376 ( 17.8%) |**********************************************
[  1.3e-09:    2e-09) 7949 ( 15.1%) |***************************************
[    2e-09:  2.6e-09) 9314 ( 17.7%) |**********************************************
[  2.6e-09:  3.2e-09) 9404 ( 17.8%) |**********************************************
[  3.2e-09:  3.9e-09) 7469 ( 14.2%) |*************************************
[  3.9e-09:  4.5e-09) 3654 (  6.9%) |******************
[  4.5e-09:  5.2e-09) 1570 (  3.0%) |********
[  5.2e-09:  5.8e-09)  260 (  0.5%) |*
[  5.8e-09:  6.4e-09)  140 (  0.3%) |*

Final critical path delay (least slack): 8.35434 ns, Fmax: 119.698 MHz
Final critical path skew: -0.04243 ns
Final setup Worst Negative Slack (sWNS): -8.35434 ns
Final setup Total Negative Slack (sTNS): -144371 ns
Final setup Worst Skew (sWS): -0.04243 ns

Final setup slack histogram:
[ -8.4e-09: -7.5e-09)    15 (  0.0%) |
[ -7.5e-09: -6.7e-09)    53 (  0.1%) |
[ -6.7e-09: -5.9e-09)   316 (  0.6%) |*
[ -5.9e-09: -5.1e-09)   950 (  1.8%) |***
[ -5.1e-09: -4.3e-09)  3707 (  7.0%) |***********
[ -4.3e-09: -3.5e-09)  9006 ( 17.1%) |****************************
[ -3.5e-09: -2.6e-09) 12659 ( 24.0%) |***************************************
[ -2.6e-09: -1.8e-09) 14630 ( 27.7%) |*********************************************
[ -1.8e-09:   -1e-09)  6589 ( 12.5%) |********************
[   -1e-09: -1.9e-10)  4837 (  9.2%) |***************

Final geomean non-virtual intra-domain period: 8.35434 ns (119.698 MHz)
Final fanout-weighted geomean non-virtual intra-domain period: 8.35434 ns (119.698 MHz)

Incr Slack updates 1 in 0.00170046 sec
Full Max Req/Worst Slack updates 1 in 0.0011947 sec
Incr Max Req/Worst Slack updates 0 in 0 sec
Incr Criticality updates 0 in 0 sec
Full Criticality updates 1 in 0.0067824 sec
Flow timing analysis took 9.34735 seconds (7.9975 STA, 1.34985 slack) (141 full updates: 122 setup, 0 hold, 19 combined).
VPR succeeded
The entire flow of VPR took 107.67 seconds (max_rss 834.2 MiB)

