VPR FPGA Placement and Routing.
Version: 9.0.0-dev+v8.0.0-18248-g40f8d19708
Revision: v8.0.0-18248-g40f8d19708
Compiled: 2026-09-22T03:43:48
Compiler: GNU 13.3.0 on Linux-5.15.0-119-generic x86_64
Build Info: release IPO VTR_ASSERT_LEVEL=2

University of Toronto
verilogtorouting.org
vtr-users@googlegroups.com
This is free open source code under MIT license.

VPR was run with the following command-line:
/inspire/hdd/project/project-public/changshunjie-253114010247/changshunjie-253114010247/workspace/DAC2027/vtr/vtr-verilog-to-routing/vpr/vpr /inspire/hdd/project/project-public/changshunjie-253114010247/changshunjie-253114010247/workspace/DAC2027/vtr/vtr-verilog-to-routing/vtr_flow/arch/COFFE_22nm/k6FracN10LB_mem20K_complexDSP_customSB_22nm.xml /inspire/hdd/project/project-public/changshunjie-253114010247/changshunjie-253114010247/workspace/DAC2027/TailCompile/experiments/vtr/runs/pilot_v1/sha/full-seed1-w300/sha.pre-vpr.blif --analytical_place --route --analysis --ap_full_legalizer flat-recon --ap_detailed_placer annealer --seed 12 --route_chan_width 110 --write_flat_place /inspire/hdd/project/project-public/changshunjie-253114010247/changshunjie-253114010247/workspace/DAC2027/TailCompile/vtr_work/tailcompile_v3/sha/4x4/gnn_candidate-fp4552eb69-flat-recon-annealer-seed12-w110-devw14/post_route.fplace --write_legalized_flat_place /inspire/hdd/project/project-public/changshunjie-253114010247/changshunjie-253114010247/workspace/DAC2027/TailCompile/vtr_work/tailcompile_v3/sha/4x4/gnn_candidate-fp4552eb69-flat-recon-annealer-seed12-w110-devw14/post_legalizer.fplace --flat_place_verbosity 1 --device_width 14 --net_file /inspire/hdd/project/project-public/changshunjie-253114010247/changshunjie-253114010247/workspace/DAC2027/TailCompile/vtr_work/tailcompile_v3/sha/4x4/gnn_candidate-fp4552eb69-flat-recon-annealer-seed12-w110-devw14/sha.locked-input.net --read_flat_place /inspire/hdd/global_user/changshunjie-253114010247/workspace/DAC2027/TailCompile/experiments/vtr/tailcompile_v3/sha/4x4/pools/bootstrap_24/candidate_19_seed12046.fplace

Using up to 1 parallel worker(s)

Architecture file: /inspire/hdd/project/project-public/changshunjie-253114010247/changshunjie-253114010247/workspace/DAC2027/vtr/vtr-verilog-to-routing/vtr_flow/arch/COFFE_22nm/k6FracN10LB_mem20K_complexDSP_customSB_22nm.xml
Circuit name: sha.pre-vpr

# Loading Architecture Description
# Loading Architecture Description took 0.04 seconds (max_rss 18.9 MiB, delta_rss +0.0 MiB)

Timing analysis: ON
Circuit netlist file: /inspire/hdd/project/project-public/changshunjie-253114010247/changshunjie-253114010247/workspace/DAC2027/TailCompile/vtr_work/tailcompile_v3/sha/4x4/gnn_candidate-fp4552eb69-flat-recon-annealer-seed12-w110-devw14/sha.locked-input.net
Circuit placement file: sha.pre-vpr.place
Circuit routing file: sha.pre-vpr.route
Circuit SDC file: sha.pre-vpr.sdc
Vpr floorplanning constraints file: not specified

Packer: DISABLED
Placer: DISABLED
Analytical Placer: ENABLED
Router: ENABLED
Analysis: ENABLED

VPR was run with the following options:

netlist_opts.absorb_buffer_luts            : true
netlist_opts.sweep_dangling_primary_ios    : true
netlist_opts.sweep_dangling_nets           : true
netlist_opts.sweep_dangling_blocks         : true
netlist_opts.sweep_constant_primary_outputs: false
netlist_opts.netlist_verbosity             : 1
netlist_opts.const_gen_inference           : COMB_SEQ

AnalyticalPlacerOpts.analytical_solver_type: lp-b2b
AnalyticalPlacerOpts.partial_legalizer_type: bipartitioning
AnalyticalPlacerOpts.full_legalizer_type: flat-recon
AnalyticalPlacerOpts.detailed_placer_type: annealer
AnalyticalPlacerOpts.ap_timing_tradeoff: 0.500000
AnalyticalPlacerOpts.ap_high_fanout_threshold: 256
AnalyticalPlacerOpts.log_verbosity: 1
router_opts.route_type: DETAILED
router_opts.flat_routing: false
router_opts.choke_points: on
router_opts.router_algorithm: TIMING_DRIVEN
router_opts.base_cost_type: DELAY_NORMALIZED_LENGTH
router_opts.fixed_channel_width: 110
router_opts.check_route: FULL
router_opts.acc_fac: 1.000000
router_opts.bb_factor: 3
router_opts.bend_cost: 0.000000
router_opts.first_iter_pres_fac: 0.000000
router_opts.initial_pres_fac: 0.500000
router_opts.pres_fac_mult: 1.300000
router_opts.max_pres_fac: 1000.000000
router_opts.max_router_iterations: 50
router_opts.min_incremental_reroute_fanout: 16
router_opts.initial_acc_cost_chan_congestion_threshold: 0.500000
router_opts.initial_acc_cost_chan_congestion_weight: 0.500000
router_opts.do_check_rr_graph: true
router_opts.verify_binary_search: false
router_opts.min_channel_width_hint: 0
router_opts.read_rr_edge_metadata: false
router_opts.exit_after_first_routing_iteration: false
router_opts.astar_fac: 1.200000
router_opts.astar_offset: 0.000000
router_opts.router_profiler_astar_fac: 1.200000
router_opts.enable_parallel_connection_router: false
router_opts.post_target_prune_fac: 1.200000
router_opts.post_target_prune_offset: 0
router_opts.multi_queue_num_threads: 1
router_opts.multi_queue_num_queues: 2
router_opts.multi_queue_direct_draining: false
router_opts.criticality_exp: 1.000000
router_opts.max_criticality: 0.990000
router_opts.init_wirelength_abort_threshold: 0.850000
router_opts.incr_reroute_delay_ripup: AUTO
router_opts.save_routing_per_iteration: false
router_opts.congested_routing_iteration_threshold_frac: 1.000000
router_opts.high_fanout_threshold: 64
router_opts.router_debug_net: -2
router_opts.router_debug_sink_rr: -2
router_opts.router_debug_iteration: -2
router_opts.max_convergence_count: 1
router_opts.reconvergence_cpd_threshold: 0.990000
router_opts.update_lower_bound_delays: true
router_opts.first_iteration_timing_report_file: 
router_opts.route_bb_update: DYNAMIC
router_opts.lookahead_type: MAP
router_opts.initial_timing: LOOKAHEAD
router_opts.router_heap: FOUR_ARY_HEAP
router_opts.routing_failure_predictor = SAFE
router_opts.routing_predictor_min_history: 8
router_opts.routing_budgets_algorithm = DISABLE

analysis_opts.gen_post_synthesis_netlist: false
analysis_opts.gen_post_implementation_merged_netlist: false
analysis_opts.gen_post_implementation_sdc: false
analysis_opts.timing_report_npaths: 100
analysis_opts.timing_report_skew: false
analysis_opts.echo_dot_timing_graph_node: -1
analysis_opts.timing_report_detail: NETLIST
analysis_opts.post_synth_netlist_unconn_input_handling: UNCONNECTED
analysis_opts.post_synth_netlist_unconn_output_handling: UNCONNECTED
analysis_opts.post_synth_netlist_module_parameters: on

# Building complex block graph
# Building complex block graph took 0.11 seconds (max_rss 24.6 MiB, delta_rss +5.7 MiB)
Circuit file: /inspire/hdd/project/project-public/changshunjie-253114010247/changshunjie-253114010247/workspace/DAC2027/TailCompile/experiments/vtr/runs/pilot_v1/sha/full-seed1-w300/sha.pre-vpr.blif
# Load circuit
Found 3 constant generator(s) in the netlist (2 constant-zero, 1 constant-one) (run with --netlist_verbosity 2 to list names)
# Load circuit took 0.03 seconds (max_rss 28.3 MiB, delta_rss +3.7 MiB)
# Clean circuit
Absorbed 0 LUT buffers
Found 22 primitive output pin(s) driven only by constants; marked them as constants
Swept input(s)      : 0
Swept output(s)     : 0 (0 dangling, 0 constant)
Swept net(s)        : 22
Swept block(s)      : 0
Constant Pins Marked: 22
# Clean circuit took 0.00 seconds (max_rss 28.3 MiB, delta_rss +0.0 MiB)
# Compress circuit
# Compress circuit took 0.00 seconds (max_rss 28.3 MiB, delta_rss +0.0 MiB)
# Verify circuit
# Verify circuit took 0.00 seconds (max_rss 28.3 MiB, delta_rss +0.0 MiB)
Circuit Statistics:
  Blocks: 2491
    .input :      38
    .latch :     893
    .names :    1215
        0-LUT:       2
        1-LUT:       1
        2-LUT:      63
        3-LUT:     106
        4-LUT:      88
        5-LUT:     314
        6-LUT:     641
    .output:      36
    adder  :     309
  Nets  : 2742
    Avg Fanout:     3.3
    Max Fanout:   893.0
    Min Fanout:     1.0
  Netlist Clocks: 1
# Build Timing Graph
  Timing Graph Nodes: 11695
  Timing Graph Edges: 18725
  Timing Graph Levels: 84
# Build Timing Graph took 0.01 seconds (max_rss 31.7 MiB, delta_rss +3.1 MiB)
Netlist contains 1 clocks
  Netlist Clock 'clk_i' Fanout: 893 pins (7.6%), 893 blocks (35.8%)
# Load Timing Constraints

SDC file 'sha.pre-vpr.sdc' not found
Setting default timing constraints:
   * constrain all primary inputs and primary outputs on netlist clock 'clk_i'
   * optimize netlist clock to run as fast as possible
Timing constraints created 1 clocks
  Constrained Clock 'clk_i' Source: 'clk_i.inpad[0]'

# Load Timing Constraints took 0.00 seconds (max_rss 31.7 MiB, delta_rss +0.0 MiB)
# Analytical Placement
## Prepacker

There is one chain in this architecture called "chain" with the following starting points:
	clb[0]/lab[0]/fle[0]/ble5[0]/arithmetic[0]/adder[0].cin[0]

## Prepacker took 0.00 seconds (max_rss 32.0 MiB, delta_rss +0.3 MiB)
## Initializing Pre-Cluster Timing
Using inter-cluster delay: 2.1832e-09
## Initializing Pre-Cluster Timing took 0.20 seconds (max_rss 32.7 MiB, delta_rss +0.7 MiB)
## Estimate Device Size
Device layout 'auto' with fixed width 14.
FPGA sized to 14 x 14: 196 grid tiles (auto)
## Estimate Device Size took 0.00 seconds (max_rss 32.7 MiB, delta_rss +0.0 MiB)
## Ram Mapper
Flat Placement is provided, skipping the RAM mapping.
## Ram Mapper took 0.00 seconds (max_rss 32.7 MiB, delta_rss +0.0 MiB)
## Read Atom Netlist to AP Netlist
## Read Atom Netlist to AP Netlist took 0.01 seconds (max_rss 36.5 MiB, delta_rss +3.8 MiB)
Analytical Placement Netlist Statistics:
	AP Blocks: 1315
		Moveable AP Blocks: 1315
		Fixed AP Blocks: 0
	AP Nets: 1563
		Average Fanout: 4.51
		Highest Fanout: 194
	AP Pins: 11695

## Computing placement delta delay look-up
### Build routing resource graph
### Build routing resource graph took 0.11 seconds (max_rss 47.6 MiB, delta_rss +11.1 MiB)
  RR Graph Nodes: 33828
  RR Graph Edges: 257320
### Computing router lookahead map
#### Computing wire lookahead
#### Computing wire lookahead took 0.04 seconds (max_rss 48.3 MiB, delta_rss +0.5 MiB)
#### Computing src/opin lookahead
Warning 1: Found no more sample locations for SOURCE in io
Warning 2: Found no more sample locations for OPIN in io
Warning 3: Found no more sample locations for SOURCE in clb
Warning 4: Found no more sample locations for OPIN in clb
Warning 5: Found no more sample locations for SOURCE in dsp_top
Warning 6: Found no more sample locations for OPIN in dsp_top
Warning 7: Found no more sample locations for SOURCE in memory
Warning 8: Found no more sample locations for OPIN in memory
#### Computing src/opin lookahead took 0.00 seconds (max_rss 48.3 MiB, delta_rss +0.0 MiB)
### Computing router lookahead map took 0.05 seconds (max_rss 48.3 MiB, delta_rss +0.5 MiB)
Serial Connection Router is being destroyed. Time spent on path search: 0.000 seconds.
## Computing placement delta delay look-up took 0.17 seconds (max_rss 48.3 MiB, delta_rss +11.9 MiB)
Flat Placement is provided in the AP flow, skipping the Global Placement.
0 of 1315 molecules placed at device center (no atoms of these molecules found in flat placement).
## AP Full Legalizer
### Creating Clusters
Device (width, height): (14,14)
#### Sorting and Grouping Blocks by Tile
#### Sorting and Grouping Blocks by Tile took 0.00 seconds (max_rss 48.3 MiB, delta_rss +0.0 MiB)
#### Reconstruction Pass Clustering
#### Reconstruction Pass Clustering took 2.10 seconds (max_rss 49.9 MiB, delta_rss +1.6 MiB)
#### Orphan Window Clustering with search radius 8
#### Orphan Window Clustering with search radius 8 took 0.01 seconds (max_rss 49.9 MiB, delta_rss +0.0 MiB)
FPGA sized to 14 x 14: 196 grid tiles (auto)
Device Utilization: 0.62 (target 1.00)
	Block Utilization: 0.19 Type: io
	Block Utilization: 0.93 Type: clb

----------------------------------------------------------------
                       Clustering Summary                       
----------------------------------------------------------------
Clusters created (Self Clustering)                       : 185
    clb        : 111
    io         : 74
Clusters created (Orphan Window Clustering)              : 1
    clb        : 1
Total clusters                                           : 186
Percent of clusters created in Orphan Window Clustering  : 0.54%
Molecules clustered in each stage breakdown  : (Total of 1315)
	Self Clustering          (0.996958)  : 1311
 	Neighbor Clustering      (0.000000)  : 0
	Orphan Window Clustering (0.003042)  : 4
----------------------------------------------------------------

Final Clustering Statistics: 
----------   --------   ------------------------------------   --------------------------
Block Type   # Blocks   Avg. # of input clocks and pins used   Avg. # of output pins used
----------   --------   ------------------------------------   --------------------------
     EMPTY          0                                      0                            0   
        io         74                               0.486486                     0.513514   
       clb        112                                25.4196                      8.98214   
   dsp_top          0                                      0                            0   
    memory          0                                      0                            0   
Absorbed logical nets 1698 out of 2742 nets, 1044 nets not absorbed.
#### Load packing
##### Loading packed FPGA netlist file.
Netlist generated from file '/inspire/hdd/project/project-public/changshunjie-253114010247/changshunjie-253114010247/workspace/DAC2027/TailCompile/vtr_work/tailcompile_v3/sha/4x4/gnn_candidate-fp4552eb69-flat-recon-annealer-seed12-w110-devw14/sha.locked-input.net'.
Detected 2 constant generators (to see names run with higher pack verbosity)
##### Loading packed FPGA netlist file. took 0.18 seconds (max_rss 61.7 MiB, delta_rss +6.8 MiB)
Warning 9: Treated 2 constant nets as global which will not be routed (to see net names increase packer verbosity).
Netlist contains 33 global net to non-global architecture pin connections
Completed clustering consistency check successfully.
Cluster level netlist and block usage statistics
Netlist num_nets: 1044
Netlist num_blocks: 186
Netlist EMPTY blocks: 0.
Netlist io blocks: 74.
Netlist clb blocks: 112.
Netlist dsp_top blocks: 0.
Netlist memory blocks: 0.
Netlist inputs pins: 38
Netlist output pins: 36

Pb types usage...
  io               : 74
   inpad           : 38
   outpad          : 36
  clb              : 112
   lab             : 112
    fle            : 1086
     ble5          : 882
      flut5        : 573
       lut5        : 573
        lut        : 573
       ff          : 353
      arithmetic   : 309
       adder       : 309
     ble6          : 642
      lut6         : 642
       lut         : 642
      ff           : 540

#### Load packing took 0.26 seconds (max_rss 100.3 MiB, delta_rss +45.4 MiB)
Netlist contains 33 global net to non-global architecture pin connections
Cluster level netlist and block usage statistics
Netlist num_nets: 1044
Netlist num_blocks: 186
Netlist EMPTY blocks: 0.
Netlist io blocks: 74.
Netlist clb blocks: 112.
Netlist dsp_top blocks: 0.
Netlist memory blocks: 0.
Netlist inputs pins: 38
Netlist output pins: 36
### Creating Clusters took 2.49 seconds (max_rss 100.3 MiB, delta_rss +51.9 MiB)
Completed clustering consistency check successfully.
FPGA sized to 14 x 14: 196 grid tiles (auto)
### Compressed grid construction
### Compressed grid construction took 0.00 seconds (max_rss 100.3 MiB, delta_rss +0.0 MiB)
### Initial Placement
Placing clusters that are part of larger macros...
Number of blocks to be placed: 18
Max distance on device: 28
---- ---------- ---------- -------------
Pass Max Displ. Num Blocks Num Blocks   
     Threshold  Placed     Left Unplaced
---- ---------- ---------- -------------
   0          0         12             6
   1          1          4             2
   2          2          2             0

Placing general clusters...
Number of blocks to be placed: 168
Max distance on device: 28
---- ---------- ---------- -------------
Pass Max Displ. Num Blocks Num Blocks   
     Threshold  Placed     Left Unplaced
---- ---------- ---------- -------------
   0          0        160             8
   1          1          1             7
   2          2          1             6
   3          4          3             3
   4          8          2             1
   5         16          1             0

### Initial Placement took 0.00 seconds (max_rss 100.3 MiB, delta_rss +0.0 MiB)
Flat Placement Reconstruction Info:
	Percent of clusters with reconstruction errors: 0.537634
	Total displacement of initial placement from flat placement: 1525.000000
	Average atom displacement of initial placement from flat placement: 0.612204
	Max atom displacement of initial placement from flat placement: 13.000000
	Percent of atoms misplaced from the flat placement: 19.429947
## AP Full Legalizer took 2.49 seconds (max_rss 100.3 MiB, delta_rss +51.9 MiB)

Resource usage...
	Netlist
		74	blocks of type: io
	Architecture
		384	blocks of type: io
	Netlist
		112	blocks of type: clb
	Architecture
		120	blocks of type: clb
	Netlist
		0	blocks of type: dsp_top
	Architecture
		3	blocks of type: dsp_top
	Netlist
		0	blocks of type: memory
	Architecture
		6	blocks of type: memory

Device Utilization: 0.62 (target 1.00)
	Physical Tile io:
	Block Utilization: 0.19 Logical Block: io
	Physical Tile clb:
	Block Utilization: 0.93 Logical Block: clb
	Physical Tile dsp_top:
	Block Utilization: 0.00 Logical Block: dsp_top
	Physical Tile memory:
	Block Utilization: 0.00 Logical Block: memory

## Computing placement delta delay look-up
RR graph channel widths unchanged, skipping RR graph rebuild
Serial Connection Router is being destroyed. Time spent on path search: 0.000 seconds.
## Computing placement delta delay look-up took 0.00 seconds (max_rss 100.7 MiB, delta_rss +0.3 MiB)
Using simple RL 'Softmax agent' for choosing move and block types

Completed placement consistency check successfully.
Initial placement cost: 1 bb_cost: 103.399 td_cost: 6.36042e-07
Initial placement BB estimate of wirelength: 11350.8
Initial placement estimated Critical Path Delay (CPD): 11.5674 ns
Initial placement estimated setup Total Negative Slack (sTNS): -3276.48 ns
Initial placement estimated setup Worst Negative Slack (sWNS): -11.5674 ns

Initial placement estimated setup slack histogram:
[ -1.2e-08:   -1e-08)  23 (  2.5%) |**
[   -1e-08: -9.4e-09)   9 (  1.0%) |*
[ -9.4e-09: -8.3e-09)   0 (  0.0%) |
[ -8.3e-09: -7.2e-09)   0 (  0.0%) |
[ -7.2e-09: -6.1e-09)   0 (  0.0%) |
[ -6.1e-09:   -5e-09)   0 (  0.0%) |
[   -5e-09:   -4e-09) 128 ( 13.8%) |**********
[   -4e-09: -2.9e-09) 616 ( 66.3%) |***********************************************
[ -2.9e-09: -1.8e-09)  93 ( 10.0%) |*******
[ -1.8e-09:   -7e-10)  60 (  6.5%) |*****
Placement contains 9 placement macros involving 18 blocks (average macro size 2.000000)

Moves per temperature: 530
## AP Detailed Placer

---- ------ ------- ------- ---------- ---------- ------- ---------- -------- ------- ------- ------ -------- --------- ------
Tnum  Time     T    AvCost  Av BB Cost Av TD Cost   CPD      sTNS      sWNS   AcRate  StdDev  R lim  CritExp  TotMoves  Alpha 
     (sec)                                          (ns)     (ns)      (ns)                                                   
---- ------ ------- ------- ---------- ---------- ------- ---------- -------- ------- ------- ------ -------- --------- ------
   1    0.0 4.0e-03   1.027      98.40 6.2611e-07  11.059  -3.33e+03  -11.059   0.700  0.0089   13.0     1.00        530  1.000
   2    0.0 3.8e-03   1.003     100.60 6.4256e-07  10.876  -3.31e+03  -10.876   0.725  0.0122   13.0     1.00       1060  0.950
   3    0.0 3.6e-03   0.972      98.72 6.4596e-07  10.656  -3.12e+03  -10.656   0.711  0.0090   13.0     1.00       1590  0.950
   4    0.0 3.4e-03   0.986      99.47 6.503e-07   10.629  -3.16e+03  -10.629   0.691  0.0082   13.0     1.00       2120  0.950
   5    0.0 3.3e-03   0.994      99.52 6.6913e-07  10.314  -3.35e+03  -10.314   0.668  0.0070   13.0     1.00       2650  0.950
   6    0.0 3.1e-03   1.015     100.89 6.5818e-07  10.749  -3.48e+03  -10.749   0.704  0.0105   13.0     1.00       3180  0.950
   7    0.0 3.0e-03   0.973      98.65 6.2284e-07  10.847  -3.23e+03  -10.847   0.647  0.0105   13.0     1.00       3710  0.950
   8    0.0 2.8e-03   0.985      97.79 6.3541e-07  10.541  -3.24e+03  -10.541   0.677  0.0156   13.0     1.00       4240  0.950
   9    0.0 2.7e-03   0.985      95.78 6.4447e-07  10.234  -3.21e+03  -10.234   0.645  0.0073   13.0     1.00       4770  0.950
  10    0.0 2.5e-03   0.997      94.58 6.4331e-07  10.203  -3.32e+03  -10.203   0.619  0.0071   13.0     1.00       5300  0.950
  11    0.0 2.4e-03   0.991      94.08 6.6164e-07   9.718  -3.23e+03   -9.718   0.628  0.0098   13.0     1.00       5830  0.950
  12    0.0 2.3e-03   0.994      93.90 6.1572e-07  10.852  -3.41e+03  -10.852   0.566  0.0064   13.0     1.00       6360  0.950
  13    0.0 2.2e-03   0.985      91.55 6.3053e-07  10.177   -3.3e+03  -10.177   0.547  0.0065   13.0     1.00       6890  0.950
  14    0.0 2.1e-03   1.001      92.93 6.6145e-07   9.794  -3.23e+03   -9.794   0.587  0.0056   13.0     1.00       7420  0.950
  15    0.0 2.0e-03   0.988      92.29 6.2801e-07  10.685  -3.43e+03  -10.685   0.609  0.0105   13.0     1.00       7950  0.950
  16    0.0 1.9e-03   1.006      91.85 6.1275e-07  10.898  -3.35e+03  -10.898   0.542  0.0042   13.0     1.00       8480  0.950
  17    0.0 1.8e-03   0.994      91.01 6.448e-07    9.817  -3.08e+03   -9.817   0.564  0.0031   13.0     1.00       9010  0.950
  18    0.0 1.7e-03   1.009      92.68 6.4942e-07   9.798  -3.14e+03   -9.798   0.530  0.0046   13.0     1.00       9540  0.950
  19    0.0 1.6e-03   0.986      91.32 6.3988e-07  10.219  -3.26e+03  -10.219   0.575  0.0116   13.0     1.00      10070  0.950
  20    0.0 1.5e-03   0.977      89.22 6.4068e-07  10.091  -3.32e+03  -10.091   0.609  0.0132   13.0     1.00      10600  0.950
  21    0.0 1.4e-03   0.995      87.65 6.206e-07   10.219  -3.28e+03  -10.219   0.560  0.0056   13.0     1.00      11130  0.950
  22    0.0 1.4e-03   0.998      86.11 6.0559e-07  10.345  -3.16e+03  -10.345   0.519  0.0037   13.0     1.00      11660  0.950
  23    0.0 1.3e-03   0.992      85.96 6.0824e-07  10.173  -3.13e+03  -10.173   0.511  0.0045   13.0     1.00      12190  0.950
  24    0.0 1.2e-03   0.993      83.60 6.1388e-07   9.943   -3.1e+03   -9.943   0.519  0.0032   13.0     1.00      12720  0.950
  25    0.0 1.2e-03   0.990      82.17 6.1905e-07   9.637  -2.91e+03   -9.637   0.515  0.0062   13.0     1.00      13250  0.950
  26    0.0 1.1e-03   1.001      82.12 6.2129e-07   9.634  -2.99e+03   -9.634   0.483  0.0034   13.0     1.00      13780  0.950
  27    0.0 1.1e-03   1.001      82.66 6.2407e-07   9.634  -2.98e+03   -9.634   0.464  0.0041   13.0     1.00      14310  0.950
  28    0.0 1.0e-03   0.997      82.86 6.1077e-07   9.855     -3e+03   -9.855   0.506  0.0027   13.0     1.00      14840  0.950
  29    0.0 9.6e-04   0.985      81.93 6.147e-07    9.736  -3.09e+03   -9.736   0.491  0.0056   13.0     1.00      15370  0.950
  30    0.0 9.1e-04   1.004      82.48 6.0775e-07   9.893  -3.08e+03   -9.893   0.483  0.0024   13.0     1.00      15900  0.950
  31    0.0 8.6e-04   0.990      81.78 6.0634e-07   9.839  -2.96e+03   -9.839   0.460  0.0055   13.0     1.00      16430  0.950
  32    0.0 8.2e-04   0.979      79.74 6.1173e-07   9.663  -3.04e+03   -9.663   0.458  0.0096   13.0     1.00      16960  0.950
  33    0.0 7.8e-04   1.004      79.20 6.1645e-07   9.423  -2.96e+03   -9.423   0.464  0.0019   13.0     1.00      17490  0.950
  34    0.0 7.4e-04   0.996      79.22 6.1057e-07   9.556  -2.98e+03   -9.556   0.415  0.0049   13.0     1.00      18020  0.950
  35    0.0 7.0e-04   0.997      78.30 5.0524e-07   9.736  -2.94e+03   -9.736   0.409  0.0022   12.7     1.19      18550  0.950
  36    0.0 6.7e-04   1.000      78.73 4.2692e-07   9.512  -2.89e+03   -9.512   0.434  0.0017   12.3     1.41      19080  0.950
  37    0.0 6.3e-04   0.999      78.94 4.0963e-07   9.605  -2.91e+03   -9.605   0.415  0.0015   12.2     1.46      19610  0.950
  38    0.0 6.0e-04   0.987      77.62 3.5753e-07   9.736  -3.02e+03   -9.736   0.394  0.0049   11.9     1.64      20140  0.950
  39    0.0 5.7e-04   0.993      76.51 2.9214e-07   9.609  -2.92e+03   -9.609   0.358  0.0038   11.4     1.95      20670  0.950
  40    0.0 5.4e-04   1.002      76.77 2.2438e-07   9.550  -2.87e+03   -9.550   0.377  0.0017   10.4     2.49      21200  0.950
  41    0.0 5.2e-04   0.994      75.92 1.9485e-07   9.550  -2.87e+03   -9.550   0.313  0.0036    9.8     2.87      21730  0.950
  42    0.0 4.9e-04   1.002      75.44 1.6359e-07   9.550  -2.91e+03   -9.550   0.338  0.0021    8.5     3.60      22260  0.950
  43    0.0 4.7e-04   1.000      75.16 1.5268e-07   9.371  -2.88e+03   -9.371   0.317  0.0014    7.7     4.11      22790  0.950
  44    0.0 4.4e-04   1.000      75.17 1.4139e-07   9.550   -2.9e+03   -9.550   0.368  0.0022    6.7     4.66      23320  0.950
  45    0.0 4.2e-04   1.000      75.42 1.3753e-07   9.550  -2.89e+03   -9.550   0.319  0.0013    6.2     4.94      23850  0.950
  46    0.0 4.0e-04   0.998      75.04 1.2742e-07   9.757   -2.9e+03   -9.757   0.343  0.0019    5.5     5.38      24380  0.950
  47    0.0 3.8e-04   1.001      75.06 1.246e-07    9.757  -2.93e+03   -9.757   0.349  0.0030    5.0     5.69      24910  0.950
  48    0.0 3.6e-04   0.994      74.38 1.2204e-07   9.757     -3e+03   -9.757   0.325  0.0026    4.5     5.95      25440  0.950
  49    0.0 3.4e-04   0.991      72.98 1.1966e-07   9.757  -3.01e+03   -9.757   0.304  0.0041    4.0     6.26      25970  0.950
  50    0.0 3.3e-04   0.999      72.57 1.1816e-07   9.652  -3.01e+03   -9.652   0.308  0.0017    3.4     6.58      26500  0.950
  51    0.0 3.1e-04   0.999      72.37 1.1798e-07   9.498  -2.92e+03   -9.498   0.326  0.0014    3.0     6.84      27030  0.950
  52    0.0 2.9e-04   0.998      71.59 1.1431e-07   9.681  -2.92e+03   -9.681   0.292  0.0011    2.6     7.04      27560  0.950
  53    0.0 2.8e-04   1.003      71.88 1.1316e-07   9.681  -2.92e+03   -9.681   0.291  0.0010    2.3     7.27      28090  0.950
  54    0.0 2.6e-04   0.997      71.63 1.1254e-07   9.681  -2.92e+03   -9.681   0.417  0.0028    1.9     7.46      28620  0.950
  55    0.0 2.5e-04   0.998      71.19 1.1553e-07   9.513  -2.91e+03   -9.513   0.421  0.0012    1.9     7.49      29150  0.950
  56    0.0 2.4e-04   0.996      70.99 1.1652e-07   9.513  -2.97e+03   -9.513   0.377  0.0019    1.8     7.51      29680  0.950
  57    0.0 2.3e-04   0.995      70.34 1.118e-07    9.636  -2.93e+03   -9.636   0.302  0.0016    1.7     7.58      30210  0.950
  58    0.0 2.2e-04   0.999      70.00 1.1489e-07   9.504  -2.94e+03   -9.504   0.332  0.0010    1.5     7.72      30740  0.950
  59    0.0 2.1e-04   0.997      69.53 1.0937e-07   9.713  -2.87e+03   -9.713   0.304  0.0020    1.3     7.81      31270  0.950
  60    0.0 1.9e-04   1.000      69.18 1.1135e-07   9.624  -2.91e+03   -9.624   0.287  0.0008    1.1     7.92      31800  0.950
  61    0.0 1.9e-04   1.001      69.17 1.116e-07    9.565  -2.91e+03   -9.565   0.270  0.0004    1.0     8.00      32330  0.950
  62    0.0 1.8e-04   1.001      69.40 1.1202e-07   9.548  -2.93e+03   -9.548   0.270  0.0010    1.0     8.00      32860  0.950
  63    0.0 1.7e-04   0.998      69.12 1.127e-07    9.548  -2.84e+03   -9.548   0.262  0.0011    1.0     8.00      33390  0.950
  64    0.0 1.6e-04   1.001      69.17 1.1258e-07   9.548  -2.88e+03   -9.548   0.211  0.0004    1.0     8.00      33920  0.950
  65    0.0 1.5e-04   0.998      68.91 1.1003e-07   9.669   -2.9e+03   -9.669   0.247  0.0008    1.0     8.00      34450  0.950
  66    0.0 1.4e-04   0.999      68.88 1.0993e-07   9.669   -2.9e+03   -9.669   0.213  0.0006    1.0     8.00      34980  0.950
  67    0.0 1.4e-04   1.000      68.95 1.0991e-07   9.669   -2.9e+03   -9.669   0.183  0.0003    1.0     8.00      35510  0.950
  68    0.0 1.3e-04   1.000      68.85 1.0997e-07   9.669   -2.9e+03   -9.669   0.191  0.0004    1.0     8.00      36040  0.950
  69    0.0 1.2e-04   1.000      68.81 1.0976e-07   9.669  -2.89e+03   -9.669   0.191  0.0005    1.0     8.00      36570  0.950
  70    0.0 1.2e-04   0.999      68.52 1.0997e-07   9.669  -2.88e+03   -9.669   0.200  0.0011    1.0     8.00      37100  0.950
  71    0.0 1.1e-04   1.000      68.34 1.0988e-07   9.669  -2.87e+03   -9.669   0.181  0.0003    1.0     8.00      37630  0.950
  72    0.0 1.1e-04   1.000      68.27 1.1024e-07   9.669  -2.89e+03   -9.669   0.125  0.0003    1.0     8.00      38160  0.950
Agent's 2nd state: 
  73    0.0 8.4e-05   0.999      68.11 1.0989e-07   9.669  -2.89e+03   -9.669   0.158  0.0003    1.0     8.00      38690  0.800
Checkpoint saved: bb_costs=68.0819, TD costs=1.11319e-07, CPD=  9.593 (ns) 
  74    0.0 8.0e-05   1.000      68.12 1.1132e-07   9.593  -2.87e+03   -9.593   0.104  0.0003    1.0     8.00      39220  0.950
  75    0.0 6.4e-05   0.999      67.95 1.1131e-07   9.593  -2.87e+03   -9.593   0.104  0.0005    1.0     8.00      39750  0.800
  76    0.0 5.1e-05   1.000      67.87 1.1012e-07   9.669  -2.89e+03   -9.669   0.068  0.0002    1.0     8.00      40280  0.800
  77    0.0 4.1e-05   1.000      67.86 1.1133e-07   9.593  -2.89e+03   -9.593   0.057  0.0001    1.0     8.00      40810  0.800
  78    0.0 3.3e-05   1.000      67.81 1.1132e-07   9.593  -2.87e+03   -9.593   0.066  0.0001    1.0     8.00      41340  0.800
  79    0.0 2.6e-05   1.000      67.78 1.1129e-07   9.593  -2.87e+03   -9.593   0.055  0.0002    1.0     8.00      41870  0.800
  80    0.0 2.1e-05   1.000      67.73 1.1012e-07   9.669  -2.87e+03   -9.669   0.049  0.0002    1.0     8.00      42400  0.800
  81    0.0 1.7e-05   1.000      67.71 1.1132e-07   9.593  -2.86e+03   -9.593   0.045  0.0000    1.0     8.00      42930  0.800
  82    0.0 1.3e-05   1.000      67.70 1.1128e-07   9.593  -2.87e+03   -9.593   0.051  0.0002    1.0     8.00      43460  0.800
  83    0.0 1.1e-05   1.000      67.69 1.1012e-07   9.669  -2.87e+03   -9.669   0.040  0.0001    1.0     8.00      43990  0.800
  84    0.0 8.6e-06   1.000      67.68 1.1127e-07   9.593  -2.87e+03   -9.593   0.055  0.0001    1.0     8.00      44520  0.800
  85    0.0 6.9e-06   1.000      67.66 1.101e-07    9.669  -2.87e+03   -9.669   0.042  0.0001    1.0     8.00      45050  0.800
  86    0.0 5.5e-06   1.000      67.66 1.1128e-07   9.593  -2.87e+03   -9.593   0.040  0.0001    1.0     8.00      45580  0.800
  87    0.0 0.0e+00   0.999      67.77 1.0979e-07   9.669  -2.87e+03   -9.669   0.021  0.0001    1.0     8.00      46110  0.800
### Placement Quench took 0.01 seconds (max_rss 103.3 MiB)
post-quench CPD = 9.59254 (ns) 

Completed placement consistency check successfully.

Swaps called: 46296

Aborted Move Reasons:
  duplicate block move to location: 35
  macro move to location illegal: 2
  macro_from swap to location illegal: 273

BB estimate of min-dist (placement) wire length: 7431

Placement estimated critical path delay (least slack): 9.59254 ns, Fmax: 104.248 MHz
Placement estimated critical path skew: -0.04243 ns
Placement estimated setup Worst Negative Slack (sWNS): -9.59254 ns
Placement estimated setup Total Negative Slack (sTNS): -2868.18 ns
Placement estimated setup Worst Skew (sWS): -0.04243 ns

Placement estimated setup slack histogram:
[ -9.6e-09: -8.7e-09)  15 (  1.6%) |*
[ -8.7e-09: -7.8e-09)  17 (  1.8%) |*
[ -7.8e-09: -6.9e-09)   0 (  0.0%) |
[ -6.9e-09:   -6e-09)   0 (  0.0%) |
[   -6e-09: -5.1e-09)   0 (  0.0%) |
[ -5.1e-09: -4.3e-09)   0 (  0.0%) |
[ -4.3e-09: -3.4e-09) 136 ( 14.6%) |**********
[ -3.4e-09: -2.5e-09) 633 ( 68.1%) |***********************************************
[ -2.5e-09: -1.6e-09)  75 (  8.1%) |******
[ -1.6e-09:   -7e-10)  53 (  5.7%) |****

Placement estimated geomean non-virtual intra-domain period: 9.59254 ns (104.248 MHz)
Placement estimated fanout-weighted geomean non-virtual intra-domain period: 9.59254 ns (104.248 MHz)

Placement cost: 0.999219, bb_cost: 67.7682, td_cost: 1.10698e-07, 

Placement resource usage:
  io  implemented as io : 74
  clb implemented as clb: 112

Placement number of temperatures: 87
Placement total # of swap attempts: 46296
	Swaps accepted: 16972 (36.7 %)
	Swaps rejected: 28770 (62.1 %)
	Swaps aborted:   554 ( 1.2 %)


Placement perturbation distribution by block and move type: 
------------------ ----------------- ---------------- ---------------- --------------- ------------ 
    Block Type         Move Type       (%) of Total      Accepted(%)     Rejected(%)    Aborted(%)
------------------ ----------------- ---------------- ---------------- --------------- ------------ 
io                 Uniform                9.66             62.84           37.16          0.00         
                   Median                 8.94             61.59           33.28          5.12         
                   Centroid               8.85             65.19           34.72          0.10         
                   W. Centroid            8.84             67.23           32.72          0.05         
                   W. Median              0.93             16.32           77.62          6.06         

clb                Uniform                14.99            18.61           79.74          1.64         
                   Median                 14.22            28.39           70.67          0.94         
                   Centroid               13.46            23.40           75.67          0.93         
                   W. Centroid            14.15            22.50           76.42          1.08         
                   W. Median              1.38             4.38            95.62          0.00         
                   Crit. Uniform          2.20             0.20            99.80          0.00         
                   Feasible Region        2.39             0.09            99.46          0.45         


Placement Quench timing analysis took 0.00371409 seconds (0.00331929 STA, 0.000394793 slack) (1 full updates: 1 setup, 0 hold, 0 combined).
Placement Total  timing analysis took 0.368619 seconds (0.330568 STA, 0.0380511 slack) (89 full updates: 89 setup, 0 hold, 0 combined).
update_td_costs: connections 0.00222386 nets 0 sum_nets 0.00128337 total 0.00357373
## AP Detailed Placer took 0.84 seconds (max_rss 103.5 MiB, delta_rss +0.4 MiB)
Incr Slack updates 89 in 0.0103996 sec
Full Max Req/Worst Slack updates 40 in 0.00108677 sec
Incr Max Req/Worst Slack updates 49 in 0.00169216 sec
Incr Criticality updates 23 in 0.00566122 sec
Full Criticality updates 66 in 0.0158655 sec
Incr Slack updates 1 in 0.000101245 sec
Full Max Req/Worst Slack updates 1 in 3.3737e-05 sec
Incr Max Req/Worst Slack updates 0 in 0 sec
Incr Criticality updates 0 in 0 sec
Full Criticality updates 1 in 0.000248501 sec
# Analytical Placement took 3.79 seconds (max_rss 103.6 MiB, delta_rss +71.9 MiB)


# Routing
RR graph channel widths unchanged, skipping RR graph rebuild
## Initializing router criticalities
Initial Net Connection Criticality Histogram:
[        0:      0.1) 286 (  9.9%) |****************
[      0.1:      0.2) 780 ( 27.1%) |*********************************************
[      0.2:      0.3) 543 ( 18.8%) |*******************************
[      0.3:      0.4) 818 ( 28.4%) |***********************************************
[      0.4:      0.5)  84 (  2.9%) |*****
[      0.5:      0.6)  27 (  0.9%) |**
[      0.6:      0.7)  67 (  2.3%) |****
[      0.7:      0.8)  28 (  1.0%) |**
[      0.8:      0.9)  51 (  1.8%) |***
[      0.9:        1) 199 (  6.9%) |***********
## Initializing router criticalities took 0.05 seconds (max_rss 104.1 MiB, delta_rss +0.1 MiB)
---- ------ ------- ---- ------- ------- ------- ----------------- --------------- -------- ---------- ---------- ---------- ---------- --------
Iter   Time    pres  BBs    Heap  Re-Rtd  Re-Rtd Overused RR Nodes      Wirelength      CPD       sTNS       sWNS       hTNS       hWNS Est Succ
      (sec)     fac Updt    push    Nets   Conns                                       (ns)       (ns)       (ns)       (ns)       (ns)     Iter
---- ------ ------- ---- ------- ------- ------- ----------------- --------------- -------- ---------- ---------- ---------- ---------- --------
   1    0.0     0.0    0  111258    1041    2751    1042 ( 3.080%)   11677 (34.0%)    9.317     -2826.     -9.317      0.000      0.000      N/A
   2    0.0     0.5    0   95641     784    2210     737 ( 2.179%)   11664 (34.0%)    9.317     -2877.     -9.317      0.000      0.000      N/A
   3    0.0     0.6    0   84023     606    1766     603 ( 1.783%)   11903 (34.7%)    9.212     -2797.     -9.212      0.000      0.000      N/A
   4    0.0     0.8    0   74651     535    1391     476 ( 1.407%)   12128 (35.3%)    9.394     -2870.     -9.394      0.000      0.000      N/A
   5    0.0     1.1    0   66318     460    1131     386 ( 1.141%)   12311 (35.9%)    9.214     -2870.     -9.214      0.000      0.000      N/A
   6    0.0     1.4    0   59772     386     921     269 ( 0.795%)   12610 (36.7%)    9.214     -2879.     -9.214      0.000      0.000      N/A
   7    0.0     1.9    0   51443     316     786     223 ( 0.659%)   12723 (37.1%)    9.214     -2896.     -9.214      0.000      0.000      N/A
   8    0.0     2.4    0   42177     262     638     166 ( 0.491%)   12832 (37.4%)    9.214     -2900.     -9.214      0.000      0.000      N/A
   9    0.0     3.1    0   37322     215     506     131 ( 0.387%)   12957 (37.8%)    9.109     -2902.     -9.109      0.000      0.000       27
  10    0.0     4.1    0   31990     170     362     102 ( 0.302%)   13061 (38.1%)    9.109     -2899.     -9.109      0.000      0.000       29
  11    0.0     5.3    0   27959     136     290      71 ( 0.210%)   13317 (38.8%)    9.109     -2909.     -9.109      0.000      0.000       27
  12    0.0     6.9    0   26244     105     219      46 ( 0.136%)   13510 (39.4%)    9.109     -2913.     -9.109      0.000      0.000       25
  13    0.0     9.0    0   20464      77     168      30 ( 0.089%)   13670 (39.8%)    9.109     -2913.     -9.109      0.000      0.000       24
  14    0.0    11.6    0   13879      55     114      24 ( 0.071%)   13738 (40.0%)    9.109     -2917.     -9.109      0.000      0.000       23
  15    0.0    15.1    0    8782      41      84      17 ( 0.050%)   13801 (40.2%)    9.249     -2918.     -9.249      0.000      0.000       23
  16    0.0    19.7    0    7525      39      83      14 ( 0.041%)   13861 (40.4%)    9.109     -2917.     -9.109      0.000      0.000       24
  17    0.0    25.6    0    5646      21      48       7 ( 0.021%)   13883 (40.5%)    9.317     -2921.     -9.317      0.000      0.000       23
  18    0.0    33.3    0   17055      32     116       5 ( 0.015%)   14080 (41.0%)    9.128     -2928.     -9.128      0.000      0.000       23
  19    0.0    43.3    0    2841      22      42       5 ( 0.015%)   14096 (41.1%)    9.109     -2926.     -9.109      0.000      0.000       23
  20    0.0    56.2    0    1652      10      23       1 ( 0.003%)   14118 (41.1%)    9.128     -2933.     -9.128      0.000      0.000       22
  21    0.0    73.1    0    1945      21      40       1 ( 0.003%)   14113 (41.1%)    9.109     -2928.     -9.109      0.000      0.000       21
  22    0.0    95.0    0     577       3      12       1 ( 0.003%)   14129 (41.2%)    9.327     -2930.     -9.327      0.000      0.000       22
  23    0.0   123.5    0    1795      21      40       0 ( 0.000%)   14141 (41.2%)    9.535     -2933.     -9.535      0.000      0.000      N/A
Restoring best routing
Critical path: 9.53466 ns
Successfully routed after 23 routing iterations.
Final Net Connection Criticality Histogram:
[        0:      0.1) 342 ( 11.9%) |**********************
[      0.1:      0.2) 643 ( 22.3%) |*****************************************
[      0.2:      0.3) 735 ( 25.5%) |***********************************************
[      0.3:      0.4) 641 ( 22.2%) |*****************************************
[      0.4:      0.5) 150 (  5.2%) |**********
[      0.5:      0.6)  24 (  0.8%) |**
[      0.6:      0.7)  48 (  1.7%) |***
[      0.7:      0.8)  57 (  2.0%) |****
[      0.8:      0.9)  65 (  2.3%) |****
[      0.9:        1) 178 (  6.2%) |***********
Router Stats: total_nets_routed: 5358 total_connections_routed: 13741 total_heap_pushes: 790959 total_heap_pops: 198739 
Serial Connection Router is being destroyed. Time spent on path search: 0.088 seconds.
# Routing took 0.39 seconds (max_rss 105.8 MiB, delta_rss +2.2 MiB)

Checking to ensure routing is legal...
# Checking to ensure non-configurable edges are legal
# Checking to ensure non-configurable edges are legal took 0.00 seconds (max_rss 106.0 MiB, delta_rss +0.0 MiB)
Completed routing consistency check successfully.

Serial number (magic cookie) for the routing is: -139191283
Circuit successfully routed with a channel width factor of 110.
Incr Slack updates 24 in 0.00237013 sec
Full Max Req/Worst Slack updates 9 in 0.00024967 sec
Incr Max Req/Worst Slack updates 15 in 0.000523857 sec
Incr Criticality updates 9 in 0.00196083 sec
Full Criticality updates 15 in 0.0039577 sec
# Synchronize the packed netlist to routing optimization
## Annotating rr_node with routed nets
## Annotating rr_node with routed nets took 0.00 seconds (max_rss 106.0 MiB, delta_rss +0.0 MiB)
Found 3915 mismatches between routing and packing results.
Fixed 2550 routing traces due to mismatch between routing and packing results.
# Synchronize the packed netlist to routing optimization took 0.03 seconds (max_rss 106.0 MiB, delta_rss +0.1 MiB)
Final Clustering Statistics: 
----------   --------   ------------------------------------   --------------------------
Block Type   # Blocks   Avg. # of input clocks and pins used   Avg. # of output pins used
----------   --------   ------------------------------------   --------------------------
     EMPTY          0                                      0                            0   
        io         74                               0.486486                     0.513514   
       clb        112                                25.4196                      8.98214   
   dsp_top          0                                      0                            0   
    memory          0                                      0                            0   
Absorbed logical nets 1698 out of 2742 nets, 1044 nets not absorbed.


Average number of bends per net: 1.60134  Maximum # of bends: 53

Number of global nets: 3
Number of routed nets (nonglobal): 1041
Wire length results (in units of 1 clb segments)...
	Total wirelength: 14141, average net length: 13.5841
	Maximum net length: 397

Wire length results in terms of physical segments...
	Total wiring segments used: 3924, average wire segments per net: 3.76945
	Maximum segments used by a net: 109
	Total local nets with reserved CLB opins: 0
Total number of nets absorbed: 9

Routing channel utilization histogram:
[        1:      inf)  0 (  0.0%) |
[      0.9:        1)  3 (  0.9%) |**
[      0.8:      0.9)  8 (  2.4%) |******
[      0.7:      0.8) 56 ( 16.6%) |********************************************
[      0.5:      0.6) 38 ( 11.2%) |******************************
[      0.4:      0.5) 41 ( 12.1%) |********************************
[      0.3:      0.4) 54 ( 16.0%) |******************************************
[      0.2:      0.3) 48 ( 14.2%) |**************************************
[      0.1:      0.2) 61 ( 18.0%) |************************************************
[        0:      0.1) 29 (  8.6%) |***********************
Maximum routing channel utilization:      0.92 at (12,7)

X - Directed channels: layer   y   max occ   ave occ   ave cap
                        ----- ---- -------- -------- --------
                            0    0       40   32.583      110
                            0    1       36   28.167      110
                            0    2       46   31.333      110
                            0    3       60   43.583      110
                            0    4       68   44.000      110
                            0    5       74   52.333      110
                            0    6       72   50.083      110
                            0    7       79   48.750      110
                            0    8       80   50.417      110
                            0    9       80   51.750      110
                            0   10       65   43.250      110
                            0   11       56   33.417      110
                            0   12       77   46.583      110
Y - Directed channels: layer   x   max occ   ave occ   ave cap
                        ----- ---- -------- -------- --------
                            0    0       27   18.750      110
                            0    1       25   18.000      110
                            0    2       19   15.750      110
                            0    3       46   35.667      110
                            0    4       53   42.167      110
                            0    5       55   40.500      110
                            0    6       69   46.417      110
                            0    7       85   64.833      110
                            0    8       70   55.250      110
                            0    9       88   67.833      110
                            0   10       93   72.417      110
                            0   11       93   67.083      110
                            0   12      101   77.500      110

Total existing wires segments: CHANX     17160, CHANY     17160, CHANZ         0, ALL     34320
Total used wires segments:     CHANX      6675, CHANY      7466, CHANZ         0, ALL     14141
Usage percentage:              CHANX     38.9%, CHANY     43.5%, CHANZ      0.0%, ALL     41.2%

Logic area (in minimum width transistor areas, excludes I/Os and empty grid tiles)...
	Total logic block area (Warning, need to add pitch of routing to blocks with height > 3): 4.93594e+06
	Total used logic block area: 3.12536e+06

Routing area (in minimum width transistor areas)...
	Total routing area: 1.57405e+06, per logic tile: 8030.86

Total Number of Wiring Segments by Direction: direction length number
                                              --------- ------ -------
                                                      X      4   4680
                                                      Y      4   4680
                                                      X     16    294
                                                      Y     16    294

X - Directed Wiring Segment usage by length: length utilization
                                             ------ -----------
                                             4       0.404
                                            16       0.068

Y - Directed Wiring Segment usage by length: length utilization
                                             ------ -----------
                                             4       0.421
                                            16        0.15

Segment occupancy by length: Length Occupancy Capacity Utilization
                             ------ --------- -------- -----------
                             L4          3860     9360       0.412
                             L16           64      588       0.109

Segment occupancy by type: name type utilization
                           ---- ---- -----------
                             L4    0       0.412
                            L16    1       0.109

Final hold Worst Negative Slack (hWNS): 0 ns
Final hold Total Negative Slack (hTNS): 0 ns
Final hold Worst Skew (hWS): 0 ns

Final hold slack histogram:
[  1.9e-10:  3.6e-10) 799 ( 86.0%) |***********************************************
[  3.6e-10:  5.2e-10)  27 (  2.9%) |**
[  5.2e-10:  6.8e-10)  38 (  4.1%) |**
[  6.8e-10:  8.5e-10)  27 (  2.9%) |**
[  8.5e-10:    1e-09)  10 (  1.1%) |*
[    1e-09:  1.2e-09)  15 (  1.6%) |*
[  1.2e-09:  1.3e-09)  10 (  1.1%) |*
[  1.3e-09:  1.5e-09)   2 (  0.2%) |
[  1.5e-09:  1.7e-09)   0 (  0.0%) |
[  1.7e-09:  1.8e-09)   1 (  0.1%) |

Final critical path delay (least slack): 9.53466 ns, Fmax: 104.881 MHz
Final critical path skew: -0.04243 ns
Final setup Worst Negative Slack (sWNS): -9.53466 ns
Final setup Total Negative Slack (sTNS): -2933.25 ns
Final setup Worst Skew (sWS): -0.04243 ns

Final setup slack histogram:
[ -9.5e-09: -8.6e-09)  16 (  1.7%) |*
[ -8.6e-09: -7.7e-09)  12 (  1.3%) |*
[ -7.7e-09: -6.8e-09)   4 (  0.4%) |
[ -6.8e-09: -5.9e-09)   0 (  0.0%) |
[ -5.9e-09:   -5e-09)   0 (  0.0%) |
[   -5e-09: -4.1e-09)  48 (  5.2%) |****
[ -4.1e-09: -3.2e-09) 201 ( 21.6%) |*****************
[ -3.2e-09: -2.3e-09) 549 ( 59.1%) |***********************************************
[ -2.3e-09: -1.4e-09)  62 (  6.7%) |*****
[ -1.4e-09: -4.9e-10)  37 (  4.0%) |***

Final geomean non-virtual intra-domain period: 9.53466 ns (104.881 MHz)
Final fanout-weighted geomean non-virtual intra-domain period: 9.53466 ns (104.881 MHz)

Incr Slack updates 1 in 0.000103293 sec
Full Max Req/Worst Slack updates 1 in 2.8508e-05 sec
Incr Max Req/Worst Slack updates 0 in 0 sec
Incr Criticality updates 0 in 0 sec
Full Criticality updates 1 in 0.000269283 sec
Flow timing analysis took 0.804512 seconds (0.744497 STA, 0.0600148 slack) (115 full updates: 90 setup, 0 hold, 25 combined).
VPR succeeded
The entire flow of VPR took 4.60 seconds (max_rss 106.0 MiB)

