VPR FPGA Placement and Routing.
Version: 9.0.0-dev+v8.0.0-18248-g40f8d19708
Revision: v8.0.0-18248-g40f8d19708
Compiled: 2026-09-22T03:43:48
Compiler: GNU 13.3.0 on Linux-5.15.0-119-generic x86_64
Build Info: release IPO VTR_ASSERT_LEVEL=2

University of Toronto
verilogtorouting.org
vtr-users@googlegroups.com
This is free open source code under MIT license.

VPR was run with the following command-line:
/inspire/hdd/project/project-public/changshunjie-253114010247/changshunjie-253114010247/workspace/DAC2027/vtr/vtr-verilog-to-routing/vpr/vpr /inspire/hdd/project/project-public/changshunjie-253114010247/changshunjie-253114010247/workspace/DAC2027/vtr/vtr-verilog-to-routing/vtr_flow/arch/COFFE_22nm/k6FracN10LB_mem20K_complexDSP_customSB_22nm.xml /inspire/hdd/project/project-public/changshunjie-253114010247/changshunjie-253114010247/workspace/DAC2027/TailCompile/experiments/vtr/runs/pilot_v1/sha/full-seed1-w300/sha.pre-vpr.blif --analytical_place --route --analysis --ap_full_legalizer flat-recon --ap_detailed_placer annealer --seed 12 --route_chan_width 100 --write_flat_place /inspire/hdd/project/project-public/changshunjie-253114010247/changshunjie-253114010247/workspace/DAC2027/TailCompile/vtr_work/tailcompile_v3/sha/4x4/gnn_candidate-fp8ded57b9-flat-recon-annealer-seed12-w100-devw14/post_route.fplace --write_legalized_flat_place /inspire/hdd/project/project-public/changshunjie-253114010247/changshunjie-253114010247/workspace/DAC2027/TailCompile/vtr_work/tailcompile_v3/sha/4x4/gnn_candidate-fp8ded57b9-flat-recon-annealer-seed12-w100-devw14/post_legalizer.fplace --flat_place_verbosity 1 --device_width 14 --net_file /inspire/hdd/project/project-public/changshunjie-253114010247/changshunjie-253114010247/workspace/DAC2027/TailCompile/vtr_work/tailcompile_v3/sha/4x4/gnn_candidate-fp8ded57b9-flat-recon-annealer-seed12-w100-devw14/sha.locked-input.net --read_flat_place /inspire/hdd/global_user/changshunjie-253114010247/workspace/DAC2027/TailCompile/experiments/vtr/tailcompile_v3/sha/4x4/pools/bootstrap_24/candidate_12_seed12039.fplace

Using up to 1 parallel worker(s)

Architecture file: /inspire/hdd/project/project-public/changshunjie-253114010247/changshunjie-253114010247/workspace/DAC2027/vtr/vtr-verilog-to-routing/vtr_flow/arch/COFFE_22nm/k6FracN10LB_mem20K_complexDSP_customSB_22nm.xml
Circuit name: sha.pre-vpr

# Loading Architecture Description
# Loading Architecture Description took 0.04 seconds (max_rss 18.9 MiB, delta_rss +0.0 MiB)

Timing analysis: ON
Circuit netlist file: /inspire/hdd/project/project-public/changshunjie-253114010247/changshunjie-253114010247/workspace/DAC2027/TailCompile/vtr_work/tailcompile_v3/sha/4x4/gnn_candidate-fp8ded57b9-flat-recon-annealer-seed12-w100-devw14/sha.locked-input.net
Circuit placement file: sha.pre-vpr.place
Circuit routing file: sha.pre-vpr.route
Circuit SDC file: sha.pre-vpr.sdc
Vpr floorplanning constraints file: not specified

Packer: DISABLED
Placer: DISABLED
Analytical Placer: ENABLED
Router: ENABLED
Analysis: ENABLED

VPR was run with the following options:

netlist_opts.absorb_buffer_luts            : true
netlist_opts.sweep_dangling_primary_ios    : true
netlist_opts.sweep_dangling_nets           : true
netlist_opts.sweep_dangling_blocks         : true
netlist_opts.sweep_constant_primary_outputs: false
netlist_opts.netlist_verbosity             : 1
netlist_opts.const_gen_inference           : COMB_SEQ

AnalyticalPlacerOpts.analytical_solver_type: lp-b2b
AnalyticalPlacerOpts.partial_legalizer_type: bipartitioning
AnalyticalPlacerOpts.full_legalizer_type: flat-recon
AnalyticalPlacerOpts.detailed_placer_type: annealer
AnalyticalPlacerOpts.ap_timing_tradeoff: 0.500000
AnalyticalPlacerOpts.ap_high_fanout_threshold: 256
AnalyticalPlacerOpts.log_verbosity: 1
router_opts.route_type: DETAILED
router_opts.flat_routing: false
router_opts.choke_points: on
router_opts.router_algorithm: TIMING_DRIVEN
router_opts.base_cost_type: DELAY_NORMALIZED_LENGTH
router_opts.fixed_channel_width: 100
router_opts.check_route: FULL
router_opts.acc_fac: 1.000000
router_opts.bb_factor: 3
router_opts.bend_cost: 0.000000
router_opts.first_iter_pres_fac: 0.000000
router_opts.initial_pres_fac: 0.500000
router_opts.pres_fac_mult: 1.300000
router_opts.max_pres_fac: 1000.000000
router_opts.max_router_iterations: 50
router_opts.min_incremental_reroute_fanout: 16
router_opts.initial_acc_cost_chan_congestion_threshold: 0.500000
router_opts.initial_acc_cost_chan_congestion_weight: 0.500000
router_opts.do_check_rr_graph: true
router_opts.verify_binary_search: false
router_opts.min_channel_width_hint: 0
router_opts.read_rr_edge_metadata: false
router_opts.exit_after_first_routing_iteration: false
router_opts.astar_fac: 1.200000
router_opts.astar_offset: 0.000000
router_opts.router_profiler_astar_fac: 1.200000
router_opts.enable_parallel_connection_router: false
router_opts.post_target_prune_fac: 1.200000
router_opts.post_target_prune_offset: 0
router_opts.multi_queue_num_threads: 1
router_opts.multi_queue_num_queues: 2
router_opts.multi_queue_direct_draining: false
router_opts.criticality_exp: 1.000000
router_opts.max_criticality: 0.990000
router_opts.init_wirelength_abort_threshold: 0.850000
router_opts.incr_reroute_delay_ripup: AUTO
router_opts.save_routing_per_iteration: false
router_opts.congested_routing_iteration_threshold_frac: 1.000000
router_opts.high_fanout_threshold: 64
router_opts.router_debug_net: -2
router_opts.router_debug_sink_rr: -2
router_opts.router_debug_iteration: -2
router_opts.max_convergence_count: 1
router_opts.reconvergence_cpd_threshold: 0.990000
router_opts.update_lower_bound_delays: true
router_opts.first_iteration_timing_report_file: 
router_opts.route_bb_update: DYNAMIC
router_opts.lookahead_type: MAP
router_opts.initial_timing: LOOKAHEAD
router_opts.router_heap: FOUR_ARY_HEAP
router_opts.routing_failure_predictor = SAFE
router_opts.routing_predictor_min_history: 8
router_opts.routing_budgets_algorithm = DISABLE

analysis_opts.gen_post_synthesis_netlist: false
analysis_opts.gen_post_implementation_merged_netlist: false
analysis_opts.gen_post_implementation_sdc: false
analysis_opts.timing_report_npaths: 100
analysis_opts.timing_report_skew: false
analysis_opts.echo_dot_timing_graph_node: -1
analysis_opts.timing_report_detail: NETLIST
analysis_opts.post_synth_netlist_unconn_input_handling: UNCONNECTED
analysis_opts.post_synth_netlist_unconn_output_handling: UNCONNECTED
analysis_opts.post_synth_netlist_module_parameters: on

# Building complex block graph
# Building complex block graph took 0.10 seconds (max_rss 24.5 MiB, delta_rss +5.6 MiB)
Circuit file: /inspire/hdd/project/project-public/changshunjie-253114010247/changshunjie-253114010247/workspace/DAC2027/TailCompile/experiments/vtr/runs/pilot_v1/sha/full-seed1-w300/sha.pre-vpr.blif
# Load circuit
Found 3 constant generator(s) in the netlist (2 constant-zero, 1 constant-one) (run with --netlist_verbosity 2 to list names)
# Load circuit took 0.02 seconds (max_rss 28.2 MiB, delta_rss +3.7 MiB)
# Clean circuit
Absorbed 0 LUT buffers
Found 22 primitive output pin(s) driven only by constants; marked them as constants
Swept input(s)      : 0
Swept output(s)     : 0 (0 dangling, 0 constant)
Swept net(s)        : 22
Swept block(s)      : 0
Constant Pins Marked: 22
# Clean circuit took 0.00 seconds (max_rss 28.2 MiB, delta_rss +0.0 MiB)
# Compress circuit
# Compress circuit took 0.00 seconds (max_rss 28.2 MiB, delta_rss +0.0 MiB)
# Verify circuit
# Verify circuit took 0.00 seconds (max_rss 28.2 MiB, delta_rss +0.0 MiB)
Circuit Statistics:
  Blocks: 2491
    .input :      38
    .latch :     893
    .names :    1215
        0-LUT:       2
        1-LUT:       1
        2-LUT:      63
        3-LUT:     106
        4-LUT:      88
        5-LUT:     314
        6-LUT:     641
    .output:      36
    adder  :     309
  Nets  : 2742
    Avg Fanout:     3.3
    Max Fanout:   893.0
    Min Fanout:     1.0
  Netlist Clocks: 1
# Build Timing Graph
  Timing Graph Nodes: 11695
  Timing Graph Edges: 18725
  Timing Graph Levels: 84
# Build Timing Graph took 0.01 seconds (max_rss 31.6 MiB, delta_rss +3.1 MiB)
Netlist contains 1 clocks
  Netlist Clock 'clk_i' Fanout: 893 pins (7.6%), 893 blocks (35.8%)
# Load Timing Constraints

SDC file 'sha.pre-vpr.sdc' not found
Setting default timing constraints:
   * constrain all primary inputs and primary outputs on netlist clock 'clk_i'
   * optimize netlist clock to run as fast as possible
Timing constraints created 1 clocks
  Constrained Clock 'clk_i' Source: 'clk_i.inpad[0]'

# Load Timing Constraints took 0.00 seconds (max_rss 31.6 MiB, delta_rss +0.0 MiB)
# Analytical Placement
## Prepacker

There is one chain in this architecture called "chain" with the following starting points:
	clb[0]/lab[0]/fle[0]/ble5[0]/arithmetic[0]/adder[0].cin[0]

## Prepacker took 0.00 seconds (max_rss 31.9 MiB, delta_rss +0.3 MiB)
## Initializing Pre-Cluster Timing
Using inter-cluster delay: 2.1832e-09
## Initializing Pre-Cluster Timing took 0.20 seconds (max_rss 32.6 MiB, delta_rss +0.7 MiB)
## Estimate Device Size
Device layout 'auto' with fixed width 14.
FPGA sized to 14 x 14: 196 grid tiles (auto)
## Estimate Device Size took 0.00 seconds (max_rss 32.6 MiB, delta_rss +0.0 MiB)
## Ram Mapper
Flat Placement is provided, skipping the RAM mapping.
## Ram Mapper took 0.00 seconds (max_rss 32.6 MiB, delta_rss +0.0 MiB)
## Read Atom Netlist to AP Netlist
## Read Atom Netlist to AP Netlist took 0.01 seconds (max_rss 36.4 MiB, delta_rss +3.8 MiB)
Analytical Placement Netlist Statistics:
	AP Blocks: 1315
		Moveable AP Blocks: 1315
		Fixed AP Blocks: 0
	AP Nets: 1563
		Average Fanout: 4.51
		Highest Fanout: 194
	AP Pins: 11695

## Computing placement delta delay look-up
### Build routing resource graph
### Build routing resource graph took 0.10 seconds (max_rss 45.9 MiB, delta_rss +9.5 MiB)
  RR Graph Nodes: 32900
  RR Graph Edges: 234890
### Computing router lookahead map
#### Computing wire lookahead
#### Computing wire lookahead took 0.04 seconds (max_rss 46.2 MiB, delta_rss +0.0 MiB)
#### Computing src/opin lookahead
Warning 1: Found no more sample locations for SOURCE in io
Warning 2: Found no more sample locations for OPIN in io
Warning 3: Found no more sample locations for SOURCE in clb
Warning 4: Found no more sample locations for OPIN in clb
Warning 5: Found no more sample locations for SOURCE in dsp_top
Warning 6: Found no more sample locations for OPIN in dsp_top
Warning 7: Found no more sample locations for SOURCE in memory
Warning 8: Found no more sample locations for OPIN in memory
#### Computing src/opin lookahead took 0.00 seconds (max_rss 46.2 MiB, delta_rss +0.0 MiB)
### Computing router lookahead map took 0.04 seconds (max_rss 46.2 MiB, delta_rss +0.0 MiB)
Serial Connection Router is being destroyed. Time spent on path search: 0.000 seconds.
## Computing placement delta delay look-up took 0.15 seconds (max_rss 46.2 MiB, delta_rss +9.8 MiB)
Flat Placement is provided in the AP flow, skipping the Global Placement.
0 of 1315 molecules placed at device center (no atoms of these molecules found in flat placement).
## AP Full Legalizer
### Creating Clusters
Device (width, height): (14,14)
#### Sorting and Grouping Blocks by Tile
#### Sorting and Grouping Blocks by Tile took 0.00 seconds (max_rss 46.4 MiB, delta_rss +0.0 MiB)
#### Reconstruction Pass Clustering
#### Reconstruction Pass Clustering took 2.10 seconds (max_rss 50.4 MiB, delta_rss +4.0 MiB)
#### Orphan Window Clustering with search radius 8
#### Orphan Window Clustering with search radius 8 took 0.01 seconds (max_rss 50.4 MiB, delta_rss +0.0 MiB)
FPGA sized to 14 x 14: 196 grid tiles (auto)
Device Utilization: 0.62 (target 1.00)
	Block Utilization: 0.19 Type: io
	Block Utilization: 0.93 Type: clb

----------------------------------------------------------------
                       Clustering Summary                       
----------------------------------------------------------------
Clusters created (Self Clustering)                       : 185
    clb        : 111
    io         : 74
Clusters created (Orphan Window Clustering)              : 1
    clb        : 1
Total clusters                                           : 186
Percent of clusters created in Orphan Window Clustering  : 0.54%
Molecules clustered in each stage breakdown  : (Total of 1315)
	Self Clustering          (0.996958)  : 1311
 	Neighbor Clustering      (0.000000)  : 0
	Orphan Window Clustering (0.003042)  : 4
----------------------------------------------------------------

Final Clustering Statistics: 
----------   --------   ------------------------------------   --------------------------
Block Type   # Blocks   Avg. # of input clocks and pins used   Avg. # of output pins used
----------   --------   ------------------------------------   --------------------------
     EMPTY          0                                      0                            0   
        io         74                               0.486486                     0.513514   
       clb        112                                25.4196                      8.98214   
   dsp_top          0                                      0                            0   
    memory          0                                      0                            0   
Absorbed logical nets 1698 out of 2742 nets, 1044 nets not absorbed.
#### Load packing
##### Loading packed FPGA netlist file.
Netlist generated from file '/inspire/hdd/project/project-public/changshunjie-253114010247/changshunjie-253114010247/workspace/DAC2027/TailCompile/vtr_work/tailcompile_v3/sha/4x4/gnn_candidate-fp8ded57b9-flat-recon-annealer-seed12-w100-devw14/sha.locked-input.net'.
Detected 2 constant generators (to see names run with higher pack verbosity)
##### Loading packed FPGA netlist file. took 0.18 seconds (max_rss 62.1 MiB, delta_rss +5.7 MiB)
Warning 9: Treated 2 constant nets as global which will not be routed (to see net names increase packer verbosity).
Netlist contains 33 global net to non-global architecture pin connections
Completed clustering consistency check successfully.
Cluster level netlist and block usage statistics
Netlist num_nets: 1044
Netlist num_blocks: 186
Netlist EMPTY blocks: 0.
Netlist io blocks: 74.
Netlist clb blocks: 112.
Netlist dsp_top blocks: 0.
Netlist memory blocks: 0.
Netlist inputs pins: 38
Netlist output pins: 36

Pb types usage...
  io               : 74
   inpad           : 38
   outpad          : 36
  clb              : 112
   lab             : 112
    fle            : 1086
     ble5          : 882
      flut5        : 573
       lut5        : 573
        lut        : 573
       ff          : 353
      arithmetic   : 309
       adder       : 309
     ble6          : 642
      lut6         : 642
       lut         : 642
      ff           : 540

#### Load packing took 0.25 seconds (max_rss 96.8 MiB, delta_rss +40.4 MiB)
Netlist contains 33 global net to non-global architecture pin connections
Cluster level netlist and block usage statistics
Netlist num_nets: 1044
Netlist num_blocks: 186
Netlist EMPTY blocks: 0.
Netlist io blocks: 74.
Netlist clb blocks: 112.
Netlist dsp_top blocks: 0.
Netlist memory blocks: 0.
Netlist inputs pins: 38
Netlist output pins: 36
### Creating Clusters took 2.49 seconds (max_rss 96.8 MiB, delta_rss +50.4 MiB)
Completed clustering consistency check successfully.
FPGA sized to 14 x 14: 196 grid tiles (auto)
### Compressed grid construction
### Compressed grid construction took 0.00 seconds (max_rss 96.8 MiB, delta_rss +0.0 MiB)
### Initial Placement
Placing clusters that are part of larger macros...
Number of blocks to be placed: 18
Max distance on device: 28
---- ---------- ---------- -------------
Pass Max Displ. Num Blocks Num Blocks   
     Threshold  Placed     Left Unplaced
---- ---------- ---------- -------------
   0          0         12             6
   1          1          4             2
   2          2          2             0

Placing general clusters...
Number of blocks to be placed: 168
Max distance on device: 28
---- ---------- ---------- -------------
Pass Max Displ. Num Blocks Num Blocks   
     Threshold  Placed     Left Unplaced
---- ---------- ---------- -------------
   0          0        156            12
   1          1          5             7
   2          2          2             5
   3          4          2             3
   4          8          3             0

### Initial Placement took 0.00 seconds (max_rss 96.8 MiB, delta_rss +0.0 MiB)
Flat Placement Reconstruction Info:
	Percent of clusters with reconstruction errors: 0.537634
	Total displacement of initial placement from flat placement: 1567.000000
	Average atom displacement of initial placement from flat placement: 0.629065
	Max atom displacement of initial placement from flat placement: 9.000000
	Percent of atoms misplaced from the flat placement: 21.075872
## AP Full Legalizer took 2.49 seconds (max_rss 96.8 MiB, delta_rss +50.4 MiB)

Resource usage...
	Netlist
		74	blocks of type: io
	Architecture
		384	blocks of type: io
	Netlist
		112	blocks of type: clb
	Architecture
		120	blocks of type: clb
	Netlist
		0	blocks of type: dsp_top
	Architecture
		3	blocks of type: dsp_top
	Netlist
		0	blocks of type: memory
	Architecture
		6	blocks of type: memory

Device Utilization: 0.62 (target 1.00)
	Physical Tile io:
	Block Utilization: 0.19 Logical Block: io
	Physical Tile clb:
	Block Utilization: 0.93 Logical Block: clb
	Physical Tile dsp_top:
	Block Utilization: 0.00 Logical Block: dsp_top
	Physical Tile memory:
	Block Utilization: 0.00 Logical Block: memory

## Computing placement delta delay look-up
RR graph channel widths unchanged, skipping RR graph rebuild
Serial Connection Router is being destroyed. Time spent on path search: 0.000 seconds.
## Computing placement delta delay look-up took 0.00 seconds (max_rss 96.9 MiB, delta_rss +0.0 MiB)
Using simple RL 'Softmax agent' for choosing move and block types

Completed placement consistency check successfully.
Initial placement cost: 1 bb_cost: 115.994 td_cost: 6.59543e-07
Initial placement BB estimate of wirelength: 11575
Initial placement estimated Critical Path Delay (CPD): 11.2321 ns
Initial placement estimated setup Total Negative Slack (sTNS): -2951.78 ns
Initial placement estimated setup Worst Negative Slack (sWNS): -11.2321 ns

Initial placement estimated setup slack histogram:
[ -1.1e-08:   -1e-08)  14 (  1.5%) |**
[   -1e-08: -9.1e-09)  17 (  1.8%) |**
[ -9.1e-09: -8.1e-09)   1 (  0.1%) |
[ -8.1e-09:   -7e-09)   0 (  0.0%) |
[   -7e-09:   -6e-09)   0 (  0.0%) |
[   -6e-09: -4.9e-09)   1 (  0.1%) |
[ -4.9e-09: -3.9e-09) 108 ( 11.6%) |************
[ -3.9e-09: -2.8e-09) 437 ( 47.0%) |***********************************************
[ -2.8e-09: -1.8e-09) 292 ( 31.4%) |*******************************
[ -1.8e-09:   -7e-10)  59 (  6.4%) |******
Placement contains 9 placement macros involving 18 blocks (average macro size 2.000000)

Moves per temperature: 530
## AP Detailed Placer

---- ------ ------- ------- ---------- ---------- ------- ---------- -------- ------- ------- ------ -------- --------- ------
Tnum  Time     T    AvCost  Av BB Cost Av TD Cost   CPD      sTNS      sWNS   AcRate  StdDev  R lim  CritExp  TotMoves  Alpha 
     (sec)                                          (ns)     (ns)      (ns)                                                   
---- ------ ------- ------- ---------- ---------- ------- ---------- -------- ------- ------- ------ -------- --------- ------
   1    0.0 5.0e-03   1.019     105.82 6.6898e-07  10.131  -3.12e+03  -10.131   0.740  0.0095   13.0     1.00        530  1.000
   2    0.0 4.8e-03   1.021     110.14 6.8504e-07  10.175   -3.1e+03  -10.175   0.725  0.0137   13.0     1.00       1060  0.950
   3    0.0 4.6e-03   0.983     109.51 6.7973e-07  10.478  -3.32e+03  -10.478   0.698  0.0136   13.0     1.00       1590  0.950
   4    0.0 4.3e-03   1.024     110.96 6.7399e-07  10.688  -3.52e+03  -10.688   0.685  0.0174   13.0     1.00       2120  0.950
   5    0.0 4.1e-03   0.999     110.87 6.7233e-07  10.753  -3.21e+03  -10.753   0.689  0.0106   13.0     1.00       2650  0.950
   6    0.0 3.9e-03   1.021     116.85 6.9731e-07  10.528  -3.07e+03  -10.528   0.749  0.0194   13.0     1.00       3180  0.950
   7    0.0 3.7e-03   0.953     116.08 7.1144e-07  10.523  -3.44e+03  -10.523   0.708  0.0194   13.0     1.00       3710  0.950
   8    0.0 3.5e-03   0.981     113.63 6.9924e-07   9.977  -3.08e+03   -9.977   0.689  0.0131   13.0     1.00       4240  0.950
   9    0.0 3.3e-03   0.979     108.11 6.5092e-07  10.941  -3.35e+03  -10.941   0.662  0.0199   13.0     1.00       4770  0.950
  10    0.0 3.2e-03   0.962     102.58 6.7573e-07  10.023  -3.34e+03  -10.023   0.619  0.0148   13.0     1.00       5300  0.950
  11    0.0 3.0e-03   1.010     102.88 6.7341e-07   9.961  -3.06e+03   -9.961   0.577  0.0054   13.0     1.00       5830  0.950
  12    0.0 2.9e-03   0.985     104.29 6.7131e-07  10.362  -3.32e+03  -10.362   0.613  0.0087   13.0     1.00       6360  0.950
  13    0.0 2.7e-03   0.992     104.48 6.6097e-07  10.402  -3.23e+03  -10.402   0.628  0.0085   13.0     1.00       6890  0.950
  14    0.0 2.6e-03   0.986     104.82 6.8052e-07   9.664  -3.11e+03   -9.664   0.626  0.0085   13.0     1.00       7420  0.950
  15    0.0 2.5e-03   0.979      99.28 6.3967e-07  10.229  -3.16e+03  -10.229   0.625  0.0088   13.0     1.00       7950  0.950
  16    0.0 2.3e-03   1.012      98.48 6.6257e-07   9.550  -2.95e+03   -9.550   0.566  0.0098   13.0     1.00       8480  0.950
  17    0.0 2.2e-03   1.002      99.21 6.2197e-07  10.887  -3.29e+03  -10.887   0.577  0.0141   13.0     1.00       9010  0.950
  18    0.0 2.1e-03   0.977     100.57 6.1735e-07  10.654  -3.03e+03  -10.654   0.594  0.0096   13.0     1.00       9540  0.950
  19    0.0 2.0e-03   0.999      99.40 6.4328e-07  10.455  -3.31e+03  -10.455   0.594  0.0070   13.0     1.00      10070  0.950
  20    0.0 1.9e-03   0.996      98.19 6.6232e-07  10.124  -3.32e+03  -10.124   0.575  0.0040   13.0     1.00      10600  0.950
  21    0.0 1.8e-03   0.987      97.73 6.4476e-07  10.126  -3.16e+03  -10.126   0.585  0.0105   13.0     1.00      11130  0.950
  22    0.0 1.7e-03   0.993      97.34 6.1384e-07  10.334     -3e+03  -10.334   0.568  0.0027   13.0     1.00      11660  0.950
  23    0.0 1.6e-03   0.991      96.52 6.4389e-07   9.988  -3.12e+03   -9.988   0.566  0.0075   13.0     1.00      12190  0.950
  24    0.0 1.6e-03   0.993      94.18 6.2497e-07  10.336  -3.25e+03  -10.336   0.542  0.0045   13.0     1.00      12720  0.950
  25    0.0 1.5e-03   0.990      92.70 6.3029e-07  10.329  -3.34e+03  -10.329   0.487  0.0071   13.0     1.00      13250  0.950
  26    0.0 1.4e-03   0.998      92.87 6.4512e-07   9.742  -3.07e+03   -9.742   0.517  0.0072   13.0     1.00      13780  0.950
  27    0.0 1.3e-03   1.002      94.42 6.0467e-07  10.280  -3.01e+03  -10.280   0.509  0.0063   13.0     1.00      14310  0.950
  28    0.0 1.3e-03   1.005      95.23 6.3164e-07   9.757  -2.99e+03   -9.757   0.538  0.0051   13.0     1.00      14840  0.950
  29    0.0 1.2e-03   0.987      95.49 6.3486e-07   9.626  -2.99e+03   -9.626   0.572  0.0055   13.0     1.00      15370  0.950
  30    0.0 1.1e-03   0.991      94.19 6.4527e-07   9.863  -3.19e+03   -9.863   0.479  0.0043   13.0     1.00      15900  0.950
  31    0.0 1.1e-03   0.997      93.76 6.2665e-07  10.224  -3.18e+03  -10.224   0.553  0.0057   13.0     1.00      16430  0.950
  32    0.0 1.0e-03   0.990      91.19 6.2689e-07   9.944  -3.04e+03   -9.944   0.479  0.0043   13.0     1.00      16960  0.950
  33    0.0 9.8e-04   0.991      90.53 6.3408e-07   9.871  -3.16e+03   -9.871   0.472  0.0045   13.0     1.00      17490  0.950
  34    0.0 9.3e-04   1.000      90.43 6.2199e-07   9.786  -2.91e+03   -9.786   0.464  0.0053   13.0     1.00      18020  0.950
  35    0.0 8.8e-04   0.992      90.42 6.2033e-07   9.786  -2.89e+03   -9.786   0.440  0.0051   13.0     1.00      18550  0.950
  36    0.0 8.4e-04   0.984      87.44 6.1813e-07   9.575  -2.87e+03   -9.575   0.442  0.0072   13.0     1.00      19080  0.950
  37    0.0 8.0e-04   0.995      86.60 6.144e-07    9.693  -2.93e+03   -9.693   0.434  0.0027   13.0     1.00      19610  0.950
  38    0.0 7.6e-04   0.998      86.78 5.8923e-07   9.681  -2.89e+03   -9.681   0.377  0.0039   12.9     1.05      20140  0.950
  39    0.0 7.2e-04   1.003      86.77 4.0428e-07   9.533  -2.96e+03   -9.533   0.438  0.0026   12.1     1.52      20670  0.950
  40    0.0 6.8e-04   0.990      86.21 3.9511e-07   9.533  -2.93e+03   -9.533   0.357  0.0041   12.1     1.53      21200  0.950
  41    0.0 6.5e-04   0.996      85.27 2.6359e-07   9.764   -2.9e+03   -9.764   0.392  0.0023   11.1     2.12      21730  0.950
  42    0.0 6.2e-04   0.996      84.44 2.2939e-07   9.636  -2.93e+03   -9.636   0.383  0.0018   10.6     2.43      22260  0.950
  43    0.0 5.9e-04   0.997      84.19 2.0715e-07   9.585  -2.95e+03   -9.585   0.398  0.0040    9.9     2.78      22790  0.950
  44    0.0 5.6e-04   1.000      83.52 1.9415e-07   9.515  -2.93e+03   -9.515   0.389  0.0015    9.5     3.02      23320  0.950
  45    0.0 5.3e-04   0.997      83.59 1.7722e-07   9.505  -2.87e+03   -9.505   0.370  0.0014    9.0     3.31      23850  0.950
  46    0.0 5.0e-04   0.994      83.43 1.5852e-07   9.713  -2.93e+03   -9.713   0.372  0.0026    8.4     3.68      24380  0.950
  47    0.0 4.8e-04   1.000      83.28 1.542e-07    9.486  -2.89e+03   -9.486   0.360  0.0019    7.8     4.01      24910  0.950
  48    0.0 4.5e-04   0.996      82.32 1.447e-07    9.601   -2.9e+03   -9.601   0.338  0.0022    7.2     4.38      25440  0.950
  49    0.0 4.3e-04   0.999      82.33 1.3293e-07   9.706  -2.91e+03   -9.706   0.385  0.0012    6.5     4.81      25970  0.950
  50    0.0 4.1e-04   0.998      82.39 1.3617e-07   9.367  -2.97e+03   -9.367   0.351  0.0017    6.1     5.02      26500  0.950
  51    0.0 3.9e-04   0.998      82.02 1.3383e-07   9.312  -2.95e+03   -9.312   0.315  0.0013    5.6     5.33      27030  0.950
  52    0.0 3.7e-04   0.997      81.28 1.2734e-07   9.381  -2.95e+03   -9.381   0.304  0.0016    4.9     5.74      27560  0.950
  53    0.0 3.5e-04   1.000      81.11 1.2429e-07   9.358  -3.02e+03   -9.358   0.274  0.0008    4.2     6.13      28090  0.950
  54    0.0 3.3e-04   1.001      81.29 1.1997e-07   9.367  -3.02e+03   -9.367   0.298  0.0008    3.5     6.54      28620  0.950
  55    0.0 3.2e-04   0.996      80.88 1.1835e-07   9.367  -2.95e+03   -9.367   0.334  0.0035    3.0     6.83      29150  0.950
  56    0.0 3.0e-04   0.998      79.76 1.1733e-07   9.367     -3e+03   -9.367   0.362  0.0011    2.7     7.01      29680  0.950
  57    0.0 2.9e-04   0.997      79.28 1.1695e-07   9.367  -2.92e+03   -9.367   0.317  0.0016    2.5     7.13      30210  0.950
  58    0.0 2.7e-04   0.997      78.88 1.1559e-07   9.367  -2.93e+03   -9.367   0.338  0.0011    2.2     7.31      30740  0.950
  59    0.0 2.6e-04   0.998      78.64 1.1463e-07   9.367  -2.97e+03   -9.367   0.317  0.0008    2.0     7.44      31270  0.950
  60    0.0 2.4e-04   0.998      77.89 1.1527e-07   9.367  -2.98e+03   -9.367   0.345  0.0011    1.7     7.58      31800  0.950
  61    0.0 2.3e-04   0.999      77.91 1.1416e-07   9.473  -2.98e+03   -9.473   0.328  0.0008    1.6     7.68      32330  0.950
  62    0.0 2.2e-04   1.001      77.90 1.1179e-07   9.473  -2.94e+03   -9.473   0.328  0.0007    1.4     7.78      32860  0.950
  63    0.0 2.1e-04   0.998      77.49 1.1289e-07   9.473  -2.96e+03   -9.473   0.291  0.0015    1.2     7.87      33390  0.950
  64    0.0 2.0e-04   0.999      77.01 1.1128e-07   9.473  -2.95e+03   -9.473   0.298  0.0006    1.0     7.98      33920  0.950
  65    0.0 1.9e-04   0.998      76.82 1.1428e-07   9.367  -2.96e+03   -9.367   0.253  0.0008    1.0     8.00      34450  0.950
  66    0.0 1.8e-04   0.999      76.79 1.1434e-07   9.367   -2.9e+03   -9.367   0.251  0.0006    1.0     8.00      34980  0.950
  67    0.0 1.7e-04   1.000      76.91 1.1595e-07   9.253  -2.94e+03   -9.253   0.285  0.0006    1.0     8.00      35510  0.950
  68    0.0 1.6e-04   0.999      76.96 1.1235e-07   9.367  -2.97e+03   -9.367   0.285  0.0010    1.0     8.00      36040  0.950
  69    0.0 1.5e-04   1.000      76.64 1.1466e-07   9.358  -2.97e+03   -9.358   0.219  0.0008    1.0     8.00      36570  0.950
  70    0.0 1.5e-04   1.001      76.61 1.1266e-07   9.367  -2.96e+03   -9.367   0.230  0.0007    1.0     8.00      37100  0.950
  71    0.0 1.4e-04   0.999      76.49 1.1297e-07   9.371  -2.95e+03   -9.371   0.217  0.0009    1.0     8.00      37630  0.950
  72    0.0 1.3e-04   0.999      76.16 1.1391e-07   9.371  -2.93e+03   -9.371   0.192  0.0008    1.0     8.00      38160  0.950
  73    0.0 1.3e-04   0.999      75.96 1.131e-07    9.371  -2.95e+03   -9.371   0.183  0.0011    1.0     8.00      38690  0.950
  74    0.0 1.2e-04   1.000      75.83 1.1429e-07   9.339  -2.94e+03   -9.339   0.172  0.0004    1.0     8.00      39220  0.950
  75    0.0 1.1e-04   0.999      75.71 1.1251e-07   9.444  -2.94e+03   -9.444   0.183  0.0007    1.0     8.00      39750  0.950
  76    0.0 1.1e-04   1.000      75.84 1.1403e-07   9.367  -2.93e+03   -9.367   0.147  0.0003    1.0     8.00      40280  0.950
Agent's 2nd state: 
  77    0.0 8.6e-05   1.000      75.91 1.1398e-07   9.367  -2.93e+03   -9.367   0.166  0.0002    1.0     8.00      40810  0.800
Checkpoint saved: bb_costs=75.8946, TD costs=1.13968e-07, CPD=  9.367 (ns) 
  78    0.0 8.2e-05   1.000      75.85 1.1401e-07   9.367  -2.88e+03   -9.367   0.121  0.0002    1.0     8.00      41340  0.950
  79    0.0 6.5e-05   1.000      75.79 1.1399e-07   9.367  -2.88e+03   -9.367   0.100  0.0003    1.0     8.00      41870  0.800
  80    0.0 5.2e-05   0.999      75.68 1.14e-07     9.367  -2.94e+03   -9.367   0.104  0.0004    1.0     8.00      42400  0.800
Checkpoint saved: bb_costs=75.6852, TD costs=1.15456e-07, CPD=  9.262 (ns) 
  81    0.0 4.2e-05   0.999      75.56 1.1546e-07   9.262  -2.94e+03   -9.262   0.074  0.0004    1.0     8.00      42930  0.800
  82    0.0 3.4e-05   0.999      75.38 1.1399e-07   9.367  -2.91e+03   -9.367   0.058  0.0004    1.0     8.00      43460  0.800
  83    0.0 2.7e-05   1.000      75.31 1.1405e-07   9.367  -2.92e+03   -9.367   0.043  0.0001    1.0     8.00      43990  0.800
  84    0.0 2.1e-05   1.000      75.29 1.1405e-07   9.367  -2.91e+03   -9.367   0.060  0.0000    1.0     8.00      44520  0.800
  85    0.0 1.7e-05   1.000      75.27 1.1405e-07   9.367  -2.91e+03   -9.367   0.040  0.0002    1.0     8.00      45050  0.800
  86    0.0 1.4e-05   1.000      75.22 1.1411e-07   9.367  -2.91e+03   -9.367   0.040  0.0001    1.0     8.00      45580  0.800
  87    0.0 1.1e-05   1.000      75.19 1.1411e-07   9.367  -2.91e+03   -9.367   0.036  0.0001    1.0     8.00      46110  0.800
  88    0.0 8.8e-06   1.000      75.15 1.1411e-07   9.367  -2.92e+03   -9.367   0.036  0.0001    1.0     8.00      46640  0.800
  89    0.0 7.0e-06   1.000      75.11 1.1411e-07   9.367  -2.92e+03   -9.367   0.053  0.0001    1.0     8.00      47170  0.800
  90    0.0 5.6e-06   1.000      75.10 1.1411e-07   9.367  -2.91e+03   -9.367   0.032  0.0000    1.0     8.00      47700  0.800
  91    0.0 0.0e+00   1.000      75.08 1.1414e-07   9.367  -2.91e+03   -9.367   0.026  0.0000    1.0     8.00      48230  0.800
### Placement Quench took 0.01 seconds (max_rss 98.1 MiB)
post-quench CPD = 9.36711 (ns) 

Checkpoint restored

Completed placement consistency check successfully.

Swaps called: 48416

Aborted Move Reasons:
  duplicate block move to location: 29
  macro move to location illegal: 2
  macro_from swap to location illegal: 381

BB estimate of min-dist (placement) wire length: 7545

Placement estimated critical path delay (least slack): 9.26164 ns, Fmax: 107.972 MHz
Placement estimated critical path skew: -0.04243 ns
Placement estimated setup Worst Negative Slack (sWNS): -9.26164 ns
Placement estimated setup Total Negative Slack (sTNS): -2942.51 ns
Placement estimated setup Worst Skew (sWS): -0.04243 ns

Placement estimated setup slack histogram:
[ -9.3e-09: -8.4e-09)  16 (  1.7%) |*
[ -8.4e-09: -7.5e-09)  16 (  1.7%) |*
[ -7.5e-09: -6.7e-09)   0 (  0.0%) |
[ -6.7e-09: -5.8e-09)   0 (  0.0%) |
[ -5.8e-09:   -5e-09)   0 (  0.0%) |
[   -5e-09: -4.1e-09)  95 ( 10.2%) |********
[ -4.1e-09: -3.3e-09) 109 ( 11.7%) |*********
[ -3.3e-09: -2.4e-09) 562 ( 60.5%) |***********************************************
[ -2.4e-09: -1.6e-09)  82 (  8.8%) |*******
[ -1.6e-09:   -7e-10)  49 (  5.3%) |****

Placement estimated geomean non-virtual intra-domain period: 9.26164 ns (107.972 MHz)
Placement estimated fanout-weighted geomean non-virtual intra-domain period: 9.26164 ns (107.972 MHz)

Placement cost: 1, bb_cost: 75.6852, td_cost: 1.15456e-07, 

Placement resource usage:
  io  implemented as io : 74
  clb implemented as clb: 112

Placement number of temperatures: 91
Placement total # of swap attempts: 48416
	Swaps accepted: 18380 (38.0 %)
	Swaps rejected: 29327 (60.6 %)
	Swaps aborted:   709 ( 1.5 %)


Placement perturbation distribution by block and move type: 
------------------ ----------------- ---------------- ---------------- --------------- ------------ 
    Block Type         Move Type       (%) of Total      Accepted(%)     Rejected(%)    Aborted(%)
------------------ ----------------- ---------------- ---------------- --------------- ------------ 
io                 Uniform                9.64             67.02           32.98          0.00         
                   Median                 8.79             64.09           30.53          5.38         
                   Centroid               8.81             67.67           32.07          0.26         
                   W. Centroid            9.22             68.49           31.35          0.16         
                   W. Median              0.89             12.82           81.35          5.83         

clb                Uniform                15.40            19.26           79.15          1.60         
                   Median                 14.20            28.12           70.76          1.12         
                   Centroid               13.16            23.30           75.25          1.44         
                   W. Centroid            14.14            23.99           73.86          2.15         
                   W. Median              1.30             4.13            95.87          0.00         
                   Crit. Uniform          2.19             0.00            100.00         0.00         
                   Feasible Region        2.25             0.09            99.72          0.18         


Placement Quench timing analysis took 0.00367803 seconds (0.00332551 STA, 0.000352517 slack) (1 full updates: 1 setup, 0 hold, 0 combined).
Placement Total  timing analysis took 0.384064 seconds (0.344546 STA, 0.0395187 slack) (94 full updates: 94 setup, 0 hold, 0 combined).
update_td_costs: connections 0.00208598 nets 0 sum_nets 0.00128126 total 0.00343999
## AP Detailed Placer took 0.89 seconds (max_rss 98.3 MiB, delta_rss +0.2 MiB)
Incr Slack updates 94 in 0.0108099 sec
Full Max Req/Worst Slack updates 43 in 0.00115431 sec
Incr Max Req/Worst Slack updates 51 in 0.0017515 sec
Incr Criticality updates 27 in 0.00627296 sec
Full Criticality updates 67 in 0.0160195 sec
Incr Slack updates 1 in 0.000103745 sec
Full Max Req/Worst Slack updates 1 in 3.3687e-05 sec
Incr Max Req/Worst Slack updates 0 in 0 sec
Incr Criticality updates 0 in 0 sec
Full Criticality updates 1 in 0.000257494 sec
# Analytical Placement took 3.81 seconds (max_rss 98.4 MiB, delta_rss +66.8 MiB)


# Routing
RR graph channel widths unchanged, skipping RR graph rebuild
## Initializing router criticalities
Initial Net Connection Criticality Histogram:
[        0:      0.1) 218 (  7.6%) |************
[      0.1:      0.2) 833 ( 28.9%) |*********************************************
[      0.2:      0.3) 480 ( 16.6%) |**************************
[      0.3:      0.4) 863 ( 29.9%) |***********************************************
[      0.4:      0.5) 108 (  3.7%) |******
[      0.5:      0.6)  34 (  1.2%) |**
[      0.6:      0.7)  57 (  2.0%) |***
[      0.7:      0.8)  37 (  1.3%) |**
[      0.8:      0.9)  48 (  1.7%) |***
[      0.9:        1) 205 (  7.1%) |***********
## Initializing router criticalities took 0.05 seconds (max_rss 98.4 MiB, delta_rss +0.0 MiB)
---- ------ ------- ---- ------- ------- ------- ----------------- --------------- -------- ---------- ---------- ---------- ---------- --------
Iter   Time    pres  BBs    Heap  Re-Rtd  Re-Rtd Overused RR Nodes      Wirelength      CPD       sTNS       sWNS       hTNS       hWNS Est Succ
      (sec)     fac Updt    push    Nets   Conns                                       (ns)       (ns)       (ns)       (ns)       (ns)     Iter
---- ------ ------- ---- ------- ------- ------- ----------------- --------------- -------- ---------- ---------- ---------- ---------- --------
   1    0.0     0.0    0  114327    1041    2751    1095 ( 3.328%)   11660 (37.4%)    9.067     -2844.     -9.067      0.000      0.000      N/A
   2    0.0     0.5    0  105175     810    2281     783 ( 2.380%)   11874 (38.1%)    9.067     -2793.     -9.067      0.000      0.000      N/A
   3    0.0     0.6    0   96502     674    1841     676 ( 2.055%)   12120 (38.8%)    9.067     -2910.     -9.067      0.000      0.000      N/A
   4    0.0     0.8    0   92874     589    1592     613 ( 1.863%)   12411 (39.8%)    9.067     -2906.     -9.067      0.000      0.000      N/A
   5    0.0     1.1    0   86102     523    1402     457 ( 1.389%)   12698 (40.7%)    9.067     -2917.     -9.067      0.000      0.000      N/A
   6    0.0     1.4    0   83848     456    1202     370 ( 1.125%)   13056 (41.8%)    9.067     -3006.     -9.067      0.000      0.000      N/A
   7    0.0     1.9    0   71136     343     925     262 ( 0.796%)   13318 (42.7%)    9.067     -3009.     -9.067      0.000      0.000      N/A
   8    0.0     2.4    0   63734     301     746     218 ( 0.663%)   13509 (43.3%)    9.067     -3156.     -9.067      0.000      0.000      N/A
   9    0.0     3.1    0   51654     241     581     160 ( 0.486%)   13658 (43.8%)    9.067     -3215.     -9.067      0.000      0.000       28
  10    0.0     4.1    0   48249     200     449     134 ( 0.407%)   13968 (44.8%)    9.067     -3195.     -9.067      0.000      0.000       29
  11    0.0     5.3    0   54107     180     430     106 ( 0.322%)   14306 (45.9%)    9.067     -3242.     -9.067      0.000      0.000       30
  12    0.0     6.9    0   46473     152     293      75 ( 0.228%)   14490 (46.4%)    9.067     -3255.     -9.067      0.000      0.000       30
  13    0.0     9.0    0   29983     100     196      53 ( 0.161%)   14637 (46.9%)    9.067     -3258.     -9.067      0.000      0.000       28
  14    0.0    11.6    0   24963      78     138      31 ( 0.094%)   14864 (47.6%)    9.067     -3266.     -9.067      0.000      0.000       26
  15    0.0    15.1    0   13608      56      93      28 ( 0.085%)   15012 (48.1%)    9.067     -3267.     -9.067      0.000      0.000       26
  16    0.0    19.7    0   19748      47      76      25 ( 0.076%)   15118 (48.5%)    9.265     -3268.     -9.265      0.000      0.000       26
  17    0.0    25.6    0   23562      49     115      19 ( 0.058%)   15298 (49.0%)    9.483     -3284.     -9.483      0.000      0.000       27
  18    0.0    33.3    0   22477      33      73      11 ( 0.033%)   15512 (49.7%)    9.691     -3355.     -9.691      0.000      0.000       26
  19    0.0    43.3    0   16568      31      71       9 ( 0.027%)   15504 (49.7%)    9.540     -3343.     -9.540      0.000      0.000       26
  20    0.0    56.2    0   23847      29      78       9 ( 0.027%)   15534 (49.8%)    9.975     -3298.     -9.975      0.000      0.000       27
  21    0.0    73.1    0   30642      23      61       4 ( 0.012%)   15581 (49.9%)   10.266     -3303.    -10.266      0.000      0.000       26
  22    0.0    95.0    0   29680      19      52       6 ( 0.018%)   15624 (50.1%)   10.535     -3292.    -10.535      0.000      0.000       27
  23    0.0   123.5    0   15624      19      49       2 ( 0.006%)   15708 (50.3%)   10.220     -3309.    -10.220      0.000      0.000       27
  24    0.0   160.6    0   12116      17      36       3 ( 0.009%)   15634 (50.1%)    9.997     -3290.     -9.997      0.000      0.000       27
  25    0.0   208.8    0   23941      21      55       2 ( 0.006%)   15814 (50.7%)   10.098     -3308.    -10.098      0.000      0.000       27
  26    0.0   271.4    0   33283      18      49       3 ( 0.009%)   15787 (50.6%)   10.583     -3308.    -10.583      0.000      0.000       28
  27    0.0   352.8    0   29004      20      51       2 ( 0.006%)   15805 (50.7%)   10.894     -3307.    -10.894      0.000      0.000       29
  28    0.0   458.7    0   22407      16      41       1 ( 0.003%)   15797 (50.6%)   10.583     -3306.    -10.583      0.000      0.000       29
  29    0.0   596.3    0   37575      19      52       1 ( 0.003%)   15772 (50.6%)   10.375     -3305.    -10.375      0.000      0.000       29
  30    0.0   775.1    0   28104      18      49       1 ( 0.003%)   15780 (50.6%)   10.375     -3305.    -10.375      0.000      0.000       29
  31    0.0  1000.0    0   31185      20      51       1 ( 0.003%)   15817 (50.7%)   10.375     -3305.    -10.375      0.000      0.000       29
  32    0.0  1000.0    0   24797      18      49       1 ( 0.003%)   15813 (50.7%)   10.375     -3305.    -10.375      0.000      0.000       30
  33    0.0  1000.0    0   22358      19      46       1 ( 0.003%)   15808 (50.7%)   10.375     -3305.    -10.375      0.000      0.000       30
  34    0.0  1000.0    0   23901      19      49       0 ( 0.000%)   15814 (50.7%)   10.375     -3305.    -10.375      0.000      0.000      N/A
Restoring best routing
Critical path: 10.3754 ns
Successfully routed after 34 routing iterations.
Final Net Connection Criticality Histogram:
[        0:      0.1) 405 ( 14.0%) |**************************
[      0.1:      0.2) 576 ( 20.0%) |*************************************
[      0.2:      0.3) 643 ( 22.3%) |*****************************************
[      0.3:      0.4) 734 ( 25.5%) |***********************************************
[      0.4:      0.5) 139 (  4.8%) |*********
[      0.5:      0.6)  34 (  1.2%) |**
[      0.6:      0.7)  55 (  1.9%) |****
[      0.7:      0.8)  58 (  2.0%) |****
[      0.8:      0.9)  57 (  2.0%) |****
[      0.9:        1) 182 (  6.3%) |************
Router Stats: total_nets_routed: 6199 total_connections_routed: 16023 total_heap_pushes: 1453554 total_heap_pops: 400312 
Serial Connection Router is being destroyed. Time spent on path search: 0.203 seconds.
# Routing took 0.60 seconds (max_rss 98.4 MiB, delta_rss +0.0 MiB)

Checking to ensure routing is legal...
# Checking to ensure non-configurable edges are legal
# Checking to ensure non-configurable edges are legal took 0.00 seconds (max_rss 98.4 MiB, delta_rss +0.0 MiB)
Completed routing consistency check successfully.

Serial number (magic cookie) for the routing is: -208652244
Circuit successfully routed with a channel width factor of 100.
Incr Slack updates 35 in 0.00337244 sec
Full Max Req/Worst Slack updates 7 in 0.000191026 sec
Incr Max Req/Worst Slack updates 28 in 0.000982989 sec
Incr Criticality updates 19 in 0.00416842 sec
Full Criticality updates 16 in 0.00420708 sec
# Synchronize the packed netlist to routing optimization
## Annotating rr_node with routed nets
## Annotating rr_node with routed nets took 0.00 seconds (max_rss 98.4 MiB, delta_rss +0.0 MiB)
Found 3927 mismatches between routing and packing results.
Fixed 2546 routing traces due to mismatch between routing and packing results.
# Synchronize the packed netlist to routing optimization took 0.03 seconds (max_rss 98.4 MiB, delta_rss +0.0 MiB)
Final Clustering Statistics: 
----------   --------   ------------------------------------   --------------------------
Block Type   # Blocks   Avg. # of input clocks and pins used   Avg. # of output pins used
----------   --------   ------------------------------------   --------------------------
     EMPTY          0                                      0                            0   
        io         74                               0.486486                     0.513514   
       clb        112                                25.4196                      8.98214   
   dsp_top          0                                      0                            0   
    memory          0                                      0                            0   
Absorbed logical nets 1698 out of 2742 nets, 1044 nets not absorbed.


Average number of bends per net: 1.89625  Maximum # of bends: 55

Number of global nets: 3
Number of routed nets (nonglobal): 1041
Wire length results (in units of 1 clb segments)...
	Total wirelength: 15814, average net length: 15.1912
	Maximum net length: 502

Wire length results in terms of physical segments...
	Total wiring segments used: 4319, average wire segments per net: 4.14890
	Maximum segments used by a net: 142
	Total local nets with reserved CLB opins: 0
Total number of nets absorbed: 9

Routing channel utilization histogram:
[        1:      inf)  0 (  0.0%) |
[      0.9:        1)  7 (  2.1%) |*****
[      0.8:      0.9) 35 ( 10.4%) |***************************
[      0.7:      0.8) 63 ( 18.6%) |************************************************
[      0.5:      0.6) 52 ( 15.4%) |****************************************
[      0.4:      0.5) 48 ( 14.2%) |*************************************
[      0.3:      0.4) 36 ( 10.7%) |***************************
[      0.2:      0.3) 37 ( 10.9%) |****************************
[      0.1:      0.2) 26 (  7.7%) |********************
[        0:      0.1) 34 ( 10.1%) |**************************
Maximum routing channel utilization:      0.95 at (12,7)

X - Directed channels: layer   y   max occ   ave occ   ave cap
                        ----- ---- -------- -------- --------
                            0    0       56   37.833      100
                            0    1       50   34.000      100
                            0    2       64   41.083      100
                            0    3       54   38.250      100
                            0    4       62   48.083      100
                            0    5       74   56.917      100
                            0    6       82   56.250      100
                            0    7       83   58.583      100
                            0    8       92   61.917      100
                            0    9       89   61.000      100
                            0   10       83   58.750      100
                            0   11       72   45.250      100
                            0   12       91   62.750      100
Y - Directed channels: layer   x   max occ   ave occ   ave cap
                        ----- ---- -------- -------- --------
                            0    0       33   20.083      100
                            0    1       22   14.667      100
                            0    2       34   24.083      100
                            0    3       58   45.750      100
                            0    4       61   52.167      100
                            0    5       56   43.000      100
                            0    6       64   52.583      100
                            0    7       84   66.750      100
                            0    8       89   69.083      100
                            0    9       86   66.583      100
                            0   10       87   68.000      100
                            0   11       76   60.667      100
                            0   12       95   73.750      100

Total existing wires segments: CHANX     15600, CHANY     15600, CHANZ         0, ALL     31200
Total used wires segments:     CHANX      7928, CHANY      7886, CHANZ         0, ALL     15814
Usage percentage:              CHANX     50.8%, CHANY     50.6%, CHANZ      0.0%, ALL     50.7%

Logic area (in minimum width transistor areas, excludes I/Os and empty grid tiles)...
	Total logic block area (Warning, need to add pitch of routing to blocks with height > 3): 4.93594e+06
	Total used logic block area: 3.12536e+06

Routing area (in minimum width transistor areas)...
	Total routing area: 1.44594e+06, per logic tile: 7377.25

Total Number of Wiring Segments by Direction: direction length number
                                              --------- ------ -------
                                                      X      4   4192
                                                      Y      4   4192
                                                      X     16    318
                                                      Y     16    318

X - Directed Wiring Segment usage by length: length utilization
                                             ------ -----------
                                             4       0.496
                                            16       0.214

Y - Directed Wiring Segment usage by length: length utilization
                                             ------ -----------
                                             4       0.506
                                            16       0.167

Segment occupancy by length: Length Occupancy Capacity Utilization
                             ------ --------- -------- -----------
                             L4          4198     8384       0.501
                             L16          121      636        0.19

Segment occupancy by type: name type utilization
                           ---- ---- -----------
                             L4    0       0.501
                            L16    1        0.19

Final hold Worst Negative Slack (hWNS): 0 ns
Final hold Total Negative Slack (hTNS): 0 ns
Final hold Worst Skew (hWS): 0 ns

Final hold slack histogram:
[  1.9e-10:  3.9e-10) 825 ( 88.8%) |***********************************************
[  3.9e-10:  5.9e-10)  21 (  2.3%) |*
[  5.9e-10:  7.9e-10)  27 (  2.9%) |**
[  7.9e-10:  9.8e-10)  25 (  2.7%) |*
[  9.8e-10:  1.2e-09)  16 (  1.7%) |*
[  1.2e-09:  1.4e-09)   7 (  0.8%) |
[  1.4e-09:  1.6e-09)   6 (  0.6%) |
[  1.6e-09:  1.8e-09)   0 (  0.0%) |
[  1.8e-09:    2e-09)   0 (  0.0%) |
[    2e-09:  2.2e-09)   2 (  0.2%) |

Final critical path delay (least slack): 10.3754 ns, Fmax: 96.382 MHz
Final critical path skew: -0.04243 ns
Final setup Worst Negative Slack (sWNS): -10.3754 ns
Final setup Total Negative Slack (sTNS): -3304.68 ns
Final setup Worst Skew (sWS): -0.04243 ns

Final setup slack histogram:
[   -1e-08: -9.4e-09)   9 (  1.0%) |*
[ -9.4e-09: -8.4e-09)  21 (  2.3%) |**
[ -8.4e-09: -7.5e-09)   2 (  0.2%) |
[ -7.5e-09: -6.5e-09)   0 (  0.0%) |
[ -6.5e-09: -5.5e-09)   1 (  0.1%) |
[ -5.5e-09: -4.6e-09)  42 (  4.5%) |****
[ -4.6e-09: -3.6e-09) 282 ( 30.4%) |***************************
[ -3.6e-09: -2.6e-09) 488 ( 52.5%) |***********************************************
[ -2.6e-09: -1.7e-09)  37 (  4.0%) |****
[ -1.7e-09:   -7e-10)  47 (  5.1%) |*****

Final geomean non-virtual intra-domain period: 10.3754 ns (96.382 MHz)
Final fanout-weighted geomean non-virtual intra-domain period: 10.3754 ns (96.382 MHz)

Incr Slack updates 1 in 9.3952e-05 sec
Full Max Req/Worst Slack updates 1 in 2.868e-05 sec
Incr Max Req/Worst Slack updates 0 in 0 sec
Incr Criticality updates 0 in 0 sec
Full Criticality updates 1 in 0.000256948 sec
Flow timing analysis took 0.88255 seconds (0.812214 STA, 0.0703362 slack) (131 full updates: 95 setup, 0 hold, 36 combined).
VPR succeeded
The entire flow of VPR took 4.82 seconds (max_rss 98.4 MiB)

