VPR FPGA Placement and Routing.
Version: 9.0.0-dev+v8.0.0-18248-g40f8d19708
Revision: v8.0.0-18248-g40f8d19708
Compiled: 2026-09-22T03:43:48
Compiler: GNU 13.3.0 on Linux-5.15.0-119-generic x86_64
Build Info: release IPO VTR_ASSERT_LEVEL=2

University of Toronto
verilogtorouting.org
vtr-users@googlegroups.com
This is free open source code under MIT license.

VPR was run with the following command-line:
/inspire/hdd/project/project-public/changshunjie-253114010247/changshunjie-253114010247/workspace/DAC2027/vtr/vtr-verilog-to-routing/vpr/vpr /inspire/hdd/project/project-public/changshunjie-253114010247/changshunjie-253114010247/workspace/DAC2027/vtr/vtr-verilog-to-routing/vtr_flow/arch/COFFE_22nm/k6FracN10LB_mem20K_complexDSP_customSB_22nm.xml /inspire/hdd/project/project-public/changshunjie-253114010247/changshunjie-253114010247/workspace/DAC2027/TailCompile/experiments/vtr/runs/pilot_v1/sha/full-seed1-w300/sha.pre-vpr.blif --analytical_place --route --analysis --ap_full_legalizer flat-recon --ap_detailed_placer annealer --seed 12 --route_chan_width 100 --write_flat_place /inspire/hdd/project/project-public/changshunjie-253114010247/changshunjie-253114010247/workspace/DAC2027/TailCompile/vtr_work/tailcompile_v3/sha/4x4/gnn_candidate-fp4552eb69-flat-recon-annealer-seed12-w100-devw14/post_route.fplace --write_legalized_flat_place /inspire/hdd/project/project-public/changshunjie-253114010247/changshunjie-253114010247/workspace/DAC2027/TailCompile/vtr_work/tailcompile_v3/sha/4x4/gnn_candidate-fp4552eb69-flat-recon-annealer-seed12-w100-devw14/post_legalizer.fplace --flat_place_verbosity 1 --device_width 14 --net_file /inspire/hdd/project/project-public/changshunjie-253114010247/changshunjie-253114010247/workspace/DAC2027/TailCompile/vtr_work/tailcompile_v3/sha/4x4/gnn_candidate-fp4552eb69-flat-recon-annealer-seed12-w100-devw14/sha.locked-input.net --read_flat_place /inspire/hdd/global_user/changshunjie-253114010247/workspace/DAC2027/TailCompile/experiments/vtr/tailcompile_v3/sha/4x4/pools/bootstrap_24/candidate_19_seed12046.fplace

Using up to 1 parallel worker(s)

Architecture file: /inspire/hdd/project/project-public/changshunjie-253114010247/changshunjie-253114010247/workspace/DAC2027/vtr/vtr-verilog-to-routing/vtr_flow/arch/COFFE_22nm/k6FracN10LB_mem20K_complexDSP_customSB_22nm.xml
Circuit name: sha.pre-vpr

# Loading Architecture Description
# Loading Architecture Description took 0.04 seconds (max_rss 18.9 MiB, delta_rss +0.0 MiB)

Timing analysis: ON
Circuit netlist file: /inspire/hdd/project/project-public/changshunjie-253114010247/changshunjie-253114010247/workspace/DAC2027/TailCompile/vtr_work/tailcompile_v3/sha/4x4/gnn_candidate-fp4552eb69-flat-recon-annealer-seed12-w100-devw14/sha.locked-input.net
Circuit placement file: sha.pre-vpr.place
Circuit routing file: sha.pre-vpr.route
Circuit SDC file: sha.pre-vpr.sdc
Vpr floorplanning constraints file: not specified

Packer: DISABLED
Placer: DISABLED
Analytical Placer: ENABLED
Router: ENABLED
Analysis: ENABLED

VPR was run with the following options:

netlist_opts.absorb_buffer_luts            : true
netlist_opts.sweep_dangling_primary_ios    : true
netlist_opts.sweep_dangling_nets           : true
netlist_opts.sweep_dangling_blocks         : true
netlist_opts.sweep_constant_primary_outputs: false
netlist_opts.netlist_verbosity             : 1
netlist_opts.const_gen_inference           : COMB_SEQ

AnalyticalPlacerOpts.analytical_solver_type: lp-b2b
AnalyticalPlacerOpts.partial_legalizer_type: bipartitioning
AnalyticalPlacerOpts.full_legalizer_type: flat-recon
AnalyticalPlacerOpts.detailed_placer_type: annealer
AnalyticalPlacerOpts.ap_timing_tradeoff: 0.500000
AnalyticalPlacerOpts.ap_high_fanout_threshold: 256
AnalyticalPlacerOpts.log_verbosity: 1
router_opts.route_type: DETAILED
router_opts.flat_routing: false
router_opts.choke_points: on
router_opts.router_algorithm: TIMING_DRIVEN
router_opts.base_cost_type: DELAY_NORMALIZED_LENGTH
router_opts.fixed_channel_width: 100
router_opts.check_route: FULL
router_opts.acc_fac: 1.000000
router_opts.bb_factor: 3
router_opts.bend_cost: 0.000000
router_opts.first_iter_pres_fac: 0.000000
router_opts.initial_pres_fac: 0.500000
router_opts.pres_fac_mult: 1.300000
router_opts.max_pres_fac: 1000.000000
router_opts.max_router_iterations: 50
router_opts.min_incremental_reroute_fanout: 16
router_opts.initial_acc_cost_chan_congestion_threshold: 0.500000
router_opts.initial_acc_cost_chan_congestion_weight: 0.500000
router_opts.do_check_rr_graph: true
router_opts.verify_binary_search: false
router_opts.min_channel_width_hint: 0
router_opts.read_rr_edge_metadata: false
router_opts.exit_after_first_routing_iteration: false
router_opts.astar_fac: 1.200000
router_opts.astar_offset: 0.000000
router_opts.router_profiler_astar_fac: 1.200000
router_opts.enable_parallel_connection_router: false
router_opts.post_target_prune_fac: 1.200000
router_opts.post_target_prune_offset: 0
router_opts.multi_queue_num_threads: 1
router_opts.multi_queue_num_queues: 2
router_opts.multi_queue_direct_draining: false
router_opts.criticality_exp: 1.000000
router_opts.max_criticality: 0.990000
router_opts.init_wirelength_abort_threshold: 0.850000
router_opts.incr_reroute_delay_ripup: AUTO
router_opts.save_routing_per_iteration: false
router_opts.congested_routing_iteration_threshold_frac: 1.000000
router_opts.high_fanout_threshold: 64
router_opts.router_debug_net: -2
router_opts.router_debug_sink_rr: -2
router_opts.router_debug_iteration: -2
router_opts.max_convergence_count: 1
router_opts.reconvergence_cpd_threshold: 0.990000
router_opts.update_lower_bound_delays: true
router_opts.first_iteration_timing_report_file: 
router_opts.route_bb_update: DYNAMIC
router_opts.lookahead_type: MAP
router_opts.initial_timing: LOOKAHEAD
router_opts.router_heap: FOUR_ARY_HEAP
router_opts.routing_failure_predictor = SAFE
router_opts.routing_predictor_min_history: 8
router_opts.routing_budgets_algorithm = DISABLE

analysis_opts.gen_post_synthesis_netlist: false
analysis_opts.gen_post_implementation_merged_netlist: false
analysis_opts.gen_post_implementation_sdc: false
analysis_opts.timing_report_npaths: 100
analysis_opts.timing_report_skew: false
analysis_opts.echo_dot_timing_graph_node: -1
analysis_opts.timing_report_detail: NETLIST
analysis_opts.post_synth_netlist_unconn_input_handling: UNCONNECTED
analysis_opts.post_synth_netlist_unconn_output_handling: UNCONNECTED
analysis_opts.post_synth_netlist_module_parameters: on

# Building complex block graph
# Building complex block graph took 0.10 seconds (max_rss 24.6 MiB, delta_rss +5.7 MiB)
Circuit file: /inspire/hdd/project/project-public/changshunjie-253114010247/changshunjie-253114010247/workspace/DAC2027/TailCompile/experiments/vtr/runs/pilot_v1/sha/full-seed1-w300/sha.pre-vpr.blif
# Load circuit
Found 3 constant generator(s) in the netlist (2 constant-zero, 1 constant-one) (run with --netlist_verbosity 2 to list names)
# Load circuit took 0.02 seconds (max_rss 28.3 MiB, delta_rss +3.7 MiB)
# Clean circuit
Absorbed 0 LUT buffers
Found 22 primitive output pin(s) driven only by constants; marked them as constants
Swept input(s)      : 0
Swept output(s)     : 0 (0 dangling, 0 constant)
Swept net(s)        : 22
Swept block(s)      : 0
Constant Pins Marked: 22
# Clean circuit took 0.00 seconds (max_rss 28.3 MiB, delta_rss +0.0 MiB)
# Compress circuit
# Compress circuit took 0.00 seconds (max_rss 28.3 MiB, delta_rss +0.0 MiB)
# Verify circuit
# Verify circuit took 0.00 seconds (max_rss 28.3 MiB, delta_rss +0.0 MiB)
Circuit Statistics:
  Blocks: 2491
    .input :      38
    .latch :     893
    .names :    1215
        0-LUT:       2
        1-LUT:       1
        2-LUT:      63
        3-LUT:     106
        4-LUT:      88
        5-LUT:     314
        6-LUT:     641
    .output:      36
    adder  :     309
  Nets  : 2742
    Avg Fanout:     3.3
    Max Fanout:   893.0
    Min Fanout:     1.0
  Netlist Clocks: 1
# Build Timing Graph
  Timing Graph Nodes: 11695
  Timing Graph Edges: 18725
  Timing Graph Levels: 84
# Build Timing Graph took 0.01 seconds (max_rss 31.7 MiB, delta_rss +3.1 MiB)
Netlist contains 1 clocks
  Netlist Clock 'clk_i' Fanout: 893 pins (7.6%), 893 blocks (35.8%)
# Load Timing Constraints

SDC file 'sha.pre-vpr.sdc' not found
Setting default timing constraints:
   * constrain all primary inputs and primary outputs on netlist clock 'clk_i'
   * optimize netlist clock to run as fast as possible
Timing constraints created 1 clocks
  Constrained Clock 'clk_i' Source: 'clk_i.inpad[0]'

# Load Timing Constraints took 0.00 seconds (max_rss 31.7 MiB, delta_rss +0.0 MiB)
# Analytical Placement
## Prepacker

There is one chain in this architecture called "chain" with the following starting points:
	clb[0]/lab[0]/fle[0]/ble5[0]/arithmetic[0]/adder[0].cin[0]

## Prepacker took 0.00 seconds (max_rss 32.0 MiB, delta_rss +0.3 MiB)
## Initializing Pre-Cluster Timing
Using inter-cluster delay: 2.1832e-09
## Initializing Pre-Cluster Timing took 0.19 seconds (max_rss 32.6 MiB, delta_rss +0.6 MiB)
## Estimate Device Size
Device layout 'auto' with fixed width 14.
FPGA sized to 14 x 14: 196 grid tiles (auto)
## Estimate Device Size took 0.00 seconds (max_rss 32.6 MiB, delta_rss +0.0 MiB)
## Ram Mapper
Flat Placement is provided, skipping the RAM mapping.
## Ram Mapper took 0.00 seconds (max_rss 32.6 MiB, delta_rss +0.0 MiB)
## Read Atom Netlist to AP Netlist
## Read Atom Netlist to AP Netlist took 0.01 seconds (max_rss 36.4 MiB, delta_rss +3.8 MiB)
Analytical Placement Netlist Statistics:
	AP Blocks: 1315
		Moveable AP Blocks: 1315
		Fixed AP Blocks: 0
	AP Nets: 1563
		Average Fanout: 4.51
		Highest Fanout: 194
	AP Pins: 11695

## Computing placement delta delay look-up
### Build routing resource graph
### Build routing resource graph took 0.10 seconds (max_rss 46.0 MiB, delta_rss +9.5 MiB)
  RR Graph Nodes: 32900
  RR Graph Edges: 234890
### Computing router lookahead map
#### Computing wire lookahead
#### Computing wire lookahead took 0.04 seconds (max_rss 46.2 MiB, delta_rss +0.0 MiB)
#### Computing src/opin lookahead
Warning 1: Found no more sample locations for SOURCE in io
Warning 2: Found no more sample locations for OPIN in io
Warning 3: Found no more sample locations for SOURCE in clb
Warning 4: Found no more sample locations for OPIN in clb
Warning 5: Found no more sample locations for SOURCE in dsp_top
Warning 6: Found no more sample locations for OPIN in dsp_top
Warning 7: Found no more sample locations for SOURCE in memory
Warning 8: Found no more sample locations for OPIN in memory
#### Computing src/opin lookahead took 0.00 seconds (max_rss 46.2 MiB, delta_rss +0.0 MiB)
### Computing router lookahead map took 0.04 seconds (max_rss 46.2 MiB, delta_rss +0.0 MiB)
Serial Connection Router is being destroyed. Time spent on path search: 0.000 seconds.
## Computing placement delta delay look-up took 0.15 seconds (max_rss 46.2 MiB, delta_rss +9.8 MiB)
Flat Placement is provided in the AP flow, skipping the Global Placement.
0 of 1315 molecules placed at device center (no atoms of these molecules found in flat placement).
## AP Full Legalizer
### Creating Clusters
Device (width, height): (14,14)
#### Sorting and Grouping Blocks by Tile
#### Sorting and Grouping Blocks by Tile took 0.00 seconds (max_rss 46.5 MiB, delta_rss +0.0 MiB)
#### Reconstruction Pass Clustering
#### Reconstruction Pass Clustering took 2.09 seconds (max_rss 50.2 MiB, delta_rss +3.7 MiB)
#### Orphan Window Clustering with search radius 8
#### Orphan Window Clustering with search radius 8 took 0.01 seconds (max_rss 50.2 MiB, delta_rss +0.0 MiB)
FPGA sized to 14 x 14: 196 grid tiles (auto)
Device Utilization: 0.62 (target 1.00)
	Block Utilization: 0.19 Type: io
	Block Utilization: 0.93 Type: clb

----------------------------------------------------------------
                       Clustering Summary                       
----------------------------------------------------------------
Clusters created (Self Clustering)                       : 185
    clb        : 111
    io         : 74
Clusters created (Orphan Window Clustering)              : 1
    clb        : 1
Total clusters                                           : 186
Percent of clusters created in Orphan Window Clustering  : 0.54%
Molecules clustered in each stage breakdown  : (Total of 1315)
	Self Clustering          (0.996958)  : 1311
 	Neighbor Clustering      (0.000000)  : 0
	Orphan Window Clustering (0.003042)  : 4
----------------------------------------------------------------

Final Clustering Statistics: 
----------   --------   ------------------------------------   --------------------------
Block Type   # Blocks   Avg. # of input clocks and pins used   Avg. # of output pins used
----------   --------   ------------------------------------   --------------------------
     EMPTY          0                                      0                            0   
        io         74                               0.486486                     0.513514   
       clb        112                                25.4196                      8.98214   
   dsp_top          0                                      0                            0   
    memory          0                                      0                            0   
Absorbed logical nets 1698 out of 2742 nets, 1044 nets not absorbed.
#### Load packing
##### Loading packed FPGA netlist file.
Netlist generated from file '/inspire/hdd/project/project-public/changshunjie-253114010247/changshunjie-253114010247/workspace/DAC2027/TailCompile/vtr_work/tailcompile_v3/sha/4x4/gnn_candidate-fp4552eb69-flat-recon-annealer-seed12-w100-devw14/sha.locked-input.net'.
Detected 2 constant generators (to see names run with higher pack verbosity)
##### Loading packed FPGA netlist file. took 0.18 seconds (max_rss 61.8 MiB, delta_rss +5.7 MiB)
Warning 9: Treated 2 constant nets as global which will not be routed (to see net names increase packer verbosity).
Netlist contains 33 global net to non-global architecture pin connections
Completed clustering consistency check successfully.
Cluster level netlist and block usage statistics
Netlist num_nets: 1044
Netlist num_blocks: 186
Netlist EMPTY blocks: 0.
Netlist io blocks: 74.
Netlist clb blocks: 112.
Netlist dsp_top blocks: 0.
Netlist memory blocks: 0.
Netlist inputs pins: 38
Netlist output pins: 36

Pb types usage...
  io               : 74
   inpad           : 38
   outpad          : 36
  clb              : 112
   lab             : 112
    fle            : 1086
     ble5          : 882
      flut5        : 573
       lut5        : 573
        lut        : 573
       ff          : 353
      arithmetic   : 309
       adder       : 309
     ble6          : 642
      lut6         : 642
       lut         : 642
      ff           : 540

#### Load packing took 0.25 seconds (max_rss 96.7 MiB, delta_rss +40.6 MiB)
Netlist contains 33 global net to non-global architecture pin connections
Cluster level netlist and block usage statistics
Netlist num_nets: 1044
Netlist num_blocks: 186
Netlist EMPTY blocks: 0.
Netlist io blocks: 74.
Netlist clb blocks: 112.
Netlist dsp_top blocks: 0.
Netlist memory blocks: 0.
Netlist inputs pins: 38
Netlist output pins: 36
### Creating Clusters took 2.47 seconds (max_rss 96.8 MiB, delta_rss +50.3 MiB)
Completed clustering consistency check successfully.
FPGA sized to 14 x 14: 196 grid tiles (auto)
### Compressed grid construction
### Compressed grid construction took 0.00 seconds (max_rss 96.8 MiB, delta_rss +0.0 MiB)
### Initial Placement
Placing clusters that are part of larger macros...
Number of blocks to be placed: 18
Max distance on device: 28
---- ---------- ---------- -------------
Pass Max Displ. Num Blocks Num Blocks   
     Threshold  Placed     Left Unplaced
---- ---------- ---------- -------------
   0          0         12             6
   1          1          4             2
   2          2          2             0

Placing general clusters...
Number of blocks to be placed: 168
Max distance on device: 28
---- ---------- ---------- -------------
Pass Max Displ. Num Blocks Num Blocks   
     Threshold  Placed     Left Unplaced
---- ---------- ---------- -------------
   0          0        160             8
   1          1          1             7
   2          2          1             6
   3          4          3             3
   4          8          2             1
   5         16          1             0

### Initial Placement took 0.00 seconds (max_rss 96.8 MiB, delta_rss +0.0 MiB)
Flat Placement Reconstruction Info:
	Percent of clusters with reconstruction errors: 0.537634
	Total displacement of initial placement from flat placement: 1525.000000
	Average atom displacement of initial placement from flat placement: 0.612204
	Max atom displacement of initial placement from flat placement: 13.000000
	Percent of atoms misplaced from the flat placement: 19.429947
## AP Full Legalizer took 2.47 seconds (max_rss 96.9 MiB, delta_rss +50.4 MiB)

Resource usage...
	Netlist
		74	blocks of type: io
	Architecture
		384	blocks of type: io
	Netlist
		112	blocks of type: clb
	Architecture
		120	blocks of type: clb
	Netlist
		0	blocks of type: dsp_top
	Architecture
		3	blocks of type: dsp_top
	Netlist
		0	blocks of type: memory
	Architecture
		6	blocks of type: memory

Device Utilization: 0.62 (target 1.00)
	Physical Tile io:
	Block Utilization: 0.19 Logical Block: io
	Physical Tile clb:
	Block Utilization: 0.93 Logical Block: clb
	Physical Tile dsp_top:
	Block Utilization: 0.00 Logical Block: dsp_top
	Physical Tile memory:
	Block Utilization: 0.00 Logical Block: memory

## Computing placement delta delay look-up
RR graph channel widths unchanged, skipping RR graph rebuild
Serial Connection Router is being destroyed. Time spent on path search: 0.000 seconds.
## Computing placement delta delay look-up took 0.00 seconds (max_rss 96.9 MiB, delta_rss +0.0 MiB)
Using simple RL 'Softmax agent' for choosing move and block types

Completed placement consistency check successfully.
Initial placement cost: 1 bb_cost: 113.739 td_cost: 6.38171e-07
Initial placement BB estimate of wirelength: 11350.8
Initial placement estimated Critical Path Delay (CPD): 12.0457 ns
Initial placement estimated setup Total Negative Slack (sTNS): -3297.16 ns
Initial placement estimated setup Worst Negative Slack (sWNS): -12.0457 ns

Initial placement estimated setup slack histogram:
[ -1.2e-08: -1.1e-08)  20 (  2.2%) |**
[ -1.1e-08: -9.8e-09)  12 (  1.3%) |*
[ -9.8e-09: -8.6e-09)   0 (  0.0%) |
[ -8.6e-09: -7.5e-09)   0 (  0.0%) |
[ -7.5e-09: -6.4e-09)   0 (  0.0%) |
[ -6.4e-09: -5.2e-09)   0 (  0.0%) |
[ -5.2e-09: -4.1e-09) 128 ( 13.8%) |**********
[ -4.1e-09:   -3e-09) 605 ( 65.1%) |***********************************************
[   -3e-09: -1.8e-09) 101 ( 10.9%) |********
[ -1.8e-09:   -7e-10)  63 (  6.8%) |*****
Placement contains 9 placement macros involving 18 blocks (average macro size 2.000000)

Moves per temperature: 530
## AP Detailed Placer

---- ------ ------- ------- ---------- ---------- ------- ---------- -------- ------- ------- ------ -------- --------- ------
Tnum  Time     T    AvCost  Av BB Cost Av TD Cost   CPD      sTNS      sWNS   AcRate  StdDev  R lim  CritExp  TotMoves  Alpha 
     (sec)                                          (ns)     (ns)      (ns)                                                   
---- ------ ------- ------- ---------- ---------- ------- ---------- -------- ------- ------- ------ -------- --------- ------
   1    0.0 5.0e-03   1.049     109.13 6.3507e-07  11.264  -3.27e+03  -11.264   0.760  0.0207   13.0     1.00        530  1.000
   2    0.0 4.8e-03   1.023     117.10 6.9849e-07  10.386  -3.14e+03  -10.386   0.772  0.0165   13.0     1.00       1060  0.950
   3    0.0 4.6e-03   1.013     115.63 6.6711e-07  11.228  -3.36e+03  -11.228   0.702  0.0185   13.0     1.00       1590  0.950
   4    0.0 4.3e-03   1.000     112.08 6.4783e-07  11.721  -3.69e+03  -11.721   0.709  0.0074   13.0     1.00       2120  0.950
   5    0.0 4.1e-03   0.990     113.48 7.1725e-07  10.292  -3.41e+03  -10.292   0.691  0.0112   13.0     1.00       2650  0.950
   6    0.0 3.9e-03   0.995     110.74 6.9609e-07  10.163   -3.2e+03  -10.163   0.696  0.0094   13.0     1.00       3180  0.950
   7    0.0 3.7e-03   1.010     110.76 6.9056e-07  10.127  -3.17e+03  -10.127   0.681  0.0090   13.0     1.00       3710  0.950
   8    0.0 3.5e-03   0.994     106.84 6.7385e-07  10.357  -3.25e+03  -10.357   0.657  0.0055   13.0     1.00       4240  0.950
   9    0.0 3.3e-03   1.015     111.90 6.703e-07   10.962  -3.44e+03  -10.962   0.679  0.0087   13.0     1.00       4770  0.950
  10    0.0 3.2e-03   0.988     110.14 6.757e-07   10.432  -3.13e+03  -10.432   0.687  0.0071   13.0     1.00       5300  0.950
  11    0.0 3.0e-03   0.983     109.43 6.7455e-07  10.619  -3.23e+03  -10.619   0.685  0.0082   13.0     1.00       5830  0.950
  12    0.0 2.9e-03   0.985     110.64 6.6033e-07  10.858  -3.49e+03  -10.858   0.640  0.0091   13.0     1.00       6360  0.950
  13    0.0 2.7e-03   0.978     106.10 6.4195e-07  10.804  -3.21e+03  -10.804   0.642  0.0111   13.0     1.00       6890  0.950
  14    0.0 2.6e-03   0.990     105.88 6.7676e-07   9.812  -3.08e+03   -9.812   0.587  0.0074   13.0     1.00       7420  0.950
  15    0.0 2.5e-03   1.009     105.48 6.9367e-07   9.514  -3.02e+03   -9.514   0.643  0.0094   13.0     1.00       7950  0.950
  16    0.0 2.3e-03   0.987     105.89 6.3719e-07  11.080  -3.23e+03  -11.080   0.606  0.0122   13.0     1.00       8480  0.950
  17    0.0 2.2e-03   0.981     100.95 6.6838e-07   9.782  -3.06e+03   -9.782   0.566  0.0132   13.0     1.00       9010  0.950
  18    0.0 2.1e-03   0.989      98.41 6.3618e-07  10.274   -3.1e+03  -10.274   0.600  0.0053   13.0     1.00       9540  0.950
  19    0.0 2.0e-03   1.002      99.30 6.2121e-07  10.487  -3.11e+03  -10.487   0.566  0.0088   13.0     1.00      10070  0.950
  20    0.0 1.9e-03   0.983      97.46 6.4525e-07   9.928  -3.03e+03   -9.928   0.577  0.0096   13.0     1.00      10600  0.950
  21    0.0 1.8e-03   0.999      95.22 6.3733e-07  10.158  -3.07e+03  -10.158   0.570  0.0034   13.0     1.00      11130  0.950
  22    0.0 1.7e-03   0.993      93.84 6.3275e-07  10.327  -3.16e+03  -10.327   0.515  0.0041   13.0     1.00      11660  0.950
  23    0.0 1.6e-03   1.005      95.07 6.2705e-07  10.423  -3.15e+03  -10.423   0.555  0.0063   13.0     1.00      12190  0.950
  24    0.0 1.6e-03   0.978      93.35 6.1043e-07  10.823  -3.32e+03  -10.823   0.530  0.0102   13.0     1.00      12720  0.950
  25    0.0 1.5e-03   0.991      93.94 6.0345e-07  10.980  -3.31e+03  -10.980   0.511  0.0053   13.0     1.00      13250  0.950
  26    0.0 1.4e-03   1.003      95.37 6.4825e-07  10.160   -3.4e+03  -10.160   0.551  0.0045   13.0     1.00      13780  0.950
  27    0.0 1.3e-03   0.981      94.39 6.4571e-07   9.753  -3.13e+03   -9.753   0.492  0.0089   13.0     1.00      14310  0.950
  28    0.0 1.3e-03   1.000      92.21 6.1375e-07  10.187  -3.02e+03  -10.187   0.517  0.0031   13.0     1.00      14840  0.950
  29    0.0 1.2e-03   0.986      90.52 6.3248e-07   9.744  -2.92e+03   -9.744   0.551  0.0056   13.0     1.00      15370  0.950
  30    0.0 1.1e-03   0.999      90.06 6.186e-07   10.199  -3.19e+03  -10.199   0.483  0.0062   13.0     1.00      15900  0.950
  31    0.0 1.1e-03   0.983      89.98 6.4722e-07   9.495  -3.06e+03   -9.495   0.506  0.0088   13.0     1.00      16430  0.950
  32    0.0 1.0e-03   0.997      89.45 6.1572e-07   9.808  -2.97e+03   -9.808   0.464  0.0061   13.0     1.00      16960  0.950
  33    0.0 9.8e-04   1.002      88.80 6.013e-07   10.122  -2.99e+03  -10.122   0.500  0.0025   13.0     1.00      17490  0.950
  34    0.0 9.3e-04   0.996      87.99 6.0297e-07  10.122  -3.04e+03  -10.122   0.447  0.0035   13.0     1.00      18020  0.950
  35    0.0 8.8e-04   0.993      87.15 5.9066e-07  10.381  -3.01e+03  -10.381   0.436  0.0040   13.0     1.00      18550  0.950
  36    0.0 8.4e-04   1.002      86.68 5.8746e-07   9.965  -2.95e+03   -9.965   0.460  0.0026   12.9     1.03      19080  0.950
  37    0.0 8.0e-04   0.995      85.60 6.0098e-07   9.965  -2.91e+03   -9.965   0.445  0.0038   13.0     1.00      19610  0.950
  38    0.0 7.6e-04   1.003      85.57 6.131e-07    9.757  -2.96e+03   -9.757   0.398  0.0027   13.0     1.00      20140  0.950
  39    0.0 7.2e-04   0.995      85.77 4.6004e-07   9.757  -2.94e+03   -9.757   0.426  0.0020   12.5     1.32      20670  0.950
  40    0.0 6.8e-04   0.997      85.29 4.2513e-07   9.953  -3.03e+03   -9.953   0.426  0.0012   12.3     1.42      21200  0.950
  41    0.0 6.5e-04   0.992      84.80 3.9488e-07   9.889  -3.05e+03   -9.889   0.415  0.0025   12.1     1.51      21730  0.950
  42    0.0 6.2e-04   1.003      86.28 3.5586e-07   9.677  -2.99e+03   -9.677   0.426  0.0024   11.8     1.69      22260  0.950
  43    0.0 5.9e-04   0.990      85.75 3.3645e-07   9.556  -2.95e+03   -9.556   0.430  0.0071   11.7     1.78      22790  0.950
  44    0.0 5.6e-04   0.996      84.35 3.2177e-07   9.556  -2.95e+03   -9.556   0.421  0.0023   11.5     1.85      23320  0.950
  45    0.0 5.3e-04   0.991      83.55 2.9795e-07   9.450  -2.93e+03   -9.450   0.364  0.0038   11.3     1.98      23850  0.950
  46    0.0 5.0e-04   0.999      82.82 2.2892e-07   9.601  -2.93e+03   -9.601   0.334  0.0010   10.5     2.48      24380  0.950
  47    0.0 4.8e-04   1.002      83.37 1.8277e-07   9.601  -2.92e+03   -9.601   0.343  0.0018    9.4     3.13      24910  0.950
  48    0.0 4.5e-04   0.998      83.53 1.6123e-07   9.601  -2.94e+03   -9.601   0.368  0.0017    8.4     3.65      25440  0.950
  49    0.0 4.3e-04   1.000      83.14 1.51e-07     9.601  -2.95e+03   -9.601   0.355  0.0012    7.8     4.01      25970  0.950
  50    0.0 4.1e-04   0.997      82.78 1.4379e-07   9.556  -2.96e+03   -9.556   0.357  0.0017    7.2     4.40      26500  0.950
  51    0.0 3.9e-04   0.999      82.57 1.3768e-07   9.556  -2.92e+03   -9.556   0.345  0.0013    6.6     4.75      27030  0.950
  52    0.0 3.7e-04   0.997      81.97 1.3267e-07   9.556  -2.96e+03   -9.556   0.325  0.0012    6.0     5.11      27560  0.950
  53    0.0 3.5e-04   0.998      81.65 1.2863e-07   9.556  -2.96e+03   -9.556   0.330  0.0025    5.3     5.51      28090  0.950
  54    0.0 3.3e-04   1.001      81.10 1.255e-07    9.519  -2.98e+03   -9.519   0.342  0.0013    4.7     5.85      28620  0.950
  55    0.0 3.2e-04   0.997      80.27 1.2415e-07   9.459  -3.01e+03   -9.459   0.298  0.0014    4.2     6.12      29150  0.950
  56    0.0 3.0e-04   1.000      80.17 1.2253e-07   9.401  -3.02e+03   -9.401   0.277  0.0008    3.6     6.47      29680  0.950
  57    0.0 2.9e-04   0.997      79.81 1.1898e-07   9.452  -3.02e+03   -9.452   0.292  0.0011    3.0     6.81      30210  0.950
  58    0.0 2.7e-04   0.996      79.66 1.189e-07    9.404  -3.04e+03   -9.404   0.325  0.0016    2.6     7.07      30740  0.950
  59    0.0 2.6e-04   0.996      78.87 1.1888e-07   9.351  -2.93e+03   -9.351   0.272  0.0010    2.3     7.25      31270  0.950
  60    0.0 2.4e-04   0.997      78.29 1.1607e-07   9.482  -2.92e+03   -9.482   0.383  0.0023    1.9     7.47      31800  0.950
  61    0.0 2.3e-04   1.001      78.18 1.1677e-07   9.437  -2.97e+03   -9.437   0.389  0.0010    1.8     7.54      32330  0.950
  62    0.0 2.2e-04   0.998      77.72 1.1881e-07   9.273  -2.96e+03   -9.273   0.351  0.0018    1.7     7.59      32860  0.950
  63    0.0 2.1e-04   0.999      77.20 1.1469e-07   9.460  -2.98e+03   -9.460   0.311  0.0008    1.6     7.68      33390  0.950
  64    0.0 2.0e-04   1.000      77.06 1.1431e-07   9.460     -3e+03   -9.460   0.349  0.0020    1.4     7.79      33920  0.950
  65    0.0 1.9e-04   1.002      76.60 1.1528e-07   9.397  -3.02e+03   -9.397   0.298  0.0008    1.2     7.87      34450  0.950
  66    0.0 1.8e-04   0.999      76.74 1.122e-07    9.546  -2.96e+03   -9.546   0.306  0.0008    1.1     7.97      34980  0.950
  67    0.0 1.7e-04   1.000      76.58 1.1382e-07   9.489  -2.95e+03   -9.489   0.294  0.0007    1.0     8.00      35510  0.950
  68    0.0 1.6e-04   0.998      76.42 1.1253e-07   9.546  -2.95e+03   -9.546   0.289  0.0015    1.0     8.00      36040  0.950
  69    0.0 1.5e-04   0.999      75.96 1.1385e-07   9.489  -2.96e+03   -9.489   0.257  0.0006    1.0     8.00      36570  0.950
  70    0.0 1.5e-04   1.001      76.24 1.1301e-07   9.515  -3.02e+03   -9.515   0.206  0.0006    1.0     8.00      37100  0.950
  71    0.0 1.4e-04   0.999      76.15 1.1456e-07   9.397  -3.01e+03   -9.397   0.243  0.0007    1.0     8.00      37630  0.950
  72    0.0 1.3e-04   0.998      76.10 1.1438e-07   9.397  -2.94e+03   -9.397   0.219  0.0006    1.0     8.00      38160  0.950
  73    0.0 1.3e-04   0.998      75.71 1.1484e-07   9.397  -2.97e+03   -9.397   0.196  0.0013    1.0     8.00      38690  0.950
  74    0.0 1.2e-04   1.000      75.55 1.1284e-07   9.454  -2.96e+03   -9.454   0.179  0.0005    1.0     8.00      39220  0.950
  75    0.0 1.1e-04   1.000      75.71 1.1391e-07   9.422  -2.91e+03   -9.422   0.196  0.0004    1.0     8.00      39750  0.950
  76    0.0 1.1e-04   1.000      75.62 1.1288e-07   9.454  -2.97e+03   -9.454   0.181  0.0002    1.0     8.00      40280  0.950
  77    0.0 1.0e-04   1.000      75.68 1.137e-07    9.422  -2.97e+03   -9.422   0.175  0.0003    1.0     8.00      40810  0.950
  78    0.0 9.7e-05   0.999      75.65 1.1372e-07   9.422  -2.96e+03   -9.422   0.181  0.0006    1.0     8.00      41340  0.950
  79    0.0 9.2e-05   0.999      75.41 1.1394e-07   9.422  -2.96e+03   -9.422   0.162  0.0005    1.0     8.00      41870  0.950
  80    0.0 8.8e-05   1.000      75.32 1.139e-07    9.422  -2.96e+03   -9.422   0.128  0.0005    1.0     8.00      42400  0.950
Agent's 2nd state: 
  81    0.0 7.0e-05   0.999      75.17 1.1389e-07   9.422  -2.98e+03   -9.422   0.170  0.0006    1.0     8.00      42930  0.800
Checkpoint saved: bb_costs=75.0534, TD costs=1.13746e-07, CPD=  9.422 (ns) 
  82    0.0 6.7e-05   1.000      74.97 1.138e-07    9.422  -2.98e+03   -9.422   0.121  0.0003    1.0     8.00      43460  0.950
  83    0.0 5.3e-05   1.000      74.94 1.1393e-07   9.422  -2.97e+03   -9.422   0.070  0.0002    1.0     8.00      43990  0.800
  84    0.0 4.3e-05   0.999      74.92 1.1386e-07   9.422  -2.98e+03   -9.422   0.092  0.0004    1.0     8.00      44520  0.800
  85    0.0 3.4e-05   0.999      74.79 1.138e-07    9.422  -2.97e+03   -9.422   0.068  0.0004    1.0     8.00      45050  0.800
  86    0.0 2.7e-05   1.000      74.72 1.1377e-07   9.422  -2.98e+03   -9.422   0.038  0.0001    1.0     8.00      45580  0.800
  87    0.0 2.2e-05   1.000      74.71 1.1379e-07   9.422  -2.98e+03   -9.422   0.051  0.0001    1.0     8.00      46110  0.800
  88    0.0 1.7e-05   0.999      74.63 1.1383e-07   9.422  -2.97e+03   -9.422   0.058  0.0003    1.0     8.00      46640  0.800
  89    0.0 1.4e-05   1.000      74.55 1.139e-07    9.422  -2.97e+03   -9.422   0.043  0.0001    1.0     8.00      47170  0.800
  90    0.0 1.1e-05   1.000      74.50 1.1382e-07   9.422  -2.98e+03   -9.422   0.047  0.0002    1.0     8.00      47700  0.800
  91    0.0 9.0e-06   1.000      74.51 1.1379e-07   9.422  -2.98e+03   -9.422   0.060  0.0001    1.0     8.00      48230  0.800
  92    0.0 7.2e-06   1.000      74.50 1.1379e-07   9.422  -2.98e+03   -9.422   0.045  0.0001    1.0     8.00      48760  0.800
  93    0.0 5.7e-06   1.000      74.52 1.136e-07    9.422  -2.97e+03   -9.422   0.045  0.0000    1.0     8.00      49290  0.800
  94    0.0 0.0e+00   1.000      74.50 1.136e-07    9.422  -2.97e+03   -9.422   0.023  0.0000    1.0     8.00      49820  0.800
### Placement Quench took 0.01 seconds (max_rss 98.1 MiB)
post-quench CPD = 9.42237 (ns) 

Completed placement consistency check successfully.

Swaps called: 50006

Aborted Move Reasons:
  duplicate block move to location: 32
  macro move to location illegal: 4
  macro_from swap to location illegal: 334

BB estimate of min-dist (placement) wire length: 7426

Placement estimated critical path delay (least slack): 9.42237 ns, Fmax: 106.13 MHz
Placement estimated critical path skew: -0.04243 ns
Placement estimated setup Worst Negative Slack (sWNS): -9.42237 ns
Placement estimated setup Total Negative Slack (sTNS): -2974.04 ns
Placement estimated setup Worst Skew (sWS): -0.04243 ns

Placement estimated setup slack histogram:
[ -9.4e-09: -8.6e-09)  16 (  1.7%) |*
[ -8.6e-09: -7.7e-09)  16 (  1.7%) |*
[ -7.7e-09: -6.8e-09)   0 (  0.0%) |
[ -6.8e-09: -5.9e-09)   0 (  0.0%) |
[ -5.9e-09: -5.1e-09)   0 (  0.0%) |
[ -5.1e-09: -4.2e-09)  67 (  7.2%) |*****
[ -4.2e-09: -3.3e-09) 113 ( 12.2%) |*********
[ -3.3e-09: -2.4e-09) 586 ( 63.1%) |***********************************************
[ -2.4e-09: -1.6e-09)  83 (  8.9%) |*******
[ -1.6e-09:   -7e-10)  48 (  5.2%) |****

Placement estimated geomean non-virtual intra-domain period: 9.42237 ns (106.13 MHz)
Placement estimated fanout-weighted geomean non-virtual intra-domain period: 9.42237 ns (106.13 MHz)

Placement cost: 0.999877, bb_cost: 74.4911, td_cost: 1.13603e-07, 

Placement resource usage:
  io  implemented as io : 74
  clb implemented as clb: 112

Placement number of temperatures: 94
Placement total # of swap attempts: 50006
	Swaps accepted: 19026 (38.0 %)
	Swaps rejected: 30309 (60.6 %)
	Swaps aborted:   671 ( 1.3 %)


Placement perturbation distribution by block and move type: 
------------------ ----------------- ---------------- ---------------- --------------- ------------ 
    Block Type         Move Type       (%) of Total      Accepted(%)     Rejected(%)    Aborted(%)
------------------ ----------------- ---------------- ---------------- --------------- ------------ 
io                 Uniform                9.45             64.09           35.91          0.00         
                   Median                 9.11             65.72           29.28          5.00         
                   Centroid               8.87             65.98           33.98          0.05         
                   W. Centroid            9.09             68.51           31.49          0.00         
                   W. Median              0.83             16.87           76.87          6.27         

clb                Uniform                15.29            19.31           79.13          1.56         
                   Median                 14.39            28.05           70.08          1.88         
                   Centroid               13.50            24.11           74.90          0.99         
                   W. Centroid            14.38            24.26           74.50          1.24         
                   W. Median              1.10             2.37            96.72          0.91         
                   Crit. Uniform          1.94             0.41            99.59          0.00         
                   Feasible Region        2.04             0.68            99.32          0.00         


Placement Quench timing analysis took 0.00367155 seconds (0.0033369 STA, 0.000334656 slack) (1 full updates: 1 setup, 0 hold, 0 combined).
Placement Total  timing analysis took 0.395292 seconds (0.354649 STA, 0.0406433 slack) (96 full updates: 96 setup, 0 hold, 0 combined).
update_td_costs: connections 0.00204478 nets 0 sum_nets 0.00133738 total 0.00346617
## AP Detailed Placer took 0.92 seconds (max_rss 98.3 MiB, delta_rss +0.2 MiB)
Incr Slack updates 96 in 0.011136 sec
Full Max Req/Worst Slack updates 40 in 0.00106443 sec
Incr Max Req/Worst Slack updates 56 in 0.00192417 sec
Incr Criticality updates 30 in 0.00693161 sec
Full Criticality updates 66 in 0.0161321 sec
Incr Slack updates 1 in 9.6089e-05 sec
Full Max Req/Worst Slack updates 1 in 3.3332e-05 sec
Incr Max Req/Worst Slack updates 0 in 0 sec
Incr Criticality updates 0 in 0 sec
Full Criticality updates 1 in 0.00024501 sec
# Analytical Placement took 3.83 seconds (max_rss 98.3 MiB, delta_rss +66.6 MiB)


# Routing
RR graph channel widths unchanged, skipping RR graph rebuild
## Initializing router criticalities
Initial Net Connection Criticality Histogram:
[        0:      0.1) 237 (  8.2%) |**************
[      0.1:      0.2) 786 ( 27.3%) |*********************************************
[      0.2:      0.3) 495 ( 17.2%) |****************************
[      0.3:      0.4) 817 ( 28.3%) |***********************************************
[      0.4:      0.5) 161 (  5.6%) |*********
[      0.5:      0.6)  34 (  1.2%) |**
[      0.6:      0.7)  61 (  2.1%) |****
[      0.7:      0.8)  37 (  1.3%) |**
[      0.8:      0.9)  37 (  1.3%) |**
[      0.9:        1) 218 (  7.6%) |*************
## Initializing router criticalities took 0.05 seconds (max_rss 98.3 MiB, delta_rss +0.0 MiB)
---- ------ ------- ---- ------- ------- ------- ----------------- --------------- -------- ---------- ---------- ---------- ---------- --------
Iter   Time    pres  BBs    Heap  Re-Rtd  Re-Rtd Overused RR Nodes      Wirelength      CPD       sTNS       sWNS       hTNS       hWNS Est Succ
      (sec)     fac Updt    push    Nets   Conns                                       (ns)       (ns)       (ns)       (ns)       (ns)     Iter
---- ------ ------- ---- ------- ------- ------- ----------------- --------------- -------- ---------- ---------- ---------- ---------- --------
   1    0.0     0.0    0  116257    1041    2751    1107 ( 3.365%)   11695 (37.5%)    8.443     -2969.     -8.443      0.000      0.000      N/A
   2    0.0     0.5    0  105024     786    2292     750 ( 2.280%)   11655 (37.4%)    8.389     -2940.     -8.389      0.000      0.000      N/A
   3    0.0     0.6    0   92663     641    1811     683 ( 2.076%)   11960 (38.3%)    8.443     -2937.     -8.443      0.000      0.000      N/A
   4    0.0     0.8    0   95506     594    1612     606 ( 1.842%)   12243 (39.2%)    8.389     -2994.     -8.389      0.000      0.000      N/A
   5    0.0     1.1    0   88031     537    1409     492 ( 1.495%)   12328 (39.5%)    8.389     -2989.     -8.389      0.000      0.000      N/A
   6    0.0     1.4    0   80311     465    1174     393 ( 1.195%)   12568 (40.3%)    8.398     -3004.     -8.398      0.000      0.000      N/A
   7    0.0     1.9    0   80631     402    1147     323 ( 0.982%)   12883 (41.3%)    8.398     -3006.     -8.398      0.000      0.000      N/A
   8    0.0     2.4    0   66563     317     795     224 ( 0.681%)   13269 (42.5%)    8.398     -3056.     -8.398      0.000      0.000      N/A
   9    0.0     3.1    0   48309     253     545     170 ( 0.517%)   13428 (43.0%)    8.597     -3067.     -8.597      0.000      0.000       28
  10    0.0     4.1    0   50163     223     448     125 ( 0.380%)   13651 (43.8%)    8.597     -3078.     -8.597      0.000      0.000       26
  11    0.0     5.3    0   43379     172     346     101 ( 0.307%)   13895 (44.5%)    8.606     -3084.     -8.606      0.000      0.000       27
  12    0.0     6.9    0   42199     133     308      71 ( 0.216%)   14095 (45.2%)    8.795     -3114.     -8.795      0.000      0.000       27
  13    0.0     9.0    0   31585     115     225      60 ( 0.182%)   14288 (45.8%)    8.805     -3139.     -8.805      0.000      0.000       27
  14    0.0    11.6    0   29144      92     171      41 ( 0.125%)   14418 (46.2%)    8.846     -3146.     -8.846      0.000      0.000       28
  15    0.0    15.1    0   21072      76     150      29 ( 0.088%)   14546 (46.6%)    8.844     -3189.     -8.844      0.000      0.000       27
  16    0.0    19.7    0   16628      70     116      23 ( 0.070%)   14639 (46.9%)    8.805     -3192.     -8.805      0.000      0.000       27
  17    0.0    25.6    0   11293      56      90      18 ( 0.055%)   14783 (47.4%)    8.961     -3193.     -8.961      0.000      0.000       27
  18    0.0    33.3    0   12285      55      97      15 ( 0.046%)   15000 (48.1%)    9.233     -3223.     -9.233      0.000      0.000       27
  19    0.0    43.3    0   11633      54      89      11 ( 0.033%)   15048 (48.2%)    9.211     -3275.     -9.211      0.000      0.000       28
  20    0.0    56.2    0    8190      47      74       5 ( 0.015%)   15147 (48.5%)    9.160     -3271.     -9.160      0.000      0.000       26
  21    0.0    73.1    0    5017      38      58       4 ( 0.012%)   15160 (48.6%)    9.584     -3287.     -9.584      0.000      0.000       26
  22    0.0    95.0    0    3971      39      58       5 ( 0.015%)   15164 (48.6%)    9.064     -3273.     -9.064      0.000      0.000       27
  23    0.0   123.5    0    8308      43      71       2 ( 0.006%)   15219 (48.8%)    9.241     -3274.     -9.241      0.000      0.000       26
  24    0.0   160.6    0    6817      39      67       1 ( 0.003%)   15220 (48.8%)    9.241     -3274.     -9.241      0.000      0.000       25
  25    0.0   208.8    0    6114      39      64       1 ( 0.003%)   15220 (48.8%)    9.241     -3274.     -9.241      0.000      0.000       25
  26    0.0   271.4    0    6135      38      63       1 ( 0.003%)   15220 (48.8%)    9.241     -3274.     -9.241      0.000      0.000       25
  27    0.0   352.8    0    6145      40      65       1 ( 0.003%)   15224 (48.8%)    9.241     -3274.     -9.241      0.000      0.000       26
  28    0.0   458.7    0    5998      38      62       1 ( 0.003%)   15224 (48.8%)    9.241     -3274.     -9.241      0.000      0.000       26
  29    0.0   596.3    0    6354      38      63       1 ( 0.003%)   15220 (48.8%)    9.241     -3274.     -9.241      0.000      0.000       27
  30    0.0   775.1    0    6864      39      64       1 ( 0.003%)   15220 (48.8%)    9.241     -3274.     -9.241      0.000      0.000       27
  31    0.0  1000.0    0    7018      38      63       1 ( 0.003%)   15220 (48.8%)    9.241     -3274.     -9.241      0.000      0.000       28
  32    0.0  1000.0    0    7991      39      64       1 ( 0.003%)   15220 (48.8%)    9.241     -3274.     -9.241      0.000      0.000       29
  33    0.0  1000.0    0    7681      40      66       1 ( 0.003%)   15285 (49.0%)    9.360     -3278.     -9.360      0.000      0.000       29
  34    0.0  1000.0    0    6574      38      63       1 ( 0.003%)   15255 (48.9%)    9.241     -3274.     -9.241      0.000      0.000       30
  35    0.0  1000.0    0    8973      38      64       0 ( 0.000%)   15255 (48.9%)    9.241     -3274.     -9.241      0.000      0.000      N/A
Restoring best routing
Critical path: 9.24056 ns
Successfully routed after 35 routing iterations.
Final Net Connection Criticality Histogram:
[        0:      0.1) 309 ( 10.7%) |*******************
[      0.1:      0.2) 574 ( 19.9%) |************************************
[      0.2:      0.3) 500 ( 17.3%) |********************************
[      0.3:      0.4) 745 ( 25.8%) |***********************************************
[      0.4:      0.5) 328 ( 11.4%) |*********************
[      0.5:      0.6)  56 (  1.9%) |****
[      0.6:      0.7)  48 (  1.7%) |***
[      0.7:      0.8)  53 (  1.8%) |***
[      0.8:      0.9)  72 (  2.5%) |*****
[      0.9:        1) 198 (  6.9%) |************
Router Stats: total_nets_routed: 6713 total_connections_routed: 16605 total_heap_pushes: 1150826 total_heap_pops: 281294 
Serial Connection Router is being destroyed. Time spent on path search: 0.135 seconds.
# Routing took 0.54 seconds (max_rss 98.3 MiB, delta_rss +0.0 MiB)

Checking to ensure routing is legal...
# Checking to ensure non-configurable edges are legal
# Checking to ensure non-configurable edges are legal took 0.00 seconds (max_rss 98.3 MiB, delta_rss +0.0 MiB)
Completed routing consistency check successfully.

Serial number (magic cookie) for the routing is: -130018713
Circuit successfully routed with a channel width factor of 100.
Incr Slack updates 36 in 0.00346973 sec
Full Max Req/Worst Slack updates 11 in 0.000302036 sec
Incr Max Req/Worst Slack updates 25 in 0.000879441 sec
Incr Criticality updates 13 in 0.00276353 sec
Full Criticality updates 23 in 0.00601637 sec
# Synchronize the packed netlist to routing optimization
## Annotating rr_node with routed nets
## Annotating rr_node with routed nets took 0.00 seconds (max_rss 98.3 MiB, delta_rss +0.0 MiB)
Found 3932 mismatches between routing and packing results.
Fixed 2531 routing traces due to mismatch between routing and packing results.
# Synchronize the packed netlist to routing optimization took 0.03 seconds (max_rss 98.3 MiB, delta_rss +0.0 MiB)
Final Clustering Statistics: 
----------   --------   ------------------------------------   --------------------------
Block Type   # Blocks   Avg. # of input clocks and pins used   Avg. # of output pins used
----------   --------   ------------------------------------   --------------------------
     EMPTY          0                                      0                            0   
        io         74                               0.486486                     0.513514   
       clb        112                                25.4196                      8.98214   
   dsp_top          0                                      0                            0   
    memory          0                                      0                            0   
Absorbed logical nets 1698 out of 2742 nets, 1044 nets not absorbed.


Average number of bends per net: 1.81652  Maximum # of bends: 43

Number of global nets: 3
Number of routed nets (nonglobal): 1041
Wire length results (in units of 1 clb segments)...
	Total wirelength: 15255, average net length: 14.6542
	Maximum net length: 421

Wire length results in terms of physical segments...
	Total wiring segments used: 4224, average wire segments per net: 4.05764
	Maximum segments used by a net: 121
	Total local nets with reserved CLB opins: 0
Total number of nets absorbed: 9

Routing channel utilization histogram:
[        1:      inf)  0 (  0.0%) |
[      0.9:        1)  5 (  1.5%) |***
[      0.8:      0.9) 18 (  5.3%) |**********
[      0.7:      0.8) 90 ( 26.6%) |************************************************
[      0.5:      0.6) 46 ( 13.6%) |*************************
[      0.4:      0.5) 35 ( 10.4%) |*******************
[      0.3:      0.4) 33 (  9.8%) |******************
[      0.2:      0.3) 43 ( 12.7%) |***********************
[      0.1:      0.2) 36 ( 10.7%) |*******************
[        0:      0.1) 32 (  9.5%) |*****************
Maximum routing channel utilization:      0.98 at (12,6)

X - Directed channels: layer   y   max occ   ave occ   ave cap
                        ----- ---- -------- -------- --------
                            0    0       75   50.000      100
                            0    1       59   32.417      100
                            0    2       69   43.083      100
                            0    3       77   51.000      100
                            0    4       78   53.417      100
                            0    5       72   49.583      100
                            0    6       78   52.917      100
                            0    7       81   55.667      100
                            0    8       75   50.583      100
                            0    9       69   49.000      100
                            0   10       62   42.750      100
                            0   11       48   30.000      100
                            0   12       70   48.000      100
Y - Directed channels: layer   x   max occ   ave occ   ave cap
                        ----- ---- -------- -------- --------
                            0    0       28   20.083      100
                            0    1       24   15.667      100
                            0    2       25   19.583      100
                            0    3       46   35.917      100
                            0    4       61   48.417      100
                            0    5       67   50.500      100
                            0    6       66   51.250      100
                            0    7       72   59.000      100
                            0    8       84   68.833      100
                            0    9       82   68.583      100
                            0   10       84   71.250      100
                            0   11       83   70.333      100
                            0   12       98   83.417      100

Total existing wires segments: CHANX     15600, CHANY     15600, CHANZ         0, ALL     31200
Total used wires segments:     CHANX      7301, CHANY      7954, CHANZ         0, ALL     15255
Usage percentage:              CHANX     46.8%, CHANY     51.0%, CHANZ      0.0%, ALL     48.9%

Logic area (in minimum width transistor areas, excludes I/Os and empty grid tiles)...
	Total logic block area (Warning, need to add pitch of routing to blocks with height > 3): 4.93594e+06
	Total used logic block area: 3.12536e+06

Routing area (in minimum width transistor areas)...
	Total routing area: 1.44594e+06, per logic tile: 7377.25

Total Number of Wiring Segments by Direction: direction length number
                                              --------- ------ -------
                                                      X      4   4192
                                                      Y      4   4192
                                                      X     16    318
                                                      Y     16    318

X - Directed Wiring Segment usage by length: length utilization
                                             ------ -----------
                                             4       0.479
                                            16       0.154

Y - Directed Wiring Segment usage by length: length utilization
                                             ------ -----------
                                             4       0.499
                                            16       0.233

Segment occupancy by length: Length Occupancy Capacity Utilization
                             ------ --------- -------- -----------
                             L4          4101     8384       0.489
                             L16          123      636       0.193

Segment occupancy by type: name type utilization
                           ---- ---- -----------
                             L4    0       0.489
                            L16    1       0.193

Final hold Worst Negative Slack (hWNS): 0 ns
Final hold Total Negative Slack (hTNS): 0 ns
Final hold Worst Skew (hWS): 0 ns

Final hold slack histogram:
[  1.9e-10:  4.8e-10) 825 ( 88.8%) |***********************************************
[  4.8e-10:  7.6e-10)  42 (  4.5%) |**
[  7.6e-10:    1e-09)  41 (  4.4%) |**
[    1e-09:  1.3e-09)  13 (  1.4%) |*
[  1.3e-09:  1.6e-09)   6 (  0.6%) |
[  1.6e-09:  1.9e-09)   0 (  0.0%) |
[  1.9e-09:  2.2e-09)   1 (  0.1%) |
[  2.2e-09:  2.4e-09)   0 (  0.0%) |
[  2.4e-09:  2.7e-09)   0 (  0.0%) |
[  2.7e-09:    3e-09)   1 (  0.1%) |

Final critical path delay (least slack): 9.24056 ns, Fmax: 108.219 MHz
Final critical path skew: -0.04243 ns
Final setup Worst Negative Slack (sWNS): -9.24056 ns
Final setup Total Negative Slack (sTNS): -3274.18 ns
Final setup Worst Skew (sWS): -0.04243 ns

Final setup slack histogram:
[ -9.2e-09: -8.4e-09)  27 (  2.9%) |****
[ -8.4e-09: -7.5e-09)   5 (  0.5%) |*
[ -7.5e-09: -6.7e-09)   1 (  0.1%) |
[ -6.7e-09: -5.8e-09)   1 (  0.1%) |
[ -5.8e-09:   -5e-09)   1 (  0.1%) |
[   -5e-09: -4.1e-09) 148 ( 15.9%) |********************
[ -4.1e-09: -3.3e-09) 341 ( 36.7%) |***********************************************
[ -3.3e-09: -2.4e-09) 328 ( 35.3%) |*********************************************
[ -2.4e-09: -1.6e-09)  38 (  4.1%) |*****
[ -1.6e-09:   -7e-10)  39 (  4.2%) |*****

Final geomean non-virtual intra-domain period: 9.24056 ns (108.219 MHz)
Final fanout-weighted geomean non-virtual intra-domain period: 9.24056 ns (108.219 MHz)

Incr Slack updates 1 in 9.4865e-05 sec
Full Max Req/Worst Slack updates 1 in 2.7225e-05 sec
Incr Max Req/Worst Slack updates 0 in 0 sec
Incr Criticality updates 0 in 0 sec
Full Criticality updates 1 in 0.000260321 sec
Flow timing analysis took 0.899089 seconds (0.826436 STA, 0.0726526 slack) (134 full updates: 97 setup, 0 hold, 37 combined).
VPR succeeded
The entire flow of VPR took 4.79 seconds (max_rss 98.3 MiB)

