VPR FPGA Placement and Routing.
Version: 9.0.0-dev+v8.0.0-18248-g40f8d19708
Revision: v8.0.0-18248-g40f8d19708
Compiled: 2026-09-22T03:43:48
Compiler: GNU 13.3.0 on Linux-5.15.0-119-generic x86_64
Build Info: release IPO VTR_ASSERT_LEVEL=2

University of Toronto
verilogtorouting.org
vtr-users@googlegroups.com
This is free open source code under MIT license.

VPR was run with the following command-line:
/inspire/hdd/project/project-public/changshunjie-253114010247/changshunjie-253114010247/workspace/DAC2027/vtr/vtr-verilog-to-routing/vpr/vpr /inspire/hdd/project/project-public/changshunjie-253114010247/changshunjie-253114010247/workspace/DAC2027/vtr/vtr-verilog-to-routing/vtr_flow/arch/COFFE_22nm/k6FracN10LB_mem20K_complexDSP_customSB_22nm.xml /inspire/hdd/project/project-public/changshunjie-253114010247/changshunjie-253114010247/workspace/DAC2027/TailCompile/experiments/vtr/runs/pilot_v1/attention_layer/full-seed1-w300/attention_layer.pre-vpr.blif --analytical_place --route --analysis --ap_full_legalizer flat-recon --ap_detailed_placer annealer --seed 11 --route_chan_width 120 --write_flat_place /inspire/hdd/project/project-public/changshunjie-253114010247/changshunjie-253114010247/workspace/DAC2027/TailCompile/vtr_work/tailcompile_v3/attention_layer/4x4/gnn_candidate-fpca21c86a-flat-recon-annealer-seed11-w120-devw88/post_route.fplace --write_legalized_flat_place /inspire/hdd/project/project-public/changshunjie-253114010247/changshunjie-253114010247/workspace/DAC2027/TailCompile/vtr_work/tailcompile_v3/attention_layer/4x4/gnn_candidate-fpca21c86a-flat-recon-annealer-seed11-w120-devw88/post_legalizer.fplace --flat_place_verbosity 1 --device_width 88 --net_file /inspire/hdd/project/project-public/changshunjie-253114010247/changshunjie-253114010247/workspace/DAC2027/TailCompile/vtr_work/tailcompile_v3/attention_layer/4x4/gnn_candidate-fpca21c86a-flat-recon-annealer-seed11-w120-devw88/attention_layer.locked-input.net --read_flat_place /inspire/hdd/global_user/changshunjie-253114010247/workspace/DAC2027/TailCompile/experiments/vtr/tailcompile_v3/attention_layer/4x4/pools/bootstrap_24/candidate_06_seed13033.fplace

Using up to 1 parallel worker(s)

Architecture file: /inspire/hdd/project/project-public/changshunjie-253114010247/changshunjie-253114010247/workspace/DAC2027/vtr/vtr-verilog-to-routing/vtr_flow/arch/COFFE_22nm/k6FracN10LB_mem20K_complexDSP_customSB_22nm.xml
Circuit name: attention_layer.pre-vpr

# Loading Architecture Description
# Loading Architecture Description took 0.04 seconds (max_rss 31.1 MiB, delta_rss +0.0 MiB)

Timing analysis: ON
Circuit netlist file: /inspire/hdd/project/project-public/changshunjie-253114010247/changshunjie-253114010247/workspace/DAC2027/TailCompile/vtr_work/tailcompile_v3/attention_layer/4x4/gnn_candidate-fpca21c86a-flat-recon-annealer-seed11-w120-devw88/attention_layer.locked-input.net
Circuit placement file: attention_layer.pre-vpr.place
Circuit routing file: attention_layer.pre-vpr.route
Circuit SDC file: attention_layer.pre-vpr.sdc
Vpr floorplanning constraints file: not specified

Packer: DISABLED
Placer: DISABLED
Analytical Placer: ENABLED
Router: ENABLED
Analysis: ENABLED

VPR was run with the following options:

netlist_opts.absorb_buffer_luts            : true
netlist_opts.sweep_dangling_primary_ios    : true
netlist_opts.sweep_dangling_nets           : true
netlist_opts.sweep_dangling_blocks         : true
netlist_opts.sweep_constant_primary_outputs: false
netlist_opts.netlist_verbosity             : 1
netlist_opts.const_gen_inference           : COMB_SEQ

AnalyticalPlacerOpts.analytical_solver_type: lp-b2b
AnalyticalPlacerOpts.partial_legalizer_type: bipartitioning
AnalyticalPlacerOpts.full_legalizer_type: flat-recon
AnalyticalPlacerOpts.detailed_placer_type: annealer
AnalyticalPlacerOpts.ap_timing_tradeoff: 0.500000
AnalyticalPlacerOpts.ap_high_fanout_threshold: 256
AnalyticalPlacerOpts.log_verbosity: 1
router_opts.route_type: DETAILED
router_opts.flat_routing: false
router_opts.choke_points: on
router_opts.router_algorithm: TIMING_DRIVEN
router_opts.base_cost_type: DELAY_NORMALIZED_LENGTH
router_opts.fixed_channel_width: 120
router_opts.check_route: FULL
router_opts.acc_fac: 1.000000
router_opts.bb_factor: 3
router_opts.bend_cost: 0.000000
router_opts.first_iter_pres_fac: 0.000000
router_opts.initial_pres_fac: 0.500000
router_opts.pres_fac_mult: 1.300000
router_opts.max_pres_fac: 1000.000000
router_opts.max_router_iterations: 50
router_opts.min_incremental_reroute_fanout: 16
router_opts.initial_acc_cost_chan_congestion_threshold: 0.500000
router_opts.initial_acc_cost_chan_congestion_weight: 0.500000
router_opts.do_check_rr_graph: true
router_opts.verify_binary_search: false
router_opts.min_channel_width_hint: 0
router_opts.read_rr_edge_metadata: false
router_opts.exit_after_first_routing_iteration: false
router_opts.astar_fac: 1.200000
router_opts.astar_offset: 0.000000
router_opts.router_profiler_astar_fac: 1.200000
router_opts.enable_parallel_connection_router: false
router_opts.post_target_prune_fac: 1.200000
router_opts.post_target_prune_offset: 0
router_opts.multi_queue_num_threads: 1
router_opts.multi_queue_num_queues: 2
router_opts.multi_queue_direct_draining: false
router_opts.criticality_exp: 1.000000
router_opts.max_criticality: 0.990000
router_opts.init_wirelength_abort_threshold: 0.850000
router_opts.incr_reroute_delay_ripup: AUTO
router_opts.save_routing_per_iteration: false
router_opts.congested_routing_iteration_threshold_frac: 1.000000
router_opts.high_fanout_threshold: 64
router_opts.router_debug_net: -2
router_opts.router_debug_sink_rr: -2
router_opts.router_debug_iteration: -2
router_opts.max_convergence_count: 1
router_opts.reconvergence_cpd_threshold: 0.990000
router_opts.update_lower_bound_delays: true
router_opts.first_iteration_timing_report_file: 
router_opts.route_bb_update: DYNAMIC
router_opts.lookahead_type: MAP
router_opts.initial_timing: LOOKAHEAD
router_opts.router_heap: FOUR_ARY_HEAP
router_opts.routing_failure_predictor = SAFE
router_opts.routing_predictor_min_history: 8
router_opts.routing_budgets_algorithm = DISABLE

analysis_opts.gen_post_synthesis_netlist: false
analysis_opts.gen_post_implementation_merged_netlist: false
analysis_opts.gen_post_implementation_sdc: false
analysis_opts.timing_report_npaths: 100
analysis_opts.timing_report_skew: false
analysis_opts.echo_dot_timing_graph_node: -1
analysis_opts.timing_report_detail: NETLIST
analysis_opts.post_synth_netlist_unconn_input_handling: UNCONNECTED
analysis_opts.post_synth_netlist_unconn_output_handling: UNCONNECTED
analysis_opts.post_synth_netlist_module_parameters: on

# Building complex block graph
# Building complex block graph took 0.10 seconds (max_rss 31.1 MiB, delta_rss +0.0 MiB)
Circuit file: /inspire/hdd/project/project-public/changshunjie-253114010247/changshunjie-253114010247/workspace/DAC2027/TailCompile/experiments/vtr/runs/pilot_v1/attention_layer/full-seed1-w300/attention_layer.pre-vpr.blif
# Load circuit
Found 4 constant generator(s) in the netlist (2 constant-zero, 2 constant-one) (run with --netlist_verbosity 2 to list names)
# Load circuit took 0.68 seconds (max_rss 134.5 MiB, delta_rss +103.4 MiB)
# Clean circuit
Absorbed 7975 LUT buffers
Found 1090 primitive output pin(s) driven only by constants; marked them as constants
Swept input(s)      : 7
Swept output(s)     : 0 (0 dangling, 0 constant)
Swept net(s)        : 10126
Swept block(s)      : 33
Constant Pins Marked: 1090
# Clean circuit took 0.16 seconds (max_rss 134.5 MiB, delta_rss +0.0 MiB)
# Compress circuit
# Compress circuit took 0.08 seconds (max_rss 134.5 MiB, delta_rss +0.0 MiB)
# Verify circuit
# Verify circuit took 0.02 seconds (max_rss 134.5 MiB, delta_rss +0.0 MiB)
Circuit Statistics:
  Blocks: 40113
    .input            :    1052
    .latch            :    8844
    .names            :   17218
        0-LUT:       3
        1-LUT:    5989
        2-LUT:     920
        3-LUT:    4530
        4-LUT:    3023
        5-LUT:    1163
        6-LUT:    1590
    .output           :      32
    adder             :    9150
    addition_fp_clk_16:       1
    dual_port_ram     :    3680
    multiply          :     136
  Nets  : 50065
    Avg Fanout:     2.9
    Max Fanout: 12525.0
    Min Fanout:     1.0
  Netlist Clocks: 1
# Build Timing Graph
  Timing Graph Nodes: 245193
  Timing Graph Edges: 446068
  Timing Graph Levels: 66
# Build Timing Graph took 0.29 seconds (max_rss 193.9 MiB, delta_rss +57.3 MiB)
Netlist contains 1 clocks
  Netlist Clock 'clk' Fanout: 12525 pins (6.5%), 12525 blocks (31.2%)
# Load Timing Constraints

SDC file 'attention_layer.pre-vpr.sdc' not found
Setting default timing constraints:
   * constrain all primary inputs and primary outputs on netlist clock 'clk'
   * optimize netlist clock to run as fast as possible
Timing constraints created 1 clocks
  Constrained Clock 'clk' Source: 'clk.inpad[0]'

# Load Timing Constraints took 0.00 seconds (max_rss 193.9 MiB, delta_rss +0.0 MiB)
# Analytical Placement
## Prepacker

There is one chain in this architecture called "chain" with the following starting points:
	clb[0]/lab[0]/fle[0]/ble5[0]/arithmetic[0]/adder[0].cin[0]

## Prepacker took 0.06 seconds (max_rss 193.9 MiB, delta_rss +0.0 MiB)
## Initializing Pre-Cluster Timing
Using inter-cluster delay: 2.1832e-09
## Initializing Pre-Cluster Timing took 0.54 seconds (max_rss 199.0 MiB, delta_rss +5.1 MiB)
## Estimate Device Size
Device layout 'auto' with fixed width 88.
FPGA sized to 88 x 88: 7744 grid tiles (auto)
## Estimate Device Size took 0.00 seconds (max_rss 199.0 MiB, delta_rss +0.0 MiB)
## Ram Mapper
Flat Placement is provided, skipping the RAM mapping.
## Ram Mapper took 0.00 seconds (max_rss 199.0 MiB, delta_rss +0.0 MiB)
## Read Atom Netlist to AP Netlist
## Read Atom Netlist to AP Netlist took 0.34 seconds (max_rss 269.6 MiB, delta_rss +70.6 MiB)
Analytical Placement Netlist Statistics:
	AP Blocks: 25061
		Moveable AP Blocks: 25061
		Fixed AP Blocks: 0
	AP Nets: 34982
		Average Fanout: 2.94
		Highest Fanout: 257
	AP Pins: 193913

## Computing placement delta delay look-up
### Build routing resource graph
### Build routing resource graph took 5.46 seconds (max_rss 673.4 MiB, delta_rss +403.8 MiB)
  RR Graph Nodes: 1544620
  RR Graph Edges: 13178036
### Computing router lookahead map
#### Computing wire lookahead
#### Computing wire lookahead took 6.20 seconds (max_rss 673.4 MiB, delta_rss +0.0 MiB)
#### Computing src/opin lookahead
Warning 1: Found no more sample locations for SOURCE in io
Warning 2: Found no more sample locations for OPIN in io
Warning 3: Found no more sample locations for SOURCE in clb
Warning 4: Found no more sample locations for OPIN in clb
Warning 5: Found no more sample locations for SOURCE in dsp_top
Warning 6: Found no more sample locations for OPIN in dsp_top
Warning 7: Found no more sample locations for SOURCE in memory
Warning 8: Found no more sample locations for OPIN in memory
#### Computing src/opin lookahead took 0.26 seconds (max_rss 673.4 MiB, delta_rss +0.0 MiB)
### Computing router lookahead map took 6.48 seconds (max_rss 673.4 MiB, delta_rss +0.0 MiB)
Serial Connection Router is being destroyed. Time spent on path search: 0.000 seconds.
## Computing placement delta delay look-up took 12.27 seconds (max_rss 673.4 MiB, delta_rss +403.8 MiB)
Flat Placement is provided in the AP flow, skipping the Global Placement.
0 of 25061 molecules placed at device center (no atoms of these molecules found in flat placement).
## AP Full Legalizer
### Creating Clusters
Device (width, height): (88,88)
#### Sorting and Grouping Blocks by Tile
#### Sorting and Grouping Blocks by Tile took 0.01 seconds (max_rss 673.4 MiB, delta_rss +0.0 MiB)
#### Reconstruction Pass Clustering
#### Reconstruction Pass Clustering took 68.90 seconds (max_rss 673.4 MiB, delta_rss +0.0 MiB)
#### Orphan Window Clustering with search radius 8
#### Orphan Window Clustering with search radius 8 took 0.02 seconds (max_rss 673.4 MiB, delta_rss +0.0 MiB)
FPGA sized to 88 x 88: 7744 grid tiles (auto)
Device Utilization: 0.28 (target 1.00)
	Block Utilization: 0.39 Type: io
	Block Utilization: 0.19 Type: clb
	Block Utilization: 0.85 Type: dsp_top
	Block Utilization: 0.75 Type: memory

----------------------------------------------------------------
                       Clustering Summary                       
----------------------------------------------------------------
Clusters created (Self Clustering)                       : 2605
    dsp_top    : 107
    memory     : 194
    clb        : 1220
    io         : 1084
Clusters created (Orphan Window Clustering)              : 13
    clb        : 13
Total clusters                                           : 2618
Percent of clusters created in Orphan Window Clustering  : 0.50%
Molecules clustered in each stage breakdown  : (Total of 25061)
	Self Clustering          (0.998963)  : 25035
 	Neighbor Clustering      (0.000000)  : 0
	Orphan Window Clustering (0.001037)  : 26
----------------------------------------------------------------

Final Clustering Statistics: 
----------   --------   ------------------------------------   --------------------------
Block Type   # Blocks   Avg. # of input clocks and pins used   Avg. # of output pins used
----------   --------   ------------------------------------   --------------------------
     EMPTY          0                                      0                            0   
        io       1084                              0.0295203                      0.97048   
       clb       1233                                27.9919                      15.3877   
   dsp_top        107                                40.9813                      20.1869   
    memory        194                                49.6598                      18.9691   
Absorbed logical nets 24200 out of 50065 nets, 25865 nets not absorbed.
#### Load packing
##### Loading packed FPGA netlist file.
Netlist generated from file '/inspire/hdd/project/project-public/changshunjie-253114010247/changshunjie-253114010247/workspace/DAC2027/TailCompile/vtr_work/tailcompile_v3/attention_layer/4x4/gnn_candidate-fpca21c86a-flat-recon-annealer-seed11-w120-devw88/attention_layer.locked-input.net'.
Detected 3 constant generators (to see names run with higher pack verbosity)
##### Loading packed FPGA netlist file. took 2.61 seconds (max_rss 733.1 MiB, delta_rss +59.7 MiB)
Warning 9: Treated 2 constant nets as global which will not be routed (to see net names increase packer verbosity).
Netlist contains 5542 global net to non-global architecture pin connections
Found 2 logic block(s) with only 1 output pin and no inputs; they may be constant generators (run with --pack_verbosity 3 to list them)
Completed clustering consistency check successfully.
Cluster level netlist and block usage statistics
Netlist num_nets: 25865
Netlist num_blocks: 2618
Netlist EMPTY blocks: 0.
Netlist io blocks: 1084.
Netlist clb blocks: 1233.
Netlist dsp_top blocks: 107.
Netlist memory blocks: 194.
Netlist inputs pins: 1052
Netlist output pins: 32

Pb types usage...
  io                   : 1084
   inpad               : 1052
   outpad              : 32
  clb                  : 1233
   lab                 : 1233
    fle                : 11238
     ble5              : 19054
      flut5            : 9904
       lut5            : 9613
        lut            : 9613
       ff              : 8130
      arithmetic       : 9150
       lut4            : 6015
        lut            : 6015
       adder           : 9150
     ble6              : 1590
      lut6             : 1590
       lut             : 1590
      ff               : 714
  dsp_top              : 107
   dsp                 : 107
    dsp_pb             : 107
     two_mult_18x19    : 136
      mult_18x19       : 136
     adder_fp16        : 1
  memory               : 194
   mem_1024x20_dp      : 194
    memory_slice       : 3680

#### Load packing took 3.04 seconds (max_rss 733.1 MiB, delta_rss +59.7 MiB)
Netlist contains 5542 global net to non-global architecture pin connections
Found 2 logic block(s) with only 1 output pin and no inputs; they may be constant generators (run with --pack_verbosity 3 to list them)
Cluster level netlist and block usage statistics
Netlist num_nets: 25865
Netlist num_blocks: 2618
Netlist EMPTY blocks: 0.
Netlist io blocks: 1084.
Netlist clb blocks: 1233.
Netlist dsp_top blocks: 107.
Netlist memory blocks: 194.
Netlist inputs pins: 1052
Netlist output pins: 32
### Creating Clusters took 73.45 seconds (max_rss 733.1 MiB, delta_rss +59.7 MiB)
Completed clustering consistency check successfully.
FPGA sized to 88 x 88: 7744 grid tiles (auto)
### Compressed grid construction
### Compressed grid construction took 0.00 seconds (max_rss 733.1 MiB, delta_rss +0.0 MiB)
### Initial Placement
Placing clusters that are part of larger macros...
Number of blocks to be placed: 16
Max distance on device: 176
---- ---------- ---------- -------------
Pass Max Displ. Num Blocks Num Blocks   
     Threshold  Placed     Left Unplaced
---- ---------- ---------- -------------
   0          0         16             0

Placing general clusters...
Number of blocks to be placed: 2602
Max distance on device: 176
---- ---------- ---------- -------------
Pass Max Displ. Num Blocks Num Blocks   
     Threshold  Placed     Left Unplaced
---- ---------- ---------- -------------
   0          0       2588            14
   1          1          1            13
   2          2          1            12
   3          4         11             1
   4          8          1             0

### Initial Placement took 0.01 seconds (max_rss 733.1 MiB, delta_rss +0.0 MiB)
Flat Placement Reconstruction Info:
	Percent of clusters with reconstruction errors: 0.267380
	Total displacement of initial placement from flat placement: 15269.000000
	Average atom displacement of initial placement from flat placement: 0.380650
	Max atom displacement of initial placement from flat placement: 69.000000
	Percent of atoms misplaced from the flat placement: 1.595493
## AP Full Legalizer took 73.84 seconds (max_rss 733.1 MiB, delta_rss +59.7 MiB)

Resource usage...
	Netlist
		1084	blocks of type: io
	Architecture
		2752	blocks of type: io
	Netlist
		1233	blocks of type: clb
	Architecture
		6376	blocks of type: clb
	Netlist
		107	blocks of type: dsp_top
	Architecture
		126	blocks of type: dsp_top
	Netlist
		194	blocks of type: memory
	Architecture
		258	blocks of type: memory

Device Utilization: 0.28 (target 1.00)
	Physical Tile io:
	Block Utilization: 0.39 Logical Block: io
	Physical Tile clb:
	Block Utilization: 0.19 Logical Block: clb
	Physical Tile dsp_top:
	Block Utilization: 0.85 Logical Block: dsp_top
	Physical Tile memory:
	Block Utilization: 0.75 Logical Block: memory

## Computing placement delta delay look-up
RR graph channel widths unchanged, skipping RR graph rebuild
Serial Connection Router is being destroyed. Time spent on path search: 0.000 seconds.
## Computing placement delta delay look-up took 0.08 seconds (max_rss 733.1 MiB, delta_rss +0.0 MiB)
Using simple RL 'Softmax agent' for choosing move and block types

Completed placement consistency check successfully.
Initial placement cost: 1 bb_cost: 8761.03 td_cost: 1.73922e-05
Initial placement BB estimate of wirelength: 1.05088e+06
Initial placement estimated Critical Path Delay (CPD): 16.1423 ns
Initial placement estimated setup Total Negative Slack (sTNS): -128821 ns
Initial placement estimated setup Worst Negative Slack (sWNS): -16.1423 ns

Initial placement estimated setup slack histogram:
[ -1.6e-08: -1.5e-08)     8 (  0.0%) |
[ -1.5e-08: -1.3e-08)    10 (  0.0%) |
[ -1.3e-08: -1.1e-08)    53 (  0.1%) |
[ -1.1e-08: -9.8e-09)   163 (  0.3%) |
[ -9.8e-09: -8.2e-09)   324 (  0.6%) |*
[ -8.2e-09: -6.6e-09)   868 (  1.6%) |*
[ -6.6e-09:   -5e-09)  1438 (  2.7%) |**
[   -5e-09: -3.4e-09)  4421 (  8.4%) |*******
[ -3.4e-09: -1.8e-09) 28849 ( 54.7%) |*********************************************
[ -1.8e-09: -1.9e-10) 16628 ( 31.5%) |**************************
Placement contains 8 placement macros involving 16 blocks (average macro size 2.000000)

Moves per temperature: 18036
## AP Detailed Placer

---- ------ ------- ------- ---------- ---------- ------- ---------- -------- ------- ------- ------ -------- --------- ------
Tnum  Time     T    AvCost  Av BB Cost Av TD Cost   CPD      sTNS      sWNS   AcRate  StdDev  R lim  CritExp  TotMoves  Alpha 
     (sec)                                          (ns)     (ns)      (ns)                                                   
---- ------ ------- ------- ---------- ---------- ------- ---------- -------- ------- ------- ------ -------- --------- ------
   1    0.2 7.9e-04   1.013    7549.86 1.6826e-05  13.155  -1.17e+05  -13.155   0.841  0.0097   87.0     1.00      18036  1.000
   2    0.2 7.1e-04   0.974    7318.17 1.7938e-05  12.333   -1.2e+05  -12.333   0.836  0.0108   87.0     1.00      36072  0.900
   3    0.2 6.4e-04   0.974    7078.88 1.6672e-05  12.902  -1.15e+05  -12.902   0.815  0.0084   87.0     1.00      54108  0.900
   4    0.2 5.8e-04   0.951    6654.57 1.683e-05   12.325  -1.19e+05  -12.325   0.797  0.0163   87.0     1.00      72144  0.900
   5    0.2 5.5e-04   0.976    6443.31 1.5846e-05  12.631  -1.18e+05  -12.631   0.793  0.0079   87.0     1.00      90180  0.950
   6    0.2 5.2e-04   0.958    6187.75 1.6649e-05  11.754  -1.17e+05  -11.754   0.774  0.0191   87.0     1.00     108216  0.950
   7    0.2 5.0e-04   0.970    5824.48 1.566e-05   11.874  -1.18e+05  -11.874   0.767  0.0138   87.0     1.00     126252  0.950
   8    0.2 4.7e-04   0.964    5460.12 1.5295e-05  11.778  -1.17e+05  -11.778   0.751  0.0129   87.0     1.00     144288  0.950
   9    0.2 4.5e-04   0.966    5266.36 1.6252e-05  10.968  -1.18e+05  -10.968   0.745  0.0150   87.0     1.00     162324  0.950
  10    0.2 4.2e-04   0.965    4976.95 1.559e-05   10.889  -1.14e+05  -10.889   0.735  0.0123   87.0     1.00     180360  0.950
  11    0.2 4.0e-04   0.960    4694.06 1.3726e-05  12.023   -1.1e+05  -12.023   0.717  0.0165   87.0     1.00     198396  0.950
  12    0.2 3.8e-04   0.983    4557.94 1.3502e-05  11.792  -1.14e+05  -11.792   0.711  0.0067   87.0     1.00     216432  0.950
  13    0.2 3.6e-04   0.982    4451.90 1.5337e-05  10.284   -1.1e+05  -10.284   0.704  0.0079   87.0     1.00     234468  0.950
  14    0.2 3.5e-04   0.971    4269.88 1.4867e-05  10.323  -1.08e+05  -10.323   0.700  0.0116   87.0     1.00     252504  0.950
  15    0.2 3.3e-04   0.977    4198.05 1.5226e-05  10.039   -1.1e+05  -10.039   0.696  0.0103   87.0     1.00     270540  0.950
  16    0.2 3.1e-04   0.974    4035.07 1.4284e-05  10.481   -1.1e+05  -10.481   0.677  0.0105   87.0     1.00     288576  0.950
  17    0.2 3.0e-04   0.988    3929.04 1.3047e-05  11.161  -1.08e+05  -11.161   0.674  0.0067   87.0     1.00     306612  0.950
  18    0.2 2.8e-04   0.972    3780.64 1.3958e-05  10.249  -1.09e+05  -10.249   0.668  0.0149   87.0     1.00     324648  0.950
  19    0.2 2.7e-04   0.983    3665.44 1.4057e-05  10.002  -1.07e+05  -10.002   0.654  0.0074   87.0     1.00     342684  0.950
  20    0.2 2.5e-04   0.980    3578.32 1.509e-05    9.195  -1.11e+05   -9.195   0.648  0.0073   87.0     1.00     360720  0.950
  21    0.2 2.4e-04   0.983    3489.16 1.3648e-05  10.028  -1.06e+05  -10.028   0.639  0.0062   87.0     1.00     378756  0.950
  22    0.2 2.3e-04   0.977    3431.13 1.3571e-05  10.059  -1.11e+05  -10.059   0.625  0.0091   87.0     1.00     396792  0.950
  23    0.2 2.2e-04   0.981    3359.28 1.4076e-05   9.486  -1.06e+05   -9.486   0.617  0.0102   87.0     1.00     414828  0.950
  24    0.2 2.1e-04   0.987    3267.92 1.4299e-05   9.190  -1.06e+05   -9.190   0.604  0.0043   87.0     1.00     432864  0.950
  25    0.2 2.0e-04   0.991    3238.96 1.3215e-05   9.870  -1.05e+05   -9.870   0.603  0.0046   87.0     1.00     450900  0.950
  26    0.2 1.9e-04   0.983    3176.80 1.3275e-05   9.769  -1.04e+05   -9.769   0.591  0.0049   87.0     1.00     468936  0.950
  27    0.2 1.8e-04   0.987    3141.96 1.2086e-05  10.654  -1.05e+05  -10.654   0.587  0.0053   87.0     1.00     486972  0.950
  28    0.2 1.7e-04   0.985    3102.58 1.3145e-05   9.728  -1.06e+05   -9.728   0.578  0.0061   87.0     1.00     505008  0.950
  29    0.2 1.6e-04   0.993    3069.34 1.4191e-05   8.912  -1.03e+05   -8.912   0.564  0.0050   87.0     1.00     523044  0.950
  30    0.2 1.5e-04   0.989    3038.60 1.3139e-05   9.515  -1.03e+05   -9.515   0.555  0.0060   87.0     1.00     541080  0.950
  31    0.2 1.4e-04   0.994    3010.70 1.2345e-05  10.042  -1.06e+05  -10.042   0.549  0.0027   87.0     1.00     559116  0.950
  32    0.2 1.4e-04   0.984    2974.32 1.2294e-05  10.042  -1.04e+05  -10.042   0.543  0.0060   87.0     1.00     577152  0.950
  33    0.2 1.3e-04   0.990    2942.27 1.3491e-05   9.017  -1.04e+05   -9.017   0.527  0.0044   87.0     1.00     595188  0.950
  34    0.2 1.2e-04   0.989    2900.01 1.3742e-05   8.833  -1.03e+05   -8.833   0.520  0.0048   87.0     1.00     613224  0.950
  35    0.2 1.2e-04   0.993    2865.42 1.2853e-05   9.368  -1.03e+05   -9.368   0.502  0.0032   87.0     1.00     631260  0.950
  36    0.2 1.1e-04   0.993    2843.47 1.2877e-05   9.307  -1.04e+05   -9.307   0.492  0.0040   87.0     1.00     649296  0.950
  37    0.2 1.1e-04   0.984    2800.61 1.1595e-05  10.249  -1.03e+05  -10.249   0.480  0.0060   87.0     1.00     667332  0.950
  38    0.2 1.0e-04   0.987    2759.11 1.2458e-05   9.400  -1.03e+05   -9.400   0.459  0.0050   87.0     1.00     685368  0.950
  39    0.2 9.6e-05   0.990    2743.21 1.2817e-05   9.105  -1.03e+05   -9.105   0.452  0.0045   87.0     1.00     703404  0.950
  40    0.2 9.1e-05   0.993    2719.27 1.2353e-05   9.388  -1.01e+05   -9.388   0.444  0.0030   87.0     1.00     721440  0.950
  41    0.2 8.7e-05   0.988    2692.70 1.2269e-05   9.389  -1.03e+05   -9.389   0.439  0.0053   87.0     1.00     739476  0.950
  42    0.2 8.2e-05   0.992    2673.15 1.2062e-05   9.395  -1.02e+05   -9.395   0.423  0.0035   86.9     1.01     757512  0.950
  43    0.2 7.8e-05   0.992    2655.16 9.7996e-06  10.238  -1.02e+05  -10.238   0.412  0.0042   85.4     1.13     775548  0.950
  44    0.2 7.4e-05   0.987    2617.53 9.8827e-06   8.729  -1.02e+05   -8.729   0.402  0.0053   83.0     1.33     793584  0.950
  45    0.2 7.1e-05   0.993    2600.36 8.3506e-06   8.522  -1.02e+05   -8.522   0.405  0.0027   79.8     1.58     811620  0.950
  46    0.2 6.7e-05   0.990    2581.22 6.4481e-06   9.012  -1.03e+05   -9.012   0.381  0.0042   77.1     1.81     829656  0.950
  47    0.2 6.4e-05   0.991    2561.35 5.4726e-06   8.556  -1.02e+05   -8.556   0.374  0.0035   72.5     2.18     847692  0.950
  48    0.2 6.0e-05   0.992    2541.35 4.6243e-06   8.279  -1.04e+05   -8.279   0.373  0.0031   67.8     2.57     865728  0.950
  49    0.2 5.7e-05   0.993    2527.47 3.5216e-06   8.411  -1.05e+05   -8.411   0.360  0.0037   63.2     2.94     883764  0.950
  50    0.2 5.5e-05   0.994    2507.93 2.9903e-06   8.283  -1.03e+05   -8.283   0.354  0.0019   58.1     3.35     901800  0.950
  51    0.2 5.2e-05   0.991    2494.34 2.3057e-06   8.358  -1.04e+05   -8.358   0.339  0.0032   53.2     3.75     919836  0.950
  52    0.2 4.9e-05   0.992    2470.94 1.9171e-06   8.253  -1.04e+05   -8.253   0.333  0.0035   47.8     4.19     937872  0.950
  53    0.2 4.7e-05   0.994    2452.44 1.6935e-06   8.101  -1.05e+05   -8.101   0.324  0.0028   42.7     4.61     955908  0.950
  54    0.2 4.4e-05   0.996    2439.28 1.4515e-06   8.071  -1.06e+05   -8.071   0.320  0.0021   37.7     5.01     973944  0.950
  55    0.2 4.2e-05   0.993    2417.16 1.2355e-06   8.101  -1.05e+05   -8.101   0.302  0.0034   33.2     5.38     991980  0.950
  56    0.2 4.0e-05   0.997    2407.53 1.1153e-06   8.007  -1.08e+05   -8.007   0.305  0.0023   28.6     5.75    1010016  0.950
  57    0.2 3.8e-05   0.996    2397.90 5.7351e-07   8.788  -1.06e+05   -8.788   0.299  0.0025   24.7     6.07    1028052  0.950
  58    0.2 3.6e-05   0.992    2382.04 5.9897e-07   8.580  -1.08e+05   -8.580   0.289  0.0026   21.2     6.35    1046088  0.950
  59    0.2 3.4e-05   0.991    2361.57 6.0044e-07   8.417  -1.06e+05   -8.417   0.284  0.0032   18.0     6.61    1064124  0.950
  60    0.2 3.3e-05   0.989    2351.09 3.6224e-07   8.893  -1.06e+05   -8.893   0.279  0.0030   15.2     6.84    1082160  0.950
  61    0.2 3.1e-05   0.989    2328.95 4.2223e-07   8.624  -1.06e+05   -8.624   0.290  0.0043   12.8     7.04    1100196  0.950
  62    0.2 2.9e-05   0.995    2316.61 6.1826e-07   8.037  -1.08e+05   -8.037   0.283  0.0028   10.9     7.20    1118232  0.950
  63    0.2 2.8e-05   0.995    2296.25 5.6822e-07   8.037  -1.05e+05   -8.037   0.268  0.0022    9.1     7.34    1136268  0.950
  64    0.2 2.7e-05   0.996    2286.57 5.2802e-07   8.037  -1.06e+05   -8.037   0.265  0.0016    7.6     7.47    1154304  0.950
  65    0.2 2.5e-05   0.996    2271.19 4.8846e-07   8.037  -1.05e+05   -8.037   0.264  0.0019    6.2     7.57    1172340  0.950
  66    0.2 2.4e-05   0.997    2267.49 4.7387e-07   8.037  -1.04e+05   -8.037   0.260  0.0011    5.2     7.66    1190376  0.950
  67    0.2 2.3e-05   0.997    2258.78 4.618e-07    8.037  -1.04e+05   -8.037   0.253  0.0015    4.2     7.74    1208412  0.950
  68    0.2 2.2e-05   0.996    2246.56 4.3903e-07   8.037  -1.05e+05   -8.037   0.250  0.0020    3.4     7.80    1226448  0.950
  69    0.2 2.1e-05   0.997    2233.70 4.313e-07    8.037  -1.03e+05   -8.037   0.260  0.0016    2.8     7.86    1244484  0.950
  70    0.2 2.0e-05   0.997    2224.36 4.2525e-07   8.037  -1.05e+05   -8.037   0.248  0.0013    2.3     7.90    1262520  0.950
  71    0.2 1.9e-05   0.998    2215.71 4.1337e-07   8.037  -1.05e+05   -8.037   0.257  0.0008    1.8     7.93    1280556  0.950
  72    0.2 1.8e-05   0.999    2210.84 4.099e-07    8.037  -1.04e+05   -8.037   0.254  0.0010    1.5     7.96    1298592  0.950
  73    0.2 1.7e-05   0.997    2202.44 4.066e-07    8.037  -1.03e+05   -8.037   0.240  0.0011    1.2     7.98    1316628  0.950
  74    0.2 1.6e-05   0.998    2197.72 4.0122e-07   8.037  -1.03e+05   -8.037   0.230  0.0006    1.0     8.00    1334664  0.950
  75    0.2 1.5e-05   0.998    2196.12 4.0301e-07   8.037  -1.05e+05   -8.037   0.222  0.0009    1.0     8.00    1352700  0.950
  76    0.2 1.4e-05   0.999    2194.93 4.4654e-07   7.914  -1.04e+05   -7.914   0.219  0.0005    1.0     8.00    1370736  0.950
  77    0.2 1.4e-05   0.998    2191.90 4.0052e-07   8.037  -1.04e+05   -8.037   0.217  0.0004    1.0     8.00    1388772  0.950
  78    0.2 1.3e-05   0.998    2189.25 3.9944e-07   8.037  -1.04e+05   -8.037   0.208  0.0006    1.0     8.00    1406808  0.950
  79    0.2 1.2e-05   0.999    2185.61 4.504e-07    7.914  -1.04e+05   -7.914   0.201  0.0004    1.0     8.00    1424844  0.950
  80    0.2 1.2e-05   0.999    2183.01 4.5011e-07   7.914  -1.03e+05   -7.914   0.195  0.0005    1.0     8.00    1442880  0.950
  81    0.2 1.1e-05   0.999    2180.91 3.9838e-07   8.037  -1.04e+05   -8.037   0.195  0.0003    1.0     8.00    1460916  0.950
  82    0.2 1.1e-05   0.999    2178.61 3.9906e-07   8.037  -1.03e+05   -8.037   0.189  0.0006    1.0     8.00    1478952  0.950
  83    0.2 1.0e-05   0.999    2175.73 3.9592e-07   8.037  -1.04e+05   -8.037   0.184  0.0005    1.0     8.00    1496988  0.950
  84    0.2 9.5e-06   0.999    2172.21 3.9379e-07   8.037  -1.03e+05   -8.037   0.185  0.0004    1.0     8.00    1515024  0.950
  85    0.2 9.1e-06   1.000    2171.23 3.9444e-07   8.037  -1.03e+05   -8.037   0.180  0.0003    1.0     8.00    1533060  0.950
  86    0.2 8.6e-06   0.999    2169.26 4.4063e-07   7.914  -1.04e+05   -7.914   0.177  0.0004    1.0     8.00    1551096  0.950
  87    0.2 8.2e-06   1.000    2167.63 3.9044e-07   8.037  -1.04e+05   -8.037   0.169  0.0003    1.0     8.00    1569132  0.950
  88    0.2 7.8e-06   0.999    2164.35 3.9186e-07   8.037  -1.03e+05   -8.037   0.166  0.0003    1.0     8.00    1587168  0.950
  89    0.2 7.4e-06   0.999    2163.73 3.9153e-07   8.037  -1.04e+05   -8.037   0.163  0.0003    1.0     8.00    1605204  0.950
  90    0.2 7.0e-06   0.999    2163.74 3.9144e-07   8.037  -1.03e+05   -8.037   0.160  0.0002    1.0     8.00    1623240  0.950
  91    0.2 6.7e-06   0.999    2162.77 3.8823e-07   8.037  -1.03e+05   -8.037   0.157  0.0003    1.0     8.00    1641276  0.950
  92    0.2 6.3e-06   0.999    2161.05 3.878e-07    8.037  -1.03e+05   -8.037   0.156  0.0003    1.0     8.00    1659312  0.950
  93    0.2 6.0e-06   1.000    2158.78 3.8729e-07   8.037  -1.04e+05   -8.037   0.158  0.0002    1.0     8.00    1677348  0.950
  94    0.2 5.7e-06   1.000    2157.37 4.3477e-07   7.914  -1.03e+05   -7.914   0.153  0.0002    1.0     8.00    1695384  0.950
  95    0.2 5.4e-06   0.999    2156.28 3.864e-07    8.037  -1.03e+05   -8.037   0.154  0.0002    1.0     8.00    1713420  0.950
  96    0.2 5.2e-06   1.000    2155.73 3.8628e-07   8.037  -1.03e+05   -8.037   0.154  0.0001    1.0     8.00    1731456  0.950
  97    0.2 4.9e-06   1.000    2154.98 3.8594e-07   8.037  -1.04e+05   -8.037   0.149  0.0002    1.0     8.00    1749492  0.950
Agent's 2nd state: 
  98    0.2 3.9e-06   0.999    2153.19 3.8645e-07   8.037  -1.03e+05   -8.037   0.142  0.0003    1.0     8.00    1767528  0.800
Checkpoint saved: bb_costs=2152.13, TD costs=3.86313e-07, CPD=  8.037 (ns) 
  99    0.2 3.1e-06   1.000    2151.68 3.8617e-07   8.037  -1.04e+05   -8.037   0.101  0.0002    1.0     8.00    1785564  0.800
 100    0.2 2.5e-06   1.000    2150.73 3.8536e-07   8.037  -1.04e+05   -8.037   0.095  0.0001    1.0     8.00    1803600  0.800
 101    0.2 2.0e-06   1.000    2150.07 3.8491e-07   8.037  -1.04e+05   -8.037   0.095  0.0002    1.0     8.00    1821636  0.800
 102    0.2 1.6e-06   1.000    2149.15 3.8554e-07   8.037  -1.04e+05   -8.037   0.092  0.0001    1.0     8.00    1839672  0.800
 103    0.2 1.3e-06   1.000    2148.07 3.854e-07    8.037  -1.04e+05   -8.037   0.093  0.0001    1.0     8.00    1857708  0.800
 104    0.2 1.0e-06   1.000    2147.67 3.852e-07    8.037  -1.04e+05   -8.037   0.087  0.0001    1.0     8.00    1875744  0.800
 105    0.2 8.2e-07   1.000    2147.33 3.8475e-07   8.037  -1.04e+05   -8.037   0.090  0.0001    1.0     8.00    1893780  0.800
 106    0.2 6.6e-07   1.000    2147.12 3.8522e-07   8.037  -1.04e+05   -8.037   0.089  0.0001    1.0     8.00    1911816  0.800
 107    0.2 5.3e-07   1.000    2146.94 3.8501e-07   8.037  -1.04e+05   -8.037   0.089  0.0001    1.0     8.00    1929852  0.800
Checkpoint saved: bb_costs=2146.9, TD costs=4.31163e-07, CPD=  7.914 (ns) 
 108    0.2 4.2e-07   0.999    2148.45 4.2981e-07   7.914  -1.04e+05   -7.914   0.082  0.0002    1.0     8.00    1947888  0.800
 109    0.2 3.4e-07   0.991    2158.37 1.7235e-07   8.893  -1.04e+05   -8.893   0.088  0.0006    1.0     8.00    1965924  0.800
 110    0.2 2.7e-07   0.996    2161.43 3.3411e-07   8.253  -1.03e+05   -8.253   0.086  0.0011    1.0     8.00    1983960  0.800
 111    0.2 2.2e-07   0.985    2158.56 1.4825e-07   9.103  -1.04e+05   -9.103   0.084  0.0007    1.0     8.00    2001996  0.800
 112    0.2 0.0e+00   0.995    2164.60 2.3138e-07   8.669  -1.03e+05   -8.669   0.047  0.0014    1.0     8.00    2020032  0.800
### Placement Quench took 0.23 seconds (max_rss 733.1 MiB)
post-quench CPD = 9.31114 (ns) 

Checkpoint restored

Completed placement consistency check successfully.

Swaps called: 2022650

Aborted Move Reasons:
  duplicate block move to location: 19
  macro move to location illegal: 8
  macro_from swap to location illegal: 1117

BB estimate of min-dist (placement) wire length: 257438

Placement estimated critical path delay (least slack): 7.91405 ns, Fmax: 126.358 MHz
Placement estimated critical path skew: -0.04243 ns
Placement estimated setup Worst Negative Slack (sWNS): -7.91405 ns
Placement estimated setup Total Negative Slack (sTNS): -103811 ns
Placement estimated setup Worst Skew (sWS): -0.04243 ns

Placement estimated setup slack histogram:
[ -7.9e-09: -7.1e-09)    21 (  0.0%) |
[ -7.1e-09: -6.4e-09)    46 (  0.1%) |
[ -6.4e-09: -5.6e-09)   221 (  0.4%) |*
[ -5.6e-09: -4.8e-09)   518 (  1.0%) |*
[ -4.8e-09: -4.1e-09)   664 (  1.3%) |**
[ -4.1e-09: -3.3e-09)  1963 (  3.7%) |*****
[ -3.3e-09: -2.5e-09)  7519 ( 14.3%) |******************
[ -2.5e-09: -1.7e-09) 17520 ( 33.2%) |*******************************************
[ -1.7e-09: -9.7e-10) 18326 ( 34.7%) |*********************************************
[ -9.7e-10: -1.9e-10)  5964 ( 11.3%) |***************

Placement estimated geomean non-virtual intra-domain period: 7.91405 ns (126.358 MHz)
Placement estimated fanout-weighted geomean non-virtual intra-domain period: 7.91405 ns (126.358 MHz)

Placement cost: 1, bb_cost: 2146.9, td_cost: 4.31163e-07, 

Placement resource usage:
  io      implemented as io     : 1084
  clb     implemented as clb    : 1233
  dsp_top implemented as dsp_top: 107
  memory  implemented as memory : 194

Placement number of temperatures: 112
Placement total # of swap attempts: 2022650
	Swaps accepted:  753558 (37.3 %)
	Swaps rejected: 1258715 (62.2 %)
	Swaps aborted:   10377 ( 0.5 %)


Placement perturbation distribution by block and move type: 
------------------ ----------------- ---------------- ---------------- --------------- ------------ 
    Block Type         Move Type       (%) of Total      Accepted(%)     Rejected(%)    Aborted(%)
------------------ ----------------- ---------------- ---------------- --------------- ------------ 
io                 Uniform                9.79             54.99           45.01          0.00         
                   Median                 9.78             60.96           38.20          0.84         
                   Centroid               9.74             61.26           38.73          0.00         
                   W. Centroid            9.82             61.38           38.62          0.00         
                   W. Median              0.73             25.22           73.92          0.86         

clb                Uniform                11.09            7.17            92.72          0.10         
                   Median                 11.20            36.60           62.59          0.81         
                   Centroid               11.12            34.46           65.42          0.12         
                   W. Centroid            11.22            34.91           64.96          0.13         
                   W. Median              0.84             2.13            96.97          0.90         
                   Crit. Uniform          1.78             0.17            99.83          0.00         
                   Feasible Region        1.79             0.48            99.52          0.00         

dsp_top            Uniform                0.97             2.04            97.96          0.00         
                   Median                 0.95             4.52            90.41          5.06         
                   Centroid               0.97             4.49            90.88          4.63         
                   W. Centroid            0.97             4.35            91.10          4.54         
                   W. Median              0.07             0.00            87.09          12.91        

memory             Uniform                1.75             8.78            91.22          0.00         
                   Median                 1.76             16.13           78.34          5.53         
                   Centroid               1.75             13.61           84.89          1.50         
                   W. Centroid            1.75             12.93           87.07          0.00         
                   W. Median              0.13             2.16            84.90          12.94        


Placement Quench timing analysis took 0.0640193 seconds (0.0521274 STA, 0.0118919 slack) (1 full updates: 1 setup, 0 hold, 0 combined).
Placement Total  timing analysis took 7.60193 seconds (6.37943 STA, 1.2225 slack) (115 full updates: 115 setup, 0 hold, 0 combined).
update_td_costs: connections 0.0507499 nets 0 sum_nets 0.0226776 total 0.0737124
## AP Detailed Placer took 25.95 seconds (max_rss 744.4 MiB, delta_rss +11.3 MiB)
Incr Slack updates 115 in 0.237085 sec
Full Max Req/Worst Slack updates 52 in 0.0805238 sec
Incr Max Req/Worst Slack updates 63 in 0.128731 sec
Incr Criticality updates 37 in 0.15489 sec
Full Criticality updates 78 in 0.455438 sec
Incr Slack updates 1 in 0.0020892 sec
Full Max Req/Worst Slack updates 1 in 0.00158691 sec
Incr Max Req/Worst Slack updates 0 in 0 sec
Incr Criticality updates 0 in 0 sec
Full Criticality updates 1 in 0.00692155 sec
# Analytical Placement took 113.99 seconds (max_rss 744.4 MiB, delta_rss +550.5 MiB)


# Routing
RR graph channel widths unchanged, skipping RR graph rebuild
## Initializing router criticalities
Initial Net Connection Criticality Histogram:
[        0:      0.1) 7058 ( 14.5%) |***************************************
[      0.1:      0.2) 8235 ( 17.0%) |**********************************************
[      0.2:      0.3) 7098 ( 14.6%) |****************************************
[      0.3:      0.4) 3372 (  6.9%) |*******************
[      0.4:      0.5) 5658 ( 11.7%) |********************************
[      0.5:      0.6) 7679 ( 15.8%) |*******************************************
[      0.6:      0.7) 6205 ( 12.8%) |***********************************
[      0.7:      0.8) 2483 (  5.1%) |**************
[      0.8:      0.9)  574 (  1.2%) |***
[      0.9:        1)  203 (  0.4%) |*
## Initializing router criticalities took 0.74 seconds (max_rss 744.4 MiB, delta_rss +0.0 MiB)
---- ------ ------- ---- ------- ------- ------- ----------------- --------------- -------- ---------- ---------- ---------- ---------- --------
Iter   Time    pres  BBs    Heap  Re-Rtd  Re-Rtd Overused RR Nodes      Wirelength      CPD       sTNS       sWNS       hTNS       hWNS Est Succ
      (sec)     fac Updt    push    Nets   Conns                                       (ns)       (ns)       (ns)       (ns)       (ns)     Iter
---- ------ ------- ---- ------- ------- ------- ----------------- --------------- -------- ---------- ---------- ---------- ---------- --------
   1    1.3     0.0    0 5778919   25862   41715   23724 ( 1.536%)  408540 (22.8%)    9.339 -1.653e+05     -9.339      0.000      0.000      N/A
   2    1.2     0.5    0 5628825   19715   34540   13404 ( 0.868%)  405103 (22.6%)    8.016 -1.441e+05     -8.016      0.000      0.000      N/A
   3    1.1     0.6    0 4795645   14800   27094   11269 ( 0.730%)  413120 (23.0%)    8.016 -1.420e+05     -8.016      0.000      0.000      N/A
   4    1.0     0.8    0 4346548   12673   23964    9011 ( 0.583%)  418759 (23.3%)    8.016 -1.417e+05     -8.016      0.000      0.000      N/A
   5    0.9     1.1    0 3661222   10503   20342    6722 ( 0.435%)  424980 (23.7%)    8.016 -1.420e+05     -8.016      0.000      0.000      N/A
   6    0.8     1.4    0 2939611    8365   16771    5077 ( 0.329%)  429167 (23.9%)    8.016 -1.431e+05     -8.016      0.000      0.000      N/A
   7    0.6     1.9    0 2084316    6552   13379    3663 ( 0.237%)  434101 (24.2%)    8.016 -1.429e+05     -8.016      0.000      0.000      N/A
   8    0.5     2.4    0 1503789    4889   10348    2594 ( 0.168%)  438564 (24.4%)    8.016 -1.429e+05     -8.016      0.000      0.000      N/A
   9    0.4     3.1    0  929663    3603    7939    1751 ( 0.113%)  442239 (24.6%)    8.016 -1.431e+05     -8.016      0.000      0.000       31
  10    0.3     4.1    0  674109    2461    5674    1168 ( 0.076%)  445621 (24.8%)    8.016 -1.431e+05     -8.016      0.000      0.000       29
  11    0.3     5.3    0  463463    1688    3933     720 ( 0.047%)  448479 (25.0%)    8.016 -1.433e+05     -8.016      0.000      0.000       28
  12    0.2     6.9    0  337452    1024    2376     407 ( 0.026%)  450696 (25.1%)    8.016 -1.434e+05     -8.016      0.000      0.000       26
  13    0.2     9.0    0  265592     615    1435     232 ( 0.015%)  452140 (25.2%)    8.016 -1.436e+05     -8.016      0.000      0.000       25
  14    0.2    11.6    0  180643     355     869     135 ( 0.009%)  453144 (25.2%)    8.016 -1.436e+05     -8.016      0.000      0.000       24
  15    0.2    15.1    0  108101     194     420      68 ( 0.004%)  454053 (25.3%)    8.016 -1.436e+05     -8.016      0.000      0.000       23
  16    0.2    19.7    0   83936     107     238      35 ( 0.002%)  454494 (25.3%)    8.016 -1.436e+05     -8.016      0.000      0.000       23
  17    0.2    25.6    0  152495      51     110      19 ( 0.001%)  454773 (25.3%)    8.016 -1.437e+05     -8.016      0.000      0.000       22
  18    0.2    33.3    0  203224      33      52      15 ( 0.001%)  454901 (25.3%)    8.016 -1.437e+05     -8.016      0.000      0.000       22
  19    0.2    43.3    0  131640      25      43      11 ( 0.001%)  454945 (25.3%)    8.016 -1.437e+05     -8.016      0.000      0.000       23
  20    0.2    56.2    0  194379      18      40       8 ( 0.001%)  455057 (25.3%)    8.016 -1.437e+05     -8.016      0.000      0.000       23
  21    0.2    73.1    0  115752      13      18       7 ( 0.000%)  455161 (25.3%)    9.073 -1.437e+05     -9.073      0.000      0.000       24
  22    0.2    95.0    0  150277      15      23       7 ( 0.000%)  455141 (25.3%)    9.073 -1.437e+05     -9.073      0.000      0.000       25
  23    0.2   123.5    0  114094      12      22       6 ( 0.000%)  455189 (25.3%)    9.073 -1.437e+05     -9.073      0.000      0.000       26
  24    0.2   160.6    0  157738      10      19       3 ( 0.000%)  455269 (25.4%)    9.073 -1.437e+05     -9.073      0.000      0.000       27
  25    0.2   208.8    0  157761       6       9       3 ( 0.000%)  455269 (25.4%)    9.073 -1.437e+05     -9.073      0.000      0.000       27
  26    0.2   271.4    0  105678       6       8       3 ( 0.000%)  455277 (25.4%)    9.073 -1.437e+05     -9.073      0.000      0.000       28
  27    0.2   352.8    0  156795       7       9       3 ( 0.000%)  455221 (25.4%)    9.073 -1.437e+05     -9.073      0.000      0.000       29
  28    0.2   458.7    0  118634       4       5       3 ( 0.000%)  455229 (25.4%)    9.073 -1.437e+05     -9.073      0.000      0.000       31
  29    0.2   596.3    0  192015       7      11       3 ( 0.000%)  455241 (25.4%)    9.073 -1.437e+05     -9.073      0.000      0.000       32
  30    0.2   775.1    0  102555       5       8       3 ( 0.000%)  455261 (25.4%)    9.073 -1.437e+05     -9.073      0.000      0.000       34
  31    0.2  1000.0    0  121250       8      16       3 ( 0.000%)  455249 (25.4%)    9.073 -1.437e+05     -9.073      0.000      0.000       35
  32    0.2  1000.0    0  151623       5       8       3 ( 0.000%)  455257 (25.4%)    9.073 -1.437e+05     -9.073      0.000      0.000       38
  33    0.2  1000.0    0   97010       5       7       3 ( 0.000%)  455253 (25.4%)    9.073 -1.437e+05     -9.073      0.000      0.000       39
  34    0.2  1000.0    0  172398       7      10       3 ( 0.000%)  455329 (25.4%)    9.073 -1.437e+05     -9.073      0.000      0.000       42
  35    0.3  1000.0    0  222429       5      10       2 ( 0.000%)  455357 (25.4%)    9.073 -1.438e+05     -9.073      0.000      0.000       42
  36    0.3  1000.0    0  220984       3       4       2 ( 0.000%)  455313 (25.4%)    9.073 -1.438e+05     -9.073      0.000      0.000       44
  37    0.4  1000.0    0  342527       5       6       2 ( 0.000%)  455321 (25.4%)    9.073 -1.438e+05     -9.073      0.000      0.000       45
  38    0.2  1000.0    0  134749       4       9       2 ( 0.000%)  455353 (25.4%)    9.073 -1.438e+05     -9.073      0.000      0.000       47
  39    0.2  1000.0    0   72155       2       6       2 ( 0.000%)  455365 (25.4%)    9.073 -1.438e+05     -9.073      0.000      0.000       48
  40    0.2  1000.0    0  124649       3       7       1 ( 0.000%)  455381 (25.4%)    9.073 -1.438e+05     -9.073      0.000      0.000       47
  41    0.3  1000.0    0  164735       2       3       1 ( 0.000%)  455389 (25.4%)    9.073 -1.438e+05     -9.073      0.000      0.000       45
  42    0.3  1000.0    0  163574       2       3       1 ( 0.000%)  455393 (25.4%)    9.073 -1.438e+05     -9.073      0.000      0.000       45
  43    0.3  1000.0    0  158737       2       2       1 ( 0.000%)  455393 (25.4%)    9.073 -1.438e+05     -9.073      0.000      0.000       45
  44    0.4  1000.0    0  299616       2       2       1 ( 0.000%)  455393 (25.4%)    9.073 -1.438e+05     -9.073      0.000      0.000       45
  45    0.3  1000.0    0  154621       2       2       1 ( 0.000%)  455409 (25.4%)    9.073 -1.438e+05     -9.073      0.000      0.000       45
  46    0.3  1000.0    0  154769       2       2       0 ( 0.000%)  455493 (25.4%)    9.801 -1.438e+05     -9.801      0.000      0.000      N/A
Restoring best routing
Critical path: 9.80122 ns
Successfully routed after 46 routing iterations.
Final Net Connection Criticality Histogram:
[        0:      0.1)  8317 ( 17.1%) |************************************
[      0.1:      0.2)  7248 ( 14.9%) |*******************************
[      0.2:      0.3)  7940 ( 16.3%) |**********************************
[      0.3:      0.4)  4700 (  9.7%) |********************
[      0.4:      0.5) 10434 ( 21.5%) |*********************************************
[      0.5:      0.6)  7041 ( 14.5%) |******************************
[      0.6:      0.7)  2414 (  5.0%) |**********
[      0.7:      0.8)   384 (  0.8%) |**
[      0.8:      0.9)    65 (  0.1%) |
[      0.9:        1)    22 (  0.0%) |
Router Stats: total_nets_routed: 113677 total_connections_routed: 211511 total_heap_pushes: 38590697 total_heap_pops: 12664658 
Serial Connection Router is being destroyed. Time spent on path search: 8.266 seconds.
# Routing took 17.29 seconds (max_rss 773.0 MiB, delta_rss +28.6 MiB)

Checking to ensure routing is legal...
# Checking to ensure non-configurable edges are legal
# Checking to ensure non-configurable edges are legal took 0.12 seconds (max_rss 773.0 MiB, delta_rss +0.0 MiB)
Completed routing consistency check successfully.

Serial number (magic cookie) for the routing is: 772674785
Circuit successfully routed with a channel width factor of 120.
Incr Slack updates 47 in 0.0923314 sec
Full Max Req/Worst Slack updates 2 in 0.0030795 sec
Incr Max Req/Worst Slack updates 45 in 0.0931075 sec
Incr Criticality updates 42 in 0.163197 sec
Full Criticality updates 5 in 0.034522 sec
# Synchronize the packed netlist to routing optimization
## Annotating rr_node with routed nets
## Annotating rr_node with routed nets took 0.01 seconds (max_rss 773.0 MiB, delta_rss +0.0 MiB)
Found 43963 mismatches between routing and packing results.
Fixed 30758 routing traces due to mismatch between routing and packing results.
# Synchronize the packed netlist to routing optimization took 0.35 seconds (max_rss 773.0 MiB, delta_rss +0.0 MiB)
Final Clustering Statistics: 
----------   --------   ------------------------------------   --------------------------
Block Type   # Blocks   Avg. # of input clocks and pins used   Avg. # of output pins used
----------   --------   ------------------------------------   --------------------------
     EMPTY          0                                      0                            0   
        io       1084                              0.0295203                      0.97048   
       clb       1233                                27.9919                      15.3877   
   dsp_top        107                                40.9813                      20.1869   
    memory        194                                49.6598                      18.9691   
Absorbed logical nets 24200 out of 50065 nets, 25865 nets not absorbed.


Average number of bends per net: 1.85477  Maximum # of bends: 296

Number of global nets: 3
Number of routed nets (nonglobal): 25862
Wire length results (in units of 1 clb segments)...
	Total wirelength: 455493, average net length: 17.6124
	Maximum net length: 2526

Wire length results in terms of physical segments...
	Total wiring segments used: 103530, average wire segments per net: 4.00317
	Maximum segments used by a net: 556
	Total local nets with reserved CLB opins: 0
Total number of nets absorbed: 8

Routing channel utilization histogram:
[        1:      inf)    0 (  0.0%) |
[      0.9:        1)    0 (  0.0%) |
[      0.8:      0.9)   52 (  0.3%) |*
[      0.7:      0.8) 1044 (  6.9%) |***********
[      0.5:      0.6)  902 (  6.0%) |*********
[      0.4:      0.5) 1323 (  8.7%) |**************
[      0.3:      0.4) 1917 ( 12.7%) |********************
[      0.2:      0.3) 2340 ( 15.5%) |************************
[      0.1:      0.2) 3130 ( 20.7%) |*********************************
[        0:      0.1) 4430 ( 29.3%) |**********************************************
Maximum routing channel utilization:      0.89 at (36,47)

X - Directed channels: layer   y   max occ   ave occ   ave cap
                        ----- ---- -------- -------- --------
                            0    0       56   31.116      120
                            0    1       13    2.512      120
                            0    2       17    3.209      120
                            0    3       36    5.814      120
                            0    4       57    8.779      120
                            0    5       46    7.349      120
                            0    6       47    7.628      120
                            0    7       44    9.628      120
                            0    8       51   13.872      120
                            0    9       45   10.558      120
                            0   10       70   14.326      120
                            0   11       54   14.895      120
                            0   12       53   18.477      120
                            0   13       52   18.151      120
                            0   14       62   16.465      120
                            0   15       47   17.593      120
                            0   16       69   22.279      120
                            0   17       70   20.593      120
                            0   18       54   20.651      120
                            0   19       55   23.442      120
                            0   20       46   23.593      120
                            0   21       59   27.500      120
                            0   22       72   31.593      120
                            0   23       67   28.070      120
                            0   24       64   26.802      120
                            0   25       48   23.477      120
                            0   26       75   30.465      120
                            0   27       70   31.651      120
                            0   28       71   36.058      120
                            0   29       88   38.198      120
                            0   30       83   30.000      120
                            0   31       88   27.570      120
                            0   32       81   28.302      120
                            0   33       85   28.814      120
                            0   34       74   29.686      120
                            0   35       76   37.570      120
                            0   36       80   36.977      120
                            0   37       85   35.605      120
                            0   38       86   40.105      120
                            0   39       87   43.372      120
                            0   40       90   42.686      120
                            0   41      103   43.698      120
                            0   42       94   49.849      120
                            0   43       90   49.756      120
                            0   44       94   50.953      120
                            0   45       93   45.988      120
                            0   46       94   42.744      120
                            0   47      107   47.070      120
                            0   48       99   51.186      120
                            0   49       96   52.547      120
                            0   50       94   51.593      120
                            0   51       94   49.628      120
                            0   52       96   46.070      120
                            0   53       95   46.244      120
                            0   54       95   42.128      120
                            0   55       93   40.593      120
                            0   56       91   40.349      120
                            0   57       90   37.058      120
                            0   58       95   42.326      120
                            0   59       93   37.767      120
                            0   60       88   33.709      120
                            0   61       90   38.267      120
                            0   62       94   40.291      120
                            0   63       84   35.767      120
                            0   64       78   37.349      120
                            0   65       86   35.512      120
                            0   66       80   33.302      120
                            0   67       78   32.291      120
                            0   68       81   31.860      120
                            0   69       80   33.523      120
                            0   70       81   30.849      120
                            0   71       72   29.372      120
                            0   72       82   28.791      120
                            0   73       76   31.407      120
                            0   74       73   31.419      120
                            0   75       71   24.128      120
                            0   76       76   20.035      120
                            0   77       63   19.349      120
                            0   78       60   18.791      120
                            0   79       62   15.116      120
                            0   80       76   14.884      120
                            0   81       69   12.140      120
                            0   82       61    9.977      120
                            0   83       65    7.942      120
                            0   84       71    5.744      120
                            0   85       66    5.209      120
                            0   86       84   30.640      120
Y - Directed channels: layer   x   max occ   ave occ   ave cap
                        ----- ---- -------- -------- --------
                            0    0       54   26.326      120
                            0    1       53   28.395      120
                            0    2       63   37.907      120
                            0    3       61   19.651      120
                            0    4       56   26.686      120
                            0    5       78   42.116      120
                            0    6       86   39.140      120
                            0    7       58   21.430      120
                            0    8       56   16.826      120
                            0    9       52   13.198      120
                            0   10       57   13.535      120
                            0   11       55   13.198      120
                            0   12       33    9.802      120
                            0   13       26   11.023      120
                            0   14       30   14.174      120
                            0   15       41   16.942      120
                            0   16       40   21.174      120
                            0   17       63   35.953      120
                            0   18       77   44.349      120
                            0   19       58   27.651      120
                            0   20       72   29.360      120
                            0   21       87   46.221      120
                            0   22       83   41.140      120
                            0   23       63   22.802      120
                            0   24       63   22.663      120
                            0   25       68   21.488      120
                            0   26       64   20.558      120
                            0   27       57   21.384      120
                            0   28       69   22.663      120
                            0   29       96   36.605      120
                            0   30       94   44.547      120
                            0   31       89   46.105      120
                            0   32       89   50.593      120
                            0   33       89   59.721      120
                            0   34       95   70.093      120
                            0   35       96   61.709      120
                            0   36       96   66.419      120
                            0   37      106   77.047      120
                            0   38      107   75.093      120
                            0   39       99   57.628      120
                            0   40       99   50.372      120
                            0   41       92   42.988      120
                            0   42       82   38.360      120
                            0   43       79   31.360      120
                            0   44       78   27.488      120
                            0   45       86   27.756      120
                            0   46       89   33.070      120
                            0   47       88   32.640      120
                            0   48       88   35.442      120
                            0   49       89   54.674      120
                            0   50       85   58.500      120
                            0   51       90   45.337      120
                            0   52       91   50.837      120
                            0   53       98   60.221      120
                            0   54       88   50.442      120
                            0   55       88   31.093      120
                            0   56       72   25.035      120
                            0   57       69   19.791      120
                            0   58       46   13.802      120
                            0   59       31   11.035      120
                            0   60       30    9.802      120
                            0   61       28   13.337      120
                            0   62       43   21.814      120
                            0   63       29   15.419      120
                            0   64       52   23.593      120
                            0   65       74   46.174      120
                            0   66       89   51.779      120
                            0   67       70   32.279      120
                            0   68       64   37.895      120
                            0   69       74   47.581      120
                            0   70       56   36.442      120
                            0   71       45   16.244      120
                            0   72       49   18.733      120
                            0   73       42   12.384      120
                            0   74       23    7.686      120
                            0   75       20    6.709      120
                            0   76       24    7.570      120
                            0   77       24    9.163      120
                            0   78       27   13.977      120
                            0   79       41   17.000      120
                            0   80       46   21.349      120
                            0   81       71   40.628      120
                            0   82       81   48.384      120
                            0   83       62   29.802      120
                            0   84       65   23.198      120
                            0   85       68   28.663      120
                            0   86       47   24.628      120

Total existing wires segments: CHANX    897840, CHANY    897840, CHANZ         0, ALL   1795680
Total used wires segments:     CHANX    216775, CHANY    238718, CHANZ         0, ALL    455493
Usage percentage:              CHANX     24.1%, CHANY     26.6%, CHANZ      0.0%, ALL     25.4%

Logic area (in minimum width transistor areas, excludes I/Os and empty grid tiles)...
	Total logic block area (Warning, need to add pitch of routing to blocks with height > 3): 2.4541e+08
	Total used logic block area: 8.82677e+07

Routing area (in minimum width transistor areas)...
	Total routing area: 7.57549e+07, per logic tile: 9782.39

Total Number of Wiring Segments by Direction: direction length number
                                              --------- ------ -------
                                                      X      4 201318
                                                      Y      4 201318
                                                      X     16   8810
                                                      Y     16   8810

X - Directed Wiring Segment usage by length: length utilization
                                             ------ -----------
                                             4       0.243
                                            16       0.166

Y - Directed Wiring Segment usage by length: length utilization
                                             ------ -----------
                                             4       0.252
                                            16       0.267

Segment occupancy by length: Length Occupancy Capacity Utilization
                             ------ --------- -------- -----------
                             L4         99719   402636       0.248
                             L16         3811    17620       0.216

Segment occupancy by type: name type utilization
                           ---- ---- -----------
                             L4    0       0.248
                            L16    1       0.216

Final hold Worst Negative Slack (hWNS): 0 ns
Final hold Total Negative Slack (hTNS): 0 ns
Final hold Worst Skew (hWS): 0 ns

Final hold slack histogram:
[  4.1e-11:  6.7e-10)  3589 (  6.8%) |***************
[  6.7e-10:  1.3e-09)  8307 ( 15.7%) |***********************************
[  1.3e-09:  1.9e-09)  7713 ( 14.6%) |********************************
[  1.9e-09:  2.5e-09) 10029 ( 19.0%) |******************************************
[  2.5e-09:  3.2e-09) 10747 ( 20.4%) |*********************************************
[  3.2e-09:  3.8e-09)  7483 ( 14.2%) |*******************************
[  3.8e-09:  4.4e-09)  3567 (  6.8%) |***************
[  4.4e-09:    5e-09)   896 (  1.7%) |****
[    5e-09:  5.7e-09)   346 (  0.7%) |*
[  5.7e-09:  6.3e-09)    85 (  0.2%) |

Final critical path delay (least slack): 9.80122 ns, Fmax: 102.028 MHz
Final critical path skew: -0.04243 ns
Final setup Worst Negative Slack (sWNS): -9.80122 ns
Final setup Total Negative Slack (sTNS): -143814 ns
Final setup Worst Skew (sWS): -0.04243 ns

Final setup slack histogram:
[ -9.8e-09: -8.8e-09)    20 (  0.0%) |
[ -8.8e-09: -7.9e-09)    15 (  0.0%) |
[ -7.9e-09: -6.9e-09)    56 (  0.1%) |
[ -6.9e-09:   -6e-09)   341 (  0.6%) |*
[   -6e-09:   -5e-09)  1209 (  2.3%) |***
[   -5e-09:   -4e-09)  4588 (  8.7%) |************
[   -4e-09: -3.1e-09) 12962 ( 24.6%) |*********************************
[ -3.1e-09: -2.1e-09) 17889 ( 33.9%) |*********************************************
[ -2.1e-09: -1.2e-09) 10335 ( 19.6%) |**************************
[ -1.2e-09: -1.9e-10)  5347 ( 10.1%) |*************

Final geomean non-virtual intra-domain period: 9.80122 ns (102.028 MHz)
Final fanout-weighted geomean non-virtual intra-domain period: 9.80122 ns (102.028 MHz)

Incr Slack updates 1 in 0.00223036 sec
Full Max Req/Worst Slack updates 1 in 0.00154157 sec
Incr Max Req/Worst Slack updates 0 in 0 sec
Incr Criticality updates 0 in 0 sec
Full Criticality updates 1 in 0.00862554 sec
Flow timing analysis took 14.8902 seconds (12.893 STA, 1.99716 slack) (164 full updates: 116 setup, 0 hold, 48 combined).
VPR succeeded
The entire flow of VPR took 137.01 seconds (max_rss 773.0 MiB)

