VPR FPGA Placement and Routing.
Version: 9.0.0-dev+v8.0.0-18248-g40f8d19708
Revision: v8.0.0-18248-g40f8d19708
Compiled: 2026-09-22T03:43:48
Compiler: GNU 13.3.0 on Linux-5.15.0-119-generic x86_64
Build Info: release IPO VTR_ASSERT_LEVEL=2

University of Toronto
verilogtorouting.org
vtr-users@googlegroups.com
This is free open source code under MIT license.

VPR was run with the following command-line:
/inspire/hdd/project/project-public/changshunjie-253114010247/changshunjie-253114010247/workspace/DAC2027/vtr/vtr-verilog-to-routing/vpr/vpr /inspire/hdd/project/project-public/changshunjie-253114010247/changshunjie-253114010247/workspace/DAC2027/vtr/vtr-verilog-to-routing/vtr_flow/arch/COFFE_22nm/k6FracN10LB_mem20K_complexDSP_customSB_22nm.xml /inspire/hdd/project/project-public/changshunjie-253114010247/changshunjie-253114010247/workspace/DAC2027/TailCompile/experiments/vtr/runs/pilot_v1/sha/full-seed1-w300/sha.pre-vpr.blif --analytical_place --route --analysis --ap_full_legalizer flat-recon --ap_detailed_placer annealer --seed 11 --route_chan_width 80 --write_flat_place /inspire/hdd/project/project-public/changshunjie-253114010247/changshunjie-253114010247/workspace/DAC2027/TailCompile/vtr_work/tailcompile_v3/sha/4x4/gnn_candidate-fpb380e0db-flat-recon-annealer-seed11-w80-devw14/post_route.fplace --write_legalized_flat_place /inspire/hdd/project/project-public/changshunjie-253114010247/changshunjie-253114010247/workspace/DAC2027/TailCompile/vtr_work/tailcompile_v3/sha/4x4/gnn_candidate-fpb380e0db-flat-recon-annealer-seed11-w80-devw14/post_legalizer.fplace --flat_place_verbosity 1 --device_width 14 --net_file /inspire/hdd/project/project-public/changshunjie-253114010247/changshunjie-253114010247/workspace/DAC2027/TailCompile/vtr_work/tailcompile_v3/sha/4x4/gnn_candidate-fpb380e0db-flat-recon-annealer-seed11-w80-devw14/sha.locked-input.net --read_flat_place /inspire/hdd/global_user/changshunjie-253114010247/workspace/DAC2027/TailCompile/experiments/vtr/tailcompile_v3/sha/4x4/pools/bootstrap_24/candidate_23_seed12050.fplace

Using up to 1 parallel worker(s)

Architecture file: /inspire/hdd/project/project-public/changshunjie-253114010247/changshunjie-253114010247/workspace/DAC2027/vtr/vtr-verilog-to-routing/vtr_flow/arch/COFFE_22nm/k6FracN10LB_mem20K_complexDSP_customSB_22nm.xml
Circuit name: sha.pre-vpr

# Loading Architecture Description
# Loading Architecture Description took 0.04 seconds (max_rss 19.0 MiB, delta_rss +0.0 MiB)

Timing analysis: ON
Circuit netlist file: /inspire/hdd/project/project-public/changshunjie-253114010247/changshunjie-253114010247/workspace/DAC2027/TailCompile/vtr_work/tailcompile_v3/sha/4x4/gnn_candidate-fpb380e0db-flat-recon-annealer-seed11-w80-devw14/sha.locked-input.net
Circuit placement file: sha.pre-vpr.place
Circuit routing file: sha.pre-vpr.route
Circuit SDC file: sha.pre-vpr.sdc
Vpr floorplanning constraints file: not specified

Packer: DISABLED
Placer: DISABLED
Analytical Placer: ENABLED
Router: ENABLED
Analysis: ENABLED

VPR was run with the following options:

netlist_opts.absorb_buffer_luts            : true
netlist_opts.sweep_dangling_primary_ios    : true
netlist_opts.sweep_dangling_nets           : true
netlist_opts.sweep_dangling_blocks         : true
netlist_opts.sweep_constant_primary_outputs: false
netlist_opts.netlist_verbosity             : 1
netlist_opts.const_gen_inference           : COMB_SEQ

AnalyticalPlacerOpts.analytical_solver_type: lp-b2b
AnalyticalPlacerOpts.partial_legalizer_type: bipartitioning
AnalyticalPlacerOpts.full_legalizer_type: flat-recon
AnalyticalPlacerOpts.detailed_placer_type: annealer
AnalyticalPlacerOpts.ap_timing_tradeoff: 0.500000
AnalyticalPlacerOpts.ap_high_fanout_threshold: 256
AnalyticalPlacerOpts.log_verbosity: 1
router_opts.route_type: DETAILED
router_opts.flat_routing: false
router_opts.choke_points: on
router_opts.router_algorithm: TIMING_DRIVEN
router_opts.base_cost_type: DELAY_NORMALIZED_LENGTH
router_opts.fixed_channel_width: 80
router_opts.check_route: FULL
router_opts.acc_fac: 1.000000
router_opts.bb_factor: 3
router_opts.bend_cost: 0.000000
router_opts.first_iter_pres_fac: 0.000000
router_opts.initial_pres_fac: 0.500000
router_opts.pres_fac_mult: 1.300000
router_opts.max_pres_fac: 1000.000000
router_opts.max_router_iterations: 50
router_opts.min_incremental_reroute_fanout: 16
router_opts.initial_acc_cost_chan_congestion_threshold: 0.500000
router_opts.initial_acc_cost_chan_congestion_weight: 0.500000
router_opts.do_check_rr_graph: true
router_opts.verify_binary_search: false
router_opts.min_channel_width_hint: 0
router_opts.read_rr_edge_metadata: false
router_opts.exit_after_first_routing_iteration: false
router_opts.astar_fac: 1.200000
router_opts.astar_offset: 0.000000
router_opts.router_profiler_astar_fac: 1.200000
router_opts.enable_parallel_connection_router: false
router_opts.post_target_prune_fac: 1.200000
router_opts.post_target_prune_offset: 0
router_opts.multi_queue_num_threads: 1
router_opts.multi_queue_num_queues: 2
router_opts.multi_queue_direct_draining: false
router_opts.criticality_exp: 1.000000
router_opts.max_criticality: 0.990000
router_opts.init_wirelength_abort_threshold: 0.850000
router_opts.incr_reroute_delay_ripup: AUTO
router_opts.save_routing_per_iteration: false
router_opts.congested_routing_iteration_threshold_frac: 1.000000
router_opts.high_fanout_threshold: 64
router_opts.router_debug_net: -2
router_opts.router_debug_sink_rr: -2
router_opts.router_debug_iteration: -2
router_opts.max_convergence_count: 1
router_opts.reconvergence_cpd_threshold: 0.990000
router_opts.update_lower_bound_delays: true
router_opts.first_iteration_timing_report_file: 
router_opts.route_bb_update: DYNAMIC
router_opts.lookahead_type: MAP
router_opts.initial_timing: LOOKAHEAD
router_opts.router_heap: FOUR_ARY_HEAP
router_opts.routing_failure_predictor = SAFE
router_opts.routing_predictor_min_history: 8
router_opts.routing_budgets_algorithm = DISABLE

analysis_opts.gen_post_synthesis_netlist: false
analysis_opts.gen_post_implementation_merged_netlist: false
analysis_opts.gen_post_implementation_sdc: false
analysis_opts.timing_report_npaths: 100
analysis_opts.timing_report_skew: false
analysis_opts.echo_dot_timing_graph_node: -1
analysis_opts.timing_report_detail: NETLIST
analysis_opts.post_synth_netlist_unconn_input_handling: UNCONNECTED
analysis_opts.post_synth_netlist_unconn_output_handling: UNCONNECTED
analysis_opts.post_synth_netlist_module_parameters: on

# Building complex block graph
# Building complex block graph took 0.10 seconds (max_rss 24.6 MiB, delta_rss +5.6 MiB)
Circuit file: /inspire/hdd/project/project-public/changshunjie-253114010247/changshunjie-253114010247/workspace/DAC2027/TailCompile/experiments/vtr/runs/pilot_v1/sha/full-seed1-w300/sha.pre-vpr.blif
# Load circuit
Found 3 constant generator(s) in the netlist (2 constant-zero, 1 constant-one) (run with --netlist_verbosity 2 to list names)
# Load circuit took 0.02 seconds (max_rss 28.3 MiB, delta_rss +3.7 MiB)
# Clean circuit
Absorbed 0 LUT buffers
Found 22 primitive output pin(s) driven only by constants; marked them as constants
Swept input(s)      : 0
Swept output(s)     : 0 (0 dangling, 0 constant)
Swept net(s)        : 22
Swept block(s)      : 0
Constant Pins Marked: 22
# Clean circuit took 0.00 seconds (max_rss 28.3 MiB, delta_rss +0.0 MiB)
# Compress circuit
# Compress circuit took 0.00 seconds (max_rss 28.3 MiB, delta_rss +0.0 MiB)
# Verify circuit
# Verify circuit took 0.00 seconds (max_rss 28.3 MiB, delta_rss +0.0 MiB)
Circuit Statistics:
  Blocks: 2491
    .input :      38
    .latch :     893
    .names :    1215
        0-LUT:       2
        1-LUT:       1
        2-LUT:      63
        3-LUT:     106
        4-LUT:      88
        5-LUT:     314
        6-LUT:     641
    .output:      36
    adder  :     309
  Nets  : 2742
    Avg Fanout:     3.3
    Max Fanout:   893.0
    Min Fanout:     1.0
  Netlist Clocks: 1
# Build Timing Graph
  Timing Graph Nodes: 11695
  Timing Graph Edges: 18725
  Timing Graph Levels: 84
# Build Timing Graph took 0.01 seconds (max_rss 31.7 MiB, delta_rss +3.1 MiB)
Netlist contains 1 clocks
  Netlist Clock 'clk_i' Fanout: 893 pins (7.6%), 893 blocks (35.8%)
# Load Timing Constraints

SDC file 'sha.pre-vpr.sdc' not found
Setting default timing constraints:
   * constrain all primary inputs and primary outputs on netlist clock 'clk_i'
   * optimize netlist clock to run as fast as possible
Timing constraints created 1 clocks
  Constrained Clock 'clk_i' Source: 'clk_i.inpad[0]'

# Load Timing Constraints took 0.00 seconds (max_rss 31.7 MiB, delta_rss +0.0 MiB)
# Analytical Placement
## Prepacker

There is one chain in this architecture called "chain" with the following starting points:
	clb[0]/lab[0]/fle[0]/ble5[0]/arithmetic[0]/adder[0].cin[0]

## Prepacker took 0.00 seconds (max_rss 32.0 MiB, delta_rss +0.3 MiB)
## Initializing Pre-Cluster Timing
Using inter-cluster delay: 2.1832e-09
## Initializing Pre-Cluster Timing took 0.19 seconds (max_rss 32.6 MiB, delta_rss +0.6 MiB)
## Estimate Device Size
Device layout 'auto' with fixed width 14.
FPGA sized to 14 x 14: 196 grid tiles (auto)
## Estimate Device Size took 0.00 seconds (max_rss 32.6 MiB, delta_rss +0.0 MiB)
## Ram Mapper
Flat Placement is provided, skipping the RAM mapping.
## Ram Mapper took 0.00 seconds (max_rss 32.6 MiB, delta_rss +0.0 MiB)
## Read Atom Netlist to AP Netlist
## Read Atom Netlist to AP Netlist took 0.01 seconds (max_rss 36.4 MiB, delta_rss +3.8 MiB)
Analytical Placement Netlist Statistics:
	AP Blocks: 1315
		Moveable AP Blocks: 1315
		Fixed AP Blocks: 0
	AP Nets: 1563
		Average Fanout: 4.51
		Highest Fanout: 194
	AP Pins: 11695

## Computing placement delta delay look-up
### Build routing resource graph
### Build routing resource graph took 0.09 seconds (max_rss 45.9 MiB, delta_rss +9.5 MiB)
  RR Graph Nodes: 31124
  RR Graph Edges: 189472
### Computing router lookahead map
#### Computing wire lookahead
#### Computing wire lookahead took 0.03 seconds (max_rss 46.2 MiB, delta_rss +0.3 MiB)
#### Computing src/opin lookahead
Warning 1: Found no more sample locations for SOURCE in io
Warning 2: Found no more sample locations for OPIN in io
Warning 3: Found no more sample locations for SOURCE in clb
Warning 4: Found no more sample locations for OPIN in clb
Warning 5: Found no more sample locations for SOURCE in dsp_top
Warning 6: Found no more sample locations for OPIN in dsp_top
Warning 7: Found no more sample locations for SOURCE in memory
Warning 8: Found no more sample locations for OPIN in memory
#### Computing src/opin lookahead took 0.00 seconds (max_rss 46.2 MiB, delta_rss +0.0 MiB)
### Computing router lookahead map took 0.04 seconds (max_rss 46.2 MiB, delta_rss +0.3 MiB)
Serial Connection Router is being destroyed. Time spent on path search: 0.000 seconds.
## Computing placement delta delay look-up took 0.13 seconds (max_rss 46.2 MiB, delta_rss +9.8 MiB)
Flat Placement is provided in the AP flow, skipping the Global Placement.
0 of 1315 molecules placed at device center (no atoms of these molecules found in flat placement).
## AP Full Legalizer
### Creating Clusters
Device (width, height): (14,14)
#### Sorting and Grouping Blocks by Tile
#### Sorting and Grouping Blocks by Tile took 0.00 seconds (max_rss 46.2 MiB, delta_rss +0.0 MiB)
#### Reconstruction Pass Clustering
#### Reconstruction Pass Clustering took 2.10 seconds (max_rss 49.9 MiB, delta_rss +3.7 MiB)
#### Orphan Window Clustering with search radius 8
#### Orphan Window Clustering with search radius 8 took 0.01 seconds (max_rss 50.1 MiB, delta_rss +0.3 MiB)
FPGA sized to 14 x 14: 196 grid tiles (auto)
Device Utilization: 0.62 (target 1.00)
	Block Utilization: 0.19 Type: io
	Block Utilization: 0.93 Type: clb

----------------------------------------------------------------
                       Clustering Summary                       
----------------------------------------------------------------
Clusters created (Self Clustering)                       : 185
    clb        : 111
    io         : 74
Clusters created (Orphan Window Clustering)              : 1
    clb        : 1
Total clusters                                           : 186
Percent of clusters created in Orphan Window Clustering  : 0.54%
Molecules clustered in each stage breakdown  : (Total of 1315)
	Self Clustering          (0.996958)  : 1311
 	Neighbor Clustering      (0.000000)  : 0
	Orphan Window Clustering (0.003042)  : 4
----------------------------------------------------------------

Final Clustering Statistics: 
----------   --------   ------------------------------------   --------------------------
Block Type   # Blocks   Avg. # of input clocks and pins used   Avg. # of output pins used
----------   --------   ------------------------------------   --------------------------
     EMPTY          0                                      0                            0   
        io         74                               0.486486                     0.513514   
       clb        112                                25.4196                      8.98214   
   dsp_top          0                                      0                            0   
    memory          0                                      0                            0   
Absorbed logical nets 1698 out of 2742 nets, 1044 nets not absorbed.
#### Load packing
##### Loading packed FPGA netlist file.
Netlist generated from file '/inspire/hdd/project/project-public/changshunjie-253114010247/changshunjie-253114010247/workspace/DAC2027/TailCompile/vtr_work/tailcompile_v3/sha/4x4/gnn_candidate-fpb380e0db-flat-recon-annealer-seed11-w80-devw14/sha.locked-input.net'.
Detected 2 constant generators (to see names run with higher pack verbosity)
##### Loading packed FPGA netlist file. took 0.18 seconds (max_rss 62.8 MiB, delta_rss +6.7 MiB)
Warning 9: Treated 2 constant nets as global which will not be routed (to see net names increase packer verbosity).
Netlist contains 33 global net to non-global architecture pin connections
Completed clustering consistency check successfully.
Cluster level netlist and block usage statistics
Netlist num_nets: 1044
Netlist num_blocks: 186
Netlist EMPTY blocks: 0.
Netlist io blocks: 74.
Netlist clb blocks: 112.
Netlist dsp_top blocks: 0.
Netlist memory blocks: 0.
Netlist inputs pins: 38
Netlist output pins: 36

Pb types usage...
  io               : 74
   inpad           : 38
   outpad          : 36
  clb              : 112
   lab             : 112
    fle            : 1086
     ble5          : 882
      flut5        : 573
       lut5        : 573
        lut        : 573
       ff          : 353
      arithmetic   : 309
       adder       : 309
     ble6          : 642
      lut6         : 642
       lut         : 642
      ff           : 540

#### Load packing took 0.26 seconds (max_rss 97.7 MiB, delta_rss +41.7 MiB)
Netlist contains 33 global net to non-global architecture pin connections
Cluster level netlist and block usage statistics
Netlist num_nets: 1044
Netlist num_blocks: 186
Netlist EMPTY blocks: 0.
Netlist io blocks: 74.
Netlist clb blocks: 112.
Netlist dsp_top blocks: 0.
Netlist memory blocks: 0.
Netlist inputs pins: 38
Netlist output pins: 36
### Creating Clusters took 2.47 seconds (max_rss 97.7 MiB, delta_rss +51.5 MiB)
Completed clustering consistency check successfully.
FPGA sized to 14 x 14: 196 grid tiles (auto)
### Compressed grid construction
### Compressed grid construction took 0.00 seconds (max_rss 97.7 MiB, delta_rss +0.0 MiB)
### Initial Placement
Placing clusters that are part of larger macros...
Number of blocks to be placed: 18
Max distance on device: 28
---- ---------- ---------- -------------
Pass Max Displ. Num Blocks Num Blocks   
     Threshold  Placed     Left Unplaced
---- ---------- ---------- -------------
   0          0          8            10
   1          1          8             2
   2          2          2             0

Placing general clusters...
Number of blocks to be placed: 168
Max distance on device: 28
---- ---------- ---------- -------------
Pass Max Displ. Num Blocks Num Blocks   
     Threshold  Placed     Left Unplaced
---- ---------- ---------- -------------
   0          0        158            10
   1          1          3             7
   2          2          2             5
   3          4          3             2
   4          8          1             1
   5         16          1             0

### Initial Placement took 0.00 seconds (max_rss 97.7 MiB, delta_rss +0.0 MiB)
Flat Placement Reconstruction Info:
	Percent of clusters with reconstruction errors: 0.537634
	Total displacement of initial placement from flat placement: 1702.000000
	Average atom displacement of initial placement from flat placement: 0.683260
	Max atom displacement of initial placement from flat placement: 12.000000
	Percent of atoms misplaced from the flat placement: 20.634283
## AP Full Legalizer took 2.47 seconds (max_rss 97.7 MiB, delta_rss +51.5 MiB)

Resource usage...
	Netlist
		74	blocks of type: io
	Architecture
		384	blocks of type: io
	Netlist
		112	blocks of type: clb
	Architecture
		120	blocks of type: clb
	Netlist
		0	blocks of type: dsp_top
	Architecture
		3	blocks of type: dsp_top
	Netlist
		0	blocks of type: memory
	Architecture
		6	blocks of type: memory

Device Utilization: 0.62 (target 1.00)
	Physical Tile io:
	Block Utilization: 0.19 Logical Block: io
	Physical Tile clb:
	Block Utilization: 0.93 Logical Block: clb
	Physical Tile dsp_top:
	Block Utilization: 0.00 Logical Block: dsp_top
	Physical Tile memory:
	Block Utilization: 0.00 Logical Block: memory

## Computing placement delta delay look-up
RR graph channel widths unchanged, skipping RR graph rebuild
Serial Connection Router is being destroyed. Time spent on path search: 0.000 seconds.
## Computing placement delta delay look-up took 0.00 seconds (max_rss 97.7 MiB, delta_rss +0.0 MiB)
Using simple RL 'Softmax agent' for choosing move and block types

Completed placement consistency check successfully.
Initial placement cost: 1 bb_cost: 144.586 td_cost: 6.5973e-07
Initial placement BB estimate of wirelength: 11545.5
Initial placement estimated Critical Path Delay (CPD): 10.356 ns
Initial placement estimated setup Total Negative Slack (sTNS): -2939.54 ns
Initial placement estimated setup Worst Negative Slack (sWNS): -10.356 ns

Initial placement estimated setup slack histogram:
[   -1e-08: -9.4e-09)  21 (  2.3%) |**
[ -9.4e-09: -8.4e-09)  11 (  1.2%) |*
[ -8.4e-09: -7.5e-09)   0 (  0.0%) |
[ -7.5e-09: -6.5e-09)   0 (  0.0%) |
[ -6.5e-09: -5.5e-09)   0 (  0.0%) |
[ -5.5e-09: -4.6e-09)   1 (  0.1%) |
[ -4.6e-09: -3.6e-09) 127 ( 13.7%) |**********
[ -3.6e-09: -2.6e-09) 618 ( 66.5%) |***********************************************
[ -2.6e-09: -1.7e-09) 101 ( 10.9%) |********
[ -1.7e-09:   -7e-10)  50 (  5.4%) |****
Placement contains 9 placement macros involving 18 blocks (average macro size 2.000000)

Moves per temperature: 530
## AP Detailed Placer

---- ------ ------- ------- ---------- ---------- ------- ---------- -------- ------- ------- ------ -------- --------- ------
Tnum  Time     T    AvCost  Av BB Cost Av TD Cost   CPD      sTNS      sWNS   AcRate  StdDev  R lim  CritExp  TotMoves  Alpha 
     (sec)                                          (ns)     (ns)      (ns)                                                   
---- ------ ------- ------- ---------- ---------- ------- ---------- -------- ------- ------- ------ -------- --------- ------
   1    0.0 4.3e-03   1.044     138.80 6.3152e-07  10.310  -3.02e+03  -10.310   0.704  0.0215   13.0     1.00        530  1.000
   2    0.0 4.1e-03   1.006     142.97 6.3995e-07  10.413  -3.08e+03  -10.413   0.732  0.0051   13.0     1.00       1060  0.950
   3    0.0 3.9e-03   1.008     143.50 6.3364e-07  10.776  -3.11e+03  -10.776   0.725  0.0109   13.0     1.00       1590  0.950
   4    0.0 3.7e-03   1.003     142.15 6.2471e-07  11.140  -3.32e+03  -11.140   0.709  0.0120   13.0     1.00       2120  0.950
   5    0.0 3.5e-03   0.959     139.42 6.3697e-07  10.908   -3.2e+03  -10.908   0.702  0.0197   13.0     1.00       2650  0.950
   6    0.0 3.3e-03   1.011     137.49 6.5271e-07   9.855  -3.07e+03   -9.855   0.675  0.0127   13.0     1.00       3180  0.950
   7    0.0 3.2e-03   0.998     140.03 6.5073e-07  10.594  -3.26e+03  -10.594   0.719  0.0086   13.0     1.00       3710  0.950
   8    0.0 3.0e-03   0.968     135.92 6.4768e-07  10.590  -3.35e+03  -10.590   0.630  0.0156   13.0     1.00       4240  0.950
   9    0.0 2.9e-03   1.004     136.03 6.6443e-07   9.680  -3.01e+03   -9.680   0.645  0.0059   13.0     1.00       4770  0.950
  10    0.0 2.7e-03   0.988     134.61 6.3831e-07  10.330  -3.17e+03  -10.330   0.660  0.0099   13.0     1.00       5300  0.950
  11    0.0 2.6e-03   1.011     131.78 6.2987e-07  10.170  -3.01e+03  -10.170   0.643  0.0063   13.0     1.00       5830  0.950
  12    0.0 2.5e-03   0.988     132.69 6.2814e-07  10.038  -2.96e+03  -10.038   0.628  0.0106   13.0     1.00       6360  0.950
  13    0.0 2.3e-03   0.995     129.23 6.4496e-07  10.073  -3.28e+03  -10.073   0.606  0.0043   13.0     1.00       6890  0.950
  14    0.0 2.2e-03   0.986     126.28 6.383e-07    9.862  -3.06e+03   -9.862   0.583  0.0083   13.0     1.00       7420  0.950
  15    0.0 2.1e-03   1.001     126.78 6.5367e-07   9.603  -3.13e+03   -9.603   0.604  0.0039   13.0     1.00       7950  0.950
  16    0.0 2.0e-03   0.992     125.92 6.2788e-07  10.154   -3.3e+03  -10.154   0.600  0.0058   13.0     1.00       8480  0.950
  17    0.0 1.9e-03   1.011     125.47 6.3436e-07   9.994  -3.25e+03   -9.994   0.598  0.0092   13.0     1.00       9010  0.950
  18    0.0 1.8e-03   0.990     121.94 6.228e-07    9.890  -2.95e+03   -9.890   0.585  0.0056   13.0     1.00       9540  0.950
  19    0.0 1.7e-03   0.987     120.71 6.1653e-07  10.151  -3.01e+03  -10.151   0.547  0.0092   13.0     1.00      10070  0.950
  20    0.0 1.6e-03   0.994     118.73 6.2795e-07   9.972  -2.97e+03   -9.972   0.542  0.0077   13.0     1.00      10600  0.950
  21    0.0 1.5e-03   1.011     119.54 6.1825e-07  10.094  -3.06e+03  -10.094   0.583  0.0053   13.0     1.00      11130  0.950
  22    0.0 1.5e-03   0.994     118.04 6.3536e-07   9.824  -3.08e+03   -9.824   0.530  0.0050   13.0     1.00      11660  0.950
  23    0.0 1.4e-03   0.993     118.68 6.3589e-07   9.893  -3.01e+03   -9.893   0.519  0.0027   13.0     1.00      12190  0.950
  24    0.0 1.3e-03   0.997     119.60 6.2616e-07   9.793  -2.96e+03   -9.793   0.511  0.0044   13.0     1.00      12720  0.950
  25    0.0 1.3e-03   0.993     117.14 6.3245e-07   9.608     -3e+03   -9.608   0.551  0.0030   13.0     1.00      13250  0.950
  26    0.0 1.2e-03   0.988     116.95 6.2479e-07   9.556     -3e+03   -9.556   0.515  0.0050   13.0     1.00      13780  0.950
  27    0.0 1.1e-03   0.993     116.90 6.079e-07    9.839  -2.95e+03   -9.839   0.538  0.0043   13.0     1.00      14310  0.950
  28    0.0 1.1e-03   0.995     116.78 6.2526e-07   9.683  -2.95e+03   -9.683   0.517  0.0037   13.0     1.00      14840  0.950
  29    0.0 1.0e-03   0.996     115.22 6.0897e-07  10.048  -3.04e+03  -10.048   0.508  0.0040   13.0     1.00      15370  0.950
  30    0.0 9.8e-04   0.996     112.97 6.1252e-07   9.870  -3.03e+03   -9.870   0.455  0.0024   13.0     1.00      15900  0.950
  31    0.0 9.3e-04   0.997     113.59 6.0738e-07   9.931  -3.04e+03   -9.931   0.468  0.0034   13.0     1.00      16430  0.950
  32    0.0 8.8e-04   0.985     111.70 6.0766e-07   9.901  -3.11e+03   -9.901   0.458  0.0098   13.0     1.00      16960  0.950
  33    0.0 8.4e-04   0.999     109.49 6.0787e-07   9.894  -3.09e+03   -9.894   0.411  0.0019   13.0     1.00      17490  0.950
  34    0.0 7.9e-04   0.995     108.68 4.9176e-07   9.892  -3.01e+03   -9.892   0.409  0.0028   12.6     1.22      18020  0.950
  35    0.0 7.5e-04   0.993     107.95 4.0541e-07   9.919  -3.01e+03   -9.919   0.392  0.0038   12.2     1.44      18550  0.950
  36    0.0 7.2e-04   1.005     108.87 3.2479e-07   9.739  -2.97e+03   -9.739   0.460  0.0036   11.7     1.78      19080  0.950
  37    0.0 6.8e-04   0.992     108.85 3.5985e-07   9.676  -2.99e+03   -9.676   0.419  0.0030   11.9     1.64      19610  0.950
  38    0.0 6.5e-04   0.995     107.61 3.3277e-07   9.624  -3.02e+03   -9.624   0.385  0.0036   11.6     1.79      20140  0.950
  39    0.0 6.1e-04   0.993     106.19 2.6463e-07   9.688     -3e+03   -9.688   0.355  0.0038   11.0     2.16      20670  0.950
  40    0.0 5.8e-04   0.997     106.06 2.0446e-07   9.816  -2.97e+03   -9.816   0.394  0.0016   10.1     2.71      21200  0.950
  41    0.0 5.5e-04   0.995     105.07 1.9996e-07   9.290     -3e+03   -9.290   0.385  0.0030    9.6     2.98      21730  0.950
  42    0.0 5.3e-04   0.999     104.41 1.8251e-07   9.337  -2.96e+03   -9.337   0.366  0.0016    9.1     3.29      22260  0.950
  43    0.0 5.0e-04   0.999     105.00 1.6649e-07   9.337     -3e+03   -9.337   0.385  0.0017    8.4     3.68      22790  0.950
  44    0.0 4.8e-04   0.998     104.68 1.5114e-07   9.568  -2.89e+03   -9.568   0.336  0.0020    7.9     3.95      23320  0.950
  45    0.0 4.5e-04   0.999     104.19 1.466e-07    9.358  -2.88e+03   -9.358   0.347  0.0013    7.1     4.43      23850  0.950
  46    0.0 4.3e-04   0.995     103.04 1.4105e-07   9.345   -2.9e+03   -9.345   0.338  0.0025    6.5     4.82      24380  0.950
  47    0.0 4.1e-04   0.999     102.63 1.3704e-07   9.307  -2.92e+03   -9.307   0.319  0.0020    5.8     5.20      24910  0.950
  48    0.0 3.9e-04   1.006     103.20 1.3202e-07   9.307  -2.91e+03   -9.307   0.291  0.0025    5.1     5.61      25440  0.950
  49    0.0 3.7e-04   0.998     103.34 1.2822e-07   9.307  -2.96e+03   -9.307   0.326  0.0013    4.3     6.06      25970  0.950
  50    0.0 3.5e-04   0.996     101.83 1.2436e-07   9.372  -3.02e+03   -9.372   0.349  0.0029    3.8     6.34      26500  0.950
  51    0.0 3.3e-04   0.997     100.56 1.2408e-07   9.283  -2.96e+03   -9.283   0.332  0.0025    3.5     6.55      27030  0.950
  52    0.0 3.2e-04   0.998      99.80 1.2265e-07   9.283  -2.95e+03   -9.283   0.287  0.0018    3.1     6.77      27560  0.950
  53    0.0 3.0e-04   0.998      99.45 1.2186e-07   9.239  -2.95e+03   -9.239   0.313  0.0020    2.6     7.05      28090  0.950
  54    0.0 2.8e-04   0.999      99.03 1.2146e-07   9.209  -2.95e+03   -9.209   0.302  0.0006    2.3     7.24      28620  0.950
  55    0.0 2.7e-04   0.998      99.06 1.1956e-07   9.239     -3e+03   -9.239   0.347  0.0012    2.0     7.43      29150  0.950
  56    0.0 2.6e-04   0.997      98.71 1.1872e-07   9.243  -2.96e+03   -9.243   0.398  0.0027    1.8     7.53      29680  0.950
  57    0.0 2.4e-04   0.999      97.53 1.1826e-07   9.241  -2.97e+03   -9.241   0.332  0.0012    1.7     7.58      30210  0.950
  58    0.0 2.3e-04   1.000      97.41 1.1564e-07   9.294  -2.94e+03   -9.294   0.328  0.0010    1.5     7.69      30740  0.950
  59    0.0 2.2e-04   0.997      96.40 1.1475e-07   9.343  -3.02e+03   -9.343   0.266  0.0016    1.4     7.79      31270  0.950
  60    0.0 2.1e-04   1.000      96.29 1.1409e-07   9.404  -3.01e+03   -9.404   0.304  0.0008    1.1     7.92      31800  0.950
  61    0.0 2.0e-04   1.000      96.52 1.1373e-07   9.404     -3e+03   -9.404   0.247  0.0006    1.0     8.00      32330  0.950
  62    0.0 1.9e-04   0.999      96.65 1.1544e-07   9.268  -2.99e+03   -9.268   0.302  0.0015    1.0     8.00      32860  0.950
  63    0.0 1.8e-04   1.000      96.53 1.152e-07    9.268  -2.94e+03   -9.268   0.313  0.0010    1.0     8.00      33390  0.950
  64    0.0 1.7e-04   1.000      96.52 1.1442e-07   9.294  -2.98e+03   -9.294   0.247  0.0008    1.0     8.00      33920  0.950
  65    0.0 1.6e-04   0.999      96.34 1.1467e-07   9.294  -2.95e+03   -9.294   0.272  0.0010    1.0     8.00      34450  0.950
  66    0.0 1.5e-04   0.999      96.12 1.1542e-07   9.268  -2.95e+03   -9.268   0.236  0.0009    1.0     8.00      34980  0.950
  67    0.0 1.5e-04   0.999      96.05 1.1523e-07   9.268  -2.94e+03   -9.268   0.223  0.0006    1.0     8.00      35510  0.950
  68    0.0 1.4e-04   0.999      95.67 1.1453e-07   9.294  -2.97e+03   -9.294   0.191  0.0009    1.0     8.00      36040  0.950
  69    0.0 1.3e-04   0.999      95.25 1.1525e-07   9.268  -2.98e+03   -9.268   0.179  0.0006    1.0     8.00      36570  0.950
  70    0.0 1.3e-04   0.999      95.07 1.1509e-07   9.268  -2.93e+03   -9.268   0.153  0.0005    1.0     8.00      37100  0.950
  71    0.0 1.2e-04   1.002      95.43 1.1509e-07   9.268  -2.93e+03   -9.268   0.177  0.0005    1.0     8.00      37630  0.950
  72    0.0 1.1e-04   0.999      95.23 1.1512e-07   9.268  -2.95e+03   -9.268   0.164  0.0005    1.0     8.00      38160  0.950
  73    0.0 1.1e-04   0.999      95.00 1.1525e-07   9.268  -2.96e+03   -9.268   0.181  0.0007    1.0     8.00      38690  0.950
  74    0.0 1.0e-04   1.000      94.92 1.152e-07    9.268  -2.93e+03   -9.268   0.181  0.0003    1.0     8.00      39220  0.950
  75    0.0 9.7e-05   1.000      94.84 1.151e-07    9.268  -2.93e+03   -9.268   0.142  0.0007    1.0     8.00      39750  0.950
Agent's 2nd state: 
  76    0.0 7.8e-05   1.000      94.63 1.151e-07    9.268  -2.93e+03   -9.268   0.134  0.0003    1.0     8.00      40280  0.800
Checkpoint saved: bb_costs=94.6855, TD costs=1.15097e-07, CPD=  9.268 (ns) 
  77    0.0 6.2e-05   1.000      94.62 1.1509e-07   9.268  -2.93e+03   -9.268   0.083  0.0004    1.0     8.00      40810  0.800
  78    0.0 5.0e-05   1.000      94.46 1.151e-07    9.268  -2.93e+03   -9.268   0.064  0.0001    1.0     8.00      41340  0.800
  79    0.0 4.0e-05   1.000      94.42 1.1509e-07   9.268  -2.93e+03   -9.268   0.066  0.0001    1.0     8.00      41870  0.800
  80    0.0 3.2e-05   1.000      94.34 1.1509e-07   9.268  -2.93e+03   -9.268   0.070  0.0002    1.0     8.00      42400  0.800
  81    0.0 2.5e-05   1.000      94.21 1.1508e-07   9.268  -2.93e+03   -9.268   0.051  0.0003    1.0     8.00      42930  0.800
  82    0.0 2.0e-05   1.000      94.14 1.1508e-07   9.268  -2.93e+03   -9.268   0.058  0.0001    1.0     8.00      43460  0.800
  83    0.0 1.6e-05   1.000      94.09 1.1509e-07   9.268  -2.93e+03   -9.268   0.042  0.0001    1.0     8.00      43990  0.800
  84    0.0 1.3e-05   1.000      94.06 1.1509e-07   9.268  -2.93e+03   -9.268   0.042  0.0000    1.0     8.00      44520  0.800
  85    0.0 1.0e-05   1.000      94.03 1.1509e-07   9.268  -2.92e+03   -9.268   0.072  0.0001    1.0     8.00      45050  0.800
  86    0.0 8.3e-06   1.000      94.01 1.1508e-07   9.268  -2.92e+03   -9.268   0.040  0.0001    1.0     8.00      45580  0.800
  87    0.0 6.7e-06   1.000      93.98 1.1509e-07   9.268  -2.92e+03   -9.268   0.043  0.0001    1.0     8.00      46110  0.800
  88    0.0 5.3e-06   1.000      93.97 1.1509e-07   9.268  -2.92e+03   -9.268   0.047  0.0000    1.0     8.00      46640  0.800
  89    0.0 0.0e+00   1.000      93.97 1.1508e-07   9.268  -2.93e+03   -9.268   0.019  0.0000    1.0     8.00      47170  0.800
### Placement Quench took 0.01 seconds (max_rss 99.1 MiB)
post-quench CPD = 9.2684 (ns) 

Completed placement consistency check successfully.

Swaps called: 47356

Aborted Move Reasons:
  duplicate block move to location: 30
  macro move to location illegal: 4
  macro_from swap to location illegal: 377

BB estimate of min-dist (placement) wire length: 7484

Placement estimated critical path delay (least slack): 9.2684 ns, Fmax: 107.894 MHz
Placement estimated critical path skew: -0.04243 ns
Placement estimated setup Worst Negative Slack (sWNS): -9.2684 ns
Placement estimated setup Total Negative Slack (sTNS): -2925.19 ns
Placement estimated setup Worst Skew (sWS): -0.04243 ns

Placement estimated setup slack histogram:
[ -9.3e-09: -8.4e-09)  19 (  2.0%) |**
[ -8.4e-09: -7.6e-09)  13 (  1.4%) |*
[ -7.6e-09: -6.7e-09)   0 (  0.0%) |
[ -6.7e-09: -5.8e-09)   0 (  0.0%) |
[ -5.8e-09:   -5e-09)   0 (  0.0%) |
[   -5e-09: -4.1e-09)   6 (  0.6%) |
[ -4.1e-09: -3.3e-09) 182 ( 19.6%) |**************
[ -3.3e-09: -2.4e-09) 594 ( 63.9%) |***********************************************
[ -2.4e-09: -1.6e-09)  64 (  6.9%) |*****
[ -1.6e-09:   -7e-10)  51 (  5.5%) |****

Placement estimated geomean non-virtual intra-domain period: 9.2684 ns (107.894 MHz)
Placement estimated fanout-weighted geomean non-virtual intra-domain period: 9.2684 ns (107.894 MHz)

Placement cost: 0.999982, bb_cost: 93.9748, td_cost: 1.15086e-07, 

Placement resource usage:
  io  implemented as io : 74
  clb implemented as clb: 112

Placement number of temperatures: 89
Placement total # of swap attempts: 47356
	Swaps accepted: 17501 (37.0 %)
	Swaps rejected: 29152 (61.6 %)
	Swaps aborted:   703 ( 1.5 %)


Placement perturbation distribution by block and move type: 
------------------ ----------------- ---------------- ---------------- --------------- ------------ 
    Block Type         Move Type       (%) of Total      Accepted(%)     Rejected(%)    Aborted(%)
------------------ ----------------- ---------------- ---------------- --------------- ------------ 
io                 Uniform                9.61             63.87           36.13          0.00         
                   Median                 8.85             60.93           33.77          5.30         
                   Centroid               8.91             64.49           35.42          0.09         
                   W. Centroid            9.11             65.72           34.21          0.07         
                   W. Median              0.78             13.48           79.25          7.28         

clb                Uniform                15.22            20.09           78.27          1.64         
                   Median                 14.12            28.66           69.61          1.73         
                   Centroid               13.68            22.71           75.86          1.42         
                   W. Centroid            14.18            23.52           74.93          1.55         
                   W. Median              1.28             2.14            96.22          1.64         
                   Crit. Uniform          2.09             0.40            99.60          0.00         
                   Feasible Region        2.16             0.00            99.32          0.68         


Placement Quench timing analysis took 0.00368198 seconds (0.00332858 STA, 0.000353405 slack) (1 full updates: 1 setup, 0 hold, 0 combined).
Placement Total  timing analysis took 0.37564 seconds (0.337325 STA, 0.0383153 slack) (91 full updates: 91 setup, 0 hold, 0 combined).
update_td_costs: connections 0.00184884 nets 0 sum_nets 0.00124761 total 0.00318349
## AP Detailed Placer took 0.87 seconds (max_rss 99.1 MiB, delta_rss +0.0 MiB)
Incr Slack updates 91 in 0.0104505 sec
Full Max Req/Worst Slack updates 36 in 0.000973699 sec
Incr Max Req/Worst Slack updates 55 in 0.00188212 sec
Incr Criticality updates 29 in 0.00660173 sec
Full Criticality updates 62 in 0.0150937 sec
Incr Slack updates 1 in 9.8092e-05 sec
Full Max Req/Worst Slack updates 1 in 3.3737e-05 sec
Incr Max Req/Worst Slack updates 0 in 0 sec
Incr Criticality updates 0 in 0 sec
Full Criticality updates 1 in 0.0002548 sec
# Analytical Placement took 3.74 seconds (max_rss 99.3 MiB, delta_rss +67.6 MiB)


# Routing
RR graph channel widths unchanged, skipping RR graph rebuild
## Initializing router criticalities
Initial Net Connection Criticality Histogram:
[        0:      0.1) 244 (  8.5%) |*************
[      0.1:      0.2) 819 ( 28.4%) |*********************************************
[      0.2:      0.3) 489 ( 17.0%) |***************************
[      0.3:      0.4) 852 ( 29.6%) |***********************************************
[      0.4:      0.5) 101 (  3.5%) |******
[      0.5:      0.6)  37 (  1.3%) |**
[      0.6:      0.7)  62 (  2.2%) |***
[      0.7:      0.8)  27 (  0.9%) |*
[      0.8:      0.9)  59 (  2.0%) |***
[      0.9:        1) 193 (  6.7%) |***********
## Initializing router criticalities took 0.05 seconds (max_rss 99.3 MiB, delta_rss +0.0 MiB)
---- ------ ------- ---- ------- ------- ------- ----------------- --------------- -------- ---------- ---------- ---------- ---------- --------
Iter   Time    pres  BBs    Heap  Re-Rtd  Re-Rtd Overused RR Nodes      Wirelength      CPD       sTNS       sWNS       hTNS       hWNS Est Succ
      (sec)     fac Updt    push    Nets   Conns                                       (ns)       (ns)       (ns)       (ns)       (ns)     Iter
---- ------ ------- ---- ------- ------- ------- ----------------- --------------- -------- ---------- ---------- ---------- ---------- --------
   1    0.0     0.0    0  104309    1041    2751    1207 ( 3.878%)   11952 (47.9%)    9.454     -2922.     -9.454      0.000      0.000      N/A
   2    0.0     0.5    0  100133     849    2350     918 ( 2.949%)   12043 (48.2%)    9.454     -3001.     -9.454      0.000      0.000      N/A
   3    0.0     0.6    0   95028     733    1866     802 ( 2.577%)   12561 (50.3%)    9.454     -3036.     -9.454      0.000      0.000      N/A
   4    0.0     0.8    0   97829     672    1786     740 ( 2.378%)   12878 (51.6%)    9.454     -3095.     -9.454      0.000      0.000      N/A
   5    0.0     1.1    0  101973     611    1691     649 ( 2.085%)   13185 (52.8%)    9.454     -3094.     -9.454      0.000      0.000      N/A
   6    0.0     1.4    0  102890     548    1551     527 ( 1.693%)   13494 (54.1%)    9.454     -3272.     -9.454      0.000      0.000      N/A
   7    0.0     1.9    0   92346     486    1245     432 ( 1.388%)   13753 (55.1%)    9.454     -3274.     -9.454      0.000      0.000      N/A
   8    0.0     2.4    0   94555     430    1073     365 ( 1.173%)   14042 (56.3%)    9.454     -3463.     -9.454      0.000      0.000      N/A
   9    0.0     3.1    0  100928     399     943     318 ( 1.022%)   14377 (57.6%)    9.454     -3328.     -9.454      0.000      0.000       41
  10    0.0     4.1    0  103038     337     826     257 ( 0.826%)   14832 (59.4%)    9.454     -3386.     -9.454      0.000      0.000       42
  11    0.0     5.3    0  119412     282     676     215 ( 0.691%)   15496 (62.1%)    9.454     -3421.     -9.454      0.000      0.000       41
  12    0.0     6.9    0  130557     254     589     187 ( 0.601%)   15959 (63.9%)    9.454     -3401.     -9.454      0.000      0.000       43
  13    0.0     9.0    0  148820     243     579     168 ( 0.540%)   16329 (65.4%)    9.454     -3377.     -9.454      0.000      0.000       44
  14    0.0    11.6    0   99427     209     454     126 ( 0.405%)   16394 (65.7%)    9.652     -3445.     -9.652      0.000      0.000       43
  15    0.0    15.1    0  147753     184     421     129 ( 0.414%)   16891 (67.7%)    9.652     -3666.     -9.652      0.000      0.000       45
  16    0.0    19.7    0  168187     205     528     121 ( 0.389%)   17039 (68.3%)   10.071     -3864.    -10.071      0.000      0.000       49
  17    0.0    25.6    0  140600     172     397     116 ( 0.373%)   17266 (69.2%)   10.068     -3938.    -10.068      0.000      0.000       53
  18    0.0    33.3    0  191828     181     625     105 ( 0.337%)   17555 (70.3%)   10.173     -4005.    -10.173      0.000      0.000       60
  19    0.0    43.3    0  172387     151     360      99 ( 0.318%)   17874 (71.6%)   10.077     -4017.    -10.077      0.000      0.000       63
  20    0.1    56.2    0  198803     157     383     101 ( 0.325%)   17924 (71.8%)   10.077     -4023.    -10.077      0.000      0.000       73
  21    0.1    73.1    0  247674     149     346      91 ( 0.292%)   18283 (73.2%)   10.715     -4680.    -10.715      0.000      0.000       76
  22    0.1    95.0    0  222379     124     306      78 ( 0.251%)   18420 (73.8%)   11.716     -4727.    -11.716      0.000      0.000       81
  23    0.1   123.5    0  244052     126     461      85 ( 0.273%)   18449 (73.9%)   11.846     -4706.    -11.846      0.000      0.000       86
  24    0.1   160.6    0  251011     117     279      78 ( 0.251%)   18558 (74.4%)   10.077     -4652.    -10.077      0.000      0.000       95
  25    0.1   208.8    0  174360     114     242      60 ( 0.193%)   18562 (74.4%)   11.259     -4674.    -11.259      0.000      0.000       88
  26    0.0   271.4    0  156064     106     246      51 ( 0.164%)   18617 (74.6%)   11.377     -4859.    -11.377      0.000      0.000       85
  27    0.0   352.8    0  127642      90     183      51 ( 0.164%)   18723 (75.0%)   10.692     -4851.    -10.692      0.000      0.000       82
  28    0.1   458.7    0  127375      89     189      52 ( 0.167%)   18811 (75.4%)   11.445     -4863.    -11.445      0.000      0.000       80
  29    0.0   596.3    0  119331      92     193      51 ( 0.164%)   18688 (74.9%)   10.692     -4857.    -10.692      0.000      0.000       81
  30    0.0   775.1    0  135163      91     192      51 ( 0.164%)   18851 (75.5%)   11.514     -4858.    -11.514      0.000      0.000       83
  31    0.0  1000.0    0  121114      89     179      51 ( 0.164%)   18863 (75.6%)   11.514     -4858.    -11.514      0.000      0.000       87
  32    0.0  1000.0    0  118941      83     177      49 ( 0.157%)   19092 (76.5%)   11.146     -4886.    -11.146      0.000      0.000       91
  33    0.0  1000.0    0  105725      86     194      46 ( 0.148%)   19258 (77.2%)   12.894     -4771.    -12.894      0.000      0.000       94
  34    0.0  1000.0    0   93383      86     165      43 ( 0.138%)   19178 (76.8%)   10.692     -4770.    -10.692      0.000      0.000       97
  35    0.0  1000.0    0   62539      74     153      36 ( 0.116%)   19210 (77.0%)   11.315     -4785.    -11.315      0.000      0.000       96
  36    0.0  1000.0    0   81129      70     154      32 ( 0.103%)   19119 (76.6%)   11.315     -4786.    -11.315      0.000      0.000       94
  37    0.0  1000.0    0   57579      65     128      30 ( 0.096%)   19139 (76.7%)   11.315     -4785.    -11.315      0.000      0.000       93
  38    0.0  1000.0    0   67693      64     133      30 ( 0.096%)   19164 (76.8%)   11.315     -4786.    -11.315      0.000      0.000       93
  39    0.0  1000.0    0   68035      66     117      34 ( 0.109%)   19269 (77.2%)   11.523     -4793.    -11.523      0.000      0.000       96
  40    0.0  1000.0    0   93729      72     140      29 ( 0.093%)   19266 (77.2%)   11.523     -4797.    -11.523      0.000      0.000       99
  41    0.0  1000.0    0   53297      58     112      24 ( 0.077%)   19272 (77.2%)   11.523     -4797.    -11.523      0.000      0.000       97
  42    0.0  1000.0    0   60753      53     115      21 ( 0.067%)   19297 (77.3%)   11.523     -4799.    -11.523      0.000      0.000       96
  43    0.0  1000.0    0   59308      52      92      21 ( 0.067%)   19309 (77.4%)   11.523     -4803.    -11.523      0.000      0.000       95
  44    0.0  1000.0    0   82775      55     114      25 ( 0.080%)   19346 (77.5%)   11.523     -4804.    -11.523      0.000      0.000       97
  45    0.0  1000.0    0   83373      57     102      26 ( 0.084%)   19338 (77.5%)   11.523     -4804.    -11.523      0.000      0.000      100
  46    0.0  1000.0    0   80293      63     124      32 ( 0.103%)   19399 (77.7%)   11.566     -4807.    -11.566      0.000      0.000      109
  47    0.0  1000.0    0   60806      65     117      29 ( 0.093%)   19455 (77.9%)   11.566     -4807.    -11.566      0.000      0.000      115
  48    0.0  1000.0    0   69728      60     116      24 ( 0.077%)   19471 (78.0%)   11.566     -4810.    -11.566      0.000      0.000      121
  49    0.0  1000.0    0   74359      58     100      17 ( 0.055%)   19534 (78.3%)   11.566     -4813.    -11.566      0.000      0.000      117
  50    0.0  1000.0    0   73643      53      95      27 ( 0.087%)   19615 (78.6%)   11.566     -4815.    -11.566      0.000      0.000      124
Routing failed.

Failed routing attempt
Total number of overused nodes: 27
Total number of overused nodes is larger than the logging limit (20).
Displaying the first 20 entries.
Routing Failure Diagnostics: Printing Overused Nodes Information
------ ------- ---------- --------- -------- ------------ ------- ------- ------- ------- ------- ------- -------
   No.  NodeId  Occupancy  Capacity  RR Node    Direction    Side     PTC   Block    Xlow    Ylow   Xhigh   Yhigh
                                        type                          NUM    Name                                 
------ ------- ---------- --------- -------- ------------ ------- ------- ------- ------- ------- ------- -------
     0   12190          2         1     IPIN          N/A   RIGHT      17     clb       7       2       7       2
     1   12349          2         1     IPIN          N/A  BOTTOM      26     clb       7       3       7       3
     2   12652          2         1     IPIN          N/A   RIGHT      29     clb       7       5       7       5
     3   14247          2         1     IPIN          N/A     TOP      28     clb       8       3       8       3
     4   15975          2         1     IPIN          N/A  BOTTOM      10     clb       9       2       9       2
     5   16160          2         1     IPIN          N/A   RIGHT      45     clb       9       3       9       3
     6   16293          2         1     IPIN          N/A     TOP      28     clb       9       4       9       4
     7   17760          2         1     IPIN          N/A   RIGHT      49     clb      10       1      10       1
     8   17883          2         1     IPIN          N/A  BOTTOM      22     clb      10       2      10       2
     9   18070          2         1     IPIN          N/A    LEFT      59     clb      10       3      10       3
    10   18331          2         1     IPIN          N/A     TOP      20     clb      10       5      10       5
    11   19759          2         1     IPIN          N/A  BOTTOM       2     clb      11       2      11       2
    12   20073          2         1     IPIN          N/A     TOP      16     clb      11       4      11       4
    13   20259          2         1     IPIN          N/A     TOP      52     clb      11       5      11       5
    14   21683          2         1     IPIN          N/A  BOTTOM      30     clb      12       2      12       2
    15   24272          2         1    CHANX      INC_DIR     N/A      54     clb       3       1       6       1
    16   24334          2         1    CHANX      INC_DIR     N/A      68 dsp_top       6       1       9       1
    17   24410          2         1    CHANX      INC_DIR     N/A       6     clb      11       1      12       1
    18   24970          2         1    CHANX      INC_DIR     N/A      64     clb      10       3      12       3
    19   26027          2         1    CHANX      DEC_DIR     N/A      21     clb       8       7      11       7

Final Net Connection Criticality Histogram:
[        0:      0.1) 450 ( 15.6%) |*******************************************
[      0.1:      0.2) 495 ( 17.2%) |***********************************************
[      0.2:      0.3) 448 ( 15.5%) |*******************************************
[      0.3:      0.4) 432 ( 15.0%) |*****************************************
[      0.4:      0.5) 480 ( 16.6%) |**********************************************
[      0.5:      0.6) 191 (  6.6%) |******************
[      0.6:      0.7)  97 (  3.4%) |*********
[      0.7:      0.8)  56 (  1.9%) |*****
[      0.8:      0.9)  87 (  3.0%) |********
[      0.9:        1) 147 (  5.1%) |**************
Router Stats: total_nets_routed: 10571 total_connections_routed: 26358 total_heap_pushes: 5884056 total_heap_pops: 2315623 
Serial Connection Router is being destroyed. Time spent on path search: 1.122 seconds.
# Routing took 1.73 seconds (max_rss 99.3 MiB, delta_rss +0.0 MiB)
Circuit is unroutable with a channel width factor of 80.
For a detailed report on the RR node overuse information (report_overused_nodes.rpt), specify --generate_rr_node_overuse_report on.
Incr Slack updates 51 in 0.0051412 sec
Full Max Req/Worst Slack updates 9 in 0.000249208 sec
Incr Max Req/Worst Slack updates 42 in 0.00147964 sec
Incr Criticality updates 27 in 0.00593479 sec
Full Criticality updates 24 in 0.00718952 sec

*****************************************************************************************
Warning 10: The following analysis results are for an illegal circuit implementation
*****************************************************************************************
Warning 11: Synchronization between packing and routing results was not applied due to illegal circuit implementation


Average number of bends per net: 2.75120  Maximum # of bends: 53

Number of global nets: 3
Number of routed nets (nonglobal): 1041
Wire length results (in units of 1 clb segments)...
	Total wirelength: 19615, average net length: 18.8425
	Maximum net length: 578

Wire length results in terms of physical segments...
	Total wiring segments used: 5362, average wire segments per net: 5.15082
	Maximum segments used by a net: 142
	Total local nets with reserved CLB opins: 0
Total number of nets absorbed: 9

Routing channel utilization histogram:
[        1:      inf)   0 (  0.0%) |
[      0.9:        1)  66 ( 19.5%) |***************************
[      0.8:      0.9)  93 ( 27.5%) |***************************************
[      0.7:      0.8) 113 ( 33.4%) |***********************************************
[      0.5:      0.6)  31 (  9.2%) |*************
[      0.4:      0.5)   7 (  2.1%) |***
[      0.3:      0.4)   2 (  0.6%) |*
[      0.2:      0.3)   0 (  0.0%) |
[      0.1:      0.2)   0 (  0.0%) |
[        0:      0.1)  26 (  7.7%) |***********
Maximum routing channel utilization:      0.99 at (7,0)

X - Directed channels: layer   y   max occ   ave occ   ave cap
                        ----- ---- -------- -------- --------
                            0    0       79   75.333       80
                            0    1       78   69.583       80
                            0    2       76   68.500       80
                            0    3       77   67.833       80
                            0    4       78   69.833       80
                            0    5       78   67.750       80
                            0    6       77   65.083       80
                            0    7       73   62.417       80
                            0    8       69   61.583       80
                            0    9       65   56.000       80
                            0   10       64   53.750       80
                            0   11       58   49.417       80
                            0   12       74   66.833       80
Y - Directed channels: layer   x   max occ   ave occ   ave cap
                        ----- ---- -------- -------- --------
                            0    0       76   67.917       80
                            0    1       52   46.000       80
                            0    2       63   52.583       80
                            0    3       68   61.417       80
                            0    4       68   61.417       80
                            0    5       66   58.667       80
                            0    6       73   59.833       80
                            0    7       76   63.917       80
                            0    8       74   65.417       80
                            0    9       73   65.500       80
                            0   10       74   63.417       80
                            0   11       72   63.833       80
                            0   12       79   70.750       80

Total existing wires segments: CHANX     12480, CHANY     12480, CHANZ         0, ALL     24960
Total used wires segments:     CHANX     10007, CHANY      9608, CHANZ         0, ALL     19615
Usage percentage:              CHANX     80.2%, CHANY     77.0%, CHANZ      0.0%, ALL     78.6%

Logic area (in minimum width transistor areas, excludes I/Os and empty grid tiles)...
	Total logic block area (Warning, need to add pitch of routing to blocks with height > 3): 4.93594e+06
	Total used logic block area: 3.12536e+06

Routing area (in minimum width transistor areas)...
	Total routing area: 1.20987e+06, per logic tile: 6172.79

Total Number of Wiring Segments by Direction: direction length number
                                              --------- ------ -------
                                                      X      4   3412
                                                      Y      4   3412
                                                      X     16    210
                                                      Y     16    210

X - Directed Wiring Segment usage by length: length utilization
                                             ------ -----------
                                             4       0.749
                                            16       0.757

Y - Directed Wiring Segment usage by length: length utilization
                                             ------ -----------
                                             4       0.738
                                            16       0.605

Segment occupancy by length: Length Occupancy Capacity Utilization
                             ------ --------- -------- -----------
                             L4          5076     6824       0.744
                             L16          286      420       0.681

Segment occupancy by type: name type utilization
                           ---- ---- -----------
                             L4    0       0.744
                            L16    1       0.681

Final hold Worst Negative Slack (hWNS): 0 ns
Final hold Total Negative Slack (hTNS): 0 ns
Final hold Worst Skew (hWS): 0 ns

Final hold slack histogram:
[  1.9e-10:  6.7e-10) 865 ( 93.1%) |***********************************************
[  6.7e-10:  1.1e-09)  37 (  4.0%) |**
[  1.1e-09:  1.6e-09)  15 (  1.6%) |*
[  1.6e-09:  2.1e-09)   7 (  0.8%) |
[  2.1e-09:  2.6e-09)   3 (  0.3%) |
[  2.6e-09:    3e-09)   1 (  0.1%) |
[    3e-09:  3.5e-09)   0 (  0.0%) |
[  3.5e-09:    4e-09)   0 (  0.0%) |
[    4e-09:  4.5e-09)   0 (  0.0%) |
[  4.5e-09:  4.9e-09)   1 (  0.1%) |

Final critical path delay (least slack): 11.5657 ns, Fmax: 86.4622 MHz
Final critical path skew: -0.04243 ns
Final setup Worst Negative Slack (sWNS): -11.5657 ns
Final setup Total Negative Slack (sTNS): -4814.92 ns
Final setup Worst Skew (sWS): -0.04243 ns

Final setup slack histogram:
[ -1.2e-08:   -1e-08)  18 (  1.9%) |**
[   -1e-08: -9.4e-09)   9 (  1.0%) |*
[ -9.4e-09: -8.2e-09)   3 (  0.3%) |
[ -8.2e-09: -7.1e-09)  29 (  3.1%) |****
[ -7.1e-09:   -6e-09) 184 ( 19.8%) |***********************
[   -6e-09: -4.9e-09) 236 ( 25.4%) |******************************
[ -4.9e-09: -3.8e-09) 375 ( 40.4%) |***********************************************
[ -3.8e-09: -2.7e-09)  29 (  3.1%) |****
[ -2.7e-09: -1.6e-09)  15 (  1.6%) |**
[ -1.6e-09: -4.9e-10)  31 (  3.3%) |****

Final geomean non-virtual intra-domain period: 11.5657 ns (86.4622 MHz)
Final fanout-weighted geomean non-virtual intra-domain period: 11.5657 ns (86.4622 MHz)

Incr Slack updates 1 in 9.3642e-05 sec
Full Max Req/Worst Slack updates 1 in 2.7951e-05 sec
Incr Max Req/Worst Slack updates 0 in 0 sec
Incr Criticality updates 0 in 0 sec
Full Criticality updates 1 in 0.000298409 sec
VPR failed to implement circuit
The entire flow of VPR took 5.81 seconds (max_rss 99.3 MiB)

