VPR FPGA Placement and Routing.
Version: 9.0.0-dev+v8.0.0-18248-g40f8d19708
Revision: v8.0.0-18248-g40f8d19708
Compiled: 2026-09-22T03:43:48
Compiler: GNU 13.3.0 on Linux-5.15.0-119-generic x86_64
Build Info: release IPO VTR_ASSERT_LEVEL=2

University of Toronto
verilogtorouting.org
vtr-users@googlegroups.com
This is free open source code under MIT license.

VPR was run with the following command-line:
/inspire/hdd/project/project-public/changshunjie-253114010247/changshunjie-253114010247/workspace/DAC2027/vtr/vtr-verilog-to-routing/vpr/vpr /inspire/hdd/project/project-public/changshunjie-253114010247/changshunjie-253114010247/workspace/DAC2027/vtr/vtr-verilog-to-routing/vtr_flow/arch/COFFE_22nm/k6FracN10LB_mem20K_complexDSP_customSB_22nm.xml /inspire/hdd/project/project-public/changshunjie-253114010247/changshunjie-253114010247/workspace/DAC2027/TailCompile/experiments/vtr/runs/pilot_v1/sha/full-seed1-w300/sha.pre-vpr.blif --analytical_place --route --analysis --ap_full_legalizer flat-recon --ap_detailed_placer annealer --seed 11 --route_chan_width 90 --write_flat_place /inspire/hdd/project/project-public/changshunjie-253114010247/changshunjie-253114010247/workspace/DAC2027/TailCompile/vtr_work/tailcompile_v3/sha/4x4/gnn_candidate-fp88aeb9ab-flat-recon-annealer-seed11-w90-devw14/post_route.fplace --write_legalized_flat_place /inspire/hdd/project/project-public/changshunjie-253114010247/changshunjie-253114010247/workspace/DAC2027/TailCompile/vtr_work/tailcompile_v3/sha/4x4/gnn_candidate-fp88aeb9ab-flat-recon-annealer-seed11-w90-devw14/post_legalizer.fplace --flat_place_verbosity 1 --device_width 14 --net_file /inspire/hdd/project/project-public/changshunjie-253114010247/changshunjie-253114010247/workspace/DAC2027/TailCompile/vtr_work/tailcompile_v3/sha/4x4/gnn_candidate-fp88aeb9ab-flat-recon-annealer-seed11-w90-devw14/sha.locked-input.net --read_flat_place /inspire/hdd/global_user/changshunjie-253114010247/workspace/DAC2027/TailCompile/experiments/vtr/tailcompile_v3/sha/4x4/pools/bootstrap_24/candidate_10_seed12037.fplace

Using up to 1 parallel worker(s)

Architecture file: /inspire/hdd/project/project-public/changshunjie-253114010247/changshunjie-253114010247/workspace/DAC2027/vtr/vtr-verilog-to-routing/vtr_flow/arch/COFFE_22nm/k6FracN10LB_mem20K_complexDSP_customSB_22nm.xml
Circuit name: sha.pre-vpr

# Loading Architecture Description
# Loading Architecture Description took 0.04 seconds (max_rss 18.9 MiB, delta_rss +0.0 MiB)

Timing analysis: ON
Circuit netlist file: /inspire/hdd/project/project-public/changshunjie-253114010247/changshunjie-253114010247/workspace/DAC2027/TailCompile/vtr_work/tailcompile_v3/sha/4x4/gnn_candidate-fp88aeb9ab-flat-recon-annealer-seed11-w90-devw14/sha.locked-input.net
Circuit placement file: sha.pre-vpr.place
Circuit routing file: sha.pre-vpr.route
Circuit SDC file: sha.pre-vpr.sdc
Vpr floorplanning constraints file: not specified

Packer: DISABLED
Placer: DISABLED
Analytical Placer: ENABLED
Router: ENABLED
Analysis: ENABLED

VPR was run with the following options:

netlist_opts.absorb_buffer_luts            : true
netlist_opts.sweep_dangling_primary_ios    : true
netlist_opts.sweep_dangling_nets           : true
netlist_opts.sweep_dangling_blocks         : true
netlist_opts.sweep_constant_primary_outputs: false
netlist_opts.netlist_verbosity             : 1
netlist_opts.const_gen_inference           : COMB_SEQ

AnalyticalPlacerOpts.analytical_solver_type: lp-b2b
AnalyticalPlacerOpts.partial_legalizer_type: bipartitioning
AnalyticalPlacerOpts.full_legalizer_type: flat-recon
AnalyticalPlacerOpts.detailed_placer_type: annealer
AnalyticalPlacerOpts.ap_timing_tradeoff: 0.500000
AnalyticalPlacerOpts.ap_high_fanout_threshold: 256
AnalyticalPlacerOpts.log_verbosity: 1
router_opts.route_type: DETAILED
router_opts.flat_routing: false
router_opts.choke_points: on
router_opts.router_algorithm: TIMING_DRIVEN
router_opts.base_cost_type: DELAY_NORMALIZED_LENGTH
router_opts.fixed_channel_width: 90
router_opts.check_route: FULL
router_opts.acc_fac: 1.000000
router_opts.bb_factor: 3
router_opts.bend_cost: 0.000000
router_opts.first_iter_pres_fac: 0.000000
router_opts.initial_pres_fac: 0.500000
router_opts.pres_fac_mult: 1.300000
router_opts.max_pres_fac: 1000.000000
router_opts.max_router_iterations: 50
router_opts.min_incremental_reroute_fanout: 16
router_opts.initial_acc_cost_chan_congestion_threshold: 0.500000
router_opts.initial_acc_cost_chan_congestion_weight: 0.500000
router_opts.do_check_rr_graph: true
router_opts.verify_binary_search: false
router_opts.min_channel_width_hint: 0
router_opts.read_rr_edge_metadata: false
router_opts.exit_after_first_routing_iteration: false
router_opts.astar_fac: 1.200000
router_opts.astar_offset: 0.000000
router_opts.router_profiler_astar_fac: 1.200000
router_opts.enable_parallel_connection_router: false
router_opts.post_target_prune_fac: 1.200000
router_opts.post_target_prune_offset: 0
router_opts.multi_queue_num_threads: 1
router_opts.multi_queue_num_queues: 2
router_opts.multi_queue_direct_draining: false
router_opts.criticality_exp: 1.000000
router_opts.max_criticality: 0.990000
router_opts.init_wirelength_abort_threshold: 0.850000
router_opts.incr_reroute_delay_ripup: AUTO
router_opts.save_routing_per_iteration: false
router_opts.congested_routing_iteration_threshold_frac: 1.000000
router_opts.high_fanout_threshold: 64
router_opts.router_debug_net: -2
router_opts.router_debug_sink_rr: -2
router_opts.router_debug_iteration: -2
router_opts.max_convergence_count: 1
router_opts.reconvergence_cpd_threshold: 0.990000
router_opts.update_lower_bound_delays: true
router_opts.first_iteration_timing_report_file: 
router_opts.route_bb_update: DYNAMIC
router_opts.lookahead_type: MAP
router_opts.initial_timing: LOOKAHEAD
router_opts.router_heap: FOUR_ARY_HEAP
router_opts.routing_failure_predictor = SAFE
router_opts.routing_predictor_min_history: 8
router_opts.routing_budgets_algorithm = DISABLE

analysis_opts.gen_post_synthesis_netlist: false
analysis_opts.gen_post_implementation_merged_netlist: false
analysis_opts.gen_post_implementation_sdc: false
analysis_opts.timing_report_npaths: 100
analysis_opts.timing_report_skew: false
analysis_opts.echo_dot_timing_graph_node: -1
analysis_opts.timing_report_detail: NETLIST
analysis_opts.post_synth_netlist_unconn_input_handling: UNCONNECTED
analysis_opts.post_synth_netlist_unconn_output_handling: UNCONNECTED
analysis_opts.post_synth_netlist_module_parameters: on

# Building complex block graph
# Building complex block graph took 0.10 seconds (max_rss 24.6 MiB, delta_rss +5.7 MiB)
Circuit file: /inspire/hdd/project/project-public/changshunjie-253114010247/changshunjie-253114010247/workspace/DAC2027/TailCompile/experiments/vtr/runs/pilot_v1/sha/full-seed1-w300/sha.pre-vpr.blif
# Load circuit
Found 3 constant generator(s) in the netlist (2 constant-zero, 1 constant-one) (run with --netlist_verbosity 2 to list names)
# Load circuit took 0.02 seconds (max_rss 28.3 MiB, delta_rss +3.7 MiB)
# Clean circuit
Absorbed 0 LUT buffers
Found 22 primitive output pin(s) driven only by constants; marked them as constants
Swept input(s)      : 0
Swept output(s)     : 0 (0 dangling, 0 constant)
Swept net(s)        : 22
Swept block(s)      : 0
Constant Pins Marked: 22
# Clean circuit took 0.00 seconds (max_rss 28.3 MiB, delta_rss +0.0 MiB)
# Compress circuit
# Compress circuit took 0.00 seconds (max_rss 28.3 MiB, delta_rss +0.0 MiB)
# Verify circuit
# Verify circuit took 0.00 seconds (max_rss 28.3 MiB, delta_rss +0.0 MiB)
Circuit Statistics:
  Blocks: 2491
    .input :      38
    .latch :     893
    .names :    1215
        0-LUT:       2
        1-LUT:       1
        2-LUT:      63
        3-LUT:     106
        4-LUT:      88
        5-LUT:     314
        6-LUT:     641
    .output:      36
    adder  :     309
  Nets  : 2742
    Avg Fanout:     3.3
    Max Fanout:   893.0
    Min Fanout:     1.0
  Netlist Clocks: 1
# Build Timing Graph
  Timing Graph Nodes: 11695
  Timing Graph Edges: 18725
  Timing Graph Levels: 84
# Build Timing Graph took 0.01 seconds (max_rss 31.7 MiB, delta_rss +3.1 MiB)
Netlist contains 1 clocks
  Netlist Clock 'clk_i' Fanout: 893 pins (7.6%), 893 blocks (35.8%)
# Load Timing Constraints

SDC file 'sha.pre-vpr.sdc' not found
Setting default timing constraints:
   * constrain all primary inputs and primary outputs on netlist clock 'clk_i'
   * optimize netlist clock to run as fast as possible
Timing constraints created 1 clocks
  Constrained Clock 'clk_i' Source: 'clk_i.inpad[0]'

# Load Timing Constraints took 0.00 seconds (max_rss 31.7 MiB, delta_rss +0.0 MiB)
# Analytical Placement
## Prepacker

There is one chain in this architecture called "chain" with the following starting points:
	clb[0]/lab[0]/fle[0]/ble5[0]/arithmetic[0]/adder[0].cin[0]

## Prepacker took 0.00 seconds (max_rss 32.0 MiB, delta_rss +0.3 MiB)
## Initializing Pre-Cluster Timing
Using inter-cluster delay: 2.1832e-09
## Initializing Pre-Cluster Timing took 0.19 seconds (max_rss 32.6 MiB, delta_rss +0.6 MiB)
## Estimate Device Size
Device layout 'auto' with fixed width 14.
FPGA sized to 14 x 14: 196 grid tiles (auto)
## Estimate Device Size took 0.00 seconds (max_rss 32.6 MiB, delta_rss +0.0 MiB)
## Ram Mapper
Flat Placement is provided, skipping the RAM mapping.
## Ram Mapper took 0.00 seconds (max_rss 32.6 MiB, delta_rss +0.0 MiB)
## Read Atom Netlist to AP Netlist
## Read Atom Netlist to AP Netlist took 0.01 seconds (max_rss 36.4 MiB, delta_rss +3.8 MiB)
Analytical Placement Netlist Statistics:
	AP Blocks: 1315
		Moveable AP Blocks: 1315
		Fixed AP Blocks: 0
	AP Nets: 1563
		Average Fanout: 4.51
		Highest Fanout: 194
	AP Pins: 11695

## Computing placement delta delay look-up
### Build routing resource graph
### Build routing resource graph took 0.10 seconds (max_rss 46.0 MiB, delta_rss +9.5 MiB)
  RR Graph Nodes: 32024
  RR Graph Edges: 208292
### Computing router lookahead map
#### Computing wire lookahead
#### Computing wire lookahead took 0.03 seconds (max_rss 46.5 MiB, delta_rss +0.0 MiB)
#### Computing src/opin lookahead
Warning 1: Found no more sample locations for SOURCE in io
Warning 2: Found no more sample locations for OPIN in io
Warning 3: Found no more sample locations for SOURCE in clb
Warning 4: Found no more sample locations for OPIN in clb
Warning 5: Found no more sample locations for SOURCE in dsp_top
Warning 6: Found no more sample locations for OPIN in dsp_top
Warning 7: Found no more sample locations for SOURCE in memory
Warning 8: Found no more sample locations for OPIN in memory
#### Computing src/opin lookahead took 0.00 seconds (max_rss 46.7 MiB, delta_rss +0.3 MiB)
### Computing router lookahead map took 0.04 seconds (max_rss 46.7 MiB, delta_rss +0.3 MiB)
Serial Connection Router is being destroyed. Time spent on path search: 0.000 seconds.
## Computing placement delta delay look-up took 0.14 seconds (max_rss 46.7 MiB, delta_rss +10.3 MiB)
Flat Placement is provided in the AP flow, skipping the Global Placement.
0 of 1315 molecules placed at device center (no atoms of these molecules found in flat placement).
## AP Full Legalizer
### Creating Clusters
Device (width, height): (14,14)
#### Sorting and Grouping Blocks by Tile
#### Sorting and Grouping Blocks by Tile took 0.00 seconds (max_rss 46.7 MiB, delta_rss +0.0 MiB)
#### Reconstruction Pass Clustering
#### Reconstruction Pass Clustering took 2.10 seconds (max_rss 50.3 MiB, delta_rss +3.6 MiB)
#### Orphan Window Clustering with search radius 8
#### Orphan Window Clustering with search radius 8 took 0.01 seconds (max_rss 50.3 MiB, delta_rss +0.0 MiB)
FPGA sized to 14 x 14: 196 grid tiles (auto)
Device Utilization: 0.62 (target 1.00)
	Block Utilization: 0.19 Type: io
	Block Utilization: 0.93 Type: clb

----------------------------------------------------------------
                       Clustering Summary                       
----------------------------------------------------------------
Clusters created (Self Clustering)                       : 185
    clb        : 111
    io         : 74
Clusters created (Orphan Window Clustering)              : 1
    clb        : 1
Total clusters                                           : 186
Percent of clusters created in Orphan Window Clustering  : 0.54%
Molecules clustered in each stage breakdown  : (Total of 1315)
	Self Clustering          (0.996958)  : 1311
 	Neighbor Clustering      (0.000000)  : 0
	Orphan Window Clustering (0.003042)  : 4
----------------------------------------------------------------

Final Clustering Statistics: 
----------   --------   ------------------------------------   --------------------------
Block Type   # Blocks   Avg. # of input clocks and pins used   Avg. # of output pins used
----------   --------   ------------------------------------   --------------------------
     EMPTY          0                                      0                            0   
        io         74                               0.486486                     0.513514   
       clb        112                                25.4196                      8.98214   
   dsp_top          0                                      0                            0   
    memory          0                                      0                            0   
Absorbed logical nets 1698 out of 2742 nets, 1044 nets not absorbed.
#### Load packing
##### Loading packed FPGA netlist file.
Netlist generated from file '/inspire/hdd/project/project-public/changshunjie-253114010247/changshunjie-253114010247/workspace/DAC2027/TailCompile/vtr_work/tailcompile_v3/sha/4x4/gnn_candidate-fp88aeb9ab-flat-recon-annealer-seed11-w90-devw14/sha.locked-input.net'.
Detected 2 constant generators (to see names run with higher pack verbosity)
##### Loading packed FPGA netlist file. took 0.17 seconds (max_rss 63.0 MiB, delta_rss +6.4 MiB)
Warning 9: Treated 2 constant nets as global which will not be routed (to see net names increase packer verbosity).
Netlist contains 33 global net to non-global architecture pin connections
Completed clustering consistency check successfully.
Cluster level netlist and block usage statistics
Netlist num_nets: 1044
Netlist num_blocks: 186
Netlist EMPTY blocks: 0.
Netlist io blocks: 74.
Netlist clb blocks: 112.
Netlist dsp_top blocks: 0.
Netlist memory blocks: 0.
Netlist inputs pins: 38
Netlist output pins: 36

Pb types usage...
  io               : 74
   inpad           : 38
   outpad          : 36
  clb              : 112
   lab             : 112
    fle            : 1086
     ble5          : 882
      flut5        : 573
       lut5        : 573
        lut        : 573
       ff          : 353
      arithmetic   : 309
       adder       : 309
     ble6          : 642
      lut6         : 642
       lut         : 642
      ff           : 540

#### Load packing took 0.25 seconds (max_rss 98.0 MiB, delta_rss +41.4 MiB)
Netlist contains 33 global net to non-global architecture pin connections
Cluster level netlist and block usage statistics
Netlist num_nets: 1044
Netlist num_blocks: 186
Netlist EMPTY blocks: 0.
Netlist io blocks: 74.
Netlist clb blocks: 112.
Netlist dsp_top blocks: 0.
Netlist memory blocks: 0.
Netlist inputs pins: 38
Netlist output pins: 36
### Creating Clusters took 2.46 seconds (max_rss 98.0 MiB, delta_rss +51.2 MiB)
Completed clustering consistency check successfully.
FPGA sized to 14 x 14: 196 grid tiles (auto)
### Compressed grid construction
### Compressed grid construction took 0.00 seconds (max_rss 98.0 MiB, delta_rss +0.0 MiB)
### Initial Placement
Placing clusters that are part of larger macros...
Number of blocks to be placed: 18
Max distance on device: 28
---- ---------- ---------- -------------
Pass Max Displ. Num Blocks Num Blocks   
     Threshold  Placed     Left Unplaced
---- ---------- ---------- -------------
   0          0         10             8
   1          1          8             0

Placing general clusters...
Number of blocks to be placed: 168
Max distance on device: 28
---- ---------- ---------- -------------
Pass Max Displ. Num Blocks Num Blocks   
     Threshold  Placed     Left Unplaced
---- ---------- ---------- -------------
   0          0        159             9
   1          1          3             6
   2          2          0             6
   3          4          3             3
   4          8          2             1
   5         16          1             0

### Initial Placement took 0.00 seconds (max_rss 98.0 MiB, delta_rss +0.0 MiB)
Flat Placement Reconstruction Info:
	Percent of clusters with reconstruction errors: 0.537634
	Total displacement of initial placement from flat placement: 1556.000000
	Average atom displacement of initial placement from flat placement: 0.624649
	Max atom displacement of initial placement from flat placement: 13.000000
	Percent of atoms misplaced from the flat placement: 18.988358
## AP Full Legalizer took 2.47 seconds (max_rss 98.0 MiB, delta_rss +51.2 MiB)

Resource usage...
	Netlist
		74	blocks of type: io
	Architecture
		384	blocks of type: io
	Netlist
		112	blocks of type: clb
	Architecture
		120	blocks of type: clb
	Netlist
		0	blocks of type: dsp_top
	Architecture
		3	blocks of type: dsp_top
	Netlist
		0	blocks of type: memory
	Architecture
		6	blocks of type: memory

Device Utilization: 0.62 (target 1.00)
	Physical Tile io:
	Block Utilization: 0.19 Logical Block: io
	Physical Tile clb:
	Block Utilization: 0.93 Logical Block: clb
	Physical Tile dsp_top:
	Block Utilization: 0.00 Logical Block: dsp_top
	Physical Tile memory:
	Block Utilization: 0.00 Logical Block: memory

## Computing placement delta delay look-up
RR graph channel widths unchanged, skipping RR graph rebuild
Serial Connection Router is being destroyed. Time spent on path search: 0.000 seconds.
## Computing placement delta delay look-up took 0.00 seconds (max_rss 98.0 MiB, delta_rss +0.0 MiB)
Using simple RL 'Softmax agent' for choosing move and block types

Completed placement consistency check successfully.
Initial placement cost: 1 bb_cost: 123.33 td_cost: 6.52811e-07
Initial placement BB estimate of wirelength: 11076.2
Initial placement estimated Critical Path Delay (CPD): 10.8367 ns
Initial placement estimated setup Total Negative Slack (sTNS): -3036.9 ns
Initial placement estimated setup Worst Negative Slack (sWNS): -10.8367 ns

Initial placement estimated setup slack histogram:
[ -1.1e-08: -9.8e-09)  11 (  1.2%) |*
[ -9.8e-09: -8.8e-09)  21 (  2.3%) |**
[ -8.8e-09: -7.8e-09)   0 (  0.0%) |
[ -7.8e-09: -6.8e-09)   0 (  0.0%) |
[ -6.8e-09: -5.8e-09)   0 (  0.0%) |
[ -5.8e-09: -4.8e-09)   0 (  0.0%) |
[ -4.8e-09: -3.7e-09) 128 ( 13.8%) |**********
[ -3.7e-09: -2.7e-09) 631 ( 67.9%) |***********************************************
[ -2.7e-09: -1.7e-09)  76 (  8.2%) |******
[ -1.7e-09:   -7e-10)  62 (  6.7%) |*****
Placement contains 9 placement macros involving 18 blocks (average macro size 2.000000)

Moves per temperature: 530
## AP Detailed Placer

---- ------ ------- ------- ---------- ---------- ------- ---------- -------- ------- ------- ------ -------- --------- ------
Tnum  Time     T    AvCost  Av BB Cost Av TD Cost   CPD      sTNS      sWNS   AcRate  StdDev  R lim  CritExp  TotMoves  Alpha 
     (sec)                                          (ns)     (ns)      (ns)                                                   
---- ------ ------- ------- ---------- ---------- ------- ---------- -------- ------- ------- ------ -------- --------- ------
   1    0.0 4.0e-03   1.027     119.99 6.1509e-07  10.837  -2.99e+03  -10.837   0.692  0.0163   13.0     1.00        530  1.000
   2    0.0 3.8e-03   1.017     128.05 6.6086e-07  10.758  -3.24e+03  -10.758   0.747  0.0149   13.0     1.00       1060  0.950
   3    0.0 3.6e-03   0.999     132.69 6.6395e-07  11.204   -3.4e+03  -11.204   0.747  0.0052   13.0     1.00       1590  0.950
   4    0.0 3.4e-03   0.972     127.26 6.4263e-07  11.736  -3.55e+03  -11.736   0.702  0.0113   13.0     1.00       2120  0.950
   5    0.0 3.3e-03   0.976     124.57 6.4539e-07  11.335  -3.31e+03  -11.335   0.668  0.0146   13.0     1.00       2650  0.950
   6    0.0 3.1e-03   0.996     122.11 6.6812e-07  10.623  -3.36e+03  -10.623   0.657  0.0114   13.0     1.00       3180  0.950
   7    0.0 2.9e-03   0.985     124.50 6.5952e-07  10.698  -3.21e+03  -10.698   0.655  0.0101   13.0     1.00       3710  0.950
   8    0.0 2.8e-03   0.954     122.54 6.6134e-07  10.805  -3.42e+03  -10.805   0.668  0.0334   13.0     1.00       4240  0.950
   9    0.0 2.7e-03   0.994     114.18 6.462e-07   10.461   -3.2e+03  -10.461   0.617  0.0066   13.0     1.00       4770  0.950
  10    0.0 2.5e-03   0.984     113.56 6.3059e-07  10.606  -3.15e+03  -10.606   0.609  0.0129   13.0     1.00       5300  0.950
  11    0.0 2.4e-03   1.004     113.09 6.4086e-07  10.311  -3.17e+03  -10.311   0.630  0.0117   13.0     1.00       5830  0.950
  12    0.0 2.3e-03   0.978     112.90 6.4244e-07  10.294  -3.19e+03  -10.294   0.598  0.0091   13.0     1.00       6360  0.950
  13    0.0 2.2e-03   0.994     110.93 6.5027e-07   9.888  -3.16e+03   -9.888   0.608  0.0035   13.0     1.00       6890  0.950
  14    0.0 2.1e-03   1.001     112.43 6.5564e-07   9.892  -3.11e+03   -9.892   0.572  0.0060   13.0     1.00       7420  0.950
  15    0.0 2.0e-03   0.998     112.65 6.6285e-07   9.872  -3.19e+03   -9.872   0.566  0.0050   13.0     1.00       7950  0.950
  16    0.0 1.9e-03   0.984     110.06 6.4798e-07   9.732  -2.93e+03   -9.732   0.615  0.0045   13.0     1.00       8480  0.950
  17    0.0 1.8e-03   0.997     110.13 6.4714e-07   9.812  -2.96e+03   -9.812   0.540  0.0047   13.0     1.00       9010  0.950
  18    0.0 1.7e-03   1.001     109.58 6.1827e-07  10.732   -3.2e+03  -10.732   0.558  0.0073   13.0     1.00       9540  0.950
  19    0.0 1.6e-03   0.992     108.18 6.2453e-07  10.257   -3.1e+03  -10.257   0.551  0.0046   13.0     1.00      10070  0.950
  20    0.0 1.5e-03   0.986     106.67 6.43e-07     9.742  -3.06e+03   -9.742   0.553  0.0107   13.0     1.00      10600  0.950
  21    0.0 1.4e-03   1.006     106.32 6.2651e-07   9.950  -3.03e+03   -9.950   0.551  0.0061   13.0     1.00      11130  0.950
  22    0.0 1.4e-03   0.991     105.12 6.2755e-07  10.168  -3.19e+03  -10.168   0.538  0.0045   13.0     1.00      11660  0.950
  23    0.0 1.3e-03   0.999     104.48 6.1968e-07  10.079  -3.07e+03  -10.079   0.532  0.0063   13.0     1.00      12190  0.950
  24    0.0 1.2e-03   0.994     103.12 6.2016e-07   9.990  -3.05e+03   -9.990   0.491  0.0042   13.0     1.00      12720  0.950
  25    0.0 1.2e-03   0.988     102.33 6.1157e-07  10.310   -3.1e+03  -10.310   0.458  0.0037   13.0     1.00      13250  0.950
  26    0.0 1.1e-03   0.996     101.43 6.1869e-07  10.171  -3.11e+03  -10.171   0.502  0.0025   13.0     1.00      13780  0.950
  27    0.0 1.1e-03   0.995     101.43 6.1415e-07  10.035  -2.99e+03  -10.035   0.536  0.0022   13.0     1.00      14310  0.950
  28    0.0 1.0e-03   0.995     101.86 6.147e-07    9.973  -2.93e+03   -9.973   0.491  0.0057   13.0     1.00      14840  0.950
  29    0.0 9.5e-04   0.988     100.41 6.1218e-07   9.972  -2.91e+03   -9.972   0.462  0.0056   13.0     1.00      15370  0.950
  30    0.0 9.0e-04   0.999      99.78 6.0598e-07   9.972  -2.93e+03   -9.972   0.457  0.0033   13.0     1.00      15900  0.950
  31    0.0 8.6e-04   1.002     100.88 6.1085e-07   9.995  -2.95e+03   -9.995   0.477  0.0017   13.0     1.00      16430  0.950
  32    0.0 8.2e-04   0.995     100.59 6.0077e-07  10.172  -2.92e+03  -10.172   0.468  0.0026   13.0     1.00      16960  0.950
  33    0.0 7.8e-04   0.989      98.86 6.1503e-07   9.877  -2.97e+03   -9.877   0.423  0.0047   13.0     1.00      17490  0.950
  34    0.0 7.4e-04   0.997      97.95 5.4311e-07   9.885  -2.94e+03   -9.885   0.430  0.0019   12.8     1.13      18020  0.950
  35    0.0 7.0e-04   0.990      96.82 5.0809e-07   9.812  -2.91e+03   -9.812   0.436  0.0083   12.6     1.20      18550  0.950
  36    0.0 6.6e-04   0.996      94.55 4.8981e-07   9.680  -2.89e+03   -9.680   0.372  0.0020   12.6     1.24      19080  0.950
  37    0.0 6.3e-04   0.996      94.44 3.2926e-07   9.808  -2.89e+03   -9.808   0.398  0.0040   11.7     1.74      19610  0.950
  38    0.0 6.0e-04   1.000      94.18 2.8204e-07   9.604  -2.89e+03   -9.604   0.419  0.0030   11.2     2.02      20140  0.950
  39    0.0 5.7e-04   1.000      93.46 2.6392e-07   9.575  -2.95e+03   -9.575   0.379  0.0017   11.0     2.16      20670  0.950
  40    0.0 5.4e-04   0.998      93.09 2.2068e-07   9.575  -2.88e+03   -9.575   0.351  0.0016   10.3     2.55      21200  0.950
  41    0.0 5.1e-04   0.999      92.86 1.8105e-07   9.711  -2.88e+03   -9.711   0.394  0.0022    9.4     3.09      21730  0.950
  42    0.0 4.9e-04   1.003      92.69 1.7393e-07   9.589  -2.89e+03   -9.589   0.387  0.0028    9.0     3.34      22260  0.950
  43    0.0 4.6e-04   0.997      91.74 1.635e-07    9.608   -2.9e+03   -9.608   0.325  0.0037    8.5     3.62      22790  0.950
  44    0.0 4.4e-04   1.000      90.95 1.4707e-07   9.634  -2.89e+03   -9.634   0.308  0.0015    7.5     4.19      23320  0.950
  45    0.0 4.2e-04   1.001      90.42 1.3791e-07   9.625  -2.94e+03   -9.625   0.296  0.0021    6.5     4.77      23850  0.950
  46    0.0 4.0e-04   0.999      91.01 1.2953e-07   9.625  -2.96e+03   -9.625   0.406  0.0016    5.6     5.32      24380  0.950
  47    0.0 3.8e-04   1.001      90.90 1.2805e-07   9.625  -2.94e+03   -9.625   0.343  0.0009    5.4     5.43      24910  0.950
  48    0.0 3.6e-04   0.995      90.75 1.2437e-07   9.625  -2.95e+03   -9.625   0.330  0.0024    4.9     5.74      25440  0.950
  49    0.0 3.4e-04   0.998      90.76 1.2563e-07   9.392   -2.9e+03   -9.392   0.330  0.0015    4.3     6.05      25970  0.950
  50    0.0 3.2e-04   0.999      90.35 1.239e-07    9.392  -2.93e+03   -9.392   0.334  0.0011    3.9     6.33      26500  0.950
  51    0.0 3.1e-04   0.999      90.23 1.2231e-07   9.392  -2.89e+03   -9.392   0.319  0.0013    3.5     6.57      27030  0.950
  52    0.0 2.9e-04   0.999      90.03 1.2068e-07   9.392   -2.9e+03   -9.392   0.291  0.0011    3.0     6.81      27560  0.950
  53    0.0 2.8e-04   0.997      89.37 1.182e-07    9.422  -2.85e+03   -9.422   0.343  0.0021    2.6     7.08      28090  0.950
  54    0.0 2.6e-04   1.001      88.80 1.1695e-07   9.435  -2.87e+03   -9.435   0.240  0.0010    2.3     7.22      28620  0.950
  55    0.0 2.5e-04   0.997      88.79 1.1597e-07   9.396  -2.89e+03   -9.396   0.349  0.0027    1.9     7.49      29150  0.950
  56    0.0 2.4e-04   1.000      87.95 1.1653e-07   9.396   -2.9e+03   -9.396   0.328  0.0011    1.7     7.59      29680  0.950
  57    0.0 2.3e-04   0.998      88.05 1.1632e-07   9.396  -2.91e+03   -9.396   0.338  0.0012    1.5     7.70      30210  0.950
  58    0.0 2.2e-04   0.996      87.56 1.0998e-07   9.540  -2.94e+03   -9.540   0.306  0.0020    1.4     7.79      30740  0.950
  59    0.0 2.0e-04   1.002      87.38 1.1389e-07   9.392  -2.91e+03   -9.392   0.338  0.0011    1.2     7.90      31270  0.950
  60    0.0 1.9e-04   0.998      87.09 1.1436e-07   9.367  -2.91e+03   -9.367   0.325  0.0009    1.1     7.97      31800  0.950
  61    0.0 1.8e-04   0.997      86.63 1.1381e-07   9.392  -2.91e+03   -9.392   0.279  0.0013    1.0     8.00      32330  0.950
  62    0.0 1.8e-04   0.999      86.54 1.1411e-07   9.367  -2.89e+03   -9.367   0.262  0.0007    1.0     8.00      32860  0.950
  63    0.0 1.7e-04   0.997      85.94 1.1314e-07   9.392  -2.88e+03   -9.392   0.245  0.0010    1.0     8.00      33390  0.950
  64    0.0 1.6e-04   1.000      85.79 1.144e-07    9.358  -2.86e+03   -9.358   0.226  0.0005    1.0     8.00      33920  0.950
  65    0.0 1.5e-04   0.998      85.44 1.1348e-07   9.392  -2.87e+03   -9.392   0.209  0.0007    1.0     8.00      34450  0.950
  66    0.0 1.4e-04   1.001      85.38 1.1458e-07   9.358  -2.86e+03   -9.358   0.234  0.0009    1.0     8.00      34980  0.950
  67    0.0 1.4e-04   1.000      85.35 1.1478e-07   9.358  -2.89e+03   -9.358   0.234  0.0005    1.0     8.00      35510  0.950
  68    0.0 1.3e-04   0.997      84.99 1.1519e-07   9.341  -2.84e+03   -9.341   0.230  0.0009    1.0     8.00      36040  0.950
  69    0.0 1.2e-04   0.998      84.60 1.129e-07    9.444  -2.87e+03   -9.444   0.206  0.0011    1.0     8.00      36570  0.950
  70    0.0 1.2e-04   1.000      84.47 1.1386e-07   9.392  -2.86e+03   -9.392   0.202  0.0006    1.0     8.00      37100  0.950
  71    0.0 1.1e-04   1.000      84.57 1.1375e-07   9.392  -2.85e+03   -9.392   0.192  0.0005    1.0     8.00      37630  0.950
  72    0.0 1.0e-04   0.999      84.29 1.1269e-07   9.444  -2.89e+03   -9.444   0.189  0.0008    1.0     8.00      38160  0.950
  73    0.0 1.0e-04   0.999      83.90 1.1437e-07   9.392  -2.89e+03   -9.392   0.191  0.0004    1.0     8.00      38690  0.950
  74    0.0 9.5e-05   1.000      83.95 1.1295e-07   9.444   -2.9e+03   -9.444   0.181  0.0002    1.0     8.00      39220  0.950
  75    0.0 9.0e-05   1.000      83.90 1.1276e-07   9.444  -2.87e+03   -9.444   0.177  0.0003    1.0     8.00      39750  0.950
  76    0.0 8.5e-05   1.000      83.90 1.1393e-07   9.392  -2.85e+03   -9.392   0.166  0.0003    1.0     8.00      40280  0.950
  77    0.0 8.1e-05   0.999      83.84 1.1388e-07   9.392  -2.87e+03   -9.392   0.162  0.0004    1.0     8.00      40810  0.950
  78    0.0 7.7e-05   1.001      83.84 1.1265e-07   9.444  -2.85e+03   -9.444   0.157  0.0007    1.0     8.00      41340  0.950
  79    0.0 7.3e-05   0.999      83.75 1.1327e-07   9.444  -2.88e+03   -9.444   0.128  0.0005    1.0     8.00      41870  0.950
Agent's 2nd state: 
  80    0.0 5.9e-05   0.999      83.53 1.1269e-07   9.444  -2.85e+03   -9.444   0.117  0.0005    1.0     8.00      42400  0.800
Checkpoint saved: bb_costs=83.504, TD costs=1.12879e-07, CPD=  9.444 (ns) 
  81    0.0 4.7e-05   1.000      83.47 1.1287e-07   9.444  -2.85e+03   -9.444   0.068  0.0002    1.0     8.00      42930  0.800
  82    0.0 3.8e-05   1.000      83.42 1.1286e-07   9.444  -2.85e+03   -9.444   0.074  0.0001    1.0     8.00      43460  0.800
  83    0.0 3.0e-05   1.000      83.32 1.1261e-07   9.444  -2.85e+03   -9.444   0.066  0.0002    1.0     8.00      43990  0.800
  84    0.0 2.4e-05   1.000      83.28 1.126e-07    9.444  -2.85e+03   -9.444   0.057  0.0001    1.0     8.00      44520  0.800
Checkpoint saved: bb_costs=83.2752, TD costs=1.13773e-07, CPD=  9.392 (ns) 
  85    0.0 1.9e-05   1.000      83.25 1.1377e-07   9.392  -2.84e+03   -9.392   0.038  0.0001    1.0     8.00      45050  0.800
  86    0.0 1.5e-05   1.000      83.23 1.1377e-07   9.392  -2.84e+03   -9.392   0.030  0.0000    1.0     8.00      45580  0.800
  87    0.0 1.2e-05   1.000      83.20 1.1377e-07   9.392  -2.84e+03   -9.392   0.036  0.0001    1.0     8.00      46110  0.800
  88    0.0 9.8e-06   1.000      83.18 1.1377e-07   9.392  -2.84e+03   -9.392   0.032  0.0000    1.0     8.00      46640  0.800
  89    0.0 7.9e-06   1.000      83.18 1.1377e-07   9.392  -2.84e+03   -9.392   0.032  0.0000    1.0     8.00      47170  0.800
  90    0.0 6.3e-06   1.000      83.16 1.1377e-07   9.392  -2.84e+03   -9.392   0.021  0.0000    1.0     8.00      47700  0.800
  91    0.0 5.0e-06   1.000      83.16 1.1377e-07   9.392  -2.84e+03   -9.392   0.040  0.0000    1.0     8.00      48230  0.800
  92    0.0 0.0e+00   1.000      83.15 1.1377e-07   9.392  -2.84e+03   -9.392   0.017  0.0000    1.0     8.00      48760  0.800
### Placement Quench took 0.01 seconds (max_rss 99.3 MiB)
post-quench CPD = 9.39249 (ns) 

Completed placement consistency check successfully.

Swaps called: 48946

Aborted Move Reasons:
  duplicate block move to location: 14
  macro_from swap to location illegal: 325

BB estimate of min-dist (placement) wire length: 7461

Placement estimated critical path delay (least slack): 9.39249 ns, Fmax: 106.468 MHz
Placement estimated critical path skew: -0.04243 ns
Placement estimated setup Worst Negative Slack (sWNS): -9.39249 ns
Placement estimated setup Total Negative Slack (sTNS): -2844.67 ns
Placement estimated setup Worst Skew (sWS): -0.04243 ns

Placement estimated setup slack histogram:
[ -9.4e-09: -8.5e-09)  15 (  1.6%) |*
[ -8.5e-09: -7.7e-09)  17 (  1.8%) |*
[ -7.7e-09: -6.8e-09)   0 (  0.0%) |
[ -6.8e-09: -5.9e-09)   0 (  0.0%) |
[ -5.9e-09:   -5e-09)   0 (  0.0%) |
[   -5e-09: -4.2e-09)   4 (  0.4%) |
[ -4.2e-09: -3.3e-09) 130 ( 14.0%) |**********
[ -3.3e-09: -2.4e-09) 625 ( 67.3%) |***********************************************
[ -2.4e-09: -1.6e-09)  88 (  9.5%) |*******
[ -1.6e-09:   -7e-10)  50 (  5.4%) |****

Placement estimated geomean non-virtual intra-domain period: 9.39249 ns (106.468 MHz)
Placement estimated fanout-weighted geomean non-virtual intra-domain period: 9.39249 ns (106.468 MHz)

Placement cost: 0.999924, bb_cost: 83.1477, td_cost: 1.13773e-07, 

Placement resource usage:
  io  implemented as io : 74
  clb implemented as clb: 112

Placement number of temperatures: 92
Placement total # of swap attempts: 48946
	Swaps accepted: 17482 (35.7 %)
	Swaps rejected: 30743 (62.8 %)
	Swaps aborted:   721 ( 1.5 %)


Placement perturbation distribution by block and move type: 
------------------ ----------------- ---------------- ---------------- --------------- ------------ 
    Block Type         Move Type       (%) of Total      Accepted(%)     Rejected(%)    Aborted(%)
------------------ ----------------- ---------------- ---------------- --------------- ------------ 
io                 Uniform                9.80             62.14           37.86          0.00         
                   Median                 8.93             59.80           34.64          5.56         
                   Centroid               9.11             62.81           36.92          0.27         
                   W. Centroid            9.11             63.26           36.61          0.13         
                   W. Median              0.75             13.93           81.15          4.92         

clb                Uniform                15.14            18.46           79.85          1.69         
                   Median                 14.11            26.46           71.23          2.30         
                   Centroid               14.01            21.76           77.28          0.96         
                   W. Centroid            14.25            21.79           77.19          1.02         
                   W. Median              1.13             1.44            95.13          3.43         
                   Crit. Uniform          1.80             0.11            99.89          0.00         
                   Feasible Region        1.88             0.11            99.67          0.22         


Placement Quench timing analysis took 0.00369089 seconds (0.0033478 STA, 0.000343087 slack) (1 full updates: 1 setup, 0 hold, 0 combined).
Placement Total  timing analysis took 0.383858 seconds (0.344256 STA, 0.0396015 slack) (94 full updates: 94 setup, 0 hold, 0 combined).
update_td_costs: connections 0.00210527 nets 0 sum_nets 0.00127622 total 0.00345423
## AP Detailed Placer took 0.88 seconds (max_rss 99.5 MiB, delta_rss +0.3 MiB)
Incr Slack updates 94 in 0.0108388 sec
Full Max Req/Worst Slack updates 41 in 0.00109303 sec
Incr Max Req/Worst Slack updates 53 in 0.00181695 sec
Incr Criticality updates 27 in 0.00621209 sec
Full Criticality updates 67 in 0.0161441 sec
Incr Slack updates 1 in 9.4273e-05 sec
Full Max Req/Worst Slack updates 1 in 3.4302e-05 sec
Incr Max Req/Worst Slack updates 0 in 0 sec
Incr Criticality updates 0 in 0 sec
Full Criticality updates 1 in 0.000251356 sec
# Analytical Placement took 3.77 seconds (max_rss 99.5 MiB, delta_rss +67.9 MiB)


# Routing
RR graph channel widths unchanged, skipping RR graph rebuild
## Initializing router criticalities
Initial Net Connection Criticality Histogram:
[        0:      0.1) 231 (  8.0%) |*************
[      0.1:      0.2) 806 ( 28.0%) |***********************************************
[      0.2:      0.3) 534 ( 18.5%) |*******************************
[      0.3:      0.4) 811 ( 28.1%) |***********************************************
[      0.4:      0.5) 121 (  4.2%) |*******
[      0.5:      0.6)  27 (  0.9%) |**
[      0.6:      0.7)  61 (  2.1%) |****
[      0.7:      0.8)  40 (  1.4%) |**
[      0.8:      0.9)  50 (  1.7%) |***
[      0.9:        1) 202 (  7.0%) |************
## Initializing router criticalities took 0.05 seconds (max_rss 99.5 MiB, delta_rss +0.0 MiB)
---- ------ ------- ---- ------- ------- ------- ----------------- --------------- -------- ---------- ---------- ---------- ---------- --------
Iter   Time    pres  BBs    Heap  Re-Rtd  Re-Rtd Overused RR Nodes      Wirelength      CPD       sTNS       sWNS       hTNS       hWNS Est Succ
      (sec)     fac Updt    push    Nets   Conns                                       (ns)       (ns)       (ns)       (ns)       (ns)     Iter
---- ------ ------- ---- ------- ------- ------- ----------------- --------------- -------- ---------- ---------- ---------- ---------- --------
   1    0.0     0.0    0  104050    1041    2751    1112 ( 3.472%)   11725 (41.8%)    9.057     -2999.     -9.057      0.000      0.000      N/A
   2    0.0     0.5    0   98303     812    2367     870 ( 2.717%)   11741 (41.8%)    9.057     -2909.     -9.057      0.000      0.000      N/A
   3    0.0     0.6    0   89722     681    1856     748 ( 2.336%)   12079 (43.0%)    9.057     -2914.     -9.057      0.000      0.000      N/A
   4    0.0     0.8    0   88517     627    1673     646 ( 2.017%)   12425 (44.2%)    9.057     -2980.     -9.057      0.000      0.000      N/A
   5    0.0     1.1    0   88386     560    1561     515 ( 1.608%)   12709 (45.3%)    9.057     -3008.     -9.057      0.000      0.000      N/A
   6    0.0     1.4    0   81530     470    1304     412 ( 1.287%)   13111 (46.7%)    9.057     -3042.     -9.057      0.000      0.000      N/A
   7    0.0     1.9    0   68849     403    1070     328 ( 1.024%)   13290 (47.3%)    9.057     -3067.     -9.057      0.000      0.000      N/A
   8    0.0     2.4    0   63810     327     833     247 ( 0.771%)   13687 (48.7%)    9.057     -3079.     -9.057      0.000      0.000      N/A
   9    0.0     3.1    0   51830     292     635     186 ( 0.581%)   13952 (49.7%)    9.057     -3108.     -9.057      0.000      0.000       30
  10    0.0     4.1    0   47010     231     548     155 ( 0.484%)   14314 (51.0%)    9.057     -3175.     -9.057      0.000      0.000       30
  11    0.0     5.3    0   41775     191     404     111 ( 0.347%)   14467 (51.5%)    9.061     -3162.     -9.061      0.000      0.000       29
  12    0.0     6.9    0   45265     155     361      93 ( 0.290%)   14804 (52.7%)    9.070     -3185.     -9.070      0.000      0.000       30
  13    0.0     9.0    0   34764     123     276      55 ( 0.172%)   15062 (53.6%)    9.214     -3191.     -9.214      0.000      0.000       28
  14    0.0    11.6    0   21376      80     191      36 ( 0.112%)   15193 (54.1%)    9.214     -3200.     -9.214      0.000      0.000       26
  15    0.0    15.1    0   15063      63     138      31 ( 0.097%)   15376 (54.8%)    9.265     -3217.     -9.265      0.000      0.000       26
  16    0.0    19.7    0   14431      54     118      24 ( 0.075%)   15478 (55.1%)    9.214     -3212.     -9.214      0.000      0.000       26
  17    0.0    25.6    0   14765      46     102      17 ( 0.053%)   15525 (55.3%)    9.278     -3214.     -9.278      0.000      0.000       26
  18    0.0    33.3    0   12535      51     104      20 ( 0.062%)   15635 (55.7%)    9.278     -3276.     -9.278      0.000      0.000       27
  19    0.0    43.3    0   19084      45      85      17 ( 0.053%)   15691 (55.9%)    9.467     -3263.     -9.467      0.000      0.000       29
  20    0.0    56.2    0   14402      40      83      14 ( 0.044%)   15812 (56.3%)    9.835     -3272.     -9.835      0.000      0.000       31
  21    0.0    73.1    0    9591      39      83      10 ( 0.031%)   15953 (56.8%)   10.032     -3274.    -10.032      0.000      0.000       31
  22    0.0    95.0    0    8393      31      74       7 ( 0.022%)   15999 (57.0%)   10.383     -3359.    -10.383      0.000      0.000       31
  23    0.0   123.5    0    4584      23      51       5 ( 0.016%)   16040 (57.1%)   10.148     -3297.    -10.148      0.000      0.000       31
  24    0.0   160.6    0    4745      25      64       3 ( 0.009%)   16097 (57.3%)    9.750     -3359.     -9.750      0.000      0.000       30
  25    0.0   208.8    0    3314      23      48       2 ( 0.006%)   16112 (57.4%)   10.581     -3371.    -10.581      0.000      0.000       29
  26    0.0   271.4    0    6474      19      74       1 ( 0.003%)   16100 (57.3%)   10.165     -3363.    -10.165      0.000      0.000       28
  27    0.0   352.8    0    2793      19      42       2 ( 0.006%)   16147 (57.5%)   10.581     -3368.    -10.581      0.000      0.000       29
  28    0.0   458.7    0    3633      20      44       0 ( 0.000%)   16143 (57.5%)   10.581     -3368.    -10.581      0.000      0.000      N/A
Restoring best routing
Critical path: 10.5812 ns
Successfully routed after 28 routing iterations.
Final Net Connection Criticality Histogram:
[        0:      0.1) 404 ( 14.0%) |******************************
[      0.1:      0.2) 603 ( 20.9%) |********************************************
[      0.2:      0.3) 640 ( 22.2%) |***********************************************
[      0.3:      0.4) 635 ( 22.0%) |***********************************************
[      0.4:      0.5) 176 (  6.1%) |*************
[      0.5:      0.6)  77 (  2.7%) |******
[      0.6:      0.7)  56 (  1.9%) |****
[      0.7:      0.8)  60 (  2.1%) |****
[      0.8:      0.9)  88 (  3.1%) |******
[      0.9:        1) 144 (  5.0%) |***********
Router Stats: total_nets_routed: 6491 total_connections_routed: 16940 total_heap_pushes: 1058994 total_heap_pops: 279653 
Serial Connection Router is being destroyed. Time spent on path search: 0.126 seconds.
# Routing took 0.48 seconds (max_rss 99.5 MiB, delta_rss +0.0 MiB)

Checking to ensure routing is legal...
# Checking to ensure non-configurable edges are legal
# Checking to ensure non-configurable edges are legal took 0.00 seconds (max_rss 99.5 MiB, delta_rss +0.0 MiB)
Completed routing consistency check successfully.

Serial number (magic cookie) for the routing is: -368122593
Circuit successfully routed with a channel width factor of 90.
Incr Slack updates 29 in 0.00293741 sec
Full Max Req/Worst Slack updates 8 in 0.000219126 sec
Incr Max Req/Worst Slack updates 21 in 0.000743058 sec
Incr Criticality updates 12 in 0.00279559 sec
Full Criticality updates 17 in 0.00443543 sec
# Synchronize the packed netlist to routing optimization
## Annotating rr_node with routed nets
## Annotating rr_node with routed nets took 0.00 seconds (max_rss 99.5 MiB, delta_rss +0.0 MiB)
Found 3917 mismatches between routing and packing results.
Fixed 2539 routing traces due to mismatch between routing and packing results.
# Synchronize the packed netlist to routing optimization took 0.02 seconds (max_rss 99.5 MiB, delta_rss +0.0 MiB)
Final Clustering Statistics: 
----------   --------   ------------------------------------   --------------------------
Block Type   # Blocks   Avg. # of input clocks and pins used   Avg. # of output pins used
----------   --------   ------------------------------------   --------------------------
     EMPTY          0                                      0                            0   
        io         74                               0.486486                     0.513514   
       clb        112                                25.4196                      8.98214   
   dsp_top          0                                      0                            0   
    memory          0                                      0                            0   
Absorbed logical nets 1698 out of 2742 nets, 1044 nets not absorbed.


Average number of bends per net: 1.97887  Maximum # of bends: 61

Number of global nets: 3
Number of routed nets (nonglobal): 1041
Wire length results (in units of 1 clb segments)...
	Total wirelength: 16143, average net length: 15.5072
	Maximum net length: 496

Wire length results in terms of physical segments...
	Total wiring segments used: 4417, average wire segments per net: 4.24304
	Maximum segments used by a net: 145
	Total local nets with reserved CLB opins: 0
Total number of nets absorbed: 9

Routing channel utilization histogram:
[        1:      inf)   0 (  0.0%) |
[      0.9:        1)   2 (  0.6%) |*
[      0.8:      0.9)  37 ( 10.9%) |*****************
[      0.7:      0.8) 105 ( 31.1%) |***********************************************
[      0.5:      0.6)  56 ( 16.6%) |*************************
[      0.4:      0.5)  50 ( 14.8%) |**********************
[      0.3:      0.4)  33 (  9.8%) |***************
[      0.2:      0.3)  17 (  5.0%) |********
[      0.1:      0.2)  10 (  3.0%) |****
[        0:      0.1)  28 (  8.3%) |*************
Maximum routing channel utilization:      0.94 at (7,12)

X - Directed channels: layer   y   max occ   ave occ   ave cap
                        ----- ---- -------- -------- --------
                            0    0       54   37.750       90
                            0    1       37   26.667       90
                            0    2       47   35.583       90
                            0    3       50   38.083       90
                            0    4       56   47.583       90
                            0    5       66   53.583       90
                            0    6       69   57.083       90
                            0    7       77   64.833       90
                            0    8       77   67.750       90
                            0    9       77   66.833       90
                            0   10       77   65.917       90
                            0   11       75   61.500       90
                            0   12       85   72.500       90
Y - Directed channels: layer   x   max occ   ave occ   ave cap
                        ----- ---- -------- -------- --------
                            0    0       62   40.333       90
                            0    1       52   33.500       90
                            0    2       60   40.333       90
                            0    3       71   54.917       90
                            0    4       75   53.917       90
                            0    5       62   46.000       90
                            0    6       68   51.333       90
                            0    7       78   61.583       90
                            0    8       73   59.083       90
                            0    9       75   58.917       90
                            0   10       66   52.250       90
                            0   11       50   41.000       90
                            0   12       74   56.417       90

Total existing wires segments: CHANX     14040, CHANY     14040, CHANZ         0, ALL     28080
Total used wires segments:     CHANX      8348, CHANY      7795, CHANZ         0, ALL     16143
Usage percentage:              CHANX     59.5%, CHANY     55.5%, CHANZ      0.0%, ALL     57.5%

Logic area (in minimum width transistor areas, excludes I/Os and empty grid tiles)...
	Total logic block area (Warning, need to add pitch of routing to blocks with height > 3): 4.93594e+06
	Total used logic block area: 3.12536e+06

Routing area (in minimum width transistor areas)...
	Total routing area: 1.30597e+06, per logic tile: 6663.10

Total Number of Wiring Segments by Direction: direction length number
                                              --------- ------ -------
                                                      X      4   3802
                                                      Y      4   3802
                                                      X     16    270
                                                      Y     16    270

X - Directed Wiring Segment usage by length: length utilization
                                             ------ -----------
                                             4       0.579
                                            16        0.23

Y - Directed Wiring Segment usage by length: length utilization
                                             ------ -----------
                                             4       0.553
                                            16       0.189

Segment occupancy by length: Length Occupancy Capacity Utilization
                             ------ --------- -------- -----------
                             L4          4304     7604       0.566
                             L16          113      540       0.209

Segment occupancy by type: name type utilization
                           ---- ---- -----------
                             L4    0       0.566
                            L16    1       0.209

Final hold Worst Negative Slack (hWNS): 0 ns
Final hold Total Negative Slack (hTNS): 0 ns
Final hold Worst Skew (hWS): 0 ns

Final hold slack histogram:
[  1.9e-10:    4e-10) 828 ( 89.1%) |***********************************************
[    4e-10:  6.1e-10)  27 (  2.9%) |**
[  6.1e-10:  8.2e-10)  28 (  3.0%) |**
[  8.2e-10:    1e-09)  18 (  1.9%) |*
[    1e-09:  1.2e-09)  10 (  1.1%) |*
[  1.2e-09:  1.4e-09)   6 (  0.6%) |
[  1.4e-09:  1.6e-09)   6 (  0.6%) |
[  1.6e-09:  1.9e-09)   1 (  0.1%) |
[  1.9e-09:  2.1e-09)   3 (  0.3%) |
[  2.1e-09:  2.3e-09)   2 (  0.2%) |

Final critical path delay (least slack): 10.5812 ns, Fmax: 94.5074 MHz
Final critical path skew: -0.04243 ns
Final setup Worst Negative Slack (sWNS): -10.5812 ns
Final setup Total Negative Slack (sTNS): -3367.88 ns
Final setup Worst Skew (sWS): -0.04243 ns

Final setup slack histogram:
[ -1.1e-08: -9.6e-09)  10 (  1.1%) |*
[ -9.6e-09: -8.6e-09)  14 (  1.5%) |*
[ -8.6e-09: -7.6e-09)   7 (  0.8%) |*
[ -7.6e-09: -6.5e-09)   2 (  0.2%) |
[ -6.5e-09: -5.5e-09)   7 (  0.8%) |*
[ -5.5e-09: -4.5e-09)  27 (  2.9%) |***
[ -4.5e-09: -3.5e-09) 330 ( 35.5%) |*********************************
[ -3.5e-09: -2.5e-09) 469 ( 50.5%) |***********************************************
[ -2.5e-09: -1.5e-09)  25 (  2.7%) |***
[ -1.5e-09: -4.9e-10)  38 (  4.1%) |****

Final geomean non-virtual intra-domain period: 10.5812 ns (94.5074 MHz)
Final fanout-weighted geomean non-virtual intra-domain period: 10.5812 ns (94.5074 MHz)

Incr Slack updates 1 in 9.4217e-05 sec
Full Max Req/Worst Slack updates 1 in 2.7853e-05 sec
Incr Max Req/Worst Slack updates 0 in 0 sec
Incr Criticality updates 0 in 0 sec
Full Criticality updates 1 in 0.000263095 sec
Flow timing analysis took 0.846545 seconds (0.780684 STA, 0.0658606 slack) (125 full updates: 95 setup, 0 hold, 30 combined).
VPR succeeded
The entire flow of VPR took 4.64 seconds (max_rss 99.5 MiB)

