VPR FPGA Placement and Routing.
Version: 9.0.0-dev+v8.0.0-18248-g40f8d19708
Revision: v8.0.0-18248-g40f8d19708
Compiled: 2026-09-22T03:43:48
Compiler: GNU 13.3.0 on Linux-5.15.0-119-generic x86_64
Build Info: release IPO VTR_ASSERT_LEVEL=2

University of Toronto
verilogtorouting.org
vtr-users@googlegroups.com
This is free open source code under MIT license.

VPR was run with the following command-line:
/inspire/hdd/project/project-public/changshunjie-253114010247/changshunjie-253114010247/workspace/DAC2027/vtr/vtr-verilog-to-routing/vpr/vpr /inspire/hdd/project/project-public/changshunjie-253114010247/changshunjie-253114010247/workspace/DAC2027/vtr/vtr-verilog-to-routing/vtr_flow/arch/COFFE_22nm/k6FracN10LB_mem20K_complexDSP_customSB_22nm.xml /inspire/hdd/project/project-public/changshunjie-253114010247/changshunjie-253114010247/workspace/DAC2027/TailCompile/experiments/vtr/runs/pilot_v1/sha/full-seed1-w300/sha.pre-vpr.blif --analytical_place --route --analysis --ap_full_legalizer flat-recon --ap_detailed_placer annealer --seed 11 --route_chan_width 110 --write_flat_place /inspire/hdd/project/project-public/changshunjie-253114010247/changshunjie-253114010247/workspace/DAC2027/TailCompile/vtr_work/tailcompile_v3/sha/4x4/gnn_candidate-fp14432904-flat-recon-annealer-seed11-w110-devw14/post_route.fplace --write_legalized_flat_place /inspire/hdd/project/project-public/changshunjie-253114010247/changshunjie-253114010247/workspace/DAC2027/TailCompile/vtr_work/tailcompile_v3/sha/4x4/gnn_candidate-fp14432904-flat-recon-annealer-seed11-w110-devw14/post_legalizer.fplace --flat_place_verbosity 1 --device_width 14 --net_file /inspire/hdd/project/project-public/changshunjie-253114010247/changshunjie-253114010247/workspace/DAC2027/TailCompile/vtr_work/tailcompile_v3/sha/4x4/gnn_candidate-fp14432904-flat-recon-annealer-seed11-w110-devw14/sha.locked-input.net --read_flat_place /inspire/hdd/global_user/changshunjie-253114010247/workspace/DAC2027/TailCompile/experiments/vtr/tailcompile_v3/sha/4x4/pools/bootstrap_24/candidate_21_seed12048.fplace

Using up to 1 parallel worker(s)

Architecture file: /inspire/hdd/project/project-public/changshunjie-253114010247/changshunjie-253114010247/workspace/DAC2027/vtr/vtr-verilog-to-routing/vtr_flow/arch/COFFE_22nm/k6FracN10LB_mem20K_complexDSP_customSB_22nm.xml
Circuit name: sha.pre-vpr

# Loading Architecture Description
# Loading Architecture Description took 0.04 seconds (max_rss 19.0 MiB, delta_rss +0.0 MiB)

Timing analysis: ON
Circuit netlist file: /inspire/hdd/project/project-public/changshunjie-253114010247/changshunjie-253114010247/workspace/DAC2027/TailCompile/vtr_work/tailcompile_v3/sha/4x4/gnn_candidate-fp14432904-flat-recon-annealer-seed11-w110-devw14/sha.locked-input.net
Circuit placement file: sha.pre-vpr.place
Circuit routing file: sha.pre-vpr.route
Circuit SDC file: sha.pre-vpr.sdc
Vpr floorplanning constraints file: not specified

Packer: DISABLED
Placer: DISABLED
Analytical Placer: ENABLED
Router: ENABLED
Analysis: ENABLED

VPR was run with the following options:

netlist_opts.absorb_buffer_luts            : true
netlist_opts.sweep_dangling_primary_ios    : true
netlist_opts.sweep_dangling_nets           : true
netlist_opts.sweep_dangling_blocks         : true
netlist_opts.sweep_constant_primary_outputs: false
netlist_opts.netlist_verbosity             : 1
netlist_opts.const_gen_inference           : COMB_SEQ

AnalyticalPlacerOpts.analytical_solver_type: lp-b2b
AnalyticalPlacerOpts.partial_legalizer_type: bipartitioning
AnalyticalPlacerOpts.full_legalizer_type: flat-recon
AnalyticalPlacerOpts.detailed_placer_type: annealer
AnalyticalPlacerOpts.ap_timing_tradeoff: 0.500000
AnalyticalPlacerOpts.ap_high_fanout_threshold: 256
AnalyticalPlacerOpts.log_verbosity: 1
router_opts.route_type: DETAILED
router_opts.flat_routing: false
router_opts.choke_points: on
router_opts.router_algorithm: TIMING_DRIVEN
router_opts.base_cost_type: DELAY_NORMALIZED_LENGTH
router_opts.fixed_channel_width: 110
router_opts.check_route: FULL
router_opts.acc_fac: 1.000000
router_opts.bb_factor: 3
router_opts.bend_cost: 0.000000
router_opts.first_iter_pres_fac: 0.000000
router_opts.initial_pres_fac: 0.500000
router_opts.pres_fac_mult: 1.300000
router_opts.max_pres_fac: 1000.000000
router_opts.max_router_iterations: 50
router_opts.min_incremental_reroute_fanout: 16
router_opts.initial_acc_cost_chan_congestion_threshold: 0.500000
router_opts.initial_acc_cost_chan_congestion_weight: 0.500000
router_opts.do_check_rr_graph: true
router_opts.verify_binary_search: false
router_opts.min_channel_width_hint: 0
router_opts.read_rr_edge_metadata: false
router_opts.exit_after_first_routing_iteration: false
router_opts.astar_fac: 1.200000
router_opts.astar_offset: 0.000000
router_opts.router_profiler_astar_fac: 1.200000
router_opts.enable_parallel_connection_router: false
router_opts.post_target_prune_fac: 1.200000
router_opts.post_target_prune_offset: 0
router_opts.multi_queue_num_threads: 1
router_opts.multi_queue_num_queues: 2
router_opts.multi_queue_direct_draining: false
router_opts.criticality_exp: 1.000000
router_opts.max_criticality: 0.990000
router_opts.init_wirelength_abort_threshold: 0.850000
router_opts.incr_reroute_delay_ripup: AUTO
router_opts.save_routing_per_iteration: false
router_opts.congested_routing_iteration_threshold_frac: 1.000000
router_opts.high_fanout_threshold: 64
router_opts.router_debug_net: -2
router_opts.router_debug_sink_rr: -2
router_opts.router_debug_iteration: -2
router_opts.max_convergence_count: 1
router_opts.reconvergence_cpd_threshold: 0.990000
router_opts.update_lower_bound_delays: true
router_opts.first_iteration_timing_report_file: 
router_opts.route_bb_update: DYNAMIC
router_opts.lookahead_type: MAP
router_opts.initial_timing: LOOKAHEAD
router_opts.router_heap: FOUR_ARY_HEAP
router_opts.routing_failure_predictor = SAFE
router_opts.routing_predictor_min_history: 8
router_opts.routing_budgets_algorithm = DISABLE

analysis_opts.gen_post_synthesis_netlist: false
analysis_opts.gen_post_implementation_merged_netlist: false
analysis_opts.gen_post_implementation_sdc: false
analysis_opts.timing_report_npaths: 100
analysis_opts.timing_report_skew: false
analysis_opts.echo_dot_timing_graph_node: -1
analysis_opts.timing_report_detail: NETLIST
analysis_opts.post_synth_netlist_unconn_input_handling: UNCONNECTED
analysis_opts.post_synth_netlist_unconn_output_handling: UNCONNECTED
analysis_opts.post_synth_netlist_module_parameters: on

# Building complex block graph
# Building complex block graph took 0.11 seconds (max_rss 24.6 MiB, delta_rss +5.6 MiB)
Circuit file: /inspire/hdd/project/project-public/changshunjie-253114010247/changshunjie-253114010247/workspace/DAC2027/TailCompile/experiments/vtr/runs/pilot_v1/sha/full-seed1-w300/sha.pre-vpr.blif
# Load circuit
Found 3 constant generator(s) in the netlist (2 constant-zero, 1 constant-one) (run with --netlist_verbosity 2 to list names)
# Load circuit took 0.02 seconds (max_rss 28.3 MiB, delta_rss +3.7 MiB)
# Clean circuit
Absorbed 0 LUT buffers
Found 22 primitive output pin(s) driven only by constants; marked them as constants
Swept input(s)      : 0
Swept output(s)     : 0 (0 dangling, 0 constant)
Swept net(s)        : 22
Swept block(s)      : 0
Constant Pins Marked: 22
# Clean circuit took 0.00 seconds (max_rss 28.3 MiB, delta_rss +0.0 MiB)
# Compress circuit
# Compress circuit took 0.01 seconds (max_rss 28.3 MiB, delta_rss +0.0 MiB)
# Verify circuit
# Verify circuit took 0.00 seconds (max_rss 28.3 MiB, delta_rss +0.0 MiB)
Circuit Statistics:
  Blocks: 2491
    .input :      38
    .latch :     893
    .names :    1215
        0-LUT:       2
        1-LUT:       1
        2-LUT:      63
        3-LUT:     106
        4-LUT:      88
        5-LUT:     314
        6-LUT:     641
    .output:      36
    adder  :     309
  Nets  : 2742
    Avg Fanout:     3.3
    Max Fanout:   893.0
    Min Fanout:     1.0
  Netlist Clocks: 1
# Build Timing Graph
  Timing Graph Nodes: 11695
  Timing Graph Edges: 18725
  Timing Graph Levels: 84
# Build Timing Graph took 0.01 seconds (max_rss 31.6 MiB, delta_rss +3.1 MiB)
Netlist contains 1 clocks
  Netlist Clock 'clk_i' Fanout: 893 pins (7.6%), 893 blocks (35.8%)
# Load Timing Constraints

SDC file 'sha.pre-vpr.sdc' not found
Setting default timing constraints:
   * constrain all primary inputs and primary outputs on netlist clock 'clk_i'
   * optimize netlist clock to run as fast as possible
Timing constraints created 1 clocks
  Constrained Clock 'clk_i' Source: 'clk_i.inpad[0]'

# Load Timing Constraints took 0.00 seconds (max_rss 31.6 MiB, delta_rss +0.0 MiB)
# Analytical Placement
## Prepacker

There is one chain in this architecture called "chain" with the following starting points:
	clb[0]/lab[0]/fle[0]/ble5[0]/arithmetic[0]/adder[0].cin[0]

## Prepacker took 0.00 seconds (max_rss 31.9 MiB, delta_rss +0.3 MiB)
## Initializing Pre-Cluster Timing
Using inter-cluster delay: 2.1832e-09
## Initializing Pre-Cluster Timing took 0.20 seconds (max_rss 32.6 MiB, delta_rss +0.7 MiB)
## Estimate Device Size
Device layout 'auto' with fixed width 14.
FPGA sized to 14 x 14: 196 grid tiles (auto)
## Estimate Device Size took 0.00 seconds (max_rss 32.6 MiB, delta_rss +0.0 MiB)
## Ram Mapper
Flat Placement is provided, skipping the RAM mapping.
## Ram Mapper took 0.00 seconds (max_rss 32.6 MiB, delta_rss +0.0 MiB)
## Read Atom Netlist to AP Netlist
## Read Atom Netlist to AP Netlist took 0.01 seconds (max_rss 36.4 MiB, delta_rss +3.8 MiB)
Analytical Placement Netlist Statistics:
	AP Blocks: 1315
		Moveable AP Blocks: 1315
		Fixed AP Blocks: 0
	AP Nets: 1563
		Average Fanout: 4.51
		Highest Fanout: 194
	AP Pins: 11695

## Computing placement delta delay look-up
### Build routing resource graph
### Build routing resource graph took 0.11 seconds (max_rss 47.5 MiB, delta_rss +11.1 MiB)
  RR Graph Nodes: 33828
  RR Graph Edges: 257320
### Computing router lookahead map
#### Computing wire lookahead
#### Computing wire lookahead took 0.04 seconds (max_rss 48.3 MiB, delta_rss +0.5 MiB)
#### Computing src/opin lookahead
Warning 1: Found no more sample locations for SOURCE in io
Warning 2: Found no more sample locations for OPIN in io
Warning 3: Found no more sample locations for SOURCE in clb
Warning 4: Found no more sample locations for OPIN in clb
Warning 5: Found no more sample locations for SOURCE in dsp_top
Warning 6: Found no more sample locations for OPIN in dsp_top
Warning 7: Found no more sample locations for SOURCE in memory
Warning 8: Found no more sample locations for OPIN in memory
#### Computing src/opin lookahead took 0.00 seconds (max_rss 48.3 MiB, delta_rss +0.0 MiB)
### Computing router lookahead map took 0.05 seconds (max_rss 48.3 MiB, delta_rss +0.5 MiB)
Serial Connection Router is being destroyed. Time spent on path search: 0.000 seconds.
## Computing placement delta delay look-up took 0.17 seconds (max_rss 48.3 MiB, delta_rss +11.9 MiB)
Flat Placement is provided in the AP flow, skipping the Global Placement.
0 of 1315 molecules placed at device center (no atoms of these molecules found in flat placement).
## AP Full Legalizer
### Creating Clusters
Device (width, height): (14,14)
#### Sorting and Grouping Blocks by Tile
#### Sorting and Grouping Blocks by Tile took 0.00 seconds (max_rss 48.3 MiB, delta_rss +0.0 MiB)
#### Reconstruction Pass Clustering
#### Reconstruction Pass Clustering took 2.09 seconds (max_rss 49.8 MiB, delta_rss +1.5 MiB)
#### Orphan Window Clustering with search radius 8
#### Orphan Window Clustering with search radius 8 took 0.01 seconds (max_rss 49.8 MiB, delta_rss +0.0 MiB)
FPGA sized to 14 x 14: 196 grid tiles (auto)
Device Utilization: 0.62 (target 1.00)
	Block Utilization: 0.19 Type: io
	Block Utilization: 0.93 Type: clb

----------------------------------------------------------------
                       Clustering Summary                       
----------------------------------------------------------------
Clusters created (Self Clustering)                       : 185
    clb        : 111
    io         : 74
Clusters created (Orphan Window Clustering)              : 1
    clb        : 1
Total clusters                                           : 186
Percent of clusters created in Orphan Window Clustering  : 0.54%
Molecules clustered in each stage breakdown  : (Total of 1315)
	Self Clustering          (0.996958)  : 1311
 	Neighbor Clustering      (0.000000)  : 0
	Orphan Window Clustering (0.003042)  : 4
----------------------------------------------------------------

Final Clustering Statistics: 
----------   --------   ------------------------------------   --------------------------
Block Type   # Blocks   Avg. # of input clocks and pins used   Avg. # of output pins used
----------   --------   ------------------------------------   --------------------------
     EMPTY          0                                      0                            0   
        io         74                               0.486486                     0.513514   
       clb        112                                25.4196                      8.98214   
   dsp_top          0                                      0                            0   
    memory          0                                      0                            0   
Absorbed logical nets 1698 out of 2742 nets, 1044 nets not absorbed.
#### Load packing
##### Loading packed FPGA netlist file.
Netlist generated from file '/inspire/hdd/project/project-public/changshunjie-253114010247/changshunjie-253114010247/workspace/DAC2027/TailCompile/vtr_work/tailcompile_v3/sha/4x4/gnn_candidate-fp14432904-flat-recon-annealer-seed11-w110-devw14/sha.locked-input.net'.
Detected 2 constant generators (to see names run with higher pack verbosity)
##### Loading packed FPGA netlist file. took 0.18 seconds (max_rss 61.6 MiB, delta_rss +6.9 MiB)
Warning 9: Treated 2 constant nets as global which will not be routed (to see net names increase packer verbosity).
Netlist contains 33 global net to non-global architecture pin connections
Completed clustering consistency check successfully.
Cluster level netlist and block usage statistics
Netlist num_nets: 1044
Netlist num_blocks: 186
Netlist EMPTY blocks: 0.
Netlist io blocks: 74.
Netlist clb blocks: 112.
Netlist dsp_top blocks: 0.
Netlist memory blocks: 0.
Netlist inputs pins: 38
Netlist output pins: 36

Pb types usage...
  io               : 74
   inpad           : 38
   outpad          : 36
  clb              : 112
   lab             : 112
    fle            : 1086
     ble5          : 882
      flut5        : 573
       lut5        : 573
        lut        : 573
       ff          : 353
      arithmetic   : 309
       adder       : 309
     ble6          : 642
      lut6         : 642
       lut         : 642
      ff           : 540

#### Load packing took 0.26 seconds (max_rss 100.3 MiB, delta_rss +45.7 MiB)
Netlist contains 33 global net to non-global architecture pin connections
Cluster level netlist and block usage statistics
Netlist num_nets: 1044
Netlist num_blocks: 186
Netlist EMPTY blocks: 0.
Netlist io blocks: 74.
Netlist clb blocks: 112.
Netlist dsp_top blocks: 0.
Netlist memory blocks: 0.
Netlist inputs pins: 38
Netlist output pins: 36
### Creating Clusters took 7.99 seconds (max_rss 100.3 MiB, delta_rss +52.0 MiB)
Completed clustering consistency check successfully.
FPGA sized to 14 x 14: 196 grid tiles (auto)
### Compressed grid construction
### Compressed grid construction took 0.00 seconds (max_rss 100.3 MiB, delta_rss +0.0 MiB)
### Initial Placement
Placing clusters that are part of larger macros...
Number of blocks to be placed: 18
Max distance on device: 28
---- ---------- ---------- -------------
Pass Max Displ. Num Blocks Num Blocks   
     Threshold  Placed     Left Unplaced
---- ---------- ---------- -------------
   0          0         10             8
   1          1          4             4
   2          2          4             0

Placing general clusters...
Number of blocks to be placed: 168
Max distance on device: 28
---- ---------- ---------- -------------
Pass Max Displ. Num Blocks Num Blocks   
     Threshold  Placed     Left Unplaced
---- ---------- ---------- -------------
   0          0        158            10
   1          1          2             8
   2          2          2             6
   3          4          4             2
   4          8          0             2
   5         16          2             0

### Initial Placement took 0.00 seconds (max_rss 100.3 MiB, delta_rss +0.0 MiB)
Flat Placement Reconstruction Info:
	Percent of clusters with reconstruction errors: 0.537634
	Total displacement of initial placement from flat placement: 1568.000000
	Average atom displacement of initial placement from flat placement: 0.629466
	Max atom displacement of initial placement from flat placement: 11.000000
	Percent of atoms misplaced from the flat placement: 20.835007
## AP Full Legalizer took 7.99 seconds (max_rss 100.3 MiB, delta_rss +52.0 MiB)

Resource usage...
	Netlist
		74	blocks of type: io
	Architecture
		384	blocks of type: io
	Netlist
		112	blocks of type: clb
	Architecture
		120	blocks of type: clb
	Netlist
		0	blocks of type: dsp_top
	Architecture
		3	blocks of type: dsp_top
	Netlist
		0	blocks of type: memory
	Architecture
		6	blocks of type: memory

Device Utilization: 0.62 (target 1.00)
	Physical Tile io:
	Block Utilization: 0.19 Logical Block: io
	Physical Tile clb:
	Block Utilization: 0.93 Logical Block: clb
	Physical Tile dsp_top:
	Block Utilization: 0.00 Logical Block: dsp_top
	Physical Tile memory:
	Block Utilization: 0.00 Logical Block: memory

## Computing placement delta delay look-up
RR graph channel widths unchanged, skipping RR graph rebuild
Serial Connection Router is being destroyed. Time spent on path search: 0.000 seconds.
## Computing placement delta delay look-up took 0.00 seconds (max_rss 100.6 MiB, delta_rss +0.3 MiB)
Using simple RL 'Softmax agent' for choosing move and block types

Completed placement consistency check successfully.
Initial placement cost: 1 bb_cost: 103.826 td_cost: 6.43037e-07
Initial placement BB estimate of wirelength: 11396.5
Initial placement estimated Critical Path Delay (CPD): 10.9252 ns
Initial placement estimated setup Total Negative Slack (sTNS): -2967.65 ns
Initial placement estimated setup Worst Negative Slack (sWNS): -10.9252 ns

Initial placement estimated setup slack histogram:
[ -1.1e-08: -9.9e-09)  22 (  2.4%) |**
[ -9.9e-09: -8.9e-09)  10 (  1.1%) |*
[ -8.9e-09: -7.9e-09)   0 (  0.0%) |
[ -7.9e-09: -6.8e-09)   0 (  0.0%) |
[ -6.8e-09: -5.8e-09)   0 (  0.0%) |
[ -5.8e-09: -4.8e-09)   1 (  0.1%) |
[ -4.8e-09: -3.8e-09) 118 ( 12.7%) |*********
[ -3.8e-09: -2.7e-09) 592 ( 63.7%) |***********************************************
[ -2.7e-09: -1.7e-09) 128 ( 13.8%) |**********
[ -1.7e-09:   -7e-10)  58 (  6.2%) |*****
Placement contains 9 placement macros involving 18 blocks (average macro size 2.000000)

Moves per temperature: 530
## AP Detailed Placer

---- ------ ------- ------- ---------- ---------- ------- ---------- -------- ------- ------- ------ -------- --------- ------
Tnum  Time     T    AvCost  Av BB Cost Av TD Cost   CPD      sTNS      sWNS   AcRate  StdDev  R lim  CritExp  TotMoves  Alpha 
     (sec)                                          (ns)     (ns)      (ns)                                                   
---- ------ ------- ------- ---------- ---------- ------- ---------- -------- ------- ------- ------ -------- --------- ------
   1    0.0 3.6e-03   1.024      96.91 6.6277e-07  10.423  -3.34e+03  -10.423   0.670  0.0097   13.0     1.00        530  1.000
   2    0.0 3.4e-03   0.994      98.94 6.4856e-07  10.757  -3.36e+03  -10.757   0.696  0.0063   13.0     1.00       1060  0.950
   3    0.0 3.2e-03   0.978      96.69 6.5898e-07  10.165  -3.15e+03  -10.165   0.675  0.0113   13.0     1.00       1590  0.950
   4    0.0 3.1e-03   0.994      97.00 6.4084e-07  10.579  -3.28e+03  -10.579   0.689  0.0125   13.0     1.00       2120  0.950
   5    0.0 2.9e-03   1.003      97.19 6.5529e-07  10.244  -3.34e+03  -10.244   0.687  0.0099   13.0     1.00       2650  0.950
   6    0.0 2.8e-03   0.995      95.06 6.4394e-07  10.279  -3.32e+03  -10.279   0.649  0.0077   13.0     1.00       3180  0.950
   7    0.0 2.6e-03   1.001      96.24 6.3693e-07  10.540  -3.31e+03  -10.540   0.681  0.0071   13.0     1.00       3710  0.950
   8    0.0 2.5e-03   0.989      94.81 6.3561e-07  10.479   -3.3e+03  -10.479   0.649  0.0104   13.0     1.00       4240  0.950
   9    0.0 2.4e-03   0.994      96.54 6.2824e-07  10.870  -3.35e+03  -10.870   0.647  0.0070   13.0     1.00       4770  0.950
  10    0.0 2.3e-03   1.013     100.36 6.53e-07    10.660  -3.29e+03  -10.660   0.664  0.0061   13.0     1.00       5300  0.950
  11    0.0 2.2e-03   0.982      98.87 6.1229e-07  11.785   -3.6e+03  -11.785   0.660  0.0106   13.0     1.00       5830  0.950
  12    0.0 2.0e-03   0.989      93.63 6.3914e-07  10.281  -3.13e+03  -10.281   0.634  0.0087   13.0     1.00       6360  0.950
  13    0.0 1.9e-03   0.992      91.86 6.5245e-07  10.049  -3.13e+03  -10.049   0.625  0.0062   13.0     1.00       6890  0.950
  14    0.0 1.8e-03   1.001      91.08 6.2216e-07  10.492  -3.19e+03  -10.492   0.558  0.0040   13.0     1.00       7420  0.950
  15    0.0 1.8e-03   0.990      89.41 6.4281e-07   9.952  -2.97e+03   -9.952   0.577  0.0073   13.0     1.00       7950  0.950
  16    0.0 1.7e-03   1.006      92.85 6.3568e-07  10.083     -3e+03  -10.083   0.602  0.0070   13.0     1.00       8480  0.950
  17    0.0 1.6e-03   0.994      89.88 6.3499e-07  10.080  -3.02e+03  -10.080   0.604  0.0096   13.0     1.00       9010  0.950
  18    0.0 1.5e-03   0.990      87.50 6.3099e-07   9.949  -3.03e+03   -9.949   0.583  0.0057   13.0     1.00       9540  0.950
  19    0.0 1.4e-03   0.983      86.25 6.1633e-07  10.348  -3.37e+03  -10.348   0.513  0.0109   13.0     1.00      10070  0.950
  20    0.0 1.4e-03   0.993      84.56 6.0666e-07   9.914  -2.97e+03   -9.914   0.491  0.0033   13.0     1.00      10600  0.950
  21    0.0 1.3e-03   0.999      83.99 6.3545e-07   9.535  -2.95e+03   -9.535   0.528  0.0038   13.0     1.00      11130  0.950
  22    0.0 1.2e-03   0.996      83.72 6.0594e-07  10.228  -3.08e+03  -10.228   0.477  0.0043   13.0     1.00      11660  0.950
  23    0.0 1.2e-03   0.991      81.97 6.1687e-07   9.691  -2.94e+03   -9.691   0.489  0.0061   13.0     1.00      12190  0.950
  24    0.0 1.1e-03   1.002      82.15 6.1059e-07   9.707  -2.95e+03   -9.707   0.506  0.0039   13.0     1.00      12720  0.950
  25    0.0 1.0e-03   0.991      80.80 6.0584e-07   9.957  -3.09e+03   -9.957   0.479  0.0033   13.0     1.00      13250  0.950
  26    0.0 1.0e-03   0.996      80.55 5.9746e-07   9.957  -2.99e+03   -9.957   0.449  0.0033   13.0     1.00      13780  0.950
  27    0.0 9.5e-04   1.009      81.33 5.8608e-07  10.105  -2.96e+03  -10.105   0.472  0.0049   13.0     1.00      14310  0.950
  28    0.0 9.0e-04   1.001      81.76 6.0491e-07  10.046  -3.08e+03  -10.046   0.449  0.0028   13.0     1.00      14840  0.950
  29    0.0 8.5e-04   0.996      81.35 6.066e-07   10.031  -3.14e+03  -10.031   0.457  0.0029   13.0     1.00      15370  0.950
  30    0.0 8.1e-04   0.992      81.03 5.9549e-07  10.213  -3.16e+03  -10.213   0.447  0.0055   13.0     1.00      15900  0.950
  31    0.0 7.7e-04   0.992      79.31 5.9334e-07  10.130  -3.13e+03  -10.130   0.413  0.0029   13.0     1.00      16430  0.950
  32    0.0 7.3e-04   0.999      79.16 4.94e-07    10.012   -3.1e+03  -10.012   0.466  0.0035   12.7     1.20      16960  0.950
  33    0.0 7.0e-04   0.998      78.55 5.8969e-07  10.036  -3.13e+03  -10.036   0.402  0.0037   13.0     1.01      17490  0.950
  34    0.0 6.6e-04   0.994      76.89 4.498e-07    9.922  -3.03e+03   -9.922   0.398  0.0037   12.5     1.30      18020  0.950
  35    0.0 6.3e-04   0.997      75.28 3.5792e-07   9.871  -2.98e+03   -9.871   0.370  0.0011   12.0     1.60      18550  0.950
  36    0.0 6.0e-04   0.997      74.95 2.7284e-07   9.685  -2.99e+03   -9.685   0.389  0.0025   11.1     2.09      19080  0.950
  37    0.0 5.7e-04   1.000      74.84 2.2955e-07   9.684  -3.03e+03   -9.684   0.372  0.0023   10.6     2.43      19610  0.950
  38    0.0 5.4e-04   0.998      73.71 2.0229e-07   9.579  -3.06e+03   -9.579   0.368  0.0026    9.8     2.85      20140  0.950
  39    0.0 5.1e-04   0.993      72.89 1.8085e-07   9.532  -3.07e+03   -9.532   0.338  0.0037    9.1     3.26      20670  0.950
  40    0.0 4.9e-04   1.000      72.98 1.5949e-07   9.615  -3.07e+03   -9.615   0.347  0.0018    8.2     3.81      21200  0.950
  41    0.0 4.6e-04   0.999      73.45 1.4596e-07   9.717  -3.08e+03   -9.717   0.343  0.0025    7.4     4.25      21730  0.950
  42    0.0 4.4e-04   1.000      73.47 1.3862e-07   9.717  -3.07e+03   -9.717   0.311  0.0016    6.7     4.67      22260  0.950
  43    0.0 4.2e-04   0.996      73.11 1.321e-07    9.717  -3.09e+03   -9.717   0.304  0.0033    5.8     5.17      22790  0.950
  44    0.0 4.0e-04   0.999      72.43 1.2954e-07   9.579  -3.05e+03   -9.579   0.311  0.0018    5.1     5.64      23320  0.950
  45    0.0 3.8e-04   0.998      72.04 1.2555e-07   9.717  -3.05e+03   -9.717   0.319  0.0012    4.4     6.02      23850  0.950
  46    0.0 3.6e-04   0.996      71.41 1.2236e-07   9.717  -3.04e+03   -9.717   0.349  0.0015    3.9     6.33      24380  0.950
  47    0.0 3.4e-04   0.999      71.40 1.2073e-07   9.721  -3.01e+03   -9.721   0.289  0.0007    3.5     6.53      24910  0.950
  48    0.0 3.2e-04   1.001      71.80 1.1873e-07   9.721  -3.01e+03   -9.721   0.394  0.0013    3.0     6.84      25440  0.950
  49    0.0 3.1e-04   0.995      71.04 1.1964e-07   9.553  -2.98e+03   -9.553   0.370  0.0015    2.8     6.92      25970  0.950
  50    0.0 2.9e-04   0.996      70.65 1.1841e-07   9.604  -3.03e+03   -9.604   0.338  0.0030    2.6     7.04      26500  0.950
  51    0.0 2.8e-04   1.002      70.16 1.1705e-07   9.604  -3.03e+03   -9.604   0.304  0.0009    2.4     7.20      27030  0.950
  52    0.0 2.6e-04   0.997      69.73 1.1628e-07   9.604  -3.03e+03   -9.604   0.311  0.0015    2.1     7.39      27560  0.950
  53    0.0 2.5e-04   0.999      69.92 1.1566e-07   9.604  -3.04e+03   -9.604   0.389  0.0009    1.8     7.54      28090  0.950
  54    0.0 2.4e-04   1.000      70.05 1.1673e-07   9.418  -2.94e+03   -9.418   0.381  0.0008    1.7     7.59      28620  0.950
  55    0.0 2.3e-04   1.000      69.94 1.1646e-07   9.418  -2.95e+03   -9.418   0.398  0.0013    1.6     7.65      29150  0.950
  56    0.0 2.1e-04   0.999      69.75 1.1633e-07   9.418  -2.93e+03   -9.418   0.374  0.0018    1.5     7.69      29680  0.950
  57    0.0 2.0e-04   0.996      69.47 1.1518e-07   9.418  -2.95e+03   -9.418   0.325  0.0014    1.4     7.75      30210  0.950
  58    0.0 1.9e-04   0.998      69.11 1.1624e-07   9.322  -2.97e+03   -9.322   0.309  0.0008    1.3     7.85      30740  0.950
  59    0.0 1.8e-04   0.999      69.08 1.1355e-07   9.505  -2.98e+03   -9.505   0.281  0.0005    1.1     7.94      31270  0.950
  60    0.0 1.7e-04   0.998      69.08 1.1179e-07   9.575  -2.98e+03   -9.575   0.311  0.0012    1.0     8.00      31800  0.950
  61    0.0 1.7e-04   1.000      68.96 1.1353e-07   9.392  -2.97e+03   -9.392   0.266  0.0011    1.0     8.00      32330  0.950
  62    0.0 1.6e-04   0.997      68.74 1.1382e-07   9.392  -2.93e+03   -9.392   0.292  0.0014    1.0     8.00      32860  0.950
  63    0.0 1.5e-04   0.999      68.46 1.1397e-07   9.392  -2.96e+03   -9.392   0.277  0.0010    1.0     8.00      33390  0.950
  64    0.0 1.4e-04   1.001      68.47 1.1467e-07   9.347  -2.98e+03   -9.347   0.253  0.0007    1.0     8.00      33920  0.950
  65    0.0 1.3e-04   1.000      68.43 1.1523e-07   9.322  -2.97e+03   -9.322   0.272  0.0004    1.0     8.00      34450  0.950
  66    0.0 1.3e-04   0.999      68.26 1.1365e-07   9.392  -2.97e+03   -9.392   0.266  0.0006    1.0     8.00      34980  0.950
  67    0.0 1.2e-04   0.999      68.10 1.157e-07    9.322  -2.97e+03   -9.322   0.194  0.0009    1.0     8.00      35510  0.950
  68    0.0 1.2e-04   1.000      67.93 1.1403e-07   9.392  -2.98e+03   -9.392   0.204  0.0004    1.0     8.00      36040  0.950
  69    0.0 1.1e-04   0.999      67.96 1.1362e-07   9.392     -3e+03   -9.392   0.217  0.0008    1.0     8.00      36570  0.950
  70    0.0 1.0e-04   0.999      67.93 1.1363e-07   9.392  -2.99e+03   -9.392   0.164  0.0009    1.0     8.00      37100  0.950
  71    0.0 9.9e-05   1.000      67.78 1.1374e-07   9.392  -2.95e+03   -9.392   0.170  0.0003    1.0     8.00      37630  0.950
  72    0.0 9.4e-05   1.000      67.80 1.1377e-07   9.392  -2.97e+03   -9.392   0.202  0.0003    1.0     8.00      38160  0.950
  73    0.0 8.9e-05   0.999      67.70 1.1369e-07   9.392  -2.95e+03   -9.392   0.185  0.0007    1.0     8.00      38690  0.950
  74    0.0 8.5e-05   1.000      67.72 1.1321e-07   9.390  -2.97e+03   -9.390   0.175  0.0002    1.0     8.00      39220  0.950
  75    0.0 8.1e-05   1.000      67.65 1.1374e-07   9.366  -2.97e+03   -9.366   0.174  0.0002    1.0     8.00      39750  0.950
  76    0.0 7.7e-05   0.999      67.58 1.1375e-07   9.366  -2.97e+03   -9.366   0.121  0.0002    1.0     8.00      40280  0.950
Agent's 2nd state: 
  77    0.0 6.1e-05   1.000      67.55 1.1325e-07   9.390  -2.96e+03   -9.390   0.113  0.0003    1.0     8.00      40810  0.800
Checkpoint saved: bb_costs=67.5194, TD costs=1.13257e-07, CPD=  9.390 (ns) 
  78    0.0 4.9e-05   1.000      67.48 1.1326e-07   9.390  -2.96e+03   -9.390   0.083  0.0002    1.0     8.00      41340  0.800
  79    0.0 3.9e-05   1.000      67.41 1.1331e-07   9.390  -2.97e+03   -9.390   0.066  0.0002    1.0     8.00      41870  0.800
  80    0.0 3.1e-05   1.000      67.37 1.1329e-07   9.390  -2.96e+03   -9.390   0.068  0.0001    1.0     8.00      42400  0.800
  81    0.0 2.5e-05   1.000      67.36 1.1326e-07   9.390  -2.96e+03   -9.390   0.034  0.0000    1.0     8.00      42930  0.800
  82    0.0 2.0e-05   1.000      67.35 1.1326e-07   9.390  -2.96e+03   -9.390   0.042  0.0000    1.0     8.00      43460  0.800
  83    0.0 1.6e-05   1.000      67.34 1.1326e-07   9.390  -2.96e+03   -9.390   0.028  0.0000    1.0     8.00      43990  0.800
  84    0.0 1.3e-05   1.000      67.32 1.1326e-07   9.390  -2.96e+03   -9.390   0.042  0.0001    1.0     8.00      44520  0.800
  85    0.0 1.0e-05   0.999      67.28 1.1317e-07   9.390  -2.96e+03   -9.390   0.053  0.0004    1.0     8.00      45050  0.800
Checkpoint saved: bb_costs=67.2534, TD costs=1.13615e-07, CPD=  9.366 (ns) 
  86    0.0 8.2e-06   1.000      67.24 1.1361e-07   9.366  -2.96e+03   -9.366   0.040  0.0000    1.0     8.00      45580  0.800
  87    0.0 6.6e-06   1.000      67.23 1.1362e-07   9.366  -2.96e+03   -9.366   0.034  0.0000    1.0     8.00      46110  0.800
  88    0.0 5.3e-06   1.000      67.22 1.1361e-07   9.366  -2.96e+03   -9.366   0.045  0.0000    1.0     8.00      46640  0.800
  89    0.0 0.0e+00   1.000      67.22 1.1361e-07   9.366  -2.96e+03   -9.366   0.025  0.0000    1.0     8.00      47170  0.800
### Placement Quench took 0.01 seconds (max_rss 103.2 MiB)
post-quench CPD = 9.39204 (ns) 

Checkpoint restored

Completed placement consistency check successfully.

Swaps called: 47356

Aborted Move Reasons:
  duplicate block move to location: 22
  macro move to location illegal: 12
  macro_from swap to location illegal: 320

BB estimate of min-dist (placement) wire length: 7370

Placement estimated critical path delay (least slack): 9.36648 ns, Fmax: 106.764 MHz
Placement estimated critical path skew: -0.04243 ns
Placement estimated setup Worst Negative Slack (sWNS): -9.36648 ns
Placement estimated setup Total Negative Slack (sTNS): -2958.9 ns
Placement estimated setup Worst Skew (sWS): -0.04243 ns

Placement estimated setup slack histogram:
[ -9.4e-09: -8.5e-09)  18 (  1.9%) |**
[ -8.5e-09: -7.6e-09)  14 (  1.5%) |*
[ -7.6e-09: -6.8e-09)   0 (  0.0%) |
[ -6.8e-09: -5.9e-09)   0 (  0.0%) |
[ -5.9e-09:   -5e-09)   0 (  0.0%) |
[   -5e-09: -4.2e-09)   1 (  0.1%) |
[ -4.2e-09: -3.3e-09) 239 ( 25.7%) |********************
[ -3.3e-09: -2.4e-09) 549 ( 59.1%) |***********************************************
[ -2.4e-09: -1.6e-09)  58 (  6.2%) |*****
[ -1.6e-09:   -7e-10)  50 (  5.4%) |****

Placement estimated geomean non-virtual intra-domain period: 9.36648 ns (106.764 MHz)
Placement estimated fanout-weighted geomean non-virtual intra-domain period: 9.36648 ns (106.764 MHz)

Placement cost: 1, bb_cost: 67.2534, td_cost: 1.13615e-07, 

Placement resource usage:
  io  implemented as io : 74
  clb implemented as clb: 112

Placement number of temperatures: 89
Placement total # of swap attempts: 47356
	Swaps accepted: 17013 (35.9 %)
	Swaps rejected: 29725 (62.8 %)
	Swaps aborted:   618 ( 1.3 %)


Placement perturbation distribution by block and move type: 
------------------ ----------------- ---------------- ---------------- --------------- ------------ 
    Block Type         Move Type       (%) of Total      Accepted(%)     Rejected(%)    Aborted(%)
------------------ ----------------- ---------------- ---------------- --------------- ------------ 
io                 Uniform                9.52             61.73           38.27          0.00         
                   Median                 9.01             61.33           33.98          4.69         
                   Centroid               8.81             64.72           35.23          0.05         
                   W. Centroid            9.42             64.64           35.33          0.02         
                   W. Median              0.82             13.92           81.96          4.12         

clb                Uniform                15.08            18.19           80.38          1.43         
                   Median                 14.13            26.19           71.94          1.87         
                   Centroid               13.88            22.23           76.78          0.99         
                   W. Centroid            14.36            21.30           77.29          1.41         
                   W. Median              1.12             2.07            95.86          2.07         
                   Crit. Uniform          1.92             0.00            100.00         0.00         
                   Feasible Region        1.93             0.22            99.78          0.00         


Placement Quench timing analysis took 0.00367081 seconds (0.00333199 STA, 0.000338816 slack) (1 full updates: 1 setup, 0 hold, 0 combined).
Placement Total  timing analysis took 0.381155 seconds (0.341639 STA, 0.0395164 slack) (92 full updates: 92 setup, 0 hold, 0 combined).
update_td_costs: connections 0.00205536 nets 0 sum_nets 0.00131588 total 0.00345542
## AP Detailed Placer took 0.85 seconds (max_rss 103.5 MiB, delta_rss +0.3 MiB)
Incr Slack updates 92 in 0.0108655 sec
Full Max Req/Worst Slack updates 37 in 0.00102551 sec
Incr Max Req/Worst Slack updates 55 in 0.00192022 sec
Incr Criticality updates 29 in 0.00682472 sec
Full Criticality updates 63 in 0.01549 sec
Incr Slack updates 1 in 9.5302e-05 sec
Full Max Req/Worst Slack updates 1 in 4.4905e-05 sec
Incr Max Req/Worst Slack updates 0 in 0 sec
Incr Criticality updates 0 in 0 sec
Full Criticality updates 1 in 0.000265919 sec
# Analytical Placement took 9.30 seconds (max_rss 103.5 MiB, delta_rss +71.8 MiB)


# Routing
RR graph channel widths unchanged, skipping RR graph rebuild
## Initializing router criticalities
Initial Net Connection Criticality Histogram:
[        0:      0.1) 243 (  8.4%) |*************
[      0.1:      0.2) 786 ( 27.3%) |******************************************
[      0.2:      0.3) 512 ( 17.8%) |****************************
[      0.3:      0.4) 871 ( 30.2%) |***********************************************
[      0.4:      0.5)  93 (  3.2%) |*****
[      0.5:      0.6)  35 (  1.2%) |**
[      0.6:      0.7)  61 (  2.1%) |***
[      0.7:      0.8)  28 (  1.0%) |**
[      0.8:      0.9)  47 (  1.6%) |***
[      0.9:        1) 207 (  7.2%) |***********
## Initializing router criticalities took 0.06 seconds (max_rss 104.0 MiB, delta_rss +0.0 MiB)
---- ------ ------- ---- ------- ------- ------- ----------------- --------------- -------- ---------- ---------- ---------- ---------- --------
Iter   Time    pres  BBs    Heap  Re-Rtd  Re-Rtd Overused RR Nodes      Wirelength      CPD       sTNS       sWNS       hTNS       hWNS Est Succ
      (sec)     fac Updt    push    Nets   Conns                                       (ns)       (ns)       (ns)       (ns)       (ns)     Iter
---- ------ ------- ---- ------- ------- ------- ----------------- --------------- -------- ---------- ---------- ---------- ---------- --------
   1    0.0     0.0    0  110903    1041    2751    1122 ( 3.317%)   11602 (33.8%)    8.911     -2876.     -8.911      0.000      0.000      N/A
   2    0.0     0.5    0   95302     778    2198     707 ( 2.090%)   11656 (34.0%)    8.780     -2847.     -8.780      0.000      0.000      N/A
   3    0.0     0.6    0   79048     616    1611     593 ( 1.753%)   11914 (34.7%)    8.911     -2976.     -8.911      0.000      0.000      N/A
   4    0.0     0.8    0   72129     519    1343     526 ( 1.555%)   12094 (35.2%)    8.780     -3012.     -8.780      0.000      0.000      N/A
   5    0.0     1.1    0   71172     458    1260     405 ( 1.197%)   12364 (36.0%)    8.911     -3006.     -8.911      0.000      0.000      N/A
   6    0.0     1.4    0   60949     377     997     289 ( 0.854%)   12457 (36.3%)    8.780     -3009.     -8.780      0.000      0.000      N/A
   7    0.0     1.9    0   49106     301     745     228 ( 0.674%)   12712 (37.0%)    8.780     -3064.     -8.780      0.000      0.000      N/A
   8    0.0     2.4    0   45582     268     668     183 ( 0.541%)   12800 (37.3%)    8.780     -2890.     -8.780      0.000      0.000      N/A
   9    0.0     3.1    0   34976     218     482     125 ( 0.370%)   12985 (37.8%)    8.780     -2983.     -8.780      0.000      0.000       26
  10    0.0     4.1    0   26139     173     353      96 ( 0.284%)   13088 (38.1%)    8.780     -2987.     -8.780      0.000      0.000       26
  11    0.0     5.3    0   23807     141     287      73 ( 0.216%)   13208 (38.5%)    8.780     -2991.     -8.780      0.000      0.000       26
  12    0.0     6.9    0   30061     129     318      76 ( 0.225%)   13415 (39.1%)    8.780     -3025.     -8.780      0.000      0.000       29
  13    0.0     9.0    0   20838      90     181      42 ( 0.124%)   13687 (39.9%)    8.780     -3033.     -8.780      0.000      0.000       28
  14    0.0    11.6    0   17395      69     146      32 ( 0.095%)   13769 (40.1%)    9.196     -3042.     -9.196      0.000      0.000       27
  15    0.0    15.1    0   15876      55      98      24 ( 0.071%)   13842 (40.3%)    9.394     -3060.     -9.394      0.000      0.000       27
  16    0.0    19.7    0   16451      44      75      20 ( 0.059%)   13918 (40.6%)    9.403     -3057.     -9.403      0.000      0.000       27
  17    0.0    25.6    0   12290      43      64      12 ( 0.035%)   14019 (40.8%)    9.810     -3071.     -9.810      0.000      0.000       26
  18    0.0    33.3    0    3830      28      36      10 ( 0.030%)   14061 (41.0%)    9.915     -3061.     -9.915      0.000      0.000       26
  19    0.0    43.3    0    5009      30      55       4 ( 0.012%)   14064 (41.0%)    9.819     -3067.     -9.819      0.000      0.000       24
  20    0.0    56.2    0    3909      25      35       3 ( 0.009%)   14063 (41.0%)    9.819     -3073.     -9.819      0.000      0.000       24
  21    0.0    73.1    0    2779      24      31       4 ( 0.012%)   14090 (41.1%)    9.915     -3064.     -9.915      0.000      0.000       24
  22    0.0    95.0    0    2069      24      32       2 ( 0.006%)   14071 (41.0%)    9.499     -3059.     -9.499      0.000      0.000       24
  23    0.0   123.5    0    2418      23      31       3 ( 0.009%)   14075 (41.0%)    9.611     -3062.     -9.611      0.000      0.000       25
  24    0.0   160.6    0    3052      25      34       0 ( 0.000%)   14103 (41.1%)   10.759     -3069.    -10.759      0.000      0.000      N/A
Restoring best routing
Critical path: 10.7593 ns
Successfully routed after 24 routing iterations.
Final Net Connection Criticality Histogram:
[        0:      0.1) 486 ( 16.9%) |**************************
[      0.1:      0.2) 597 ( 20.7%) |********************************
[      0.2:      0.3) 871 ( 30.2%) |***********************************************
[      0.3:      0.4) 507 ( 17.6%) |***************************
[      0.4:      0.5)  48 (  1.7%) |***
[      0.5:      0.6)  40 (  1.4%) |**
[      0.6:      0.7)  57 (  2.0%) |***
[      0.7:      0.8)  57 (  2.0%) |***
[      0.8:      0.9) 103 (  3.6%) |******
[      0.9:        1) 117 (  4.1%) |******
Router Stats: total_nets_routed: 5499 total_connections_routed: 13831 total_heap_pushes: 805090 total_heap_pops: 206104 
Serial Connection Router is being destroyed. Time spent on path search: 0.091 seconds.
# Routing took 0.41 seconds (max_rss 106.0 MiB, delta_rss +2.3 MiB)

Checking to ensure routing is legal...
# Checking to ensure non-configurable edges are legal
# Checking to ensure non-configurable edges are legal took 0.00 seconds (max_rss 106.0 MiB, delta_rss +0.0 MiB)
Completed routing consistency check successfully.

Serial number (magic cookie) for the routing is: -229437126
Circuit successfully routed with a channel width factor of 110.
Incr Slack updates 25 in 0.00244021 sec
Full Max Req/Worst Slack updates 7 in 0.000193193 sec
Incr Max Req/Worst Slack updates 18 in 0.000637267 sec
Incr Criticality updates 8 in 0.00174395 sec
Full Criticality updates 17 in 0.00441275 sec
# Synchronize the packed netlist to routing optimization
## Annotating rr_node with routed nets
## Annotating rr_node with routed nets took 0.00 seconds (max_rss 106.0 MiB, delta_rss +0.0 MiB)
Found 3926 mismatches between routing and packing results.
Fixed 2533 routing traces due to mismatch between routing and packing results.
# Synchronize the packed netlist to routing optimization took 0.03 seconds (max_rss 106.0 MiB, delta_rss +0.0 MiB)
Final Clustering Statistics: 
----------   --------   ------------------------------------   --------------------------
Block Type   # Blocks   Avg. # of input clocks and pins used   Avg. # of output pins used
----------   --------   ------------------------------------   --------------------------
     EMPTY          0                                      0                            0   
        io         74                               0.486486                     0.513514   
       clb        112                                25.4196                      8.98214   
   dsp_top          0                                      0                            0   
    memory          0                                      0                            0   
Absorbed logical nets 1698 out of 2742 nets, 1044 nets not absorbed.


Average number of bends per net: 1.59366  Maximum # of bends: 39

Number of global nets: 3
Number of routed nets (nonglobal): 1041
Wire length results (in units of 1 clb segments)...
	Total wirelength: 14103, average net length: 13.5476
	Maximum net length: 376

Wire length results in terms of physical segments...
	Total wiring segments used: 3908, average wire segments per net: 3.75408
	Maximum segments used by a net: 111
	Total local nets with reserved CLB opins: 0
Total number of nets absorbed: 9

Routing channel utilization histogram:
[        1:      inf)  0 (  0.0%) |
[      0.9:        1)  0 (  0.0%) |
[      0.8:      0.9)  4 (  1.2%) |***
[      0.7:      0.8) 67 ( 19.8%) |************************************************
[      0.5:      0.6) 45 ( 13.3%) |********************************
[      0.4:      0.5) 32 (  9.5%) |***********************
[      0.3:      0.4) 43 ( 12.7%) |*******************************
[      0.2:      0.3) 57 ( 16.9%) |*****************************************
[      0.1:      0.2) 54 ( 16.0%) |***************************************
[        0:      0.1) 36 ( 10.7%) |**************************
Maximum routing channel utilization:      0.83 at (8,7)

X - Directed channels: layer   y   max occ   ave occ   ave cap
                        ----- ---- -------- -------- --------
                            0    0       78   50.000      110
                            0    1       67   36.333      110
                            0    2       78   48.000      110
                            0    3       79   51.333      110
                            0    4       77   45.667      110
                            0    5       73   47.667      110
                            0    6       82   52.833      110
                            0    7       81   51.667      110
                            0    8       69   45.083      110
                            0    9       61   42.583      110
                            0   10       44   31.083      110
                            0   11       34   23.250      110
                            0   12       45   32.000      110
Y - Directed channels: layer   x   max occ   ave occ   ave cap
                        ----- ---- -------- -------- --------
                            0    0       30   21.167      110
                            0    1       21   15.583      110
                            0    2       25   19.250      110
                            0    3       43   35.583      110
                            0    4       53   43.917      110
                            0    5       62   44.083      110
                            0    6       64   52.500      110
                            0    7       83   64.583      110
                            0    8       91   71.750      110
                            0    9       91   70.833      110
                            0   10       86   60.250      110
                            0   11       77   57.333      110
                            0   12       90   60.917      110

Total existing wires segments: CHANX     17160, CHANY     17160, CHANZ         0, ALL     34320
Total used wires segments:     CHANX      6690, CHANY      7413, CHANZ         0, ALL     14103
Usage percentage:              CHANX     39.0%, CHANY     43.2%, CHANZ      0.0%, ALL     41.1%

Logic area (in minimum width transistor areas, excludes I/Os and empty grid tiles)...
	Total logic block area (Warning, need to add pitch of routing to blocks with height > 3): 4.93594e+06
	Total used logic block area: 3.12536e+06

Routing area (in minimum width transistor areas)...
	Total routing area: 1.57405e+06, per logic tile: 8030.86

Total Number of Wiring Segments by Direction: direction length number
                                              --------- ------ -------
                                                      X      4   4680
                                                      Y      4   4680
                                                      X     16    294
                                                      Y     16    294

X - Directed Wiring Segment usage by length: length utilization
                                             ------ -----------
                                             4       0.397
                                            16      0.0646

Y - Directed Wiring Segment usage by length: length utilization
                                             ------ -----------
                                             4       0.427
                                            16       0.102

Segment occupancy by length: Length Occupancy Capacity Utilization
                             ------ --------- -------- -----------
                             L4          3859     9360       0.412
                             L16           49      588      0.0833

Segment occupancy by type: name type utilization
                           ---- ---- -----------
                             L4    0       0.412
                            L16    1      0.0833

Final hold Worst Negative Slack (hWNS): 0 ns
Final hold Total Negative Slack (hTNS): 0 ns
Final hold Worst Skew (hWS): 0 ns

Final hold slack histogram:
[  1.9e-10:  4.3e-10) 827 ( 89.0%) |***********************************************
[  4.3e-10:  6.7e-10)  29 (  3.1%) |**
[  6.7e-10:    9e-10)  43 (  4.6%) |**
[    9e-10:  1.1e-09)  15 (  1.6%) |*
[  1.1e-09:  1.4e-09)   8 (  0.9%) |
[  1.4e-09:  1.6e-09)   3 (  0.3%) |
[  1.6e-09:  1.8e-09)   0 (  0.0%) |
[  1.8e-09:  2.1e-09)   2 (  0.2%) |
[  2.1e-09:  2.3e-09)   0 (  0.0%) |
[  2.3e-09:  2.6e-09)   2 (  0.2%) |

Final critical path delay (least slack): 10.7593 ns, Fmax: 92.9432 MHz
Final critical path skew: -0.04243 ns
Final setup Worst Negative Slack (sWNS): -10.7593 ns
Final setup Total Negative Slack (sTNS): -3068.94 ns
Final setup Worst Skew (sWS): -0.04243 ns

Final setup slack histogram:
[ -1.1e-08: -9.7e-09)   4 (  0.4%) |
[ -9.7e-09: -8.7e-09)  14 (  1.5%) |*
[ -8.7e-09: -7.7e-09)  14 (  1.5%) |*
[ -7.7e-09: -6.7e-09)   0 (  0.0%) |
[ -6.7e-09: -5.6e-09)   0 (  0.0%) |
[ -5.6e-09: -4.6e-09)   3 (  0.3%) |
[ -4.6e-09: -3.6e-09) 204 ( 22.0%) |*****************
[ -3.6e-09: -2.5e-09) 558 ( 60.1%) |***********************************************
[ -2.5e-09: -1.5e-09)  98 ( 10.5%) |********
[ -1.5e-09: -4.9e-10)  34 (  3.7%) |***

Final geomean non-virtual intra-domain period: 10.7593 ns (92.9432 MHz)
Final fanout-weighted geomean non-virtual intra-domain period: 10.7593 ns (92.9432 MHz)

Incr Slack updates 1 in 9.5981e-05 sec
Full Max Req/Worst Slack updates 1 in 2.8839e-05 sec
Incr Max Req/Worst Slack updates 0 in 0 sec
Incr Criticality updates 0 in 0 sec
Full Criticality updates 1 in 0.000267754 sec
Flow timing analysis took 0.830103 seconds (0.767907 STA, 0.0621958 slack) (119 full updates: 93 setup, 0 hold, 26 combined).
VPR succeeded
The entire flow of VPR took 10.15 seconds (max_rss 106.0 MiB)

