VPR FPGA Placement and Routing.
Version: 9.0.0-dev+v8.0.0-18248-g40f8d19708
Revision: v8.0.0-18248-g40f8d19708
Compiled: 2026-09-22T03:43:48
Compiler: GNU 13.3.0 on Linux-5.15.0-119-generic x86_64
Build Info: release IPO VTR_ASSERT_LEVEL=2

University of Toronto
verilogtorouting.org
vtr-users@googlegroups.com
This is free open source code under MIT license.

VPR was run with the following command-line:
/inspire/hdd/project/project-public/changshunjie-253114010247/changshunjie-253114010247/workspace/DAC2027/vtr/vtr-verilog-to-routing/vpr/vpr /inspire/hdd/project/project-public/changshunjie-253114010247/changshunjie-253114010247/workspace/DAC2027/vtr/vtr-verilog-to-routing/vtr_flow/arch/COFFE_22nm/k6FracN10LB_mem20K_complexDSP_customSB_22nm.xml /inspire/hdd/project/project-public/changshunjie-253114010247/changshunjie-253114010247/workspace/DAC2027/TailCompile/experiments/vtr/runs/pilot_v1/attention_layer/full-seed1-w300/attention_layer.pre-vpr.blif --analytical_place --route --analysis --ap_full_legalizer flat-recon --ap_detailed_placer annealer --seed 11 --route_chan_width 120 --write_flat_place /inspire/hdd/project/project-public/changshunjie-253114010247/changshunjie-253114010247/workspace/DAC2027/TailCompile/vtr_work/tailcompile_v3/attention_layer/4x4/gnn_candidate-fp5a2949bf-flat-recon-annealer-seed11-w120-devw88/post_route.fplace --write_legalized_flat_place /inspire/hdd/project/project-public/changshunjie-253114010247/changshunjie-253114010247/workspace/DAC2027/TailCompile/vtr_work/tailcompile_v3/attention_layer/4x4/gnn_candidate-fp5a2949bf-flat-recon-annealer-seed11-w120-devw88/post_legalizer.fplace --flat_place_verbosity 1 --device_width 88 --net_file /inspire/hdd/project/project-public/changshunjie-253114010247/changshunjie-253114010247/workspace/DAC2027/TailCompile/vtr_work/tailcompile_v3/attention_layer/4x4/gnn_candidate-fp5a2949bf-flat-recon-annealer-seed11-w120-devw88/attention_layer.locked-input.net --read_flat_place /inspire/hdd/global_user/changshunjie-253114010247/workspace/DAC2027/TailCompile/experiments/vtr/tailcompile_v3/attention_layer/4x4/pools/bootstrap_24/candidate_20_seed13047.fplace

Using up to 1 parallel worker(s)

Architecture file: /inspire/hdd/project/project-public/changshunjie-253114010247/changshunjie-253114010247/workspace/DAC2027/vtr/vtr-verilog-to-routing/vtr_flow/arch/COFFE_22nm/k6FracN10LB_mem20K_complexDSP_customSB_22nm.xml
Circuit name: attention_layer.pre-vpr

# Loading Architecture Description
# Loading Architecture Description took 0.03 seconds (max_rss 32.3 MiB, delta_rss +0.0 MiB)

Timing analysis: ON
Circuit netlist file: /inspire/hdd/project/project-public/changshunjie-253114010247/changshunjie-253114010247/workspace/DAC2027/TailCompile/vtr_work/tailcompile_v3/attention_layer/4x4/gnn_candidate-fp5a2949bf-flat-recon-annealer-seed11-w120-devw88/attention_layer.locked-input.net
Circuit placement file: attention_layer.pre-vpr.place
Circuit routing file: attention_layer.pre-vpr.route
Circuit SDC file: attention_layer.pre-vpr.sdc
Vpr floorplanning constraints file: not specified

Packer: DISABLED
Placer: DISABLED
Analytical Placer: ENABLED
Router: ENABLED
Analysis: ENABLED

VPR was run with the following options:

netlist_opts.absorb_buffer_luts            : true
netlist_opts.sweep_dangling_primary_ios    : true
netlist_opts.sweep_dangling_nets           : true
netlist_opts.sweep_dangling_blocks         : true
netlist_opts.sweep_constant_primary_outputs: false
netlist_opts.netlist_verbosity             : 1
netlist_opts.const_gen_inference           : COMB_SEQ

AnalyticalPlacerOpts.analytical_solver_type: lp-b2b
AnalyticalPlacerOpts.partial_legalizer_type: bipartitioning
AnalyticalPlacerOpts.full_legalizer_type: flat-recon
AnalyticalPlacerOpts.detailed_placer_type: annealer
AnalyticalPlacerOpts.ap_timing_tradeoff: 0.500000
AnalyticalPlacerOpts.ap_high_fanout_threshold: 256
AnalyticalPlacerOpts.log_verbosity: 1
router_opts.route_type: DETAILED
router_opts.flat_routing: false
router_opts.choke_points: on
router_opts.router_algorithm: TIMING_DRIVEN
router_opts.base_cost_type: DELAY_NORMALIZED_LENGTH
router_opts.fixed_channel_width: 120
router_opts.check_route: FULL
router_opts.acc_fac: 1.000000
router_opts.bb_factor: 3
router_opts.bend_cost: 0.000000
router_opts.first_iter_pres_fac: 0.000000
router_opts.initial_pres_fac: 0.500000
router_opts.pres_fac_mult: 1.300000
router_opts.max_pres_fac: 1000.000000
router_opts.max_router_iterations: 50
router_opts.min_incremental_reroute_fanout: 16
router_opts.initial_acc_cost_chan_congestion_threshold: 0.500000
router_opts.initial_acc_cost_chan_congestion_weight: 0.500000
router_opts.do_check_rr_graph: true
router_opts.verify_binary_search: false
router_opts.min_channel_width_hint: 0
router_opts.read_rr_edge_metadata: false
router_opts.exit_after_first_routing_iteration: false
router_opts.astar_fac: 1.200000
router_opts.astar_offset: 0.000000
router_opts.router_profiler_astar_fac: 1.200000
router_opts.enable_parallel_connection_router: false
router_opts.post_target_prune_fac: 1.200000
router_opts.post_target_prune_offset: 0
router_opts.multi_queue_num_threads: 1
router_opts.multi_queue_num_queues: 2
router_opts.multi_queue_direct_draining: false
router_opts.criticality_exp: 1.000000
router_opts.max_criticality: 0.990000
router_opts.init_wirelength_abort_threshold: 0.850000
router_opts.incr_reroute_delay_ripup: AUTO
router_opts.save_routing_per_iteration: false
router_opts.congested_routing_iteration_threshold_frac: 1.000000
router_opts.high_fanout_threshold: 64
router_opts.router_debug_net: -2
router_opts.router_debug_sink_rr: -2
router_opts.router_debug_iteration: -2
router_opts.max_convergence_count: 1
router_opts.reconvergence_cpd_threshold: 0.990000
router_opts.update_lower_bound_delays: true
router_opts.first_iteration_timing_report_file: 
router_opts.route_bb_update: DYNAMIC
router_opts.lookahead_type: MAP
router_opts.initial_timing: LOOKAHEAD
router_opts.router_heap: FOUR_ARY_HEAP
router_opts.routing_failure_predictor = SAFE
router_opts.routing_predictor_min_history: 8
router_opts.routing_budgets_algorithm = DISABLE

analysis_opts.gen_post_synthesis_netlist: false
analysis_opts.gen_post_implementation_merged_netlist: false
analysis_opts.gen_post_implementation_sdc: false
analysis_opts.timing_report_npaths: 100
analysis_opts.timing_report_skew: false
analysis_opts.echo_dot_timing_graph_node: -1
analysis_opts.timing_report_detail: NETLIST
analysis_opts.post_synth_netlist_unconn_input_handling: UNCONNECTED
analysis_opts.post_synth_netlist_unconn_output_handling: UNCONNECTED
analysis_opts.post_synth_netlist_module_parameters: on

# Building complex block graph
# Building complex block graph took 0.08 seconds (max_rss 32.3 MiB, delta_rss +0.0 MiB)
Circuit file: /inspire/hdd/project/project-public/changshunjie-253114010247/changshunjie-253114010247/workspace/DAC2027/TailCompile/experiments/vtr/runs/pilot_v1/attention_layer/full-seed1-w300/attention_layer.pre-vpr.blif
# Load circuit
Found 4 constant generator(s) in the netlist (2 constant-zero, 2 constant-one) (run with --netlist_verbosity 2 to list names)
# Load circuit took 0.56 seconds (max_rss 134.2 MiB, delta_rss +101.9 MiB)
# Clean circuit
Absorbed 7975 LUT buffers
Found 1090 primitive output pin(s) driven only by constants; marked them as constants
Swept input(s)      : 7
Swept output(s)     : 0 (0 dangling, 0 constant)
Swept net(s)        : 10126
Swept block(s)      : 33
Constant Pins Marked: 1090
# Clean circuit took 0.13 seconds (max_rss 134.2 MiB, delta_rss +0.0 MiB)
# Compress circuit
# Compress circuit took 0.07 seconds (max_rss 134.2 MiB, delta_rss +0.0 MiB)
# Verify circuit
# Verify circuit took 0.02 seconds (max_rss 134.2 MiB, delta_rss +0.0 MiB)
Circuit Statistics:
  Blocks: 40113
    .input            :    1052
    .latch            :    8844
    .names            :   17218
        0-LUT:       3
        1-LUT:    5989
        2-LUT:     920
        3-LUT:    4530
        4-LUT:    3023
        5-LUT:    1163
        6-LUT:    1590
    .output           :      32
    adder             :    9150
    addition_fp_clk_16:       1
    dual_port_ram     :    3680
    multiply          :     136
  Nets  : 50065
    Avg Fanout:     2.9
    Max Fanout: 12525.0
    Min Fanout:     1.0
  Netlist Clocks: 1
# Build Timing Graph
  Timing Graph Nodes: 245193
  Timing Graph Edges: 446068
  Timing Graph Levels: 66
# Build Timing Graph took 0.24 seconds (max_rss 200.0 MiB, delta_rss +61.7 MiB)
Netlist contains 1 clocks
  Netlist Clock 'clk' Fanout: 12525 pins (6.5%), 12525 blocks (31.2%)
# Load Timing Constraints

SDC file 'attention_layer.pre-vpr.sdc' not found
Setting default timing constraints:
   * constrain all primary inputs and primary outputs on netlist clock 'clk'
   * optimize netlist clock to run as fast as possible
Timing constraints created 1 clocks
  Constrained Clock 'clk' Source: 'clk.inpad[0]'

# Load Timing Constraints took 0.00 seconds (max_rss 200.0 MiB, delta_rss +0.0 MiB)
# Analytical Placement
## Prepacker

There is one chain in this architecture called "chain" with the following starting points:
	clb[0]/lab[0]/fle[0]/ble5[0]/arithmetic[0]/adder[0].cin[0]

## Prepacker took 0.04 seconds (max_rss 200.0 MiB, delta_rss +0.0 MiB)
## Initializing Pre-Cluster Timing
Using inter-cluster delay: 2.1832e-09
## Initializing Pre-Cluster Timing took 0.40 seconds (max_rss 205.2 MiB, delta_rss +5.2 MiB)
## Estimate Device Size
Device layout 'auto' with fixed width 88.
FPGA sized to 88 x 88: 7744 grid tiles (auto)
## Estimate Device Size took 0.00 seconds (max_rss 205.2 MiB, delta_rss +0.0 MiB)
## Ram Mapper
Flat Placement is provided, skipping the RAM mapping.
## Ram Mapper took 0.00 seconds (max_rss 205.2 MiB, delta_rss +0.0 MiB)
## Read Atom Netlist to AP Netlist
## Read Atom Netlist to AP Netlist took 0.28 seconds (max_rss 277.0 MiB, delta_rss +71.8 MiB)
Analytical Placement Netlist Statistics:
	AP Blocks: 25061
		Moveable AP Blocks: 25061
		Fixed AP Blocks: 0
	AP Nets: 34982
		Average Fanout: 2.94
		Highest Fanout: 257
	AP Pins: 193913

## Computing placement delta delay look-up
### Build routing resource graph
### Build routing resource graph took 4.27 seconds (max_rss 684.6 MiB, delta_rss +407.6 MiB)
  RR Graph Nodes: 1544620
  RR Graph Edges: 13178036
### Computing router lookahead map
#### Computing wire lookahead
#### Computing wire lookahead took 4.95 seconds (max_rss 684.6 MiB, delta_rss +0.0 MiB)
#### Computing src/opin lookahead
Warning 1: Found no more sample locations for SOURCE in io
Warning 2: Found no more sample locations for OPIN in io
Warning 3: Found no more sample locations for SOURCE in clb
Warning 4: Found no more sample locations for OPIN in clb
Warning 5: Found no more sample locations for SOURCE in dsp_top
Warning 6: Found no more sample locations for OPIN in dsp_top
Warning 7: Found no more sample locations for SOURCE in memory
Warning 8: Found no more sample locations for OPIN in memory
#### Computing src/opin lookahead took 0.18 seconds (max_rss 684.6 MiB, delta_rss +0.0 MiB)
### Computing router lookahead map took 5.15 seconds (max_rss 684.6 MiB, delta_rss +0.0 MiB)
Serial Connection Router is being destroyed. Time spent on path search: 0.000 seconds.
## Computing placement delta delay look-up took 9.68 seconds (max_rss 684.6 MiB, delta_rss +407.6 MiB)
Flat Placement is provided in the AP flow, skipping the Global Placement.
0 of 25061 molecules placed at device center (no atoms of these molecules found in flat placement).
## AP Full Legalizer
### Creating Clusters
Device (width, height): (88,88)
#### Sorting and Grouping Blocks by Tile
#### Sorting and Grouping Blocks by Tile took 0.01 seconds (max_rss 684.6 MiB, delta_rss +0.0 MiB)
#### Reconstruction Pass Clustering
#### Reconstruction Pass Clustering took 57.99 seconds (max_rss 684.6 MiB, delta_rss +0.0 MiB)
#### Orphan Window Clustering with search radius 8
#### Orphan Window Clustering with search radius 8 took 0.02 seconds (max_rss 684.6 MiB, delta_rss +0.0 MiB)
FPGA sized to 88 x 88: 7744 grid tiles (auto)
Device Utilization: 0.28 (target 1.00)
	Block Utilization: 0.39 Type: io
	Block Utilization: 0.19 Type: clb
	Block Utilization: 0.85 Type: dsp_top
	Block Utilization: 0.75 Type: memory

----------------------------------------------------------------
                       Clustering Summary                       
----------------------------------------------------------------
Clusters created (Self Clustering)                       : 2605
    dsp_top    : 107
    memory     : 194
    clb        : 1220
    io         : 1084
Clusters created (Orphan Window Clustering)              : 14
    clb        : 14
Total clusters                                           : 2619
Percent of clusters created in Orphan Window Clustering  : 0.53%
Molecules clustered in each stage breakdown  : (Total of 25061)
	Self Clustering          (0.998963)  : 25035
 	Neighbor Clustering      (0.000000)  : 0
	Orphan Window Clustering (0.001037)  : 26
----------------------------------------------------------------

Final Clustering Statistics: 
----------   --------   ------------------------------------   --------------------------
Block Type   # Blocks   Avg. # of input clocks and pins used   Avg. # of output pins used
----------   --------   ------------------------------------   --------------------------
     EMPTY          0                                      0                            0   
        io       1084                              0.0295203                      0.97048   
       clb       1234                                27.9692                      15.3752   
   dsp_top        107                                40.9813                      20.1869   
    memory        194                                49.6598                      18.9691   
Absorbed logical nets 24200 out of 50065 nets, 25865 nets not absorbed.
#### Load packing
##### Loading packed FPGA netlist file.
Netlist generated from file '/inspire/hdd/project/project-public/changshunjie-253114010247/changshunjie-253114010247/workspace/DAC2027/TailCompile/vtr_work/tailcompile_v3/attention_layer/4x4/gnn_candidate-fp5a2949bf-flat-recon-annealer-seed11-w120-devw88/attention_layer.locked-input.net'.
Detected 3 constant generators (to see names run with higher pack verbosity)
##### Loading packed FPGA netlist file. took 2.02 seconds (max_rss 749.1 MiB, delta_rss +64.5 MiB)
Warning 9: Treated 2 constant nets as global which will not be routed (to see net names increase packer verbosity).
Netlist contains 5542 global net to non-global architecture pin connections
Found 2 logic block(s) with only 1 output pin and no inputs; they may be constant generators (run with --pack_verbosity 3 to list them)
Completed clustering consistency check successfully.
Cluster level netlist and block usage statistics
Netlist num_nets: 25865
Netlist num_blocks: 2619
Netlist EMPTY blocks: 0.
Netlist io blocks: 1084.
Netlist clb blocks: 1234.
Netlist dsp_top blocks: 107.
Netlist memory blocks: 194.
Netlist inputs pins: 1052
Netlist output pins: 32

Pb types usage...
  io                   : 1084
   inpad               : 1052
   outpad              : 32
  clb                  : 1234
   lab                 : 1234
    fle                : 11240
     ble5              : 19054
      flut5            : 9904
       lut5            : 9613
        lut            : 9613
       ff              : 8130
      arithmetic       : 9150
       lut4            : 6015
        lut            : 6015
       adder           : 9150
     ble6              : 1590
      lut6             : 1590
       lut             : 1590
      ff               : 714
  dsp_top              : 107
   dsp                 : 107
    dsp_pb             : 107
     two_mult_18x19    : 136
      mult_18x19       : 136
     adder_fp16        : 1
  memory               : 194
   mem_1024x20_dp      : 194
    memory_slice       : 3680

#### Load packing took 2.39 seconds (max_rss 749.1 MiB, delta_rss +64.5 MiB)
Netlist contains 5542 global net to non-global architecture pin connections
Found 2 logic block(s) with only 1 output pin and no inputs; they may be constant generators (run with --pack_verbosity 3 to list them)
Cluster level netlist and block usage statistics
Netlist num_nets: 25865
Netlist num_blocks: 2619
Netlist EMPTY blocks: 0.
Netlist io blocks: 1084.
Netlist clb blocks: 1234.
Netlist dsp_top blocks: 107.
Netlist memory blocks: 194.
Netlist inputs pins: 1052
Netlist output pins: 32
### Creating Clusters took 61.59 seconds (max_rss 749.1 MiB, delta_rss +64.5 MiB)
Completed clustering consistency check successfully.
FPGA sized to 88 x 88: 7744 grid tiles (auto)
### Compressed grid construction
### Compressed grid construction took 0.00 seconds (max_rss 749.1 MiB, delta_rss +0.0 MiB)
### Initial Placement
Placing clusters that are part of larger macros...
Number of blocks to be placed: 16
Max distance on device: 176
---- ---------- ---------- -------------
Pass Max Displ. Num Blocks Num Blocks   
     Threshold  Placed     Left Unplaced
---- ---------- ---------- -------------
   0          0         12             4
   1          1          4             0

Placing general clusters...
Number of blocks to be placed: 2603
Max distance on device: 176
---- ---------- ---------- -------------
Pass Max Displ. Num Blocks Num Blocks   
     Threshold  Placed     Left Unplaced
---- ---------- ---------- -------------
   0          0       2589            14
   1          1          9             5
   2          2          2             3
   3          4          3             0

### Initial Placement took 0.01 seconds (max_rss 749.1 MiB, delta_rss +0.0 MiB)
Flat Placement Reconstruction Info:
	Percent of clusters with reconstruction errors: 0.267278
	Total displacement of initial placement from flat placement: 15302.000000
	Average atom displacement of initial placement from flat placement: 0.381472
	Max atom displacement of initial placement from flat placement: 62.000000
	Percent of atoms misplaced from the flat placement: 1.819859
## AP Full Legalizer took 61.90 seconds (max_rss 749.1 MiB, delta_rss +64.5 MiB)

Resource usage...
	Netlist
		1084	blocks of type: io
	Architecture
		2752	blocks of type: io
	Netlist
		1234	blocks of type: clb
	Architecture
		6376	blocks of type: clb
	Netlist
		107	blocks of type: dsp_top
	Architecture
		126	blocks of type: dsp_top
	Netlist
		194	blocks of type: memory
	Architecture
		258	blocks of type: memory

Device Utilization: 0.28 (target 1.00)
	Physical Tile io:
	Block Utilization: 0.39 Logical Block: io
	Physical Tile clb:
	Block Utilization: 0.19 Logical Block: clb
	Physical Tile dsp_top:
	Block Utilization: 0.85 Logical Block: dsp_top
	Physical Tile memory:
	Block Utilization: 0.75 Logical Block: memory

## Computing placement delta delay look-up
RR graph channel widths unchanged, skipping RR graph rebuild
Serial Connection Router is being destroyed. Time spent on path search: 0.000 seconds.
## Computing placement delta delay look-up took 0.02 seconds (max_rss 749.1 MiB, delta_rss +0.0 MiB)
Using simple RL 'Softmax agent' for choosing move and block types

Completed placement consistency check successfully.
Initial placement cost: 1 bb_cost: 8771.95 td_cost: 1.71594e-05
Initial placement BB estimate of wirelength: 1.0522e+06
Initial placement estimated Critical Path Delay (CPD): 16.7646 ns
Initial placement estimated setup Total Negative Slack (sTNS): -128871 ns
Initial placement estimated setup Worst Negative Slack (sWNS): -16.7646 ns

Initial placement estimated setup slack histogram:
[ -1.7e-08: -1.5e-08)     8 (  0.0%) |
[ -1.5e-08: -1.3e-08)     6 (  0.0%) |
[ -1.3e-08: -1.2e-08)    37 (  0.1%) |
[ -1.2e-08:   -1e-08)   141 (  0.3%) |
[   -1e-08: -8.5e-09)   294 (  0.6%) |
[ -8.5e-09: -6.8e-09)   855 (  1.6%) |*
[ -6.8e-09: -5.2e-09)  1285 (  2.4%) |**
[ -5.2e-09: -3.5e-09)  3110 (  5.9%) |*****
[ -3.5e-09: -1.9e-09) 26948 ( 51.1%) |*********************************************
[ -1.9e-09: -1.9e-10) 20078 ( 38.1%) |**********************************
Placement contains 8 placement macros involving 16 blocks (average macro size 2.000000)

Moves per temperature: 18045
## AP Detailed Placer

---- ------ ------- ------- ---------- ---------- ------- ---------- -------- ------- ------- ------ -------- --------- ------
Tnum  Time     T    AvCost  Av BB Cost Av TD Cost   CPD      sTNS      sWNS   AcRate  StdDev  R lim  CritExp  TotMoves  Alpha 
     (sec)                                          (ns)     (ns)      (ns)                                                   
---- ------ ------- ------- ---------- ---------- ------- ---------- -------- ------- ------- ------ -------- --------- ------
   1    0.2 6.6e-04   0.956    7281.19 1.3844e-05  16.161  -1.23e+05  -16.161   0.826  0.0196   87.0     1.00      18045  1.000
   2    0.2 5.9e-04   0.947    6906.72 1.7731e-05  12.202  -1.21e+05  -12.202   0.812  0.0198   87.0     1.00      36090  0.900
   3    0.2 5.4e-04   0.961    6569.61 1.801e-05   11.445  -1.21e+05  -11.445   0.794  0.0199   87.0     1.00      54135  0.900
   4    0.2 5.1e-04   0.959    6084.89 1.5547e-05  12.412  -1.19e+05  -12.412   0.772  0.0103   87.0     1.00      72180  0.950
   5    0.2 4.8e-04   0.971    5885.89 1.7737e-05  10.725  -1.19e+05  -10.725   0.768  0.0095   87.0     1.00      90225  0.950
   6    0.2 4.6e-04   0.957    5484.99 1.4536e-05  12.443  -1.16e+05  -12.443   0.750  0.0198   87.0     1.00     108270  0.950
   7    0.2 4.4e-04   0.964    5181.56 1.4994e-05  11.542  -1.13e+05  -11.542   0.743  0.0185   87.0     1.00     126315  0.950
   8    0.2 4.1e-04   0.969    4890.75 1.6269e-05  10.228  -1.14e+05  -10.228   0.729  0.0103   87.0     1.00     144360  0.950
   9    0.2 3.9e-04   0.974    4661.35 1.5161e-05  10.592  -1.12e+05  -10.592   0.716  0.0088   87.0     1.00     162405  0.950
  10    0.2 3.7e-04   0.978    4507.51 1.4219e-05  11.109  -1.11e+05  -11.109   0.718  0.0084   87.0     1.00     180450  0.950
  11    0.2 3.6e-04   0.982    4428.81 1.5041e-05  10.412  -1.14e+05  -10.412   0.704  0.0100   87.0     1.00     198495  0.950
  12    0.2 3.4e-04   0.978    4256.72 1.2373e-05  12.424   -1.1e+05  -12.424   0.697  0.0130   87.0     1.00     216540  0.950
  13    0.2 3.2e-04   0.979    4107.96 1.4096e-05  10.605  -1.09e+05  -10.605   0.683  0.0126   87.0     1.00     234585  0.950
  14    0.2 3.0e-04   0.992    3976.87 1.3214e-05  11.062  -1.09e+05  -11.062   0.678  0.0035   87.0     1.00     252630  0.950
  15    0.2 2.9e-04   0.978    3864.70 1.5086e-05   9.631   -1.1e+05   -9.631   0.679  0.0106   87.0     1.00     270675  0.950
  16    0.2 2.7e-04   0.989    3779.21 1.4287e-05   9.960  -1.07e+05   -9.960   0.666  0.0070   87.0     1.00     288720  0.950
  17    0.2 2.6e-04   0.981    3689.18 1.5282e-05   9.183  -1.07e+05   -9.183   0.658  0.0083   87.0     1.00     306765  0.950
  18    0.2 2.5e-04   0.989    3596.72 1.4373e-05   9.655  -1.09e+05   -9.655   0.643  0.0071   87.0     1.00     324810  0.950
  19    0.2 2.4e-04   0.986    3502.55 1.4056e-05   9.705  -1.09e+05   -9.705   0.635  0.0044   87.0     1.00     342855  0.950
  20    0.2 2.2e-04   0.989    3488.00 1.2876e-05  10.577  -1.06e+05  -10.577   0.632  0.0060   87.0     1.00     360900  0.950
  21    0.2 2.1e-04   0.987    3403.76 1.3712e-05   9.803  -1.07e+05   -9.803   0.615  0.0056   87.0     1.00     378945  0.950
  22    0.2 2.0e-04   0.982    3353.44 1.3993e-05   9.534  -1.06e+05   -9.534   0.608  0.0075   87.0     1.00     396990  0.950
  23    0.2 1.9e-04   0.982    3282.24 1.5112e-05   8.668  -1.07e+05   -8.668   0.600  0.0092   87.0     1.00     415035  0.950
  24    0.2 1.8e-04   0.995    3220.58 1.4787e-05   8.729  -1.08e+05   -8.729   0.588  0.0027   87.0     1.00     433080  0.950
  25    0.2 1.7e-04   0.990    3195.29 1.4452e-05   8.935  -1.05e+05   -8.935   0.585  0.0043   87.0     1.00     451125  0.950
  26    0.2 1.6e-04   0.986    3149.59 1.2978e-05   9.909  -1.04e+05   -9.909   0.577  0.0075   87.0     1.00     469170  0.950
  27    0.2 1.6e-04   0.989    3112.91 1.3055e-05   9.683  -1.04e+05   -9.683   0.575  0.0051   87.0     1.00     487215  0.950
  28    0.2 1.5e-04   0.982    3051.44 1.3493e-05   9.307  -1.04e+05   -9.307   0.553  0.0061   87.0     1.00     505260  0.950
  29    0.2 1.4e-04   0.992    3036.96 1.3235e-05   9.414  -1.05e+05   -9.414   0.548  0.0032   87.0     1.00     523305  0.950
  30    0.2 1.3e-04   0.993    3020.14 1.3709e-05   9.047  -1.04e+05   -9.047   0.539  0.0026   87.0     1.00     541350  0.950
  31    0.2 1.3e-04   0.983    2977.77 1.4232e-05   8.657  -1.05e+05   -8.657   0.529  0.0067   87.0     1.00     559395  0.950
  32    0.2 1.2e-04   0.989    2928.18 1.3819e-05   8.762  -1.05e+05   -8.762   0.513  0.0041   87.0     1.00     577440  0.950
  33    0.2 1.1e-04   0.990    2904.40 1.2976e-05   9.253  -1.02e+05   -9.253   0.514  0.0036   87.0     1.00     595485  0.950
  34    0.2 1.1e-04   0.992    2863.51 1.2911e-05   9.276  -1.04e+05   -9.276   0.493  0.0043   87.0     1.00     613530  0.950
  35    0.2 1.0e-04   0.988    2819.23 1.421e-05    8.316  -1.04e+05   -8.316   0.476  0.0063   87.0     1.00     631575  0.950
  36    0.2 9.9e-05   0.994    2792.91 1.3005e-05   9.006  -1.03e+05   -9.006   0.474  0.0036   87.0     1.00     649620  0.950
  37    0.2 9.4e-05   0.993    2763.27 1.3961e-05   8.352  -1.03e+05   -8.352   0.458  0.0026   87.0     1.00     667665  0.950
  38    0.2 8.9e-05   0.988    2735.48 1.361e-05    8.517  -1.04e+05   -8.517   0.452  0.0047   87.0     1.00     685710  0.950
  39    0.2 8.4e-05   0.993    2718.34 1.3216e-05   8.689  -1.01e+05   -8.689   0.434  0.0034   87.0     1.00     703755  0.950
  40    0.2 8.0e-05   0.991    2684.71 1.2689e-05   8.670  -1.01e+05   -8.670   0.415  0.0033   86.4     1.05     721800  0.950
  41    0.2 7.6e-05   0.988    2653.27 1.0613e-05   8.862  -1.03e+05   -8.862   0.409  0.0049   84.3     1.22     739845  0.950
  42    0.2 7.2e-05   0.990    2636.15 9.3862e-06   8.517  -1.02e+05   -8.517   0.407  0.0053   81.7     1.43     757890  0.950
  43    0.2 6.9e-05   0.989    2601.85 7.6108e-06   8.704  -1.02e+05   -8.704   0.384  0.0038   79.0     1.65     775935  0.950
  44    0.2 6.5e-05   0.994    2583.41 6.3761e-06   8.306  -1.03e+05   -8.306   0.377  0.0022   74.6     2.01     793980  0.950
  45    0.2 6.2e-05   0.993    2571.86 4.9298e-06   8.357  -1.04e+05   -8.357   0.375  0.0035   69.9     2.39     812025  0.950
  46    0.2 5.9e-05   0.993    2551.78 4.1115e-06   8.203  -1.03e+05   -8.203   0.365  0.0020   65.3     2.76     830070  0.950
  47    0.2 5.6e-05   0.990    2542.19 3.3574e-06   8.173  -1.05e+05   -8.173   0.360  0.0041   60.5     3.16     848115  0.950
  48    0.2 5.3e-05   0.992    2517.91 2.8192e-06   8.071  -1.06e+05   -8.071   0.346  0.0035   55.6     3.56     866160  0.950
  49    0.2 5.1e-05   0.995    2506.87 2.363e-06    8.041  -1.04e+05   -8.041   0.339  0.0022   50.4     3.98     884205  0.950
  50    0.2 4.8e-05   0.993    2494.88 2.0424e-06   7.948  -1.07e+05   -7.948   0.334  0.0034   45.3     4.39     902250  0.950
  51    0.2 4.6e-05   0.993    2476.94 1.6566e-06   8.041  -1.08e+05   -8.041   0.331  0.0037   40.5     4.78     920295  0.950
  52    0.2 4.3e-05   0.995    2455.17 1.3595e-06   8.041  -1.07e+05   -8.041   0.313  0.0029   36.1     5.15     938340  0.950
  53    0.2 4.1e-05   0.994    2432.42 1.1247e-06   8.092  -1.09e+05   -8.092   0.310  0.0026   31.5     5.52     956385  0.950
  54    0.2 3.9e-05   0.994    2410.04 1.0616e-06   7.978  -1.08e+05   -7.978   0.294  0.0033   27.4     5.85     974430  0.950
  55    0.2 3.7e-05   0.997    2398.93 9.041e-07    7.978  -1.08e+05   -7.978   0.293  0.0023   23.4     6.18     992475  0.950
  56    0.2 3.5e-05   0.994    2378.95 8.0951e-07   7.978  -1.09e+05   -7.978   0.284  0.0026   19.9     6.46    1010520  0.950
  57    0.2 3.4e-05   0.996    2361.21 7.1273e-07   7.973  -1.06e+05   -7.973   0.283  0.0016   16.8     6.71    1028565  0.950
  58    0.2 3.2e-05   0.996    2352.35 6.5633e-07   7.973  -1.07e+05   -7.973   0.280  0.0022   14.2     6.93    1046610  0.950
  59    0.2 3.0e-05   0.993    2331.18 6.0405e-07   7.973  -1.07e+05   -7.973   0.287  0.0029   11.9     7.11    1064655  0.950
  60    0.2 2.9e-05   0.997    2315.52 5.8756e-07   7.914  -1.06e+05   -7.914   0.279  0.0015   10.1     7.26    1082700  0.950
  61    0.2 2.7e-05   0.995    2301.96 5.4956e-07   7.914  -1.06e+05   -7.914   0.272  0.0023    8.5     7.39    1100745  0.950
  62    0.2 2.6e-05   0.998    2290.25 5.2292e-07   7.914  -1.07e+05   -7.914   0.271  0.0009    7.0     7.51    1118790  0.950
  63    0.2 2.5e-05   0.997    2284.88 5.2477e-07   7.884  -1.06e+05   -7.884   0.270  0.0020    5.9     7.60    1136835  0.950
  64    0.2 2.3e-05   0.997    2270.97 4.8038e-07   7.914  -1.05e+05   -7.914   0.266  0.0017    4.9     7.69    1154880  0.950
  65    0.2 2.2e-05   0.998    2262.68 4.6131e-07   7.914  -1.06e+05   -7.914   0.248  0.0009    4.0     7.75    1172925  0.950
  66    0.2 2.1e-05   0.997    2255.48 4.5674e-07   7.914  -1.06e+05   -7.914   0.253  0.0012    3.2     7.82    1190970  0.950
  67    0.2 2.0e-05   0.997    2249.89 4.3934e-07   7.914  -1.05e+05   -7.914   0.262  0.0015    2.6     7.87    1209015  0.950
  68    0.2 1.9e-05   0.998    2241.50 4.146e-07    7.973  -1.04e+05   -7.973   0.255  0.0013    2.2     7.91    1227060  0.950
  69    0.2 1.8e-05   0.997    2227.64 4.2707e-07   7.914  -1.05e+05   -7.914   0.262  0.0015    1.8     7.94    1245105  0.950
  70    0.2 1.7e-05   0.998    2222.76 4.2089e-07   7.914  -1.06e+05   -7.914   0.252  0.0008    1.5     7.96    1263150  0.950
  71    0.2 1.6e-05   0.998    2220.28 4.2887e-07   7.884  -1.05e+05   -7.884   0.243  0.0010    1.2     7.99    1281195  0.950
  72    0.2 1.6e-05   0.998    2218.25 3.82e-07     7.987  -1.06e+05   -7.987   0.237  0.0006    1.0     8.00    1299240  0.950
  73    0.2 1.5e-05   0.999    2213.81 3.8763e-07   7.957  -1.06e+05   -7.957   0.230  0.0007    1.0     8.00    1317285  0.950
  74    0.2 1.4e-05   0.999    2210.23 4.1655e-07   7.884  -1.06e+05   -7.884   0.228  0.0007    1.0     8.00    1335330  0.950
  75    0.2 1.3e-05   0.998    2205.95 4.0415e-07   7.914  -1.06e+05   -7.914   0.218  0.0009    1.0     8.00    1353375  0.950
  76    0.2 1.3e-05   0.999    2202.33 3.8993e-07   7.957  -1.05e+05   -7.957   0.216  0.0006    1.0     8.00    1371420  0.950
  77    0.2 1.2e-05   0.999    2198.64 3.8543e-07   7.957  -1.05e+05   -7.957   0.206  0.0005    1.0     8.00    1389465  0.950
  78    0.2 1.1e-05   0.998    2196.16 3.806e-07    7.957  -1.05e+05   -7.957   0.200  0.0005    1.0     8.00    1407510  0.950
  79    0.2 1.1e-05   0.999    2193.78 3.7624e-07   7.957  -1.05e+05   -7.957   0.193  0.0004    1.0     8.00    1425555  0.950
  80    0.2 1.0e-05   0.999    2190.27 3.7705e-07   7.957  -1.06e+05   -7.957   0.194  0.0003    1.0     8.00    1443600  0.950
  81    0.2 9.8e-06   0.999    2188.56 4.0119e-07   7.884  -1.05e+05   -7.884   0.191  0.0004    1.0     8.00    1461645  0.950
  82    0.2 9.3e-06   0.999    2187.92 3.9984e-07   7.884  -1.05e+05   -7.884   0.183  0.0003    1.0     8.00    1479690  0.950
  83    0.2 8.8e-06   0.999    2184.27 4.0179e-07   7.884  -1.05e+05   -7.884   0.182  0.0005    1.0     8.00    1497735  0.950
  84    0.2 8.4e-06   0.999    2181.58 3.7503e-07   7.973  -1.05e+05   -7.973   0.183  0.0003    1.0     8.00    1515780  0.950
  85    0.2 8.0e-06   1.000    2180.65 4.0506e-07   7.884  -1.04e+05   -7.884   0.176  0.0003    1.0     8.00    1533825  0.950
  86    0.2 7.6e-06   0.999    2177.69 4.0147e-07   7.884  -1.05e+05   -7.884   0.173  0.0004    1.0     8.00    1551870  0.950
  87    0.2 7.2e-06   0.999    2175.14 3.7509e-07   7.957  -1.05e+05   -7.957   0.168  0.0004    1.0     8.00    1569915  0.950
  88    0.2 6.8e-06   1.000    2174.19 3.9563e-07   7.884  -1.05e+05   -7.884   0.162  0.0003    1.0     8.00    1587960  0.950
  89    0.2 6.5e-06   0.999    2173.73 3.6993e-07   7.957  -1.04e+05   -7.957   0.156  0.0003    1.0     8.00    1606005  0.950
  90    0.2 6.2e-06   1.000    2172.60 3.8404e-07   7.914  -1.05e+05   -7.914   0.161  0.0002    1.0     8.00    1624050  0.950
  91    0.2 5.9e-06   0.999    2171.34 3.8365e-07   7.914  -1.05e+05   -7.914   0.162  0.0003    1.0     8.00    1642095  0.950
  92    0.2 5.6e-06   0.999    2169.31 3.8428e-07   7.914  -1.05e+05   -7.914   0.154  0.0002    1.0     8.00    1660140  0.950
  93    0.2 5.3e-06   0.999    2168.38 3.856e-07    7.914  -1.05e+05   -7.914   0.157  0.0002    1.0     8.00    1678185  0.950
  94    0.2 5.0e-06   0.999    2167.05 3.8673e-07   7.914  -1.06e+05   -7.914   0.152  0.0002    1.0     8.00    1696230  0.950
  95    0.2 4.8e-06   1.000    2166.89 3.8437e-07   7.914  -1.06e+05   -7.914   0.151  0.0002    1.0     8.00    1714275  0.950
  96    0.2 4.5e-06   0.999    2166.16 3.8307e-07   7.914  -1.06e+05   -7.914   0.152  0.0002    1.0     8.00    1732320  0.950
  97    0.2 4.3e-06   1.000    2165.05 3.8331e-07   7.914  -1.05e+05   -7.914   0.149  0.0002    1.0     8.00    1750365  0.950
Agent's 2nd state: 
  98    0.2 3.4e-06   1.000    2164.07 3.8303e-07   7.914  -1.05e+05   -7.914   0.145  0.0002    1.0     8.00    1768410  0.800
Checkpoint saved: bb_costs=2163.51, TD costs=3.84544e-07, CPD=  7.914 (ns) 
  99    0.2 2.8e-06   1.000    2162.57 3.8442e-07   7.914  -1.05e+05   -7.914   0.101  0.0002    1.0     8.00    1786455  0.800
 100    0.2 2.2e-06   1.000    2161.57 3.8278e-07   7.914  -1.05e+05   -7.914   0.097  0.0001    1.0     8.00    1804500  0.800
 101    0.2 1.8e-06   1.000    2161.08 3.8228e-07   7.914  -1.06e+05   -7.914   0.096  0.0001    1.0     8.00    1822545  0.800
 102    0.2 1.4e-06   1.000    2160.93 3.8215e-07   7.914  -1.05e+05   -7.914   0.092  0.0001    1.0     8.00    1840590  0.800
 103    0.2 1.1e-06   1.000    2159.78 3.8188e-07   7.914  -1.05e+05   -7.914   0.089  0.0001    1.0     8.00    1858635  0.800
Checkpoint saved: bb_costs=2159.37, TD costs=3.92339e-07, CPD=  7.884 (ns) 
 104    0.2 9.0e-07   1.000    2159.41 3.9214e-07   7.884  -1.06e+05   -7.884   0.090  0.0001    1.0     8.00    1876680  0.800
 105    0.2 7.2e-07   1.000    2159.15 3.8129e-07   7.914  -1.05e+05   -7.914   0.087  0.0001    1.0     8.00    1894725  0.800
 106    0.2 5.8e-07   1.000    2158.90 3.818e-07    7.914  -1.05e+05   -7.914   0.084  0.0001    1.0     8.00    1912770  0.800
 107    0.2 4.6e-07   1.000    2158.30 3.8156e-07   7.914  -1.05e+05   -7.914   0.089  0.0001    1.0     8.00    1930815  0.800
 108    0.2 3.7e-07   1.000    2158.02 3.8142e-07   7.914  -1.05e+05   -7.914   0.085  0.0001    1.0     8.00    1948860  0.800
 109    0.2 3.0e-07   1.000    2157.79 3.8099e-07   7.914  -1.05e+05   -7.914   0.084  0.0001    1.0     8.00    1966905  0.800
 110    0.2 2.4e-07   1.000    2157.52 3.8097e-07   7.914  -1.05e+05   -7.914   0.081  0.0001    1.0     8.00    1984950  0.800
 111    0.2 0.0e+00   1.000    2157.20 3.8219e-07   7.914  -1.05e+05   -7.914   0.046  0.0001    1.0     8.00    2002995  0.800
### Placement Quench took 0.18 seconds (max_rss 749.1 MiB)
post-quench CPD = 7.91405 (ns) 

Checkpoint restored

Completed placement consistency check successfully.

Swaps called: 2005614

Aborted Move Reasons:
  duplicate block move to location: 5
  macro_from swap to location illegal: 962

BB estimate of min-dist (placement) wire length: 258942

Placement estimated critical path delay (least slack): 7.88435 ns, Fmax: 126.834 MHz
Placement estimated critical path skew: -0.04243 ns
Placement estimated setup Worst Negative Slack (sWNS): -7.88435 ns
Placement estimated setup Total Negative Slack (sTNS): -105628 ns
Placement estimated setup Worst Skew (sWS): -0.04243 ns

Placement estimated setup slack histogram:
[ -7.9e-09: -7.1e-09)     5 (  0.0%) |
[ -7.1e-09: -6.3e-09)    40 (  0.1%) |
[ -6.3e-09: -5.6e-09)   292 (  0.6%) |*
[ -5.6e-09: -4.8e-09)   479 (  0.9%) |*
[ -4.8e-09:   -4e-09)   448 (  0.8%) |*
[   -4e-09: -3.3e-09)  2242 (  4.2%) |*****
[ -3.3e-09: -2.5e-09)  8436 ( 16.0%) |*******************
[ -2.5e-09: -1.7e-09) 19826 ( 37.6%) |*********************************************
[ -1.7e-09: -9.6e-10) 15435 ( 29.3%) |***********************************
[ -9.6e-10: -1.9e-10)  5559 ( 10.5%) |*************

Placement estimated geomean non-virtual intra-domain period: 7.88435 ns (126.834 MHz)
Placement estimated fanout-weighted geomean non-virtual intra-domain period: 7.88435 ns (126.834 MHz)

Placement cost: 1, bb_cost: 2159.37, td_cost: 3.92339e-07, 

Placement resource usage:
  io      implemented as io     : 1084
  clb     implemented as clb    : 1234
  dsp_top implemented as dsp_top: 107
  memory  implemented as memory : 194

Placement number of temperatures: 111
Placement total # of swap attempts: 2005614
	Swaps accepted:  729169 (36.4 %)
	Swaps rejected: 1265063 (63.1 %)
	Swaps aborted:   11382 ( 0.6 %)


Placement perturbation distribution by block and move type: 
------------------ ----------------- ---------------- ---------------- --------------- ------------ 
    Block Type         Move Type       (%) of Total      Accepted(%)     Rejected(%)    Aborted(%)
------------------ ----------------- ---------------- ---------------- --------------- ------------ 
io                 Uniform                9.87             53.89           46.11          0.00         
                   Median                 9.80             60.12           39.06          0.81         
                   Centroid               9.80             60.64           39.36          0.00         
                   W. Centroid            9.85             60.60           39.39          0.00         
                   W. Median              0.69             24.51           74.71          0.78         

clb                Uniform                11.18            6.58            93.32          0.10         
                   Median                 11.22            35.25           63.99          0.76         
                   Centroid               11.17            32.96           66.95          0.09         
                   W. Centroid            11.20            33.59           66.31          0.10         
                   W. Median              0.79             2.39            96.85          0.77         
                   Crit. Uniform          1.67             0.00            100.00         0.00         
                   Feasible Region        1.67             0.00            100.00         0.00         

dsp_top            Uniform                0.98             1.47            98.53          0.00         
                   Median                 0.97             3.83            89.30          6.87         
                   Centroid               0.97             3.80            89.77          6.43         
                   W. Centroid            0.96             3.92            89.77          6.31         
                   W. Median              0.07             0.00            84.24          15.76        

memory             Uniform                1.77             6.88            93.12          0.00         
                   Median                 1.74             14.44           80.34          5.22         
                   Centroid               1.76             11.80           85.44          2.76         
                   W. Centroid            1.76             11.35           88.48          0.17         
                   W. Median              0.12             2.48            85.06          12.46        


Placement Quench timing analysis took 0.0450292 seconds (0.0386155 STA, 0.0064137 slack) (1 full updates: 1 setup, 0 hold, 0 combined).
Placement Total  timing analysis took 5.82433 seconds (4.80853 STA, 1.0158 slack) (114 full updates: 114 setup, 0 hold, 0 combined).
update_td_costs: connections 0.0436532 nets 0 sum_nets 0.0205082 total 0.0643916
## AP Detailed Placer took 19.71 seconds (max_rss 758.5 MiB, delta_rss +9.5 MiB)
Incr Slack updates 114 in 0.194162 sec
Full Max Req/Worst Slack updates 48 in 0.0538741 sec
Incr Max Req/Worst Slack updates 66 in 0.097598 sec
Incr Criticality updates 36 in 0.111548 sec
Full Criticality updates 78 in 0.43013 sec
Incr Slack updates 1 in 0.00167737 sec
Full Max Req/Worst Slack updates 1 in 0.00116627 sec
Incr Max Req/Worst Slack updates 0 in 0 sec
Incr Criticality updates 0 in 0 sec
Full Criticality updates 1 in 0.00608999 sec
# Analytical Placement took 92.70 seconds (max_rss 758.5 MiB, delta_rss +558.6 MiB)


# Routing
RR graph channel widths unchanged, skipping RR graph rebuild
## Initializing router criticalities
Initial Net Connection Criticality Histogram:
[        0:      0.1) 7081 ( 14.6%) |*****************************************
[      0.1:      0.2) 7860 ( 16.2%) |**********************************************
[      0.2:      0.3) 7350 ( 15.1%) |*******************************************
[      0.3:      0.4) 3392 (  7.0%) |********************
[      0.4:      0.5) 6139 ( 12.6%) |************************************
[      0.5:      0.6) 7495 ( 15.4%) |********************************************
[      0.6:      0.7) 5922 ( 12.2%) |***********************************
[      0.7:      0.8) 2519 (  5.2%) |***************
[      0.8:      0.9)  739 (  1.5%) |****
[      0.9:        1)   68 (  0.1%) |
## Initializing router criticalities took 0.64 seconds (max_rss 758.5 MiB, delta_rss +0.0 MiB)
---- ------ ------- ---- ------- ------- ------- ----------------- --------------- -------- ---------- ---------- ---------- ---------- --------
Iter   Time    pres  BBs    Heap  Re-Rtd  Re-Rtd Overused RR Nodes      Wirelength      CPD       sTNS       sWNS       hTNS       hWNS Est Succ
      (sec)     fac Updt    push    Nets   Conns                                       (ns)       (ns)       (ns)       (ns)       (ns)     Iter
---- ------ ------- ---- ------- ------- ------- ----------------- --------------- -------- ---------- ---------- ---------- ---------- --------
   1    1.0     0.0    0 5766873   25862   41715   23588 ( 1.527%)  412380 (23.0%)    9.961 -1.602e+05     -9.961      0.000      0.000      N/A
   2    1.0     0.5    0 5546791   19551   34157   13059 ( 0.845%)  409114 (22.8%)    7.568 -1.431e+05     -7.568      0.000      0.000      N/A
   3    0.9     0.6    0 4631130   14584   26530   11187 ( 0.724%)  416595 (23.2%)    7.568 -1.407e+05     -7.568      0.000      0.000      N/A
   4    0.8     0.8    0 4158601   12476   23381    9068 ( 0.587%)  422225 (23.5%)    7.490 -1.414e+05     -7.490      0.000      0.000      N/A
   5    0.7     1.1    0 3517235   10487   20280    6667 ( 0.432%)  427071 (23.8%)    7.490 -1.425e+05     -7.490      0.000      0.000      N/A
   6    0.6     1.4    0 2920449    8415   16851    5054 ( 0.327%)  431633 (24.0%)    7.490 -1.430e+05     -7.490      0.000      0.000      N/A
   7    0.5     1.9    0 2043693    6612   13688    3719 ( 0.241%)  436110 (24.3%)    7.490 -1.428e+05     -7.490      0.000      0.000      N/A
   8    0.4     2.4    0 1423781    5079   10609    2629 ( 0.170%)  440473 (24.5%)    7.490 -1.431e+05     -7.490      0.000      0.000      N/A
   9    0.3     3.1    0 1027064    3630    7847    1741 ( 0.113%)  444090 (24.7%)    7.490 -1.439e+05     -7.490      0.000      0.000       31
  10    0.3     4.1    0  648641    2507    5648    1111 ( 0.072%)  447247 (24.9%)    7.570 -1.439e+05     -7.570      0.000      0.000       29
  11    0.2     5.3    0  416672    1642    3843     689 ( 0.045%)  449843 (25.1%)    7.570 -1.440e+05     -7.570      0.000      0.000       28
  12    0.2     6.9    0  301380    1037    2526     417 ( 0.027%)  451853 (25.2%)    7.570 -1.440e+05     -7.570      0.000      0.000       26
  13    0.2     9.0    0  241643     643    1605     222 ( 0.014%)  453383 (25.2%)    7.570 -1.443e+05     -7.570      0.000      0.000       25
  14    0.2    11.6    0  163962     333     837     101 ( 0.007%)  454383 (25.3%)    7.570 -1.444e+05     -7.570      0.000      0.000       23
  15    0.2    15.1    0  121596     152     384      39 ( 0.003%)  455129 (25.3%)    7.570 -1.444e+05     -7.570      0.000      0.000       22
  16    0.1    19.7    0   70575      79     168      21 ( 0.001%)  455295 (25.4%)    7.570 -1.444e+05     -7.570      0.000      0.000       21
  17    0.1    25.6    0   49234      43      85       8 ( 0.001%)  455502 (25.4%)    7.570 -1.444e+05     -7.570      0.000      0.000       21
  18    0.1    33.3    0   31527      31      70       4 ( 0.000%)  455563 (25.4%)    7.570 -1.444e+05     -7.570      0.000      0.000       20
  19    0.1    43.3    0    8767      26      54       2 ( 0.000%)  455652 (25.4%)    7.570 -1.444e+05     -7.570      0.000      0.000       20
  20    0.1    56.2    0    7355      25      52       3 ( 0.000%)  455592 (25.4%)    7.570 -1.444e+05     -7.570      0.000      0.000       20
  21    0.1    73.1    0    9115      24      51       0 ( 0.000%)  455688 (25.4%)    7.570 -1.444e+05     -7.570      0.000      0.000      N/A
Restoring best routing
Critical path: 7.56976 ns
Successfully routed after 21 routing iterations.
Final Net Connection Criticality Histogram:
[        0:      0.1) 7376 ( 15.2%) |****************************************
[      0.1:      0.2) 3866 (  8.0%) |*********************
[      0.2:      0.3) 7557 ( 15.6%) |*****************************************
[      0.3:      0.4) 5049 ( 10.4%) |****************************
[      0.4:      0.5) 3431 (  7.1%) |*******************
[      0.5:      0.6) 8419 ( 17.3%) |**********************************************
[      0.6:      0.7) 7226 ( 14.9%) |***************************************
[      0.7:      0.8) 3869 (  8.0%) |*********************
[      0.8:      0.9) 1480 (  3.0%) |********
[      0.9:        1)  292 (  0.6%) |**
Router Stats: total_nets_routed: 113238 total_connections_routed: 210381 total_heap_pushes: 33106084 total_heap_pops: 9202121 
Serial Connection Router is being destroyed. Time spent on path search: 4.404 seconds.
# Routing took 8.91 seconds (max_rss 786.7 MiB, delta_rss +28.1 MiB)

Checking to ensure routing is legal...
# Checking to ensure non-configurable edges are legal
# Checking to ensure non-configurable edges are legal took 0.07 seconds (max_rss 786.7 MiB, delta_rss +0.0 MiB)
Completed routing consistency check successfully.

Serial number (magic cookie) for the routing is: 219699589
Circuit successfully routed with a channel width factor of 120.
Incr Slack updates 22 in 0.0372413 sec
Full Max Req/Worst Slack updates 3 in 0.00349194 sec
Incr Max Req/Worst Slack updates 19 in 0.0288536 sec
Incr Criticality updates 17 in 0.0514396 sec
Full Criticality updates 5 in 0.0326128 sec
# Synchronize the packed netlist to routing optimization
## Annotating rr_node with routed nets
## Annotating rr_node with routed nets took 0.01 seconds (max_rss 786.7 MiB, delta_rss +0.0 MiB)
Found 43935 mismatches between routing and packing results.
Fixed 30780 routing traces due to mismatch between routing and packing results.
# Synchronize the packed netlist to routing optimization took 0.29 seconds (max_rss 786.7 MiB, delta_rss +0.0 MiB)
Final Clustering Statistics: 
----------   --------   ------------------------------------   --------------------------
Block Type   # Blocks   Avg. # of input clocks and pins used   Avg. # of output pins used
----------   --------   ------------------------------------   --------------------------
     EMPTY          0                                      0                            0   
        io       1084                              0.0295203                      0.97048   
       clb       1234                                27.9692                      15.3752   
   dsp_top        107                                40.9813                      20.1869   
    memory        194                                49.6598                      18.9691   
Absorbed logical nets 24200 out of 50065 nets, 25865 nets not absorbed.


Average number of bends per net: 1.82101  Maximum # of bends: 295

Number of global nets: 3
Number of routed nets (nonglobal): 25862
Wire length results (in units of 1 clb segments)...
	Total wirelength: 455688, average net length: 17.6200
	Maximum net length: 2499

Wire length results in terms of physical segments...
	Total wiring segments used: 102826, average wire segments per net: 3.97595
	Maximum segments used by a net: 551
	Total local nets with reserved CLB opins: 0
Total number of nets absorbed: 8

Routing channel utilization histogram:
[        1:      inf)    0 (  0.0%) |
[      0.9:        1)    0 (  0.0%) |
[      0.8:      0.9)    8 (  0.1%) |
[      0.7:      0.8)  815 (  5.4%) |********
[      0.5:      0.6) 1136 (  7.5%) |***********
[      0.4:      0.5) 1628 ( 10.8%) |****************
[      0.3:      0.4) 1998 ( 13.2%) |********************
[      0.2:      0.3) 2174 ( 14.4%) |**********************
[      0.1:      0.2) 2783 ( 18.4%) |****************************
[        0:      0.1) 4596 ( 30.4%) |**********************************************
Maximum routing channel utilization:      0.84 at (37,47)

X - Directed channels: layer   y   max occ   ave occ   ave cap
                        ----- ---- -------- -------- --------
                            0    0       46   26.919      120
                            0    1        7    0.837      120
                            0    2        8    1.116      120
                            0    3       14    2.791      120
                            0    4       39    5.442      120
                            0    5       49    4.930      120
                            0    6       49    8.326      120
                            0    7       51   11.953      120
                            0    8       65   13.907      120
                            0    9       46   14.651      120
                            0   10       53   13.953      120
                            0   11       61   12.837      120
                            0   12       47   14.186      120
                            0   13       53   12.930      120
                            0   14       48   11.535      120
                            0   15       51   12.698      120
                            0   16       59   15.756      120
                            0   17       60   19.012      120
                            0   18       59   19.116      120
                            0   19       73   27.570      120
                            0   20       68   29.674      120
                            0   21       62   28.860      120
                            0   22       73   30.709      120
                            0   23       63   29.709      120
                            0   24       64   23.942      120
                            0   25       60   24.837      120
                            0   26       64   21.767      120
                            0   27       62   24.919      120
                            0   28       70   27.872      120
                            0   29       76   28.930      120
                            0   30       66   24.267      120
                            0   31       71   25.430      120
                            0   32       67   29.849      120
                            0   33       75   32.535      120
                            0   34       81   34.151      120
                            0   35       86   39.535      120
                            0   36       88   39.791      120
                            0   37       70   33.140      120
                            0   38       69   35.547      120
                            0   39       73   36.698      120
                            0   40       79   37.640      120
                            0   41       79   33.581      120
                            0   42       87   39.884      120
                            0   43       85   37.430      120
                            0   44       77   36.093      120
                            0   45       95   40.372      120
                            0   46       93   42.919      120
                            0   47       99   40.721      120
                            0   48       96   40.547      120
                            0   49       84   39.953      120
                            0   50       96   45.837      120
                            0   51       90   44.802      120
                            0   52       89   47.733      120
                            0   53       83   46.070      120
                            0   54       76   43.395      120
                            0   55       74   44.988      120
                            0   56       89   41.174      120
                            0   57       91   45.221      120
                            0   58       91   47.070      120
                            0   59       90   47.186      120
                            0   60       86   47.628      120
                            0   61       91   40.733      120
                            0   62       89   38.116      120
                            0   63       90   39.372      120
                            0   64       98   38.849      120
                            0   65       88   36.500      120
                            0   66       93   44.360      120
                            0   67       94   48.709      120
                            0   68       86   40.802      120
                            0   69       89   38.674      120
                            0   70       85   39.919      120
                            0   71       82   35.570      120
                            0   72       79   30.477      120
                            0   73       74   32.570      120
                            0   74       90   36.198      120
                            0   75       89   39.826      120
                            0   76       80   39.302      120
                            0   77       82   38.233      120
                            0   78       73   32.744      120
                            0   79       72   23.930      120
                            0   80       71   22.523      120
                            0   81       72   24.291      120
                            0   82       76   21.256      120
                            0   83       68   12.791      120
                            0   84       63   10.419      120
                            0   85       41    6.977      120
                            0   86       69   33.849      120
Y - Directed channels: layer   x   max occ   ave occ   ave cap
                        ----- ---- -------- -------- --------
                            0    0       60   23.860      120
                            0    1       40   20.616      120
                            0    2       59   30.837      120
                            0    3       28   12.616      120
                            0    4       49   18.163      120
                            0    5       77   30.907      120
                            0    6       72   32.733      120
                            0    7       55   16.860      120
                            0    8       33    8.919      120
                            0    9       51    9.674      120
                            0   10       56   11.035      120
                            0   11       43    8.605      120
                            0   12       31    7.640      120
                            0   13       32   11.267      120
                            0   14       38   16.593      120
                            0   15       47   17.186      120
                            0   16       37   16.070      120
                            0   17       54   36.128      120
                            0   18       83   47.802      120
                            0   19       69   36.360      120
                            0   20       88   43.919      120
                            0   21       91   55.116      120
                            0   22       87   48.884      120
                            0   23       80   30.477      120
                            0   24       84   33.407      120
                            0   25       90   29.733      120
                            0   26       81   27.791      120
                            0   27       84   23.384      120
                            0   28       77   24.256      120
                            0   29       77   24.302      120
                            0   30       80   32.535      120
                            0   31       85   36.547      120
                            0   32       87   41.686      120
                            0   33       88   58.070      120
                            0   34       81   58.767      120
                            0   35       84   51.081      120
                            0   36       89   59.721      120
                            0   37      101   68.593      120
                            0   38       98   61.721      120
                            0   39       84   47.407      120
                            0   40       92   51.581      120
                            0   41       81   40.884      120
                            0   42       83   34.570      120
                            0   43       75   28.930      120
                            0   44       79   28.791      120
                            0   45       69   28.721      120
                            0   46       81   37.384      120
                            0   47       75   32.907      120
                            0   48       73   34.837      120
                            0   49       79   51.895      120
                            0   50       86   59.953      120
                            0   51       74   49.640      120
                            0   52       77   48.756      120
                            0   53       89   56.221      120
                            0   54       94   54.744      120
                            0   55       85   33.616      120
                            0   56       73   27.686      120
                            0   57       57   21.430      120
                            0   58       68   19.070      120
                            0   59       70   16.570      120
                            0   60       65   13.965      120
                            0   61       68   17.070      120
                            0   62       62   23.279      120
                            0   63       56   20.686      120
                            0   64       56   25.651      120
                            0   65       75   42.349      120
                            0   66       81   58.337      120
                            0   67       69   40.698      120
                            0   68       75   45.512      120
                            0   69       83   53.360      120
                            0   70       72   43.012      120
                            0   71       53   16.709      120
                            0   72       31   12.360      120
                            0   73       18    8.802      120
                            0   74       17    5.547      120
                            0   75       29    7.977      120
                            0   76        9    4.384      120
                            0   77       15    6.686      120
                            0   78       30   13.186      120
                            0   79       28   13.012      120
                            0   80       21   13.198      120
                            0   81       51   27.419      120
                            0   82       72   41.698      120
                            0   83       64   29.907      120
                            0   84       75   35.116      120
                            0   85       64   32.128      120
                            0   86       51   27.337      120

Total existing wires segments: CHANX    897840, CHANY    897840, CHANZ         0, ALL   1795680
Total used wires segments:     CHANX    222728, CHANY    232960, CHANZ         0, ALL    455688
Usage percentage:              CHANX     24.8%, CHANY     25.9%, CHANZ      0.0%, ALL     25.4%

Logic area (in minimum width transistor areas, excludes I/Os and empty grid tiles)...
	Total logic block area (Warning, need to add pitch of routing to blocks with height > 3): 2.4541e+08
	Total used logic block area: 8.82956e+07

Routing area (in minimum width transistor areas)...
	Total routing area: 7.57549e+07, per logic tile: 9782.39

Total Number of Wiring Segments by Direction: direction length number
                                              --------- ------ -------
                                                      X      4 201318
                                                      Y      4 201318
                                                      X     16   8810
                                                      Y     16   8810

X - Directed Wiring Segment usage by length: length utilization
                                             ------ -----------
                                             4       0.245
                                            16       0.199

Y - Directed Wiring Segment usage by length: length utilization
                                             ------ -----------
                                             4       0.246
                                            16       0.262

Segment occupancy by length: Length Occupancy Capacity Utilization
                             ------ --------- -------- -----------
                             L4         98760   402636       0.245
                             L16         4066    17620       0.231

Segment occupancy by type: name type utilization
                           ---- ---- -----------
                             L4    0       0.245
                            L16    1       0.231

Final hold Worst Negative Slack (hWNS): 0 ns
Final hold Total Negative Slack (hTNS): 0 ns
Final hold Worst Skew (hWS): 0 ns

Final hold slack histogram:
[  4.1e-11:  6.2e-10) 3420 (  6.5%) |*****************
[  6.2e-10:  1.2e-09) 7828 ( 14.8%) |***************************************
[  1.2e-09:  1.8e-09) 6070 ( 11.5%) |*******************************
[  1.8e-09:  2.3e-09) 8866 ( 16.8%) |*********************************************
[  2.3e-09:  2.9e-09) 9149 ( 17.3%) |**********************************************
[  2.9e-09:  3.5e-09) 9038 ( 17.1%) |*********************************************
[  3.5e-09:  4.1e-09) 5318 ( 10.1%) |***************************
[  4.1e-09:  4.7e-09) 1849 (  3.5%) |*********
[  4.7e-09:  5.2e-09)  784 (  1.5%) |****
[  5.2e-09:  5.8e-09)  440 (  0.8%) |**

Final critical path delay (least slack): 7.56976 ns, Fmax: 132.105 MHz
Final critical path skew: -0.04243 ns
Final setup Worst Negative Slack (sWNS): -7.56976 ns
Final setup Total Negative Slack (sTNS): -144427 ns
Final setup Worst Skew (sWS): -0.04243 ns

Final setup slack histogram:
[ -7.6e-09: -6.8e-09)    53 (  0.1%) |
[ -6.8e-09: -6.1e-09)   181 (  0.3%) |*
[ -6.1e-09: -5.4e-09)   903 (  1.7%) |***
[ -5.4e-09: -4.6e-09)  1897 (  3.6%) |*******
[ -4.6e-09: -3.9e-09)  5233 (  9.9%) |*******************
[ -3.9e-09: -3.1e-09) 10064 ( 19.1%) |************************************
[ -3.1e-09: -2.4e-09) 12604 ( 23.9%) |*********************************************
[ -2.4e-09: -1.7e-09) 12532 ( 23.8%) |*********************************************
[ -1.7e-09: -9.3e-10)  4822 (  9.1%) |*****************
[ -9.3e-10: -1.9e-10)  4473 (  8.5%) |****************

Final geomean non-virtual intra-domain period: 7.56976 ns (132.105 MHz)
Final fanout-weighted geomean non-virtual intra-domain period: 7.56976 ns (132.105 MHz)

Incr Slack updates 1 in 0.00169272 sec
Full Max Req/Worst Slack updates 1 in 0.00118898 sec
Incr Max Req/Worst Slack updates 0 in 0 sec
Incr Criticality updates 0 in 0 sec
Full Criticality updates 1 in 0.00662964 sec
Flow timing analysis took 9.41229 seconds (8.06125 STA, 1.35104 slack) (138 full updates: 115 setup, 0 hold, 23 combined).
VPR succeeded
The entire flow of VPR took 106.09 seconds (max_rss 786.7 MiB)

