VPR FPGA Placement and Routing.
Version: 9.0.0-dev+v8.0.0-18248-g40f8d19708
Revision: v8.0.0-18248-g40f8d19708
Compiled: 2026-09-22T03:43:48
Compiler: GNU 13.3.0 on Linux-5.15.0-119-generic x86_64
Build Info: release IPO VTR_ASSERT_LEVEL=2

University of Toronto
verilogtorouting.org
vtr-users@googlegroups.com
This is free open source code under MIT license.

VPR was run with the following command-line:
/inspire/hdd/project/project-public/changshunjie-253114010247/changshunjie-253114010247/workspace/DAC2027/vtr/vtr-verilog-to-routing/vpr/vpr /inspire/hdd/project/project-public/changshunjie-253114010247/changshunjie-253114010247/workspace/DAC2027/vtr/vtr-verilog-to-routing/vtr_flow/arch/COFFE_22nm/k6FracN10LB_mem20K_complexDSP_customSB_22nm.xml /inspire/hdd/project/project-public/changshunjie-253114010247/changshunjie-253114010247/workspace/DAC2027/TailCompile/experiments/vtr/runs/pilot_v1/attention_layer/full-seed1-w300/attention_layer.pre-vpr.blif --analytical_place --route --analysis --ap_full_legalizer flat-recon --ap_detailed_placer annealer --seed 11 --route_chan_width 160 --write_flat_place /inspire/hdd/project/project-public/changshunjie-253114010247/changshunjie-253114010247/workspace/DAC2027/TailCompile/vtr_work/tailcompile_v3/attention_layer/4x4/gnn_candidate-fp489a4765-flat-recon-annealer-seed11-w160-devw88/post_route.fplace --write_legalized_flat_place /inspire/hdd/project/project-public/changshunjie-253114010247/changshunjie-253114010247/workspace/DAC2027/TailCompile/vtr_work/tailcompile_v3/attention_layer/4x4/gnn_candidate-fp489a4765-flat-recon-annealer-seed11-w160-devw88/post_legalizer.fplace --flat_place_verbosity 1 --device_width 88 --net_file /inspire/hdd/project/project-public/changshunjie-253114010247/changshunjie-253114010247/workspace/DAC2027/TailCompile/vtr_work/tailcompile_v3/attention_layer/4x4/gnn_candidate-fp489a4765-flat-recon-annealer-seed11-w160-devw88/attention_layer.locked-input.net --read_flat_place /inspire/hdd/global_user/changshunjie-253114010247/workspace/DAC2027/TailCompile/experiments/vtr/tailcompile_v3/attention_layer/4x4/pools/bootstrap_24/candidate_15_seed13042.fplace

Using up to 1 parallel worker(s)

Architecture file: /inspire/hdd/project/project-public/changshunjie-253114010247/changshunjie-253114010247/workspace/DAC2027/vtr/vtr-verilog-to-routing/vtr_flow/arch/COFFE_22nm/k6FracN10LB_mem20K_complexDSP_customSB_22nm.xml
Circuit name: attention_layer.pre-vpr

# Loading Architecture Description
# Loading Architecture Description took 0.03 seconds (max_rss 33.0 MiB, delta_rss +0.0 MiB)

Timing analysis: ON
Circuit netlist file: /inspire/hdd/project/project-public/changshunjie-253114010247/changshunjie-253114010247/workspace/DAC2027/TailCompile/vtr_work/tailcompile_v3/attention_layer/4x4/gnn_candidate-fp489a4765-flat-recon-annealer-seed11-w160-devw88/attention_layer.locked-input.net
Circuit placement file: attention_layer.pre-vpr.place
Circuit routing file: attention_layer.pre-vpr.route
Circuit SDC file: attention_layer.pre-vpr.sdc
Vpr floorplanning constraints file: not specified

Packer: DISABLED
Placer: DISABLED
Analytical Placer: ENABLED
Router: ENABLED
Analysis: ENABLED

VPR was run with the following options:

netlist_opts.absorb_buffer_luts            : true
netlist_opts.sweep_dangling_primary_ios    : true
netlist_opts.sweep_dangling_nets           : true
netlist_opts.sweep_dangling_blocks         : true
netlist_opts.sweep_constant_primary_outputs: false
netlist_opts.netlist_verbosity             : 1
netlist_opts.const_gen_inference           : COMB_SEQ

AnalyticalPlacerOpts.analytical_solver_type: lp-b2b
AnalyticalPlacerOpts.partial_legalizer_type: bipartitioning
AnalyticalPlacerOpts.full_legalizer_type: flat-recon
AnalyticalPlacerOpts.detailed_placer_type: annealer
AnalyticalPlacerOpts.ap_timing_tradeoff: 0.500000
AnalyticalPlacerOpts.ap_high_fanout_threshold: 256
AnalyticalPlacerOpts.log_verbosity: 1
router_opts.route_type: DETAILED
router_opts.flat_routing: false
router_opts.choke_points: on
router_opts.router_algorithm: TIMING_DRIVEN
router_opts.base_cost_type: DELAY_NORMALIZED_LENGTH
router_opts.fixed_channel_width: 160
router_opts.check_route: FULL
router_opts.acc_fac: 1.000000
router_opts.bb_factor: 3
router_opts.bend_cost: 0.000000
router_opts.first_iter_pres_fac: 0.000000
router_opts.initial_pres_fac: 0.500000
router_opts.pres_fac_mult: 1.300000
router_opts.max_pres_fac: 1000.000000
router_opts.max_router_iterations: 50
router_opts.min_incremental_reroute_fanout: 16
router_opts.initial_acc_cost_chan_congestion_threshold: 0.500000
router_opts.initial_acc_cost_chan_congestion_weight: 0.500000
router_opts.do_check_rr_graph: true
router_opts.verify_binary_search: false
router_opts.min_channel_width_hint: 0
router_opts.read_rr_edge_metadata: false
router_opts.exit_after_first_routing_iteration: false
router_opts.astar_fac: 1.200000
router_opts.astar_offset: 0.000000
router_opts.router_profiler_astar_fac: 1.200000
router_opts.enable_parallel_connection_router: false
router_opts.post_target_prune_fac: 1.200000
router_opts.post_target_prune_offset: 0
router_opts.multi_queue_num_threads: 1
router_opts.multi_queue_num_queues: 2
router_opts.multi_queue_direct_draining: false
router_opts.criticality_exp: 1.000000
router_opts.max_criticality: 0.990000
router_opts.init_wirelength_abort_threshold: 0.850000
router_opts.incr_reroute_delay_ripup: AUTO
router_opts.save_routing_per_iteration: false
router_opts.congested_routing_iteration_threshold_frac: 1.000000
router_opts.high_fanout_threshold: 64
router_opts.router_debug_net: -2
router_opts.router_debug_sink_rr: -2
router_opts.router_debug_iteration: -2
router_opts.max_convergence_count: 1
router_opts.reconvergence_cpd_threshold: 0.990000
router_opts.update_lower_bound_delays: true
router_opts.first_iteration_timing_report_file: 
router_opts.route_bb_update: DYNAMIC
router_opts.lookahead_type: MAP
router_opts.initial_timing: LOOKAHEAD
router_opts.router_heap: FOUR_ARY_HEAP
router_opts.routing_failure_predictor = SAFE
router_opts.routing_predictor_min_history: 8
router_opts.routing_budgets_algorithm = DISABLE

analysis_opts.gen_post_synthesis_netlist: false
analysis_opts.gen_post_implementation_merged_netlist: false
analysis_opts.gen_post_implementation_sdc: false
analysis_opts.timing_report_npaths: 100
analysis_opts.timing_report_skew: false
analysis_opts.echo_dot_timing_graph_node: -1
analysis_opts.timing_report_detail: NETLIST
analysis_opts.post_synth_netlist_unconn_input_handling: UNCONNECTED
analysis_opts.post_synth_netlist_unconn_output_handling: UNCONNECTED
analysis_opts.post_synth_netlist_module_parameters: on

# Building complex block graph
# Building complex block graph took 0.09 seconds (max_rss 33.0 MiB, delta_rss +0.0 MiB)
Circuit file: /inspire/hdd/project/project-public/changshunjie-253114010247/changshunjie-253114010247/workspace/DAC2027/TailCompile/experiments/vtr/runs/pilot_v1/attention_layer/full-seed1-w300/attention_layer.pre-vpr.blif
# Load circuit
Found 4 constant generator(s) in the netlist (2 constant-zero, 2 constant-one) (run with --netlist_verbosity 2 to list names)
# Load circuit took 0.55 seconds (max_rss 134.9 MiB, delta_rss +101.9 MiB)
# Clean circuit
Absorbed 7975 LUT buffers
Found 1090 primitive output pin(s) driven only by constants; marked them as constants
Swept input(s)      : 7
Swept output(s)     : 0 (0 dangling, 0 constant)
Swept net(s)        : 10126
Swept block(s)      : 33
Constant Pins Marked: 1090
# Clean circuit took 0.13 seconds (max_rss 134.9 MiB, delta_rss +0.0 MiB)
# Compress circuit
# Compress circuit took 0.07 seconds (max_rss 134.9 MiB, delta_rss +0.0 MiB)
# Verify circuit
# Verify circuit took 0.02 seconds (max_rss 134.9 MiB, delta_rss +0.0 MiB)
Circuit Statistics:
  Blocks: 40113
    .input            :    1052
    .latch            :    8844
    .names            :   17218
        0-LUT:       3
        1-LUT:    5989
        2-LUT:     920
        3-LUT:    4530
        4-LUT:    3023
        5-LUT:    1163
        6-LUT:    1590
    .output           :      32
    adder             :    9150
    addition_fp_clk_16:       1
    dual_port_ram     :    3680
    multiply          :     136
  Nets  : 50065
    Avg Fanout:     2.9
    Max Fanout: 12525.0
    Min Fanout:     1.0
  Netlist Clocks: 1
# Build Timing Graph
  Timing Graph Nodes: 245193
  Timing Graph Edges: 446068
  Timing Graph Levels: 66
# Build Timing Graph took 0.24 seconds (max_rss 199.1 MiB, delta_rss +59.9 MiB)
Netlist contains 1 clocks
  Netlist Clock 'clk' Fanout: 12525 pins (6.5%), 12525 blocks (31.2%)
# Load Timing Constraints

SDC file 'attention_layer.pre-vpr.sdc' not found
Setting default timing constraints:
   * constrain all primary inputs and primary outputs on netlist clock 'clk'
   * optimize netlist clock to run as fast as possible
Timing constraints created 1 clocks
  Constrained Clock 'clk' Source: 'clk.inpad[0]'

# Load Timing Constraints took 0.00 seconds (max_rss 199.1 MiB, delta_rss +0.0 MiB)
# Analytical Placement
## Prepacker

There is one chain in this architecture called "chain" with the following starting points:
	clb[0]/lab[0]/fle[0]/ble5[0]/arithmetic[0]/adder[0].cin[0]

## Prepacker took 0.04 seconds (max_rss 199.1 MiB, delta_rss +0.0 MiB)
## Initializing Pre-Cluster Timing
Using inter-cluster delay: 2.1832e-09
## Initializing Pre-Cluster Timing took 0.39 seconds (max_rss 205.6 MiB, delta_rss +6.4 MiB)
## Estimate Device Size
Device layout 'auto' with fixed width 88.
FPGA sized to 88 x 88: 7744 grid tiles (auto)
## Estimate Device Size took 0.00 seconds (max_rss 205.6 MiB, delta_rss +0.0 MiB)
## Ram Mapper
Flat Placement is provided, skipping the RAM mapping.
## Ram Mapper took 0.00 seconds (max_rss 205.6 MiB, delta_rss +0.0 MiB)
## Read Atom Netlist to AP Netlist
## Read Atom Netlist to AP Netlist took 0.28 seconds (max_rss 274.9 MiB, delta_rss +69.3 MiB)
Analytical Placement Netlist Statistics:
	AP Blocks: 25061
		Moveable AP Blocks: 25061
		Fixed AP Blocks: 0
	AP Nets: 34982
		Average Fanout: 2.94
		Highest Fanout: 257
	AP Pins: 193913

## Computing placement delta delay look-up
### Build routing resource graph
### Build routing resource graph took 5.80 seconds (max_rss 770.6 MiB, delta_rss +495.6 MiB)
  RR Graph Nodes: 1682796
  RR Graph Edges: 17412304
### Computing router lookahead map
#### Computing wire lookahead
#### Computing wire lookahead took 6.44 seconds (max_rss 770.6 MiB, delta_rss +0.0 MiB)
#### Computing src/opin lookahead
Warning 1: Found no more sample locations for SOURCE in io
Warning 2: Found no more sample locations for OPIN in io
Warning 3: Found no more sample locations for SOURCE in clb
Warning 4: Found no more sample locations for OPIN in clb
Warning 5: Found no more sample locations for SOURCE in dsp_top
Warning 6: Found no more sample locations for OPIN in dsp_top
Warning 7: Found no more sample locations for SOURCE in memory
Warning 8: Found no more sample locations for OPIN in memory
#### Computing src/opin lookahead took 0.21 seconds (max_rss 770.6 MiB, delta_rss +0.0 MiB)
### Computing router lookahead map took 6.67 seconds (max_rss 770.6 MiB, delta_rss +0.0 MiB)
Serial Connection Router is being destroyed. Time spent on path search: 0.000 seconds.
## Computing placement delta delay look-up took 12.79 seconds (max_rss 770.6 MiB, delta_rss +495.6 MiB)
Flat Placement is provided in the AP flow, skipping the Global Placement.
0 of 25061 molecules placed at device center (no atoms of these molecules found in flat placement).
## AP Full Legalizer
### Creating Clusters
Device (width, height): (88,88)
#### Sorting and Grouping Blocks by Tile
#### Sorting and Grouping Blocks by Tile took 0.01 seconds (max_rss 770.6 MiB, delta_rss +0.0 MiB)
#### Reconstruction Pass Clustering
#### Reconstruction Pass Clustering took 57.91 seconds (max_rss 770.6 MiB, delta_rss +0.0 MiB)
#### Orphan Window Clustering with search radius 8
#### Orphan Window Clustering with search radius 8 took 0.02 seconds (max_rss 770.6 MiB, delta_rss +0.0 MiB)
FPGA sized to 88 x 88: 7744 grid tiles (auto)
Device Utilization: 0.28 (target 1.00)
	Block Utilization: 0.39 Type: io
	Block Utilization: 0.19 Type: clb
	Block Utilization: 0.85 Type: dsp_top
	Block Utilization: 0.75 Type: memory

----------------------------------------------------------------
                       Clustering Summary                       
----------------------------------------------------------------
Clusters created (Self Clustering)                       : 2605
    dsp_top    : 107
    memory     : 194
    clb        : 1220
    io         : 1084
Clusters created (Orphan Window Clustering)              : 14
    clb        : 14
Total clusters                                           : 2619
Percent of clusters created in Orphan Window Clustering  : 0.53%
Molecules clustered in each stage breakdown  : (Total of 25061)
	Self Clustering          (0.998963)  : 25035
 	Neighbor Clustering      (0.000000)  : 0
	Orphan Window Clustering (0.001037)  : 26
----------------------------------------------------------------

Final Clustering Statistics: 
----------   --------   ------------------------------------   --------------------------
Block Type   # Blocks   Avg. # of input clocks and pins used   Avg. # of output pins used
----------   --------   ------------------------------------   --------------------------
     EMPTY          0                                      0                            0   
        io       1084                              0.0295203                      0.97048   
       clb       1234                                27.9692                      15.3752   
   dsp_top        107                                40.9813                      20.1869   
    memory        194                                49.6598                      18.9691   
Absorbed logical nets 24200 out of 50065 nets, 25865 nets not absorbed.
#### Load packing
##### Loading packed FPGA netlist file.
Netlist generated from file '/inspire/hdd/project/project-public/changshunjie-253114010247/changshunjie-253114010247/workspace/DAC2027/TailCompile/vtr_work/tailcompile_v3/attention_layer/4x4/gnn_candidate-fp489a4765-flat-recon-annealer-seed11-w160-devw88/attention_layer.locked-input.net'.
Detected 3 constant generators (to see names run with higher pack verbosity)
##### Loading packed FPGA netlist file. took 2.05 seconds (max_rss 802.3 MiB, delta_rss +31.7 MiB)
Warning 9: Treated 2 constant nets as global which will not be routed (to see net names increase packer verbosity).
Netlist contains 5542 global net to non-global architecture pin connections
Found 2 logic block(s) with only 1 output pin and no inputs; they may be constant generators (run with --pack_verbosity 3 to list them)
Completed clustering consistency check successfully.
Cluster level netlist and block usage statistics
Netlist num_nets: 25865
Netlist num_blocks: 2619
Netlist EMPTY blocks: 0.
Netlist io blocks: 1084.
Netlist clb blocks: 1234.
Netlist dsp_top blocks: 107.
Netlist memory blocks: 194.
Netlist inputs pins: 1052
Netlist output pins: 32

Pb types usage...
  io                   : 1084
   inpad               : 1052
   outpad              : 32
  clb                  : 1234
   lab                 : 1234
    fle                : 11240
     ble5              : 19054
      flut5            : 9904
       lut5            : 9613
        lut            : 9613
       ff              : 8130
      arithmetic       : 9150
       lut4            : 6015
        lut            : 6015
       adder           : 9150
     ble6              : 1590
      lut6             : 1590
       lut             : 1590
      ff               : 714
  dsp_top              : 107
   dsp                 : 107
    dsp_pb             : 107
     two_mult_18x19    : 136
      mult_18x19       : 136
     adder_fp16        : 1
  memory               : 194
   mem_1024x20_dp      : 194
    memory_slice       : 3680

#### Load packing took 2.42 seconds (max_rss 802.3 MiB, delta_rss +31.7 MiB)
Netlist contains 5542 global net to non-global architecture pin connections
Found 2 logic block(s) with only 1 output pin and no inputs; they may be constant generators (run with --pack_verbosity 3 to list them)
Cluster level netlist and block usage statistics
Netlist num_nets: 25865
Netlist num_blocks: 2619
Netlist EMPTY blocks: 0.
Netlist io blocks: 1084.
Netlist clb blocks: 1234.
Netlist dsp_top blocks: 107.
Netlist memory blocks: 194.
Netlist inputs pins: 1052
Netlist output pins: 32
### Creating Clusters took 61.54 seconds (max_rss 802.3 MiB, delta_rss +31.7 MiB)
Completed clustering consistency check successfully.
FPGA sized to 88 x 88: 7744 grid tiles (auto)
### Compressed grid construction
### Compressed grid construction took 0.00 seconds (max_rss 802.3 MiB, delta_rss +0.0 MiB)
### Initial Placement
Placing clusters that are part of larger macros...
Number of blocks to be placed: 16
Max distance on device: 176
---- ---------- ---------- -------------
Pass Max Displ. Num Blocks Num Blocks   
     Threshold  Placed     Left Unplaced
---- ---------- ---------- -------------
   0          0         14             2
   1          1          2             0

Placing general clusters...
Number of blocks to be placed: 2603
Max distance on device: 176
---- ---------- ---------- -------------
Pass Max Displ. Num Blocks Num Blocks   
     Threshold  Placed     Left Unplaced
---- ---------- ---------- -------------
   0          0       2586            17
   1          1          5            12
   2          2          9             3
   3          4          2             1
   4          8          1             0

### Initial Placement took 0.01 seconds (max_rss 802.3 MiB, delta_rss +0.0 MiB)
Flat Placement Reconstruction Info:
	Percent of clusters with reconstruction errors: 0.305460
	Total displacement of initial placement from flat placement: 16056.000000
	Average atom displacement of initial placement from flat placement: 0.400269
	Max atom displacement of initial placement from flat placement: 66.000000
	Percent of atoms misplaced from the flat placement: 1.797422
## AP Full Legalizer took 61.85 seconds (max_rss 802.3 MiB, delta_rss +31.7 MiB)

Resource usage...
	Netlist
		1084	blocks of type: io
	Architecture
		2752	blocks of type: io
	Netlist
		1234	blocks of type: clb
	Architecture
		6376	blocks of type: clb
	Netlist
		107	blocks of type: dsp_top
	Architecture
		126	blocks of type: dsp_top
	Netlist
		194	blocks of type: memory
	Architecture
		258	blocks of type: memory

Device Utilization: 0.28 (target 1.00)
	Physical Tile io:
	Block Utilization: 0.39 Logical Block: io
	Physical Tile clb:
	Block Utilization: 0.19 Logical Block: clb
	Physical Tile dsp_top:
	Block Utilization: 0.85 Logical Block: dsp_top
	Physical Tile memory:
	Block Utilization: 0.75 Logical Block: memory

## Computing placement delta delay look-up
RR graph channel widths unchanged, skipping RR graph rebuild
Serial Connection Router is being destroyed. Time spent on path search: 0.000 seconds.
## Computing placement delta delay look-up took 0.02 seconds (max_rss 802.3 MiB, delta_rss +0.0 MiB)
Using simple RL 'Softmax agent' for choosing move and block types

Completed placement consistency check successfully.
Initial placement cost: 1 bb_cost: 6577.16 td_cost: 1.74972e-05
Initial placement BB estimate of wirelength: 1.05192e+06
Initial placement estimated Critical Path Delay (CPD): 17.2504 ns
Initial placement estimated setup Total Negative Slack (sTNS): -132580 ns
Initial placement estimated setup Worst Negative Slack (sWNS): -17.2504 ns

Initial placement estimated setup slack histogram:
[ -1.7e-08: -1.6e-08)     2 (  0.0%) |
[ -1.6e-08: -1.4e-08)    13 (  0.0%) |
[ -1.4e-08: -1.2e-08)    38 (  0.1%) |
[ -1.2e-08:   -1e-08)   126 (  0.2%) |
[   -1e-08: -8.7e-09)   316 (  0.6%) |
[ -8.7e-09:   -7e-09)   739 (  1.4%) |*
[   -7e-09: -5.3e-09)  1441 (  2.7%) |**
[ -5.3e-09: -3.6e-09)  3370 (  6.4%) |*****
[ -3.6e-09: -1.9e-09) 28667 ( 54.3%) |*********************************************
[ -1.9e-09: -1.9e-10) 18050 ( 34.2%) |****************************
Placement contains 8 placement macros involving 16 blocks (average macro size 2.000000)

Moves per temperature: 18045
## AP Detailed Placer

---- ------ ------- ------- ---------- ---------- ------- ---------- -------- ------- ------- ------ -------- --------- ------
Tnum  Time     T    AvCost  Av BB Cost Av TD Cost   CPD      sTNS      sWNS   AcRate  StdDev  R lim  CritExp  TotMoves  Alpha 
     (sec)                                          (ns)     (ns)      (ns)                                                   
---- ------ ------- ------- ---------- ---------- ------- ---------- -------- ------- ------- ------ -------- --------- ------
   1    0.2 7.7e-04   1.000    5579.55 1.5632e-05  15.174  -1.23e+05  -15.174   0.836  0.0129   87.0     1.00      18045  1.000
   2    0.2 6.9e-04   0.983    5556.08 1.5603e-05  15.431  -1.23e+05  -15.431   0.830  0.0109   87.0     1.00      36090  0.900
   3    0.2 6.2e-04   0.957    5286.29 1.8408e-05  12.603  -1.21e+05  -12.603   0.819  0.0172   87.0     1.00      54135  0.900
   4    0.2 5.6e-04   0.956    4892.31 1.8679e-05  11.690  -1.21e+05  -11.690   0.797  0.0171   87.0     1.00      72180  0.900
   5    0.2 5.3e-04   0.962    4564.22 1.5191e-05  13.670  -1.19e+05  -13.670   0.777  0.0159   87.0     1.00      90225  0.950
   6    0.2 5.0e-04   0.974    4378.34 1.5227e-05  13.201   -1.2e+05  -13.201   0.765  0.0117   87.0     1.00     108270  0.950
   7    0.2 4.8e-04   0.964    4215.52 1.8673e-05  10.567  -1.18e+05  -10.567   0.756  0.0197   87.0     1.00     126315  0.950
   8    0.2 4.5e-04   0.960    3928.17 1.6385e-05  11.431  -1.15e+05  -11.431   0.747  0.0230   87.0     1.00     144360  0.950
   9    0.2 4.3e-04   0.974    3706.16 1.4949e-05  11.998  -1.16e+05  -11.998   0.731  0.0110   87.0     1.00     162405  0.950
  10    0.2 4.1e-04   0.962    3590.36 1.435e-05   12.309  -1.16e+05  -12.309   0.728  0.0156   87.0     1.00     180450  0.950
  11    0.2 3.9e-04   0.975    3398.22 1.6783e-05  10.109  -1.15e+05  -10.109   0.723  0.0095   87.0     1.00     198495  0.950
  12    0.2 3.7e-04   0.979    3290.39 1.6283e-05  10.131  -1.14e+05  -10.131   0.712  0.0073   87.0     1.00     216540  0.950
  13    0.2 3.5e-04   0.969    3142.16 1.4502e-05  11.101  -1.14e+05  -11.101   0.703  0.0100   87.0     1.00     234585  0.950
  14    0.2 3.3e-04   0.974    3027.82 1.4281e-05  11.026  -1.13e+05  -11.026   0.692  0.0082   87.0     1.00     252630  0.950
  15    0.2 3.2e-04   0.980    2960.34 1.3218e-05  11.781  -1.11e+05  -11.781   0.684  0.0080   87.0     1.00     270675  0.950
  16    0.2 3.0e-04   0.974    2871.64 1.4981e-05  10.164  -1.11e+05  -10.164   0.676  0.0114   87.0     1.00     288720  0.950
  17    0.2 2.9e-04   0.977    2750.79 1.4176e-05  10.496  -1.14e+05  -10.496   0.667  0.0102   87.0     1.00     306765  0.950
  18    0.2 2.7e-04   0.986    2676.91 1.329e-05   10.954  -1.11e+05  -10.954   0.653  0.0065   87.0     1.00     324810  0.950
  19    0.2 2.6e-04   0.985    2601.56 1.4811e-05   9.671   -1.1e+05   -9.671   0.643  0.0075   87.0     1.00     342855  0.950
  20    0.2 2.5e-04   0.988    2574.92 1.6155e-05   8.771   -1.1e+05   -8.771   0.636  0.0051   87.0     1.00     360900  0.950
  21    0.2 2.3e-04   0.988    2551.70 1.261e-05   11.283  -1.09e+05  -11.283   0.635  0.0049   87.0     1.00     378945  0.950
  22    0.2 2.2e-04   0.985    2508.22 1.4567e-05   9.601  -1.12e+05   -9.601   0.628  0.0060   87.0     1.00     396990  0.950
  23    0.2 2.1e-04   0.990    2472.14 1.4815e-05   9.321  -1.12e+05   -9.321   0.621  0.0060   87.0     1.00     415035  0.950
  24    0.2 2.0e-04   0.989    2419.88 1.4424e-05   9.383  -1.09e+05   -9.383   0.604  0.0058   87.0     1.00     433080  0.950
  25    0.2 1.9e-04   0.989    2380.64 1.2404e-05  10.830  -1.09e+05  -10.830   0.600  0.0050   87.0     1.00     451125  0.950
  26    0.2 1.8e-04   0.987    2324.49 1.4492e-05   9.079  -1.08e+05   -9.079   0.588  0.0041   87.0     1.00     469170  0.950
  27    0.2 1.7e-04   0.991    2316.71 1.2553e-05  10.513  -1.09e+05  -10.513   0.579  0.0040   87.0     1.00     487215  0.950
  28    0.2 1.6e-04   0.991    2303.57 1.4578e-05   9.006  -1.08e+05   -9.006   0.576  0.0037   87.0     1.00     505260  0.950
  29    0.2 1.5e-04   0.990    2278.69 1.3451e-05   9.765  -1.13e+05   -9.765   0.568  0.0074   87.0     1.00     523305  0.950
  30    0.2 1.5e-04   0.982    2222.07 1.2834e-05   9.998  -1.07e+05   -9.998   0.559  0.0091   87.0     1.00     541350  0.950
  31    0.2 1.4e-04   0.990    2176.30 1.3942e-05   9.070  -1.07e+05   -9.070   0.540  0.0041   87.0     1.00     559395  0.950
  32    0.2 1.3e-04   0.994    2150.82 1.3812e-05   9.092  -1.06e+05   -9.092   0.532  0.0026   87.0     1.00     577440  0.950
  33    0.2 1.3e-04   0.983    2128.93 1.3485e-05   9.286  -1.08e+05   -9.286   0.514  0.0078   87.0     1.00     595485  0.950
  34    0.2 1.2e-04   0.996    2102.73 1.3198e-05   9.331  -1.07e+05   -9.331   0.496  0.0034   87.0     1.00     613530  0.950
  35    0.2 1.1e-04   0.997    2091.60 1.3807e-05   8.899  -1.06e+05   -8.899   0.491  0.0022   87.0     1.00     631575  0.950
  36    0.2 1.1e-04   0.989    2070.49 1.3959e-05   8.780  -1.07e+05   -8.780   0.485  0.0045   87.0     1.00     649620  0.950
  37    0.2 1.0e-04   0.992    2049.17 1.4013e-05   8.657  -1.07e+05   -8.657   0.470  0.0027   87.0     1.00     667665  0.950
  38    0.2 9.8e-05   0.988    2038.20 1.3071e-05   9.245  -1.06e+05   -9.245   0.466  0.0056   87.0     1.00     685710  0.950
  39    0.2 9.3e-05   0.990    2015.60 1.3649e-05   8.798  -1.07e+05   -8.798   0.450  0.0032   87.0     1.00     703755  0.950
  40    0.2 8.8e-05   0.989    1998.67 1.3649e-05   8.756  -1.06e+05   -8.756   0.437  0.0046   87.0     1.00     721800  0.950
  41    0.2 8.4e-05   0.991    1982.27 1.329e-05    8.770  -1.06e+05   -8.770   0.430  0.0036   86.7     1.02     739845  0.950
  42    0.2 8.0e-05   0.986    1956.55 1.2824e-05   8.495  -1.06e+05   -8.495   0.413  0.0054   85.8     1.09     757890  0.950
  43    0.2 7.6e-05   0.993    1936.73 1.11e-05     8.364  -1.06e+05   -8.364   0.403  0.0022   83.5     1.28     775935  0.950
  44    0.2 7.2e-05   0.993    1928.19 8.9032e-06   8.517  -1.06e+05   -8.517   0.398  0.0039   80.4     1.54     793980  0.950
  45    0.2 6.8e-05   0.988    1913.12 7.0135e-06   8.723  -1.07e+05   -8.723   0.395  0.0043   77.0     1.82     812025  0.950
  46    0.2 6.5e-05   0.991    1896.09 5.4827e-06   8.886  -1.06e+05   -8.886   0.370  0.0036   73.5     2.10     830070  0.950
  47    0.2 6.2e-05   0.992    1887.66 4.3252e-06   8.716  -1.06e+05   -8.716   0.372  0.0046   68.4     2.51     848115  0.950
  48    0.2 5.8e-05   0.992    1867.80 3.7195e-06   8.466  -1.05e+05   -8.466   0.363  0.0035   63.7     2.89     866160  0.950
  49    0.2 5.6e-05   0.991    1853.50 3.0434e-06   8.373  -1.06e+05   -8.373   0.353  0.0028   58.8     3.29     884205  0.950
  50    0.2 5.3e-05   0.993    1851.99 2.6119e-06   8.196  -1.12e+05   -8.196   0.344  0.0034   53.7     3.71     902250  0.950
  51    0.2 5.0e-05   0.994    1834.49 2.1195e-06   8.196  -1.06e+05   -8.196   0.333  0.0040   48.5     4.13     920295  0.950
  52    0.2 4.8e-05   0.993    1812.36 1.5877e-06   8.404  -1.06e+05   -8.404   0.323  0.0032   43.3     4.55     938340  0.950
  53    0.2 4.5e-05   0.993    1802.02 1.5117e-06   8.122  -1.13e+05   -8.122   0.312  0.0024   38.3     4.96     956385  0.950
  54    0.2 4.3e-05   0.995    1794.33 1.3985e-06   7.999  -1.11e+05   -7.999   0.302  0.0037   33.4     5.36     974430  0.950
  55    0.2 4.1e-05   0.992    1777.93 8.9694e-07   8.404  -1.12e+05   -8.404   0.305  0.0045   28.8     5.74     992475  0.950
  56    0.2 3.9e-05   0.994    1768.67 9.6299e-07   8.092  -1.12e+05   -8.092   0.293  0.0024   24.9     6.05    1010520  0.950
  57    0.2 3.7e-05   0.994    1759.28 7.4152e-07   8.299  -1.11e+05   -8.299   0.290  0.0030   21.2     6.35    1028565  0.950
  58    0.2 3.5e-05   0.993    1745.01 7.7407e-07   8.092  -1.11e+05   -8.092   0.284  0.0024   18.1     6.61    1046610  0.950
  59    0.2 3.3e-05   0.994    1737.42 5.6249e-07   8.404  -1.11e+05   -8.404   0.281  0.0030   15.3     6.84    1064655  0.950
  60    0.2 3.2e-05   0.992    1719.86 7.3378e-07   7.969   -1.1e+05   -7.969   0.296  0.0029   12.8     7.04    1082700  0.950
  61    0.2 3.0e-05   0.993    1705.55 6.5075e-07   7.995   -1.1e+05   -7.995   0.278  0.0032   11.0     7.19    1100745  0.950
  62    0.2 2.9e-05   0.996    1697.17 6.4378e-07   7.935   -1.1e+05   -7.935   0.274  0.0020    9.2     7.33    1118790  0.950
  63    0.2 2.7e-05   0.996    1688.65 5.8022e-07   7.969  -1.09e+05   -7.969   0.265  0.0024    7.7     7.46    1136835  0.950
  64    0.2 2.6e-05   0.997    1681.63 5.6717e-07   7.969  -1.09e+05   -7.969   0.262  0.0014    6.3     7.57    1154880  0.950
  65    0.2 2.4e-05   0.995    1674.06 6.0005e-07   7.876   -1.1e+05   -7.876   0.253  0.0022    5.2     7.66    1172925  0.950
  66    0.2 2.3e-05   0.998    1665.91 5.5981e-07   7.876  -1.08e+05   -7.876   0.255  0.0014    4.2     7.74    1190970  0.950
  67    0.2 2.2e-05   0.997    1660.09 5.3879e-07   7.876  -1.09e+05   -7.876   0.248  0.0015    3.4     7.80    1209015  0.950
  68    0.2 2.1e-05   0.996    1651.53 5.3749e-07   7.876  -1.08e+05   -7.876   0.259  0.0022    2.8     7.85    1227060  0.950
  69    0.2 2.0e-05   0.997    1644.46 5.0493e-07   7.876  -1.09e+05   -7.876   0.251  0.0016    2.3     7.90    1245105  0.950
  70    0.2 1.9e-05   0.998    1636.93 4.955e-07    7.876  -1.08e+05   -7.876   0.263  0.0012    1.8     7.93    1263150  0.950
  71    0.2 1.8e-05   0.999    1632.82 5.0079e-07   7.876  -1.08e+05   -7.876   0.248  0.0007    1.5     7.96    1281195  0.950
  72    0.2 1.7e-05   0.998    1630.50 4.9294e-07   7.876  -1.08e+05   -7.876   0.243  0.0011    1.2     7.98    1299240  0.950
  73    0.2 1.6e-05   0.997    1625.64 4.8912e-07   7.876  -1.08e+05   -7.876   0.234  0.0009    1.0     8.00    1317285  0.950
  74    0.2 1.5e-05   0.998    1624.11 4.4911e-07   7.969  -1.08e+05   -7.969   0.225  0.0009    1.0     8.00    1335330  0.950
  75    0.2 1.5e-05   0.999    1622.64 4.83e-07     7.876  -1.08e+05   -7.876   0.229  0.0006    1.0     8.00    1353375  0.950
  76    0.2 1.4e-05   0.998    1618.59 4.8085e-07   7.876  -1.08e+05   -7.876   0.220  0.0011    1.0     8.00    1371420  0.950
  77    0.2 1.3e-05   0.999    1615.55 4.8107e-07   7.876  -1.08e+05   -7.876   0.205  0.0004    1.0     8.00    1389465  0.950
  78    0.2 1.3e-05   0.999    1613.53 4.8834e-07   7.876  -1.08e+05   -7.876   0.205  0.0006    1.0     8.00    1407510  0.950
  79    0.2 1.2e-05   0.999    1610.53 4.7907e-07   7.876  -1.09e+05   -7.876   0.202  0.0006    1.0     8.00    1425555  0.950
  80    0.2 1.1e-05   0.999    1608.64 4.8441e-07   7.876  -1.08e+05   -7.876   0.193  0.0007    1.0     8.00    1443600  0.950
  81    0.2 1.1e-05   0.998    1606.21 4.7571e-07   7.876  -1.08e+05   -7.876   0.191  0.0008    1.0     8.00    1461645  0.950
  82    0.2 1.0e-05   0.999    1603.11 4.7255e-07   7.876  -1.08e+05   -7.876   0.185  0.0006    1.0     8.00    1479690  0.950
  83    0.2 9.7e-06   0.999    1600.31 4.7219e-07   7.876  -1.09e+05   -7.876   0.179  0.0005    1.0     8.00    1497735  0.950
  84    0.2 9.2e-06   0.999    1598.77 4.683e-07    7.876  -1.08e+05   -7.876   0.181  0.0004    1.0     8.00    1515780  0.950
  85    0.2 8.8e-06   0.999    1596.19 4.7489e-07   7.876  -1.08e+05   -7.876   0.171  0.0004    1.0     8.00    1533825  0.950
  86    0.2 8.3e-06   0.999    1595.74 4.7381e-07   7.876  -1.08e+05   -7.876   0.169  0.0004    1.0     8.00    1551870  0.950
  87    0.2 7.9e-06   0.999    1595.35 4.7405e-07   7.876  -1.08e+05   -7.876   0.163  0.0002    1.0     8.00    1569915  0.950
  88    0.2 7.5e-06   0.999    1594.88 4.7055e-07   7.876  -1.08e+05   -7.876   0.159  0.0004    1.0     8.00    1587960  0.950
  89    0.2 7.1e-06   0.999    1595.19 4.6971e-07   7.876  -1.08e+05   -7.876   0.159  0.0004    1.0     8.00    1606005  0.950
  90    0.2 6.8e-06   0.999    1594.28 4.6348e-07   7.876  -1.08e+05   -7.876   0.159  0.0004    1.0     8.00    1624050  0.950
  91    0.2 6.4e-06   0.999    1591.68 4.6185e-07   7.876  -1.08e+05   -7.876   0.160  0.0006    1.0     8.00    1642095  0.950
  92    0.2 6.1e-06   1.000    1591.29 4.6528e-07   7.876  -1.09e+05   -7.876   0.157  0.0003    1.0     8.00    1660140  0.950
  93    0.2 5.8e-06   0.999    1589.79 4.6207e-07   7.876  -1.07e+05   -7.876   0.148  0.0003    1.0     8.00    1678185  0.950
Agent's 2nd state: 
  94    0.2 4.7e-06   0.999    1589.49 4.6236e-07   7.876  -1.08e+05   -7.876   0.147  0.0004    1.0     8.00    1696230  0.800
Checkpoint saved: bb_costs=1588.91, TD costs=4.65103e-07, CPD=  7.876 (ns) 
  95    0.2 3.7e-06   0.999    1588.80 4.6377e-07   7.876  -1.08e+05   -7.876   0.105  0.0002    1.0     8.00    1714275  0.800
  96    0.2 3.0e-06   0.995    1588.36 3.8432e-07   8.054  -1.09e+05   -8.054   0.097  0.0005    1.0     8.00    1732320  0.800
  97    0.2 2.4e-06   0.996    1592.09 3.4254e-07   8.196  -1.08e+05   -8.196   0.097  0.0003    1.0     8.00    1750365  0.800
  98    0.2 1.9e-06   0.994    1591.27 3.8358e-07   8.054  -1.09e+05   -8.054   0.098  0.0008    1.0     8.00    1768410  0.800
  99    0.2 1.5e-06   0.997    1593.07 3.7774e-07   8.091  -1.08e+05   -8.091   0.092  0.0006    1.0     8.00    1786455  0.800
 100    0.2 1.2e-06   0.994    1590.09 3.8279e-07   8.054  -1.08e+05   -8.054   0.091  0.0008    1.0     8.00    1804500  0.800
 101    0.2 9.8e-07   0.996    1591.20 3.7606e-07   8.091  -1.08e+05   -8.091   0.090  0.0006    1.0     8.00    1822545  0.800
 102    0.2 7.8e-07   0.994    1588.47 3.8234e-07   8.054  -1.08e+05   -8.054   0.091  0.0004    1.0     8.00    1840590  0.800
 103    0.2 6.2e-07   0.998    1588.89 4.6923e-07   7.876  -1.08e+05   -7.876   0.086  0.0006    1.0     8.00    1858635  0.800
 104    0.2 5.0e-07   0.995    1587.56 3.8078e-07   8.054  -1.08e+05   -8.054   0.086  0.0004    1.0     8.00    1876680  0.800
 105    0.2 4.0e-07   0.998    1588.09 4.7179e-07   7.876  -1.08e+05   -7.876   0.083  0.0007    1.0     8.00    1894725  0.800
 106    0.2 3.2e-07   0.995    1586.69 3.8159e-07   8.054  -1.08e+05   -8.054   0.079  0.0003    1.0     8.00    1912770  0.800
 107    0.2 2.6e-07   0.997    1588.13 4.1823e-07   7.986  -1.09e+05   -7.986   0.085  0.0005    1.0     8.00    1930815  0.800
 108    0.2 2.0e-07   0.995    1586.69 4.269e-07    7.949  -1.08e+05   -7.949   0.081  0.0004    1.0     8.00    1948860  0.800
 109    0.2 0.0e+00   0.998    1587.87 4.6483e-07   7.876  -1.08e+05   -7.876   0.044  0.0005    1.0     8.00    1966905  0.800
### Placement Quench took 0.18 seconds (max_rss 802.3 MiB)
post-quench CPD = 8.05366 (ns) 

Checkpoint restored

Completed placement consistency check successfully.

Swaps called: 1969524

Aborted Move Reasons:
  duplicate block move to location: 1
  macro move to location illegal: 4
  macro_from swap to location illegal: 984

BB estimate of min-dist (placement) wire length: 254023

Placement estimated critical path delay (least slack): 7.87582 ns, Fmax: 126.971 MHz
Placement estimated critical path skew: -0.04243 ns
Placement estimated setup Worst Negative Slack (sWNS): -7.87582 ns
Placement estimated setup Total Negative Slack (sTNS): -108203 ns
Placement estimated setup Worst Skew (sWS): -0.04243 ns

Placement estimated setup slack histogram:
[ -7.9e-09: -7.1e-09)     9 (  0.0%) |
[ -7.1e-09: -6.3e-09)    82 (  0.2%) |
[ -6.3e-09: -5.6e-09)   255 (  0.5%) |*
[ -5.6e-09: -4.8e-09)   479 (  0.9%) |*
[ -4.8e-09:   -4e-09)   632 (  1.2%) |*
[   -4e-09: -3.3e-09)  1859 (  3.5%) |****
[ -3.3e-09: -2.5e-09)  9367 ( 17.8%) |*********************
[ -2.5e-09: -1.7e-09) 19875 ( 37.7%) |*********************************************
[ -1.7e-09: -9.6e-10) 14871 ( 28.2%) |**********************************
[ -9.6e-10: -1.9e-10)  5333 ( 10.1%) |************

Placement estimated geomean non-virtual intra-domain period: 7.87582 ns (126.971 MHz)
Placement estimated fanout-weighted geomean non-virtual intra-domain period: 7.87582 ns (126.971 MHz)

Placement cost: 1, bb_cost: 1588.91, td_cost: 4.65103e-07, 

Placement resource usage:
  io      implemented as io     : 1084
  clb     implemented as clb    : 1234
  dsp_top implemented as dsp_top: 107
  memory  implemented as memory : 194

Placement number of temperatures: 109
Placement total # of swap attempts: 1969524
	Swaps accepted:  735864 (37.4 %)
	Swaps rejected: 1223445 (62.1 %)
	Swaps aborted:   10215 ( 0.5 %)


Placement perturbation distribution by block and move type: 
------------------ ----------------- ---------------- ---------------- --------------- ------------ 
    Block Type         Move Type       (%) of Total      Accepted(%)     Rejected(%)    Aborted(%)
------------------ ----------------- ---------------- ---------------- --------------- ------------ 
io                 Uniform                9.74             54.86           45.14          0.00         
                   Median                 9.72             61.38           37.81          0.81         
                   Centroid               9.74             61.47           38.53          0.00         
                   W. Centroid            9.74             62.01           37.99          0.00         
                   W. Median              0.81             24.29           74.80          0.91         

clb                Uniform                11.05            7.05            92.84          0.11         
                   Median                 11.11            37.12           62.11          0.77         
                   Centroid               11.04            35.26           64.66          0.09         
                   W. Centroid            11.12            35.79           64.09          0.11         
                   W. Median              0.93             2.50            96.70          0.80         
                   Crit. Uniform          1.96             0.12            99.88          0.00         
                   Feasible Region        1.97             0.27            99.73          0.00         

dsp_top            Uniform                0.97             2.00            98.00          0.00         
                   Median                 0.96             4.50            90.09          5.41         
                   Centroid               0.95             4.35            89.86          5.79         
                   W. Centroid            0.97             4.18            90.50          5.31         
                   W. Median              0.08             0.19            86.05          13.76        

memory             Uniform                1.75             7.93            92.07          0.00         
                   Median                 1.74             15.55           79.96          4.49         
                   Centroid               1.75             13.32           84.41          2.26         
                   W. Centroid            1.74             13.16           86.84          0.00         
                   W. Median              0.14             4.12            83.81          12.07        


Placement Quench timing analysis took 0.0479442 seconds (0.0382823 STA, 0.00966183 slack) (1 full updates: 1 setup, 0 hold, 0 combined).
Placement Total  timing analysis took 5.7839 seconds (4.74676 STA, 1.03715 slack) (112 full updates: 112 setup, 0 hold, 0 combined).
update_td_costs: connections 0.0507708 nets 0 sum_nets 0.0213595 total 0.0723333
## AP Detailed Placer took 19.50 seconds (max_rss 811.7 MiB, delta_rss +9.4 MiB)
Incr Slack updates 112 in 0.193371 sec
Full Max Req/Worst Slack updates 51 in 0.0562805 sec
Incr Max Req/Worst Slack updates 61 in 0.0901489 sec
Incr Criticality updates 30 in 0.100288 sec
Full Criticality updates 82 in 0.464906 sec
Incr Slack updates 1 in 0.00161942 sec
Full Max Req/Worst Slack updates 1 in 0.00111828 sec
Incr Max Req/Worst Slack updates 0 in 0 sec
Incr Criticality updates 0 in 0 sec
Full Criticality updates 1 in 0.00486294 sec
# Analytical Placement took 95.54 seconds (max_rss 811.7 MiB, delta_rss +612.6 MiB)


# Routing
RR graph channel widths unchanged, skipping RR graph rebuild
## Initializing router criticalities
Initial Net Connection Criticality Histogram:
[        0:      0.1) 7105 ( 14.6%) |**************************************
[      0.1:      0.2) 8507 ( 17.5%) |**********************************************
[      0.2:      0.3) 7556 ( 15.6%) |*****************************************
[      0.3:      0.4) 3198 (  6.6%) |*****************
[      0.4:      0.5) 7919 ( 16.3%) |*******************************************
[      0.5:      0.6) 7105 ( 14.6%) |**************************************
[      0.6:      0.7) 5007 ( 10.3%) |***************************
[      0.7:      0.8) 1767 (  3.6%) |**********
[      0.8:      0.9)  354 (  0.7%) |**
[      0.9:        1)   47 (  0.1%) |
## Initializing router criticalities took 0.64 seconds (max_rss 811.7 MiB, delta_rss +0.0 MiB)
---- ------ ------- ---- ------- ------- ------- ----------------- --------------- -------- ---------- ---------- ---------- ---------- --------
Iter   Time    pres  BBs    Heap  Re-Rtd  Re-Rtd Overused RR Nodes      Wirelength      CPD       sTNS       sWNS       hTNS       hWNS Est Succ
      (sec)     fac Updt    push    Nets   Conns                                       (ns)       (ns)       (ns)       (ns)       (ns)     Iter
---- ------ ------- ---- ------- ------- ------- ----------------- --------------- -------- ---------- ---------- ---------- ---------- --------
   1    1.0     0.0    0 5981056   25862   41715   21447 ( 1.274%)  400498 (16.7%)    9.858 -1.755e+05     -9.858      0.000      0.000      N/A
   2    0.9     0.5    0 5232512   18056   32291    9848 ( 0.585%)  397902 (16.6%)    8.350 -1.425e+05     -8.350      0.000      0.000      N/A
   3    0.7     0.6    0 3471263   11671   21928    7402 ( 0.440%)  402454 (16.8%)    8.350 -1.419e+05     -8.350      0.000      0.000      N/A
   4    0.6     0.8    0 2612941    9212   17946    5540 ( 0.329%)  405858 (17.0%)    8.350 -1.424e+05     -8.350      0.000      0.000      N/A
   5    0.5     1.1    0 2012893    7411   14974    4013 ( 0.238%)  408705 (17.1%)    8.350 -1.427e+05     -8.350      0.000      0.000      N/A
   6    0.3     1.4    0 1284780    5547   11502    2949 ( 0.175%)  411018 (17.2%)    8.350 -1.426e+05     -8.350      0.000      0.000      N/A
   7    0.3     1.9    0  853237    4181    8800    2017 ( 0.120%)  413807 (17.3%)    8.350 -1.428e+05     -8.350      0.000      0.000      N/A
   8    0.2     2.4    0  554074    2916    6483    1335 ( 0.079%)  416047 (17.4%)    8.350 -1.429e+05     -8.350      0.000      0.000      N/A
   9    0.2     3.1    0  373312    1960    4587     818 ( 0.049%)  417981 (17.5%)    8.350 -1.429e+05     -8.350      0.000      0.000       26
  10    0.2     4.1    0  253458    1235    3034     496 ( 0.029%)  419468 (17.5%)    8.350 -1.430e+05     -8.350      0.000      0.000       24
  11    0.2     5.3    0  172465     733    1882     266 ( 0.016%)  420566 (17.6%)    8.350 -1.430e+05     -8.350      0.000      0.000       23
  12    0.2     6.9    0  116268     390    1076     117 ( 0.007%)  421243 (17.6%)    8.350 -1.430e+05     -8.350      0.000      0.000       21
  13    0.1     9.0    0   60196     163     473      48 ( 0.003%)  421635 (17.6%)    8.350 -1.430e+05     -8.350      0.000      0.000       20
  14    0.1    11.6    0   20643      63     157      11 ( 0.001%)  421882 (17.6%)    8.350 -1.430e+05     -8.350      0.000      0.000       18
  15    0.1    15.1    0    7380      18      41       4 ( 0.000%)  421902 (17.6%)    8.350 -1.430e+05     -8.350      0.000      0.000       17
  16    0.1    19.7    0    3440       5       6       0 ( 0.000%)  421974 (17.6%)    8.350 -1.430e+05     -8.350      0.000      0.000      N/A
Restoring best routing
Critical path: 8.35014 ns
Successfully routed after 16 routing iterations.
Final Net Connection Criticality Histogram:
[        0:      0.1) 7430 ( 15.3%) |***************************************
[      0.1:      0.2) 6088 ( 12.5%) |********************************
[      0.2:      0.3) 8352 ( 17.2%) |********************************************
[      0.3:      0.4) 3855 (  7.9%) |********************
[      0.4:      0.5) 7365 ( 15.2%) |***************************************
[      0.5:      0.6) 8675 ( 17.9%) |**********************************************
[      0.6:      0.7) 4744 (  9.8%) |*************************
[      0.7:      0.8) 1761 (  3.6%) |*********
[      0.8:      0.9)  276 (  0.6%) |*
[      0.9:        1)   19 (  0.0%) |
Router Stats: total_nets_routed: 89423 total_connections_routed: 166895 total_heap_pushes: 23009918 total_heap_pops: 6376829 
Serial Connection Router is being destroyed. Time spent on path search: 2.958 seconds.
# Routing took 6.61 seconds (max_rss 834.5 MiB, delta_rss +22.8 MiB)

Checking to ensure routing is legal...
# Checking to ensure non-configurable edges are legal
# Checking to ensure non-configurable edges are legal took 0.08 seconds (max_rss 834.5 MiB, delta_rss +0.0 MiB)
Completed routing consistency check successfully.

Serial number (magic cookie) for the routing is: 979226073
Circuit successfully routed with a channel width factor of 160.
Incr Slack updates 17 in 0.0284307 sec
Full Max Req/Worst Slack updates 2 in 0.00239875 sec
Incr Max Req/Worst Slack updates 15 in 0.0228689 sec
Incr Criticality updates 14 in 0.0420252 sec
Full Criticality updates 3 in 0.0191203 sec
# Synchronize the packed netlist to routing optimization
## Annotating rr_node with routed nets
## Annotating rr_node with routed nets took 0.01 seconds (max_rss 834.5 MiB, delta_rss +0.0 MiB)
Found 43957 mismatches between routing and packing results.
Fixed 30711 routing traces due to mismatch between routing and packing results.
# Synchronize the packed netlist to routing optimization took 0.29 seconds (max_rss 834.5 MiB, delta_rss +0.0 MiB)
Final Clustering Statistics: 
----------   --------   ------------------------------------   --------------------------
Block Type   # Blocks   Avg. # of input clocks and pins used   Avg. # of output pins used
----------   --------   ------------------------------------   --------------------------
     EMPTY          0                                      0                            0   
        io       1084                              0.0295203                      0.97048   
       clb       1234                                27.9692                      15.3752   
   dsp_top        107                                40.9813                      20.1869   
    memory        194                                49.6598                      18.9691   
Absorbed logical nets 24200 out of 50065 nets, 25865 nets not absorbed.


Average number of bends per net: 1.60823  Maximum # of bends: 254

Number of global nets: 3
Number of routed nets (nonglobal): 25862
Wire length results (in units of 1 clb segments)...
	Total wirelength: 421974, average net length: 16.3164
	Maximum net length: 2260

Wire length results in terms of physical segments...
	Total wiring segments used: 95457, average wire segments per net: 3.69101
	Maximum segments used by a net: 503
	Total local nets with reserved CLB opins: 0
Total number of nets absorbed: 8

Routing channel utilization histogram:
[        1:      inf)    0 (  0.0%) |
[      0.9:        1)    0 (  0.0%) |
[      0.8:      0.9)    0 (  0.0%) |
[      0.7:      0.8)   61 (  0.4%) |
[      0.5:      0.6)  421 (  2.8%) |***
[      0.4:      0.5)  960 (  6.3%) |*******
[      0.3:      0.4) 1648 ( 10.9%) |************
[      0.2:      0.3) 2295 ( 15.2%) |*****************
[      0.1:      0.2) 3437 ( 22.7%) |*************************
[        0:      0.1) 6316 ( 41.7%) |**********************************************
Maximum routing channel utilization:      0.73 at (37,48)

X - Directed channels: layer   y   max occ   ave occ   ave cap
                        ----- ---- -------- -------- --------
                            0    0       58   27.000      160
                            0    1        3    0.326      160
                            0    2        4    0.884      160
                            0    3        5    1.047      160
                            0    4       12    2.372      160
                            0    5       19    2.837      160
                            0    6       25    4.314      160
                            0    7       29    5.047      160
                            0    8       51   10.163      160
                            0    9       62   13.256      160
                            0   10       53   13.512      160
                            0   11       41   14.151      160
                            0   12       51   14.279      160
                            0   13       49   17.849      160
                            0   14       64   21.349      160
                            0   15       54   21.465      160
                            0   16       53   17.605      160
                            0   17       55   18.744      160
                            0   18       63   23.407      160
                            0   19       70   28.419      160
                            0   20       68   27.860      160
                            0   21       59   22.849      160
                            0   22       67   29.105      160
                            0   23       61   28.616      160
                            0   24       61   23.360      160
                            0   25       54   19.907      160
                            0   26       62   25.070      160
                            0   27       67   25.035      160
                            0   28       67   27.302      160
                            0   29       53   23.884      160
                            0   30       82   28.570      160
                            0   31       55   25.198      160
                            0   32       64   24.151      160
                            0   33       74   25.047      160
                            0   34       84   27.326      160
                            0   35       83   29.198      160
                            0   36       92   36.907      160
                            0   37       77   33.070      160
                            0   38       72   30.953      160
                            0   39       64   29.419      160
                            0   40       73   31.442      160
                            0   41       79   37.942      160
                            0   42       96   40.686      160
                            0   43       92   40.500      160
                            0   44      109   49.640      160
                            0   45      106   48.570      160
                            0   46      101   45.302      160
                            0   47      104   46.488      160
                            0   48      116   50.279      160
                            0   49      108   43.616      160
                            0   50       95   37.791      160
                            0   51       81   40.628      160
                            0   52       87   43.953      160
                            0   53       91   39.628      160
                            0   54       91   32.593      160
                            0   55       79   32.791      160
                            0   56       84   39.616      160
                            0   57       83   44.744      160
                            0   58       85   40.686      160
                            0   59       92   37.709      160
                            0   60       90   33.535      160
                            0   61       76   29.442      160
                            0   62       83   31.209      160
                            0   63       90   32.919      160
                            0   64       96   32.070      160
                            0   65      101   34.930      160
                            0   66       94   38.267      160
                            0   67       95   41.942      160
                            0   68       87   39.407      160
                            0   69       94   41.360      160
                            0   70       84   41.791      160
                            0   71       90   43.523      160
                            0   72      103   46.767      160
                            0   73       88   37.965      160
                            0   74       96   34.523      160
                            0   75       55   21.535      160
                            0   76       60   19.000      160
                            0   77       55   17.198      160
                            0   78       65   15.535      160
                            0   79       70   16.256      160
                            0   80       72   18.047      160
                            0   81       78   17.767      160
                            0   82       69   16.093      160
                            0   83       42    9.395      160
                            0   84        9    2.093      160
                            0   85       15    3.256      160
                            0   86       63   32.384      160
Y - Directed channels: layer   x   max occ   ave occ   ave cap
                        ----- ---- -------- -------- --------
                            0    0       62   22.709      160
                            0    1       53   26.756      160
                            0    2       73   33.302      160
                            0    3       48   16.744      160
                            0    4       73   26.035      160
                            0    5      105   41.233      160
                            0    6       70   33.198      160
                            0    7       65   17.616      160
                            0    8       57   15.849      160
                            0    9       50   13.163      160
                            0   10       65    8.977      160
                            0   11       57    7.977      160
                            0   12       38    8.744      160
                            0   13       71   13.849      160
                            0   14       69   17.047      160
                            0   15       83   17.674      160
                            0   16       67   18.965      160
                            0   17       64   43.547      160
                            0   18       80   54.942      160
                            0   19       59   26.023      160
                            0   20       73   32.791      160
                            0   21       98   54.919      160
                            0   22       92   42.209      160
                            0   23       84   26.291      160
                            0   24       97   28.500      160
                            0   25       90   26.581      160
                            0   26       68   21.128      160
                            0   27       61   18.605      160
                            0   28       63   19.070      160
                            0   29       76   23.814      160
                            0   30       66   25.221      160
                            0   31       82   32.093      160
                            0   32       94   40.186      160
                            0   33       91   57.965      160
                            0   34       91   57.930      160
                            0   35      108   44.884      160
                            0   36      101   46.198      160
                            0   37      102   59.302      160
                            0   38       99   59.070      160
                            0   39      102   45.349      160
                            0   40       87   32.733      160
                            0   41       84   30.430      160
                            0   42       77   27.116      160
                            0   43       77   20.802      160
                            0   44       89   25.791      160
                            0   45      106   29.605      160
                            0   46       85   32.535      160
                            0   47       93   30.221      160
                            0   48       95   36.023      160
                            0   49       96   60.628      160
                            0   50       89   63.035      160
                            0   51       96   46.547      160
                            0   52      104   48.488      160
                            0   53      111   63.965      160
                            0   54       90   49.651      160
                            0   55       70   28.198      160
                            0   56       79   21.453      160
                            0   57       75   14.116      160
                            0   58       69   15.965      160
                            0   59       65   13.535      160
                            0   60       50    9.628      160
                            0   61       24    8.453      160
                            0   62       23   15.581      160
                            0   63       31   18.035      160
                            0   64       61   22.872      160
                            0   65       70   41.860      160
                            0   66       96   57.360      160
                            0   67       76   35.058      160
                            0   68       82   38.384      160
                            0   69       89   50.209      160
                            0   70       89   39.326      160
                            0   71       47   17.616      160
                            0   72       33   11.570      160
                            0   73       32    6.407      160
                            0   74       35    6.488      160
                            0   75       34    9.558      160
                            0   76       25    5.000      160
                            0   77       24    9.233      160
                            0   78       40   15.407      160
                            0   79       52   17.163      160
                            0   80       46   15.140      160
                            0   81       56   27.267      160
                            0   82       90   40.942      160
                            0   83       68   27.477      160
                            0   84       65   23.058      160
                            0   85       58   25.488      160
                            0   86       39   21.140      160

Total existing wires segments: CHANX   1197120, CHANY   1197120, CHANZ         0, ALL   2394240
Total used wires segments:     CHANX    204135, CHANY    217839, CHANZ         0, ALL    421974
Usage percentage:              CHANX     17.1%, CHANY     18.2%, CHANZ      0.0%, ALL     17.6%

Logic area (in minimum width transistor areas, excludes I/Os and empty grid tiles)...
	Total logic block area (Warning, need to add pitch of routing to blocks with height > 3): 2.4541e+08
	Total used logic block area: 8.82956e+07

Routing area (in minimum width transistor areas)...
	Total routing area: 9.66431e+07, per logic tile: 12479.7

Total Number of Wiring Segments by Direction: direction length number
                                              --------- ------ -------
                                                      X      4 267132
                                                      Y      4 267132
                                                      X     16  12084
                                                      Y     16  12084

X - Directed Wiring Segment usage by length: length utilization
                                             ------ -----------
                                             4        0.17
                                            16       0.125

Y - Directed Wiring Segment usage by length: length utilization
                                             ------ -----------
                                             4       0.174
                                            16       0.177

Segment occupancy by length: Length Occupancy Capacity Utilization
                             ------ --------- -------- -----------
                             L4         91809   534264       0.172
                             L16         3648    24168       0.151

Segment occupancy by type: name type utilization
                           ---- ---- -----------
                             L4    0       0.172
                            L16    1       0.151

Final hold Worst Negative Slack (hWNS): 0 ns
Final hold Total Negative Slack (hTNS): 0 ns
Final hold Worst Skew (hWS): 0 ns

Final hold slack histogram:
[  4.1e-11:    6e-10) 3499 (  6.6%) |******************
[    6e-10:  1.2e-09) 7969 ( 15.1%) |*****************************************
[  1.2e-09:  1.7e-09) 5523 ( 10.5%) |*****************************
[  1.7e-09:  2.3e-09) 8861 ( 16.8%) |**********************************************
[  2.3e-09:  2.8e-09) 8065 ( 15.3%) |******************************************
[  2.8e-09:  3.4e-09) 8717 ( 16.5%) |*********************************************
[  3.4e-09:    4e-09) 5895 ( 11.2%) |*******************************
[    4e-09:  4.5e-09) 2785 (  5.3%) |**************
[  4.5e-09:  5.1e-09) 1224 (  2.3%) |******
[  5.1e-09:  5.7e-09)  224 (  0.4%) |*

Final critical path delay (least slack): 8.35014 ns, Fmax: 119.758 MHz
Final critical path skew: -0.04243 ns
Final setup Worst Negative Slack (sWNS): -8.35014 ns
Final setup Total Negative Slack (sTNS): -143049 ns
Final setup Worst Skew (sWS): -0.04243 ns

Final setup slack histogram:
[ -8.4e-09: -7.5e-09)     4 (  0.0%) |
[ -7.5e-09: -6.7e-09)    47 (  0.1%) |
[ -6.7e-09: -5.9e-09)   187 (  0.4%) |*
[ -5.9e-09: -5.1e-09)   898 (  1.7%) |***
[ -5.1e-09: -4.3e-09)  3067 (  5.8%) |*********
[ -4.3e-09: -3.5e-09)  9572 ( 18.1%) |*****************************
[ -3.5e-09: -2.6e-09) 12546 ( 23.8%) |*************************************
[ -2.6e-09: -1.8e-09) 15101 ( 28.6%) |*********************************************
[ -1.8e-09:   -1e-09)  6655 ( 12.6%) |********************
[   -1e-09: -1.9e-10)  4685 (  8.9%) |**************

Final geomean non-virtual intra-domain period: 8.35014 ns (119.758 MHz)
Final fanout-weighted geomean non-virtual intra-domain period: 8.35014 ns (119.758 MHz)

Incr Slack updates 1 in 0.00172337 sec
Full Max Req/Worst Slack updates 1 in 0.00121382 sec
Incr Max Req/Worst Slack updates 0 in 0 sec
Incr Criticality updates 0 in 0 sec
Full Criticality updates 1 in 0.00684306 sec
Flow timing analysis took 8.92714 seconds (7.62666 STA, 1.30048 slack) (131 full updates: 113 setup, 0 hold, 18 combined).
VPR succeeded
The entire flow of VPR took 106.68 seconds (max_rss 834.5 MiB)

