VPR FPGA Placement and Routing.
Version: 9.0.0-dev+v8.0.0-18248-g40f8d19708
Revision: v8.0.0-18248-g40f8d19708
Compiled: 2026-09-22T03:43:48
Compiler: GNU 13.3.0 on Linux-5.15.0-119-generic x86_64
Build Info: release IPO VTR_ASSERT_LEVEL=2

University of Toronto
verilogtorouting.org
vtr-users@googlegroups.com
This is free open source code under MIT license.

VPR was run with the following command-line:
/inspire/hdd/project/project-public/changshunjie-253114010247/changshunjie-253114010247/workspace/DAC2027/vtr/vtr-verilog-to-routing/vpr/vpr /inspire/hdd/project/project-public/changshunjie-253114010247/changshunjie-253114010247/workspace/DAC2027/vtr/vtr-verilog-to-routing/vtr_flow/arch/COFFE_22nm/k6FracN10LB_mem20K_complexDSP_customSB_22nm.xml /inspire/hdd/project/project-public/changshunjie-253114010247/changshunjie-253114010247/workspace/DAC2027/TailCompile/experiments/vtr/runs/pilot_v1/sha/full-seed1-w300/sha.pre-vpr.blif --analytical_place --route --analysis --ap_full_legalizer flat-recon --ap_detailed_placer annealer --seed 12 --route_chan_width 90 --write_flat_place /inspire/hdd/project/project-public/changshunjie-253114010247/changshunjie-253114010247/workspace/DAC2027/TailCompile/vtr_work/tailcompile_v3/sha/4x4/gnn_candidate-fpb97d9635-flat-recon-annealer-seed12-w90-devw14/post_route.fplace --write_legalized_flat_place /inspire/hdd/project/project-public/changshunjie-253114010247/changshunjie-253114010247/workspace/DAC2027/TailCompile/vtr_work/tailcompile_v3/sha/4x4/gnn_candidate-fpb97d9635-flat-recon-annealer-seed12-w90-devw14/post_legalizer.fplace --flat_place_verbosity 1 --device_width 14 --net_file /inspire/hdd/project/project-public/changshunjie-253114010247/changshunjie-253114010247/workspace/DAC2027/TailCompile/vtr_work/tailcompile_v3/sha/4x4/gnn_candidate-fpb97d9635-flat-recon-annealer-seed12-w90-devw14/sha.locked-input.net --read_flat_place /inspire/hdd/global_user/changshunjie-253114010247/workspace/DAC2027/TailCompile/experiments/vtr/tailcompile_v3/sha/4x4/pools/bootstrap_24/candidate_00_seed12027.fplace

Using up to 1 parallel worker(s)

Architecture file: /inspire/hdd/project/project-public/changshunjie-253114010247/changshunjie-253114010247/workspace/DAC2027/vtr/vtr-verilog-to-routing/vtr_flow/arch/COFFE_22nm/k6FracN10LB_mem20K_complexDSP_customSB_22nm.xml
Circuit name: sha.pre-vpr

# Loading Architecture Description
# Loading Architecture Description took 0.04 seconds (max_rss 19.0 MiB, delta_rss +0.0 MiB)

Timing analysis: ON
Circuit netlist file: /inspire/hdd/project/project-public/changshunjie-253114010247/changshunjie-253114010247/workspace/DAC2027/TailCompile/vtr_work/tailcompile_v3/sha/4x4/gnn_candidate-fpb97d9635-flat-recon-annealer-seed12-w90-devw14/sha.locked-input.net
Circuit placement file: sha.pre-vpr.place
Circuit routing file: sha.pre-vpr.route
Circuit SDC file: sha.pre-vpr.sdc
Vpr floorplanning constraints file: not specified

Packer: DISABLED
Placer: DISABLED
Analytical Placer: ENABLED
Router: ENABLED
Analysis: ENABLED

VPR was run with the following options:

netlist_opts.absorb_buffer_luts            : true
netlist_opts.sweep_dangling_primary_ios    : true
netlist_opts.sweep_dangling_nets           : true
netlist_opts.sweep_dangling_blocks         : true
netlist_opts.sweep_constant_primary_outputs: false
netlist_opts.netlist_verbosity             : 1
netlist_opts.const_gen_inference           : COMB_SEQ

AnalyticalPlacerOpts.analytical_solver_type: lp-b2b
AnalyticalPlacerOpts.partial_legalizer_type: bipartitioning
AnalyticalPlacerOpts.full_legalizer_type: flat-recon
AnalyticalPlacerOpts.detailed_placer_type: annealer
AnalyticalPlacerOpts.ap_timing_tradeoff: 0.500000
AnalyticalPlacerOpts.ap_high_fanout_threshold: 256
AnalyticalPlacerOpts.log_verbosity: 1
router_opts.route_type: DETAILED
router_opts.flat_routing: false
router_opts.choke_points: on
router_opts.router_algorithm: TIMING_DRIVEN
router_opts.base_cost_type: DELAY_NORMALIZED_LENGTH
router_opts.fixed_channel_width: 90
router_opts.check_route: FULL
router_opts.acc_fac: 1.000000
router_opts.bb_factor: 3
router_opts.bend_cost: 0.000000
router_opts.first_iter_pres_fac: 0.000000
router_opts.initial_pres_fac: 0.500000
router_opts.pres_fac_mult: 1.300000
router_opts.max_pres_fac: 1000.000000
router_opts.max_router_iterations: 50
router_opts.min_incremental_reroute_fanout: 16
router_opts.initial_acc_cost_chan_congestion_threshold: 0.500000
router_opts.initial_acc_cost_chan_congestion_weight: 0.500000
router_opts.do_check_rr_graph: true
router_opts.verify_binary_search: false
router_opts.min_channel_width_hint: 0
router_opts.read_rr_edge_metadata: false
router_opts.exit_after_first_routing_iteration: false
router_opts.astar_fac: 1.200000
router_opts.astar_offset: 0.000000
router_opts.router_profiler_astar_fac: 1.200000
router_opts.enable_parallel_connection_router: false
router_opts.post_target_prune_fac: 1.200000
router_opts.post_target_prune_offset: 0
router_opts.multi_queue_num_threads: 1
router_opts.multi_queue_num_queues: 2
router_opts.multi_queue_direct_draining: false
router_opts.criticality_exp: 1.000000
router_opts.max_criticality: 0.990000
router_opts.init_wirelength_abort_threshold: 0.850000
router_opts.incr_reroute_delay_ripup: AUTO
router_opts.save_routing_per_iteration: false
router_opts.congested_routing_iteration_threshold_frac: 1.000000
router_opts.high_fanout_threshold: 64
router_opts.router_debug_net: -2
router_opts.router_debug_sink_rr: -2
router_opts.router_debug_iteration: -2
router_opts.max_convergence_count: 1
router_opts.reconvergence_cpd_threshold: 0.990000
router_opts.update_lower_bound_delays: true
router_opts.first_iteration_timing_report_file: 
router_opts.route_bb_update: DYNAMIC
router_opts.lookahead_type: MAP
router_opts.initial_timing: LOOKAHEAD
router_opts.router_heap: FOUR_ARY_HEAP
router_opts.routing_failure_predictor = SAFE
router_opts.routing_predictor_min_history: 8
router_opts.routing_budgets_algorithm = DISABLE

analysis_opts.gen_post_synthesis_netlist: false
analysis_opts.gen_post_implementation_merged_netlist: false
analysis_opts.gen_post_implementation_sdc: false
analysis_opts.timing_report_npaths: 100
analysis_opts.timing_report_skew: false
analysis_opts.echo_dot_timing_graph_node: -1
analysis_opts.timing_report_detail: NETLIST
analysis_opts.post_synth_netlist_unconn_input_handling: UNCONNECTED
analysis_opts.post_synth_netlist_unconn_output_handling: UNCONNECTED
analysis_opts.post_synth_netlist_module_parameters: on

# Building complex block graph
# Building complex block graph took 0.10 seconds (max_rss 24.6 MiB, delta_rss +5.6 MiB)
Circuit file: /inspire/hdd/project/project-public/changshunjie-253114010247/changshunjie-253114010247/workspace/DAC2027/TailCompile/experiments/vtr/runs/pilot_v1/sha/full-seed1-w300/sha.pre-vpr.blif
# Load circuit
Found 3 constant generator(s) in the netlist (2 constant-zero, 1 constant-one) (run with --netlist_verbosity 2 to list names)
# Load circuit took 0.02 seconds (max_rss 28.3 MiB, delta_rss +3.7 MiB)
# Clean circuit
Absorbed 0 LUT buffers
Found 22 primitive output pin(s) driven only by constants; marked them as constants
Swept input(s)      : 0
Swept output(s)     : 0 (0 dangling, 0 constant)
Swept net(s)        : 22
Swept block(s)      : 0
Constant Pins Marked: 22
# Clean circuit took 0.00 seconds (max_rss 28.3 MiB, delta_rss +0.0 MiB)
# Compress circuit
# Compress circuit took 0.00 seconds (max_rss 28.3 MiB, delta_rss +0.0 MiB)
# Verify circuit
# Verify circuit took 0.00 seconds (max_rss 28.3 MiB, delta_rss +0.0 MiB)
Circuit Statistics:
  Blocks: 2491
    .input :      38
    .latch :     893
    .names :    1215
        0-LUT:       2
        1-LUT:       1
        2-LUT:      63
        3-LUT:     106
        4-LUT:      88
        5-LUT:     314
        6-LUT:     641
    .output:      36
    adder  :     309
  Nets  : 2742
    Avg Fanout:     3.3
    Max Fanout:   893.0
    Min Fanout:     1.0
  Netlist Clocks: 1
# Build Timing Graph
  Timing Graph Nodes: 11695
  Timing Graph Edges: 18725
  Timing Graph Levels: 84
# Build Timing Graph took 0.01 seconds (max_rss 31.7 MiB, delta_rss +3.1 MiB)
Netlist contains 1 clocks
  Netlist Clock 'clk_i' Fanout: 893 pins (7.6%), 893 blocks (35.8%)
# Load Timing Constraints

SDC file 'sha.pre-vpr.sdc' not found
Setting default timing constraints:
   * constrain all primary inputs and primary outputs on netlist clock 'clk_i'
   * optimize netlist clock to run as fast as possible
Timing constraints created 1 clocks
  Constrained Clock 'clk_i' Source: 'clk_i.inpad[0]'

# Load Timing Constraints took 0.00 seconds (max_rss 31.7 MiB, delta_rss +0.0 MiB)
# Analytical Placement
## Prepacker

There is one chain in this architecture called "chain" with the following starting points:
	clb[0]/lab[0]/fle[0]/ble5[0]/arithmetic[0]/adder[0].cin[0]

## Prepacker took 0.00 seconds (max_rss 32.0 MiB, delta_rss +0.3 MiB)
## Initializing Pre-Cluster Timing
Using inter-cluster delay: 2.1832e-09
## Initializing Pre-Cluster Timing took 0.20 seconds (max_rss 32.6 MiB, delta_rss +0.6 MiB)
## Estimate Device Size
Device layout 'auto' with fixed width 14.
FPGA sized to 14 x 14: 196 grid tiles (auto)
## Estimate Device Size took 0.00 seconds (max_rss 32.6 MiB, delta_rss +0.0 MiB)
## Ram Mapper
Flat Placement is provided, skipping the RAM mapping.
## Ram Mapper took 0.00 seconds (max_rss 32.6 MiB, delta_rss +0.0 MiB)
## Read Atom Netlist to AP Netlist
## Read Atom Netlist to AP Netlist took 0.01 seconds (max_rss 36.4 MiB, delta_rss +3.8 MiB)
Analytical Placement Netlist Statistics:
	AP Blocks: 1315
		Moveable AP Blocks: 1315
		Fixed AP Blocks: 0
	AP Nets: 1563
		Average Fanout: 4.51
		Highest Fanout: 194
	AP Pins: 11695

## Computing placement delta delay look-up
### Build routing resource graph
### Build routing resource graph took 0.09 seconds (max_rss 45.9 MiB, delta_rss +9.5 MiB)
  RR Graph Nodes: 32024
  RR Graph Edges: 208292
### Computing router lookahead map
#### Computing wire lookahead
#### Computing wire lookahead took 0.03 seconds (max_rss 46.4 MiB, delta_rss +0.0 MiB)
#### Computing src/opin lookahead
Warning 1: Found no more sample locations for SOURCE in io
Warning 2: Found no more sample locations for OPIN in io
Warning 3: Found no more sample locations for SOURCE in clb
Warning 4: Found no more sample locations for OPIN in clb
Warning 5: Found no more sample locations for SOURCE in dsp_top
Warning 6: Found no more sample locations for OPIN in dsp_top
Warning 7: Found no more sample locations for SOURCE in memory
Warning 8: Found no more sample locations for OPIN in memory
#### Computing src/opin lookahead took 0.00 seconds (max_rss 46.7 MiB, delta_rss +0.3 MiB)
### Computing router lookahead map took 0.04 seconds (max_rss 46.7 MiB, delta_rss +0.3 MiB)
Serial Connection Router is being destroyed. Time spent on path search: 0.000 seconds.
## Computing placement delta delay look-up took 0.14 seconds (max_rss 46.7 MiB, delta_rss +10.3 MiB)
Flat Placement is provided in the AP flow, skipping the Global Placement.
0 of 1315 molecules placed at device center (no atoms of these molecules found in flat placement).
## AP Full Legalizer
### Creating Clusters
Device (width, height): (14,14)
#### Sorting and Grouping Blocks by Tile
#### Sorting and Grouping Blocks by Tile took 0.00 seconds (max_rss 46.7 MiB, delta_rss +0.0 MiB)
#### Reconstruction Pass Clustering
#### Reconstruction Pass Clustering took 2.10 seconds (max_rss 50.1 MiB, delta_rss +3.4 MiB)
#### Orphan Window Clustering with search radius 8
#### Orphan Window Clustering with search radius 8 took 0.01 seconds (max_rss 50.3 MiB, delta_rss +0.2 MiB)
FPGA sized to 14 x 14: 196 grid tiles (auto)
Device Utilization: 0.62 (target 1.00)
	Block Utilization: 0.19 Type: io
	Block Utilization: 0.93 Type: clb

----------------------------------------------------------------
                       Clustering Summary                       
----------------------------------------------------------------
Clusters created (Self Clustering)                       : 185
    clb        : 111
    io         : 74
Clusters created (Orphan Window Clustering)              : 1
    clb        : 1
Total clusters                                           : 186
Percent of clusters created in Orphan Window Clustering  : 0.54%
Molecules clustered in each stage breakdown  : (Total of 1315)
	Self Clustering          (0.996958)  : 1311
 	Neighbor Clustering      (0.000000)  : 0
	Orphan Window Clustering (0.003042)  : 4
----------------------------------------------------------------

Final Clustering Statistics: 
----------   --------   ------------------------------------   --------------------------
Block Type   # Blocks   Avg. # of input clocks and pins used   Avg. # of output pins used
----------   --------   ------------------------------------   --------------------------
     EMPTY          0                                      0                            0   
        io         74                               0.486486                     0.513514   
       clb        112                                25.4196                      8.98214   
   dsp_top          0                                      0                            0   
    memory          0                                      0                            0   
Absorbed logical nets 1698 out of 2742 nets, 1044 nets not absorbed.
#### Load packing
##### Loading packed FPGA netlist file.
Netlist generated from file '/inspire/hdd/project/project-public/changshunjie-253114010247/changshunjie-253114010247/workspace/DAC2027/TailCompile/vtr_work/tailcompile_v3/sha/4x4/gnn_candidate-fpb97d9635-flat-recon-annealer-seed12-w90-devw14/sha.locked-input.net'.
Detected 2 constant generators (to see names run with higher pack verbosity)
##### Loading packed FPGA netlist file. took 0.17 seconds (max_rss 63.1 MiB, delta_rss +6.8 MiB)
Warning 9: Treated 2 constant nets as global which will not be routed (to see net names increase packer verbosity).
Netlist contains 33 global net to non-global architecture pin connections
Completed clustering consistency check successfully.
Cluster level netlist and block usage statistics
Netlist num_nets: 1044
Netlist num_blocks: 186
Netlist EMPTY blocks: 0.
Netlist io blocks: 74.
Netlist clb blocks: 112.
Netlist dsp_top blocks: 0.
Netlist memory blocks: 0.
Netlist inputs pins: 38
Netlist output pins: 36

Pb types usage...
  io               : 74
   inpad           : 38
   outpad          : 36
  clb              : 112
   lab             : 112
    fle            : 1086
     ble5          : 882
      flut5        : 573
       lut5        : 573
        lut        : 573
       ff          : 353
      arithmetic   : 309
       adder       : 309
     ble6          : 642
      lut6         : 642
       lut         : 642
      ff           : 540

#### Load packing took 0.25 seconds (max_rss 97.9 MiB, delta_rss +41.5 MiB)
Netlist contains 33 global net to non-global architecture pin connections
Cluster level netlist and block usage statistics
Netlist num_nets: 1044
Netlist num_blocks: 186
Netlist EMPTY blocks: 0.
Netlist io blocks: 74.
Netlist clb blocks: 112.
Netlist dsp_top blocks: 0.
Netlist memory blocks: 0.
Netlist inputs pins: 38
Netlist output pins: 36
### Creating Clusters took 2.46 seconds (max_rss 97.9 MiB, delta_rss +51.2 MiB)
Completed clustering consistency check successfully.
FPGA sized to 14 x 14: 196 grid tiles (auto)
### Compressed grid construction
### Compressed grid construction took 0.00 seconds (max_rss 97.9 MiB, delta_rss +0.0 MiB)
### Initial Placement
Placing clusters that are part of larger macros...
Number of blocks to be placed: 18
Max distance on device: 28
---- ---------- ---------- -------------
Pass Max Displ. Num Blocks Num Blocks   
     Threshold  Placed     Left Unplaced
---- ---------- ---------- -------------
   0          0         16             2
   1          1          2             0

Placing general clusters...
Number of blocks to be placed: 168
Max distance on device: 28
---- ---------- ---------- -------------
Pass Max Displ. Num Blocks Num Blocks   
     Threshold  Placed     Left Unplaced
---- ---------- ---------- -------------
   0          0        161             7
   1          1          1             6
   2          2          0             6
   3          4          2             4
   4          8          3             1
   5         16          1             0

### Initial Placement took 0.00 seconds (max_rss 97.9 MiB, delta_rss +0.0 MiB)
Flat Placement Reconstruction Info:
	Percent of clusters with reconstruction errors: 0.537634
	Total displacement of initial placement from flat placement: 1634.000000
	Average atom displacement of initial placement from flat placement: 0.655961
	Max atom displacement of initial placement from flat placement: 13.000000
	Percent of atoms misplaced from the flat placement: 18.546768
## AP Full Legalizer took 2.47 seconds (max_rss 97.9 MiB, delta_rss +51.2 MiB)

Resource usage...
	Netlist
		74	blocks of type: io
	Architecture
		384	blocks of type: io
	Netlist
		112	blocks of type: clb
	Architecture
		120	blocks of type: clb
	Netlist
		0	blocks of type: dsp_top
	Architecture
		3	blocks of type: dsp_top
	Netlist
		0	blocks of type: memory
	Architecture
		6	blocks of type: memory

Device Utilization: 0.62 (target 1.00)
	Physical Tile io:
	Block Utilization: 0.19 Logical Block: io
	Physical Tile clb:
	Block Utilization: 0.93 Logical Block: clb
	Physical Tile dsp_top:
	Block Utilization: 0.00 Logical Block: dsp_top
	Physical Tile memory:
	Block Utilization: 0.00 Logical Block: memory

## Computing placement delta delay look-up
RR graph channel widths unchanged, skipping RR graph rebuild
Serial Connection Router is being destroyed. Time spent on path search: 0.000 seconds.
## Computing placement delta delay look-up took 0.00 seconds (max_rss 98.0 MiB, delta_rss +0.0 MiB)
Using simple RL 'Softmax agent' for choosing move and block types

Completed placement consistency check successfully.
Initial placement cost: 1 bb_cost: 126.387 td_cost: 6.48863e-07
Initial placement BB estimate of wirelength: 11352.8
Initial placement estimated Critical Path Delay (CPD): 11.2565 ns
Initial placement estimated setup Total Negative Slack (sTNS): -3065.43 ns
Initial placement estimated setup Worst Negative Slack (sWNS): -11.2565 ns

Initial placement estimated setup slack histogram:
[ -1.1e-08:   -1e-08)  11 (  1.2%) |*
[   -1e-08: -9.2e-09)  21 (  2.3%) |**
[ -9.2e-09: -8.1e-09)   0 (  0.0%) |
[ -8.1e-09: -7.1e-09)   0 (  0.0%) |
[ -7.1e-09:   -6e-09)   0 (  0.0%) |
[   -6e-09:   -5e-09)   0 (  0.0%) |
[   -5e-09: -3.9e-09) 128 ( 13.8%) |***********
[ -3.9e-09: -2.9e-09) 528 ( 56.8%) |***********************************************
[ -2.9e-09: -1.8e-09) 182 ( 19.6%) |****************
[ -1.8e-09:   -8e-10)  59 (  6.4%) |*****
Placement contains 9 placement macros involving 18 blocks (average macro size 2.000000)

Moves per temperature: 530
## AP Detailed Placer

---- ------ ------- ------- ---------- ---------- ------- ---------- -------- ------- ------- ------ -------- --------- ------
Tnum  Time     T    AvCost  Av BB Cost Av TD Cost   CPD      sTNS      sWNS   AcRate  StdDev  R lim  CritExp  TotMoves  Alpha 
     (sec)                                          (ns)     (ns)      (ns)                                                   
---- ------ ------- ------- ---------- ---------- ------- ---------- -------- ------- ------- ------ -------- --------- ------
   1    0.0 3.9e-03   0.994     116.71 6.357e-07   10.717  -3.16e+03  -10.717   0.721  0.0065   13.0     1.00        530  1.000
   2    0.0 3.7e-03   1.017     121.20 6.3383e-07  10.942  -3.18e+03  -10.942   0.674  0.0078   13.0     1.00       1060  0.950
   3    0.0 3.5e-03   0.988     121.04 6.3906e-07  11.177  -3.47e+03  -11.177   0.651  0.0088   13.0     1.00       1590  0.950
   4    0.0 3.3e-03   1.008     122.30 6.7113e-07  10.215  -3.24e+03  -10.215   0.647  0.0101   13.0     1.00       2120  0.950
   5    0.0 3.2e-03   1.019     128.61 6.7442e-07  10.664  -3.23e+03  -10.664   0.738  0.0180   13.0     1.00       2650  0.950
   6    0.0 3.0e-03   0.968     122.81 6.8444e-07  10.287  -3.24e+03  -10.287   0.685  0.0152   13.0     1.00       3180  0.950
   7    0.0 2.8e-03   0.999     122.70 6.4377e-07  11.218   -3.4e+03  -11.218   0.700  0.0118   13.0     1.00       3710  0.950
   8    0.0 2.7e-03   0.985     123.37 6.503e-07   11.345  -3.58e+03  -11.345   0.668  0.0103   13.0     1.00       4240  0.950
   9    0.0 2.6e-03   0.997     122.36 6.7473e-07  10.178  -3.26e+03  -10.178   0.657  0.0083   13.0     1.00       4770  0.950
  10    0.0 2.4e-03   0.988     120.16 6.3189e-07  11.012  -3.28e+03  -11.012   0.594  0.0110   13.0     1.00       5300  0.950
  11    0.0 2.3e-03   0.985     117.17 6.6172e-07  10.244   -3.1e+03  -10.244   0.611  0.0089   13.0     1.00       5830  0.950
  12    0.0 2.2e-03   0.968     115.64 6.4159e-07  10.568  -3.17e+03  -10.568   0.585  0.0104   13.0     1.00       6360  0.950
  13    0.0 2.1e-03   1.001     116.21 6.5794e-07   9.948  -3.04e+03   -9.948   0.598  0.0095   13.0     1.00       6890  0.950
  14    0.0 2.0e-03   1.001     114.02 6.2717e-07  10.647  -3.35e+03  -10.647   0.572  0.0063   13.0     1.00       7420  0.950
  15    0.0 1.9e-03   0.992     111.39 6.3935e-07  10.185  -3.13e+03  -10.185   0.591  0.0080   13.0     1.00       7950  0.950
  16    0.0 1.8e-03   1.000     111.51 6.3142e-07  10.398  -3.16e+03  -10.398   0.558  0.0034   13.0     1.00       8480  0.950
  17    0.0 1.7e-03   0.995     110.89 6.2598e-07  10.618  -3.26e+03  -10.618   0.551  0.0039   13.0     1.00       9010  0.950
  18    0.0 1.6e-03   0.983     108.36 6.1815e-07  10.423  -3.09e+03  -10.423   0.543  0.0111   13.0     1.00       9540  0.950
  19    0.0 1.5e-03   0.993     107.22 6.3121e-07   9.911  -3.02e+03   -9.911   0.517  0.0092   13.0     1.00      10070  0.950
  20    0.0 1.5e-03   1.006     104.46 5.9458e-07  10.660  -3.15e+03  -10.660   0.498  0.0047   13.0     1.00      10600  0.950
  21    0.0 1.4e-03   0.992     104.77 6.4527e-07   9.635     -3e+03   -9.635   0.542  0.0043   13.0     1.00      11130  0.950
  22    0.0 1.3e-03   0.993     103.29 6.2529e-07  10.127  -3.16e+03  -10.127   0.521  0.0080   13.0     1.00      11660  0.950
  23    0.0 1.3e-03   0.987     101.15 6.1489e-07  10.092  -3.14e+03  -10.092   0.523  0.0059   13.0     1.00      12190  0.950
  24    0.0 1.2e-03   0.998     101.26 6.3206e-07   9.701  -3.11e+03   -9.701   0.504  0.0021   13.0     1.00      12720  0.950
  25    0.0 1.1e-03   0.996     101.63 6.1739e-07   9.765  -2.95e+03   -9.765   0.528  0.0048   13.0     1.00      13250  0.950
  26    0.0 1.1e-03   1.003     101.01 6.1338e-07   9.714  -2.93e+03   -9.714   0.491  0.0034   13.0     1.00      13780  0.950
  27    0.0 1.0e-03   1.000     100.51 6.1587e-07   9.714  -2.97e+03   -9.714   0.485  0.0039   13.0     1.00      14310  0.950
  28    0.0 9.7e-04   0.995      99.32 5.9938e-07  10.024  -2.92e+03  -10.024   0.470  0.0050   13.0     1.00      14840  0.950
  29    0.0 9.2e-04   0.995      96.89 6.1791e-07   9.680  -2.99e+03   -9.680   0.445  0.0027   13.0     1.00      15370  0.950
  30    0.0 8.7e-04   0.996      96.87 5.9629e-07  10.150  -2.98e+03  -10.150   0.464  0.0028   13.0     1.00      15900  0.950
  31    0.0 8.3e-04   0.998      97.20 6.0402e-07  10.221  -3.07e+03  -10.221   0.451  0.0026   13.0     1.00      16430  0.950
  32    0.0 7.9e-04   0.988      95.68 6.0578e-07   9.905  -2.93e+03   -9.905   0.470  0.0069   13.0     1.00      16960  0.950
  33    0.0 7.5e-04   1.002      94.99 6.0399e-07   9.917  -2.95e+03   -9.917   0.445  0.0023   13.0     1.00      17490  0.950
  34    0.0 7.1e-04   0.992      93.29 6.0159e-07  10.016  -2.99e+03  -10.016   0.364  0.0034   13.0     1.00      18020  0.950
  35    0.0 6.8e-04   0.996      93.01 3.7309e-07   9.911  -2.99e+03   -9.911   0.391  0.0032   12.0     1.58      18550  0.950
  36    0.0 6.4e-04   0.999      93.28 3.0499e-07   9.575  -2.95e+03   -9.575   0.389  0.0019   11.4     1.92      19080  0.950
  37    0.0 6.1e-04   1.002      94.09 2.5378e-07   9.575  -2.94e+03   -9.575   0.425  0.0015   10.8     2.26      19610  0.950
  38    0.0 5.8e-04   0.997      94.28 2.4847e-07   9.392  -2.99e+03   -9.392   0.375  0.0013   10.7     2.36      20140  0.950
  39    0.0 5.5e-04   0.999      94.41 2.0941e-07   9.392  -2.92e+03   -9.392   0.372  0.0019   10.0     2.76      20670  0.950
  40    0.0 5.2e-04   1.001      94.15 1.8488e-07   9.460  -2.94e+03   -9.460   0.392  0.0018    9.3     3.16      21200  0.950
  41    0.0 5.0e-04   0.996      93.55 1.7056e-07   9.593     -3e+03   -9.593   0.366  0.0015    8.9     3.42      21730  0.950
  42    0.0 4.7e-04   1.001      93.76 1.5671e-07   9.593  -2.99e+03   -9.593   0.381  0.0011    8.2     3.80      22260  0.950
  43    0.0 4.5e-04   0.993      93.07 1.5316e-07   9.460     -3e+03   -9.460   0.347  0.0048    7.7     4.08      22790  0.950
  44    0.0 4.3e-04   1.002      91.95 1.47e-07     9.320  -2.95e+03   -9.320   0.325  0.0015    7.0     4.50      23320  0.950
  45    0.0 4.0e-04   0.992      91.10 1.3725e-07   9.415  -2.95e+03   -9.415   0.349  0.0042    6.2     4.97      23850  0.950
  46    0.0 3.8e-04   1.001      90.19 1.3411e-07   9.367  -2.92e+03   -9.367   0.347  0.0012    5.6     5.30      24380  0.950
  47    0.0 3.7e-04   1.001      90.10 1.2503e-07   9.684   -2.9e+03   -9.684   0.319  0.0013    5.1     5.60      24910  0.950
  48    0.0 3.5e-04   0.998      90.00 1.2576e-07   9.493   -2.9e+03   -9.493   0.304  0.0010    4.5     5.97      25440  0.950
  49    0.0 3.3e-04   0.999      89.81 1.2372e-07   9.422  -2.92e+03   -9.422   0.317  0.0009    3.9     6.32      25970  0.950
  50    0.0 3.1e-04   0.995      88.73 1.2163e-07   9.435  -2.92e+03   -9.435   0.313  0.0016    3.4     6.60      26500  0.950
  51    0.0 3.0e-04   0.999      88.77 1.201e-07    9.435  -2.95e+03   -9.435   0.325  0.0013    3.0     6.85      27030  0.950
  52    0.0 2.8e-04   0.998      88.36 1.1781e-07   9.486  -2.94e+03   -9.486   0.313  0.0018    2.6     7.05      27560  0.950
  53    0.0 2.7e-04   0.996      87.99 1.1696e-07   9.384  -2.83e+03   -9.384   0.321  0.0015    2.3     7.25      28090  0.950
  54    0.0 2.6e-04   1.000      87.64 1.1612e-07   9.307  -2.95e+03   -9.307   0.291  0.0006    2.0     7.41      28620  0.950
  55    0.0 2.4e-04   0.997      87.16 1.1661e-07   9.269  -2.95e+03   -9.269   0.460  0.0016    1.7     7.58      29150  0.950
  56    0.0 2.3e-04   0.999      86.56 1.168e-07    9.269  -2.93e+03   -9.269   0.389  0.0006    1.8     7.56      29680  0.950
  57    0.0 2.2e-04   0.999      86.12 1.1142e-07   9.489  -2.89e+03   -9.489   0.396  0.0007    1.7     7.61      30210  0.950
  58    0.0 2.1e-04   1.000      86.10 1.1556e-07   9.371  -2.94e+03   -9.371   0.336  0.0007    1.6     7.66      30740  0.950
  59    0.0 2.0e-04   0.997      85.61 1.1054e-07   9.489  -2.93e+03   -9.489   0.285  0.0011    1.4     7.75      31270  0.950
  60    0.0 1.9e-04   1.001      85.46 1.0985e-07   9.489  -2.93e+03   -9.489   0.309  0.0005    1.2     7.88      31800  0.950
  61    0.0 1.8e-04   1.000      85.49 1.0942e-07   9.489  -2.92e+03   -9.489   0.315  0.0009    1.0     7.97      32330  0.950
  62    0.0 1.7e-04   0.998      85.11 1.0968e-07   9.489  -2.86e+03   -9.489   0.292  0.0007    1.0     8.00      32860  0.950
  63    0.0 1.6e-04   0.998      84.83 1.0975e-07   9.476  -2.94e+03   -9.476   0.275  0.0010    1.0     8.00      33390  0.950
  64    0.0 1.5e-04   1.000      84.81 1.0957e-07   9.489  -2.86e+03   -9.489   0.260  0.0007    1.0     8.00      33920  0.950
  65    0.0 1.5e-04   0.999      85.04 1.0937e-07   9.489  -2.88e+03   -9.489   0.275  0.0011    1.0     8.00      34450  0.950
  66    0.0 1.4e-04   0.999      84.90 1.1332e-07   9.371  -2.83e+03   -9.371   0.226  0.0004    1.0     8.00      34980  0.950
  67    0.0 1.3e-04   0.998      84.60 1.132e-07    9.371  -2.81e+03   -9.371   0.221  0.0016    1.0     8.00      35510  0.950
  68    0.0 1.2e-04   1.000      84.32 1.1315e-07   9.371  -2.85e+03   -9.371   0.172  0.0003    1.0     8.00      36040  0.950
  69    0.0 1.2e-04   0.999      84.28 1.1458e-07   9.269  -2.88e+03   -9.269   0.204  0.0007    1.0     8.00      36570  0.950
  70    0.0 1.1e-04   1.001      84.24 1.1319e-07   9.371  -2.89e+03   -9.371   0.223  0.0005    1.0     8.00      37100  0.950
  71    0.0 1.1e-04   0.999      84.15 1.1342e-07   9.371  -2.88e+03   -9.371   0.226  0.0007    1.0     8.00      37630  0.950
  72    0.0 1.0e-04   0.999      84.09 1.1454e-07   9.269  -2.85e+03   -9.269   0.157  0.0004    1.0     8.00      38160  0.950
  73    0.0 9.6e-05   1.000      84.22 1.1369e-07   9.294  -2.85e+03   -9.294   0.194  0.0005    1.0     8.00      38690  0.950
  74    0.0 9.1e-05   0.999      84.10 1.1042e-07   9.421  -2.85e+03   -9.421   0.189  0.0007    1.0     8.00      39220  0.950
  75    0.0 8.7e-05   1.000      84.15 1.1358e-07   9.294  -2.86e+03   -9.294   0.170  0.0003    1.0     8.00      39750  0.950
  76    0.0 8.3e-05   1.000      83.96 1.1359e-07   9.294  -2.85e+03   -9.294   0.174  0.0003    1.0     8.00      40280  0.950
  77    0.0 7.8e-05   1.000      83.90 1.1047e-07   9.421  -2.85e+03   -9.421   0.151  0.0005    1.0     8.00      40810  0.950
  78    0.0 7.5e-05   1.000      83.82 1.1132e-07   9.370  -2.85e+03   -9.370   0.147  0.0003    1.0     8.00      41340  0.950
Agent's 2nd state: 
  79    0.0 6.0e-05   0.999      83.67 1.1373e-07   9.294  -2.85e+03   -9.294   0.164  0.0005    1.0     8.00      41870  0.800
Checkpoint saved: bb_costs=83.6491, TD costs=1.1353e-07, CPD=  9.294 (ns) 
  80    0.0 5.7e-05   1.000      83.62 1.1352e-07   9.294  -2.85e+03   -9.294   0.096  0.0001    1.0     8.00      42400  0.950
  81    0.0 4.5e-05   1.000      83.54 1.104e-07    9.421  -2.81e+03   -9.421   0.091  0.0002    1.0     8.00      42930  0.800
  82    0.0 3.6e-05   0.999      83.42 1.1332e-07   9.307  -2.85e+03   -9.307   0.072  0.0003    1.0     8.00      43460  0.800
  83    0.0 2.9e-05   1.000      83.35 1.1354e-07   9.294  -2.85e+03   -9.294   0.072  0.0001    1.0     8.00      43990  0.800
  84    0.0 2.3e-05   1.000      83.32 1.1358e-07   9.294  -2.85e+03   -9.294   0.053  0.0001    1.0     8.00      44520  0.800
  85    0.0 1.9e-05   1.000      83.23 1.1358e-07   9.294  -2.85e+03   -9.294   0.049  0.0001    1.0     8.00      45050  0.800
  86    0.0 1.5e-05   1.000      83.18 1.1357e-07   9.294  -2.85e+03   -9.294   0.043  0.0001    1.0     8.00      45580  0.800
  87    0.0 1.2e-05   1.000      83.15 1.1332e-07   9.307  -2.85e+03   -9.307   0.036  0.0000    1.0     8.00      46110  0.800
  88    0.0 9.5e-06   1.000      83.15 1.1358e-07   9.294  -2.85e+03   -9.294   0.023  0.0000    1.0     8.00      46640  0.800
  89    0.0 7.6e-06   1.000      83.12 1.1357e-07   9.294  -2.85e+03   -9.294   0.042  0.0001    1.0     8.00      47170  0.800
  90    0.0 6.1e-06   1.000      83.10 1.1332e-07   9.307  -2.85e+03   -9.307   0.045  0.0000    1.0     8.00      47700  0.800
  91    0.0 4.9e-06   1.000      83.09 1.1332e-07   9.307  -2.85e+03   -9.307   0.051  0.0000    1.0     8.00      48230  0.800
  92    0.0 0.0e+00   1.000      83.09 1.1332e-07   9.307  -2.85e+03   -9.307   0.023  0.0000    1.0     8.00      48760  0.800
### Placement Quench took 0.01 seconds (max_rss 99.4 MiB)
post-quench CPD = 9.30672 (ns) 

Checkpoint restored

Completed placement consistency check successfully.

Swaps called: 48946

Aborted Move Reasons:
  duplicate block move to location: 107
  macro move to location illegal: 6
  macro_from swap to location illegal: 319

BB estimate of min-dist (placement) wire length: 7500

Placement estimated critical path delay (least slack): 9.29419 ns, Fmax: 107.594 MHz
Placement estimated critical path skew: -0.04243 ns
Placement estimated setup Worst Negative Slack (sWNS): -9.29419 ns
Placement estimated setup Total Negative Slack (sTNS): -2846.47 ns
Placement estimated setup Worst Skew (sWS): -0.04243 ns

Placement estimated setup slack histogram:
[ -9.3e-09: -8.4e-09)  16 (  1.7%) |*
[ -8.4e-09: -7.6e-09)  16 (  1.7%) |*
[ -7.6e-09: -6.7e-09)   0 (  0.0%) |
[ -6.7e-09: -5.9e-09)   0 (  0.0%) |
[ -5.9e-09:   -5e-09)   0 (  0.0%) |
[   -5e-09: -4.1e-09)   2 (  0.2%) |
[ -4.1e-09: -3.3e-09) 161 ( 17.3%) |*************
[ -3.3e-09: -2.4e-09) 603 ( 64.9%) |***********************************************
[ -2.4e-09: -1.6e-09)  82 (  8.8%) |******
[ -1.6e-09:   -7e-10)  49 (  5.3%) |****

Placement estimated geomean non-virtual intra-domain period: 9.29419 ns (107.594 MHz)
Placement estimated fanout-weighted geomean non-virtual intra-domain period: 9.29419 ns (107.594 MHz)

Placement cost: 1, bb_cost: 83.6491, td_cost: 1.1353e-07, 

Placement resource usage:
  io  implemented as io : 74
  clb implemented as clb: 112

Placement number of temperatures: 92
Placement total # of swap attempts: 48946
	Swaps accepted: 17515 (35.8 %)
	Swaps rejected: 30730 (62.8 %)
	Swaps aborted:   701 ( 1.4 %)


Placement perturbation distribution by block and move type: 
------------------ ----------------- ---------------- ---------------- --------------- ------------ 
    Block Type         Move Type       (%) of Total      Accepted(%)     Rejected(%)    Aborted(%)
------------------ ----------------- ---------------- ---------------- --------------- ------------ 
io                 Uniform                9.51             61.19           38.81          0.00         
                   Median                 9.01             62.37           32.62          5.01         
                   Centroid               8.81             66.77           33.18          0.05         
                   W. Centroid            9.33             66.70           33.30          0.00         
                   W. Median              0.77             15.92           76.66          7.43         

clb                Uniform                15.20            17.33           80.99          1.68         
                   Median                 14.12            25.60           72.96          1.45         
                   Centroid               13.67            20.49           78.30          1.21         
                   W. Centroid            14.27            21.21           77.54          1.25         
                   W. Median              1.20             2.55            96.60          0.85         
                   Crit. Uniform          1.98             0.21            99.79          0.00         
                   Feasible Region        2.11             0.00            94.98          5.02         


Placement Quench timing analysis took 0.00367029 seconds (0.00331795 STA, 0.000352336 slack) (1 full updates: 1 setup, 0 hold, 0 combined).
Placement Total  timing analysis took 0.390047 seconds (0.349178 STA, 0.040869 slack) (95 full updates: 95 setup, 0 hold, 0 combined).
update_td_costs: connections 0.0025066 nets 0 sum_nets 0.0013051 total 0.00389118
## AP Detailed Placer took 0.89 seconds (max_rss 99.6 MiB, delta_rss +0.1 MiB)
Incr Slack updates 95 in 0.0112087 sec
Full Max Req/Worst Slack updates 43 in 0.00116134 sec
Incr Max Req/Worst Slack updates 52 in 0.00178135 sec
Incr Criticality updates 21 in 0.0052158 sec
Full Criticality updates 74 in 0.0179004 sec
Incr Slack updates 1 in 0.000103621 sec
Full Max Req/Worst Slack updates 1 in 3.5099e-05 sec
Incr Max Req/Worst Slack updates 0 in 0 sec
Incr Criticality updates 0 in 0 sec
Full Criticality updates 1 in 0.000299536 sec
# Analytical Placement took 3.78 seconds (max_rss 99.8 MiB, delta_rss +68.1 MiB)


# Routing
RR graph channel widths unchanged, skipping RR graph rebuild
## Initializing router criticalities
Initial Net Connection Criticality Histogram:
[        0:      0.1) 217 (  7.5%) |************
[      0.1:      0.2) 800 ( 27.7%) |**********************************************
[      0.2:      0.3) 538 ( 18.7%) |*******************************
[      0.3:      0.4) 826 ( 28.7%) |***********************************************
[      0.4:      0.5) 124 (  4.3%) |*******
[      0.5:      0.6)  33 (  1.1%) |**
[      0.6:      0.7)  63 (  2.2%) |****
[      0.7:      0.8)  28 (  1.0%) |**
[      0.8:      0.9)  49 (  1.7%) |***
[      0.9:        1) 205 (  7.1%) |************
## Initializing router criticalities took 0.05 seconds (max_rss 99.8 MiB, delta_rss +0.0 MiB)
---- ------ ------- ---- ------- ------- ------- ----------------- --------------- -------- ---------- ---------- ---------- ---------- --------
Iter   Time    pres  BBs    Heap  Re-Rtd  Re-Rtd Overused RR Nodes      Wirelength      CPD       sTNS       sWNS       hTNS       hWNS Est Succ
      (sec)     fac Updt    push    Nets   Conns                                       (ns)       (ns)       (ns)       (ns)       (ns)     Iter
---- ------ ------- ---- ------- ------- ------- ----------------- --------------- -------- ---------- ---------- ---------- ---------- --------
   1    0.0     0.0    0  107608    1041    2751    1132 ( 3.535%)   11614 (41.4%)    8.613     -3060.     -8.613      0.000      0.000      N/A
   2    0.0     0.5    0   93255     818    2212     841 ( 2.626%)   11502 (41.0%)    8.613     -2994.     -8.613      0.000      0.000      N/A
   3    0.0     0.6    0   93402     711    1922     755 ( 2.358%)   12008 (42.8%)    8.613     -3091.     -8.613      0.000      0.000      N/A
   4    0.0     0.8    0   98899     633    1826     678 ( 2.117%)   12257 (43.7%)    8.613     -2996.     -8.613      0.000      0.000      N/A
   5    0.0     1.1    0   99783     580    1638     551 ( 1.721%)   12531 (44.6%)    8.613     -3001.     -8.613      0.000      0.000      N/A
   6    0.0     1.4    0   87850     511    1298     465 ( 1.452%)   12844 (45.7%)    8.613     -3053.     -8.613      0.000      0.000      N/A
   7    0.0     1.9    0   77982     422    1031     383 ( 1.196%)   13311 (47.4%)    8.613     -3061.     -8.613      0.000      0.000      N/A
   8    0.0     2.4    0   81502     392    1125     320 ( 0.999%)   13547 (48.2%)    8.613     -3106.     -8.613      0.000      0.000      N/A
   9    0.0     3.1    0   75873     334     809     255 ( 0.796%)   13968 (49.7%)    8.613     -3119.     -8.613      0.000      0.000       38
  10    0.0     4.1    0   79771     288     727     223 ( 0.696%)   14200 (50.6%)    8.613     -3131.     -8.613      0.000      0.000       39
  11    0.0     5.3    0   88611     268     758     181 ( 0.565%)   14824 (52.8%)    8.613     -3155.     -8.613      0.000      0.000       39
  12    0.0     6.9    0   73485     228     507     148 ( 0.462%)   15099 (53.8%)    8.632     -3199.     -8.632      0.000      0.000       39
  13    0.0     9.0    0   81551     202     441     125 ( 0.390%)   15459 (55.1%)    8.666     -3190.     -8.666      0.000      0.000       39
  14    0.0    11.6    0   81615     183     387     111 ( 0.347%)   15831 (56.4%)    8.821     -3217.     -8.821      0.000      0.000       40
  15    0.0    15.1    0   78198     163     328      98 ( 0.306%)   16161 (57.6%)    9.082     -3243.     -9.082      0.000      0.000       41
  16    0.0    19.7    0   89908     141     325      79 ( 0.247%)   16354 (58.2%)    8.874     -3252.     -8.874      0.000      0.000       42
  17    0.0    25.6    0   80746     121     253      65 ( 0.203%)   16647 (59.3%)    8.963     -3282.     -8.963      0.000      0.000       42
  18    0.0    33.3    0   75242     112     216      65 ( 0.203%)   16755 (59.7%)    9.082     -3293.     -9.082      0.000      0.000       44
  19    0.0    43.3    0   58958     110     213      53 ( 0.166%)   17053 (60.7%)    9.062     -3300.     -9.062      0.000      0.000       44
  20    0.0    56.2    0   73262      96     182      48 ( 0.150%)   17136 (61.0%)    9.289     -3312.     -9.289      0.000      0.000       46
  21    0.0    73.1    0   82360      96     187      41 ( 0.128%)   17279 (61.5%)    9.894     -3313.     -9.894      0.000      0.000       46
  22    0.0    95.0    0   80688      87     164      40 ( 0.125%)   17576 (62.6%)    9.434     -3341.     -9.434      0.000      0.000       49
  23    0.0   123.5    0  100768      88     211      44 ( 0.137%)   17626 (62.8%)    9.478     -3344.     -9.478      0.000      0.000       52
  24    0.0   160.6    0   98843      85     197      33 ( 0.103%)   17856 (63.6%)   10.123     -3487.    -10.123      0.000      0.000       53
  25    0.0   208.8    0   82417      70     138      30 ( 0.094%)   17882 (63.7%)   10.356     -3423.    -10.356      0.000      0.000       54
  26    0.0   271.4    0   75124      62     126      24 ( 0.075%)   17833 (63.5%)    9.696     -3578.     -9.696      0.000      0.000       54
  27    0.0   352.8    0   85963      54     108      27 ( 0.084%)   17943 (63.9%)   11.510     -3645.    -11.510      0.000      0.000       56
  28    0.0   458.7    0   83333      51     103      20 ( 0.062%)   18061 (64.3%)    9.904     -3609.     -9.904      0.000      0.000       56
  29    0.0   596.3    0  110055      60     138      22 ( 0.069%)   18221 (64.9%)    9.904     -3615.     -9.904      0.000      0.000       57
  30    0.0   775.1    0   71472      63     131      22 ( 0.069%)   18297 (65.2%)    9.904     -3662.     -9.904      0.000      0.000       61
  31    0.0  1000.0    0   82956      59     130      17 ( 0.053%)   18302 (65.2%)    9.904     -3663.     -9.904      0.000      0.000       60
  32    0.0  1000.0    0   66778      54     116      20 ( 0.062%)   18358 (65.4%)   12.355     -3709.    -12.355      0.000      0.000       64
  33    0.0  1000.0    0   75055      46      96      21 ( 0.066%)   18386 (65.5%)    9.717     -3720.     -9.717      0.000      0.000       67
  34    0.0  1000.0    0   50271      58     119      18 ( 0.056%)   18364 (65.4%)    9.904     -3674.     -9.904      0.000      0.000       69
  35    0.0  1000.0    0   68118      53     118      15 ( 0.047%)   18366 (65.4%)   10.089     -3625.    -10.089      0.000      0.000       69
  36    0.0  1000.0    0   57561      46     103      12 ( 0.037%)   18429 (65.6%)    9.904     -3561.     -9.904      0.000      0.000       70
  37    0.0  1000.0    0   57984      45     106      12 ( 0.037%)   18444 (65.7%)   10.643     -3579.    -10.643      0.000      0.000       70
  38    0.0  1000.0    0   65876      43      88      14 ( 0.044%)   18516 (65.9%)   10.955     -3585.    -10.955      0.000      0.000       72
  39    0.0  1000.0    0   51261      45      96      10 ( 0.031%)   18470 (65.8%)   10.955     -3589.    -10.955      0.000      0.000       71
  40    0.0  1000.0    0   31275      39      77      10 ( 0.031%)   18468 (65.8%)   10.955     -3585.    -10.955      0.000      0.000       71
  41    0.0  1000.0    0   50535      37      75       9 ( 0.028%)   18450 (65.7%)   11.153     -3588.    -11.153      0.000      0.000       71
  42    0.0  1000.0    0   47609      38      78      12 ( 0.037%)   18420 (65.6%)   11.153     -3587.    -11.153      0.000      0.000       74
  43    0.0  1000.0    0   52144      40     100       8 ( 0.025%)   18452 (65.7%)   11.153     -3587.    -11.153      0.000      0.000       73
  44    0.0  1000.0    0   42112      33      69       8 ( 0.025%)   18457 (65.7%)   10.632     -3583.    -10.632      0.000      0.000       73
  45    0.0  1000.0    0   42190      40      82       6 ( 0.019%)   18448 (65.7%)   11.163     -3586.    -11.163      0.000      0.000       72
  46    0.0  1000.0    0   32138      26      56       7 ( 0.022%)   18456 (65.7%)   10.632     -3583.    -10.632      0.000      0.000       74
  47    0.0  1000.0    0   23818      34      77       4 ( 0.012%)   18408 (65.6%)   10.632     -3575.    -10.632      0.000      0.000       71
  48    0.0  1000.0    0   21049      33      74       2 ( 0.006%)   18392 (65.5%)   10.632     -3583.    -10.632      0.000      0.000       66
  49    0.0  1000.0    0   16577      31      66       2 ( 0.006%)   18392 (65.5%)   10.632     -3583.    -10.632      0.000      0.000       64
  50    0.0  1000.0    0   16581      31      66       2 ( 0.006%)   18392 (65.5%)   10.632     -3583.    -10.632      0.000      0.000       62
Routing failed.

Failed routing attempt
Total number of overused nodes: 2
Routing Failure Diagnostics: Printing Overused Nodes Information
------ ------- ---------- --------- -------- ------------ ------- ------- ------- ------- ------- ------- -------
   No.  NodeId  Occupancy  Capacity  RR Node    Direction    Side     PTC   Block    Xlow    Ylow   Xhigh   Yhigh
                                        type                          NUM    Name                                 
------ ------- ---------- --------- -------- ------------ ------- ------- ------- ------- ------- ------- -------
     0   16134          2         1     IPIN          N/A    LEFT      19     clb       9       3       9       3
     1   18513          2         1     IPIN          N/A     TOP      52     clb      10       6      10       6

Final Net Connection Criticality Histogram:
[        0:      0.1) 388 ( 13.5%) |****************************
[      0.1:      0.2) 530 ( 18.4%) |**************************************
[      0.2:      0.3) 576 ( 20.0%) |*****************************************
[      0.3:      0.4) 657 ( 22.8%) |***********************************************
[      0.4:      0.5) 287 ( 10.0%) |*********************
[      0.5:      0.6)  79 (  2.7%) |******
[      0.6:      0.7)  56 (  1.9%) |****
[      0.7:      0.8)  70 (  2.4%) |*****
[      0.8:      0.9)  91 (  3.2%) |*******
[      0.9:        1) 149 (  5.2%) |***********
Router Stats: total_nets_routed: 8901 total_connections_routed: 22244 total_heap_pushes: 3500412 total_heap_pops: 1327160 
Serial Connection Router is being destroyed. Time spent on path search: 0.640 seconds.
# Routing took 1.20 seconds (max_rss 99.8 MiB, delta_rss +0.0 MiB)
Circuit is unroutable with a channel width factor of 90.
For a detailed report on the RR node overuse information (report_overused_nodes.rpt), specify --generate_rr_node_overuse_report on.
Incr Slack updates 51 in 0.00495502 sec
Full Max Req/Worst Slack updates 12 in 0.000330101 sec
Incr Max Req/Worst Slack updates 39 in 0.00139019 sec
Incr Criticality updates 21 in 0.00461958 sec
Full Criticality updates 30 in 0.00789334 sec

*****************************************************************************************
Warning 10: The following analysis results are for an illegal circuit implementation
*****************************************************************************************
Warning 11: Synchronization between packing and routing results was not applied due to illegal circuit implementation


Average number of bends per net: 2.44957  Maximum # of bends: 59

Number of global nets: 3
Number of routed nets (nonglobal): 1041
Wire length results (in units of 1 clb segments)...
	Total wirelength: 18392, average net length: 17.6676
	Maximum net length: 554

Wire length results in terms of physical segments...
	Total wiring segments used: 5022, average wire segments per net: 4.82421
	Maximum segments used by a net: 152
	Total local nets with reserved CLB opins: 0
Total number of nets absorbed: 9

Routing channel utilization histogram:
[        1:      inf)   0 (  0.0%) |
[      0.9:        1)  27 (  8.0%) |*************
[      0.8:      0.9)  63 ( 18.6%) |*****************************
[      0.7:      0.8) 101 ( 29.9%) |***********************************************
[      0.5:      0.6)  45 ( 13.3%) |*********************
[      0.4:      0.5)  28 (  8.3%) |*************
[      0.3:      0.4)  33 (  9.8%) |***************
[      0.2:      0.3)  12 (  3.6%) |******
[      0.1:      0.2)   3 (  0.9%) |*
[        0:      0.1)  26 (  7.7%) |************
Maximum routing channel utilization:      0.99 at (12,5)

X - Directed channels: layer   y   max occ   ave occ   ave cap
                        ----- ---- -------- -------- --------
                            0    0       86   74.500       90
                            0    1       83   58.750       90
                            0    2       85   61.917       90
                            0    3       78   64.250       90
                            0    4       82   64.250       90
                            0    5       83   66.333       90
                            0    6       81   61.583       90
                            0    7       77   55.167       90
                            0    8       71   58.250       90
                            0    9       67   50.667       90
                            0   10       68   50.583       90
                            0   11       60   44.167       90
                            0   12       82   64.000       90
Y - Directed channels: layer   x   max occ   ave occ   ave cap
                        ----- ---- -------- -------- --------
                            0    0       51   40.250       90
                            0    1       36   29.250       90
                            0    2       54   36.917       90
                            0    3       61   49.750       90
                            0    4       66   57.250       90
                            0    5       67   52.167       90
                            0    6       78   60.250       90
                            0    7       81   69.833       90
                            0    8       84   76.333       90
                            0    9       81   70.917       90
                            0   10       79   66.583       90
                            0   11       83   69.833       90
                            0   12       89   78.917       90

Total existing wires segments: CHANX     14040, CHANY     14040, CHANZ         0, ALL     28080
Total used wires segments:     CHANX      9293, CHANY      9099, CHANZ         0, ALL     18392
Usage percentage:              CHANX     66.2%, CHANY     64.8%, CHANZ      0.0%, ALL     65.5%

Logic area (in minimum width transistor areas, excludes I/Os and empty grid tiles)...
	Total logic block area (Warning, need to add pitch of routing to blocks with height > 3): 4.93594e+06
	Total used logic block area: 3.12536e+06

Routing area (in minimum width transistor areas)...
	Total routing area: 1.30597e+06, per logic tile: 6663.10

Total Number of Wiring Segments by Direction: direction length number
                                              --------- ------ -------
                                                      X      4   3802
                                                      Y      4   3802
                                                      X     16    270
                                                      Y     16    270

X - Directed Wiring Segment usage by length: length utilization
                                             ------ -----------
                                             4       0.628
                                            16       0.448

Y - Directed Wiring Segment usage by length: length utilization
                                             ------ -----------
                                             4       0.635
                                            16        0.37

Segment occupancy by length: Length Occupancy Capacity Utilization
                             ------ --------- -------- -----------
                             L4          4801     7604       0.631
                             L16          221      540       0.409

Segment occupancy by type: name type utilization
                           ---- ---- -----------
                             L4    0       0.631
                            L16    1       0.409

Final hold Worst Negative Slack (hWNS): 0 ns
Final hold Total Negative Slack (hTNS): 0 ns
Final hold Worst Skew (hWS): 0 ns

Final hold slack histogram:
[  1.9e-10:  4.3e-10) 825 ( 88.8%) |***********************************************
[  4.3e-10:  6.6e-10)  26 (  2.8%) |*
[  6.6e-10:  8.9e-10)  31 (  3.3%) |**
[  8.9e-10:  1.1e-09)  14 (  1.5%) |*
[  1.1e-09:  1.4e-09)  14 (  1.5%) |*
[  1.4e-09:  1.6e-09)   8 (  0.9%) |
[  1.6e-09:  1.8e-09)   7 (  0.8%) |
[  1.8e-09:    2e-09)   2 (  0.2%) |
[    2e-09:  2.3e-09)   1 (  0.1%) |
[  2.3e-09:  2.5e-09)   1 (  0.1%) |

Final critical path delay (least slack): 10.6323 ns, Fmax: 94.053 MHz
Final critical path skew: -0.04243 ns
Final setup Worst Negative Slack (sWNS): -10.6323 ns
Final setup Total Negative Slack (sTNS): -3582.55 ns
Final setup Worst Skew (sWS): -0.04243 ns

Final setup slack histogram:
[ -1.1e-08: -9.6e-09)   8 (  0.9%) |*
[ -9.6e-09: -8.6e-09)  21 (  2.3%) |**
[ -8.6e-09: -7.7e-09)   3 (  0.3%) |
[ -7.7e-09: -6.7e-09)   0 (  0.0%) |
[ -6.7e-09: -5.7e-09)   9 (  1.0%) |*
[ -5.7e-09: -4.7e-09) 107 ( 11.5%) |*************
[ -4.7e-09: -3.7e-09) 308 ( 33.2%) |************************************
[ -3.7e-09: -2.7e-09) 399 ( 42.9%) |***********************************************
[ -2.7e-09: -1.7e-09)  34 (  3.7%) |****
[ -1.7e-09:   -7e-10)  40 (  4.3%) |*****

Final geomean non-virtual intra-domain period: 10.6323 ns (94.053 MHz)
Final fanout-weighted geomean non-virtual intra-domain period: 10.6323 ns (94.053 MHz)

Incr Slack updates 1 in 9.5294e-05 sec
Full Max Req/Worst Slack updates 1 in 2.7464e-05 sec
Incr Max Req/Worst Slack updates 0 in 0 sec
Incr Criticality updates 0 in 0 sec
Full Criticality updates 1 in 0.000261715 sec
VPR failed to implement circuit
The entire flow of VPR took 5.29 seconds (max_rss 99.8 MiB)

