VPR FPGA Placement and Routing.
Version: 9.0.0-dev+v8.0.0-18248-g40f8d19708
Revision: v8.0.0-18248-g40f8d19708
Compiled: 2026-09-22T03:43:48
Compiler: GNU 13.3.0 on Linux-5.15.0-119-generic x86_64
Build Info: release IPO VTR_ASSERT_LEVEL=2

University of Toronto
verilogtorouting.org
vtr-users@googlegroups.com
This is free open source code under MIT license.

VPR was run with the following command-line:
/inspire/hdd/project/project-public/changshunjie-253114010247/changshunjie-253114010247/workspace/DAC2027/vtr/vtr-verilog-to-routing/vpr/vpr /inspire/hdd/project/project-public/changshunjie-253114010247/changshunjie-253114010247/workspace/DAC2027/vtr/vtr-verilog-to-routing/vtr_flow/arch/COFFE_22nm/k6FracN10LB_mem20K_complexDSP_customSB_22nm.xml /inspire/hdd/project/project-public/changshunjie-253114010247/changshunjie-253114010247/workspace/DAC2027/TailCompile/experiments/vtr/runs/pilot_v1/sha/full-seed1-w300/sha.pre-vpr.blif --analytical_place --route --analysis --ap_full_legalizer flat-recon --ap_detailed_placer annealer --seed 12 --route_chan_width 100 --write_flat_place /inspire/hdd/project/project-public/changshunjie-253114010247/changshunjie-253114010247/workspace/DAC2027/TailCompile/vtr_work/tailcompile_v3/sha/4x4/gnn_candidate-fp979d5c29-flat-recon-annealer-seed12-w100-devw14/post_route.fplace --write_legalized_flat_place /inspire/hdd/project/project-public/changshunjie-253114010247/changshunjie-253114010247/workspace/DAC2027/TailCompile/vtr_work/tailcompile_v3/sha/4x4/gnn_candidate-fp979d5c29-flat-recon-annealer-seed12-w100-devw14/post_legalizer.fplace --flat_place_verbosity 1 --device_width 14 --net_file /inspire/hdd/project/project-public/changshunjie-253114010247/changshunjie-253114010247/workspace/DAC2027/TailCompile/vtr_work/tailcompile_v3/sha/4x4/gnn_candidate-fp979d5c29-flat-recon-annealer-seed12-w100-devw14/sha.locked-input.net --read_flat_place /inspire/hdd/global_user/changshunjie-253114010247/workspace/DAC2027/TailCompile/experiments/vtr/tailcompile_v3/sha/4x4/pools/bootstrap_24/candidate_16_seed12043.fplace

Using up to 1 parallel worker(s)

Architecture file: /inspire/hdd/project/project-public/changshunjie-253114010247/changshunjie-253114010247/workspace/DAC2027/vtr/vtr-verilog-to-routing/vtr_flow/arch/COFFE_22nm/k6FracN10LB_mem20K_complexDSP_customSB_22nm.xml
Circuit name: sha.pre-vpr

# Loading Architecture Description
# Loading Architecture Description took 0.04 seconds (max_rss 19.0 MiB, delta_rss +0.0 MiB)

Timing analysis: ON
Circuit netlist file: /inspire/hdd/project/project-public/changshunjie-253114010247/changshunjie-253114010247/workspace/DAC2027/TailCompile/vtr_work/tailcompile_v3/sha/4x4/gnn_candidate-fp979d5c29-flat-recon-annealer-seed12-w100-devw14/sha.locked-input.net
Circuit placement file: sha.pre-vpr.place
Circuit routing file: sha.pre-vpr.route
Circuit SDC file: sha.pre-vpr.sdc
Vpr floorplanning constraints file: not specified

Packer: DISABLED
Placer: DISABLED
Analytical Placer: ENABLED
Router: ENABLED
Analysis: ENABLED

VPR was run with the following options:

netlist_opts.absorb_buffer_luts            : true
netlist_opts.sweep_dangling_primary_ios    : true
netlist_opts.sweep_dangling_nets           : true
netlist_opts.sweep_dangling_blocks         : true
netlist_opts.sweep_constant_primary_outputs: false
netlist_opts.netlist_verbosity             : 1
netlist_opts.const_gen_inference           : COMB_SEQ

AnalyticalPlacerOpts.analytical_solver_type: lp-b2b
AnalyticalPlacerOpts.partial_legalizer_type: bipartitioning
AnalyticalPlacerOpts.full_legalizer_type: flat-recon
AnalyticalPlacerOpts.detailed_placer_type: annealer
AnalyticalPlacerOpts.ap_timing_tradeoff: 0.500000
AnalyticalPlacerOpts.ap_high_fanout_threshold: 256
AnalyticalPlacerOpts.log_verbosity: 1
router_opts.route_type: DETAILED
router_opts.flat_routing: false
router_opts.choke_points: on
router_opts.router_algorithm: TIMING_DRIVEN
router_opts.base_cost_type: DELAY_NORMALIZED_LENGTH
router_opts.fixed_channel_width: 100
router_opts.check_route: FULL
router_opts.acc_fac: 1.000000
router_opts.bb_factor: 3
router_opts.bend_cost: 0.000000
router_opts.first_iter_pres_fac: 0.000000
router_opts.initial_pres_fac: 0.500000
router_opts.pres_fac_mult: 1.300000
router_opts.max_pres_fac: 1000.000000
router_opts.max_router_iterations: 50
router_opts.min_incremental_reroute_fanout: 16
router_opts.initial_acc_cost_chan_congestion_threshold: 0.500000
router_opts.initial_acc_cost_chan_congestion_weight: 0.500000
router_opts.do_check_rr_graph: true
router_opts.verify_binary_search: false
router_opts.min_channel_width_hint: 0
router_opts.read_rr_edge_metadata: false
router_opts.exit_after_first_routing_iteration: false
router_opts.astar_fac: 1.200000
router_opts.astar_offset: 0.000000
router_opts.router_profiler_astar_fac: 1.200000
router_opts.enable_parallel_connection_router: false
router_opts.post_target_prune_fac: 1.200000
router_opts.post_target_prune_offset: 0
router_opts.multi_queue_num_threads: 1
router_opts.multi_queue_num_queues: 2
router_opts.multi_queue_direct_draining: false
router_opts.criticality_exp: 1.000000
router_opts.max_criticality: 0.990000
router_opts.init_wirelength_abort_threshold: 0.850000
router_opts.incr_reroute_delay_ripup: AUTO
router_opts.save_routing_per_iteration: false
router_opts.congested_routing_iteration_threshold_frac: 1.000000
router_opts.high_fanout_threshold: 64
router_opts.router_debug_net: -2
router_opts.router_debug_sink_rr: -2
router_opts.router_debug_iteration: -2
router_opts.max_convergence_count: 1
router_opts.reconvergence_cpd_threshold: 0.990000
router_opts.update_lower_bound_delays: true
router_opts.first_iteration_timing_report_file: 
router_opts.route_bb_update: DYNAMIC
router_opts.lookahead_type: MAP
router_opts.initial_timing: LOOKAHEAD
router_opts.router_heap: FOUR_ARY_HEAP
router_opts.routing_failure_predictor = SAFE
router_opts.routing_predictor_min_history: 8
router_opts.routing_budgets_algorithm = DISABLE

analysis_opts.gen_post_synthesis_netlist: false
analysis_opts.gen_post_implementation_merged_netlist: false
analysis_opts.gen_post_implementation_sdc: false
analysis_opts.timing_report_npaths: 100
analysis_opts.timing_report_skew: false
analysis_opts.echo_dot_timing_graph_node: -1
analysis_opts.timing_report_detail: NETLIST
analysis_opts.post_synth_netlist_unconn_input_handling: UNCONNECTED
analysis_opts.post_synth_netlist_unconn_output_handling: UNCONNECTED
analysis_opts.post_synth_netlist_module_parameters: on

# Building complex block graph
# Building complex block graph took 0.10 seconds (max_rss 24.6 MiB, delta_rss +5.6 MiB)
Circuit file: /inspire/hdd/project/project-public/changshunjie-253114010247/changshunjie-253114010247/workspace/DAC2027/TailCompile/experiments/vtr/runs/pilot_v1/sha/full-seed1-w300/sha.pre-vpr.blif
# Load circuit
Found 3 constant generator(s) in the netlist (2 constant-zero, 1 constant-one) (run with --netlist_verbosity 2 to list names)
# Load circuit took 0.02 seconds (max_rss 28.3 MiB, delta_rss +3.7 MiB)
# Clean circuit
Absorbed 0 LUT buffers
Found 22 primitive output pin(s) driven only by constants; marked them as constants
Swept input(s)      : 0
Swept output(s)     : 0 (0 dangling, 0 constant)
Swept net(s)        : 22
Swept block(s)      : 0
Constant Pins Marked: 22
# Clean circuit took 0.00 seconds (max_rss 28.3 MiB, delta_rss +0.0 MiB)
# Compress circuit
# Compress circuit took 0.00 seconds (max_rss 28.3 MiB, delta_rss +0.0 MiB)
# Verify circuit
# Verify circuit took 0.00 seconds (max_rss 28.3 MiB, delta_rss +0.0 MiB)
Circuit Statistics:
  Blocks: 2491
    .input :      38
    .latch :     893
    .names :    1215
        0-LUT:       2
        1-LUT:       1
        2-LUT:      63
        3-LUT:     106
        4-LUT:      88
        5-LUT:     314
        6-LUT:     641
    .output:      36
    adder  :     309
  Nets  : 2742
    Avg Fanout:     3.3
    Max Fanout:   893.0
    Min Fanout:     1.0
  Netlist Clocks: 1
# Build Timing Graph
  Timing Graph Nodes: 11695
  Timing Graph Edges: 18725
  Timing Graph Levels: 84
# Build Timing Graph took 0.01 seconds (max_rss 31.7 MiB, delta_rss +3.1 MiB)
Netlist contains 1 clocks
  Netlist Clock 'clk_i' Fanout: 893 pins (7.6%), 893 blocks (35.8%)
# Load Timing Constraints

SDC file 'sha.pre-vpr.sdc' not found
Setting default timing constraints:
   * constrain all primary inputs and primary outputs on netlist clock 'clk_i'
   * optimize netlist clock to run as fast as possible
Timing constraints created 1 clocks
  Constrained Clock 'clk_i' Source: 'clk_i.inpad[0]'

# Load Timing Constraints took 0.00 seconds (max_rss 31.7 MiB, delta_rss +0.0 MiB)
# Analytical Placement
## Prepacker

There is one chain in this architecture called "chain" with the following starting points:
	clb[0]/lab[0]/fle[0]/ble5[0]/arithmetic[0]/adder[0].cin[0]

## Prepacker took 0.00 seconds (max_rss 32.0 MiB, delta_rss +0.3 MiB)
## Initializing Pre-Cluster Timing
Using inter-cluster delay: 2.1832e-09
## Initializing Pre-Cluster Timing took 0.19 seconds (max_rss 32.6 MiB, delta_rss +0.6 MiB)
## Estimate Device Size
Device layout 'auto' with fixed width 14.
FPGA sized to 14 x 14: 196 grid tiles (auto)
## Estimate Device Size took 0.00 seconds (max_rss 32.6 MiB, delta_rss +0.0 MiB)
## Ram Mapper
Flat Placement is provided, skipping the RAM mapping.
## Ram Mapper took 0.00 seconds (max_rss 32.6 MiB, delta_rss +0.0 MiB)
## Read Atom Netlist to AP Netlist
## Read Atom Netlist to AP Netlist took 0.01 seconds (max_rss 36.4 MiB, delta_rss +3.8 MiB)
Analytical Placement Netlist Statistics:
	AP Blocks: 1315
		Moveable AP Blocks: 1315
		Fixed AP Blocks: 0
	AP Nets: 1563
		Average Fanout: 4.51
		Highest Fanout: 194
	AP Pins: 11695

## Computing placement delta delay look-up
### Build routing resource graph
### Build routing resource graph took 0.10 seconds (max_rss 46.0 MiB, delta_rss +9.5 MiB)
  RR Graph Nodes: 32900
  RR Graph Edges: 234890
### Computing router lookahead map
#### Computing wire lookahead
#### Computing wire lookahead took 0.04 seconds (max_rss 46.2 MiB, delta_rss +0.0 MiB)
#### Computing src/opin lookahead
Warning 1: Found no more sample locations for SOURCE in io
Warning 2: Found no more sample locations for OPIN in io
Warning 3: Found no more sample locations for SOURCE in clb
Warning 4: Found no more sample locations for OPIN in clb
Warning 5: Found no more sample locations for SOURCE in dsp_top
Warning 6: Found no more sample locations for OPIN in dsp_top
Warning 7: Found no more sample locations for SOURCE in memory
Warning 8: Found no more sample locations for OPIN in memory
#### Computing src/opin lookahead took 0.00 seconds (max_rss 46.2 MiB, delta_rss +0.0 MiB)
### Computing router lookahead map took 0.04 seconds (max_rss 46.2 MiB, delta_rss +0.0 MiB)
Serial Connection Router is being destroyed. Time spent on path search: 0.000 seconds.
## Computing placement delta delay look-up took 0.15 seconds (max_rss 46.2 MiB, delta_rss +9.8 MiB)
Flat Placement is provided in the AP flow, skipping the Global Placement.
0 of 1315 molecules placed at device center (no atoms of these molecules found in flat placement).
## AP Full Legalizer
### Creating Clusters
Device (width, height): (14,14)
#### Sorting and Grouping Blocks by Tile
#### Sorting and Grouping Blocks by Tile took 0.00 seconds (max_rss 46.5 MiB, delta_rss +0.0 MiB)
#### Reconstruction Pass Clustering
#### Reconstruction Pass Clustering took 2.09 seconds (max_rss 50.2 MiB, delta_rss +3.8 MiB)
#### Orphan Window Clustering with search radius 8
#### Orphan Window Clustering with search radius 8 took 0.01 seconds (max_rss 50.2 MiB, delta_rss +0.0 MiB)
FPGA sized to 14 x 14: 196 grid tiles (auto)
Device Utilization: 0.62 (target 1.00)
	Block Utilization: 0.19 Type: io
	Block Utilization: 0.93 Type: clb

----------------------------------------------------------------
                       Clustering Summary                       
----------------------------------------------------------------
Clusters created (Self Clustering)                       : 185
    clb        : 111
    io         : 74
Clusters created (Orphan Window Clustering)              : 1
    clb        : 1
Total clusters                                           : 186
Percent of clusters created in Orphan Window Clustering  : 0.54%
Molecules clustered in each stage breakdown  : (Total of 1315)
	Self Clustering          (0.996958)  : 1311
 	Neighbor Clustering      (0.000000)  : 0
	Orphan Window Clustering (0.003042)  : 4
----------------------------------------------------------------

Final Clustering Statistics: 
----------   --------   ------------------------------------   --------------------------
Block Type   # Blocks   Avg. # of input clocks and pins used   Avg. # of output pins used
----------   --------   ------------------------------------   --------------------------
     EMPTY          0                                      0                            0   
        io         74                               0.486486                     0.513514   
       clb        112                                25.4196                      8.98214   
   dsp_top          0                                      0                            0   
    memory          0                                      0                            0   
Absorbed logical nets 1698 out of 2742 nets, 1044 nets not absorbed.
#### Load packing
##### Loading packed FPGA netlist file.
Netlist generated from file '/inspire/hdd/project/project-public/changshunjie-253114010247/changshunjie-253114010247/workspace/DAC2027/TailCompile/vtr_work/tailcompile_v3/sha/4x4/gnn_candidate-fp979d5c29-flat-recon-annealer-seed12-w100-devw14/sha.locked-input.net'.
Detected 2 constant generators (to see names run with higher pack verbosity)
##### Loading packed FPGA netlist file. took 0.17 seconds (max_rss 61.8 MiB, delta_rss +5.7 MiB)
Warning 9: Treated 2 constant nets as global which will not be routed (to see net names increase packer verbosity).
Netlist contains 33 global net to non-global architecture pin connections
Completed clustering consistency check successfully.
Cluster level netlist and block usage statistics
Netlist num_nets: 1044
Netlist num_blocks: 186
Netlist EMPTY blocks: 0.
Netlist io blocks: 74.
Netlist clb blocks: 112.
Netlist dsp_top blocks: 0.
Netlist memory blocks: 0.
Netlist inputs pins: 38
Netlist output pins: 36

Pb types usage...
  io               : 74
   inpad           : 38
   outpad          : 36
  clb              : 112
   lab             : 112
    fle            : 1086
     ble5          : 882
      flut5        : 573
       lut5        : 573
        lut        : 573
       ff          : 353
      arithmetic   : 309
       adder       : 309
     ble6          : 642
      lut6         : 642
       lut         : 642
      ff           : 540

#### Load packing took 0.25 seconds (max_rss 96.7 MiB, delta_rss +40.5 MiB)
Netlist contains 33 global net to non-global architecture pin connections
Cluster level netlist and block usage statistics
Netlist num_nets: 1044
Netlist num_blocks: 186
Netlist EMPTY blocks: 0.
Netlist io blocks: 74.
Netlist clb blocks: 112.
Netlist dsp_top blocks: 0.
Netlist memory blocks: 0.
Netlist inputs pins: 38
Netlist output pins: 36
### Creating Clusters took 2.46 seconds (max_rss 96.7 MiB, delta_rss +50.2 MiB)
Completed clustering consistency check successfully.
FPGA sized to 14 x 14: 196 grid tiles (auto)
### Compressed grid construction
### Compressed grid construction took 0.00 seconds (max_rss 96.7 MiB, delta_rss +0.0 MiB)
### Initial Placement
Placing clusters that are part of larger macros...
Number of blocks to be placed: 18
Max distance on device: 28
---- ---------- ---------- -------------
Pass Max Displ. Num Blocks Num Blocks   
     Threshold  Placed     Left Unplaced
---- ---------- ---------- -------------
   0          0         12             6
   1          1          6             0

Placing general clusters...
Number of blocks to be placed: 168
Max distance on device: 28
---- ---------- ---------- -------------
Pass Max Displ. Num Blocks Num Blocks   
     Threshold  Placed     Left Unplaced
---- ---------- ---------- -------------
   0          0        159             9
   1          1          2             7
   2          2          1             6
   3          4          1             5
   4          8          4             1
   5         16          1             0

### Initial Placement took 0.00 seconds (max_rss 96.7 MiB, delta_rss +0.0 MiB)
Flat Placement Reconstruction Info:
	Percent of clusters with reconstruction errors: 0.537634
	Total displacement of initial placement from flat placement: 1508.000000
	Average atom displacement of initial placement from flat placement: 0.605379
	Max atom displacement of initial placement from flat placement: 11.000000
	Percent of atoms misplaced from the flat placement: 18.867924
## AP Full Legalizer took 2.46 seconds (max_rss 96.7 MiB, delta_rss +50.2 MiB)

Resource usage...
	Netlist
		74	blocks of type: io
	Architecture
		384	blocks of type: io
	Netlist
		112	blocks of type: clb
	Architecture
		120	blocks of type: clb
	Netlist
		0	blocks of type: dsp_top
	Architecture
		3	blocks of type: dsp_top
	Netlist
		0	blocks of type: memory
	Architecture
		6	blocks of type: memory

Device Utilization: 0.62 (target 1.00)
	Physical Tile io:
	Block Utilization: 0.19 Logical Block: io
	Physical Tile clb:
	Block Utilization: 0.93 Logical Block: clb
	Physical Tile dsp_top:
	Block Utilization: 0.00 Logical Block: dsp_top
	Physical Tile memory:
	Block Utilization: 0.00 Logical Block: memory

## Computing placement delta delay look-up
RR graph channel widths unchanged, skipping RR graph rebuild
Serial Connection Router is being destroyed. Time spent on path search: 0.000 seconds.
## Computing placement delta delay look-up took 0.00 seconds (max_rss 96.7 MiB, delta_rss +0.0 MiB)
Using simple RL 'Softmax agent' for choosing move and block types

Completed placement consistency check successfully.
Initial placement cost: 1 bb_cost: 110.96 td_cost: 6.95205e-07
Initial placement BB estimate of wirelength: 11072.9
Initial placement estimated Critical Path Delay (CPD): 10.4693 ns
Initial placement estimated setup Total Negative Slack (sTNS): -3038.72 ns
Initial placement estimated setup Worst Negative Slack (sWNS): -10.4693 ns

Initial placement estimated setup slack histogram:
[   -1e-08: -9.5e-09)  22 (  2.4%) |**
[ -9.5e-09: -8.5e-09)  10 (  1.1%) |*
[ -8.5e-09: -7.5e-09)   0 (  0.0%) |
[ -7.5e-09: -6.6e-09)   0 (  0.0%) |
[ -6.6e-09: -5.6e-09)   0 (  0.0%) |
[ -5.6e-09: -4.6e-09)  16 (  1.7%) |*
[ -4.6e-09: -3.6e-09) 112 ( 12.1%) |********
[ -3.6e-09: -2.7e-09) 632 ( 68.0%) |***********************************************
[ -2.7e-09: -1.7e-09)  89 (  9.6%) |*******
[ -1.7e-09:   -7e-10)  48 (  5.2%) |****
Placement contains 9 placement macros involving 18 blocks (average macro size 2.000000)

Moves per temperature: 530
## AP Detailed Placer

---- ------ ------- ------- ---------- ---------- ------- ---------- -------- ------- ------- ------ -------- --------- ------
Tnum  Time     T    AvCost  Av BB Cost Av TD Cost   CPD      sTNS      sWNS   AcRate  StdDev  R lim  CritExp  TotMoves  Alpha 
     (sec)                                          (ns)     (ns)      (ns)                                                   
---- ------ ------- ------- ---------- ---------- ------- ---------- -------- ------- ------- ------ -------- --------- ------
   1    0.0 3.9e-03   1.013     105.80 6.4446e-07  10.650  -3.29e+03  -10.650   0.704  0.0093   13.0     1.00        530  1.000
   2    0.0 3.7e-03   1.018     109.66 6.6641e-07  10.614   -3.2e+03  -10.614   0.713  0.0151   13.0     1.00       1060  0.950
   3    0.0 3.5e-03   0.974     108.12 6.6387e-07  10.632  -3.22e+03  -10.632   0.666  0.0116   13.0     1.00       1590  0.950
   4    0.0 3.3e-03   1.007     110.19 6.5414e-07  10.517     -3e+03  -10.517   0.689  0.0092   13.0     1.00       2120  0.950
   5    0.0 3.2e-03   0.987     112.12 6.6675e-07  10.947  -3.38e+03  -10.947   0.708  0.0129   13.0     1.00       2650  0.950
   6    0.0 3.0e-03   0.991     110.04 6.4805e-07  10.793  -3.21e+03  -10.793   0.700  0.0074   13.0     1.00       3180  0.950
   7    0.0 2.8e-03   0.984     107.68 6.5866e-07  10.119  -3.02e+03  -10.119   0.640  0.0073   13.0     1.00       3710  0.950
   8    0.0 2.7e-03   1.007     106.85 6.5419e-07  10.010     -3e+03  -10.010   0.634  0.0098   13.0     1.00       4240  0.950
   9    0.0 2.6e-03   1.005     101.99 6.5165e-07   9.956  -2.97e+03   -9.956   0.613  0.0067   13.0     1.00       4770  0.950
  10    0.0 2.4e-03   0.996     103.01 6.4292e-07  10.414  -3.06e+03  -10.414   0.608  0.0089   13.0     1.00       5300  0.950
  11    0.0 2.3e-03   0.998     100.29 6.501e-07   10.304  -3.13e+03  -10.304   0.628  0.0040   13.0     1.00       5830  0.950
  12    0.0 2.2e-03   1.003      99.49 6.293e-07   10.499  -2.98e+03  -10.499   0.579  0.0099   13.0     1.00       6360  0.950
  13    0.0 2.1e-03   0.998     103.42 6.6872e-07  10.159  -3.31e+03  -10.159   0.600  0.0046   13.0     1.00       6890  0.950
  14    0.0 2.0e-03   0.974     101.53 6.6305e-07  10.024  -3.31e+03  -10.024   0.600  0.0088   13.0     1.00       7420  0.950
  15    0.0 1.9e-03   0.996      98.84 6.3616e-07  10.174  -3.22e+03  -10.174   0.602  0.0056   13.0     1.00       7950  0.950
  16    0.0 1.8e-03   1.000     100.72 6.3782e-07  10.535   -3.2e+03  -10.535   0.572  0.0036   13.0     1.00       8480  0.950
  17    0.0 1.7e-03   0.982      97.84 6.3733e-07  10.474  -3.33e+03  -10.474   0.551  0.0137   13.0     1.00       9010  0.950
  18    0.0 1.6e-03   0.994      94.22 6.4452e-07   9.628   -3.1e+03   -9.628   0.587  0.0036   13.0     1.00       9540  0.950
  19    0.0 1.5e-03   1.005      95.62 6.39e-07    10.084  -3.17e+03  -10.084   0.570  0.0048   13.0     1.00      10070  0.950
  20    0.0 1.5e-03   1.005      97.80 6.3675e-07  10.130  -3.06e+03  -10.130   0.547  0.0057   13.0     1.00      10600  0.950
  21    0.0 1.4e-03   0.986      97.02 6.4824e-07  10.149  -3.19e+03  -10.149   0.542  0.0096   13.0     1.00      11130  0.950
  22    0.0 1.3e-03   0.995      95.13 6.3273e-07  10.016  -2.98e+03  -10.016   0.500  0.0026   13.0     1.00      11660  0.950
  23    0.0 1.3e-03   0.989      94.32 6.4201e-07   9.633  -2.97e+03   -9.633   0.498  0.0064   13.0     1.00      12190  0.950
  24    0.0 1.2e-03   0.989      91.80 6.2777e-07   9.690  -2.91e+03   -9.690   0.504  0.0052   13.0     1.00      12720  0.950
  25    0.0 1.1e-03   0.991      91.58 6.4068e-07   9.716  -3.08e+03   -9.716   0.487  0.0021   13.0     1.00      13250  0.950
  26    0.0 1.1e-03   1.001      92.68 6.3622e-07   9.655  -3.02e+03   -9.655   0.496  0.0042   13.0     1.00      13780  0.950
  27    0.0 1.0e-03   0.994      92.09 6.3413e-07   9.663     -3e+03   -9.663   0.475  0.0029   13.0     1.00      14310  0.950
  28    0.0 9.7e-04   0.996      91.99 6.4806e-07   9.795  -3.09e+03   -9.795   0.477  0.0039   13.0     1.00      14840  0.950
  29    0.0 9.2e-04   0.997      91.64 6.2274e-07  10.266  -3.15e+03  -10.266   0.504  0.0028   13.0     1.00      15370  0.950
  30    0.0 8.7e-04   0.987      90.54 6.0348e-07  10.407  -3.08e+03  -10.407   0.479  0.0097   13.0     1.00      15900  0.950
  31    0.0 8.3e-04   0.999      89.29 6.0546e-07   9.914   -2.9e+03   -9.914   0.445  0.0020   13.0     1.00      16430  0.950
  32    0.0 7.9e-04   1.001      89.64 6.0317e-07   9.991  -2.91e+03   -9.991   0.460  0.0010   13.0     1.00      16960  0.950
  33    0.0 7.5e-04   0.997      89.82 6.0201e-07  10.016  -2.98e+03  -10.016   0.449  0.0031   13.0     1.00      17490  0.950
  34    0.0 7.1e-04   0.995      89.39 6.1242e-07   9.757  -2.98e+03   -9.757   0.468  0.0023   13.0     1.00      18020  0.950
  35    0.0 6.8e-04   0.993      88.31 6.0429e-07   9.965  -2.98e+03   -9.965   0.430  0.0033   13.0     1.00      18550  0.950
  36    0.0 6.4e-04   0.997      86.78 5.5757e-07   9.965  -2.89e+03   -9.965   0.438  0.0029   12.9     1.07      19080  0.950
  37    0.0 6.1e-04   0.997      85.75 5.5388e-07   9.965  -2.96e+03   -9.965   0.419  0.0024   12.8     1.09      19610  0.950
  38    0.0 5.8e-04   0.997      84.92 4.8819e-07   9.767  -2.92e+03   -9.767   0.370  0.0025   12.6     1.25      20140  0.950
  39    0.0 5.5e-04   0.997      84.37 3.3414e-07   9.604  -2.92e+03   -9.604   0.351  0.0022   11.7     1.76      20670  0.950
  40    0.0 5.2e-04   0.996      83.82 2.3363e-07   9.812   -2.9e+03   -9.812   0.360  0.0017   10.6     2.37      21200  0.950
  41    0.0 5.0e-04   0.998      83.28 1.9443e-07   9.778  -2.99e+03   -9.778   0.381  0.0028    9.8     2.87      21730  0.950
  42    0.0 4.7e-04   0.998      82.70 1.7883e-07   9.604     -3e+03   -9.604   0.349  0.0018    9.2     3.20      22260  0.950
  43    0.0 4.5e-04   0.998      82.29 1.5934e-07   9.575  -2.91e+03   -9.575   0.296  0.0022    8.4     3.69      22790  0.950
  44    0.0 4.3e-04   1.002      82.70 1.4249e-07   9.575  -2.93e+03   -9.575   0.315  0.0016    7.2     4.40      23320  0.950
  45    0.0 4.1e-04   0.995      82.95 1.3368e-07   9.575  -2.97e+03   -9.575   0.353  0.0021    6.3     4.92      23850  0.950
  46    0.0 3.8e-04   0.998      82.67 1.3155e-07   9.498  -2.96e+03   -9.498   0.309  0.0015    5.7     5.24      24380  0.950
  47    0.0 3.7e-04   0.996      81.54 1.2855e-07   9.422  -2.93e+03   -9.422   0.292  0.0025    5.0     5.67      24910  0.950
  48    0.0 3.5e-04   0.999      80.83 1.2415e-07   9.486  -2.93e+03   -9.486   0.289  0.0018    4.3     6.10      25440  0.950
  49    0.0 3.3e-04   1.000      80.20 1.2102e-07   9.486  -2.94e+03   -9.486   0.279  0.0013    3.6     6.48      25970  0.950
  50    0.0 3.1e-04   0.999      80.41 1.1872e-07   9.486  -2.96e+03   -9.486   0.336  0.0018    3.0     6.82      26500  0.950
  51    0.0 3.0e-04   0.998      79.94 1.1832e-07   9.486  -2.95e+03   -9.486   0.366  0.0014    2.7     7.00      27030  0.950
  52    0.0 2.8e-04   0.998      79.43 1.1663e-07   9.527  -2.97e+03   -9.527   0.325  0.0019    2.5     7.12      27560  0.950
  53    0.0 2.7e-04   1.000      78.71 1.1574e-07   9.527  -2.93e+03   -9.527   0.258  0.0007    2.2     7.29      28090  0.950
  54    0.0 2.6e-04   1.001      78.98 1.1296e-07   9.527  -2.95e+03   -9.527   0.375  0.0013    1.8     7.52      28620  0.950
  55    0.0 2.4e-04   0.997      78.46 1.1669e-07   9.422  -2.93e+03   -9.422   0.334  0.0014    1.7     7.59      29150  0.950
  56    0.0 2.3e-04   0.998      78.41 1.1571e-07   9.402  -2.94e+03   -9.402   0.389  0.0011    1.5     7.70      29680  0.950
  57    0.0 2.2e-04   0.997      78.45 1.1461e-07   9.473  -2.96e+03   -9.473   0.340  0.0015    1.4     7.74      30210  0.950
  58    0.0 2.1e-04   1.000      78.22 1.1358e-07   9.486  -2.93e+03   -9.486   0.349  0.0006    1.3     7.83      30740  0.950
  59    0.0 2.0e-04   1.000      78.03 1.1525e-07   9.393  -2.95e+03   -9.393   0.313  0.0006    1.2     7.90      31270  0.950
  60    0.0 1.9e-04   0.998      77.66 1.149e-07    9.393  -2.94e+03   -9.393   0.319  0.0008    1.0     7.98      31800  0.950
  61    0.0 1.8e-04   0.997      77.15 1.1294e-07   9.470  -2.94e+03   -9.470   0.266  0.0012    1.0     8.00      32330  0.950
  62    0.0 1.7e-04   1.001      76.85 1.1342e-07   9.470     -3e+03   -9.470   0.281  0.0005    1.0     8.00      32860  0.950
  63    0.0 1.6e-04   0.997      76.68 1.1306e-07   9.485     -3e+03   -9.485   0.249  0.0008    1.0     8.00      33390  0.950
  64    0.0 1.5e-04   0.998      76.43 1.1249e-07   9.485  -2.97e+03   -9.485   0.249  0.0017    1.0     8.00      33920  0.950
  65    0.0 1.5e-04   1.000      76.46 1.1369e-07   9.422  -2.95e+03   -9.422   0.249  0.0007    1.0     8.00      34450  0.950
  66    0.0 1.4e-04   1.000      76.60 1.1408e-07   9.422  -2.95e+03   -9.422   0.226  0.0005    1.0     8.00      34980  0.950
  67    0.0 1.3e-04   0.999      76.42 1.1233e-07   9.486  -2.95e+03   -9.486   0.255  0.0008    1.0     8.00      35510  0.950
  68    0.0 1.2e-04   1.000      76.43 1.1316e-07   9.486  -2.97e+03   -9.486   0.253  0.0004    1.0     8.00      36040  0.950
  69    0.0 1.2e-04   0.998      76.25 1.1266e-07   9.485  -2.93e+03   -9.485   0.232  0.0009    1.0     8.00      36570  0.950
  70    0.0 1.1e-04   0.999      75.93 1.1448e-07   9.422  -2.94e+03   -9.422   0.196  0.0007    1.0     8.00      37100  0.950
  71    0.0 1.1e-04   1.000      75.91 1.1296e-07   9.485  -2.96e+03   -9.485   0.213  0.0005    1.0     8.00      37630  0.950
  72    0.0 1.0e-04   1.000      75.87 1.1307e-07   9.470  -2.97e+03   -9.470   0.170  0.0004    1.0     8.00      38160  0.950
  73    0.0 9.6e-05   0.999      75.71 1.1291e-07   9.486  -2.96e+03   -9.486   0.204  0.0007    1.0     8.00      38690  0.950
  74    0.0 9.2e-05   0.999      75.50 1.1305e-07   9.485  -2.95e+03   -9.485   0.166  0.0005    1.0     8.00      39220  0.950
  75    0.0 8.7e-05   1.000      75.50 1.1273e-07   9.486  -2.95e+03   -9.486   0.147  0.0002    1.0     8.00      39750  0.950
Agent's 2nd state: 
  76    0.0 7.0e-05   0.999      75.49 1.1299e-07   9.485  -2.95e+03   -9.485   0.123  0.0006    1.0     8.00      40280  0.800
Checkpoint saved: bb_costs=75.4241, TD costs=1.1233e-07, CPD=  9.485 (ns) 
  77    0.0 5.6e-05   1.000      75.43 1.1233e-07   9.485  -2.95e+03   -9.485   0.096  0.0002    1.0     8.00      40810  0.800
  78    0.0 4.5e-05   0.999      75.39 1.1301e-07   9.460  -2.95e+03   -9.460   0.085  0.0003    1.0     8.00      41340  0.800
  79    0.0 3.6e-05   0.999      75.36 1.123e-07    9.485  -2.95e+03   -9.485   0.083  0.0003    1.0     8.00      41870  0.800
Checkpoint saved: bb_costs=75.3245, TD costs=1.13654e-07, CPD=  9.422 (ns) 
  80    0.0 2.8e-05   1.000      75.29 1.1366e-07   9.422  -2.95e+03   -9.422   0.042  0.0002    1.0     8.00      42400  0.800
  81    0.0 2.3e-05   1.000      75.20 1.1373e-07   9.422  -2.95e+03   -9.422   0.040  0.0001    1.0     8.00      42930  0.800
  82    0.0 1.8e-05   1.000      75.16 1.1226e-07   9.485  -2.95e+03   -9.485   0.042  0.0001    1.0     8.00      43460  0.800
  83    0.0 1.5e-05   1.000      75.15 1.1229e-07   9.485  -2.95e+03   -9.485   0.043  0.0001    1.0     8.00      43990  0.800
  84    0.0 1.2e-05   1.000      75.12 1.123e-07    9.485  -2.95e+03   -9.485   0.045  0.0002    1.0     8.00      44520  0.800
  85    0.0 9.3e-06   1.000      75.02 1.1235e-07   9.485  -2.95e+03   -9.485   0.030  0.0001    1.0     8.00      45050  0.800
  86    0.0 7.5e-06   1.000      75.01 1.1235e-07   9.485  -2.95e+03   -9.485   0.049  0.0001    1.0     8.00      45580  0.800
  87    0.0 6.0e-06   1.000      75.05 1.1228e-07   9.485  -2.95e+03   -9.485   0.047  0.0000    1.0     8.00      46110  0.800
  88    0.0 0.0e+00   1.000      75.06 1.1369e-07   9.422  -2.95e+03   -9.422   0.013  0.0000    1.0     8.00      46640  0.800
### Placement Quench took 0.01 seconds (max_rss 98.0 MiB)
post-quench CPD = 9.48601 (ns) 

Checkpoint restored

Completed placement consistency check successfully.

Swaps called: 46826

Aborted Move Reasons:
  duplicate block move to location: 25
  macro move to location illegal: 10
  macro_from swap to location illegal: 349

BB estimate of min-dist (placement) wire length: 7494

Placement estimated critical path delay (least slack): 9.42237 ns, Fmax: 106.13 MHz
Placement estimated critical path skew: -0.04243 ns
Placement estimated setup Worst Negative Slack (sWNS): -9.42237 ns
Placement estimated setup Total Negative Slack (sTNS): -2951.22 ns
Placement estimated setup Worst Skew (sWS): -0.04243 ns

Placement estimated setup slack histogram:
[ -9.4e-09: -8.6e-09)  15 (  1.6%) |*
[ -8.6e-09: -7.7e-09)  17 (  1.8%) |*
[ -7.7e-09: -6.8e-09)   0 (  0.0%) |
[ -6.8e-09: -5.9e-09)   0 (  0.0%) |
[ -5.9e-09: -5.1e-09)   0 (  0.0%) |
[ -5.1e-09: -4.2e-09)  24 (  2.6%) |**
[ -4.2e-09: -3.3e-09) 139 ( 15.0%) |***********
[ -3.3e-09: -2.4e-09) 614 ( 66.1%) |***********************************************
[ -2.4e-09: -1.6e-09)  69 (  7.4%) |*****
[ -1.6e-09:   -7e-10)  51 (  5.5%) |****

Placement estimated geomean non-virtual intra-domain period: 9.42237 ns (106.13 MHz)
Placement estimated fanout-weighted geomean non-virtual intra-domain period: 9.42237 ns (106.13 MHz)

Placement cost: 1, bb_cost: 75.3245, td_cost: 1.13654e-07, 

Placement resource usage:
  io  implemented as io : 74
  clb implemented as clb: 112

Placement number of temperatures: 88
Placement total # of swap attempts: 46826
	Swaps accepted: 17193 (36.7 %)
	Swaps rejected: 28916 (61.8 %)
	Swaps aborted:   717 ( 1.5 %)


Placement perturbation distribution by block and move type: 
------------------ ----------------- ---------------- ---------------- --------------- ------------ 
    Block Type         Move Type       (%) of Total      Accepted(%)     Rejected(%)    Aborted(%)
------------------ ----------------- ---------------- ---------------- --------------- ------------ 
io                 Uniform                9.66             62.87           37.13          0.00         
                   Median                 9.10             61.69           32.82          5.49         
                   Centroid               8.90             65.37           34.61          0.02         
                   W. Centroid            9.19             66.70           33.26          0.05         
                   W. Median              0.77             13.61           81.11          5.28         

clb                Uniform                15.34            17.98           80.28          1.74         
                   Median                 14.18            28.16           69.76          2.08         
                   Centroid               13.69            22.59           76.10          1.31         
                   W. Centroid            14.13            21.86           76.85          1.28         
                   W. Median              1.18             3.44            92.21          4.35         
                   Crit. Uniform          1.91             0.11            99.89          0.00         
                   Feasible Region        1.95             0.11            99.34          0.55         


Placement Quench timing analysis took 0.00375418 seconds (0.00334677 STA, 0.000407409 slack) (1 full updates: 1 setup, 0 hold, 0 combined).
Placement Total  timing analysis took 0.371577 seconds (0.33303 STA, 0.038547 slack) (91 full updates: 91 setup, 0 hold, 0 combined).
update_td_costs: connections 0.00230994 nets 0 sum_nets 0.00125833 total 0.00363251
## AP Detailed Placer took 0.85 seconds (max_rss 98.0 MiB, delta_rss +0.0 MiB)
Incr Slack updates 91 in 0.0106369 sec
Full Max Req/Worst Slack updates 40 in 0.00107339 sec
Incr Max Req/Worst Slack updates 51 in 0.00174873 sec
Incr Criticality updates 21 in 0.0050216 sec
Full Criticality updates 70 in 0.0167954 sec
Incr Slack updates 1 in 9.8787e-05 sec
Full Max Req/Worst Slack updates 1 in 3.3957e-05 sec
Incr Max Req/Worst Slack updates 0 in 0 sec
Incr Criticality updates 0 in 0 sec
Full Criticality updates 1 in 0.000255924 sec
# Analytical Placement took 3.74 seconds (max_rss 98.3 MiB, delta_rss +66.6 MiB)


# Routing
RR graph channel widths unchanged, skipping RR graph rebuild
## Initializing router criticalities
Initial Net Connection Criticality Histogram:
[        0:      0.1) 220 (  7.6%) |*************
[      0.1:      0.2) 808 ( 28.0%) |**********************************************
[      0.2:      0.3) 559 ( 19.4%) |********************************
[      0.3:      0.4) 824 ( 28.6%) |***********************************************
[      0.4:      0.5)  98 (  3.4%) |******
[      0.5:      0.6)  30 (  1.0%) |**
[      0.6:      0.7)  60 (  2.1%) |***
[      0.7:      0.8)  36 (  1.2%) |**
[      0.8:      0.9)  51 (  1.8%) |***
[      0.9:        1) 197 (  6.8%) |***********
## Initializing router criticalities took 0.05 seconds (max_rss 98.3 MiB, delta_rss +0.0 MiB)
---- ------ ------- ---- ------- ------- ------- ----------------- --------------- -------- ---------- ---------- ---------- ---------- --------
Iter   Time    pres  BBs    Heap  Re-Rtd  Re-Rtd Overused RR Nodes      Wirelength      CPD       sTNS       sWNS       hTNS       hWNS Est Succ
      (sec)     fac Updt    push    Nets   Conns                                       (ns)       (ns)       (ns)       (ns)       (ns)     Iter
---- ------ ------- ---- ------- ------- ------- ----------------- --------------- -------- ---------- ---------- ---------- ---------- --------
   1    0.0     0.0    0  117069    1041    2751    1129 ( 3.432%)   11675 (37.4%)    8.981     -2917.     -8.981      0.000      0.000      N/A
   2    0.0     0.5    0  104916     800    2269     735 ( 2.234%)   11867 (38.0%)    8.981     -2857.     -8.981      0.000      0.000      N/A
   3    0.0     0.6    0   91538     640    1626     642 ( 1.951%)   12263 (39.3%)    8.981     -2896.     -8.981      0.000      0.000      N/A
   4    0.0     0.8    0   87776     571    1471     558 ( 1.696%)   12322 (39.5%)    9.189     -2942.     -9.189      0.000      0.000      N/A
   5    0.0     1.1    0   93070     529    1441     455 ( 1.383%)   12708 (40.7%)    9.189     -2971.     -9.189      0.000      0.000      N/A
   6    0.0     1.4    0   89258     462    1280     371 ( 1.128%)   12946 (41.5%)    8.981     -3012.     -8.981      0.000      0.000      N/A
   7    0.0     1.9    0   74880     380     932     282 ( 0.857%)   13166 (42.2%)    8.981     -3026.     -8.981      0.000      0.000      N/A
   8    0.0     2.4    0   68725     312     793     233 ( 0.708%)   13392 (42.9%)    8.981     -3089.     -8.981      0.000      0.000      N/A
   9    0.0     3.1    0   61512     258     604     173 ( 0.526%)   13776 (44.2%)    8.981     -3104.     -8.981      0.000      0.000       31
  10    0.0     4.1    0   56984     205     459     126 ( 0.383%)   13809 (44.3%)    9.109     -3107.     -9.109      0.000      0.000       28
  11    0.0     5.3    0   51198     182     506     108 ( 0.328%)   14130 (45.3%)    9.189     -3124.     -9.189      0.000      0.000       29
  12    0.0     6.9    0   55895     148     340      84 ( 0.255%)   14273 (45.7%)    9.189     -3123.     -9.189      0.000      0.000       30
  13    0.0     9.0    0   50403     122     275      50 ( 0.152%)   14515 (46.5%)    9.317     -3126.     -9.317      0.000      0.000       28
  14    0.0    11.6    0   43147     102     210      34 ( 0.103%)   14730 (47.2%)    9.189     -3131.     -9.189      0.000      0.000       26
  15    0.0    15.1    0   39553      72     169      26 ( 0.079%)   14829 (47.5%)    9.189     -3133.     -9.189      0.000      0.000       25
  16    0.0    19.7    0   31212      68     157      16 ( 0.049%)   14942 (47.9%)    9.189     -3179.     -9.189      0.000      0.000       24
  17    0.0    25.6    0   23376      54     122      12 ( 0.036%)   14965 (48.0%)    9.189     -3179.     -9.189      0.000      0.000       24
  18    0.0    33.3    0   17472      45     102      10 ( 0.030%)   14983 (48.0%)    9.189     -3180.     -9.189      0.000      0.000       24
  19    0.0    43.3    0   14808      41     100       8 ( 0.024%)   15072 (48.3%)    9.732     -3199.     -9.732      0.000      0.000       25
  20    0.0    56.2    0   11149      39      93       6 ( 0.018%)   15136 (48.5%)    9.629     -3198.     -9.629      0.000      0.000       25
  21    0.0    73.1    0    9345      32      79       7 ( 0.021%)   15214 (48.8%)    9.397     -3188.     -9.397      0.000      0.000       26
  22    0.0    95.0    0    6829      33      98       2 ( 0.006%)   15287 (49.0%)   10.150     -3241.    -10.150      0.000      0.000       25
  23    0.0   123.5    0    4123      29      69       1 ( 0.003%)   15308 (49.1%)   10.438     -3240.    -10.438      0.000      0.000       25
  24    0.0   160.6    0    3975      23      66       2 ( 0.006%)   15300 (49.0%)    9.812     -3225.     -9.812      0.000      0.000       25
  25    0.0   208.8    0    6383      28      72       1 ( 0.003%)   15327 (49.1%)    9.812     -3224.     -9.812      0.000      0.000       25
  26    0.0   271.4    0    8182      28      73       1 ( 0.003%)   15326 (49.1%)    9.812     -3225.     -9.812      0.000      0.000       25
  27    0.0   352.8    0    5546      27      71       1 ( 0.003%)   15354 (49.2%)    9.812     -3224.     -9.812      0.000      0.000       26
  28    0.0   458.7    0    3757      27      71       0 ( 0.000%)   15357 (49.2%)    9.812     -3225.     -9.812      0.000      0.000      N/A
Restoring best routing
Critical path: 9.81237 ns
Successfully routed after 28 routing iterations.
Final Net Connection Criticality Histogram:
[        0:      0.1) 387 ( 13.4%) |************************
[      0.1:      0.2) 541 ( 18.8%) |*********************************
[      0.2:      0.3) 574 ( 19.9%) |***********************************
[      0.3:      0.4) 767 ( 26.6%) |***********************************************
[      0.4:      0.5) 222 (  7.7%) |**************
[      0.5:      0.6)  40 (  1.4%) |**
[      0.6:      0.7)  63 (  2.2%) |****
[      0.7:      0.8)  51 (  1.8%) |***
[      0.8:      0.9)  86 (  3.0%) |*****
[      0.9:        1) 152 (  5.3%) |*********
Router Stats: total_nets_routed: 6298 total_connections_routed: 16299 total_heap_pushes: 1232081 total_heap_pops: 312784 
Serial Connection Router is being destroyed. Time spent on path search: 0.149 seconds.
# Routing took 0.50 seconds (max_rss 98.3 MiB, delta_rss +0.0 MiB)

Checking to ensure routing is legal...
# Checking to ensure non-configurable edges are legal
# Checking to ensure non-configurable edges are legal took 0.00 seconds (max_rss 98.3 MiB, delta_rss +0.0 MiB)
Completed routing consistency check successfully.

Serial number (magic cookie) for the routing is: -175739522
Circuit successfully routed with a channel width factor of 100.
Incr Slack updates 29 in 0.00280866 sec
Full Max Req/Worst Slack updates 7 in 0.000192368 sec
Incr Max Req/Worst Slack updates 22 in 0.00076008 sec
Incr Criticality updates 15 in 0.00326412 sec
Full Criticality updates 14 in 0.00359824 sec
# Synchronize the packed netlist to routing optimization
## Annotating rr_node with routed nets
## Annotating rr_node with routed nets took 0.00 seconds (max_rss 98.3 MiB, delta_rss +0.0 MiB)
Found 3936 mismatches between routing and packing results.
Fixed 2531 routing traces due to mismatch between routing and packing results.
# Synchronize the packed netlist to routing optimization took 0.03 seconds (max_rss 98.3 MiB, delta_rss +0.0 MiB)
Final Clustering Statistics: 
----------   --------   ------------------------------------   --------------------------
Block Type   # Blocks   Avg. # of input clocks and pins used   Avg. # of output pins used
----------   --------   ------------------------------------   --------------------------
     EMPTY          0                                      0                            0   
        io         74                               0.486486                     0.513514   
       clb        112                                25.4196                      8.98214   
   dsp_top          0                                      0                            0   
    memory          0                                      0                            0   
Absorbed logical nets 1698 out of 2742 nets, 1044 nets not absorbed.


Average number of bends per net: 1.80692  Maximum # of bends: 42

Number of global nets: 3
Number of routed nets (nonglobal): 1041
Wire length results (in units of 1 clb segments)...
	Total wirelength: 15357, average net length: 14.7522
	Maximum net length: 436

Wire length results in terms of physical segments...
	Total wiring segments used: 4235, average wire segments per net: 4.06820
	Maximum segments used by a net: 130
	Total local nets with reserved CLB opins: 0
Total number of nets absorbed: 9

Routing channel utilization histogram:
[        1:      inf)  0 (  0.0%) |
[      0.9:        1)  0 (  0.0%) |
[      0.8:      0.9) 28 (  8.3%) |*****************
[      0.7:      0.8) 80 ( 23.7%) |************************************************
[      0.5:      0.6) 40 ( 11.8%) |************************
[      0.4:      0.5) 42 ( 12.4%) |*************************
[      0.3:      0.4) 42 ( 12.4%) |*************************
[      0.2:      0.3) 53 ( 15.7%) |********************************
[      0.1:      0.2) 25 (  7.4%) |***************
[        0:      0.1) 28 (  8.3%) |*****************
Maximum routing channel utilization:      0.89 at (8,0)

X - Directed channels: layer   y   max occ   ave occ   ave cap
                        ----- ---- -------- -------- --------
                            0    0       89   67.917      100
                            0    1       78   53.167      100
                            0    2       85   54.250      100
                            0    3       81   56.083      100
                            0    4       81   58.500      100
                            0    5       86   60.833      100
                            0    6       75   52.667      100
                            0    7       74   52.750      100
                            0    8       61   45.083      100
                            0    9       54   40.250      100
                            0   10       48   35.250      100
                            0   11       35   27.333      100
                            0   12       53   35.167      100
Y - Directed channels: layer   x   max occ   ave occ   ave cap
                        ----- ---- -------- -------- --------
                            0    0       34   24.500      100
                            0    1       32   21.000      100
                            0    2       31   22.167      100
                            0    3       58   43.583      100
                            0    4       66   50.000      100
                            0    5       68   50.000      100
                            0    6       72   50.917      100
                            0    7       83   63.167      100
                            0    8       85   70.167      100
                            0    9       86   65.167      100
                            0   10       73   59.083      100
                            0   11       81   55.667      100
                            0   12       88   65.083      100

Total existing wires segments: CHANX     15600, CHANY     15600, CHANZ         0, ALL     31200
Total used wires segments:     CHANX      7671, CHANY      7686, CHANZ         0, ALL     15357
Usage percentage:              CHANX     49.2%, CHANY     49.3%, CHANZ      0.0%, ALL     49.2%

Logic area (in minimum width transistor areas, excludes I/Os and empty grid tiles)...
	Total logic block area (Warning, need to add pitch of routing to blocks with height > 3): 4.93594e+06
	Total used logic block area: 3.12536e+06

Routing area (in minimum width transistor areas)...
	Total routing area: 1.44594e+06, per logic tile: 7377.25

Total Number of Wiring Segments by Direction: direction length number
                                              --------- ------ -------
                                                      X      4   4192
                                                      Y      4   4192
                                                      X     16    318
                                                      Y     16    318

X - Directed Wiring Segment usage by length: length utilization
                                             ------ -----------
                                             4       0.493
                                            16       0.148

Y - Directed Wiring Segment usage by length: length utilization
                                             ------ -----------
                                             4       0.494
                                            16       0.164

Segment occupancy by length: Length Occupancy Capacity Utilization
                             ------ --------- -------- -----------
                             L4          4136     8384       0.493
                             L16           99      636       0.156

Segment occupancy by type: name type utilization
                           ---- ---- -----------
                             L4    0       0.493
                            L16    1       0.156

Final hold Worst Negative Slack (hWNS): 0 ns
Final hold Total Negative Slack (hTNS): 0 ns
Final hold Worst Skew (hWS): 0 ns

Final hold slack histogram:
[  1.9e-10:  4.5e-10) 826 ( 88.9%) |***********************************************
[  4.5e-10:  7.1e-10)  40 (  4.3%) |**
[  7.1e-10:  9.6e-10)  30 (  3.2%) |**
[  9.6e-10:  1.2e-09)  19 (  2.0%) |*
[  1.2e-09:  1.5e-09)   8 (  0.9%) |
[  1.5e-09:  1.7e-09)   2 (  0.2%) |
[  1.7e-09:    2e-09)   2 (  0.2%) |
[    2e-09:  2.2e-09)   0 (  0.0%) |
[  2.2e-09:  2.5e-09)   1 (  0.1%) |
[  2.5e-09:  2.8e-09)   1 (  0.1%) |

Final critical path delay (least slack): 9.81237 ns, Fmax: 101.912 MHz
Final critical path skew: -0.04243 ns
Final setup Worst Negative Slack (sWNS): -9.81237 ns
Final setup Total Negative Slack (sTNS): -3224.73 ns
Final setup Worst Skew (sWS): -0.04243 ns

Final setup slack histogram:
[ -9.8e-09: -8.9e-09)  16 (  1.7%) |**
[ -8.9e-09: -7.9e-09)  10 (  1.1%) |*
[ -7.9e-09:   -7e-09)   6 (  0.6%) |*
[   -7e-09: -6.1e-09)   0 (  0.0%) |
[ -6.1e-09: -5.2e-09)   5 (  0.5%) |*
[ -5.2e-09: -4.2e-09)  81 (  8.7%) |*********
[ -4.2e-09: -3.3e-09) 334 ( 36.0%) |*************************************
[ -3.3e-09: -2.4e-09) 419 ( 45.1%) |***********************************************
[ -2.4e-09: -1.4e-09)  19 (  2.0%) |**
[ -1.4e-09: -4.9e-10)  39 (  4.2%) |****

Final geomean non-virtual intra-domain period: 9.81237 ns (101.912 MHz)
Final fanout-weighted geomean non-virtual intra-domain period: 9.81237 ns (101.912 MHz)

Incr Slack updates 1 in 0.000110969 sec
Full Max Req/Worst Slack updates 1 in 2.9878e-05 sec
Incr Max Req/Worst Slack updates 0 in 0 sec
Incr Criticality updates 0 in 0 sec
Full Criticality updates 1 in 0.000342879 sec
Flow timing analysis took 0.83529 seconds (0.770877 STA, 0.0644135 slack) (122 full updates: 92 setup, 0 hold, 30 combined).
VPR succeeded
The entire flow of VPR took 4.65 seconds (max_rss 98.3 MiB)

