VPR FPGA Placement and Routing.
Version: 9.0.0-dev+v8.0.0-18248-g40f8d19708
Revision: v8.0.0-18248-g40f8d19708
Compiled: 2026-09-22T03:43:48
Compiler: GNU 13.3.0 on Linux-5.15.0-119-generic x86_64
Build Info: release IPO VTR_ASSERT_LEVEL=2

University of Toronto
verilogtorouting.org
vtr-users@googlegroups.com
This is free open source code under MIT license.

VPR was run with the following command-line:
/inspire/hdd/project/project-public/changshunjie-253114010247/changshunjie-253114010247/workspace/DAC2027/vtr/vtr-verilog-to-routing/vpr/vpr /inspire/hdd/project/project-public/changshunjie-253114010247/changshunjie-253114010247/workspace/DAC2027/vtr/vtr-verilog-to-routing/vtr_flow/arch/COFFE_22nm/k6FracN10LB_mem20K_complexDSP_customSB_22nm.xml /inspire/hdd/project/project-public/changshunjie-253114010247/changshunjie-253114010247/workspace/DAC2027/TailCompile/experiments/vtr/runs/pilot_v1/attention_layer/full-seed1-w300/attention_layer.pre-vpr.blif --analytical_place --route --analysis --ap_full_legalizer flat-recon --ap_detailed_placer annealer --seed 12 --route_chan_width 160 --write_flat_place /inspire/hdd/project/project-public/changshunjie-253114010247/changshunjie-253114010247/workspace/DAC2027/TailCompile/vtr_work/tailcompile_v3/attention_layer/4x4/gnn_candidate-fpbf070fc3-flat-recon-annealer-seed12-w160-devw88/post_route.fplace --write_legalized_flat_place /inspire/hdd/project/project-public/changshunjie-253114010247/changshunjie-253114010247/workspace/DAC2027/TailCompile/vtr_work/tailcompile_v3/attention_layer/4x4/gnn_candidate-fpbf070fc3-flat-recon-annealer-seed12-w160-devw88/post_legalizer.fplace --flat_place_verbosity 1 --device_width 88 --net_file /inspire/hdd/project/project-public/changshunjie-253114010247/changshunjie-253114010247/workspace/DAC2027/TailCompile/vtr_work/tailcompile_v3/attention_layer/4x4/gnn_candidate-fpbf070fc3-flat-recon-annealer-seed12-w160-devw88/attention_layer.locked-input.net --read_flat_place /inspire/hdd/global_user/changshunjie-253114010247/workspace/DAC2027/TailCompile/experiments/vtr/tailcompile_v3/attention_layer/4x4/pools/bootstrap_24/candidate_02_seed13029.fplace

Using up to 1 parallel worker(s)

Architecture file: /inspire/hdd/project/project-public/changshunjie-253114010247/changshunjie-253114010247/workspace/DAC2027/vtr/vtr-verilog-to-routing/vtr_flow/arch/COFFE_22nm/k6FracN10LB_mem20K_complexDSP_customSB_22nm.xml
Circuit name: attention_layer.pre-vpr

# Loading Architecture Description
# Loading Architecture Description took 0.04 seconds (max_rss 31.1 MiB, delta_rss +0.0 MiB)

Timing analysis: ON
Circuit netlist file: /inspire/hdd/project/project-public/changshunjie-253114010247/changshunjie-253114010247/workspace/DAC2027/TailCompile/vtr_work/tailcompile_v3/attention_layer/4x4/gnn_candidate-fpbf070fc3-flat-recon-annealer-seed12-w160-devw88/attention_layer.locked-input.net
Circuit placement file: attention_layer.pre-vpr.place
Circuit routing file: attention_layer.pre-vpr.route
Circuit SDC file: attention_layer.pre-vpr.sdc
Vpr floorplanning constraints file: not specified

Packer: DISABLED
Placer: DISABLED
Analytical Placer: ENABLED
Router: ENABLED
Analysis: ENABLED

VPR was run with the following options:

netlist_opts.absorb_buffer_luts            : true
netlist_opts.sweep_dangling_primary_ios    : true
netlist_opts.sweep_dangling_nets           : true
netlist_opts.sweep_dangling_blocks         : true
netlist_opts.sweep_constant_primary_outputs: false
netlist_opts.netlist_verbosity             : 1
netlist_opts.const_gen_inference           : COMB_SEQ

AnalyticalPlacerOpts.analytical_solver_type: lp-b2b
AnalyticalPlacerOpts.partial_legalizer_type: bipartitioning
AnalyticalPlacerOpts.full_legalizer_type: flat-recon
AnalyticalPlacerOpts.detailed_placer_type: annealer
AnalyticalPlacerOpts.ap_timing_tradeoff: 0.500000
AnalyticalPlacerOpts.ap_high_fanout_threshold: 256
AnalyticalPlacerOpts.log_verbosity: 1
router_opts.route_type: DETAILED
router_opts.flat_routing: false
router_opts.choke_points: on
router_opts.router_algorithm: TIMING_DRIVEN
router_opts.base_cost_type: DELAY_NORMALIZED_LENGTH
router_opts.fixed_channel_width: 160
router_opts.check_route: FULL
router_opts.acc_fac: 1.000000
router_opts.bb_factor: 3
router_opts.bend_cost: 0.000000
router_opts.first_iter_pres_fac: 0.000000
router_opts.initial_pres_fac: 0.500000
router_opts.pres_fac_mult: 1.300000
router_opts.max_pres_fac: 1000.000000
router_opts.max_router_iterations: 50
router_opts.min_incremental_reroute_fanout: 16
router_opts.initial_acc_cost_chan_congestion_threshold: 0.500000
router_opts.initial_acc_cost_chan_congestion_weight: 0.500000
router_opts.do_check_rr_graph: true
router_opts.verify_binary_search: false
router_opts.min_channel_width_hint: 0
router_opts.read_rr_edge_metadata: false
router_opts.exit_after_first_routing_iteration: false
router_opts.astar_fac: 1.200000
router_opts.astar_offset: 0.000000
router_opts.router_profiler_astar_fac: 1.200000
router_opts.enable_parallel_connection_router: false
router_opts.post_target_prune_fac: 1.200000
router_opts.post_target_prune_offset: 0
router_opts.multi_queue_num_threads: 1
router_opts.multi_queue_num_queues: 2
router_opts.multi_queue_direct_draining: false
router_opts.criticality_exp: 1.000000
router_opts.max_criticality: 0.990000
router_opts.init_wirelength_abort_threshold: 0.850000
router_opts.incr_reroute_delay_ripup: AUTO
router_opts.save_routing_per_iteration: false
router_opts.congested_routing_iteration_threshold_frac: 1.000000
router_opts.high_fanout_threshold: 64
router_opts.router_debug_net: -2
router_opts.router_debug_sink_rr: -2
router_opts.router_debug_iteration: -2
router_opts.max_convergence_count: 1
router_opts.reconvergence_cpd_threshold: 0.990000
router_opts.update_lower_bound_delays: true
router_opts.first_iteration_timing_report_file: 
router_opts.route_bb_update: DYNAMIC
router_opts.lookahead_type: MAP
router_opts.initial_timing: LOOKAHEAD
router_opts.router_heap: FOUR_ARY_HEAP
router_opts.routing_failure_predictor = SAFE
router_opts.routing_predictor_min_history: 8
router_opts.routing_budgets_algorithm = DISABLE

analysis_opts.gen_post_synthesis_netlist: false
analysis_opts.gen_post_implementation_merged_netlist: false
analysis_opts.gen_post_implementation_sdc: false
analysis_opts.timing_report_npaths: 100
analysis_opts.timing_report_skew: false
analysis_opts.echo_dot_timing_graph_node: -1
analysis_opts.timing_report_detail: NETLIST
analysis_opts.post_synth_netlist_unconn_input_handling: UNCONNECTED
analysis_opts.post_synth_netlist_unconn_output_handling: UNCONNECTED
analysis_opts.post_synth_netlist_module_parameters: on

# Building complex block graph
# Building complex block graph took 0.10 seconds (max_rss 31.1 MiB, delta_rss +0.0 MiB)
Circuit file: /inspire/hdd/project/project-public/changshunjie-253114010247/changshunjie-253114010247/workspace/DAC2027/TailCompile/experiments/vtr/runs/pilot_v1/attention_layer/full-seed1-w300/attention_layer.pre-vpr.blif
# Load circuit
Found 4 constant generator(s) in the netlist (2 constant-zero, 2 constant-one) (run with --netlist_verbosity 2 to list names)
# Load circuit took 0.69 seconds (max_rss 134.4 MiB, delta_rss +103.3 MiB)
# Clean circuit
Absorbed 7975 LUT buffers
Found 1090 primitive output pin(s) driven only by constants; marked them as constants
Swept input(s)      : 7
Swept output(s)     : 0 (0 dangling, 0 constant)
Swept net(s)        : 10126
Swept block(s)      : 33
Constant Pins Marked: 1090
# Clean circuit took 0.17 seconds (max_rss 134.4 MiB, delta_rss +0.0 MiB)
# Compress circuit
# Compress circuit took 0.08 seconds (max_rss 134.4 MiB, delta_rss +0.0 MiB)
# Verify circuit
# Verify circuit took 0.02 seconds (max_rss 134.4 MiB, delta_rss +0.0 MiB)
Circuit Statistics:
  Blocks: 40113
    .input            :    1052
    .latch            :    8844
    .names            :   17218
        0-LUT:       3
        1-LUT:    5989
        2-LUT:     920
        3-LUT:    4530
        4-LUT:    3023
        5-LUT:    1163
        6-LUT:    1590
    .output           :      32
    adder             :    9150
    addition_fp_clk_16:       1
    dual_port_ram     :    3680
    multiply          :     136
  Nets  : 50065
    Avg Fanout:     2.9
    Max Fanout: 12525.0
    Min Fanout:     1.0
  Netlist Clocks: 1
# Build Timing Graph
  Timing Graph Nodes: 245193
  Timing Graph Edges: 446068
  Timing Graph Levels: 66
# Build Timing Graph took 0.30 seconds (max_rss 193.9 MiB, delta_rss +57.5 MiB)
Netlist contains 1 clocks
  Netlist Clock 'clk' Fanout: 12525 pins (6.5%), 12525 blocks (31.2%)
# Load Timing Constraints

SDC file 'attention_layer.pre-vpr.sdc' not found
Setting default timing constraints:
   * constrain all primary inputs and primary outputs on netlist clock 'clk'
   * optimize netlist clock to run as fast as possible
Timing constraints created 1 clocks
  Constrained Clock 'clk' Source: 'clk.inpad[0]'

# Load Timing Constraints took 0.00 seconds (max_rss 193.9 MiB, delta_rss +0.0 MiB)
# Analytical Placement
## Prepacker

There is one chain in this architecture called "chain" with the following starting points:
	clb[0]/lab[0]/fle[0]/ble5[0]/arithmetic[0]/adder[0].cin[0]

## Prepacker took 0.06 seconds (max_rss 193.9 MiB, delta_rss +0.0 MiB)
## Initializing Pre-Cluster Timing
Using inter-cluster delay: 2.1832e-09
## Initializing Pre-Cluster Timing took 0.59 seconds (max_rss 199.1 MiB, delta_rss +5.1 MiB)
## Estimate Device Size
Device layout 'auto' with fixed width 88.
FPGA sized to 88 x 88: 7744 grid tiles (auto)
## Estimate Device Size took 0.00 seconds (max_rss 199.1 MiB, delta_rss +0.0 MiB)
## Ram Mapper
Flat Placement is provided, skipping the RAM mapping.
## Ram Mapper took 0.00 seconds (max_rss 199.1 MiB, delta_rss +0.0 MiB)
## Read Atom Netlist to AP Netlist
## Read Atom Netlist to AP Netlist took 0.38 seconds (max_rss 269.5 MiB, delta_rss +70.5 MiB)
Analytical Placement Netlist Statistics:
	AP Blocks: 25061
		Moveable AP Blocks: 25061
		Fixed AP Blocks: 0
	AP Nets: 34982
		Average Fanout: 2.94
		Highest Fanout: 257
	AP Pins: 193913

## Computing placement delta delay look-up
### Build routing resource graph
### Build routing resource graph took 7.30 seconds (max_rss 757.1 MiB, delta_rss +487.5 MiB)
  RR Graph Nodes: 1682796
  RR Graph Edges: 17412304
### Computing router lookahead map
#### Computing wire lookahead
#### Computing wire lookahead took 8.00 seconds (max_rss 757.1 MiB, delta_rss +0.0 MiB)
#### Computing src/opin lookahead
Warning 1: Found no more sample locations for SOURCE in io
Warning 2: Found no more sample locations for OPIN in io
Warning 3: Found no more sample locations for SOURCE in clb
Warning 4: Found no more sample locations for OPIN in clb
Warning 5: Found no more sample locations for SOURCE in dsp_top
Warning 6: Found no more sample locations for OPIN in dsp_top
Warning 7: Found no more sample locations for SOURCE in memory
Warning 8: Found no more sample locations for OPIN in memory
#### Computing src/opin lookahead took 0.30 seconds (max_rss 757.1 MiB, delta_rss +0.0 MiB)
### Computing router lookahead map took 8.33 seconds (max_rss 757.1 MiB, delta_rss +0.0 MiB)
Serial Connection Router is being destroyed. Time spent on path search: 0.000 seconds.
## Computing placement delta delay look-up took 16.05 seconds (max_rss 757.1 MiB, delta_rss +487.5 MiB)
Flat Placement is provided in the AP flow, skipping the Global Placement.
0 of 25061 molecules placed at device center (no atoms of these molecules found in flat placement).
## AP Full Legalizer
### Creating Clusters
Device (width, height): (88,88)
#### Sorting and Grouping Blocks by Tile
#### Sorting and Grouping Blocks by Tile took 0.01 seconds (max_rss 757.1 MiB, delta_rss +0.0 MiB)
#### Reconstruction Pass Clustering
#### Reconstruction Pass Clustering took 68.53 seconds (max_rss 757.1 MiB, delta_rss +0.0 MiB)
#### Orphan Window Clustering with search radius 8
#### Orphan Window Clustering with search radius 8 took 0.02 seconds (max_rss 757.1 MiB, delta_rss +0.0 MiB)
FPGA sized to 88 x 88: 7744 grid tiles (auto)
Device Utilization: 0.28 (target 1.00)
	Block Utilization: 0.39 Type: io
	Block Utilization: 0.19 Type: clb
	Block Utilization: 0.85 Type: dsp_top
	Block Utilization: 0.75 Type: memory

----------------------------------------------------------------
                       Clustering Summary                       
----------------------------------------------------------------
Clusters created (Self Clustering)                       : 2605
    dsp_top    : 107
    memory     : 194
    clb        : 1220
    io         : 1084
Clusters created (Orphan Window Clustering)              : 13
    clb        : 13
Total clusters                                           : 2618
Percent of clusters created in Orphan Window Clustering  : 0.50%
Molecules clustered in each stage breakdown  : (Total of 25061)
	Self Clustering          (0.998963)  : 25035
 	Neighbor Clustering      (0.000000)  : 0
	Orphan Window Clustering (0.001037)  : 26
----------------------------------------------------------------

Final Clustering Statistics: 
----------   --------   ------------------------------------   --------------------------
Block Type   # Blocks   Avg. # of input clocks and pins used   Avg. # of output pins used
----------   --------   ------------------------------------   --------------------------
     EMPTY          0                                      0                            0   
        io       1084                              0.0295203                      0.97048   
       clb       1233                                27.9919                      15.3877   
   dsp_top        107                                40.9813                      20.1869   
    memory        194                                49.6598                      18.9691   
Absorbed logical nets 24200 out of 50065 nets, 25865 nets not absorbed.
#### Load packing
##### Loading packed FPGA netlist file.
Netlist generated from file '/inspire/hdd/project/project-public/changshunjie-253114010247/changshunjie-253114010247/workspace/DAC2027/TailCompile/vtr_work/tailcompile_v3/attention_layer/4x4/gnn_candidate-fpbf070fc3-flat-recon-annealer-seed12-w160-devw88/attention_layer.locked-input.net'.
Detected 3 constant generators (to see names run with higher pack verbosity)
##### Loading packed FPGA netlist file. took 2.61 seconds (max_rss 782.7 MiB, delta_rss +25.6 MiB)
Warning 9: Treated 2 constant nets as global which will not be routed (to see net names increase packer verbosity).
Netlist contains 5542 global net to non-global architecture pin connections
Found 2 logic block(s) with only 1 output pin and no inputs; they may be constant generators (run with --pack_verbosity 3 to list them)
Completed clustering consistency check successfully.
Cluster level netlist and block usage statistics
Netlist num_nets: 25865
Netlist num_blocks: 2618
Netlist EMPTY blocks: 0.
Netlist io blocks: 1084.
Netlist clb blocks: 1233.
Netlist dsp_top blocks: 107.
Netlist memory blocks: 194.
Netlist inputs pins: 1052
Netlist output pins: 32

Pb types usage...
  io                   : 1084
   inpad               : 1052
   outpad              : 32
  clb                  : 1233
   lab                 : 1233
    fle                : 11239
     ble5              : 19054
      flut5            : 9904
       lut5            : 9613
        lut            : 9613
       ff              : 8130
      arithmetic       : 9150
       lut4            : 6015
        lut            : 6015
       adder           : 9150
     ble6              : 1590
      lut6             : 1590
       lut             : 1590
      ff               : 714
  dsp_top              : 107
   dsp                 : 107
    dsp_pb             : 107
     two_mult_18x19    : 136
      mult_18x19       : 136
     adder_fp16        : 1
  memory               : 194
   mem_1024x20_dp      : 194
    memory_slice       : 3680

#### Load packing took 3.04 seconds (max_rss 782.7 MiB, delta_rss +25.6 MiB)
Netlist contains 5542 global net to non-global architecture pin connections
Found 2 logic block(s) with only 1 output pin and no inputs; they may be constant generators (run with --pack_verbosity 3 to list them)
Cluster level netlist and block usage statistics
Netlist num_nets: 25865
Netlist num_blocks: 2618
Netlist EMPTY blocks: 0.
Netlist io blocks: 1084.
Netlist clb blocks: 1233.
Netlist dsp_top blocks: 107.
Netlist memory blocks: 194.
Netlist inputs pins: 1052
Netlist output pins: 32
### Creating Clusters took 73.02 seconds (max_rss 782.7 MiB, delta_rss +25.6 MiB)
Completed clustering consistency check successfully.
FPGA sized to 88 x 88: 7744 grid tiles (auto)
### Compressed grid construction
### Compressed grid construction took 0.00 seconds (max_rss 782.7 MiB, delta_rss +0.0 MiB)
### Initial Placement
Placing clusters that are part of larger macros...
Number of blocks to be placed: 16
Max distance on device: 176
---- ---------- ---------- -------------
Pass Max Displ. Num Blocks Num Blocks   
     Threshold  Placed     Left Unplaced
---- ---------- ---------- -------------
   0          0         12             4
   1          1          4             0

Placing general clusters...
Number of blocks to be placed: 2602
Max distance on device: 176
---- ---------- ---------- -------------
Pass Max Displ. Num Blocks Num Blocks   
     Threshold  Placed     Left Unplaced
---- ---------- ---------- -------------
   0          0       2590            12
   1          1          2            10
   2          2          5             5
   3          4          4             1
   4          8          1             0

### Initial Placement took 0.01 seconds (max_rss 782.7 MiB, delta_rss +0.0 MiB)
Flat Placement Reconstruction Info:
	Percent of clusters with reconstruction errors: 0.305577
	Total displacement of initial placement from flat placement: 16152.000000
	Average atom displacement of initial placement from flat placement: 0.402662
	Max atom displacement of initial placement from flat placement: 67.000000
	Percent of atoms misplaced from the flat placement: 1.677760
## AP Full Legalizer took 73.41 seconds (max_rss 782.7 MiB, delta_rss +25.6 MiB)

Resource usage...
	Netlist
		1084	blocks of type: io
	Architecture
		2752	blocks of type: io
	Netlist
		1233	blocks of type: clb
	Architecture
		6376	blocks of type: clb
	Netlist
		107	blocks of type: dsp_top
	Architecture
		126	blocks of type: dsp_top
	Netlist
		194	blocks of type: memory
	Architecture
		258	blocks of type: memory

Device Utilization: 0.28 (target 1.00)
	Physical Tile io:
	Block Utilization: 0.39 Logical Block: io
	Physical Tile clb:
	Block Utilization: 0.19 Logical Block: clb
	Physical Tile dsp_top:
	Block Utilization: 0.85 Logical Block: dsp_top
	Physical Tile memory:
	Block Utilization: 0.75 Logical Block: memory

## Computing placement delta delay look-up
RR graph channel widths unchanged, skipping RR graph rebuild
Serial Connection Router is being destroyed. Time spent on path search: 0.000 seconds.
## Computing placement delta delay look-up took 0.02 seconds (max_rss 782.7 MiB, delta_rss +0.0 MiB)
Using simple RL 'Softmax agent' for choosing move and block types

Completed placement consistency check successfully.
Initial placement cost: 1 bb_cost: 6570.35 td_cost: 1.73835e-05
Initial placement BB estimate of wirelength: 1.05058e+06
Initial placement estimated Critical Path Delay (CPD): 17.0688 ns
Initial placement estimated setup Total Negative Slack (sTNS): -132073 ns
Initial placement estimated setup Worst Negative Slack (sWNS): -17.0688 ns

Initial placement estimated setup slack histogram:
[ -1.7e-08: -1.5e-08)     2 (  0.0%) |
[ -1.5e-08: -1.4e-08)    13 (  0.0%) |
[ -1.4e-08: -1.2e-08)    39 (  0.1%) |
[ -1.2e-08:   -1e-08)   140 (  0.3%) |
[   -1e-08: -8.6e-09)   312 (  0.6%) |*
[ -8.6e-09: -6.9e-09)   793 (  1.5%) |*
[ -6.9e-09: -5.3e-09)  1402 (  2.7%) |**
[ -5.3e-09: -3.6e-09)  3582 (  6.8%) |******
[ -3.6e-09: -1.9e-09) 27471 ( 52.1%) |*********************************************
[ -1.9e-09: -1.9e-10) 19008 ( 36.0%) |*******************************
Placement contains 8 placement macros involving 16 blocks (average macro size 2.000000)

Moves per temperature: 18036
## AP Detailed Placer

---- ------ ------- ------- ---------- ---------- ------- ---------- -------- ------- ------- ------ -------- --------- ------
Tnum  Time     T    AvCost  Av BB Cost Av TD Cost   CPD      sTNS      sWNS   AcRate  StdDev  R lim  CritExp  TotMoves  Alpha 
     (sec)                                          (ns)     (ns)      (ns)                                                   
---- ------ ------- ------- ---------- ---------- ------- ---------- -------- ------- ------- ------ -------- --------- ------
   1    0.2 7.4e-04   0.993    5493.65 1.523e-05   15.300  -1.24e+05  -15.300   0.835  0.0141   87.0     1.00      18036  1.000
   2    0.2 6.6e-04   0.967    5366.80 1.8126e-05  12.967  -1.25e+05  -12.967   0.821  0.0117   87.0     1.00      36072  0.900
   3    0.2 6.0e-04   0.950    5067.71 1.689e-05   13.320  -1.22e+05  -13.320   0.804  0.0147   87.0     1.00      54108  0.900
   4    0.2 5.4e-04   0.968    4828.70 1.6933e-05  12.788  -1.26e+05  -12.788   0.789  0.0119   87.0     1.00      72144  0.900
   5    0.2 5.1e-04   0.962    4559.40 1.7768e-05  11.620  -1.21e+05  -11.620   0.776  0.0149   87.0     1.00      90180  0.950
   6    0.2 4.8e-04   0.954    4248.65 1.626e-05   12.134  -1.19e+05  -12.134   0.757  0.0152   87.0     1.00     108216  0.950
   7    0.2 4.6e-04   0.955    3989.51 1.4449e-05  13.090  -1.15e+05  -13.090   0.749  0.0196   87.0     1.00     126252  0.950
   8    0.2 4.4e-04   0.970    3827.39 1.7086e-05  10.729  -1.15e+05  -10.729   0.740  0.0161   87.0     1.00     144288  0.950
   9    0.2 4.1e-04   0.970    3613.63 1.5412e-05  11.447  -1.17e+05  -11.447   0.727  0.0156   87.0     1.00     162324  0.950
  10    0.2 3.9e-04   0.985    3451.86 1.6026e-05  10.478  -1.14e+05  -10.478   0.721  0.0096   87.0     1.00     180360  0.950
  11    0.2 3.7e-04   0.973    3326.67 1.496e-05   11.111  -1.17e+05  -11.111   0.712  0.0130   87.0     1.00     198396  0.950
  12    0.2 3.6e-04   0.975    3167.51 1.3415e-05  12.043  -1.13e+05  -12.043   0.697  0.0103   87.0     1.00     216432  0.950
  13    0.2 3.4e-04   0.979    3058.16 1.6571e-05   9.483  -1.12e+05   -9.483   0.692  0.0127   87.0     1.00     234468  0.950
  14    0.2 3.2e-04   0.986    2921.98 1.4812e-05  10.354  -1.14e+05  -10.354   0.681  0.0106   87.0     1.00     252504  0.950
  15    0.2 3.0e-04   0.987    2879.35 1.5617e-05   9.614   -1.1e+05   -9.614   0.675  0.0050   87.0     1.00     270540  0.950
  16    0.2 2.9e-04   0.985    2816.25 1.4668e-05  10.195  -1.12e+05  -10.195   0.672  0.0038   87.0     1.00     288576  0.950
  17    0.2 2.8e-04   0.975    2760.55 1.4263e-05  10.446  -1.12e+05  -10.446   0.668  0.0129   87.0     1.00     306612  0.950
  18    0.2 2.6e-04   0.984    2714.62 1.513e-05    9.613  -1.15e+05   -9.613   0.653  0.0053   87.0     1.00     324648  0.950
  19    0.2 2.5e-04   0.977    2639.27 1.4805e-05   9.623  -1.11e+05   -9.623   0.638  0.0082   87.0     1.00     342684  0.950
  20    0.2 2.4e-04   0.986    2580.86 1.2944e-05  10.877  -1.12e+05  -10.877   0.641  0.0052   87.0     1.00     360720  0.950
  21    0.2 2.2e-04   0.986    2557.62 1.4933e-05   9.395  -1.09e+05   -9.395   0.638  0.0059   87.0     1.00     378756  0.950
  22    0.2 2.1e-04   0.984    2507.77 1.3776e-05  10.114  -1.09e+05  -10.114   0.621  0.0069   87.0     1.00     396792  0.950
  23    0.2 2.0e-04   0.979    2459.28 1.2733e-05  10.805  -1.09e+05  -10.805   0.605  0.0079   87.0     1.00     414828  0.950
  24    0.2 1.9e-04   0.988    2429.02 1.4337e-05   9.421   -1.1e+05   -9.421   0.603  0.0030   87.0     1.00     432864  0.950
  25    0.2 1.8e-04   0.986    2398.43 1.3093e-05  10.222  -1.08e+05  -10.222   0.599  0.0046   87.0     1.00     450900  0.950
  26    0.2 1.7e-04   0.991    2375.63 1.1757e-05  11.309  -1.07e+05  -11.309   0.589  0.0055   87.0     1.00     468936  0.950
  27    0.2 1.6e-04   0.987    2335.60 1.4185e-05   9.257  -1.08e+05   -9.257   0.576  0.0048   87.0     1.00     486972  0.950
  28    0.2 1.6e-04   0.987    2301.32 1.4706e-05   8.830  -1.07e+05   -8.830   0.562  0.0053   87.0     1.00     505008  0.950
  29    0.2 1.5e-04   0.991    2286.98 1.4138e-05   9.139  -1.06e+05   -9.139   0.552  0.0043   87.0     1.00     523044  0.950
  30    0.2 1.4e-04   0.987    2260.03 1.4099e-05   9.136  -1.08e+05   -9.136   0.545  0.0032   87.0     1.00     541080  0.950
  31    0.2 1.3e-04   0.988    2236.59 1.4458e-05   8.820  -1.07e+05   -8.820   0.537  0.0045   87.0     1.00     559116  0.950
  32    0.2 1.3e-04   0.993    2225.83 1.356e-05    9.336  -1.07e+05   -9.336   0.538  0.0032   87.0     1.00     577152  0.950
  33    0.2 1.2e-04   0.986    2196.54 1.3654e-05   9.156  -1.05e+05   -9.156   0.514  0.0043   87.0     1.00     595188  0.950
  34    0.2 1.2e-04   0.984    2165.10 1.3278e-05   9.329  -1.06e+05   -9.329   0.506  0.0058   87.0     1.00     613224  0.950
  35    0.2 1.1e-04   0.990    2136.22 1.3634e-05   9.004  -1.07e+05   -9.004   0.492  0.0039   87.0     1.00     631260  0.950
  36    0.2 1.0e-04   0.995    2126.89 1.3504e-05   9.057  -1.06e+05   -9.057   0.483  0.0023   87.0     1.00     649296  0.950
  37    0.2 9.9e-05   0.992    2126.09 1.3584e-05   8.964  -1.05e+05   -8.964   0.487  0.0028   87.0     1.00     667332  0.950
  38    0.2 9.4e-05   0.989    2100.94 1.3383e-05   9.081  -1.06e+05   -9.081   0.464  0.0042   87.0     1.00     685368  0.950
  39    0.2 8.9e-05   0.990    2068.00 1.3259e-05   9.037  -1.05e+05   -9.037   0.457  0.0031   87.0     1.00     703404  0.950
  40    0.2 8.5e-05   0.987    2040.47 1.406e-05    8.436  -1.06e+05   -8.436   0.444  0.0059   87.0     1.00     721440  0.950
  41    0.2 8.0e-05   0.990    2015.00 1.3873e-05   8.481  -1.05e+05   -8.481   0.424  0.0039   87.0     1.00     739476  0.950
  42    0.2 7.6e-05   0.992    2003.36 1.2678e-05   8.381  -1.04e+05   -8.381   0.422  0.0030   85.6     1.12     757512  0.950
  43    0.2 7.3e-05   0.988    1987.45 1.0795e-05   8.780  -1.04e+05   -8.780   0.404  0.0044   84.0     1.24     775548  0.950
  44    0.2 6.9e-05   0.995    1982.95 9.1243e-06   8.563  -1.04e+05   -8.563   0.406  0.0023   81.0     1.49     793584  0.950
  45    0.2 6.5e-05   0.990    1960.51 7.8862e-06   8.458  -1.05e+05   -8.458   0.390  0.0046   78.2     1.72     811620  0.950
  46    0.2 6.2e-05   0.995    1957.89 6.6284e-06   8.234  -1.04e+05   -8.234   0.386  0.0021   74.3     2.04     829656  0.950
  47    0.2 5.9e-05   0.989    1937.34 5.2428e-06   8.349  -1.04e+05   -8.349   0.375  0.0045   70.3     2.36     847692  0.950
  48    0.2 5.6e-05   0.993    1931.46 3.9859e-06   8.478  -1.04e+05   -8.478   0.359  0.0036   65.7     2.74     865728  0.950
  49    0.2 5.3e-05   0.993    1921.21 3.4124e-06   8.224  -1.05e+05   -8.224   0.360  0.0025   60.3     3.17     883764  0.950
  50    0.2 5.1e-05   0.990    1904.53 3.1225e-06   7.935  -1.09e+05   -7.935   0.346  0.0045   55.5     3.57     901800  0.950
  51    0.2 4.8e-05   0.994    1895.75 2.4292e-06   8.029  -1.05e+05   -8.029   0.341  0.0027   50.3     3.99     919836  0.950
  52    0.2 4.6e-05   0.994    1888.93 2.054e-06    7.969  -1.05e+05   -7.969   0.330  0.0024   45.3     4.39     937872  0.950
  53    0.2 4.3e-05   0.994    1880.13 1.7562e-06   7.918  -1.07e+05   -7.918   0.332  0.0022   40.3     4.80     955908  0.950
  54    0.2 4.1e-05   0.994    1868.26 1.3987e-06   7.999  -1.04e+05   -7.999   0.321  0.0030   36.0     5.15     973944  0.950
  55    0.2 3.9e-05   0.995    1858.61 1.2498e-06   7.969  -1.06e+05   -7.969   0.310  0.0027   31.7     5.50     991980  0.950
  56    0.2 3.7e-05   0.993    1838.73 1.1225e-06   7.906  -1.08e+05   -7.906   0.299  0.0018   27.6     5.83    1010016  0.950
  57    0.2 3.5e-05   0.994    1821.14 9.3124e-07   8.033  -1.09e+05   -8.033   0.298  0.0030   23.7     6.15    1028052  0.950
  58    0.2 3.4e-05   0.995    1810.27 8.1413e-07   8.033  -1.09e+05   -8.033   0.283  0.0027   20.3     6.43    1046088  0.950
  59    0.2 3.2e-05   0.996    1799.22 7.7913e-07   7.969  -1.11e+05   -7.969   0.289  0.0015   17.1     6.69    1064124  0.950
  60    0.2 3.0e-05   0.996    1791.43 7.0969e-07   7.969  -1.09e+05   -7.969   0.285  0.0017   14.6     6.90    1082160  0.950
  61    0.2 2.9e-05   0.992    1775.50 6.907e-07    7.906  -1.09e+05   -7.906   0.295  0.0033   12.3     7.08    1100196  0.950
  62    0.2 2.7e-05   0.994    1759.11 6.2022e-07   7.906  -1.09e+05   -7.906   0.285  0.0028   10.5     7.23    1118232  0.950
  63    0.2 2.6e-05   0.996    1748.27 5.629e-07    7.939  -1.09e+05   -7.939   0.273  0.0028    8.9     7.36    1136268  0.950
  64    0.2 2.5e-05   0.998    1730.43 5.0107e-07   7.999  -1.09e+05   -7.999   0.261  0.0011    7.4     7.48    1154304  0.950
  65    0.2 2.3e-05   0.998    1728.71 4.8648e-07   7.999  -1.09e+05   -7.999   0.261  0.0009    6.1     7.59    1172340  0.950
  66    0.2 2.2e-05   0.997    1718.59 4.7515e-07   7.999  -1.08e+05   -7.999   0.256  0.0014    5.0     7.67    1190376  0.950
  67    0.2 2.1e-05   0.997    1710.19 4.587e-07    7.999  -1.08e+05   -7.999   0.247  0.0011    4.1     7.75    1208412  0.950
  68    0.2 2.0e-05   0.997    1708.44 4.2709e-07   8.063  -1.09e+05   -8.063   0.257  0.0015    3.3     7.81    1226448  0.950
  69    0.2 1.9e-05   0.996    1699.39 4.5637e-07   7.969  -1.08e+05   -7.969   0.255  0.0014    2.7     7.86    1244484  0.950
  70    0.2 1.8e-05   0.998    1691.18 4.3543e-07   7.969  -1.09e+05   -7.969   0.246  0.0011    2.2     7.90    1262520  0.950
  71    0.2 1.7e-05   0.996    1684.44 4.3259e-07   7.969  -1.08e+05   -7.969   0.258  0.0015    1.8     7.94    1280556  0.950
  72    0.2 1.6e-05   0.998    1680.39 4.0002e-07   8.033  -1.07e+05   -8.033   0.252  0.0009    1.4     7.96    1298592  0.950
  73    0.2 1.6e-05   0.999    1677.49 4.0627e-07   8.008  -1.07e+05   -8.008   0.238  0.0005    1.2     7.99    1316628  0.950
  74    0.2 1.5e-05   0.999    1675.23 3.9046e-07   8.042  -1.07e+05   -8.042   0.226  0.0007    1.0     8.00    1334664  0.950
  75    0.2 1.4e-05   0.998    1672.95 4.0318e-07   8.008  -1.07e+05   -8.008   0.229  0.0005    1.0     8.00    1352700  0.950
  76    0.2 1.3e-05   0.998    1670.27 3.8572e-07   8.042  -1.07e+05   -8.042   0.215  0.0011    1.0     8.00    1370736  0.950
  77    0.2 1.3e-05   0.999    1668.60 3.9628e-07   8.008  -1.07e+05   -8.008   0.211  0.0005    1.0     8.00    1388772  0.950
  78    0.2 1.2e-05   0.999    1666.88 3.8237e-07   8.042  -1.07e+05   -8.042   0.205  0.0006    1.0     8.00    1406808  0.950
  79    0.2 1.1e-05   0.999    1664.85 3.9549e-07   8.008  -1.07e+05   -8.008   0.201  0.0003    1.0     8.00    1424844  0.950
  80    0.2 1.1e-05   0.999    1661.81 3.9127e-07   8.008  -1.07e+05   -8.008   0.199  0.0007    1.0     8.00    1442880  0.950
  81    0.2 1.0e-05   0.999    1657.90 3.9041e-07   8.008  -1.07e+05   -8.008   0.194  0.0005    1.0     8.00    1460916  0.950
  82    0.2 9.8e-06   0.999    1657.51 3.7794e-07   8.042  -1.06e+05   -8.042   0.184  0.0003    1.0     8.00    1478952  0.950
  83    0.2 9.3e-06   0.999    1655.30 3.8872e-07   8.008  -1.07e+05   -8.008   0.180  0.0005    1.0     8.00    1496988  0.950
  84    0.2 8.9e-06   0.999    1654.53 3.9166e-07   8.008  -1.07e+05   -8.008   0.175  0.0004    1.0     8.00    1515024  0.950
  85    0.2 8.4e-06   0.999    1653.11 3.886e-07    8.008  -1.07e+05   -8.008   0.173  0.0004    1.0     8.00    1533060  0.950
  86    0.2 8.0e-06   0.999    1651.48 3.7784e-07   8.042  -1.06e+05   -8.042   0.173  0.0004    1.0     8.00    1551096  0.950
  87    0.2 7.6e-06   0.999    1650.23 3.8968e-07   8.008  -1.08e+05   -8.008   0.167  0.0004    1.0     8.00    1569132  0.950
  88    0.2 7.2e-06   0.999    1647.96 3.7633e-07   8.042  -1.07e+05   -8.042   0.162  0.0003    1.0     8.00    1587168  0.950
  89    0.2 6.9e-06   0.999    1646.81 3.8963e-07   8.008  -1.07e+05   -8.008   0.165  0.0003    1.0     8.00    1605204  0.950
  90    0.2 6.5e-06   0.999    1646.30 3.762e-07    8.042  -1.06e+05   -8.042   0.161  0.0003    1.0     8.00    1623240  0.950
  91    0.2 6.2e-06   0.999    1645.00 3.8835e-07   8.008  -1.07e+05   -8.008   0.166  0.0003    1.0     8.00    1641276  0.950
  92    0.2 5.9e-06   1.000    1643.75 3.7659e-07   8.042  -1.07e+05   -8.042   0.155  0.0002    1.0     8.00    1659312  0.950
  93    0.2 5.6e-06   1.000    1643.04 3.8797e-07   8.008  -1.07e+05   -8.008   0.157  0.0003    1.0     8.00    1677348  0.950
  94    0.2 5.3e-06   0.999    1642.71 3.8806e-07   8.008  -1.07e+05   -8.008   0.154  0.0002    1.0     8.00    1695384  0.950
  95    0.2 5.0e-06   1.000    1641.96 3.8696e-07   8.008  -1.07e+05   -8.008   0.152  0.0002    1.0     8.00    1713420  0.950
  96    0.2 4.8e-06   0.999    1641.02 3.7349e-07   8.042  -1.07e+05   -8.042   0.146  0.0003    1.0     8.00    1731456  0.950
Agent's 2nd state: 
  97    0.2 3.8e-06   1.000    1640.13 3.8565e-07   8.008  -1.06e+05   -8.008   0.141  0.0002    1.0     8.00    1749492  0.800
Checkpoint saved: bb_costs=1640.06, TD costs=3.85787e-07, CPD=  8.008 (ns) 
  98    0.2 3.1e-06   1.000    1639.49 3.8554e-07   8.008  -1.07e+05   -8.008   0.100  0.0002    1.0     8.00    1767528  0.800
  99    0.2 2.4e-06   1.000    1638.68 3.7471e-07   8.042  -1.07e+05   -8.042   0.094  0.0001    1.0     8.00    1785564  0.800
 100    0.2 2.0e-06   1.000    1638.13 3.8642e-07   8.008  -1.07e+05   -8.008   0.093  0.0001    1.0     8.00    1803600  0.800
 101    0.2 1.6e-06   1.000    1637.57 3.7451e-07   8.042  -1.07e+05   -8.042   0.087  0.0001    1.0     8.00    1821636  0.800
 102    0.2 1.3e-06   1.000    1637.49 3.8606e-07   8.008  -1.07e+05   -8.008   0.087  0.0001    1.0     8.00    1839672  0.800
 103    0.2 1.0e-06   1.000    1637.49 3.73e-07     8.042  -1.07e+05   -8.042   0.087  0.0001    1.0     8.00    1857708  0.800
 104    0.2 8.0e-07   1.000    1637.02 3.8435e-07   8.008  -1.07e+05   -8.008   0.084  0.0001    1.0     8.00    1875744  0.800
 105    0.2 6.4e-07   1.000    1636.68 3.7288e-07   8.042  -1.07e+05   -8.042   0.085  0.0001    1.0     8.00    1893780  0.800
 106    0.2 5.1e-07   1.000    1636.88 3.8472e-07   8.008  -1.07e+05   -8.008   0.084  0.0001    1.0     8.00    1911816  0.800
 107    0.2 4.1e-07   1.000    1636.88 3.7221e-07   8.042  -1.07e+05   -8.042   0.088  0.0001    1.0     8.00    1929852  0.800
 108    0.2 3.3e-07   1.000    1636.78 3.8476e-07   8.008  -1.07e+05   -8.008   0.084  0.0001    1.0     8.00    1947888  0.800
 109    0.2 2.6e-07   1.000    1636.38 3.7192e-07   8.042  -1.07e+05   -8.042   0.081  0.0001    1.0     8.00    1965924  0.800
 110    0.2 2.1e-07   1.000    1636.23 3.8471e-07   8.008  -1.07e+05   -8.008   0.076  0.0001    1.0     8.00    1983960  0.800
 111    0.2 0.0e+00   1.000    1636.18 3.7266e-07   8.042  -1.07e+05   -8.042   0.046  0.0001    1.0     8.00    2001996  0.800
### Placement Quench took 0.23 seconds (max_rss 782.7 MiB)
post-quench CPD = 8.00796 (ns) 

Completed placement consistency check successfully.

Swaps called: 2004614

Aborted Move Reasons:
  duplicate block move to location: 4
  macro move to location illegal: 8
  macro_from swap to location illegal: 1131

BB estimate of min-dist (placement) wire length: 261533

Placement estimated critical path delay (least slack): 8.00796 ns, Fmax: 124.876 MHz
Placement estimated critical path skew: -0.04243 ns
Placement estimated setup Worst Negative Slack (sWNS): -8.00796 ns
Placement estimated setup Total Negative Slack (sTNS): -106748 ns
Placement estimated setup Worst Skew (sWS): -0.04243 ns

Placement estimated setup slack histogram:
[   -8e-09: -7.2e-09)    10 (  0.0%) |
[ -7.2e-09: -6.4e-09)    67 (  0.1%) |
[ -6.4e-09: -5.7e-09)   195 (  0.4%) |
[ -5.7e-09: -4.9e-09)   498 (  0.9%) |*
[ -4.9e-09: -4.1e-09)   663 (  1.3%) |**
[ -4.1e-09: -3.3e-09)  1949 (  3.7%) |*****
[ -3.3e-09: -2.5e-09)  8152 ( 15.5%) |*******************
[ -2.5e-09: -1.8e-09) 18899 ( 35.8%) |*********************************************
[ -1.8e-09: -9.8e-10) 16779 ( 31.8%) |****************************************
[ -9.8e-10: -1.9e-10)  5550 ( 10.5%) |*************

Placement estimated geomean non-virtual intra-domain period: 8.00796 ns (124.876 MHz)
Placement estimated fanout-weighted geomean non-virtual intra-domain period: 8.00796 ns (124.876 MHz)

Placement cost: 0.999751, bb_cost: 1636.24, td_cost: 3.84361e-07, 

Placement resource usage:
  io      implemented as io     : 1084
  clb     implemented as clb    : 1233
  dsp_top implemented as dsp_top: 107
  memory  implemented as memory : 194

Placement number of temperatures: 111
Placement total # of swap attempts: 2004614
	Swaps accepted:  741732 (37.0 %)
	Swaps rejected: 1252463 (62.5 %)
	Swaps aborted:   10419 ( 0.5 %)


Placement perturbation distribution by block and move type: 
------------------ ----------------- ---------------- ---------------- --------------- ------------ 
    Block Type         Move Type       (%) of Total      Accepted(%)     Rejected(%)    Aborted(%)
------------------ ----------------- ---------------- ---------------- --------------- ------------ 
io                 Uniform                9.78             55.16           44.84          0.00         
                   Median                 9.77             61.61           37.57          0.82         
                   Centroid               9.75             61.94           38.05          0.00         
                   W. Centroid            9.79             62.07           37.93          0.00         
                   W. Median              0.74             24.88           74.17          0.94         

clb                Uniform                11.09            6.49            93.40          0.10         
                   Median                 11.19            35.86           63.38          0.75         
                   Centroid               11.10            33.66           66.22          0.12         
                   W. Centroid            11.18            34.32           65.56          0.12         
                   W. Median              0.86             2.43            96.59          0.98         
                   Crit. Uniform          1.81             0.05            99.95          0.00         
                   Feasible Region        1.80             0.04            99.96          0.00         

dsp_top            Uniform                0.98             1.75            98.25          0.00         
                   Median                 0.96             4.29            90.56          5.15         
                   Centroid               0.98             4.23            90.72          5.05         
                   W. Centroid            0.97             4.04            91.22          4.74         
                   W. Median              0.07             0.49            87.70          11.81        

memory             Uniform                1.79             7.41            92.59          0.00         
                   Median                 1.75             14.78           80.29          4.93         
                   Centroid               1.76             12.28           85.09          2.64         
                   W. Centroid            1.75             11.99           88.00          0.00         
                   W. Median              0.13             1.95            86.85          11.20        


Placement Quench timing analysis took 0.0601906 seconds (0.0507402 STA, 0.00945044 slack) (1 full updates: 1 setup, 0 hold, 0 combined).
Placement Total  timing analysis took 7.39683 seconds (6.18741 STA, 1.20942 slack) (113 full updates: 113 setup, 0 hold, 0 combined).
update_td_costs: connections 0.0576012 nets 0 sum_nets 0.0224816 total 0.0803169
## AP Detailed Placer took 25.10 seconds (max_rss 792.5 MiB, delta_rss +9.9 MiB)
Incr Slack updates 113 in 0.23032 sec
Full Max Req/Worst Slack updates 56 in 0.0858374 sec
Incr Max Req/Worst Slack updates 57 in 0.117309 sec
Incr Criticality updates 14 in 0.0573432 sec
Full Criticality updates 99 in 0.546623 sec
Incr Slack updates 1 in 0.00297107 sec
Full Max Req/Worst Slack updates 1 in 0.00163539 sec
Incr Max Req/Worst Slack updates 0 in 0 sec
Incr Criticality updates 0 in 0 sec
Full Criticality updates 1 in 0.0116514 sec
# Analytical Placement took 119.37 seconds (max_rss 792.5 MiB, delta_rss +598.6 MiB)


# Routing
RR graph channel widths unchanged, skipping RR graph rebuild
## Initializing router criticalities
Initial Net Connection Criticality Histogram:
[        0:      0.1) 7050 ( 14.5%) |*****************************************
[      0.1:      0.2) 7331 ( 15.1%) |*******************************************
[      0.2:      0.3) 7836 ( 16.1%) |**********************************************
[      0.3:      0.4) 3710 (  7.6%) |**********************
[      0.4:      0.5) 6786 ( 14.0%) |****************************************
[      0.5:      0.6) 7323 ( 15.1%) |*******************************************
[      0.6:      0.7) 5601 ( 11.5%) |*********************************
[      0.7:      0.8) 2305 (  4.7%) |**************
[      0.8:      0.9)  499 (  1.0%) |***
[      0.9:        1)  124 (  0.3%) |*
## Initializing router criticalities took 0.74 seconds (max_rss 792.5 MiB, delta_rss +0.0 MiB)
---- ------ ------- ---- ------- ------- ------- ----------------- --------------- -------- ---------- ---------- ---------- ---------- --------
Iter   Time    pres  BBs    Heap  Re-Rtd  Re-Rtd Overused RR Nodes      Wirelength      CPD       sTNS       sWNS       hTNS       hWNS Est Succ
      (sec)     fac Updt    push    Nets   Conns                                       (ns)       (ns)       (ns)       (ns)       (ns)     Iter
---- ------ ------- ---- ------- ------- ------- ----------------- --------------- -------- ---------- ---------- ---------- ---------- --------
   1    1.2     0.0    0 6088478   25862   41715   21795 ( 1.295%)  410474 (17.1%)    9.755 -1.743e+05     -9.755      0.000      0.000      N/A
   2    1.2     0.5    0 5373146   17930   32142    9789 ( 0.582%)  408898 (17.1%)    7.750 -1.404e+05     -7.750      0.000      0.000      N/A
   3    0.8     0.6    0 3529488   11698   21903    7521 ( 0.447%)  413474 (17.3%)    7.743 -1.408e+05     -7.743      0.000      0.000      N/A
   4    0.7     0.8    0 2923809    9445   18591    5774 ( 0.343%)  416193 (17.4%)    7.743 -1.399e+05     -7.743      0.000      0.000      N/A
   5    0.6     1.1    0 2108155    7514   15176    4225 ( 0.251%)  419162 (17.5%)    7.743 -1.398e+05     -7.743      0.000      0.000      N/A
   6    0.4     1.4    0 1429090    5745   11926    2982 ( 0.177%)  421667 (17.6%)    7.743 -1.399e+05     -7.743      0.000      0.000      N/A
   7    0.3     1.9    0  907006    4242    9019    2157 ( 0.128%)  424098 (17.7%)    7.743 -1.402e+05     -7.743      0.000      0.000      N/A
   8    0.3     2.4    0  692686    3154    7108    1437 ( 0.085%)  426947 (17.8%)    7.743 -1.405e+05     -7.743      0.000      0.000      N/A
   9    0.2     3.1    0  419154    2117    4888     915 ( 0.054%)  428603 (17.9%)    7.743 -1.405e+05     -7.743      0.000      0.000       27
  10    0.2     4.1    0  273371    1347    3166     537 ( 0.032%)  430300 (18.0%)    7.743 -1.406e+05     -7.743      0.000      0.000       25
  11    0.2     5.3    0  180233     815    1973     281 ( 0.017%)  431494 (18.0%)    7.743 -1.406e+05     -7.743      0.000      0.000       23
  12    0.2     6.9    0  118829     430    1037     143 ( 0.008%)  432408 (18.1%)    7.743 -1.406e+05     -7.743      0.000      0.000       21
  13    0.2     9.0    0   61671     192     468      53 ( 0.003%)  433002 (18.1%)    7.743 -1.406e+05     -7.743      0.000      0.000       20
  14    0.1    11.6    0   33672      67     198      16 ( 0.001%)  433186 (18.1%)    7.743 -1.406e+05     -7.743      0.000      0.000       18
  15    0.1    15.1    0   16462      23      64       1 ( 0.000%)  433282 (18.1%)    7.743 -1.407e+05     -7.743      0.000      0.000       17
  16    0.1    19.7    0    1771       1       2       0 ( 0.000%)  433294 (18.1%)    7.743 -1.407e+05     -7.743      0.000      0.000      N/A
Restoring best routing
Critical path: 7.74258 ns
Successfully routed after 16 routing iterations.
Final Net Connection Criticality Histogram:
[        0:      0.1) 7402 ( 15.2%) |************************************
[      0.1:      0.2) 4722 (  9.7%) |***********************
[      0.2:      0.3) 8084 ( 16.6%) |***************************************
[      0.3:      0.4) 4481 (  9.2%) |**********************
[      0.4:      0.5) 5153 ( 10.6%) |*************************
[      0.5:      0.6) 9533 ( 19.6%) |**********************************************
[      0.6:      0.7) 5948 ( 12.2%) |*****************************
[      0.7:      0.8) 2356 (  4.9%) |***********
[      0.8:      0.9)  784 (  1.6%) |****
[      0.9:        1)  102 (  0.2%) |
Router Stats: total_nets_routed: 90582 total_connections_routed: 169376 total_heap_pushes: 24157021 total_heap_pops: 6633204 
Serial Connection Router is being destroyed. Time spent on path search: 3.741 seconds.
# Routing took 7.98 seconds (max_rss 819.0 MiB, delta_rss +26.5 MiB)

Checking to ensure routing is legal...
# Checking to ensure non-configurable edges are legal
# Checking to ensure non-configurable edges are legal took 0.11 seconds (max_rss 819.0 MiB, delta_rss +0.0 MiB)
Completed routing consistency check successfully.

Serial number (magic cookie) for the routing is: 512611502
Circuit successfully routed with a channel width factor of 160.
Incr Slack updates 17 in 0.0329885 sec
Full Max Req/Worst Slack updates 3 in 0.00477323 sec
Incr Max Req/Worst Slack updates 14 in 0.0288763 sec
Incr Criticality updates 13 in 0.0502964 sec
Full Criticality updates 4 in 0.0320772 sec
# Synchronize the packed netlist to routing optimization
## Annotating rr_node with routed nets
## Annotating rr_node with routed nets took 0.00 seconds (max_rss 819.0 MiB, delta_rss +0.0 MiB)
Found 43953 mismatches between routing and packing results.
Fixed 30768 routing traces due to mismatch between routing and packing results.
# Synchronize the packed netlist to routing optimization took 0.34 seconds (max_rss 819.0 MiB, delta_rss +0.0 MiB)
Final Clustering Statistics: 
----------   --------   ------------------------------------   --------------------------
Block Type   # Blocks   Avg. # of input clocks and pins used   Avg. # of output pins used
----------   --------   ------------------------------------   --------------------------
     EMPTY          0                                      0                            0   
        io       1084                              0.0295203                      0.97048   
       clb       1233                                27.9919                      15.3877   
   dsp_top        107                                40.9813                      20.1869   
    memory        194                                49.6598                      18.9691   
Absorbed logical nets 24200 out of 50065 nets, 25865 nets not absorbed.


Average number of bends per net: 1.60734  Maximum # of bends: 286

Number of global nets: 3
Number of routed nets (nonglobal): 25862
Wire length results (in units of 1 clb segments)...
	Total wirelength: 433294, average net length: 16.7541
	Maximum net length: 2363

Wire length results in terms of physical segments...
	Total wiring segments used: 96150, average wire segments per net: 3.71781
	Maximum segments used by a net: 525
	Total local nets with reserved CLB opins: 0
Total number of nets absorbed: 8

Routing channel utilization histogram:
[        1:      inf)    0 (  0.0%) |
[      0.9:        1)    0 (  0.0%) |
[      0.8:      0.9)    0 (  0.0%) |
[      0.7:      0.8)   96 (  0.6%) |*
[      0.5:      0.6)  482 (  3.2%) |****
[      0.4:      0.5)  985 (  6.5%) |*******
[      0.3:      0.4) 1585 ( 10.5%) |************
[      0.2:      0.3) 2380 ( 15.7%) |******************
[      0.1:      0.2) 3545 ( 23.4%) |***************************
[        0:      0.1) 6065 ( 40.1%) |**********************************************
Maximum routing channel utilization:      0.71 at (53,56)

X - Directed channels: layer   y   max occ   ave occ   ave cap
                        ----- ---- -------- -------- --------
                            0    0       60   31.163      160
                            0    1        6    1.023      160
                            0    2       13    1.581      160
                            0    3       25    2.558      160
                            0    4       48    6.372      160
                            0    5       45    7.070      160
                            0    6       48    5.767      160
                            0    7       49    7.674      160
                            0    8       60   11.070      160
                            0    9       49   12.047      160
                            0   10       58   15.349      160
                            0   11       58   16.372      160
                            0   12       62   17.535      160
                            0   13       54   15.000      160
                            0   14       44   14.372      160
                            0   15       49   16.081      160
                            0   16       54   19.930      160
                            0   17       63   23.023      160
                            0   18       55   22.535      160
                            0   19       62   21.535      160
                            0   20       68   19.930      160
                            0   21       65   24.058      160
                            0   22       60   22.953      160
                            0   23       61   17.326      160
                            0   24       55   20.593      160
                            0   25       82   24.256      160
                            0   26       66   22.395      160
                            0   27       64   27.581      160
                            0   28       82   31.500      160
                            0   29       48   22.709      160
                            0   30       52   21.256      160
                            0   31       70   26.349      160
                            0   32       60   28.988      160
                            0   33       60   22.965      160
                            0   34       50   25.198      160
                            0   35       42   19.709      160
                            0   36       53   19.977      160
                            0   37       57   19.721      160
                            0   38       68   28.267      160
                            0   39       67   32.035      160
                            0   40       70   34.453      160
                            0   41       77   35.070      160
                            0   42       77   37.535      160
                            0   43       92   36.442      160
                            0   44      101   40.884      160
                            0   45       89   40.174      160
                            0   46       76   38.953      160
                            0   47       84   41.547      160
                            0   48       87   43.093      160
                            0   49       93   48.674      160
                            0   50       93   47.186      160
                            0   51       96   44.977      160
                            0   52      103   45.395      160
                            0   53       97   42.140      160
                            0   54      104   51.105      160
                            0   55       89   48.721      160
                            0   56      102   51.477      160
                            0   57       95   51.163      160
                            0   58       99   56.826      160
                            0   59       89   48.988      160
                            0   60       95   44.058      160
                            0   61       89   43.349      160
                            0   62       82   45.349      160
                            0   63       90   45.744      160
                            0   64       93   42.372      160
                            0   65       84   43.663      160
                            0   66       89   43.116      160
                            0   67       94   44.907      160
                            0   68       98   44.058      160
                            0   69       88   41.372      160
                            0   70       89   38.291      160
                            0   71       77   34.442      160
                            0   72       75   32.953      160
                            0   73       78   30.907      160
                            0   74       91   33.419      160
                            0   75       74   28.360      160
                            0   76       72   25.628      160
                            0   77       60   21.035      160
                            0   78       65   21.163      160
                            0   79       67   18.302      160
                            0   80       53   14.233      160
                            0   81       43    8.651      160
                            0   82       45    7.721      160
                            0   83       31    4.698      160
                            0   84       11    1.907      160
                            0   85        6    1.116      160
                            0   86       73   32.523      160
Y - Directed channels: layer   x   max occ   ave occ   ave cap
                        ----- ---- -------- -------- --------
                            0    0       62   17.570      160
                            0    1       45   15.151      160
                            0    2       66   22.640      160
                            0    3       30    8.895      160
                            0    4       62   16.744      160
                            0    5       80   37.093      160
                            0    6       96   36.337      160
                            0    7       74   21.233      160
                            0    8       63   13.395      160
                            0    9       66   11.535      160
                            0   10       49   10.116      160
                            0   11       37    8.907      160
                            0   12       45    7.105      160
                            0   13       34   10.419      160
                            0   14       47   19.907      160
                            0   15       54   23.802      160
                            0   16       72   27.558      160
                            0   17      100   49.395      160
                            0   18       87   58.314      160
                            0   19      100   38.384      160
                            0   20      105   48.081      160
                            0   21      112   61.326      160
                            0   22      104   55.895      160
                            0   23       82   32.872      160
                            0   24       70   28.140      160
                            0   25       68   21.151      160
                            0   26       64   15.674      160
                            0   27       73   17.651      160
                            0   28       72   19.465      160
                            0   29       76   25.314      160
                            0   30       93   32.465      160
                            0   31       91   33.651      160
                            0   32       95   38.395      160
                            0   33       89   57.337      160
                            0   34      107   58.116      160
                            0   35       90   40.756      160
                            0   36       89   49.105      160
                            0   37      105   58.477      160
                            0   38      101   50.523      160
                            0   39      106   36.791      160
                            0   40       92   30.198      160
                            0   41       69   21.442      160
                            0   42       77   25.488      160
                            0   43       83   25.384      160
                            0   44       68   28.105      160
                            0   45       74   28.919      160
                            0   46       85   31.105      160
                            0   47       81   30.628      160
                            0   48       88   34.640      160
                            0   49       98   56.081      160
                            0   50       89   58.895      160
                            0   51       81   44.035      160
                            0   52       93   56.337      160
                            0   53      114   64.337      160
                            0   54       99   42.860      160
                            0   55       68   19.326      160
                            0   56       51   19.477      160
                            0   57       50   13.965      160
                            0   58       63   14.244      160
                            0   59       62   15.105      160
                            0   60       76   17.407      160
                            0   61       76   17.256      160
                            0   62       61   22.628      160
                            0   63       61   24.163      160
                            0   64       58   28.256      160
                            0   65       81   47.140      160
                            0   66       98   64.767      160
                            0   67       90   42.535      160
                            0   68      109   49.395      160
                            0   69      104   59.314      160
                            0   70       89   39.547      160
                            0   71       34   15.558      160
                            0   72       47   19.465      160
                            0   73       41   16.081      160
                            0   74       46   10.093      160
                            0   75       36    9.151      160
                            0   76       23    7.453      160
                            0   77       23    9.849      160
                            0   78       29   13.535      160
                            0   79       37   15.116      160
                            0   80       51   17.535      160
                            0   81       78   36.198      160
                            0   82       86   42.570      160
                            0   83       69   26.326      160
                            0   84       72   22.174      160
                            0   85       69   25.116      160
                            0   86       40   19.453      160

Total existing wires segments: CHANX   1197120, CHANY   1197120, CHANZ         0, ALL   2394240
Total used wires segments:     CHANX    208461, CHANY    224833, CHANZ         0, ALL    433294
Usage percentage:              CHANX     17.4%, CHANY     18.8%, CHANZ      0.0%, ALL     18.1%

Logic area (in minimum width transistor areas, excludes I/Os and empty grid tiles)...
	Total logic block area (Warning, need to add pitch of routing to blocks with height > 3): 2.4541e+08
	Total used logic block area: 8.82677e+07

Routing area (in minimum width transistor areas)...
	Total routing area: 9.66431e+07, per logic tile: 12479.7

Total Number of Wiring Segments by Direction: direction length number
                                              --------- ------ -------
                                                      X      4 267132
                                                      Y      4 267132
                                                      X     16  12084
                                                      Y     16  12084

X - Directed Wiring Segment usage by length: length utilization
                                             ------ -----------
                                             4       0.171
                                            16       0.143

Y - Directed Wiring Segment usage by length: length utilization
                                             ------ -----------
                                             4       0.173
                                            16        0.22

Segment occupancy by length: Length Occupancy Capacity Utilization
                             ------ --------- -------- -----------
                             L4         91774   534264       0.172
                             L16         4376    24168       0.181

Segment occupancy by type: name type utilization
                           ---- ---- -----------
                             L4    0       0.172
                            L16    1       0.181

Final hold Worst Negative Slack (hWNS): 0 ns
Final hold Total Negative Slack (hTNS): 0 ns
Final hold Worst Skew (hWS): 0 ns

Final hold slack histogram:
[  4.1e-11:  6.5e-10)  3570 (  6.8%) |****************
[  6.5e-10:  1.3e-09)  9102 ( 17.3%) |****************************************
[  1.3e-09:  1.9e-09)  7323 ( 13.9%) |********************************
[  1.9e-09:  2.5e-09)  9012 ( 17.1%) |****************************************
[  2.5e-09:  3.1e-09) 10215 ( 19.4%) |*********************************************
[  3.1e-09:  3.7e-09)  8326 ( 15.8%) |*************************************
[  3.7e-09:  4.3e-09)  3715 (  7.0%) |****************
[  4.3e-09:  4.9e-09)   999 (  1.9%) |****
[  4.9e-09:  5.5e-09)   400 (  0.8%) |**
[  5.5e-09:  6.1e-09)   100 (  0.2%) |

Final critical path delay (least slack): 7.74258 ns, Fmax: 129.156 MHz
Final critical path skew: -0.04243 ns
Final setup Worst Negative Slack (sWNS): -7.74258 ns
Final setup Total Negative Slack (sTNS): -140651 ns
Final setup Worst Skew (sWS): -0.04243 ns

Final setup slack histogram:
[ -7.7e-09:   -7e-09)    14 (  0.0%) |
[   -7e-09: -6.2e-09)    98 (  0.2%) |
[ -6.2e-09: -5.5e-09)   469 (  0.9%) |*
[ -5.5e-09: -4.7e-09)  1466 (  2.8%) |*****
[ -4.7e-09:   -4e-09)  4704 (  8.9%) |***************
[   -4e-09: -3.2e-09)  8625 ( 16.3%) |***************************
[ -3.2e-09: -2.5e-09) 14466 ( 27.4%) |*********************************************
[ -2.5e-09: -1.7e-09) 12685 ( 24.0%) |***************************************
[ -1.7e-09: -9.5e-10)  5297 ( 10.0%) |****************
[ -9.5e-10: -1.9e-10)  4938 (  9.4%) |***************

Final geomean non-virtual intra-domain period: 7.74258 ns (129.156 MHz)
Final fanout-weighted geomean non-virtual intra-domain period: 7.74258 ns (129.156 MHz)

Incr Slack updates 1 in 0.00209263 sec
Full Max Req/Worst Slack updates 1 in 0.00172007 sec
Incr Max Req/Worst Slack updates 0 in 0 sec
Incr Criticality updates 0 in 0 sec
Full Criticality updates 1 in 0.00841529 sec
Flow timing analysis took 11.2774 seconds (9.75403 STA, 1.52335 slack) (132 full updates: 114 setup, 0 hold, 18 combined).
VPR succeeded
The entire flow of VPR took 133.06 seconds (max_rss 819.0 MiB)

