VPR FPGA Placement and Routing.
Version: 9.0.0-dev+v8.0.0-18248-g40f8d19708
Revision: v8.0.0-18248-g40f8d19708
Compiled: 2026-09-22T03:43:48
Compiler: GNU 13.3.0 on Linux-5.15.0-119-generic x86_64
Build Info: release IPO VTR_ASSERT_LEVEL=2

University of Toronto
verilogtorouting.org
vtr-users@googlegroups.com
This is free open source code under MIT license.

VPR was run with the following command-line:
/inspire/hdd/project/project-public/changshunjie-253114010247/changshunjie-253114010247/workspace/DAC2027/vtr/vtr-verilog-to-routing/vpr/vpr /inspire/hdd/project/project-public/changshunjie-253114010247/changshunjie-253114010247/workspace/DAC2027/vtr/vtr-verilog-to-routing/vtr_flow/arch/COFFE_22nm/k6FracN10LB_mem20K_complexDSP_customSB_22nm.xml /inspire/hdd/project/project-public/changshunjie-253114010247/changshunjie-253114010247/workspace/DAC2027/TailCompile/experiments/vtr/runs/pilot_v1/attention_layer/full-seed1-w300/attention_layer.pre-vpr.blif --analytical_place --route --analysis --ap_full_legalizer flat-recon --ap_detailed_placer annealer --seed 11 --route_chan_width 180 --write_flat_place /inspire/hdd/project/project-public/changshunjie-253114010247/changshunjie-253114010247/workspace/DAC2027/TailCompile/vtr_work/tailcompile_v3/attention_layer/4x4/gnn_candidate-fp045f737d-flat-recon-annealer-seed11-w180-devw88/post_route.fplace --write_legalized_flat_place /inspire/hdd/project/project-public/changshunjie-253114010247/changshunjie-253114010247/workspace/DAC2027/TailCompile/vtr_work/tailcompile_v3/attention_layer/4x4/gnn_candidate-fp045f737d-flat-recon-annealer-seed11-w180-devw88/post_legalizer.fplace --flat_place_verbosity 1 --device_width 88 --net_file /inspire/hdd/project/project-public/changshunjie-253114010247/changshunjie-253114010247/workspace/DAC2027/TailCompile/vtr_work/tailcompile_v3/attention_layer/4x4/gnn_candidate-fp045f737d-flat-recon-annealer-seed11-w180-devw88/attention_layer.locked-input.net --read_flat_place /inspire/hdd/global_user/changshunjie-253114010247/workspace/DAC2027/TailCompile/experiments/vtr/tailcompile_v3/attention_layer/4x4/pools/bootstrap_24/candidate_17_seed13044.fplace

Using up to 1 parallel worker(s)

Architecture file: /inspire/hdd/project/project-public/changshunjie-253114010247/changshunjie-253114010247/workspace/DAC2027/vtr/vtr-verilog-to-routing/vtr_flow/arch/COFFE_22nm/k6FracN10LB_mem20K_complexDSP_customSB_22nm.xml
Circuit name: attention_layer.pre-vpr

# Loading Architecture Description
# Loading Architecture Description took 0.03 seconds (max_rss 33.1 MiB, delta_rss +0.0 MiB)

Timing analysis: ON
Circuit netlist file: /inspire/hdd/project/project-public/changshunjie-253114010247/changshunjie-253114010247/workspace/DAC2027/TailCompile/vtr_work/tailcompile_v3/attention_layer/4x4/gnn_candidate-fp045f737d-flat-recon-annealer-seed11-w180-devw88/attention_layer.locked-input.net
Circuit placement file: attention_layer.pre-vpr.place
Circuit routing file: attention_layer.pre-vpr.route
Circuit SDC file: attention_layer.pre-vpr.sdc
Vpr floorplanning constraints file: not specified

Packer: DISABLED
Placer: DISABLED
Analytical Placer: ENABLED
Router: ENABLED
Analysis: ENABLED

VPR was run with the following options:

netlist_opts.absorb_buffer_luts            : true
netlist_opts.sweep_dangling_primary_ios    : true
netlist_opts.sweep_dangling_nets           : true
netlist_opts.sweep_dangling_blocks         : true
netlist_opts.sweep_constant_primary_outputs: false
netlist_opts.netlist_verbosity             : 1
netlist_opts.const_gen_inference           : COMB_SEQ

AnalyticalPlacerOpts.analytical_solver_type: lp-b2b
AnalyticalPlacerOpts.partial_legalizer_type: bipartitioning
AnalyticalPlacerOpts.full_legalizer_type: flat-recon
AnalyticalPlacerOpts.detailed_placer_type: annealer
AnalyticalPlacerOpts.ap_timing_tradeoff: 0.500000
AnalyticalPlacerOpts.ap_high_fanout_threshold: 256
AnalyticalPlacerOpts.log_verbosity: 1
router_opts.route_type: DETAILED
router_opts.flat_routing: false
router_opts.choke_points: on
router_opts.router_algorithm: TIMING_DRIVEN
router_opts.base_cost_type: DELAY_NORMALIZED_LENGTH
router_opts.fixed_channel_width: 180
router_opts.check_route: FULL
router_opts.acc_fac: 1.000000
router_opts.bb_factor: 3
router_opts.bend_cost: 0.000000
router_opts.first_iter_pres_fac: 0.000000
router_opts.initial_pres_fac: 0.500000
router_opts.pres_fac_mult: 1.300000
router_opts.max_pres_fac: 1000.000000
router_opts.max_router_iterations: 50
router_opts.min_incremental_reroute_fanout: 16
router_opts.initial_acc_cost_chan_congestion_threshold: 0.500000
router_opts.initial_acc_cost_chan_congestion_weight: 0.500000
router_opts.do_check_rr_graph: true
router_opts.verify_binary_search: false
router_opts.min_channel_width_hint: 0
router_opts.read_rr_edge_metadata: false
router_opts.exit_after_first_routing_iteration: false
router_opts.astar_fac: 1.200000
router_opts.astar_offset: 0.000000
router_opts.router_profiler_astar_fac: 1.200000
router_opts.enable_parallel_connection_router: false
router_opts.post_target_prune_fac: 1.200000
router_opts.post_target_prune_offset: 0
router_opts.multi_queue_num_threads: 1
router_opts.multi_queue_num_queues: 2
router_opts.multi_queue_direct_draining: false
router_opts.criticality_exp: 1.000000
router_opts.max_criticality: 0.990000
router_opts.init_wirelength_abort_threshold: 0.850000
router_opts.incr_reroute_delay_ripup: AUTO
router_opts.save_routing_per_iteration: false
router_opts.congested_routing_iteration_threshold_frac: 1.000000
router_opts.high_fanout_threshold: 64
router_opts.router_debug_net: -2
router_opts.router_debug_sink_rr: -2
router_opts.router_debug_iteration: -2
router_opts.max_convergence_count: 1
router_opts.reconvergence_cpd_threshold: 0.990000
router_opts.update_lower_bound_delays: true
router_opts.first_iteration_timing_report_file: 
router_opts.route_bb_update: DYNAMIC
router_opts.lookahead_type: MAP
router_opts.initial_timing: LOOKAHEAD
router_opts.router_heap: FOUR_ARY_HEAP
router_opts.routing_failure_predictor = SAFE
router_opts.routing_predictor_min_history: 8
router_opts.routing_budgets_algorithm = DISABLE

analysis_opts.gen_post_synthesis_netlist: false
analysis_opts.gen_post_implementation_merged_netlist: false
analysis_opts.gen_post_implementation_sdc: false
analysis_opts.timing_report_npaths: 100
analysis_opts.timing_report_skew: false
analysis_opts.echo_dot_timing_graph_node: -1
analysis_opts.timing_report_detail: NETLIST
analysis_opts.post_synth_netlist_unconn_input_handling: UNCONNECTED
analysis_opts.post_synth_netlist_unconn_output_handling: UNCONNECTED
analysis_opts.post_synth_netlist_module_parameters: on

# Building complex block graph
# Building complex block graph took 0.08 seconds (max_rss 33.1 MiB, delta_rss +0.0 MiB)
Circuit file: /inspire/hdd/project/project-public/changshunjie-253114010247/changshunjie-253114010247/workspace/DAC2027/TailCompile/experiments/vtr/runs/pilot_v1/attention_layer/full-seed1-w300/attention_layer.pre-vpr.blif
# Load circuit
Found 4 constant generator(s) in the netlist (2 constant-zero, 2 constant-one) (run with --netlist_verbosity 2 to list names)
# Load circuit took 0.55 seconds (max_rss 134.2 MiB, delta_rss +101.2 MiB)
# Clean circuit
Absorbed 7975 LUT buffers
Found 1090 primitive output pin(s) driven only by constants; marked them as constants
Swept input(s)      : 7
Swept output(s)     : 0 (0 dangling, 0 constant)
Swept net(s)        : 10126
Swept block(s)      : 33
Constant Pins Marked: 1090
# Clean circuit took 0.13 seconds (max_rss 134.2 MiB, delta_rss +0.0 MiB)
# Compress circuit
# Compress circuit took 0.07 seconds (max_rss 134.2 MiB, delta_rss +0.0 MiB)
# Verify circuit
# Verify circuit took 0.02 seconds (max_rss 134.2 MiB, delta_rss +0.0 MiB)
Circuit Statistics:
  Blocks: 40113
    .input            :    1052
    .latch            :    8844
    .names            :   17218
        0-LUT:       3
        1-LUT:    5989
        2-LUT:     920
        3-LUT:    4530
        4-LUT:    3023
        5-LUT:    1163
        6-LUT:    1590
    .output           :      32
    adder             :    9150
    addition_fp_clk_16:       1
    dual_port_ram     :    3680
    multiply          :     136
  Nets  : 50065
    Avg Fanout:     2.9
    Max Fanout: 12525.0
    Min Fanout:     1.0
  Netlist Clocks: 1
# Build Timing Graph
  Timing Graph Nodes: 245193
  Timing Graph Edges: 446068
  Timing Graph Levels: 66
# Build Timing Graph took 0.23 seconds (max_rss 202.4 MiB, delta_rss +63.7 MiB)
Netlist contains 1 clocks
  Netlist Clock 'clk' Fanout: 12525 pins (6.5%), 12525 blocks (31.2%)
# Load Timing Constraints

SDC file 'attention_layer.pre-vpr.sdc' not found
Setting default timing constraints:
   * constrain all primary inputs and primary outputs on netlist clock 'clk'
   * optimize netlist clock to run as fast as possible
Timing constraints created 1 clocks
  Constrained Clock 'clk' Source: 'clk.inpad[0]'

# Load Timing Constraints took 0.00 seconds (max_rss 202.4 MiB, delta_rss +0.0 MiB)
# Analytical Placement
## Prepacker

There is one chain in this architecture called "chain" with the following starting points:
	clb[0]/lab[0]/fle[0]/ble5[0]/arithmetic[0]/adder[0].cin[0]

## Prepacker took 0.04 seconds (max_rss 202.4 MiB, delta_rss +0.0 MiB)
## Initializing Pre-Cluster Timing
Using inter-cluster delay: 2.1832e-09
## Initializing Pre-Cluster Timing took 0.38 seconds (max_rss 207.8 MiB, delta_rss +5.4 MiB)
## Estimate Device Size
Device layout 'auto' with fixed width 88.
FPGA sized to 88 x 88: 7744 grid tiles (auto)
## Estimate Device Size took 0.00 seconds (max_rss 207.8 MiB, delta_rss +0.0 MiB)
## Ram Mapper
Flat Placement is provided, skipping the RAM mapping.
## Ram Mapper took 0.00 seconds (max_rss 207.8 MiB, delta_rss +0.0 MiB)
## Read Atom Netlist to AP Netlist
## Read Atom Netlist to AP Netlist took 0.28 seconds (max_rss 276.7 MiB, delta_rss +68.9 MiB)
Analytical Placement Netlist Statistics:
	AP Blocks: 25061
		Moveable AP Blocks: 25061
		Fixed AP Blocks: 0
	AP Nets: 34982
		Average Fanout: 2.94
		Highest Fanout: 257
	AP Pins: 193913

## Computing placement delta delay look-up
### Build routing resource graph
### Build routing resource graph took 6.41 seconds (max_rss 824.4 MiB, delta_rss +547.7 MiB)
  RR Graph Nodes: 1754700
  RR Graph Edges: 19490640
### Computing router lookahead map
#### Computing wire lookahead
#### Computing wire lookahead took 6.89 seconds (max_rss 824.4 MiB, delta_rss +0.0 MiB)
#### Computing src/opin lookahead
Warning 1: Found no more sample locations for SOURCE in io
Warning 2: Found no more sample locations for OPIN in io
Warning 3: Found no more sample locations for SOURCE in clb
Warning 4: Found no more sample locations for OPIN in clb
Warning 5: Found no more sample locations for SOURCE in dsp_top
Warning 6: Found no more sample locations for OPIN in dsp_top
Warning 7: Found no more sample locations for SOURCE in memory
Warning 8: Found no more sample locations for OPIN in memory
#### Computing src/opin lookahead took 0.22 seconds (max_rss 824.4 MiB, delta_rss +0.0 MiB)
### Computing router lookahead map took 7.13 seconds (max_rss 824.4 MiB, delta_rss +0.0 MiB)
Serial Connection Router is being destroyed. Time spent on path search: 0.000 seconds.
## Computing placement delta delay look-up took 13.90 seconds (max_rss 824.4 MiB, delta_rss +547.7 MiB)
Flat Placement is provided in the AP flow, skipping the Global Placement.
0 of 25061 molecules placed at device center (no atoms of these molecules found in flat placement).
## AP Full Legalizer
### Creating Clusters
Device (width, height): (88,88)
#### Sorting and Grouping Blocks by Tile
#### Sorting and Grouping Blocks by Tile took 0.01 seconds (max_rss 824.4 MiB, delta_rss +0.0 MiB)
#### Reconstruction Pass Clustering
#### Reconstruction Pass Clustering took 57.89 seconds (max_rss 824.4 MiB, delta_rss +0.0 MiB)
#### Orphan Window Clustering with search radius 8
#### Orphan Window Clustering with search radius 8 took 0.02 seconds (max_rss 824.4 MiB, delta_rss +0.0 MiB)
FPGA sized to 88 x 88: 7744 grid tiles (auto)
Device Utilization: 0.28 (target 1.00)
	Block Utilization: 0.39 Type: io
	Block Utilization: 0.19 Type: clb
	Block Utilization: 0.85 Type: dsp_top
	Block Utilization: 0.75 Type: memory

----------------------------------------------------------------
                       Clustering Summary                       
----------------------------------------------------------------
Clusters created (Self Clustering)                       : 2605
    dsp_top    : 107
    memory     : 194
    clb        : 1220
    io         : 1084
Clusters created (Orphan Window Clustering)              : 12
    clb        : 12
Total clusters                                           : 2617
Percent of clusters created in Orphan Window Clustering  : 0.46%
Molecules clustered in each stage breakdown  : (Total of 25061)
	Self Clustering          (0.998963)  : 25035
 	Neighbor Clustering      (0.000000)  : 0
	Orphan Window Clustering (0.001037)  : 26
----------------------------------------------------------------

Final Clustering Statistics: 
----------   --------   ------------------------------------   --------------------------
Block Type   # Blocks   Avg. # of input clocks and pins used   Avg. # of output pins used
----------   --------   ------------------------------------   --------------------------
     EMPTY          0                                      0                            0   
        io       1084                              0.0295203                      0.97048   
       clb       1232                                28.0146                      15.4002   
   dsp_top        107                                40.9813                      20.1869   
    memory        194                                49.6598                      18.9691   
Absorbed logical nets 24200 out of 50065 nets, 25865 nets not absorbed.
#### Load packing
##### Loading packed FPGA netlist file.
Netlist generated from file '/inspire/hdd/project/project-public/changshunjie-253114010247/changshunjie-253114010247/workspace/DAC2027/TailCompile/vtr_work/tailcompile_v3/attention_layer/4x4/gnn_candidate-fp045f737d-flat-recon-annealer-seed11-w180-devw88/attention_layer.locked-input.net'.
Detected 3 constant generators (to see names run with higher pack verbosity)
##### Loading packed FPGA netlist file. took 2.02 seconds (max_rss 831.4 MiB, delta_rss +7.1 MiB)
Warning 9: Treated 2 constant nets as global which will not be routed (to see net names increase packer verbosity).
Netlist contains 5542 global net to non-global architecture pin connections
Found 2 logic block(s) with only 1 output pin and no inputs; they may be constant generators (run with --pack_verbosity 3 to list them)
Completed clustering consistency check successfully.
Cluster level netlist and block usage statistics
Netlist num_nets: 25865
Netlist num_blocks: 2617
Netlist EMPTY blocks: 0.
Netlist io blocks: 1084.
Netlist clb blocks: 1232.
Netlist dsp_top blocks: 107.
Netlist memory blocks: 194.
Netlist inputs pins: 1052
Netlist output pins: 32

Pb types usage...
  io                   : 1084
   inpad               : 1052
   outpad              : 32
  clb                  : 1232
   lab                 : 1232
    fle                : 11238
     ble5              : 19054
      flut5            : 9904
       lut5            : 9613
        lut            : 9613
       ff              : 8130
      arithmetic       : 9150
       lut4            : 6015
        lut            : 6015
       adder           : 9150
     ble6              : 1590
      lut6             : 1590
       lut             : 1590
      ff               : 714
  dsp_top              : 107
   dsp                 : 107
    dsp_pb             : 107
     two_mult_18x19    : 136
      mult_18x19       : 136
     adder_fp16        : 1
  memory               : 194
   mem_1024x20_dp      : 194
    memory_slice       : 3680

#### Load packing took 2.39 seconds (max_rss 831.4 MiB, delta_rss +7.1 MiB)
Netlist contains 5542 global net to non-global architecture pin connections
Found 2 logic block(s) with only 1 output pin and no inputs; they may be constant generators (run with --pack_verbosity 3 to list them)
Cluster level netlist and block usage statistics
Netlist num_nets: 25865
Netlist num_blocks: 2617
Netlist EMPTY blocks: 0.
Netlist io blocks: 1084.
Netlist clb blocks: 1232.
Netlist dsp_top blocks: 107.
Netlist memory blocks: 194.
Netlist inputs pins: 1052
Netlist output pins: 32
### Creating Clusters took 61.48 seconds (max_rss 831.4 MiB, delta_rss +7.1 MiB)
Completed clustering consistency check successfully.
FPGA sized to 88 x 88: 7744 grid tiles (auto)
### Compressed grid construction
### Compressed grid construction took 0.00 seconds (max_rss 831.4 MiB, delta_rss +0.0 MiB)
### Initial Placement
Placing clusters that are part of larger macros...
Number of blocks to be placed: 16
Max distance on device: 176
---- ---------- ---------- -------------
Pass Max Displ. Num Blocks Num Blocks   
     Threshold  Placed     Left Unplaced
---- ---------- ---------- -------------
   0          0         16             0

Placing general clusters...
Number of blocks to be placed: 2601
Max distance on device: 176
---- ---------- ---------- -------------
Pass Max Displ. Num Blocks Num Blocks   
     Threshold  Placed     Left Unplaced
---- ---------- ---------- -------------
   0          0       2591            10
   1          1          3             7
   2          2          3             4
   3          4          3             1
   4          8          1             0

### Initial Placement took 0.01 seconds (max_rss 831.4 MiB, delta_rss +0.0 MiB)
Flat Placement Reconstruction Info:
	Percent of clusters with reconstruction errors: 0.343905
	Total displacement of initial placement from flat placement: 16395.000000
	Average atom displacement of initial placement from flat placement: 0.408720
	Max atom displacement of initial placement from flat placement: 66.000000
	Percent of atoms misplaced from the flat placement: 1.822352
## AP Full Legalizer took 61.79 seconds (max_rss 831.4 MiB, delta_rss +7.1 MiB)

Resource usage...
	Netlist
		1084	blocks of type: io
	Architecture
		2752	blocks of type: io
	Netlist
		1232	blocks of type: clb
	Architecture
		6376	blocks of type: clb
	Netlist
		107	blocks of type: dsp_top
	Architecture
		126	blocks of type: dsp_top
	Netlist
		194	blocks of type: memory
	Architecture
		258	blocks of type: memory

Device Utilization: 0.28 (target 1.00)
	Physical Tile io:
	Block Utilization: 0.39 Logical Block: io
	Physical Tile clb:
	Block Utilization: 0.19 Logical Block: clb
	Physical Tile dsp_top:
	Block Utilization: 0.85 Logical Block: dsp_top
	Physical Tile memory:
	Block Utilization: 0.75 Logical Block: memory

## Computing placement delta delay look-up
RR graph channel widths unchanged, skipping RR graph rebuild
Serial Connection Router is being destroyed. Time spent on path search: 0.000 seconds.
## Computing placement delta delay look-up took 0.02 seconds (max_rss 831.4 MiB, delta_rss +0.0 MiB)
Using simple RL 'Softmax agent' for choosing move and block types

Completed placement consistency check successfully.
Initial placement cost: 1 bb_cost: 5886.02 td_cost: 1.72069e-05
Initial placement BB estimate of wirelength: 1.05907e+06
Initial placement estimated Critical Path Delay (CPD): 16.3282 ns
Initial placement estimated setup Total Negative Slack (sTNS): -125873 ns
Initial placement estimated setup Worst Negative Slack (sWNS): -16.3282 ns

Initial placement estimated setup slack histogram:
[ -1.6e-08: -1.5e-08)     1 (  0.0%) |
[ -1.5e-08: -1.3e-08)    13 (  0.0%) |
[ -1.3e-08: -1.1e-08)    50 (  0.1%) |
[ -1.1e-08: -9.9e-09)   180 (  0.3%) |
[ -9.9e-09: -8.3e-09)   325 (  0.6%) |*
[ -8.3e-09: -6.6e-09)   776 (  1.5%) |*
[ -6.6e-09:   -5e-09)  1431 (  2.7%) |**
[   -5e-09: -3.4e-09)  3014 (  5.7%) |*****
[ -3.4e-09: -1.8e-09) 28914 ( 54.8%) |*********************************************
[ -1.8e-09: -1.9e-10) 18058 ( 34.2%) |****************************
Placement contains 8 placement macros involving 16 blocks (average macro size 2.000000)

Moves per temperature: 18027
## AP Detailed Placer

---- ------ ------- ------- ---------- ---------- ------- ---------- -------- ------- ------- ------ -------- --------- ------
Tnum  Time     T    AvCost  Av BB Cost Av TD Cost   CPD      sTNS      sWNS   AcRate  StdDev  R lim  CritExp  TotMoves  Alpha 
     (sec)                                          (ns)     (ns)      (ns)                                                   
---- ------ ------- ------- ---------- ---------- ------- ---------- -------- ------- ------- ------ -------- --------- ------
   1    0.2 7.1e-04   0.967    4859.47 1.6214e-05  13.477  -1.19e+05  -13.477   0.831  0.0182   87.0     1.00      18027  1.000
   2    0.2 6.4e-04   0.962    4514.83 1.5094e-05  13.570  -1.15e+05  -13.570   0.816  0.0105   87.0     1.00      36054  0.900
   3    0.2 5.8e-04   0.970    4338.17 1.7793e-05  11.164  -1.17e+05  -11.164   0.797  0.0139   87.0     1.00      54081  0.900
   4    0.2 5.5e-04   0.981    4267.72 1.7984e-05  10.763  -1.18e+05  -10.763   0.788  0.0132   87.0     1.00      72108  0.950
   5    0.2 5.2e-04   0.959    4057.99 1.6186e-05  11.713  -1.15e+05  -11.713   0.772  0.0119   87.0     1.00      90135  0.950
   6    0.2 4.9e-04   0.972    3922.93 1.6187e-05  11.326  -1.14e+05  -11.326   0.769  0.0097   87.0     1.00     108162  0.950
   7    0.2 4.7e-04   0.942    3694.34 1.5172e-05  11.821  -1.15e+05  -11.821   0.757  0.0199   87.0     1.00     126189  0.950
   8    0.2 4.5e-04   0.980    3539.32 1.4825e-05  11.608   -1.1e+05  -11.608   0.744  0.0081   87.0     1.00     144216  0.950
   9    0.2 4.2e-04   0.960    3360.21 1.6106e-05  10.426  -1.12e+05  -10.426   0.738  0.0184   87.0     1.00     162243  0.950
  10    0.2 4.0e-04   0.976    3186.73 1.6347e-05   9.827  -1.12e+05   -9.827   0.726  0.0143   87.0     1.00     180270  0.950
  11    0.2 3.8e-04   0.976    3033.32 1.4347e-05  10.912  -1.09e+05  -10.912   0.716  0.0133   87.0     1.00     198297  0.950
  12    0.2 3.6e-04   0.976    2944.26 1.4101e-05  10.887  -1.11e+05  -10.887   0.706  0.0126   87.0     1.00     216324  0.950
  13    0.2 3.4e-04   0.970    2808.09 1.3687e-05  11.008  -1.11e+05  -11.008   0.694  0.0101   87.0     1.00     234351  0.950
  14    0.2 3.3e-04   0.980    2698.50 1.4643e-05  10.001  -1.09e+05  -10.001   0.686  0.0083   87.0     1.00     252378  0.950
  15    0.2 3.1e-04   0.981    2631.81 1.5072e-05   9.537   -1.1e+05   -9.537   0.679  0.0063   87.0     1.00     270405  0.950
  16    0.2 3.0e-04   0.986    2605.24 1.4166e-05  10.061  -1.07e+05  -10.061   0.669  0.0072   87.0     1.00     288432  0.950
  17    0.2 2.8e-04   0.976    2532.01 1.3173e-05  10.704  -1.09e+05  -10.704   0.664  0.0120   87.0     1.00     306459  0.950
  18    0.2 2.7e-04   0.987    2448.71 1.3747e-05  10.017  -1.07e+05  -10.017   0.660  0.0049   87.0     1.00     324486  0.950
  19    0.2 2.5e-04   0.978    2399.32 1.4382e-05   9.536  -1.06e+05   -9.536   0.653  0.0070   87.0     1.00     342513  0.950
  20    0.2 2.4e-04   0.983    2344.29 1.2111e-05  11.190  -1.06e+05  -11.190   0.644  0.0072   87.0     1.00     360540  0.950
  21    0.2 2.3e-04   0.987    2278.16 1.4668e-05   9.030  -1.06e+05   -9.030   0.632  0.0058   87.0     1.00     378567  0.950
  22    0.2 2.2e-04   0.987    2271.96 1.3735e-05   9.654  -1.07e+05   -9.654   0.630  0.0079   87.0     1.00     396594  0.950
  23    0.2 2.1e-04   0.988    2217.56 1.2869e-05  10.132  -1.07e+05  -10.132   0.615  0.0067   87.0     1.00     414621  0.950
  24    0.2 2.0e-04   0.984    2189.11 1.2177e-05  10.669  -1.05e+05  -10.669   0.605  0.0041   87.0     1.00     432648  0.950
  25    0.2 1.9e-04   0.984    2155.95 1.4231e-05   9.017  -1.05e+05   -9.017   0.603  0.0078   87.0     1.00     450675  0.950
  26    0.2 1.8e-04   0.984    2104.73 1.3193e-05   9.601  -1.07e+05   -9.601   0.588  0.0065   87.0     1.00     468702  0.950
  27    0.2 1.7e-04   0.985    2074.84 1.3611e-05   9.204  -1.06e+05   -9.204   0.575  0.0058   87.0     1.00     486729  0.950
  28    0.2 1.6e-04   0.994    2052.40 1.3138e-05   9.496  -1.05e+05   -9.496   0.563  0.0046   87.0     1.00     504756  0.950
  29    0.2 1.5e-04   0.990    2032.28 1.2114e-05  10.222  -1.03e+05  -10.222   0.557  0.0053   87.0     1.00     522783  0.950
  30    0.2 1.4e-04   0.997    2010.03 1.4537e-05   8.463  -1.04e+05   -8.463   0.547  0.0046   87.0     1.00     540810  0.950
  31    0.2 1.4e-04   0.992    1998.04 1.2165e-05  10.044  -1.03e+05  -10.044   0.536  0.0048   87.0     1.00     558837  0.950
  32    0.2 1.3e-04   0.992    1965.43 1.3208e-05   9.174  -1.04e+05   -9.174   0.529  0.0042   87.0     1.00     576864  0.950
  33    0.2 1.2e-04   0.993    1960.22 1.3152e-05   9.174  -1.04e+05   -9.174   0.514  0.0037   87.0     1.00     594891  0.950
  34    0.2 1.2e-04   0.986    1933.57 1.3056e-05   9.236  -1.04e+05   -9.236   0.502  0.0049   87.0     1.00     612918  0.950
  35    0.2 1.1e-04   0.990    1915.32 1.3981e-05   8.522  -1.04e+05   -8.522   0.493  0.0059   87.0     1.00     630945  0.950
  36    0.2 1.1e-04   0.988    1878.01 1.3069e-05   8.973  -1.02e+05   -8.973   0.475  0.0042   87.0     1.00     648972  0.950
  37    0.2 1.0e-04   0.992    1867.09 1.3028e-05   8.985  -1.02e+05   -8.985   0.471  0.0028   87.0     1.00     666999  0.950
  38    0.2 9.6e-05   0.995    1861.15 1.35e-05     8.592  -1.02e+05   -8.592   0.459  0.0026   87.0     1.00     685026  0.950
  39    0.2 9.1e-05   0.987    1827.55 1.3489e-05   8.584  -1.03e+05   -8.584   0.444  0.0064   87.0     1.00     703053  0.950
  40    0.2 8.6e-05   0.990    1805.91 1.2594e-05   9.030  -1.03e+05   -9.030   0.437  0.0040   87.0     1.00     721080  0.950
  41    0.2 8.2e-05   0.990    1783.58 1.3367e-05   8.277  -1.02e+05   -8.277   0.423  0.0047   86.8     1.02     739107  0.950
  42    0.2 7.8e-05   0.998    1775.15 1.1626e-05   8.556  -1.01e+05   -8.556   0.415  0.0018   85.2     1.14     757134  0.950
  43    0.2 7.4e-05   0.988    1758.62 1.0608e-05   8.246  -1.02e+05   -8.246   0.400  0.0048   83.1     1.32     775161  0.950
  44    0.2 7.0e-05   0.994    1744.11 8.0932e-06   8.569  -1.01e+05   -8.569   0.386  0.0026   79.7     1.59     793188  0.950
  45    0.2 6.7e-05   0.990    1733.67 6.5437e-06   8.391  -1.02e+05   -8.391   0.383  0.0035   75.4     1.94     811215  0.950
  46    0.2 6.3e-05   0.992    1720.75 4.9904e-06   8.558     -1e+05   -8.558   0.374  0.0038   71.1     2.29     829242  0.950
  47    0.2 6.0e-05   0.990    1714.49 4.1206e-06   8.431  -1.03e+05   -8.431   0.369  0.0043   66.5     2.67     847269  0.950
  48    0.2 5.7e-05   0.992    1693.01 3.415e-06    8.303  -1.02e+05   -8.303   0.355  0.0041   61.7     3.06     865296  0.950
  49    0.2 5.4e-05   0.990    1673.44 2.7452e-06   8.268  -1.02e+05   -8.268   0.340  0.0047   56.4     3.49     883323  0.950
  50    0.2 5.2e-05   0.993    1656.62 2.2452e-06   8.196  -1.03e+05   -8.196   0.327  0.0031   50.8     3.95     901350  0.950
  51    0.2 4.9e-05   0.995    1647.43 1.7617e-06   8.196  -1.04e+05   -8.196   0.325  0.0022   45.1     4.41     919377  0.950
  52    0.2 4.7e-05   0.995    1639.31 1.5803e-06   8.060  -1.04e+05   -8.060   0.326  0.0027   39.9     4.84     937404  0.950
  53    0.2 4.4e-05   0.995    1623.81 1.2517e-06   8.153  -1.09e+05   -8.153   0.311  0.0025   35.3     5.21     955431  0.950
  54    0.2 4.2e-05   0.995    1611.06 1.1991e-06   7.966  -1.08e+05   -7.966   0.305  0.0020   30.7     5.58     973458  0.950
  55    0.2 4.0e-05   0.996    1603.96 1.0767e-06   7.903  -1.05e+05   -7.903   0.300  0.0023   26.6     5.92     991485  0.950
  56    0.2 3.8e-05   0.995    1595.59 9.1349e-07   7.975  -1.05e+05   -7.975   0.289  0.0026   22.9     6.22    1009512  0.950
  57    0.2 3.6e-05   0.994    1581.45 8.2934e-07   7.975  -1.06e+05   -7.975   0.285  0.0032   19.4     6.50    1027539  0.950
  58    0.2 3.4e-05   0.994    1571.97 7.3351e-07   8.005  -1.06e+05   -8.005   0.277  0.0024   16.4     6.74    1045566  0.950
  59    0.2 3.3e-05   0.995    1565.70 6.8987e-07   8.005  -1.07e+05   -8.005   0.274  0.0026   13.7     6.96    1063593  0.950
  60    0.2 3.1e-05   0.993    1556.58 3.545e-07    8.717  -1.05e+05   -8.717   0.293  0.0035   11.5     7.15    1081620  0.950
  61    0.2 2.9e-05   0.993    1541.27 5.7082e-07   8.035  -1.04e+05   -8.035   0.287  0.0028    9.8     7.29    1099647  0.950
  62    0.2 2.8e-05   0.995    1530.40 5.2818e-07   8.035  -1.05e+05   -8.035   0.264  0.0021    8.3     7.41    1117674  0.950
  63    0.2 2.6e-05   0.995    1518.44 5.0018e-07   8.035  -1.05e+05   -8.035   0.266  0.0020    6.8     7.53    1135701  0.950
  64    0.2 2.5e-05   0.997    1511.65 4.798e-07    8.035  -1.05e+05   -8.035   0.257  0.0015    5.6     7.62    1153728  0.950
  65    0.2 2.4e-05   0.997    1506.70 4.5739e-07   8.035  -1.04e+05   -8.035   0.254  0.0013    4.6     7.71    1171755  0.950
  66    0.2 2.3e-05   0.997    1499.74 4.355e-07    8.035  -1.03e+05   -8.035   0.254  0.0013    3.8     7.78    1189782  0.950
  67    0.2 2.2e-05   0.997    1495.34 4.2398e-07   8.035  -1.04e+05   -8.035   0.245  0.0009    3.1     7.83    1207809  0.950
  68    0.2 2.1e-05   0.997    1489.98 4.3108e-07   7.975  -1.04e+05   -7.975   0.259  0.0015    2.5     7.88    1225836  0.950
  69    0.2 1.9e-05   0.999    1485.55 4.2573e-07   7.975  -1.05e+05   -7.975   0.246  0.0009    2.0     7.92    1243863  0.950
  70    0.2 1.9e-05   0.998    1478.74 4.2122e-07   7.975  -1.05e+05   -7.975   0.248  0.0013    1.6     7.95    1261890  0.950
  71    0.2 1.8e-05   0.998    1474.86 4.221e-07    7.975  -1.04e+05   -7.975   0.244  0.0012    1.3     7.97    1279917  0.950
  72    0.2 1.7e-05   0.999    1470.12 4.0464e-07   7.975  -1.05e+05   -7.975   0.236  0.0009    1.1     8.00    1297944  0.950
  73    0.2 1.6e-05   0.998    1467.31 3.9943e-07   7.975  -1.04e+05   -7.975   0.228  0.0009    1.0     8.00    1315971  0.950
  74    0.2 1.5e-05   0.999    1466.09 4.1059e-07   7.966  -1.05e+05   -7.966   0.220  0.0006    1.0     8.00    1333998  0.950
  75    0.2 1.4e-05   0.998    1463.36 4.0063e-07   7.966  -1.05e+05   -7.966   0.212  0.0008    1.0     8.00    1352025  0.950
  76    0.2 1.4e-05   0.999    1460.80 3.9265e-07   7.975  -1.04e+05   -7.975   0.209  0.0006    1.0     8.00    1370052  0.950
  77    0.2 1.3e-05   0.999    1459.64 3.9665e-07   7.975  -1.04e+05   -7.975   0.206  0.0005    1.0     8.00    1388079  0.950
  78    0.2 1.2e-05   0.999    1458.91 3.9713e-07   7.975  -1.04e+05   -7.975   0.200  0.0006    1.0     8.00    1406106  0.950
  79    0.2 1.2e-05   0.999    1457.41 3.9618e-07   7.975  -1.04e+05   -7.975   0.198  0.0004    1.0     8.00    1424133  0.950
  80    0.2 1.1e-05   0.999    1457.33 3.9851e-07   7.975  -1.04e+05   -7.975   0.194  0.0002    1.0     8.00    1442160  0.950
  81    0.2 1.1e-05   0.999    1455.98 3.9983e-07   7.966  -1.05e+05   -7.966   0.183  0.0004    1.0     8.00    1460187  0.950
  82    0.2 1.0e-05   0.999    1454.08 3.9817e-07   7.975  -1.04e+05   -7.975   0.185  0.0005    1.0     8.00    1478214  0.950
  83    0.2 9.5e-06   0.999    1452.57 3.9372e-07   7.975  -1.04e+05   -7.975   0.178  0.0003    1.0     8.00    1496241  0.950
  84    0.2 9.0e-06   0.999    1452.57 3.9365e-07   7.975  -1.04e+05   -7.975   0.178  0.0004    1.0     8.00    1514268  0.950
  85    0.2 8.6e-06   0.999    1452.44 3.9223e-07   7.975  -1.05e+05   -7.975   0.170  0.0004    1.0     8.00    1532295  0.950
  86    0.2 8.1e-06   1.000    1451.28 3.906e-07    7.975  -1.04e+05   -7.975   0.170  0.0001    1.0     8.00    1550322  0.950
  87    0.2 7.7e-06   1.000    1450.81 3.9079e-07   7.975  -1.05e+05   -7.975   0.168  0.0003    1.0     8.00    1568349  0.950
  88    0.2 7.4e-06   0.999    1449.74 3.947e-07    7.966  -1.05e+05   -7.966   0.163  0.0003    1.0     8.00    1586376  0.950
  89    0.2 7.0e-06   0.999    1448.48 3.9469e-07   7.966  -1.04e+05   -7.966   0.162  0.0003    1.0     8.00    1604403  0.950
  90    0.2 6.6e-06   0.999    1446.97 3.928e-07    7.975  -1.05e+05   -7.975   0.159  0.0003    1.0     8.00    1622430  0.950
  91    0.2 6.3e-06   0.999    1445.39 3.92e-07     7.975  -1.05e+05   -7.975   0.160  0.0003    1.0     8.00    1640457  0.950
  92    0.2 6.0e-06   0.999    1444.95 3.9125e-07   7.975  -1.04e+05   -7.975   0.153  0.0003    1.0     8.00    1658484  0.950
  93    0.2 5.7e-06   1.000    1445.21 3.8824e-07   7.975  -1.04e+05   -7.975   0.158  0.0002    1.0     8.00    1676511  0.950
  94    0.2 5.4e-06   1.000    1444.42 3.9003e-07   7.975  -1.05e+05   -7.975   0.153  0.0002    1.0     8.00    1694538  0.950
  95    0.2 5.1e-06   0.999    1443.88 3.8628e-07   7.975  -1.05e+05   -7.975   0.154  0.0003    1.0     8.00    1712565  0.950
  96    0.2 4.9e-06   1.000    1443.13 3.8907e-07   7.966  -1.05e+05   -7.966   0.152  0.0002    1.0     8.00    1730592  0.950
  97    0.2 4.6e-06   1.000    1442.76 3.8886e-07   7.966  -1.05e+05   -7.966   0.153  0.0002    1.0     8.00    1748619  0.950
  98    0.2 4.4e-06   0.999    1442.18 3.863e-07    7.975  -1.05e+05   -7.975   0.144  0.0003    1.0     8.00    1766646  0.950
Agent's 2nd state: 
  99    0.2 3.5e-06   1.000    1441.50 3.8566e-07   7.975  -1.04e+05   -7.975   0.145  0.0002    1.0     8.00    1784673  0.800
Checkpoint saved: bb_costs=1441.13, TD costs=3.86027e-07, CPD=  7.975 (ns) 
 100    0.2 2.8e-06   1.000    1440.49 3.8587e-07   7.975  -1.05e+05   -7.975   0.110  0.0002    1.0     8.00    1802700  0.800
Checkpoint saved: bb_costs=1439.98, TD costs=3.89629e-07, CPD=  7.966 (ns) 
 101    0.2 2.3e-06   1.000    1439.54 3.8943e-07   7.966  -1.04e+05   -7.966   0.101  0.0002    1.0     8.00    1820727  0.800
 102    0.2 1.8e-06   1.000    1439.11 3.8566e-07   7.975  -1.04e+05   -7.975   0.096  0.0001    1.0     8.00    1838754  0.800
 103    0.2 1.4e-06   1.000    1438.70 3.8633e-07   7.975  -1.04e+05   -7.975   0.098  0.0002    1.0     8.00    1856781  0.800
 104    0.2 1.2e-06   1.000    1438.39 3.8678e-07   7.966  -1.05e+05   -7.966   0.092  0.0001    1.0     8.00    1874808  0.800
 105    0.2 9.2e-07   1.000    1438.30 3.8394e-07   7.975  -1.05e+05   -7.975   0.092  0.0001    1.0     8.00    1892835  0.800
 106    0.2 7.4e-07   1.000    1438.07 3.8643e-07   7.966  -1.05e+05   -7.966   0.091  0.0001    1.0     8.00    1910862  0.800
 107    0.2 5.9e-07   1.000    1437.67 3.8612e-07   7.966  -1.04e+05   -7.966   0.087  0.0001    1.0     8.00    1928889  0.800
 108    0.2 4.7e-07   1.000    1437.38 3.871e-07    7.966  -1.04e+05   -7.966   0.085  0.0001    1.0     8.00    1946916  0.800
 109    0.2 3.8e-07   1.000    1437.27 3.831e-07    7.975  -1.04e+05   -7.975   0.086  0.0001    1.0     8.00    1964943  0.800
 110    0.2 3.0e-07   1.000    1437.03 3.8601e-07   7.966  -1.04e+05   -7.966   0.083  0.0001    1.0     8.00    1982970  0.800
 111    0.2 2.4e-07   1.000    1437.09 3.8167e-07   7.975  -1.04e+05   -7.975   0.080  0.0001    1.0     8.00    2000997  0.800
 112    0.2 1.9e-07   1.000    1436.88 3.8523e-07   7.966  -1.04e+05   -7.966   0.080  0.0000    1.0     8.00    2019024  0.800
 113    0.2 0.0e+00   1.000    1436.87 3.8178e-07   7.975  -1.05e+05   -7.975   0.046  0.0001    1.0     8.00    2037051  0.800
### Placement Quench took 0.18 seconds (max_rss 831.4 MiB)
post-quench CPD = 7.96626 (ns) 

Completed placement consistency check successfully.

Swaps called: 2039668

Aborted Move Reasons:
  duplicate block move to location: 16
  macro move to location illegal: 2
  macro_from swap to location illegal: 1083

BB estimate of min-dist (placement) wire length: 258353

Placement estimated critical path delay (least slack): 7.96626 ns, Fmax: 125.529 MHz
Placement estimated critical path skew: -0.04243 ns
Placement estimated setup Worst Negative Slack (sWNS): -7.96626 ns
Placement estimated setup Total Negative Slack (sTNS): -104425 ns
Placement estimated setup Worst Skew (sWS): -0.04243 ns

Placement estimated setup slack histogram:
[   -8e-09: -7.2e-09)     5 (  0.0%) |
[ -7.2e-09: -6.4e-09)    55 (  0.1%) |
[ -6.4e-09: -5.6e-09)   229 (  0.4%) |*
[ -5.6e-09: -4.9e-09)   505 (  1.0%) |*
[ -4.9e-09: -4.1e-09)   558 (  1.1%) |*
[ -4.1e-09: -3.3e-09)  1966 (  3.7%) |*****
[ -3.3e-09: -2.5e-09)  6946 ( 13.2%) |****************
[ -2.5e-09: -1.7e-09) 19230 ( 36.4%) |*********************************************
[ -1.7e-09: -9.7e-10) 17752 ( 33.6%) |******************************************
[ -9.7e-10: -1.9e-10)  5516 ( 10.5%) |*************

Placement estimated geomean non-virtual intra-domain period: 7.96626 ns (125.529 MHz)
Placement estimated fanout-weighted geomean non-virtual intra-domain period: 7.96626 ns (125.529 MHz)

Placement cost: 0.999814, bb_cost: 1436.82, td_cost: 3.85298e-07, 

Placement resource usage:
  io      implemented as io     : 1084
  clb     implemented as clb    : 1232
  dsp_top implemented as dsp_top: 107
  memory  implemented as memory : 194

Placement number of temperatures: 113
Placement total # of swap attempts: 2039668
	Swaps accepted:  741764 (36.4 %)
	Swaps rejected: 1286407 (63.1 %)
	Swaps aborted:   11497 ( 0.6 %)


Placement perturbation distribution by block and move type: 
------------------ ----------------- ---------------- ---------------- --------------- ------------ 
    Block Type         Move Type       (%) of Total      Accepted(%)     Rejected(%)    Aborted(%)
------------------ ----------------- ---------------- ---------------- --------------- ------------ 
io                 Uniform                9.81             53.82           46.18          0.00         
                   Median                 9.78             59.13           40.03          0.83         
                   Centroid               9.79             59.37           40.62          0.00         
                   W. Centroid            9.79             59.51           40.49          0.00         
                   W. Median              0.73             23.86           75.37          0.77         

clb                Uniform                11.11            7.03            92.86          0.11         
                   Median                 11.16            36.20           63.03          0.77         
                   Centroid               11.14            34.03           65.87          0.10         
                   W. Centroid            11.20            34.46           65.43          0.11         
                   W. Median              0.84             2.10            97.03          0.87         
                   Crit. Uniform          1.76             1.26            98.74          0.00         
                   Feasible Region        1.78             2.32            97.68          0.00         

dsp_top            Uniform                0.98             1.64            98.36          0.00         
                   Median                 0.97             4.34            89.73          5.93         
                   Centroid               0.96             4.01            90.34          5.65         
                   W. Centroid            0.96             4.09            90.37          5.54         
                   W. Median              0.07             0.14            85.82          14.04        

memory             Uniform                1.75             7.11            92.89          0.00         
                   Median                 1.77             14.57           79.35          6.07         
                   Centroid               1.75             11.87           85.43          2.70         
                   W. Centroid            1.75             11.86           88.14          0.00         
                   W. Median              0.13             1.84            85.04          13.12        


Placement Quench timing analysis took 0.0462322 seconds (0.0387077 STA, 0.00752455 slack) (1 full updates: 1 setup, 0 hold, 0 combined).
Placement Total  timing analysis took 5.93605 seconds (4.93998 STA, 0.996069 slack) (115 full updates: 115 setup, 0 hold, 0 combined).
update_td_costs: connections 0.0486251 nets 0 sum_nets 0.0212946 total 0.0701378
## AP Detailed Placer took 19.95 seconds (max_rss 840.4 MiB, delta_rss +9.0 MiB)
Incr Slack updates 115 in 0.194671 sec
Full Max Req/Worst Slack updates 44 in 0.0487772 sec
Incr Max Req/Worst Slack updates 71 in 0.104489 sec
Incr Criticality updates 36 in 0.11538 sec
Full Criticality updates 79 in 0.410651 sec
Incr Slack updates 1 in 0.00169722 sec
Full Max Req/Worst Slack updates 1 in 0.00116302 sec
Incr Max Req/Worst Slack updates 0 in 0 sec
Incr Criticality updates 0 in 0 sec
Full Criticality updates 1 in 0.0060665 sec
# Analytical Placement took 97.13 seconds (max_rss 840.4 MiB, delta_rss +638.1 MiB)


# Routing
RR graph channel widths unchanged, skipping RR graph rebuild
## Initializing router criticalities
Initial Net Connection Criticality Histogram:
[        0:      0.1) 7094 ( 14.6%) |***************************************
[      0.1:      0.2) 8296 ( 17.1%) |**********************************************
[      0.2:      0.3) 7726 ( 15.9%) |*******************************************
[      0.3:      0.4) 2867 (  5.9%) |****************
[      0.4:      0.5) 7013 ( 14.4%) |***************************************
[      0.5:      0.6) 6917 ( 14.2%) |**************************************
[      0.6:      0.7) 5811 ( 12.0%) |********************************
[      0.7:      0.8) 2164 (  4.5%) |************
[      0.8:      0.9)  588 (  1.2%) |***
[      0.9:        1)   89 (  0.2%) |
## Initializing router criticalities took 0.64 seconds (max_rss 840.4 MiB, delta_rss +0.0 MiB)
---- ------ ------- ---- ------- ------- ------- ----------------- --------------- -------- ---------- ---------- ---------- ---------- --------
Iter   Time    pres  BBs    Heap  Re-Rtd  Re-Rtd Overused RR Nodes      Wirelength      CPD       sTNS       sWNS       hTNS       hWNS Est Succ
      (sec)     fac Updt    push    Nets   Conns                                       (ns)       (ns)       (ns)       (ns)       (ns)     Iter
---- ------ ------- ---- ------- ------- ------- ----------------- --------------- -------- ---------- ---------- ---------- ---------- --------
   1    1.0     0.0    0 6189344   25862   41715   20690 ( 1.179%)  407869 (15.1%)    8.821 -1.559e+05     -8.821      0.000      0.000      N/A
   2    0.9     0.5    0 5258566   17269   31191    8910 ( 0.508%)  406741 (15.1%)    7.729 -1.425e+05     -7.729      0.000      0.000      N/A
   3    0.6     0.6    0 3156871   10794   20664    6336 ( 0.361%)  409713 (15.2%)    7.729 -1.430e+05     -7.729      0.000      0.000      N/A
   4    0.5     0.8    0 2230711    8310   16373    4742 ( 0.270%)  411648 (15.3%)    7.729 -1.425e+05     -7.729      0.000      0.000      N/A
   5    0.4     1.1    0 1507075    6523   13233    3542 ( 0.202%)  413716 (15.4%)    7.729 -1.424e+05     -7.729      0.000      0.000      N/A
   6    0.3     1.4    0 1015222    4949   10281    2595 ( 0.148%)  415334 (15.4%)    7.729 -1.425e+05     -7.729      0.000      0.000      N/A
   7    0.2     1.9    0  682006    3783    8063    1850 ( 0.105%)  417351 (15.5%)    7.729 -1.426e+05     -7.729      0.000      0.000      N/A
   8    0.2     2.4    0  505245    2738    6074    1241 ( 0.071%)  419449 (15.6%)    7.729 -1.427e+05     -7.729      0.000      0.000      N/A
   9    0.2     3.1    0  355209    1837    4362     789 ( 0.045%)  420992 (15.6%)    7.729 -1.427e+05     -7.729      0.000      0.000       27
  10    0.2     4.1    0  238037    1192    2836     432 ( 0.025%)  422449 (15.7%)    7.729 -1.427e+05     -7.729      0.000      0.000       24
  11    0.2     5.3    0  154154     664    1718     232 ( 0.013%)  423323 (15.7%)    7.729 -1.428e+05     -7.729      0.000      0.000       23
  12    0.1     6.9    0   92766     326     899      98 ( 0.006%)  423930 (15.7%)    7.729 -1.428e+05     -7.729      0.000      0.000       20
  13    0.1     9.0    0   43084     147     396      46 ( 0.003%)  424182 (15.7%)    7.729 -1.428e+05     -7.729      0.000      0.000       19
  14    0.1    11.6    0   27593      61     131      16 ( 0.001%)  424400 (15.8%)    7.729 -1.428e+05     -7.729      0.000      0.000       18
  15    0.1    15.1    0   10657      21      50       3 ( 0.000%)  424474 (15.8%)    7.729 -1.428e+05     -7.729      0.000      0.000       17
  16    0.1    19.7    0    2794       4      14       1 ( 0.000%)  424482 (15.8%)    7.729 -1.428e+05     -7.729      0.000      0.000       16
  17    0.1    25.6    0     983       1       2       0 ( 0.000%)  424498 (15.8%)    7.729 -1.428e+05     -7.729      0.000      0.000      N/A
Restoring best routing
Critical path: 7.72864 ns
Successfully routed after 17 routing iterations.
Final Net Connection Criticality Histogram:
[        0:      0.1) 7384 ( 15.2%) |****************************************
[      0.1:      0.2) 4767 (  9.8%) |**************************
[      0.2:      0.3) 8279 ( 17.0%) |*********************************************
[      0.3:      0.4) 4277 (  8.8%) |***********************
[      0.4:      0.5) 5193 ( 10.7%) |****************************
[      0.5:      0.6) 8545 ( 17.6%) |**********************************************
[      0.6:      0.7) 6218 ( 12.8%) |*********************************
[      0.7:      0.8) 2855 (  5.9%) |***************
[      0.8:      0.9)  796 (  1.6%) |****
[      0.9:        1)  251 (  0.5%) |*
Router Stats: total_nets_routed: 84481 total_connections_routed: 158002 total_heap_pushes: 21470317 total_heap_pops: 5802551 
Serial Connection Router is being destroyed. Time spent on path search: 2.712 seconds.
# Routing took 6.40 seconds (max_rss 866.0 MiB, delta_rss +25.5 MiB)

Checking to ensure routing is legal...
# Checking to ensure non-configurable edges are legal
# Checking to ensure non-configurable edges are legal took 0.09 seconds (max_rss 866.0 MiB, delta_rss +0.0 MiB)
Completed routing consistency check successfully.

Serial number (magic cookie) for the routing is: 456036407
Circuit successfully routed with a channel width factor of 180.
Incr Slack updates 18 in 0.0291079 sec
Full Max Req/Worst Slack updates 2 in 0.0023945 sec
Incr Max Req/Worst Slack updates 16 in 0.0241659 sec
Incr Criticality updates 15 in 0.0442061 sec
Full Criticality updates 3 in 0.0195037 sec
# Synchronize the packed netlist to routing optimization
## Annotating rr_node with routed nets
## Annotating rr_node with routed nets took 0.01 seconds (max_rss 866.0 MiB, delta_rss +0.0 MiB)
Found 43955 mismatches between routing and packing results.
Fixed 30750 routing traces due to mismatch between routing and packing results.
# Synchronize the packed netlist to routing optimization took 0.29 seconds (max_rss 866.0 MiB, delta_rss +0.0 MiB)
Final Clustering Statistics: 
----------   --------   ------------------------------------   --------------------------
Block Type   # Blocks   Avg. # of input clocks and pins used   Avg. # of output pins used
----------   --------   ------------------------------------   --------------------------
     EMPTY          0                                      0                            0   
        io       1084                              0.0295203                      0.97048   
       clb       1232                                28.0146                      15.4002   
   dsp_top        107                                40.9813                      20.1869   
    memory        194                                49.6598                      18.9691   
Absorbed logical nets 24200 out of 50065 nets, 25865 nets not absorbed.


Average number of bends per net: 1.55437  Maximum # of bends: 253

Number of global nets: 3
Number of routed nets (nonglobal): 25862
Wire length results (in units of 1 clb segments)...
	Total wirelength: 424498, average net length: 16.4140
	Maximum net length: 2329

Wire length results in terms of physical segments...
	Total wiring segments used: 93635, average wire segments per net: 3.62056
	Maximum segments used by a net: 492
	Total local nets with reserved CLB opins: 0
Total number of nets absorbed: 8

Routing channel utilization histogram:
[        1:      inf)    0 (  0.0%) |
[      0.9:        1)    0 (  0.0%) |
[      0.8:      0.9)    0 (  0.0%) |
[      0.7:      0.8)    4 (  0.0%) |
[      0.5:      0.6)  106 (  0.7%) |*
[      0.4:      0.5)  642 (  4.2%) |****
[      0.3:      0.4) 1584 ( 10.5%) |***********
[      0.2:      0.3) 2567 ( 17.0%) |******************
[      0.1:      0.2) 3526 ( 23.3%) |************************
[        0:      0.1) 6709 ( 44.3%) |**********************************************
Maximum routing channel utilization:      0.62 at (52,42)

X - Directed channels: layer   y   max occ   ave occ   ave cap
                        ----- ---- -------- -------- --------
                            0    0       60   32.000      180
                            0    1        3    0.651      180
                            0    2        5    1.023      180
                            0    3        8    1.953      180
                            0    4       14    2.140      180
                            0    5       16    1.953      180
                            0    6       25    6.047      180
                            0    7       32    7.023      180
                            0    8       54   11.023      180
                            0    9       48   10.558      180
                            0   10       63   15.581      180
                            0   11       55   17.070      180
                            0   12       51   18.395      180
                            0   13       41   17.198      180
                            0   14       59   18.372      180
                            0   15       61   24.674      180
                            0   16       59   24.826      180
                            0   17       64   20.663      180
                            0   18       65   27.895      180
                            0   19       76   25.198      180
                            0   20       54   23.465      180
                            0   21       65   23.988      180
                            0   22       88   27.593      180
                            0   23       70   22.279      180
                            0   24       88   25.012      180
                            0   25       92   27.430      180
                            0   26       85   30.128      180
                            0   27       88   29.395      180
                            0   28       70   26.442      180
                            0   29       86   23.744      180
                            0   30       99   30.012      180
                            0   31       72   33.826      180
                            0   32       81   35.302      180
                            0   33       73   35.186      180
                            0   34       89   38.814      180
                            0   35       72   35.547      180
                            0   36       63   31.012      180
                            0   37       80   29.430      180
                            0   38       82   32.128      180
                            0   39       76   31.477      180
                            0   40      103   34.047      180
                            0   41       95   32.372      180
                            0   42       80   36.872      180
                            0   43      103   36.953      180
                            0   44       97   35.965      180
                            0   45      101   49.872      180
                            0   46      101   47.547      180
                            0   47       81   39.791      180
                            0   48       89   38.512      180
                            0   49       85   39.523      180
                            0   50       98   47.430      180
                            0   51       80   43.930      180
                            0   52       87   41.756      180
                            0   53       78   35.453      180
                            0   54       63   36.651      180
                            0   55       66   33.012      180
                            0   56       93   32.349      180
                            0   57       74   30.605      180
                            0   58       81   39.895      180
                            0   59       79   37.500      180
                            0   60       90   37.360      180
                            0   61       90   41.744      180
                            0   62       74   37.930      180
                            0   63       81   35.733      180
                            0   64       78   34.267      180
                            0   65      103   38.500      180
                            0   66       90   38.744      180
                            0   67       97   42.081      180
                            0   68       88   35.674      180
                            0   69       88   41.535      180
                            0   70       93   41.116      180
                            0   71       90   38.186      180
                            0   72       86   34.314      180
                            0   73       92   31.663      180
                            0   74       82   29.198      180
                            0   75       70   24.930      180
                            0   76       55   19.395      180
                            0   77       45   17.721      180
                            0   78       71   24.186      180
                            0   79       51   19.116      180
                            0   80       72   20.209      180
                            0   81       83   21.767      180
                            0   82       65   12.791      180
                            0   83       20    5.163      180
                            0   84       11    3.349      180
                            0   85        6    1.349      180
                            0   86       60   31.279      180
Y - Directed channels: layer   x   max occ   ave occ   ave cap
                        ----- ---- -------- -------- --------
                            0    0       47   17.942      180
                            0    1       46   19.907      180
                            0    2       51   23.279      180
                            0    3       35   10.128      180
                            0    4       60   15.198      180
                            0    5       68   35.535      180
                            0    6       68   30.093      180
                            0    7       48   15.953      180
                            0    8       39    9.930      180
                            0    9       56   11.849      180
                            0   10       66   10.186      180
                            0   11       31    6.465      180
                            0   12       28    7.093      180
                            0   13       24    7.872      180
                            0   14       32   13.860      180
                            0   15       38   13.953      180
                            0   16       32   14.570      180
                            0   17       55   41.884      180
                            0   18       78   50.349      180
                            0   19       37   21.907      180
                            0   20       63   32.605      180
                            0   21       98   54.233      180
                            0   22       90   50.221      180
                            0   23       73   36.116      180
                            0   24      101   34.919      180
                            0   25       77   29.244      180
                            0   26       92   25.488      180
                            0   27       68   22.651      180
                            0   28       87   28.279      180
                            0   29       77   30.500      180
                            0   30       82   34.500      180
                            0   31       97   37.326      180
                            0   32       92   31.151      180
                            0   33      106   57.651      180
                            0   34       86   62.616      180
                            0   35       93   43.977      180
                            0   36       85   44.291      180
                            0   37      109   63.407      180
                            0   38       93   55.837      180
                            0   39       82   35.174      180
                            0   40       79   31.919      180
                            0   41       84   28.105      180
                            0   42       65   30.663      180
                            0   43       64   27.977      180
                            0   44       78   19.267      180
                            0   45       63   19.116      180
                            0   46       77   31.895      180
                            0   47       93   40.105      180
                            0   48       89   39.965      180
                            0   49       90   61.535      180
                            0   50      104   65.826      180
                            0   51       88   41.326      180
                            0   52      111   49.500      180
                            0   53      109   63.605      180
                            0   54      103   52.465      180
                            0   55       81   25.326      180
                            0   56       60   18.628      180
                            0   57       65   15.372      180
                            0   58       71   18.035      180
                            0   59       75   15.663      180
                            0   60       80   12.895      180
                            0   61       62   13.721      180
                            0   62       62   23.209      180
                            0   63       42   19.547      180
                            0   64       60   23.605      180
                            0   65       99   54.267      180
                            0   66       78   57.477      180
                            0   67       63   32.709      180
                            0   68       90   42.674      180
                            0   69       93   49.000      180
                            0   70       84   35.628      180
                            0   71       49   12.570      180
                            0   72       49   12.523      180
                            0   73       28    6.826      180
                            0   74       10    4.895      180
                            0   75       22    7.372      180
                            0   76       26    6.686      180
                            0   77       24    7.291      180
                            0   78       31   16.919      180
                            0   79       28   14.244      180
                            0   80       32   13.535      180
                            0   81       62   35.407      180
                            0   82       79   43.930      180
                            0   83       64   23.244      180
                            0   84       67   25.209      180
                            0   85       73   31.023      180
                            0   86       43   19.395      180

Total existing wires segments: CHANX   1346760, CHANY   1346760, CHANZ         0, ALL   2693520
Total used wires segments:     CHANX    206898, CHANY    217600, CHANZ         0, ALL    424498
Usage percentage:              CHANX     15.4%, CHANY     16.2%, CHANZ      0.0%, ALL     15.8%

Logic area (in minimum width transistor areas, excludes I/Os and empty grid tiles)...
	Total logic block area (Warning, need to add pitch of routing to blocks with height > 3): 2.4541e+08
	Total used logic block area: 8.82398e+07

Routing area (in minimum width transistor areas)...
	Total routing area: 1.06814e+08, per logic tile: 13793.2

Total Number of Wiring Segments by Direction: direction length number
                                              --------- ------ -------
                                                      X      4 301976
                                                      Y      4 301976
                                                      X     16  13192
                                                      Y     16  13192

X - Directed Wiring Segment usage by length: length utilization
                                             ------ -----------
                                             4       0.147
                                            16       0.146

Y - Directed Wiring Segment usage by length: length utilization
                                             ------ -----------
                                             4       0.148
                                            16       0.191

Segment occupancy by length: Length Occupancy Capacity Utilization
                             ------ --------- -------- -----------
                             L4         89184   603952       0.148
                             L16         4451    26384       0.169

Segment occupancy by type: name type utilization
                           ---- ---- -----------
                             L4    0       0.148
                            L16    1       0.169

Final hold Worst Negative Slack (hWNS): 0 ns
Final hold Total Negative Slack (hTNS): 0 ns
Final hold Worst Skew (hWS): 0 ns

Final hold slack histogram:
[  4.1e-11:  7.4e-10)  4497 (  8.5%) |*******************
[  7.4e-10:  1.4e-09)  9653 ( 18.3%) |****************************************
[  1.4e-09:  2.1e-09)  9547 ( 18.1%) |****************************************
[  2.1e-09:  2.8e-09) 10765 ( 20.4%) |*********************************************
[  2.8e-09:  3.5e-09) 10852 ( 20.6%) |*********************************************
[  3.5e-09:  4.3e-09)  4892 (  9.3%) |********************
[  4.3e-09:    5e-09)  1916 (  3.6%) |********
[    5e-09:  5.7e-09)   340 (  0.6%) |*
[  5.7e-09:  6.4e-09)   180 (  0.3%) |*
[  6.4e-09:  7.1e-09)   120 (  0.2%) |

Final critical path delay (least slack): 7.72864 ns, Fmax: 129.389 MHz
Final critical path skew: -0.04243 ns
Final setup Worst Negative Slack (sWNS): -7.72864 ns
Final setup Total Negative Slack (sTNS): -142793 ns
Final setup Worst Skew (sWS): -0.04243 ns

Final setup slack histogram:
[ -7.7e-09:   -7e-09)    74 (  0.1%) |
[   -7e-09: -6.2e-09)   265 (  0.5%) |*
[ -6.2e-09: -5.5e-09)   544 (  1.0%) |**
[ -5.5e-09: -4.7e-09)  1494 (  2.8%) |*****
[ -4.7e-09:   -4e-09)  5214 (  9.9%) |*****************
[   -4e-09: -3.2e-09)  8399 ( 15.9%) |***************************
[ -3.2e-09: -2.5e-09) 13965 ( 26.5%) |*********************************************
[ -2.5e-09: -1.7e-09) 13127 ( 24.9%) |******************************************
[ -1.7e-09: -9.5e-10)  4967 (  9.4%) |****************
[ -9.5e-10: -1.9e-10)  4713 (  8.9%) |***************

Final geomean non-virtual intra-domain period: 7.72864 ns (129.389 MHz)
Final fanout-weighted geomean non-virtual intra-domain period: 7.72864 ns (129.389 MHz)

Incr Slack updates 1 in 0.0017221 sec
Full Max Req/Worst Slack updates 1 in 0.0011703 sec
Incr Max Req/Worst Slack updates 0 in 0 sec
Incr Criticality updates 0 in 0 sec
Full Criticality updates 1 in 0.00665497 sec
Flow timing analysis took 9.14761 seconds (7.88024 STA, 1.26737 slack) (135 full updates: 116 setup, 0 hold, 19 combined).
VPR succeeded
The entire flow of VPR took 108.07 seconds (max_rss 866.0 MiB)

