VPR FPGA Placement and Routing.
Version: 9.0.0-dev+v8.0.0-18248-g40f8d19708
Revision: v8.0.0-18248-g40f8d19708
Compiled: 2026-09-22T03:43:48
Compiler: GNU 13.3.0 on Linux-5.15.0-119-generic x86_64
Build Info: release IPO VTR_ASSERT_LEVEL=2

University of Toronto
verilogtorouting.org
vtr-users@googlegroups.com
This is free open source code under MIT license.

VPR was run with the following command-line:
/inspire/hdd/project/project-public/changshunjie-253114010247/changshunjie-253114010247/workspace/DAC2027/vtr/vtr-verilog-to-routing/vpr/vpr /inspire/hdd/project/project-public/changshunjie-253114010247/changshunjie-253114010247/workspace/DAC2027/vtr/vtr-verilog-to-routing/vtr_flow/arch/COFFE_22nm/k6FracN10LB_mem20K_complexDSP_customSB_22nm.xml /inspire/hdd/project/project-public/changshunjie-253114010247/changshunjie-253114010247/workspace/DAC2027/TailCompile/experiments/vtr/runs/pilot_v1/attention_layer/full-seed1-w300/attention_layer.pre-vpr.blif --analytical_place --route --analysis --ap_full_legalizer flat-recon --ap_detailed_placer annealer --seed 11 --route_chan_width 160 --write_flat_place /inspire/hdd/project/project-public/changshunjie-253114010247/changshunjie-253114010247/workspace/DAC2027/TailCompile/vtr_work/tailcompile_v3/attention_layer/4x4/gnn_candidate-fp06f3cd95-flat-recon-annealer-seed11-w160-devw88/post_route.fplace --write_legalized_flat_place /inspire/hdd/project/project-public/changshunjie-253114010247/changshunjie-253114010247/workspace/DAC2027/TailCompile/vtr_work/tailcompile_v3/attention_layer/4x4/gnn_candidate-fp06f3cd95-flat-recon-annealer-seed11-w160-devw88/post_legalizer.fplace --flat_place_verbosity 1 --device_width 88 --net_file /inspire/hdd/project/project-public/changshunjie-253114010247/changshunjie-253114010247/workspace/DAC2027/TailCompile/vtr_work/tailcompile_v3/attention_layer/4x4/gnn_candidate-fp06f3cd95-flat-recon-annealer-seed11-w160-devw88/attention_layer.locked-input.net --read_flat_place /inspire/hdd/global_user/changshunjie-253114010247/workspace/DAC2027/TailCompile/experiments/vtr/tailcompile_v3/attention_layer/4x4/pools/bootstrap_24/candidate_04_seed13031.fplace

Using up to 1 parallel worker(s)

Architecture file: /inspire/hdd/project/project-public/changshunjie-253114010247/changshunjie-253114010247/workspace/DAC2027/vtr/vtr-verilog-to-routing/vtr_flow/arch/COFFE_22nm/k6FracN10LB_mem20K_complexDSP_customSB_22nm.xml
Circuit name: attention_layer.pre-vpr

# Loading Architecture Description
# Loading Architecture Description took 0.04 seconds (max_rss 31.1 MiB, delta_rss +0.0 MiB)

Timing analysis: ON
Circuit netlist file: /inspire/hdd/project/project-public/changshunjie-253114010247/changshunjie-253114010247/workspace/DAC2027/TailCompile/vtr_work/tailcompile_v3/attention_layer/4x4/gnn_candidate-fp06f3cd95-flat-recon-annealer-seed11-w160-devw88/attention_layer.locked-input.net
Circuit placement file: attention_layer.pre-vpr.place
Circuit routing file: attention_layer.pre-vpr.route
Circuit SDC file: attention_layer.pre-vpr.sdc
Vpr floorplanning constraints file: not specified

Packer: DISABLED
Placer: DISABLED
Analytical Placer: ENABLED
Router: ENABLED
Analysis: ENABLED

VPR was run with the following options:

netlist_opts.absorb_buffer_luts            : true
netlist_opts.sweep_dangling_primary_ios    : true
netlist_opts.sweep_dangling_nets           : true
netlist_opts.sweep_dangling_blocks         : true
netlist_opts.sweep_constant_primary_outputs: false
netlist_opts.netlist_verbosity             : 1
netlist_opts.const_gen_inference           : COMB_SEQ

AnalyticalPlacerOpts.analytical_solver_type: lp-b2b
AnalyticalPlacerOpts.partial_legalizer_type: bipartitioning
AnalyticalPlacerOpts.full_legalizer_type: flat-recon
AnalyticalPlacerOpts.detailed_placer_type: annealer
AnalyticalPlacerOpts.ap_timing_tradeoff: 0.500000
AnalyticalPlacerOpts.ap_high_fanout_threshold: 256
AnalyticalPlacerOpts.log_verbosity: 1
router_opts.route_type: DETAILED
router_opts.flat_routing: false
router_opts.choke_points: on
router_opts.router_algorithm: TIMING_DRIVEN
router_opts.base_cost_type: DELAY_NORMALIZED_LENGTH
router_opts.fixed_channel_width: 160
router_opts.check_route: FULL
router_opts.acc_fac: 1.000000
router_opts.bb_factor: 3
router_opts.bend_cost: 0.000000
router_opts.first_iter_pres_fac: 0.000000
router_opts.initial_pres_fac: 0.500000
router_opts.pres_fac_mult: 1.300000
router_opts.max_pres_fac: 1000.000000
router_opts.max_router_iterations: 50
router_opts.min_incremental_reroute_fanout: 16
router_opts.initial_acc_cost_chan_congestion_threshold: 0.500000
router_opts.initial_acc_cost_chan_congestion_weight: 0.500000
router_opts.do_check_rr_graph: true
router_opts.verify_binary_search: false
router_opts.min_channel_width_hint: 0
router_opts.read_rr_edge_metadata: false
router_opts.exit_after_first_routing_iteration: false
router_opts.astar_fac: 1.200000
router_opts.astar_offset: 0.000000
router_opts.router_profiler_astar_fac: 1.200000
router_opts.enable_parallel_connection_router: false
router_opts.post_target_prune_fac: 1.200000
router_opts.post_target_prune_offset: 0
router_opts.multi_queue_num_threads: 1
router_opts.multi_queue_num_queues: 2
router_opts.multi_queue_direct_draining: false
router_opts.criticality_exp: 1.000000
router_opts.max_criticality: 0.990000
router_opts.init_wirelength_abort_threshold: 0.850000
router_opts.incr_reroute_delay_ripup: AUTO
router_opts.save_routing_per_iteration: false
router_opts.congested_routing_iteration_threshold_frac: 1.000000
router_opts.high_fanout_threshold: 64
router_opts.router_debug_net: -2
router_opts.router_debug_sink_rr: -2
router_opts.router_debug_iteration: -2
router_opts.max_convergence_count: 1
router_opts.reconvergence_cpd_threshold: 0.990000
router_opts.update_lower_bound_delays: true
router_opts.first_iteration_timing_report_file: 
router_opts.route_bb_update: DYNAMIC
router_opts.lookahead_type: MAP
router_opts.initial_timing: LOOKAHEAD
router_opts.router_heap: FOUR_ARY_HEAP
router_opts.routing_failure_predictor = SAFE
router_opts.routing_predictor_min_history: 8
router_opts.routing_budgets_algorithm = DISABLE

analysis_opts.gen_post_synthesis_netlist: false
analysis_opts.gen_post_implementation_merged_netlist: false
analysis_opts.gen_post_implementation_sdc: false
analysis_opts.timing_report_npaths: 100
analysis_opts.timing_report_skew: false
analysis_opts.echo_dot_timing_graph_node: -1
analysis_opts.timing_report_detail: NETLIST
analysis_opts.post_synth_netlist_unconn_input_handling: UNCONNECTED
analysis_opts.post_synth_netlist_unconn_output_handling: UNCONNECTED
analysis_opts.post_synth_netlist_module_parameters: on

# Building complex block graph
# Building complex block graph took 0.10 seconds (max_rss 31.1 MiB, delta_rss +0.0 MiB)
Circuit file: /inspire/hdd/project/project-public/changshunjie-253114010247/changshunjie-253114010247/workspace/DAC2027/TailCompile/experiments/vtr/runs/pilot_v1/attention_layer/full-seed1-w300/attention_layer.pre-vpr.blif
# Load circuit
Found 4 constant generator(s) in the netlist (2 constant-zero, 2 constant-one) (run with --netlist_verbosity 2 to list names)
# Load circuit took 0.68 seconds (max_rss 134.4 MiB, delta_rss +103.4 MiB)
# Clean circuit
Absorbed 7975 LUT buffers
Found 1090 primitive output pin(s) driven only by constants; marked them as constants
Swept input(s)      : 7
Swept output(s)     : 0 (0 dangling, 0 constant)
Swept net(s)        : 10126
Swept block(s)      : 33
Constant Pins Marked: 1090
# Clean circuit took 0.17 seconds (max_rss 134.4 MiB, delta_rss +0.0 MiB)
# Compress circuit
# Compress circuit took 0.08 seconds (max_rss 134.4 MiB, delta_rss +0.0 MiB)
# Verify circuit
# Verify circuit took 0.02 seconds (max_rss 134.4 MiB, delta_rss +0.0 MiB)
Circuit Statistics:
  Blocks: 40113
    .input            :    1052
    .latch            :    8844
    .names            :   17218
        0-LUT:       3
        1-LUT:    5989
        2-LUT:     920
        3-LUT:    4530
        4-LUT:    3023
        5-LUT:    1163
        6-LUT:    1590
    .output           :      32
    adder             :    9150
    addition_fp_clk_16:       1
    dual_port_ram     :    3680
    multiply          :     136
  Nets  : 50065
    Avg Fanout:     2.9
    Max Fanout: 12525.0
    Min Fanout:     1.0
  Netlist Clocks: 1
# Build Timing Graph
  Timing Graph Nodes: 245193
  Timing Graph Edges: 446068
  Timing Graph Levels: 66
# Build Timing Graph took 0.29 seconds (max_rss 194.0 MiB, delta_rss +57.5 MiB)
Netlist contains 1 clocks
  Netlist Clock 'clk' Fanout: 12525 pins (6.5%), 12525 blocks (31.2%)
# Load Timing Constraints

SDC file 'attention_layer.pre-vpr.sdc' not found
Setting default timing constraints:
   * constrain all primary inputs and primary outputs on netlist clock 'clk'
   * optimize netlist clock to run as fast as possible
Timing constraints created 1 clocks
  Constrained Clock 'clk' Source: 'clk.inpad[0]'

# Load Timing Constraints took 0.00 seconds (max_rss 194.0 MiB, delta_rss +0.0 MiB)
# Analytical Placement
## Prepacker

There is one chain in this architecture called "chain" with the following starting points:
	clb[0]/lab[0]/fle[0]/ble5[0]/arithmetic[0]/adder[0].cin[0]

## Prepacker took 0.06 seconds (max_rss 194.0 MiB, delta_rss +0.0 MiB)
## Initializing Pre-Cluster Timing
Using inter-cluster delay: 2.1832e-09
## Initializing Pre-Cluster Timing took 0.55 seconds (max_rss 198.9 MiB, delta_rss +5.0 MiB)
## Estimate Device Size
Device layout 'auto' with fixed width 88.
FPGA sized to 88 x 88: 7744 grid tiles (auto)
## Estimate Device Size took 0.00 seconds (max_rss 198.9 MiB, delta_rss +0.0 MiB)
## Ram Mapper
Flat Placement is provided, skipping the RAM mapping.
## Ram Mapper took 0.00 seconds (max_rss 198.9 MiB, delta_rss +0.0 MiB)
## Read Atom Netlist to AP Netlist
## Read Atom Netlist to AP Netlist took 0.33 seconds (max_rss 269.5 MiB, delta_rss +70.6 MiB)
Analytical Placement Netlist Statistics:
	AP Blocks: 25061
		Moveable AP Blocks: 25061
		Fixed AP Blocks: 0
	AP Nets: 34982
		Average Fanout: 2.94
		Highest Fanout: 257
	AP Pins: 193913

## Computing placement delta delay look-up
### Build routing resource graph
### Build routing resource graph took 7.27 seconds (max_rss 757.1 MiB, delta_rss +487.6 MiB)
  RR Graph Nodes: 1682796
  RR Graph Edges: 17412304
### Computing router lookahead map
#### Computing wire lookahead
#### Computing wire lookahead took 7.77 seconds (max_rss 757.1 MiB, delta_rss +0.0 MiB)
#### Computing src/opin lookahead
Warning 1: Found no more sample locations for SOURCE in io
Warning 2: Found no more sample locations for OPIN in io
Warning 3: Found no more sample locations for SOURCE in clb
Warning 4: Found no more sample locations for OPIN in clb
Warning 5: Found no more sample locations for SOURCE in dsp_top
Warning 6: Found no more sample locations for OPIN in dsp_top
Warning 7: Found no more sample locations for SOURCE in memory
Warning 8: Found no more sample locations for OPIN in memory
#### Computing src/opin lookahead took 0.30 seconds (max_rss 757.1 MiB, delta_rss +0.0 MiB)
### Computing router lookahead map took 8.10 seconds (max_rss 757.1 MiB, delta_rss +0.0 MiB)
Serial Connection Router is being destroyed. Time spent on path search: 0.000 seconds.
## Computing placement delta delay look-up took 15.79 seconds (max_rss 757.1 MiB, delta_rss +487.6 MiB)
Flat Placement is provided in the AP flow, skipping the Global Placement.
0 of 25061 molecules placed at device center (no atoms of these molecules found in flat placement).
## AP Full Legalizer
### Creating Clusters
Device (width, height): (88,88)
#### Sorting and Grouping Blocks by Tile
#### Sorting and Grouping Blocks by Tile took 0.01 seconds (max_rss 757.1 MiB, delta_rss +0.0 MiB)
#### Reconstruction Pass Clustering
#### Reconstruction Pass Clustering took 69.12 seconds (max_rss 757.1 MiB, delta_rss +0.0 MiB)
#### Orphan Window Clustering with search radius 8
#### Orphan Window Clustering with search radius 8 took 0.02 seconds (max_rss 757.1 MiB, delta_rss +0.0 MiB)
FPGA sized to 88 x 88: 7744 grid tiles (auto)
Device Utilization: 0.28 (target 1.00)
	Block Utilization: 0.39 Type: io
	Block Utilization: 0.19 Type: clb
	Block Utilization: 0.85 Type: dsp_top
	Block Utilization: 0.75 Type: memory

----------------------------------------------------------------
                       Clustering Summary                       
----------------------------------------------------------------
Clusters created (Self Clustering)                       : 2605
    dsp_top    : 107
    memory     : 194
    clb        : 1220
    io         : 1084
Clusters created (Orphan Window Clustering)              : 14
    clb        : 14
Total clusters                                           : 2619
Percent of clusters created in Orphan Window Clustering  : 0.53%
Molecules clustered in each stage breakdown  : (Total of 25061)
	Self Clustering          (0.998963)  : 25035
 	Neighbor Clustering      (0.000000)  : 0
	Orphan Window Clustering (0.001037)  : 26
----------------------------------------------------------------

Final Clustering Statistics: 
----------   --------   ------------------------------------   --------------------------
Block Type   # Blocks   Avg. # of input clocks and pins used   Avg. # of output pins used
----------   --------   ------------------------------------   --------------------------
     EMPTY          0                                      0                            0   
        io       1084                              0.0295203                      0.97048   
       clb       1234                                27.9692                      15.3752   
   dsp_top        107                                40.9813                      20.1869   
    memory        194                                49.6598                      18.9691   
Absorbed logical nets 24200 out of 50065 nets, 25865 nets not absorbed.
#### Load packing
##### Loading packed FPGA netlist file.
Netlist generated from file '/inspire/hdd/project/project-public/changshunjie-253114010247/changshunjie-253114010247/workspace/DAC2027/TailCompile/vtr_work/tailcompile_v3/attention_layer/4x4/gnn_candidate-fp06f3cd95-flat-recon-annealer-seed11-w160-devw88/attention_layer.locked-input.net'.
Detected 3 constant generators (to see names run with higher pack verbosity)
##### Loading packed FPGA netlist file. took 2.67 seconds (max_rss 782.3 MiB, delta_rss +25.2 MiB)
Warning 9: Treated 2 constant nets as global which will not be routed (to see net names increase packer verbosity).
Netlist contains 5542 global net to non-global architecture pin connections
Found 2 logic block(s) with only 1 output pin and no inputs; they may be constant generators (run with --pack_verbosity 3 to list them)
Completed clustering consistency check successfully.
Cluster level netlist and block usage statistics
Netlist num_nets: 25865
Netlist num_blocks: 2619
Netlist EMPTY blocks: 0.
Netlist io blocks: 1084.
Netlist clb blocks: 1234.
Netlist dsp_top blocks: 107.
Netlist memory blocks: 194.
Netlist inputs pins: 1052
Netlist output pins: 32

Pb types usage...
  io                   : 1084
   inpad               : 1052
   outpad              : 32
  clb                  : 1234
   lab                 : 1234
    fle                : 11239
     ble5              : 19054
      flut5            : 9904
       lut5            : 9613
        lut            : 9613
       ff              : 8130
      arithmetic       : 9150
       lut4            : 6015
        lut            : 6015
       adder           : 9150
     ble6              : 1590
      lut6             : 1590
       lut             : 1590
      ff               : 714
  dsp_top              : 107
   dsp                 : 107
    dsp_pb             : 107
     two_mult_18x19    : 136
      mult_18x19       : 136
     adder_fp16        : 1
  memory               : 194
   mem_1024x20_dp      : 194
    memory_slice       : 3680

#### Load packing took 3.11 seconds (max_rss 782.3 MiB, delta_rss +25.2 MiB)
Netlist contains 5542 global net to non-global architecture pin connections
Found 2 logic block(s) with only 1 output pin and no inputs; they may be constant generators (run with --pack_verbosity 3 to list them)
Cluster level netlist and block usage statistics
Netlist num_nets: 25865
Netlist num_blocks: 2619
Netlist EMPTY blocks: 0.
Netlist io blocks: 1084.
Netlist clb blocks: 1234.
Netlist dsp_top blocks: 107.
Netlist memory blocks: 194.
Netlist inputs pins: 1052
Netlist output pins: 32
### Creating Clusters took 73.67 seconds (max_rss 782.3 MiB, delta_rss +25.2 MiB)
Completed clustering consistency check successfully.
FPGA sized to 88 x 88: 7744 grid tiles (auto)
### Compressed grid construction
### Compressed grid construction took 0.00 seconds (max_rss 782.3 MiB, delta_rss +0.0 MiB)
### Initial Placement
Placing clusters that are part of larger macros...
Number of blocks to be placed: 16
Max distance on device: 176
---- ---------- ---------- -------------
Pass Max Displ. Num Blocks Num Blocks   
     Threshold  Placed     Left Unplaced
---- ---------- ---------- -------------
   0          0         12             4
   1          1          4             0

Placing general clusters...
Number of blocks to be placed: 2603
Max distance on device: 176
---- ---------- ---------- -------------
Pass Max Displ. Num Blocks Num Blocks   
     Threshold  Placed     Left Unplaced
---- ---------- ---------- -------------
   0          0       2585            18
   1          1          4            14
   2          2         10             4
   3          4          4             0

### Initial Placement took 0.01 seconds (max_rss 782.3 MiB, delta_rss +0.0 MiB)
Flat Placement Reconstruction Info:
	Percent of clusters with reconstruction errors: 0.305460
	Total displacement of initial placement from flat placement: 17065.000000
	Average atom displacement of initial placement from flat placement: 0.425423
	Max atom displacement of initial placement from flat placement: 68.000000
	Percent of atoms misplaced from the flat placement: 2.016803
## AP Full Legalizer took 74.05 seconds (max_rss 782.3 MiB, delta_rss +25.2 MiB)

Resource usage...
	Netlist
		1084	blocks of type: io
	Architecture
		2752	blocks of type: io
	Netlist
		1234	blocks of type: clb
	Architecture
		6376	blocks of type: clb
	Netlist
		107	blocks of type: dsp_top
	Architecture
		126	blocks of type: dsp_top
	Netlist
		194	blocks of type: memory
	Architecture
		258	blocks of type: memory

Device Utilization: 0.28 (target 1.00)
	Physical Tile io:
	Block Utilization: 0.39 Logical Block: io
	Physical Tile clb:
	Block Utilization: 0.19 Logical Block: clb
	Physical Tile dsp_top:
	Block Utilization: 0.85 Logical Block: dsp_top
	Physical Tile memory:
	Block Utilization: 0.75 Logical Block: memory

## Computing placement delta delay look-up
RR graph channel widths unchanged, skipping RR graph rebuild
Serial Connection Router is being destroyed. Time spent on path search: 0.000 seconds.
## Computing placement delta delay look-up took 0.02 seconds (max_rss 782.3 MiB, delta_rss +0.0 MiB)
Using simple RL 'Softmax agent' for choosing move and block types

Completed placement consistency check successfully.
Initial placement cost: 1 bb_cost: 6595.05 td_cost: 1.66552e-05
Initial placement BB estimate of wirelength: 1.05477e+06
Initial placement estimated Critical Path Delay (CPD): 18.187 ns
Initial placement estimated setup Total Negative Slack (sTNS): -131175 ns
Initial placement estimated setup Worst Negative Slack (sWNS): -18.187 ns

Initial placement estimated setup slack histogram:
[ -1.8e-08: -1.6e-08)     3 (  0.0%) |
[ -1.6e-08: -1.5e-08)    10 (  0.0%) |
[ -1.5e-08: -1.3e-08)    26 (  0.0%) |
[ -1.3e-08: -1.1e-08)    95 (  0.2%) |
[ -1.1e-08: -9.2e-09)   268 (  0.5%) |
[ -9.2e-09: -7.4e-09)   614 (  1.2%) |*
[ -7.4e-09: -5.6e-09)  1447 (  2.7%) |**
[ -5.6e-09: -3.8e-09)  2419 (  4.6%) |****
[ -3.8e-09:   -2e-09) 27285 ( 51.7%) |*********************************************
[   -2e-09: -1.9e-10) 20595 ( 39.0%) |**********************************
Placement contains 8 placement macros involving 16 blocks (average macro size 2.000000)

Moves per temperature: 18045
## AP Detailed Placer

---- ------ ------- ------- ---------- ---------- ------- ---------- -------- ------- ------- ------ -------- --------- ------
Tnum  Time     T    AvCost  Av BB Cost Av TD Cost   CPD      sTNS      sWNS   AcRate  StdDev  R lim  CritExp  TotMoves  Alpha 
     (sec)                                          (ns)     (ns)      (ns)                                                   
---- ------ ------- ------- ---------- ---------- ------- ---------- -------- ------- ------- ------ -------- --------- ------
   1    0.2 7.3e-04   0.997    5612.02 1.6502e-05  14.466  -1.24e+05  -14.466   0.831  0.0146   87.0     1.00      18045  1.000
   2    0.2 6.6e-04   0.967    5265.47 1.9255e-05  12.055  -1.23e+05  -12.055   0.819  0.0135   87.0     1.00      36090  0.900
   3    0.2 5.9e-04   0.955    5161.32 1.6985e-05  13.540  -1.23e+05  -13.540   0.805  0.0168   87.0     1.00      54135  0.900
   4    0.2 5.3e-04   0.964    4798.63 1.874e-05   11.494  -1.18e+05  -11.494   0.787  0.0159   87.0     1.00      72180  0.900
   5    0.2 5.1e-04   0.949    4474.74 1.6303e-05  12.671   -1.2e+05  -12.671   0.770  0.0218   87.0     1.00      90225  0.950
   6    0.2 4.8e-04   0.968    4191.64 1.7921e-05  10.763  -1.16e+05  -10.763   0.760  0.0144   87.0     1.00     108270  0.950
   7    0.2 4.6e-04   0.959    4011.78 1.688e-05   11.294  -1.19e+05  -11.294   0.749  0.0191   87.0     1.00     126315  0.950
   8    0.2 4.3e-04   0.958    3801.75 1.6011e-05  11.385  -1.17e+05  -11.385   0.739  0.0175   87.0     1.00     144360  0.950
   9    0.2 4.1e-04   0.978    3619.59 1.6784e-05  10.344  -1.15e+05  -10.344   0.720  0.0113   87.0     1.00     162405  0.950
  10    0.2 3.9e-04   0.980    3464.68 1.4776e-05  11.578  -1.17e+05  -11.578   0.715  0.0085   87.0     1.00     180450  0.950
  11    0.2 3.7e-04   0.981    3398.39 1.58e-05    10.692  -1.19e+05  -10.692   0.722  0.0095   87.0     1.00     198495  0.950
  12    0.2 3.5e-04   0.967    3254.65 1.5106e-05  10.900  -1.17e+05  -10.900   0.707  0.0136   87.0     1.00     216540  0.950
  13    0.2 3.4e-04   0.970    3099.17 1.704e-05    9.321  -1.12e+05   -9.321   0.698  0.0110   87.0     1.00     234585  0.950
  14    0.2 3.2e-04   0.983    3046.07 1.528e-05   10.306  -1.12e+05  -10.306   0.689  0.0101   87.0     1.00     252630  0.950
  15    0.2 3.0e-04   0.975    2907.41 1.5332e-05  10.006  -1.12e+05  -10.006   0.675  0.0087   87.0     1.00     270675  0.950
  16    0.2 2.9e-04   0.969    2789.93 1.5125e-05   9.887  -1.11e+05   -9.887   0.667  0.0107   87.0     1.00     288720  0.950
  17    0.2 2.7e-04   0.982    2696.30 1.5024e-05   9.721   -1.1e+05   -9.721   0.654  0.0074   87.0     1.00     306765  0.950
  18    0.2 2.6e-04   0.991    2664.85 1.4122e-05  10.226   -1.1e+05  -10.226   0.651  0.0058   87.0     1.00     324810  0.950
  19    0.2 2.5e-04   0.989    2610.06 1.5046e-05   9.474   -1.1e+05   -9.474   0.639  0.0055   87.0     1.00     342855  0.950
  20    0.2 2.3e-04   0.984    2575.52 1.4257e-05   9.947   -1.1e+05   -9.947   0.637  0.0082   87.0     1.00     360900  0.950
  21    0.2 2.2e-04   0.987    2537.27 1.3298e-05  10.538  -1.09e+05  -10.538   0.631  0.0033   87.0     1.00     378945  0.950
  22    0.2 2.1e-04   0.984    2498.91 1.3513e-05  10.319  -1.09e+05  -10.319   0.623  0.0065   87.0     1.00     396990  0.950
  23    0.2 2.0e-04   0.983    2437.64 1.385e-05    9.917   -1.1e+05   -9.917   0.611  0.0060   87.0     1.00     415035  0.950
  24    0.2 1.9e-04   0.989    2403.60 1.5138e-05   8.988   -1.1e+05   -8.988   0.604  0.0046   87.0     1.00     433080  0.950
  25    0.2 1.8e-04   0.990    2377.33 1.4619e-05   9.182  -1.09e+05   -9.182   0.600  0.0061   87.0     1.00     451125  0.950
  26    0.2 1.7e-04   0.986    2345.42 1.3557e-05   9.866  -1.07e+05   -9.866   0.584  0.0034   87.0     1.00     469170  0.950
  27    0.2 1.6e-04   0.989    2320.84 1.3822e-05   9.602  -1.07e+05   -9.602   0.578  0.0052   87.0     1.00     487215  0.950
  28    0.2 1.6e-04   0.996    2314.49 1.4189e-05   9.331  -1.08e+05   -9.331   0.576  0.0023   87.0     1.00     505260  0.950
  29    0.2 1.5e-04   0.989    2289.96 1.3906e-05   9.433  -1.08e+05   -9.433   0.560  0.0039   87.0     1.00     523305  0.950
  30    0.2 1.4e-04   0.985    2252.45 1.3934e-05   9.314  -1.06e+05   -9.314   0.548  0.0061   87.0     1.00     541350  0.950
  31    0.2 1.3e-04   0.988    2214.27 1.2665e-05  10.141  -1.07e+05  -10.141   0.542  0.0062   87.0     1.00     559395  0.950
  32    0.2 1.3e-04   0.992    2184.46 1.3496e-05   9.381  -1.06e+05   -9.381   0.533  0.0035   87.0     1.00     577440  0.950
  33    0.2 1.2e-04   0.988    2162.87 1.3464e-05   9.374  -1.06e+05   -9.374   0.518  0.0042   87.0     1.00     595485  0.950
  34    0.2 1.1e-04   0.989    2158.30 1.442e-05    8.754  -1.07e+05   -8.754   0.515  0.0040   87.0     1.00     613530  0.950
  35    0.2 1.1e-04   0.987    2137.41 1.4276e-05   8.750  -1.06e+05   -8.750   0.501  0.0040   87.0     1.00     631575  0.950
  36    0.2 1.0e-04   0.991    2115.75 1.3736e-05   8.979  -1.06e+05   -8.979   0.485  0.0050   87.0     1.00     649620  0.950
  37    0.2 9.8e-05   0.992    2091.81 1.1572e-05  10.615  -1.05e+05  -10.615   0.470  0.0024   87.0     1.00     667665  0.950
  38    0.2 9.3e-05   0.989    2073.86 1.3681e-05   8.885  -1.07e+05   -8.885   0.465  0.0042   87.0     1.00     685710  0.950
  39    0.2 8.8e-05   0.989    2052.19 1.3888e-05   8.635  -1.06e+05   -8.635   0.447  0.0045   87.0     1.00     703755  0.950
  40    0.2 8.4e-05   0.991    2027.49 1.3517e-05   8.830  -1.05e+05   -8.830   0.444  0.0031   87.0     1.00     721800  0.950
  41    0.2 8.0e-05   0.990    2011.99 1.358e-05    8.750  -1.05e+05   -8.750   0.433  0.0042   87.0     1.00     739845  0.950
  42    0.2 7.6e-05   0.994    1999.49 1.2998e-05   8.691  -1.04e+05   -8.691   0.419  0.0036   86.4     1.05     757890  0.950
  43    0.2 7.2e-05   0.994    1971.42 1.1005e-05   8.974  -1.05e+05   -8.974   0.400  0.0041   84.6     1.20     775935  0.950
  44    0.2 6.8e-05   0.995    1956.38 9.5194e-06   8.487  -1.04e+05   -8.487   0.391  0.0025   81.2     1.47     793980  0.950
  45    0.2 6.5e-05   0.993    1946.46 7.3966e-06   8.556  -1.03e+05   -8.556   0.390  0.0038   77.3     1.79     812025  0.950
  46    0.2 6.2e-05   0.992    1933.69 5.945e-06    8.557  -1.05e+05   -8.557   0.376  0.0036   73.4     2.11     830070  0.950
  47    0.2 5.9e-05   0.988    1912.51 5.2084e-06   8.170  -1.04e+05   -8.170   0.368  0.0047   68.7     2.49     848115  0.950
  48    0.2 5.6e-05   0.989    1885.61 4.2811e-06   8.066  -1.06e+05   -8.066   0.355  0.0035   63.8     2.89     866160  0.950
  49    0.2 5.3e-05   0.994    1887.18 3.4404e-06   8.029  -1.03e+05   -8.029   0.350  0.0034   58.4     3.33     884205  0.950
  50    0.2 5.0e-05   0.992    1875.29 2.3057e-06   8.469  -1.05e+05   -8.469   0.339  0.0037   53.1     3.76     902250  0.950
  51    0.2 4.8e-05   0.993    1855.01 1.833e-06    8.456  -1.04e+05   -8.456   0.325  0.0029   47.8     4.19     920295  0.950
  52    0.2 4.5e-05   0.992    1838.13 1.6507e-06   8.246  -1.06e+05   -8.246   0.319  0.0032   42.3     4.64     938340  0.950
  53    0.2 4.3e-05   0.995    1832.38 1.3693e-06   8.264  -1.08e+05   -8.264   0.315  0.0021   37.1     5.06     956385  0.950
  54    0.2 4.1e-05   0.995    1829.20 1.3497e-06   7.999  -1.06e+05   -7.999   0.311  0.0028   32.5     5.43     974430  0.950
  55    0.2 3.9e-05   0.994    1812.98 1.101e-06    8.067  -1.07e+05   -8.067   0.310  0.0029   28.3     5.77     992475  0.950
  56    0.2 3.7e-05   0.994    1800.91 1.0791e-06   7.935   -1.1e+05   -7.935   0.301  0.0031   24.6     6.08    1010520  0.950
  57    0.2 3.5e-05   0.996    1791.51 9.2368e-07   7.969  -1.07e+05   -7.969   0.291  0.0026   21.2     6.35    1028565  0.950
  58    0.2 3.3e-05   0.996    1778.48 8.3059e-07   7.969  -1.07e+05   -7.969   0.284  0.0023   18.1     6.61    1046610  0.950
  59    0.2 3.2e-05   0.996    1773.02 7.1871e-07   8.067  -1.08e+05   -8.067   0.279  0.0014   15.2     6.84    1064655  0.950
  60    0.2 3.0e-05   0.991    1757.62 7.0831e-07   7.969  -1.06e+05   -7.969   0.293  0.0039   12.8     7.04    1082700  0.950
  61    0.2 2.9e-05   0.995    1740.25 6.4605e-07   7.969  -1.08e+05   -7.969   0.285  0.0020   10.9     7.19    1100745  0.950
  62    0.2 2.7e-05   0.997    1731.59 6.0388e-07   7.969  -1.06e+05   -7.969   0.280  0.0017    9.2     7.33    1118790  0.950
  63    0.2 2.6e-05   0.995    1722.11 5.9003e-07   7.935  -1.07e+05   -7.935   0.270  0.0021    7.7     7.45    1136835  0.950
  64    0.2 2.5e-05   0.995    1709.93 5.6863e-07   7.935  -1.06e+05   -7.935   0.268  0.0021    6.4     7.56    1154880  0.950
  65    0.2 2.3e-05   0.996    1699.79 5.3406e-07   7.935  -1.05e+05   -7.935   0.264  0.0020    5.3     7.65    1172925  0.950
  66    0.2 2.2e-05   0.998    1695.24 4.9087e-07   7.999  -1.05e+05   -7.999   0.262  0.0009    4.4     7.72    1190970  0.950
  67    0.2 2.1e-05   0.997    1689.53 4.7255e-07   7.999  -1.06e+05   -7.999   0.249  0.0010    3.6     7.79    1209015  0.950
  68    0.2 2.0e-05   0.997    1681.88 5.0158e-07   7.906  -1.05e+05   -7.906   0.262  0.0013    2.9     7.84    1227060  0.950
  69    0.2 1.9e-05   0.998    1678.26 4.9305e-07   7.906  -1.05e+05   -7.906   0.257  0.0011    2.4     7.89    1245105  0.950
  70    0.2 1.8e-05   0.998    1672.82 4.6648e-07   7.935  -1.05e+05   -7.935   0.266  0.0012    2.0     7.92    1263150  0.950
  71    0.2 1.7e-05   0.998    1668.56 4.5499e-07   7.935  -1.03e+05   -7.935   0.255  0.0006    1.6     7.95    1281195  0.950
  72    0.2 1.6e-05   0.998    1664.21 4.2967e-07   7.999  -1.04e+05   -7.999   0.243  0.0009    1.3     7.97    1299240  0.950
  73    0.2 1.5e-05   0.999    1660.33 4.4252e-07   7.935  -1.04e+05   -7.935   0.239  0.0005    1.1     8.00    1317285  0.950
  74    0.2 1.5e-05   0.999    1658.08 4.4851e-07   7.935  -1.03e+05   -7.935   0.232  0.0006    1.0     8.00    1335330  0.950
  75    0.2 1.4e-05   0.999    1654.78 4.1844e-07   7.999  -1.03e+05   -7.999   0.224  0.0006    1.0     8.00    1353375  0.950
  76    0.2 1.3e-05   0.998    1652.38 4.6497e-07   7.906  -1.03e+05   -7.906   0.214  0.0007    1.0     8.00    1371420  0.950
  77    0.2 1.3e-05   0.999    1651.15 4.4487e-07   7.935  -1.04e+05   -7.935   0.214  0.0004    1.0     8.00    1389465  0.950
  78    0.2 1.2e-05   0.999    1649.79 4.5984e-07   7.906  -1.04e+05   -7.906   0.213  0.0005    1.0     8.00    1407510  0.950
  79    0.2 1.1e-05   0.999    1647.79 4.4177e-07   7.935  -1.04e+05   -7.935   0.205  0.0005    1.0     8.00    1425555  0.950
  80    0.2 1.1e-05   0.999    1646.05 4.3442e-07   7.935  -1.04e+05   -7.935   0.205  0.0006    1.0     8.00    1443600  0.950
  81    0.2 1.0e-05   0.999    1643.61 4.4893e-07   7.906  -1.04e+05   -7.906   0.188  0.0004    1.0     8.00    1461645  0.950
  82    0.2 9.7e-06   1.000    1642.52 4.0676e-07   7.999  -1.03e+05   -7.999   0.198  0.0002    1.0     8.00    1479690  0.950
  83    0.2 9.3e-06   0.999    1641.45 4.3089e-07   7.935  -1.04e+05   -7.935   0.185  0.0004    1.0     8.00    1497735  0.950
  84    0.2 8.8e-06   0.999    1638.83 4.3198e-07   7.935  -1.03e+05   -7.935   0.188  0.0005    1.0     8.00    1515780  0.950
  85    0.2 8.4e-06   1.000    1637.62 4.4452e-07   7.906  -1.03e+05   -7.906   0.179  0.0002    1.0     8.00    1533825  0.950
  86    0.2 7.9e-06   1.000    1637.12 4.3076e-07   7.935  -1.03e+05   -7.935   0.179  0.0002    1.0     8.00    1551870  0.950
  87    0.2 7.5e-06   0.999    1636.25 4.4033e-07   7.906  -1.04e+05   -7.906   0.172  0.0003    1.0     8.00    1569915  0.950
  88    0.2 7.2e-06   0.999    1635.11 4.2852e-07   7.935  -1.04e+05   -7.935   0.171  0.0002    1.0     8.00    1587960  0.950
  89    0.2 6.8e-06   0.999    1634.37 4.2901e-07   7.935  -1.03e+05   -7.935   0.170  0.0002    1.0     8.00    1606005  0.950
  90    0.2 6.5e-06   0.999    1633.19 4.3225e-07   7.935  -1.04e+05   -7.935   0.161  0.0004    1.0     8.00    1624050  0.950
  91    0.2 6.1e-06   1.000    1631.85 4.2843e-07   7.935  -1.04e+05   -7.935   0.166  0.0003    1.0     8.00    1642095  0.950
  92    0.2 5.8e-06   1.000    1630.52 4.2898e-07   7.935  -1.04e+05   -7.935   0.159  0.0002    1.0     8.00    1660140  0.950
  93    0.2 5.5e-06   1.000    1629.72 4.2638e-07   7.935  -1.04e+05   -7.935   0.164  0.0002    1.0     8.00    1678185  0.950
  94    0.2 5.3e-06   1.000    1628.82 4.394e-07    7.906  -1.04e+05   -7.906   0.153  0.0002    1.0     8.00    1696230  0.950
  95    0.2 5.0e-06   1.000    1628.54 4.3859e-07   7.906  -1.04e+05   -7.906   0.155  0.0002    1.0     8.00    1714275  0.950
  96    0.2 4.8e-06   1.000    1627.49 4.3839e-07   7.906  -1.04e+05   -7.906   0.155  0.0002    1.0     8.00    1732320  0.950
  97    0.2 4.5e-06   1.000    1627.14 4.3729e-07   7.906  -1.04e+05   -7.906   0.152  0.0002    1.0     8.00    1750365  0.950
  98    0.2 4.3e-06   1.000    1626.53 4.2614e-07   7.935  -1.04e+05   -7.935   0.149  0.0002    1.0     8.00    1768410  0.950
Agent's 2nd state: 
  99    0.2 3.4e-06   1.000    1625.74 4.2496e-07   7.935  -1.04e+05   -7.935   0.146  0.0002    1.0     8.00    1786455  0.800
Checkpoint saved: bb_costs=1625.13, TD costs=4.24743e-07, CPD=  7.935 (ns) 
 100    0.2 2.7e-06   1.000    1624.85 4.2459e-07   7.935  -1.04e+05   -7.935   0.107  0.0001    1.0     8.00    1804500  0.800
 101    0.2 2.2e-06   1.000    1624.09 4.2354e-07   7.935  -1.03e+05   -7.935   0.098  0.0001    1.0     8.00    1822545  0.800
 102    0.2 1.8e-06   1.000    1623.47 4.2454e-07   7.935  -1.04e+05   -7.935   0.096  0.0001    1.0     8.00    1840590  0.800
 103    0.2 1.4e-06   1.000    1623.35 4.2392e-07   7.935  -1.04e+05   -7.935   0.095  0.0001    1.0     8.00    1858635  0.800
 104    0.2 1.1e-06   1.000    1622.88 4.24e-07     7.935  -1.04e+05   -7.935   0.091  0.0000    1.0     8.00    1876680  0.800
 105    0.2 9.0e-07   1.000    1622.40 4.239e-07    7.935  -1.03e+05   -7.935   0.089  0.0001    1.0     8.00    1894725  0.800
 106    0.2 7.2e-07   1.000    1621.85 4.244e-07    7.935  -1.04e+05   -7.935   0.084  0.0001    1.0     8.00    1912770  0.800
 107    0.2 5.8e-07   1.000    1621.67 4.2369e-07   7.935  -1.04e+05   -7.935   0.088  0.0001    1.0     8.00    1930815  0.800
 108    0.2 4.6e-07   1.000    1621.35 4.2397e-07   7.935  -1.03e+05   -7.935   0.087  0.0000    1.0     8.00    1948860  0.800
 109    0.2 3.7e-07   1.000    1620.93 4.2352e-07   7.935  -1.03e+05   -7.935   0.088  0.0000    1.0     8.00    1966905  0.800
 110    0.2 2.9e-07   1.000    1620.90 4.2382e-07   7.935  -1.04e+05   -7.935   0.084  0.0000    1.0     8.00    1984950  0.800
 111    0.2 2.4e-07   1.000    1620.42 4.2416e-07   7.935  -1.04e+05   -7.935   0.086  0.0001    1.0     8.00    2002995  0.800
 112    0.2 0.0e+00   1.000    1620.29 4.2366e-07   7.935  -1.04e+05   -7.935   0.048  0.0000    1.0     8.00    2021040  0.800
### Placement Quench took 0.24 seconds (max_rss 782.3 MiB)
post-quench CPD = 7.93522 (ns) 

Completed placement consistency check successfully.

Swaps called: 2023659

Aborted Move Reasons:
  duplicate block move from location: 1
  duplicate block move to location: 50
  macro move to location illegal: 6
  macro_from swap to location illegal: 935

BB estimate of min-dist (placement) wire length: 259061

Placement estimated critical path delay (least slack): 7.93522 ns, Fmax: 126.02 MHz
Placement estimated critical path skew: -0.04243 ns
Placement estimated setup Worst Negative Slack (sWNS): -7.93522 ns
Placement estimated setup Total Negative Slack (sTNS): -103514 ns
Placement estimated setup Worst Skew (sWS): -0.04243 ns

Placement estimated setup slack histogram:
[ -7.9e-09: -7.2e-09)    17 (  0.0%) |
[ -7.2e-09: -6.4e-09)    75 (  0.1%) |
[ -6.4e-09: -5.6e-09)   188 (  0.4%) |
[ -5.6e-09: -4.8e-09)   544 (  1.0%) |*
[ -4.8e-09: -4.1e-09)   795 (  1.5%) |**
[ -4.1e-09: -3.3e-09)  1862 (  3.5%) |****
[ -3.3e-09: -2.5e-09)  7492 ( 14.2%) |*****************
[ -2.5e-09: -1.7e-09) 16580 ( 31.4%) |***************************************
[ -1.7e-09: -9.7e-10) 19297 ( 36.6%) |*********************************************
[ -9.7e-10: -1.9e-10)  5912 ( 11.2%) |**************

Placement estimated geomean non-virtual intra-domain period: 7.93522 ns (126.02 MHz)
Placement estimated fanout-weighted geomean non-virtual intra-domain period: 7.93522 ns (126.02 MHz)

Placement cost: 0.999886, bb_cost: 1620.21, td_cost: 4.24108e-07, 

Placement resource usage:
  io      implemented as io     : 1084
  clb     implemented as clb    : 1234
  dsp_top implemented as dsp_top: 107
  memory  implemented as memory : 194

Placement number of temperatures: 112
Placement total # of swap attempts: 2023659
	Swaps accepted:  747281 (36.9 %)
	Swaps rejected: 1265734 (62.5 %)
	Swaps aborted:   10644 ( 0.5 %)


Placement perturbation distribution by block and move type: 
------------------ ----------------- ---------------- ---------------- --------------- ------------ 
    Block Type         Move Type       (%) of Total      Accepted(%)     Rejected(%)    Aborted(%)
------------------ ----------------- ---------------- ---------------- --------------- ------------ 
io                 Uniform                9.84             54.35           45.65          0.00         
                   Median                 9.81             60.62           38.57          0.80         
                   Centroid               9.83             61.13           38.87          0.00         
                   W. Centroid            9.79             61.03           38.97          0.00         
                   W. Median              0.68             25.40           73.91          0.69         

clb                Uniform                11.19            6.75            93.13          0.12         
                   Median                 11.26            36.05           63.09          0.86         
                   Centroid               11.17            33.99           65.91          0.10         
                   W. Centroid            11.22            34.52           65.35          0.13         
                   W. Median              0.79             2.16            96.83          1.01         
                   Crit. Uniform          1.65             0.45            99.55          0.00         
                   Feasible Region        1.66             0.42            99.58          0.00         

dsp_top            Uniform                0.97             1.63            98.37          0.00         
                   Median                 0.98             4.12            90.95          4.93         
                   Centroid               0.96             4.05            90.66          5.29         
                   W. Centroid            0.97             3.85            91.28          4.87         
                   W. Median              0.06             0.00            88.60          11.40        

memory             Uniform                1.77             7.13            92.87          0.00         
                   Median                 1.74             14.71           81.19          4.11         
                   Centroid               1.76             12.77           83.77          3.46         
                   W. Centroid            1.76             11.92           88.07          0.01         
                   W. Median              0.12             3.46            86.53          10.01        


Placement Quench timing analysis took 0.0594016 seconds (0.0508093 STA, 0.00859227 slack) (1 full updates: 1 setup, 0 hold, 0 combined).
Placement Total  timing analysis took 7.48609 seconds (6.28819 STA, 1.1979 slack) (114 full updates: 114 setup, 0 hold, 0 combined).
update_td_costs: connections 0.0462817 nets 0 sum_nets 0.0216439 total 0.0681755
## AP Detailed Placer took 25.66 seconds (max_rss 792.4 MiB, delta_rss +10.2 MiB)
Incr Slack updates 114 in 0.233711 sec
Full Max Req/Worst Slack updates 48 in 0.0833009 sec
Incr Max Req/Worst Slack updates 66 in 0.135557 sec
Incr Criticality updates 34 in 0.135995 sec
Full Criticality updates 80 in 0.450436 sec
Incr Slack updates 1 in 0.00229401 sec
Full Max Req/Worst Slack updates 1 in 0.00159242 sec
Incr Max Req/Worst Slack updates 0 in 0 sec
Incr Criticality updates 0 in 0 sec
Full Criticality updates 1 in 0.00829263 sec
# Analytical Placement took 117.26 seconds (max_rss 792.4 MiB, delta_rss +598.5 MiB)


# Routing
RR graph channel widths unchanged, skipping RR graph rebuild
## Initializing router criticalities
Initial Net Connection Criticality Histogram:
[        0:      0.1) 7062 ( 14.5%) |******************************************
[      0.1:      0.2) 7669 ( 15.8%) |**********************************************
[      0.2:      0.3) 7515 ( 15.5%) |*********************************************
[      0.3:      0.4) 3470 (  7.1%) |*********************
[      0.4:      0.5) 6167 ( 12.7%) |*************************************
[      0.5:      0.6) 7687 ( 15.8%) |**********************************************
[      0.6:      0.7) 6171 ( 12.7%) |*************************************
[      0.7:      0.8) 1979 (  4.1%) |************
[      0.8:      0.9)  676 (  1.4%) |****
[      0.9:        1)  169 (  0.3%) |*
## Initializing router criticalities took 0.73 seconds (max_rss 792.4 MiB, delta_rss +0.0 MiB)
---- ------ ------- ---- ------- ------- ------- ----------------- --------------- -------- ---------- ---------- ---------- ---------- --------
Iter   Time    pres  BBs    Heap  Re-Rtd  Re-Rtd Overused RR Nodes      Wirelength      CPD       sTNS       sWNS       hTNS       hWNS Est Succ
      (sec)     fac Updt    push    Nets   Conns                                       (ns)       (ns)       (ns)       (ns)       (ns)     Iter
---- ------ ------- ---- ------- ------- ------- ----------------- --------------- -------- ---------- ---------- ---------- ---------- --------
   1    1.2     0.0    0 6082763   25862   41715   21591 ( 1.283%)  407332 (17.0%)    9.547 -1.726e+05     -9.547      0.000      0.000      N/A
   2    1.1     0.5    0 5273583   18015   32369    9764 ( 0.580%)  405006 (16.9%)    7.467 -1.363e+05     -7.467      0.000      0.000      N/A
   3    0.9     0.6    0 3704898   11946   22972    7769 ( 0.462%)  409819 (17.1%)    7.373 -1.364e+05     -7.373      0.000      0.000      N/A
   4    0.7     0.8    0 2881265    9526   18680    5828 ( 0.346%)  413204 (17.3%)    7.373 -1.351e+05     -7.373      0.000      0.000      N/A
   5    0.6     1.1    0 2155095    7527   15154    4239 ( 0.252%)  415857 (17.4%)    7.373 -1.356e+05     -7.373      0.000      0.000      N/A
   6    0.4     1.4    0 1425971    5848   12138    3195 ( 0.190%)  418072 (17.5%)    7.270 -1.349e+05     -7.270      0.000      0.000      N/A
   7    0.3     1.9    0  969281    4464    9518    2254 ( 0.134%)  420988 (17.6%)    7.366 -1.353e+05     -7.366      0.000      0.000      N/A
   8    0.3     2.4    0  624331    3178    6885    1529 ( 0.091%)  423190 (17.7%)    7.366 -1.354e+05     -7.366      0.000      0.000      N/A
   9    0.2     3.1    0  434792    2243    5090    1011 ( 0.060%)  425129 (17.8%)    7.366 -1.354e+05     -7.366      0.000      0.000       28
  10    0.2     4.1    0  307039    1512    3597     605 ( 0.036%)  427075 (17.8%)    7.366 -1.355e+05     -7.366      0.000      0.000       26
  11    0.2     5.3    0  197141     909    2199     352 ( 0.021%)  428233 (17.9%)    7.366 -1.355e+05     -7.366      0.000      0.000       25
  12    0.2     6.9    0  124477     515    1304     166 ( 0.010%)  428966 (17.9%)    7.366 -1.355e+05     -7.366      0.000      0.000       22
  13    0.2     9.0    0   73548     256     627      73 ( 0.004%)  429559 (17.9%)    7.366 -1.355e+05     -7.366      0.000      0.000       21
  14    0.1    11.6    0   38682     125     314      27 ( 0.002%)  429750 (17.9%)    7.366 -1.355e+05     -7.366      0.000      0.000       19
  15    0.1    15.1    0   15744      59     108      12 ( 0.001%)  429874 (18.0%)    7.366 -1.355e+05     -7.366      0.000      0.000       19
  16    0.1    19.7    0    7622      34      61       6 ( 0.000%)  429901 (18.0%)    7.366 -1.355e+05     -7.366      0.000      0.000       18
  17    0.1    25.6    0    5134      31      49       4 ( 0.000%)  429928 (18.0%)    7.366 -1.355e+05     -7.366      0.000      0.000       19
  18    0.1    33.3    0    4335      26      41       3 ( 0.000%)  429936 (18.0%)    7.366 -1.355e+05     -7.366      0.000      0.000       19
  19    0.1    43.3    0    3775      25      40       1 ( 0.000%)  429962 (18.0%)    7.366 -1.355e+05     -7.366      0.000      0.000       19
  20    0.1    56.2    0    3323      24      39       1 ( 0.000%)  429944 (18.0%)    7.366 -1.355e+05     -7.366      0.000      0.000       19
  21    0.1    73.1    0    3034      23      38       1 ( 0.000%)  429961 (18.0%)    7.481 -1.355e+05     -7.481      0.000      0.000       20
  22    0.1    95.0    0    2442      20      30       0 ( 0.000%)  429968 (18.0%)    7.366 -1.355e+05     -7.366      0.000      0.000      N/A
Restoring best routing
Critical path: 7.36572 ns
Successfully routed after 22 routing iterations.
Final Net Connection Criticality Histogram:
[        0:      0.1) 7361 ( 15.2%) |****************************************
[      0.1:      0.2) 4309 (  8.9%) |***********************
[      0.2:      0.3) 7951 ( 16.4%) |*******************************************
[      0.3:      0.4) 4694 (  9.7%) |*************************
[      0.4:      0.5) 3457 (  7.1%) |*******************
[      0.5:      0.6) 8568 ( 17.6%) |**********************************************
[      0.6:      0.7) 7278 ( 15.0%) |***************************************
[      0.7:      0.8) 3530 (  7.3%) |*******************
[      0.8:      0.9)  933 (  1.9%) |*****
[      0.9:        1)  484 (  1.0%) |***
Router Stats: total_nets_routed: 92168 total_connections_routed: 172968 total_heap_pushes: 24338275 total_heap_pops: 6704875 
Serial Connection Router is being destroyed. Time spent on path search: 3.798 seconds.
# Routing took 8.90 seconds (max_rss 818.4 MiB, delta_rss +26.0 MiB)

Checking to ensure routing is legal...
# Checking to ensure non-configurable edges are legal
# Checking to ensure non-configurable edges are legal took 0.11 seconds (max_rss 818.4 MiB, delta_rss +0.0 MiB)
Completed routing consistency check successfully.

Serial number (magic cookie) for the routing is: 1014673034
Circuit successfully routed with a channel width factor of 160.
Incr Slack updates 23 in 0.0434835 sec
Full Max Req/Worst Slack updates 6 in 0.00940934 sec
Incr Max Req/Worst Slack updates 17 in 0.035059 sec
Incr Criticality updates 14 in 0.0525648 sec
Full Criticality updates 9 in 0.0655499 sec
# Synchronize the packed netlist to routing optimization
## Annotating rr_node with routed nets
## Annotating rr_node with routed nets took 0.01 seconds (max_rss 818.4 MiB, delta_rss +0.0 MiB)
Found 43904 mismatches between routing and packing results.
Fixed 30703 routing traces due to mismatch between routing and packing results.
# Synchronize the packed netlist to routing optimization took 0.34 seconds (max_rss 818.4 MiB, delta_rss +0.0 MiB)
Final Clustering Statistics: 
----------   --------   ------------------------------------   --------------------------
Block Type   # Blocks   Avg. # of input clocks and pins used   Avg. # of output pins used
----------   --------   ------------------------------------   --------------------------
     EMPTY          0                                      0                            0   
        io       1084                              0.0295203                      0.97048   
       clb       1234                                27.9692                      15.3752   
   dsp_top        107                                40.9813                      20.1869   
    memory        194                                49.6598                      18.9691   
Absorbed logical nets 24200 out of 50065 nets, 25865 nets not absorbed.


Average number of bends per net: 1.61148  Maximum # of bends: 275

Number of global nets: 3
Number of routed nets (nonglobal): 25862
Wire length results (in units of 1 clb segments)...
	Total wirelength: 429968, average net length: 16.6255
	Maximum net length: 2274

Wire length results in terms of physical segments...
	Total wiring segments used: 96370, average wire segments per net: 3.72632
	Maximum segments used by a net: 518
	Total local nets with reserved CLB opins: 0
Total number of nets absorbed: 8

Routing channel utilization histogram:
[        1:      inf)    0 (  0.0%) |
[      0.9:        1)    0 (  0.0%) |
[      0.8:      0.9)    0 (  0.0%) |
[      0.7:      0.8)   46 (  0.3%) |
[      0.5:      0.6)  323 (  2.1%) |***
[      0.4:      0.5)  899 (  5.9%) |*******
[      0.3:      0.4) 1852 ( 12.2%) |***************
[      0.2:      0.3) 2679 ( 17.7%) |*********************
[      0.1:      0.2) 3495 ( 23.1%) |****************************
[        0:      0.1) 5844 ( 38.6%) |**********************************************
Maximum routing channel utilization:      0.71 at (37,42)

X - Directed channels: layer   y   max occ   ave occ   ave cap
                        ----- ---- -------- -------- --------
                            0    0       81   39.093      160
                            0    1       25    6.093      160
                            0    2       54   12.884      160
                            0    3       62   16.558      160
                            0    4       41   12.326      160
                            0    5       54   12.651      160
                            0    6       55   19.023      160
                            0    7       52   15.488      160
                            0    8       60   17.302      160
                            0    9       64   24.372      160
                            0   10       63   22.651      160
                            0   11       58   14.872      160
                            0   12       68   22.826      160
                            0   13       86   22.558      160
                            0   14       61   22.035      160
                            0   15       53   25.895      160
                            0   16       62   30.302      160
                            0   17       83   26.616      160
                            0   18       72   28.744      160
                            0   19       91   34.093      160
                            0   20       90   38.628      160
                            0   21       95   37.116      160
                            0   22       83   33.000      160
                            0   23       78   28.430      160
                            0   24      101   25.023      160
                            0   25       98   28.384      160
                            0   26       88   28.384      160
                            0   27       78   30.988      160
                            0   28       66   32.593      160
                            0   29       90   33.907      160
                            0   30       79   37.360      160
                            0   31       84   33.814      160
                            0   32       74   34.302      160
                            0   33       89   36.884      160
                            0   34       73   37.523      160
                            0   35       85   35.767      160
                            0   36       81   34.721      160
                            0   37       76   39.453      160
                            0   38       91   45.047      160
                            0   39       99   40.488      160
                            0   40       97   31.000      160
                            0   41      102   31.291      160
                            0   42      113   34.105      160
                            0   43      106   30.651      160
                            0   44      101   32.640      160
                            0   45       98   32.733      160
                            0   46       90   37.849      160
                            0   47       73   34.349      160
                            0   48       81   32.988      160
                            0   49      100   35.814      160
                            0   50       79   33.640      160
                            0   51       81   36.419      160
                            0   52       96   33.477      160
                            0   53       83   33.605      160
                            0   54       68   34.814      160
                            0   55       73   31.349      160
                            0   56       66   33.093      160
                            0   57       62   31.767      160
                            0   58       46   24.012      160
                            0   59       59   22.523      160
                            0   60       67   29.140      160
                            0   61       70   32.674      160
                            0   62       77   30.640      160
                            0   63       79   22.151      160
                            0   64       73   23.105      160
                            0   65       72   31.070      160
                            0   66       73   34.837      160
                            0   67       85   33.081      160
                            0   68       84   30.151      160
                            0   69       94   32.477      160
                            0   70       85   28.186      160
                            0   71       83   23.430      160
                            0   72       90   30.686      160
                            0   73       77   29.628      160
                            0   74       90   29.907      160
                            0   75       88   27.767      160
                            0   76       87   30.465      160
                            0   77       93   31.512      160
                            0   78       95   29.907      160
                            0   79       87   19.070      160
                            0   80       81   16.140      160
                            0   81       70   22.930      160
                            0   82       69   19.616      160
                            0   83       65   13.163      160
                            0   84       66   12.419      160
                            0   85       65   10.605      160
                            0   86       71   33.198      160
Y - Directed channels: layer   x   max occ   ave occ   ave cap
                        ----- ---- -------- -------- --------
                            0    0       53   15.640      160
                            0    1       37   13.872      160
                            0    2       51   19.395      160
                            0    3       36    8.174      160
                            0    4       49   12.116      160
                            0    5       77   28.116      160
                            0    6       58   24.907      160
                            0    7       56    7.767      160
                            0    8       30    5.442      160
                            0    9       25    5.535      160
                            0   10       42    5.860      160
                            0   11       59    8.093      160
                            0   12       56   11.477      160
                            0   13       64   13.814      160
                            0   14       46   15.488      160
                            0   15       33   17.174      160
                            0   16       43   16.279      160
                            0   17       57   36.140      160
                            0   18       66   46.419      160
                            0   19       81   30.802      160
                            0   20       83   42.035      160
                            0   21       90   59.035      160
                            0   22       83   52.628      160
                            0   23       64   33.453      160
                            0   24       77   38.047      160
                            0   25       81   36.314      160
                            0   26       87   32.105      160
                            0   27       74   24.186      160
                            0   28       85   20.477      160
                            0   29       82   23.023      160
                            0   30       89   25.791      160
                            0   31       80   33.244      160
                            0   32       97   40.500      160
                            0   33       99   65.256      160
                            0   34      103   66.953      160
                            0   35       99   51.802      160
                            0   36      109   60.081      160
                            0   37      114   68.942      160
                            0   38       98   59.523      160
                            0   39       85   39.140      160
                            0   40       74   31.488      160
                            0   41       76   26.721      160
                            0   42       84   26.663      160
                            0   43       73   21.640      160
                            0   44       68   21.244      160
                            0   45       55   27.174      160
                            0   46       62   34.198      160
                            0   47       68   34.070      160
                            0   48       56   31.070      160
                            0   49       86   52.128      160
                            0   50       84   60.105      160
                            0   51       96   45.558      160
                            0   52       95   46.756      160
                            0   53      104   62.744      160
                            0   54       86   48.756      160
                            0   55       56   27.581      160
                            0   56       54   18.442      160
                            0   57       72   15.593      160
                            0   58       62   15.779      160
                            0   59       55   14.279      160
                            0   60       47   12.174      160
                            0   61       35   14.360      160
                            0   62       50   23.477      160
                            0   63       63   27.581      160
                            0   64       54   28.174      160
                            0   65       81   50.523      160
                            0   66       92   65.384      160
                            0   67       83   44.767      160
                            0   68       79   45.547      160
                            0   69       88   52.151      160
                            0   70       78   38.512      160
                            0   71       23   10.581      160
                            0   72       13    6.674      160
                            0   73        6    3.593      160
                            0   74       10    4.105      160
                            0   75        7    2.581      160
                            0   76       10    4.198      160
                            0   77       14    7.291      160
                            0   78       23   14.337      160
                            0   79       27   11.942      160
                            0   80       36   14.465      160
                            0   81       57   29.058      160
                            0   82       80   42.093      160
                            0   83       81   21.884      160
                            0   84       82   26.721      160
                            0   85       68   26.233      160
                            0   86       46   19.919      160

Total existing wires segments: CHANX   1197120, CHANY   1197120, CHANZ         0, ALL   2394240
Total used wires segments:     CHANX    212787, CHANY    217181, CHANZ         0, ALL    429968
Usage percentage:              CHANX     17.8%, CHANY     18.1%, CHANZ      0.0%, ALL     18.0%

Logic area (in minimum width transistor areas, excludes I/Os and empty grid tiles)...
	Total logic block area (Warning, need to add pitch of routing to blocks with height > 3): 2.4541e+08
	Total used logic block area: 8.82956e+07

Routing area (in minimum width transistor areas)...
	Total routing area: 9.66431e+07, per logic tile: 12479.7

Total Number of Wiring Segments by Direction: direction length number
                                              --------- ------ -------
                                                      X      4 267132
                                                      Y      4 267132
                                                      X     16  12084
                                                      Y     16  12084

X - Directed Wiring Segment usage by length: length utilization
                                             ------ -----------
                                             4       0.174
                                            16       0.148

Y - Directed Wiring Segment usage by length: length utilization
                                             ------ -----------
                                             4       0.172
                                            16        0.19

Segment occupancy by length: Length Occupancy Capacity Utilization
                             ------ --------- -------- -----------
                             L4         92288   534264       0.173
                             L16         4082    24168       0.169

Segment occupancy by type: name type utilization
                           ---- ---- -----------
                             L4    0       0.173
                            L16    1       0.169

Final hold Worst Negative Slack (hWNS): 0 ns
Final hold Total Negative Slack (hTNS): 0 ns
Final hold Worst Skew (hWS): 0 ns

Final hold slack histogram:
[  4.1e-11:  6.2e-10) 3519 (  6.7%) |******************
[  6.2e-10:  1.2e-09) 9235 ( 17.5%) |**********************************************
[  1.2e-09:  1.8e-09) 7364 ( 14.0%) |*************************************
[  1.8e-09:  2.3e-09) 9135 ( 17.3%) |**********************************************
[  2.3e-09:  2.9e-09) 8896 ( 16.9%) |********************************************
[  2.9e-09:  3.5e-09) 8070 ( 15.3%) |****************************************
[  3.5e-09:  4.1e-09) 4351 (  8.2%) |**********************
[  4.1e-09:  4.6e-09) 1570 (  3.0%) |********
[  4.6e-09:  5.2e-09)  482 (  0.9%) |**
[  5.2e-09:  5.8e-09)  140 (  0.3%) |*

Final critical path delay (least slack): 7.36572 ns, Fmax: 135.764 MHz
Final critical path skew: -0.04243 ns
Final setup Worst Negative Slack (sWNS): -7.36572 ns
Final setup Total Negative Slack (sTNS): -135515 ns
Final setup Worst Skew (sWS): -0.04243 ns

Final setup slack histogram:
[ -7.4e-09: -6.6e-09)    79 (  0.1%) |
[ -6.6e-09: -5.9e-09)   117 (  0.2%) |
[ -5.9e-09: -5.2e-09)   634 (  1.2%) |**
[ -5.2e-09: -4.5e-09)  1426 (  2.7%) |*****
[ -4.5e-09: -3.8e-09)  5478 ( 10.4%) |*******************
[ -3.8e-09: -3.1e-09)  8889 ( 16.8%) |*******************************
[ -3.1e-09: -2.3e-09) 12799 ( 24.3%) |********************************************
[ -2.3e-09: -1.6e-09) 13105 ( 24.8%) |*********************************************
[ -1.6e-09: -9.1e-10)  8830 ( 16.7%) |******************************
[ -9.1e-10: -1.9e-10)  1405 (  2.7%) |*****

Final geomean non-virtual intra-domain period: 7.36572 ns (135.764 MHz)
Final fanout-weighted geomean non-virtual intra-domain period: 7.36572 ns (135.764 MHz)

Incr Slack updates 1 in 0.00218235 sec
Full Max Req/Worst Slack updates 1 in 0.0016448 sec
Incr Max Req/Worst Slack updates 0 in 0 sec
Incr Criticality updates 0 in 0 sec
Full Criticality updates 1 in 0.00883872 sec
Flow timing analysis took 12.0021 seconds (10.3847 STA, 1.61747 slack) (139 full updates: 115 setup, 0 hold, 24 combined).
VPR succeeded
The entire flow of VPR took 131.84 seconds (max_rss 818.4 MiB)

