VPR FPGA Placement and Routing.
Version: 9.0.0-dev+v8.0.0-18248-g40f8d19708
Revision: v8.0.0-18248-g40f8d19708
Compiled: 2026-09-22T03:43:48
Compiler: GNU 13.3.0 on Linux-5.15.0-119-generic x86_64
Build Info: release IPO VTR_ASSERT_LEVEL=2

University of Toronto
verilogtorouting.org
vtr-users@googlegroups.com
This is free open source code under MIT license.

VPR was run with the following command-line:
/inspire/hdd/project/project-public/changshunjie-253114010247/changshunjie-253114010247/workspace/DAC2027/vtr/vtr-verilog-to-routing/vpr/vpr /inspire/hdd/project/project-public/changshunjie-253114010247/changshunjie-253114010247/workspace/DAC2027/vtr/vtr-verilog-to-routing/vtr_flow/arch/COFFE_22nm/k6FracN10LB_mem20K_complexDSP_customSB_22nm.xml /inspire/hdd/project/project-public/changshunjie-253114010247/changshunjie-253114010247/workspace/DAC2027/TailCompile/experiments/vtr/runs/pilot_v1/sha/full-seed1-w300/sha.pre-vpr.blif --analytical_place --route --analysis --ap_full_legalizer flat-recon --ap_detailed_placer annealer --seed 11 --route_chan_width 90 --write_flat_place /inspire/hdd/project/project-public/changshunjie-253114010247/changshunjie-253114010247/workspace/DAC2027/TailCompile/vtr_work/tailcompile_v3/sha/4x4/gnn_candidate-fp04ebad45-flat-recon-annealer-seed11-w90-devw14/post_route.fplace --write_legalized_flat_place /inspire/hdd/project/project-public/changshunjie-253114010247/changshunjie-253114010247/workspace/DAC2027/TailCompile/vtr_work/tailcompile_v3/sha/4x4/gnn_candidate-fp04ebad45-flat-recon-annealer-seed11-w90-devw14/post_legalizer.fplace --flat_place_verbosity 1 --device_width 14 --net_file /inspire/hdd/project/project-public/changshunjie-253114010247/changshunjie-253114010247/workspace/DAC2027/TailCompile/vtr_work/tailcompile_v3/sha/4x4/gnn_candidate-fp04ebad45-flat-recon-annealer-seed11-w90-devw14/sha.locked-input.net --read_flat_place /inspire/hdd/global_user/changshunjie-253114010247/workspace/DAC2027/TailCompile/experiments/vtr/tailcompile_v3/sha/4x4/pools/bootstrap_24/candidate_15_seed12042.fplace

Using up to 1 parallel worker(s)

Architecture file: /inspire/hdd/project/project-public/changshunjie-253114010247/changshunjie-253114010247/workspace/DAC2027/vtr/vtr-verilog-to-routing/vtr_flow/arch/COFFE_22nm/k6FracN10LB_mem20K_complexDSP_customSB_22nm.xml
Circuit name: sha.pre-vpr

# Loading Architecture Description
# Loading Architecture Description took 0.04 seconds (max_rss 18.9 MiB, delta_rss +0.0 MiB)

Timing analysis: ON
Circuit netlist file: /inspire/hdd/project/project-public/changshunjie-253114010247/changshunjie-253114010247/workspace/DAC2027/TailCompile/vtr_work/tailcompile_v3/sha/4x4/gnn_candidate-fp04ebad45-flat-recon-annealer-seed11-w90-devw14/sha.locked-input.net
Circuit placement file: sha.pre-vpr.place
Circuit routing file: sha.pre-vpr.route
Circuit SDC file: sha.pre-vpr.sdc
Vpr floorplanning constraints file: not specified

Packer: DISABLED
Placer: DISABLED
Analytical Placer: ENABLED
Router: ENABLED
Analysis: ENABLED

VPR was run with the following options:

netlist_opts.absorb_buffer_luts            : true
netlist_opts.sweep_dangling_primary_ios    : true
netlist_opts.sweep_dangling_nets           : true
netlist_opts.sweep_dangling_blocks         : true
netlist_opts.sweep_constant_primary_outputs: false
netlist_opts.netlist_verbosity             : 1
netlist_opts.const_gen_inference           : COMB_SEQ

AnalyticalPlacerOpts.analytical_solver_type: lp-b2b
AnalyticalPlacerOpts.partial_legalizer_type: bipartitioning
AnalyticalPlacerOpts.full_legalizer_type: flat-recon
AnalyticalPlacerOpts.detailed_placer_type: annealer
AnalyticalPlacerOpts.ap_timing_tradeoff: 0.500000
AnalyticalPlacerOpts.ap_high_fanout_threshold: 256
AnalyticalPlacerOpts.log_verbosity: 1
router_opts.route_type: DETAILED
router_opts.flat_routing: false
router_opts.choke_points: on
router_opts.router_algorithm: TIMING_DRIVEN
router_opts.base_cost_type: DELAY_NORMALIZED_LENGTH
router_opts.fixed_channel_width: 90
router_opts.check_route: FULL
router_opts.acc_fac: 1.000000
router_opts.bb_factor: 3
router_opts.bend_cost: 0.000000
router_opts.first_iter_pres_fac: 0.000000
router_opts.initial_pres_fac: 0.500000
router_opts.pres_fac_mult: 1.300000
router_opts.max_pres_fac: 1000.000000
router_opts.max_router_iterations: 50
router_opts.min_incremental_reroute_fanout: 16
router_opts.initial_acc_cost_chan_congestion_threshold: 0.500000
router_opts.initial_acc_cost_chan_congestion_weight: 0.500000
router_opts.do_check_rr_graph: true
router_opts.verify_binary_search: false
router_opts.min_channel_width_hint: 0
router_opts.read_rr_edge_metadata: false
router_opts.exit_after_first_routing_iteration: false
router_opts.astar_fac: 1.200000
router_opts.astar_offset: 0.000000
router_opts.router_profiler_astar_fac: 1.200000
router_opts.enable_parallel_connection_router: false
router_opts.post_target_prune_fac: 1.200000
router_opts.post_target_prune_offset: 0
router_opts.multi_queue_num_threads: 1
router_opts.multi_queue_num_queues: 2
router_opts.multi_queue_direct_draining: false
router_opts.criticality_exp: 1.000000
router_opts.max_criticality: 0.990000
router_opts.init_wirelength_abort_threshold: 0.850000
router_opts.incr_reroute_delay_ripup: AUTO
router_opts.save_routing_per_iteration: false
router_opts.congested_routing_iteration_threshold_frac: 1.000000
router_opts.high_fanout_threshold: 64
router_opts.router_debug_net: -2
router_opts.router_debug_sink_rr: -2
router_opts.router_debug_iteration: -2
router_opts.max_convergence_count: 1
router_opts.reconvergence_cpd_threshold: 0.990000
router_opts.update_lower_bound_delays: true
router_opts.first_iteration_timing_report_file: 
router_opts.route_bb_update: DYNAMIC
router_opts.lookahead_type: MAP
router_opts.initial_timing: LOOKAHEAD
router_opts.router_heap: FOUR_ARY_HEAP
router_opts.routing_failure_predictor = SAFE
router_opts.routing_predictor_min_history: 8
router_opts.routing_budgets_algorithm = DISABLE

analysis_opts.gen_post_synthesis_netlist: false
analysis_opts.gen_post_implementation_merged_netlist: false
analysis_opts.gen_post_implementation_sdc: false
analysis_opts.timing_report_npaths: 100
analysis_opts.timing_report_skew: false
analysis_opts.echo_dot_timing_graph_node: -1
analysis_opts.timing_report_detail: NETLIST
analysis_opts.post_synth_netlist_unconn_input_handling: UNCONNECTED
analysis_opts.post_synth_netlist_unconn_output_handling: UNCONNECTED
analysis_opts.post_synth_netlist_module_parameters: on

# Building complex block graph
# Building complex block graph took 0.10 seconds (max_rss 24.5 MiB, delta_rss +5.6 MiB)
Circuit file: /inspire/hdd/project/project-public/changshunjie-253114010247/changshunjie-253114010247/workspace/DAC2027/TailCompile/experiments/vtr/runs/pilot_v1/sha/full-seed1-w300/sha.pre-vpr.blif
# Load circuit
Found 3 constant generator(s) in the netlist (2 constant-zero, 1 constant-one) (run with --netlist_verbosity 2 to list names)
# Load circuit took 0.02 seconds (max_rss 28.2 MiB, delta_rss +3.7 MiB)
# Clean circuit
Absorbed 0 LUT buffers
Found 22 primitive output pin(s) driven only by constants; marked them as constants
Swept input(s)      : 0
Swept output(s)     : 0 (0 dangling, 0 constant)
Swept net(s)        : 22
Swept block(s)      : 0
Constant Pins Marked: 22
# Clean circuit took 0.00 seconds (max_rss 28.2 MiB, delta_rss +0.0 MiB)
# Compress circuit
# Compress circuit took 0.00 seconds (max_rss 28.2 MiB, delta_rss +0.0 MiB)
# Verify circuit
# Verify circuit took 0.00 seconds (max_rss 28.2 MiB, delta_rss +0.0 MiB)
Circuit Statistics:
  Blocks: 2491
    .input :      38
    .latch :     893
    .names :    1215
        0-LUT:       2
        1-LUT:       1
        2-LUT:      63
        3-LUT:     106
        4-LUT:      88
        5-LUT:     314
        6-LUT:     641
    .output:      36
    adder  :     309
  Nets  : 2742
    Avg Fanout:     3.3
    Max Fanout:   893.0
    Min Fanout:     1.0
  Netlist Clocks: 1
# Build Timing Graph
  Timing Graph Nodes: 11695
  Timing Graph Edges: 18725
  Timing Graph Levels: 84
# Build Timing Graph took 0.01 seconds (max_rss 31.6 MiB, delta_rss +3.1 MiB)
Netlist contains 1 clocks
  Netlist Clock 'clk_i' Fanout: 893 pins (7.6%), 893 blocks (35.8%)
# Load Timing Constraints

SDC file 'sha.pre-vpr.sdc' not found
Setting default timing constraints:
   * constrain all primary inputs and primary outputs on netlist clock 'clk_i'
   * optimize netlist clock to run as fast as possible
Timing constraints created 1 clocks
  Constrained Clock 'clk_i' Source: 'clk_i.inpad[0]'

# Load Timing Constraints took 0.00 seconds (max_rss 31.6 MiB, delta_rss +0.0 MiB)
# Analytical Placement
## Prepacker

There is one chain in this architecture called "chain" with the following starting points:
	clb[0]/lab[0]/fle[0]/ble5[0]/arithmetic[0]/adder[0].cin[0]

## Prepacker took 0.00 seconds (max_rss 31.9 MiB, delta_rss +0.3 MiB)
## Initializing Pre-Cluster Timing
Using inter-cluster delay: 2.1832e-09
## Initializing Pre-Cluster Timing took 0.19 seconds (max_rss 32.6 MiB, delta_rss +0.7 MiB)
## Estimate Device Size
Device layout 'auto' with fixed width 14.
FPGA sized to 14 x 14: 196 grid tiles (auto)
## Estimate Device Size took 0.00 seconds (max_rss 32.6 MiB, delta_rss +0.0 MiB)
## Ram Mapper
Flat Placement is provided, skipping the RAM mapping.
## Ram Mapper took 0.00 seconds (max_rss 32.6 MiB, delta_rss +0.0 MiB)
## Read Atom Netlist to AP Netlist
## Read Atom Netlist to AP Netlist took 0.01 seconds (max_rss 36.4 MiB, delta_rss +3.8 MiB)
Analytical Placement Netlist Statistics:
	AP Blocks: 1315
		Moveable AP Blocks: 1315
		Fixed AP Blocks: 0
	AP Nets: 1563
		Average Fanout: 4.51
		Highest Fanout: 194
	AP Pins: 11695

## Computing placement delta delay look-up
### Build routing resource graph
### Build routing resource graph took 0.09 seconds (max_rss 45.9 MiB, delta_rss +9.5 MiB)
  RR Graph Nodes: 32024
  RR Graph Edges: 208292
### Computing router lookahead map
#### Computing wire lookahead
#### Computing wire lookahead took 0.03 seconds (max_rss 46.4 MiB, delta_rss +0.0 MiB)
#### Computing src/opin lookahead
Warning 1: Found no more sample locations for SOURCE in io
Warning 2: Found no more sample locations for OPIN in io
Warning 3: Found no more sample locations for SOURCE in clb
Warning 4: Found no more sample locations for OPIN in clb
Warning 5: Found no more sample locations for SOURCE in dsp_top
Warning 6: Found no more sample locations for OPIN in dsp_top
Warning 7: Found no more sample locations for SOURCE in memory
Warning 8: Found no more sample locations for OPIN in memory
#### Computing src/opin lookahead took 0.00 seconds (max_rss 46.7 MiB, delta_rss +0.3 MiB)
### Computing router lookahead map took 0.04 seconds (max_rss 46.7 MiB, delta_rss +0.3 MiB)
Serial Connection Router is being destroyed. Time spent on path search: 0.000 seconds.
## Computing placement delta delay look-up took 0.14 seconds (max_rss 46.7 MiB, delta_rss +10.3 MiB)
Flat Placement is provided in the AP flow, skipping the Global Placement.
0 of 1315 molecules placed at device center (no atoms of these molecules found in flat placement).
## AP Full Legalizer
### Creating Clusters
Device (width, height): (14,14)
#### Sorting and Grouping Blocks by Tile
#### Sorting and Grouping Blocks by Tile took 0.00 seconds (max_rss 46.7 MiB, delta_rss +0.0 MiB)
#### Reconstruction Pass Clustering
#### Reconstruction Pass Clustering took 2.10 seconds (max_rss 50.4 MiB, delta_rss +3.7 MiB)
#### Orphan Window Clustering with search radius 8
#### Orphan Window Clustering with search radius 8 took 0.01 seconds (max_rss 50.5 MiB, delta_rss +0.1 MiB)
FPGA sized to 14 x 14: 196 grid tiles (auto)
Device Utilization: 0.62 (target 1.00)
	Block Utilization: 0.19 Type: io
	Block Utilization: 0.93 Type: clb

----------------------------------------------------------------
                       Clustering Summary                       
----------------------------------------------------------------
Clusters created (Self Clustering)                       : 185
    clb        : 111
    io         : 74
Clusters created (Orphan Window Clustering)              : 1
    clb        : 1
Total clusters                                           : 186
Percent of clusters created in Orphan Window Clustering  : 0.54%
Molecules clustered in each stage breakdown  : (Total of 1315)
	Self Clustering          (0.996958)  : 1311
 	Neighbor Clustering      (0.000000)  : 0
	Orphan Window Clustering (0.003042)  : 4
----------------------------------------------------------------

Final Clustering Statistics: 
----------   --------   ------------------------------------   --------------------------
Block Type   # Blocks   Avg. # of input clocks and pins used   Avg. # of output pins used
----------   --------   ------------------------------------   --------------------------
     EMPTY          0                                      0                            0   
        io         74                               0.486486                     0.513514   
       clb        112                                25.4196                      8.98214   
   dsp_top          0                                      0                            0   
    memory          0                                      0                            0   
Absorbed logical nets 1698 out of 2742 nets, 1044 nets not absorbed.
#### Load packing
##### Loading packed FPGA netlist file.
Netlist generated from file '/inspire/hdd/project/project-public/changshunjie-253114010247/changshunjie-253114010247/workspace/DAC2027/TailCompile/vtr_work/tailcompile_v3/sha/4x4/gnn_candidate-fp04ebad45-flat-recon-annealer-seed11-w90-devw14/sha.locked-input.net'.
Detected 2 constant generators (to see names run with higher pack verbosity)
##### Loading packed FPGA netlist file. took 0.17 seconds (max_rss 63.2 MiB, delta_rss +6.7 MiB)
Warning 9: Treated 2 constant nets as global which will not be routed (to see net names increase packer verbosity).
Netlist contains 33 global net to non-global architecture pin connections
Completed clustering consistency check successfully.
Cluster level netlist and block usage statistics
Netlist num_nets: 1044
Netlist num_blocks: 186
Netlist EMPTY blocks: 0.
Netlist io blocks: 74.
Netlist clb blocks: 112.
Netlist dsp_top blocks: 0.
Netlist memory blocks: 0.
Netlist inputs pins: 38
Netlist output pins: 36

Pb types usage...
  io               : 74
   inpad           : 38
   outpad          : 36
  clb              : 112
   lab             : 112
    fle            : 1086
     ble5          : 882
      flut5        : 573
       lut5        : 573
        lut        : 573
       ff          : 353
      arithmetic   : 309
       adder       : 309
     ble6          : 642
      lut6         : 642
       lut         : 642
      ff           : 540

#### Load packing took 0.25 seconds (max_rss 97.9 MiB, delta_rss +41.4 MiB)
Netlist contains 33 global net to non-global architecture pin connections
Cluster level netlist and block usage statistics
Netlist num_nets: 1044
Netlist num_blocks: 186
Netlist EMPTY blocks: 0.
Netlist io blocks: 74.
Netlist clb blocks: 112.
Netlist dsp_top blocks: 0.
Netlist memory blocks: 0.
Netlist inputs pins: 38
Netlist output pins: 36
### Creating Clusters took 2.47 seconds (max_rss 97.9 MiB, delta_rss +51.2 MiB)
Completed clustering consistency check successfully.
FPGA sized to 14 x 14: 196 grid tiles (auto)
### Compressed grid construction
### Compressed grid construction took 0.00 seconds (max_rss 97.9 MiB, delta_rss +0.0 MiB)
### Initial Placement
Placing clusters that are part of larger macros...
Number of blocks to be placed: 18
Max distance on device: 28
---- ---------- ---------- -------------
Pass Max Displ. Num Blocks Num Blocks   
     Threshold  Placed     Left Unplaced
---- ---------- ---------- -------------
   0          0         12             6
   1          1          2             4
   2          2          4             0

Placing general clusters...
Number of blocks to be placed: 168
Max distance on device: 28
---- ---------- ---------- -------------
Pass Max Displ. Num Blocks Num Blocks   
     Threshold  Placed     Left Unplaced
---- ---------- ---------- -------------
   0          0        159             9
   1          1          2             7
   2          2          1             6
   3          4          3             3
   4          8          2             1
   5         16          1             0

### Initial Placement took 0.00 seconds (max_rss 97.9 MiB, delta_rss +0.0 MiB)
Flat Placement Reconstruction Info:
	Percent of clusters with reconstruction errors: 0.537634
	Total displacement of initial placement from flat placement: 1752.000000
	Average atom displacement of initial placement from flat placement: 0.703332
	Max atom displacement of initial placement from flat placement: 11.000000
	Percent of atoms misplaced from the flat placement: 21.999197
## AP Full Legalizer took 2.48 seconds (max_rss 98.0 MiB, delta_rss +51.3 MiB)

Resource usage...
	Netlist
		74	blocks of type: io
	Architecture
		384	blocks of type: io
	Netlist
		112	blocks of type: clb
	Architecture
		120	blocks of type: clb
	Netlist
		0	blocks of type: dsp_top
	Architecture
		3	blocks of type: dsp_top
	Netlist
		0	blocks of type: memory
	Architecture
		6	blocks of type: memory

Device Utilization: 0.62 (target 1.00)
	Physical Tile io:
	Block Utilization: 0.19 Logical Block: io
	Physical Tile clb:
	Block Utilization: 0.93 Logical Block: clb
	Physical Tile dsp_top:
	Block Utilization: 0.00 Logical Block: dsp_top
	Physical Tile memory:
	Block Utilization: 0.00 Logical Block: memory

## Computing placement delta delay look-up
RR graph channel widths unchanged, skipping RR graph rebuild
Serial Connection Router is being destroyed. Time spent on path search: 0.000 seconds.
## Computing placement delta delay look-up took 0.00 seconds (max_rss 98.1 MiB, delta_rss +0.0 MiB)
Using simple RL 'Softmax agent' for choosing move and block types

Completed placement consistency check successfully.
Initial placement cost: 1 bb_cost: 126.253 td_cost: 6.55202e-07
Initial placement BB estimate of wirelength: 11340.3
Initial placement estimated Critical Path Delay (CPD): 10.4845 ns
Initial placement estimated setup Total Negative Slack (sTNS): -2978.29 ns
Initial placement estimated setup Worst Negative Slack (sWNS): -10.4845 ns

Initial placement estimated setup slack histogram:
[   -1e-08: -9.5e-09)  12 (  1.3%) |*
[ -9.5e-09: -8.5e-09)  20 (  2.2%) |*
[ -8.5e-09: -7.5e-09)   0 (  0.0%) |
[ -7.5e-09: -6.6e-09)   0 (  0.0%) |
[ -6.6e-09: -5.6e-09)   0 (  0.0%) |
[ -5.6e-09: -4.6e-09)   1 (  0.1%) |
[ -4.6e-09: -3.6e-09) 124 ( 13.3%) |*********
[ -3.6e-09: -2.7e-09) 634 ( 68.2%) |***********************************************
[ -2.7e-09: -1.7e-09)  87 (  9.4%) |******
[ -1.7e-09:   -7e-10)  51 (  5.5%) |****
Placement contains 9 placement macros involving 18 blocks (average macro size 2.000000)

Moves per temperature: 530
## AP Detailed Placer

---- ------ ------- ------- ---------- ---------- ------- ---------- -------- ------- ------- ------ -------- --------- ------
Tnum  Time     T    AvCost  Av BB Cost Av TD Cost   CPD      sTNS      sWNS   AcRate  StdDev  R lim  CritExp  TotMoves  Alpha 
     (sec)                                          (ns)     (ns)      (ns)                                                   
---- ------ ------- ------- ---------- ---------- ------- ---------- -------- ------- ------- ------ -------- --------- ------
   1    0.0 3.6e-03   0.997     114.86 6.4216e-07  10.256  -2.97e+03  -10.256   0.689  0.0073   13.0     1.00        530  1.000
   2    0.0 3.4e-03   1.007     116.51 6.5706e-07  10.266  -3.27e+03  -10.266   0.689  0.0160   13.0     1.00       1060  0.950
   3    0.0 3.2e-03   0.994     120.41 6.4631e-07  10.812   -3.3e+03  -10.812   0.694  0.0069   13.0     1.00       1590  0.950
   4    0.0 3.1e-03   0.985     118.22 6.8186e-07   9.846  -3.21e+03   -9.846   0.657  0.0097   13.0     1.00       2120  0.950
   5    0.0 2.9e-03   0.987     118.43 6.5634e-07  10.591  -3.49e+03  -10.591   0.630  0.0119   13.0     1.00       2650  0.950
   6    0.0 2.8e-03   1.009     121.59 6.494e-07   10.262  -3.15e+03  -10.262   0.657  0.0092   13.0     1.00       3180  0.950
   7    0.0 2.6e-03   0.993     121.98 6.3636e-07  10.899  -3.38e+03  -10.899   0.638  0.0105   13.0     1.00       3710  0.950
   8    0.0 2.5e-03   0.974     116.52 6.4539e-07  10.641   -3.3e+03  -10.641   0.640  0.0145   13.0     1.00       4240  0.950
   9    0.0 2.4e-03   0.989     110.62 6.4438e-07  10.263  -3.26e+03  -10.263   0.615  0.0102   13.0     1.00       4770  0.950
  10    0.0 2.3e-03   1.010     110.86 6.5949e-07   9.983  -3.19e+03   -9.983   0.591  0.0090   13.0     1.00       5300  0.950
  11    0.0 2.1e-03   0.987     110.49 6.5783e-07  10.024  -3.27e+03  -10.024   0.553  0.0056   13.0     1.00       5830  0.950
  12    0.0 2.0e-03   1.007     111.99 6.5579e-07   9.972  -3.21e+03   -9.972   0.585  0.0072   13.0     1.00       6360  0.950
  13    0.0 1.9e-03   1.002     112.85 6.6322e-07   9.942  -3.25e+03   -9.942   0.583  0.0053   13.0     1.00       6890  0.950
  14    0.0 1.8e-03   0.984     108.60 6.716e-07    9.566  -3.23e+03   -9.566   0.577  0.0064   13.0     1.00       7420  0.950
  15    0.0 1.7e-03   1.006     109.37 6.5183e-07   9.818  -3.15e+03   -9.818   0.581  0.0094   13.0     1.00       7950  0.950
  16    0.0 1.7e-03   1.001     112.94 6.6279e-07   9.995  -3.24e+03   -9.995   0.575  0.0036   13.0     1.00       8480  0.950
  17    0.0 1.6e-03   0.989     111.63 6.6459e-07  10.141  -3.33e+03  -10.141   0.547  0.0078   13.0     1.00       9010  0.950
  18    0.0 1.5e-03   1.004     113.19 6.6334e-07  10.152   -3.3e+03  -10.152   0.585  0.0041   13.0     1.00       9540  0.950
  19    0.0 1.4e-03   0.990     112.26 6.9037e-07   9.551  -3.26e+03   -9.551   0.566  0.0057   13.0     1.00      10070  0.950
  20    0.0 1.4e-03   0.988     109.18 6.6096e-07  10.046  -3.35e+03  -10.046   0.600  0.0066   13.0     1.00      10600  0.950
  21    0.0 1.3e-03   0.986     105.06 6.2338e-07  10.428  -3.13e+03  -10.428   0.540  0.0048   13.0     1.00      11130  0.950
  22    0.0 1.2e-03   0.996     105.89 6.145e-07   10.314     -3e+03  -10.314   0.502  0.0025   13.0     1.00      11660  0.950
  23    0.0 1.2e-03   0.992     105.19 6.2725e-07   9.935  -3.02e+03   -9.935   0.502  0.0079   13.0     1.00      12190  0.950
  24    0.0 1.1e-03   0.996     103.23 6.0842e-07   9.939   -2.9e+03   -9.939   0.500  0.0057   13.0     1.00      12720  0.950
  25    0.0 1.0e-03   0.984     100.76 6.1281e-07   9.786  -2.95e+03   -9.786   0.494  0.0083   13.0     1.00      13250  0.950
  26    0.0 9.9e-04   0.999      99.30 6.0185e-07   9.862  -2.95e+03   -9.862   0.498  0.0018   13.0     1.00      13780  0.950
  27    0.0 9.4e-04   1.000      99.82 6.0339e-07   9.943  -2.97e+03   -9.943   0.449  0.0030   13.0     1.00      14310  0.950
  28    0.0 9.0e-04   1.000      99.25 6.1117e-07   9.727  -2.87e+03   -9.727   0.447  0.0027   13.0     1.00      14840  0.950
  29    0.0 8.5e-04   0.996      99.45 6.1303e-07   9.789  -2.91e+03   -9.789   0.462  0.0017   13.0     1.00      15370  0.950
  30    0.0 8.1e-04   0.990      99.54 6.0068e-07  10.067  -2.99e+03  -10.067   0.460  0.0068   13.0     1.00      15900  0.950
  31    0.0 7.7e-04   1.005      99.31 6.0218e-07   9.754  -2.88e+03   -9.754   0.472  0.0040   13.0     1.00      16430  0.950
  32    0.0 7.3e-04   0.998      98.60 6.1086e-07   9.667  -2.84e+03   -9.667   0.434  0.0024   13.0     1.00      16960  0.950
  33    0.0 6.9e-04   0.995      97.83 5.8447e-07   9.732   -2.9e+03   -9.732   0.385  0.0043   12.9     1.05      17490  0.950
  34    0.0 6.6e-04   0.995      96.15 4.0286e-07   9.928  -2.89e+03   -9.928   0.398  0.0021   12.2     1.46      18020  0.950
  35    0.0 6.3e-04   0.999      96.45 3.2836e-07   9.896  -2.91e+03   -9.896   0.447  0.0023   11.7     1.76      18550  0.950
  36    0.0 5.9e-04   0.999      95.90 3.4471e-07   9.574  -2.91e+03   -9.574   0.442  0.0033   11.8     1.71      19080  0.950
  37    0.0 5.6e-04   0.999      95.92 3.5366e-07   9.503   -2.9e+03   -9.503   0.398  0.0016   11.8     1.70      19610  0.950
  38    0.0 5.4e-04   0.994      95.22 2.8559e-07   9.660  -2.88e+03   -9.660   0.357  0.0033   11.3     1.99      20140  0.950
  39    0.0 5.1e-04   1.000      94.63 2.1894e-07   9.660  -2.86e+03   -9.660   0.387  0.0014   10.4     2.54      20670  0.950
  40    0.0 4.8e-04   0.999      94.17 2.0107e-07   9.529   -2.9e+03   -9.529   0.389  0.0026    9.8     2.86      21200  0.950
  41    0.0 4.6e-04   0.997      93.38 1.8351e-07   9.529  -2.88e+03   -9.529   0.372  0.0020    9.3     3.15      21730  0.950
  42    0.0 4.4e-04   0.996      93.08 1.7057e-07   9.473  -2.92e+03   -9.473   0.342  0.0044    8.7     3.52      22260  0.950
  43    0.0 4.2e-04   0.996      92.16 1.5425e-07   9.444  -2.92e+03   -9.444   0.353  0.0026    7.8     4.02      22790  0.950
  44    0.0 3.9e-04   1.000      91.94 1.4392e-07   9.504  -2.93e+03   -9.504   0.317  0.0019    7.1     4.42      23320  0.950
  45    0.0 3.7e-04   0.998      91.61 1.3413e-07   9.549  -2.93e+03   -9.549   0.304  0.0011    6.3     4.93      23850  0.950
  46    0.0 3.6e-04   0.998      91.43 1.2714e-07   9.549  -2.99e+03   -9.549   0.319  0.0019    5.4     5.43      24380  0.950
  47    0.0 3.4e-04   0.996      90.61 1.2645e-07   9.396  -3.02e+03   -9.396   0.313  0.0026    4.8     5.81      24910  0.950
  48    0.0 3.2e-04   0.999      89.95 1.209e-07    9.472  -2.97e+03   -9.472   0.274  0.0016    4.1     6.16      25440  0.950
  49    0.0 3.1e-04   1.000      89.45 1.1732e-07   9.472  -2.99e+03   -9.472   0.317  0.0008    3.5     6.57      25970  0.950
  50    0.0 2.9e-04   0.998      89.24 1.1676e-07   9.472  -2.96e+03   -9.472   0.285  0.0021    3.0     6.81      26500  0.950
  51    0.0 2.8e-04   0.998      88.33 1.1502e-07   9.472  -2.96e+03   -9.472   0.275  0.0012    2.6     7.09      27030  0.950
  52    0.0 2.6e-04   1.002      88.42 1.1374e-07   9.472  -2.93e+03   -9.472   0.260  0.0018    2.1     7.33      27560  0.950
  53    0.0 2.5e-04   0.996      88.54 1.1217e-07   9.472  -2.94e+03   -9.472   0.411  0.0025    1.8     7.56      28090  0.950
  54    0.0 2.4e-04   0.996      87.43 1.1523e-07   9.347  -2.93e+03   -9.347   0.387  0.0013    1.7     7.59      28620  0.950
  55    0.0 2.2e-04   1.000      87.41 1.135e-07    9.449  -2.96e+03   -9.449   0.342  0.0015    1.6     7.64      29150  0.950
  56    0.0 2.1e-04   1.000      87.61 1.1414e-07   9.336  -2.97e+03   -9.336   0.340  0.0015    1.5     7.73      29680  0.950
  57    0.0 2.0e-04   0.998      86.97 1.147e-07    9.219  -2.97e+03   -9.219   0.345  0.0013    1.3     7.82      30210  0.950
  58    0.0 1.9e-04   0.998      86.50 1.1178e-07   9.359  -2.94e+03   -9.359   0.300  0.0015    1.2     7.89      30740  0.950
  59    0.0 1.8e-04   1.000      86.50 1.13e-07     9.219  -2.95e+03   -9.219   0.313  0.0005    1.0     7.99      31270  0.950
  60    0.0 1.7e-04   0.998      86.15 1.1118e-07   9.359  -2.95e+03   -9.359   0.247  0.0012    1.0     8.00      31800  0.950
  61    0.0 1.6e-04   0.999      86.04 1.1126e-07   9.307  -2.94e+03   -9.307   0.240  0.0004    1.0     8.00      32330  0.950
  62    0.0 1.6e-04   0.999      86.00 1.1146e-07   9.321  -2.97e+03   -9.321   0.232  0.0008    1.0     8.00      32860  0.950
  63    0.0 1.5e-04   0.999      85.88 1.1126e-07   9.307  -2.95e+03   -9.307   0.211  0.0007    1.0     8.00      33390  0.950
  64    0.0 1.4e-04   1.001      85.92 1.1278e-07   9.219  -2.96e+03   -9.219   0.251  0.0008    1.0     8.00      33920  0.950
  65    0.0 1.3e-04   1.000      85.74 1.1266e-07   9.219  -2.92e+03   -9.219   0.215  0.0006    1.0     8.00      34450  0.950
  66    0.0 1.3e-04   0.998      85.75 1.1143e-07   9.321  -2.92e+03   -9.321   0.206  0.0010    1.0     8.00      34980  0.950
  67    0.0 1.2e-04   1.000      85.49 1.1333e-07   9.219  -2.94e+03   -9.219   0.158  0.0004    1.0     8.00      35510  0.950
  68    0.0 1.2e-04   1.001      85.80 1.1185e-07   9.321  -2.97e+03   -9.321   0.208  0.0003    1.0     8.00      36040  0.950
  69    0.0 1.1e-04   0.997      85.39 1.1332e-07   9.219  -2.96e+03   -9.219   0.209  0.0012    1.0     8.00      36570  0.950
  70    0.0 1.0e-04   1.000      85.40 1.1313e-07   9.219  -2.95e+03   -9.219   0.194  0.0003    1.0     8.00      37100  0.950
  71    0.0 9.9e-05   0.999      85.23 1.1306e-07   9.219  -2.94e+03   -9.219   0.153  0.0006    1.0     8.00      37630  0.950
  72    0.0 9.4e-05   1.000      85.06 1.1156e-07   9.307  -2.94e+03   -9.307   0.151  0.0002    1.0     8.00      38160  0.950
  73    0.0 8.9e-05   1.000      85.29 1.1119e-07   9.307  -2.94e+03   -9.307   0.194  0.0003    1.0     8.00      38690  0.950
  74    0.0 8.5e-05   1.000      85.26 1.1311e-07   9.219  -2.93e+03   -9.219   0.158  0.0006    1.0     8.00      39220  0.950
  75    0.0 8.0e-05   1.000      85.11 1.1139e-07   9.307  -2.93e+03   -9.307   0.160  0.0002    1.0     8.00      39750  0.950
  76    0.0 7.6e-05   0.998      85.11 1.1255e-07   9.219  -2.94e+03   -9.219   0.179  0.0006    1.0     8.00      40280  0.950
  77    0.0 7.3e-05   0.999      85.06 1.1126e-07   9.307  -2.94e+03   -9.307   0.153  0.0005    1.0     8.00      40810  0.950
  78    0.0 6.9e-05   1.000      85.04 1.1156e-07   9.321  -2.94e+03   -9.321   0.149  0.0002    1.0     8.00      41340  0.950
Agent's 2nd state: 
  79    0.0 5.5e-05   0.998      84.87 1.1171e-07   9.321  -2.95e+03   -9.321   0.113  0.0013    1.0     8.00      41870  0.800
Checkpoint saved: bb_costs=84.7852, TD costs=1.12856e-07, CPD=  9.219 (ns) 
  80    0.0 4.4e-05   0.999      84.75 1.1276e-07   9.219  -2.95e+03   -9.219   0.085  0.0005    1.0     8.00      42400  0.800
  81    0.0 3.5e-05   0.999      84.66 1.128e-07    9.219  -2.95e+03   -9.219   0.096  0.0005    1.0     8.00      42930  0.800
  82    0.0 2.8e-05   1.000      84.49 1.118e-07    9.321  -2.95e+03   -9.321   0.051  0.0003    1.0     8.00      43460  0.800
  83    0.0 2.3e-05   1.000      84.52 1.1175e-07   9.321  -2.95e+03   -9.321   0.064  0.0002    1.0     8.00      43990  0.800
  84    0.0 1.8e-05   0.999      84.55 1.1129e-07   9.307  -2.95e+03   -9.307   0.062  0.0003    1.0     8.00      44520  0.800
  85    0.0 1.4e-05   0.999      84.49 1.1132e-07   9.307  -2.94e+03   -9.307   0.064  0.0007    1.0     8.00      45050  0.800
  86    0.0 1.2e-05   1.000      84.37 1.1291e-07   9.219  -2.93e+03   -9.219   0.068  0.0003    1.0     8.00      45580  0.800
  87    0.0 9.3e-06   0.999      84.35 1.1162e-07   9.321  -2.94e+03   -9.321   0.042  0.0005    1.0     8.00      46110  0.800
  88    0.0 7.4e-06   0.999      84.39 1.1262e-07   9.219  -2.93e+03   -9.219   0.066  0.0002    1.0     8.00      46640  0.800
  89    0.0 5.9e-06   1.000      84.24 1.1167e-07   9.321  -2.94e+03   -9.321   0.038  0.0003    1.0     8.00      47170  0.800
  90    0.0 0.0e+00   1.000      84.17 1.1146e-07   9.307  -2.94e+03   -9.307   0.036  0.0003    1.0     8.00      47700  0.800
### Placement Quench took 0.01 seconds (max_rss 99.2 MiB)
post-quench CPD = 9.21921 (ns) 

Completed placement consistency check successfully.

Swaps called: 47886

Aborted Move Reasons:
  duplicate block move to location: 69
  macro move to location illegal: 20
  macro_from swap to location illegal: 349

BB estimate of min-dist (placement) wire length: 7537

Placement estimated critical path delay (least slack): 9.21921 ns, Fmax: 108.469 MHz
Placement estimated critical path skew: -0.04243 ns
Placement estimated setup Worst Negative Slack (sWNS): -9.21921 ns
Placement estimated setup Total Negative Slack (sTNS): -2933.28 ns
Placement estimated setup Worst Skew (sWS): -0.04243 ns

Placement estimated setup slack histogram:
[ -9.2e-09: -8.4e-09)  18 (  1.9%) |*
[ -8.4e-09: -7.5e-09)  14 (  1.5%) |*
[ -7.5e-09: -6.7e-09)   0 (  0.0%) |
[ -6.7e-09: -5.8e-09)   0 (  0.0%) |
[ -5.8e-09:   -5e-09)   0 (  0.0%) |
[   -5e-09: -4.1e-09)  44 (  4.7%) |***
[ -4.1e-09: -3.3e-09) 162 ( 17.4%) |*************
[ -3.3e-09: -2.4e-09) 591 ( 63.6%) |***********************************************
[ -2.4e-09: -1.6e-09)  50 (  5.4%) |****
[ -1.6e-09:   -7e-10)  50 (  5.4%) |****

Placement estimated geomean non-virtual intra-domain period: 9.21921 ns (108.469 MHz)
Placement estimated fanout-weighted geomean non-virtual intra-domain period: 9.21921 ns (108.469 MHz)

Placement cost: 0.999119, bb_cost: 84.1854, td_cost: 1.13175e-07, 

Placement resource usage:
  io  implemented as io : 74
  clb implemented as clb: 112

Placement number of temperatures: 90
Placement total # of swap attempts: 47886
	Swaps accepted: 16937 (35.4 %)
	Swaps rejected: 30108 (62.9 %)
	Swaps aborted:   841 ( 1.8 %)


Placement perturbation distribution by block and move type: 
------------------ ----------------- ---------------- ---------------- --------------- ------------ 
    Block Type         Move Type       (%) of Total      Accepted(%)     Rejected(%)    Aborted(%)
------------------ ----------------- ---------------- ---------------- --------------- ------------ 
io                 Uniform                9.87             61.49           38.51          0.00         
                   Median                 9.14             58.35           35.77          5.87         
                   Centroid               9.00             64.70           35.27          0.02         
                   W. Centroid            9.16             62.65           37.28          0.07         
                   W. Median              0.71             15.00           80.59          4.41         

clb                Uniform                14.84            16.88           81.33          1.79         
                   Median                 14.44            26.04           71.55          2.41         
                   Centroid               13.59            20.52           78.16          1.32         
                   W. Centroid            14.70            21.69           76.81          1.51         
                   W. Median              1.00             3.76            91.86          4.38         
                   Crit. Uniform          1.83             0.34            99.66          0.00         
                   Feasible Region        1.72             0.61            92.34          7.06         


Placement Quench timing analysis took 0.00373015 seconds (0.00331095 STA, 0.000419199 slack) (1 full updates: 1 setup, 0 hold, 0 combined).
Placement Total  timing analysis took 0.377013 seconds (0.33754 STA, 0.0394724 slack) (92 full updates: 92 setup, 0 hold, 0 combined).
update_td_costs: connections 0.00252571 nets 0 sum_nets 0.00128235 total 0.0038823
## AP Detailed Placer took 0.84 seconds (max_rss 99.4 MiB, delta_rss +0.2 MiB)
Incr Slack updates 92 in 0.0110214 sec
Full Max Req/Worst Slack updates 42 in 0.00112947 sec
Incr Max Req/Worst Slack updates 50 in 0.00171539 sec
Incr Criticality updates 16 in 0.00387293 sec
Full Criticality updates 76 in 0.0182451 sec
Incr Slack updates 1 in 9.8717e-05 sec
Full Max Req/Worst Slack updates 1 in 3.4278e-05 sec
Incr Max Req/Worst Slack updates 0 in 0 sec
Incr Criticality updates 0 in 0 sec
Full Criticality updates 1 in 0.000263658 sec
# Analytical Placement took 3.74 seconds (max_rss 99.4 MiB, delta_rss +67.9 MiB)


# Routing
RR graph channel widths unchanged, skipping RR graph rebuild
## Initializing router criticalities
Initial Net Connection Criticality Histogram:
[        0:      0.1) 235 (  8.2%) |*************
[      0.1:      0.2) 779 ( 27.0%) |******************************************
[      0.2:      0.3) 472 ( 16.4%) |**************************
[      0.3:      0.4) 865 ( 30.0%) |***********************************************
[      0.4:      0.5) 147 (  5.1%) |********
[      0.5:      0.6)  29 (  1.0%) |**
[      0.6:      0.7)  66 (  2.3%) |****
[      0.7:      0.8)  34 (  1.2%) |**
[      0.8:      0.9)  47 (  1.6%) |***
[      0.9:        1) 209 (  7.2%) |***********
## Initializing router criticalities took 0.05 seconds (max_rss 99.4 MiB, delta_rss +0.0 MiB)
---- ------ ------- ---- ------- ------- ------- ----------------- --------------- -------- ---------- ---------- ---------- ---------- --------
Iter   Time    pres  BBs    Heap  Re-Rtd  Re-Rtd Overused RR Nodes      Wirelength      CPD       sTNS       sWNS       hTNS       hWNS Est Succ
      (sec)     fac Updt    push    Nets   Conns                                       (ns)       (ns)       (ns)       (ns)       (ns)     Iter
---- ------ ------- ---- ------- ------- ------- ----------------- --------------- -------- ---------- ---------- ---------- ---------- --------
   1    0.0     0.0    0  105506    1041    2751    1134 ( 3.541%)   11409 (40.6%)    8.508     -2797.     -8.508      0.000      0.000      N/A
   2    0.0     0.5    0   94569     811    2239     801 ( 2.501%)   11438 (40.7%)    8.508     -2883.     -8.508      0.000      0.000      N/A
   3    0.0     0.6    0   91576     694    1878     735 ( 2.295%)   11822 (42.1%)    8.508     -2947.     -8.508      0.000      0.000      N/A
   4    0.0     0.8    0   87909     621    1659     663 ( 2.070%)   12102 (43.1%)    8.508     -2976.     -8.508      0.000      0.000      N/A
   5    0.0     1.1    0   90951     572    1530     545 ( 1.702%)   12448 (44.3%)    8.508     -3057.     -8.508      0.000      0.000      N/A
   6    0.0     1.4    0   87000     504    1315     464 ( 1.449%)   12733 (45.3%)    8.508     -2997.     -8.508      0.000      0.000      N/A
   7    0.0     1.9    0   80361     412    1247     358 ( 1.118%)   12994 (46.3%)    8.508     -3245.     -8.508      0.000      0.000      N/A
   8    0.0     2.4    0   78515     358    1103     297 ( 0.927%)   13330 (47.5%)    8.508     -3238.     -8.508      0.000      0.000      N/A
   9    0.0     3.1    0   60431     313     786     226 ( 0.706%)   13578 (48.4%)    8.508     -3204.     -8.508      0.000      0.000       34
  10    0.0     4.1    0   54038     273     616     177 ( 0.553%)   13878 (49.4%)    8.702     -3284.     -8.702      0.000      0.000       32
  11    0.0     5.3    0   54500     231     493     145 ( 0.453%)   14136 (50.3%)    8.694     -3134.     -8.694      0.000      0.000       32
  12    0.0     6.9    0   62400     199     452     122 ( 0.381%)   14360 (51.1%)    8.901     -3148.     -8.901      0.000      0.000       33
  13    0.0     9.0    0   50743     154     353      90 ( 0.281%)   14655 (52.2%)    8.809     -3193.     -8.809      0.000      0.000       33
  14    0.0    11.6    0   38791     152     287      85 ( 0.265%)   14791 (52.7%)    8.901     -3204.     -8.901      0.000      0.000       34
  15    0.0    15.1    0   44119     134     239      67 ( 0.209%)   15051 (53.6%)    9.317     -3217.     -9.317      0.000      0.000       35
  16    0.0    19.7    0   37643     116     184      53 ( 0.166%)   15373 (54.7%)    9.308     -3217.     -9.308      0.000      0.000       36
  17    0.0    25.6    0   50730     115     232      44 ( 0.137%)   15629 (55.7%)    9.215     -3243.     -9.215      0.000      0.000       36
  18    0.0    33.3    0   50681      95     172      39 ( 0.122%)   15786 (56.2%)    9.308     -3248.     -9.308      0.000      0.000       37
  19    0.0    43.3    0   42172      80     155      32 ( 0.100%)   15878 (56.5%)   10.125     -3262.    -10.125      0.000      0.000       37
  20    0.0    56.2    0   51633      74     141      24 ( 0.075%)   16082 (57.3%)    9.640     -3305.     -9.640      0.000      0.000       37
  21    0.0    73.1    0   36893      74     130      23 ( 0.072%)   16105 (57.4%)    9.726     -3331.     -9.726      0.000      0.000       37
  22    0.0    95.0    0   33610      63     101      12 ( 0.037%)   16331 (58.2%)    9.528     -3359.     -9.528      0.000      0.000       35
  23    0.0   123.5    0   23424      57      93      13 ( 0.041%)   16324 (58.1%)    9.233     -3354.     -9.233      0.000      0.000       35
  24    0.0   160.6    0   24298      57      91      10 ( 0.031%)   16334 (58.2%)    9.764     -3368.     -9.764      0.000      0.000       35
  25    0.0   208.8    0   28929      48      86       8 ( 0.025%)   16433 (58.5%)    9.215     -3351.     -9.215      0.000      0.000       35
  26    0.0   271.4    0   30789      53      83       9 ( 0.028%)   16504 (58.8%)    9.215     -3352.     -9.215      0.000      0.000       36
  27    0.0   352.8    0   46129      52      84      11 ( 0.034%)   16553 (58.9%)    9.215     -3350.     -9.215      0.000      0.000       37
  28    0.0   458.7    0   43175      54      95      10 ( 0.031%)   16577 (59.0%)    9.384     -3351.     -9.384      0.000      0.000       39
  29    0.0   596.3    0   47697      52      88       9 ( 0.028%)   16646 (59.3%)   10.255     -3381.    -10.255      0.000      0.000       41
  30    0.0   775.1    0   37321      43      63       6 ( 0.019%)   16664 (59.3%)   10.255     -3381.    -10.255      0.000      0.000       42
  31    0.0  1000.0    0   19661      40      56       7 ( 0.022%)   16658 (59.3%)   10.255     -3380.    -10.255      0.000      0.000       43
  32    0.0  1000.0    0   14381      38      54       4 ( 0.012%)   16668 (59.4%)   10.255     -3380.    -10.255      0.000      0.000       43
  33    0.0  1000.0    0   11162      36      47       3 ( 0.009%)   16669 (59.4%)   10.255     -3380.    -10.255      0.000      0.000       42
  34    0.0  1000.0    0   10728      34      44       4 ( 0.012%)   16717 (59.5%)   11.389     -3403.    -11.389      0.000      0.000       43
  35    0.0  1000.0    0   10304      26      35       2 ( 0.006%)   16704 (59.5%)   11.389     -3403.    -11.389      0.000      0.000       42
  36    0.0  1000.0    0   10191      25      33       2 ( 0.006%)   16731 (59.6%)   11.389     -3403.    -11.389      0.000      0.000       42
  37    0.0  1000.0    0    9849      26      34       4 ( 0.012%)   16742 (59.6%)   11.389     -3401.    -11.389      0.000      0.000       44
  38    0.0  1000.0    0   10529      24      33       2 ( 0.006%)   16712 (59.5%)   11.389     -3401.    -11.389      0.000      0.000       44
  39    0.0  1000.0    0   12580      27      35       3 ( 0.009%)   16741 (59.6%)   11.389     -3401.    -11.389      0.000      0.000       45
  40    0.0  1000.0    0   11095      25      33       3 ( 0.009%)   16717 (59.5%)   11.389     -3401.    -11.389      0.000      0.000       46
  41    0.0  1000.0    0   18041      25      35       4 ( 0.012%)   16774 (59.7%)   11.389     -3403.    -11.389      0.000      0.000       48
  42    0.0  1000.0    0   31993      27      41       4 ( 0.012%)   16787 (59.8%)   11.389     -3405.    -11.389      0.000      0.000       52
  43    0.0  1000.0    0   22924      29      39       4 ( 0.012%)   16773 (59.7%)   11.389     -3404.    -11.389      0.000      0.000       54
  44    0.0  1000.0    0   24309      27      35       3 ( 0.009%)   16815 (59.9%)   11.389     -3413.    -11.389      0.000      0.000       55
  45    0.0  1000.0    0   16247      27      37       2 ( 0.006%)   16819 (59.9%)   11.855     -3417.    -11.855      0.000      0.000       55
  46    0.0  1000.0    0    6225      27      33       3 ( 0.009%)   16821 (59.9%)   11.389     -3413.    -11.389      0.000      0.000       58
  47    0.0  1000.0    0   12388      24      46       2 ( 0.006%)   16788 (59.8%)   11.389     -3415.    -11.389      0.000      0.000       58
  48    0.0  1000.0    0   17003      23      36       1 ( 0.003%)   16788 (59.8%)   11.389     -3417.    -11.389      0.000      0.000       56
  49    0.0  1000.0    0   15334      23      27       1 ( 0.003%)   16788 (59.8%)   11.389     -3417.    -11.389      0.000      0.000       54
  50    0.0  1000.0    0   15333      23      27       1 ( 0.003%)   16788 (59.8%)   11.389     -3417.    -11.389      0.000      0.000       53
Routing failed.

Failed routing attempt
Total number of overused nodes: 1
Routing Failure Diagnostics: Printing Overused Nodes Information
------ ------- ---------- --------- -------- ------------ ------- ------- ------- ------- ------- ------- -------
   No.  NodeId  Occupancy  Capacity  RR Node    Direction    Side     PTC   Block    Xlow    Ylow   Xhigh   Yhigh
                                        type                          NUM    Name                                 
------ ------- ---------- --------- -------- ------------ ------- ------- ------- ------- ------- ------- -------
     0   21683          2         1     IPIN          N/A  BOTTOM      30     clb      12       2      12       2

Final Net Connection Criticality Histogram:
[        0:      0.1) 474 ( 16.4%) |*****************************
[      0.1:      0.2) 599 ( 20.8%) |************************************
[      0.2:      0.3) 776 ( 26.9%) |***********************************************
[      0.3:      0.4) 437 ( 15.2%) |**************************
[      0.4:      0.5) 175 (  6.1%) |***********
[      0.5:      0.6)  94 (  3.3%) |******
[      0.6:      0.7)  70 (  2.4%) |****
[      0.7:      0.8)  62 (  2.2%) |****
[      0.8:      0.9) 106 (  3.7%) |******
[      0.9:        1)  90 (  3.1%) |*****
Router Stats: total_nets_routed: 8058 total_connections_routed: 19506 total_heap_pushes: 1966810 total_heap_pops: 655857 
Serial Connection Router is being destroyed. Time spent on path search: 0.317 seconds.
# Routing took 0.84 seconds (max_rss 99.4 MiB, delta_rss +0.0 MiB)
Circuit is unroutable with a channel width factor of 90.
For a detailed report on the RR node overuse information (report_overused_nodes.rpt), specify --generate_rr_node_overuse_report on.
Incr Slack updates 51 in 0.00481151 sec
Full Max Req/Worst Slack updates 11 in 0.000299216 sec
Incr Max Req/Worst Slack updates 40 in 0.00138482 sec
Incr Criticality updates 28 in 0.00602278 sec
Full Criticality updates 23 in 0.00590059 sec

*****************************************************************************************
Warning 10: The following analysis results are for an illegal circuit implementation
*****************************************************************************************
Warning 11: Synchronization between packing and routing results was not applied due to illegal circuit implementation


Average number of bends per net: 2.13160  Maximum # of bends: 67

Number of global nets: 3
Number of routed nets (nonglobal): 1041
Wire length results (in units of 1 clb segments)...
	Total wirelength: 16788, average net length: 16.1268
	Maximum net length: 541

Wire length results in terms of physical segments...
	Total wiring segments used: 4619, average wire segments per net: 4.43708
	Maximum segments used by a net: 152
	Total local nets with reserved CLB opins: 0
Total number of nets absorbed: 9

Routing channel utilization histogram:
[        1:      inf)  0 (  0.0%) |
[      0.9:        1) 18 (  5.3%) |*********
[      0.8:      0.9) 39 ( 11.5%) |*******************
[      0.7:      0.8) 100 ( 29.6%) |************************************************
[      0.5:      0.6) 43 ( 12.7%) |*********************
[      0.4:      0.5) 48 ( 14.2%) |***********************
[      0.3:      0.4) 38 ( 11.2%) |******************
[      0.2:      0.3) 19 (  5.6%) |*********
[      0.1:      0.2)  5 (  1.5%) |**
[        0:      0.1) 28 (  8.3%) |*************
Maximum routing channel utilization:      0.99 at (8,0)

X - Directed channels: layer   y   max occ   ave occ   ave cap
                        ----- ---- -------- -------- --------
                            0    0       89   76.417       90
                            0    1       83   64.500       90
                            0    2       86   69.750       90
                            0    3       84   68.417       90
                            0    4       77   66.417       90
                            0    5       74   61.167       90
                            0    6       72   56.333       90
                            0    7       67   52.417       90
                            0    8       63   49.333       90
                            0    9       58   45.917       90
                            0   10       50   37.917       90
                            0   11       41   30.917       90
                            0   12       54   42.417       90
Y - Directed channels: layer   x   max occ   ave occ   ave cap
                        ----- ---- -------- -------- --------
                            0    0       42   32.417       90
                            0    1       42   27.083       90
                            0    2       50   35.167       90
                            0    3       63   46.417       90
                            0    4       72   54.583       90
                            0    5       64   48.667       90
                            0    6       71   51.833       90
                            0    7       73   59.833       90
                            0    8       78   66.250       90
                            0    9       76   62.250       90
                            0   10       75   59.583       90
                            0   11       75   60.333       90
                            0   12       85   72.667       90

Total existing wires segments: CHANX     14040, CHANY     14040, CHANZ         0, ALL     28080
Total used wires segments:     CHANX      8663, CHANY      8125, CHANZ         0, ALL     16788
Usage percentage:              CHANX     61.7%, CHANY     57.9%, CHANZ      0.0%, ALL     59.8%

Logic area (in minimum width transistor areas, excludes I/Os and empty grid tiles)...
	Total logic block area (Warning, need to add pitch of routing to blocks with height > 3): 4.93594e+06
	Total used logic block area: 3.12536e+06

Routing area (in minimum width transistor areas)...
	Total routing area: 1.30597e+06, per logic tile: 6663.10

Total Number of Wiring Segments by Direction: direction length number
                                              --------- ------ -------
                                                      X      4   3802
                                                      Y      4   3802
                                                      X     16    270
                                                      Y     16    270

X - Directed Wiring Segment usage by length: length utilization
                                             ------ -----------
                                             4        0.59
                                            16       0.426

Y - Directed Wiring Segment usage by length: length utilization
                                             ------ -----------
                                             4       0.575
                                            16       0.274

Segment occupancy by length: Length Occupancy Capacity Utilization
                             ------ --------- -------- -----------
                             L4          4430     7604       0.583
                             L16          189      540        0.35

Segment occupancy by type: name type utilization
                           ---- ---- -----------
                             L4    0       0.583
                            L16    1        0.35

Final hold Worst Negative Slack (hWNS): 0 ns
Final hold Total Negative Slack (hTNS): 0 ns
Final hold Worst Skew (hWS): 0 ns

Final hold slack histogram:
[  1.9e-10:  4.8e-10) 829 ( 89.2%) |***********************************************
[  4.8e-10:  7.6e-10)  45 (  4.8%) |***
[  7.6e-10:    1e-09)  29 (  3.1%) |**
[    1e-09:  1.3e-09)  13 (  1.4%) |*
[  1.3e-09:  1.6e-09)   5 (  0.5%) |
[  1.6e-09:  1.9e-09)   4 (  0.4%) |
[  1.9e-09:  2.2e-09)   1 (  0.1%) |
[  2.2e-09:  2.4e-09)   1 (  0.1%) |
[  2.4e-09:  2.7e-09)   1 (  0.1%) |
[  2.7e-09:    3e-09)   1 (  0.1%) |

Final critical path delay (least slack): 11.3895 ns, Fmax: 87.8003 MHz
Final critical path skew: -0.04243 ns
Final setup Worst Negative Slack (sWNS): -11.3895 ns
Final setup Total Negative Slack (sTNS): -3417.11 ns
Final setup Worst Skew (sWS): -0.04243 ns

Final setup slack histogram:
[ -1.1e-08:   -1e-08)  20 (  2.2%) |**
[   -1e-08: -9.2e-09)   7 (  0.8%) |*
[ -9.2e-09: -8.1e-09)   2 (  0.2%) |
[ -8.1e-09:   -7e-09)  14 (  1.5%) |*
[   -7e-09: -5.9e-09)  35 (  3.8%) |***
[ -5.9e-09: -4.9e-09)  47 (  5.1%) |****
[ -4.9e-09: -3.8e-09) 146 ( 15.7%) |*************
[ -3.8e-09: -2.7e-09) 514 ( 55.3%) |***********************************************
[ -2.7e-09: -1.6e-09) 114 ( 12.3%) |**********
[ -1.6e-09: -4.9e-10)  30 (  3.2%) |***

Final geomean non-virtual intra-domain period: 11.3895 ns (87.8003 MHz)
Final fanout-weighted geomean non-virtual intra-domain period: 11.3895 ns (87.8003 MHz)

Incr Slack updates 1 in 9.328e-05 sec
Full Max Req/Worst Slack updates 1 in 2.7921e-05 sec
Incr Max Req/Worst Slack updates 0 in 0 sec
Incr Criticality updates 0 in 0 sec
Full Criticality updates 1 in 0.000263324 sec
VPR failed to implement circuit
The entire flow of VPR took 4.91 seconds (max_rss 99.4 MiB)

