VPR FPGA Placement and Routing.
Version: 9.0.0-dev+v8.0.0-18248-g40f8d19708
Revision: v8.0.0-18248-g40f8d19708
Compiled: 2026-09-22T03:43:48
Compiler: GNU 13.3.0 on Linux-5.15.0-119-generic x86_64
Build Info: release IPO VTR_ASSERT_LEVEL=2

University of Toronto
verilogtorouting.org
vtr-users@googlegroups.com
This is free open source code under MIT license.

VPR was run with the following command-line:
/inspire/hdd/project/project-public/changshunjie-253114010247/changshunjie-253114010247/workspace/DAC2027/vtr/vtr-verilog-to-routing/vpr/vpr /inspire/hdd/project/project-public/changshunjie-253114010247/changshunjie-253114010247/workspace/DAC2027/vtr/vtr-verilog-to-routing/vtr_flow/arch/COFFE_22nm/k6FracN10LB_mem20K_complexDSP_customSB_22nm.xml /inspire/hdd/project/project-public/changshunjie-253114010247/changshunjie-253114010247/workspace/DAC2027/TailCompile/experiments/vtr/runs/pilot_v1/attention_layer/full-seed1-w300/attention_layer.pre-vpr.blif --analytical_place --route --analysis --ap_full_legalizer flat-recon --ap_detailed_placer annealer --seed 11 --route_chan_width 120 --write_flat_place /inspire/hdd/project/project-public/changshunjie-253114010247/changshunjie-253114010247/workspace/DAC2027/TailCompile/vtr_work/tailcompile_v3/attention_layer/4x4/gnn_candidate-fp31000bf7-flat-recon-annealer-seed11-w120-devw88/post_route.fplace --write_legalized_flat_place /inspire/hdd/project/project-public/changshunjie-253114010247/changshunjie-253114010247/workspace/DAC2027/TailCompile/vtr_work/tailcompile_v3/attention_layer/4x4/gnn_candidate-fp31000bf7-flat-recon-annealer-seed11-w120-devw88/post_legalizer.fplace --flat_place_verbosity 1 --device_width 88 --net_file /inspire/hdd/project/project-public/changshunjie-253114010247/changshunjie-253114010247/workspace/DAC2027/TailCompile/vtr_work/tailcompile_v3/attention_layer/4x4/gnn_candidate-fp31000bf7-flat-recon-annealer-seed11-w120-devw88/attention_layer.locked-input.net --read_flat_place /inspire/hdd/global_user/changshunjie-253114010247/workspace/DAC2027/TailCompile/experiments/vtr/tailcompile_v3/attention_layer/4x4/pools/bootstrap_24/candidate_07_seed13034.fplace

Using up to 1 parallel worker(s)

Architecture file: /inspire/hdd/project/project-public/changshunjie-253114010247/changshunjie-253114010247/workspace/DAC2027/vtr/vtr-verilog-to-routing/vtr_flow/arch/COFFE_22nm/k6FracN10LB_mem20K_complexDSP_customSB_22nm.xml
Circuit name: attention_layer.pre-vpr

# Loading Architecture Description
# Loading Architecture Description took 0.03 seconds (max_rss 33.8 MiB, delta_rss +0.0 MiB)

Timing analysis: ON
Circuit netlist file: /inspire/hdd/project/project-public/changshunjie-253114010247/changshunjie-253114010247/workspace/DAC2027/TailCompile/vtr_work/tailcompile_v3/attention_layer/4x4/gnn_candidate-fp31000bf7-flat-recon-annealer-seed11-w120-devw88/attention_layer.locked-input.net
Circuit placement file: attention_layer.pre-vpr.place
Circuit routing file: attention_layer.pre-vpr.route
Circuit SDC file: attention_layer.pre-vpr.sdc
Vpr floorplanning constraints file: not specified

Packer: DISABLED
Placer: DISABLED
Analytical Placer: ENABLED
Router: ENABLED
Analysis: ENABLED

VPR was run with the following options:

netlist_opts.absorb_buffer_luts            : true
netlist_opts.sweep_dangling_primary_ios    : true
netlist_opts.sweep_dangling_nets           : true
netlist_opts.sweep_dangling_blocks         : true
netlist_opts.sweep_constant_primary_outputs: false
netlist_opts.netlist_verbosity             : 1
netlist_opts.const_gen_inference           : COMB_SEQ

AnalyticalPlacerOpts.analytical_solver_type: lp-b2b
AnalyticalPlacerOpts.partial_legalizer_type: bipartitioning
AnalyticalPlacerOpts.full_legalizer_type: flat-recon
AnalyticalPlacerOpts.detailed_placer_type: annealer
AnalyticalPlacerOpts.ap_timing_tradeoff: 0.500000
AnalyticalPlacerOpts.ap_high_fanout_threshold: 256
AnalyticalPlacerOpts.log_verbosity: 1
router_opts.route_type: DETAILED
router_opts.flat_routing: false
router_opts.choke_points: on
router_opts.router_algorithm: TIMING_DRIVEN
router_opts.base_cost_type: DELAY_NORMALIZED_LENGTH
router_opts.fixed_channel_width: 120
router_opts.check_route: FULL
router_opts.acc_fac: 1.000000
router_opts.bb_factor: 3
router_opts.bend_cost: 0.000000
router_opts.first_iter_pres_fac: 0.000000
router_opts.initial_pres_fac: 0.500000
router_opts.pres_fac_mult: 1.300000
router_opts.max_pres_fac: 1000.000000
router_opts.max_router_iterations: 50
router_opts.min_incremental_reroute_fanout: 16
router_opts.initial_acc_cost_chan_congestion_threshold: 0.500000
router_opts.initial_acc_cost_chan_congestion_weight: 0.500000
router_opts.do_check_rr_graph: true
router_opts.verify_binary_search: false
router_opts.min_channel_width_hint: 0
router_opts.read_rr_edge_metadata: false
router_opts.exit_after_first_routing_iteration: false
router_opts.astar_fac: 1.200000
router_opts.astar_offset: 0.000000
router_opts.router_profiler_astar_fac: 1.200000
router_opts.enable_parallel_connection_router: false
router_opts.post_target_prune_fac: 1.200000
router_opts.post_target_prune_offset: 0
router_opts.multi_queue_num_threads: 1
router_opts.multi_queue_num_queues: 2
router_opts.multi_queue_direct_draining: false
router_opts.criticality_exp: 1.000000
router_opts.max_criticality: 0.990000
router_opts.init_wirelength_abort_threshold: 0.850000
router_opts.incr_reroute_delay_ripup: AUTO
router_opts.save_routing_per_iteration: false
router_opts.congested_routing_iteration_threshold_frac: 1.000000
router_opts.high_fanout_threshold: 64
router_opts.router_debug_net: -2
router_opts.router_debug_sink_rr: -2
router_opts.router_debug_iteration: -2
router_opts.max_convergence_count: 1
router_opts.reconvergence_cpd_threshold: 0.990000
router_opts.update_lower_bound_delays: true
router_opts.first_iteration_timing_report_file: 
router_opts.route_bb_update: DYNAMIC
router_opts.lookahead_type: MAP
router_opts.initial_timing: LOOKAHEAD
router_opts.router_heap: FOUR_ARY_HEAP
router_opts.routing_failure_predictor = SAFE
router_opts.routing_predictor_min_history: 8
router_opts.routing_budgets_algorithm = DISABLE

analysis_opts.gen_post_synthesis_netlist: false
analysis_opts.gen_post_implementation_merged_netlist: false
analysis_opts.gen_post_implementation_sdc: false
analysis_opts.timing_report_npaths: 100
analysis_opts.timing_report_skew: false
analysis_opts.echo_dot_timing_graph_node: -1
analysis_opts.timing_report_detail: NETLIST
analysis_opts.post_synth_netlist_unconn_input_handling: UNCONNECTED
analysis_opts.post_synth_netlist_unconn_output_handling: UNCONNECTED
analysis_opts.post_synth_netlist_module_parameters: on

# Building complex block graph
# Building complex block graph took 0.09 seconds (max_rss 33.8 MiB, delta_rss +0.0 MiB)
Circuit file: /inspire/hdd/project/project-public/changshunjie-253114010247/changshunjie-253114010247/workspace/DAC2027/TailCompile/experiments/vtr/runs/pilot_v1/attention_layer/full-seed1-w300/attention_layer.pre-vpr.blif
# Load circuit
Found 4 constant generator(s) in the netlist (2 constant-zero, 2 constant-one) (run with --netlist_verbosity 2 to list names)
# Load circuit took 0.57 seconds (max_rss 135.3 MiB, delta_rss +101.5 MiB)
# Clean circuit
Absorbed 7975 LUT buffers
Found 1090 primitive output pin(s) driven only by constants; marked them as constants
Swept input(s)      : 7
Swept output(s)     : 0 (0 dangling, 0 constant)
Swept net(s)        : 10126
Swept block(s)      : 33
Constant Pins Marked: 1090
# Clean circuit took 0.13 seconds (max_rss 135.3 MiB, delta_rss +0.0 MiB)
# Compress circuit
# Compress circuit took 0.06 seconds (max_rss 135.3 MiB, delta_rss +0.0 MiB)
# Verify circuit
# Verify circuit took 0.02 seconds (max_rss 135.3 MiB, delta_rss +0.0 MiB)
Circuit Statistics:
  Blocks: 40113
    .input            :    1052
    .latch            :    8844
    .names            :   17218
        0-LUT:       3
        1-LUT:    5989
        2-LUT:     920
        3-LUT:    4530
        4-LUT:    3023
        5-LUT:    1163
        6-LUT:    1590
    .output           :      32
    adder             :    9150
    addition_fp_clk_16:       1
    dual_port_ram     :    3680
    multiply          :     136
  Nets  : 50065
    Avg Fanout:     2.9
    Max Fanout: 12525.0
    Min Fanout:     1.0
  Netlist Clocks: 1
# Build Timing Graph
  Timing Graph Nodes: 245193
  Timing Graph Edges: 446068
  Timing Graph Levels: 66
# Build Timing Graph took 0.24 seconds (max_rss 198.4 MiB, delta_rss +59.9 MiB)
Netlist contains 1 clocks
  Netlist Clock 'clk' Fanout: 12525 pins (6.5%), 12525 blocks (31.2%)
# Load Timing Constraints

SDC file 'attention_layer.pre-vpr.sdc' not found
Setting default timing constraints:
   * constrain all primary inputs and primary outputs on netlist clock 'clk'
   * optimize netlist clock to run as fast as possible
Timing constraints created 1 clocks
  Constrained Clock 'clk' Source: 'clk.inpad[0]'

# Load Timing Constraints took 0.00 seconds (max_rss 198.4 MiB, delta_rss +0.0 MiB)
# Analytical Placement
## Prepacker

There is one chain in this architecture called "chain" with the following starting points:
	clb[0]/lab[0]/fle[0]/ble5[0]/arithmetic[0]/adder[0].cin[0]

## Prepacker took 0.04 seconds (max_rss 198.4 MiB, delta_rss +0.0 MiB)
## Initializing Pre-Cluster Timing
Using inter-cluster delay: 2.1832e-09
## Initializing Pre-Cluster Timing took 0.39 seconds (max_rss 204.1 MiB, delta_rss +5.7 MiB)
## Estimate Device Size
Device layout 'auto' with fixed width 88.
FPGA sized to 88 x 88: 7744 grid tiles (auto)
## Estimate Device Size took 0.00 seconds (max_rss 204.1 MiB, delta_rss +0.0 MiB)
## Ram Mapper
Flat Placement is provided, skipping the RAM mapping.
## Ram Mapper took 0.00 seconds (max_rss 204.1 MiB, delta_rss +0.0 MiB)
## Read Atom Netlist to AP Netlist
## Read Atom Netlist to AP Netlist took 0.30 seconds (max_rss 275.7 MiB, delta_rss +71.5 MiB)
Analytical Placement Netlist Statistics:
	AP Blocks: 25061
		Moveable AP Blocks: 25061
		Fixed AP Blocks: 0
	AP Nets: 34982
		Average Fanout: 2.94
		Highest Fanout: 257
	AP Pins: 193913

## Computing placement delta delay look-up
### Build routing resource graph
### Build routing resource graph took 4.32 seconds (max_rss 683.8 MiB, delta_rss +408.1 MiB)
  RR Graph Nodes: 1544620
  RR Graph Edges: 13178036
### Computing router lookahead map
#### Computing wire lookahead
#### Computing wire lookahead took 5.06 seconds (max_rss 683.8 MiB, delta_rss +0.0 MiB)
#### Computing src/opin lookahead
Warning 1: Found no more sample locations for SOURCE in io
Warning 2: Found no more sample locations for OPIN in io
Warning 3: Found no more sample locations for SOURCE in clb
Warning 4: Found no more sample locations for OPIN in clb
Warning 5: Found no more sample locations for SOURCE in dsp_top
Warning 6: Found no more sample locations for OPIN in dsp_top
Warning 7: Found no more sample locations for SOURCE in memory
Warning 8: Found no more sample locations for OPIN in memory
#### Computing src/opin lookahead took 0.18 seconds (max_rss 683.8 MiB, delta_rss +0.0 MiB)
### Computing router lookahead map took 5.27 seconds (max_rss 683.8 MiB, delta_rss +0.0 MiB)
Serial Connection Router is being destroyed. Time spent on path search: 0.000 seconds.
## Computing placement delta delay look-up took 9.85 seconds (max_rss 683.8 MiB, delta_rss +408.1 MiB)
Flat Placement is provided in the AP flow, skipping the Global Placement.
0 of 25061 molecules placed at device center (no atoms of these molecules found in flat placement).
## AP Full Legalizer
### Creating Clusters
Device (width, height): (88,88)
#### Sorting and Grouping Blocks by Tile
#### Sorting and Grouping Blocks by Tile took 0.01 seconds (max_rss 683.8 MiB, delta_rss +0.0 MiB)
#### Reconstruction Pass Clustering
#### Reconstruction Pass Clustering took 57.84 seconds (max_rss 683.8 MiB, delta_rss +0.0 MiB)
#### Orphan Window Clustering with search radius 8
#### Orphan Window Clustering with search radius 8 took 0.02 seconds (max_rss 683.8 MiB, delta_rss +0.0 MiB)
FPGA sized to 88 x 88: 7744 grid tiles (auto)
Device Utilization: 0.28 (target 1.00)
	Block Utilization: 0.39 Type: io
	Block Utilization: 0.19 Type: clb
	Block Utilization: 0.85 Type: dsp_top
	Block Utilization: 0.75 Type: memory

----------------------------------------------------------------
                       Clustering Summary                       
----------------------------------------------------------------
Clusters created (Self Clustering)                       : 2605
    dsp_top    : 107
    memory     : 194
    clb        : 1220
    io         : 1084
Clusters created (Orphan Window Clustering)              : 15
    clb        : 15
Total clusters                                           : 2620
Percent of clusters created in Orphan Window Clustering  : 0.57%
Molecules clustered in each stage breakdown  : (Total of 25061)
	Self Clustering          (0.998963)  : 25035
 	Neighbor Clustering      (0.000000)  : 0
	Orphan Window Clustering (0.001037)  : 26
----------------------------------------------------------------

Final Clustering Statistics: 
----------   --------   ------------------------------------   --------------------------
Block Type   # Blocks   Avg. # of input clocks and pins used   Avg. # of output pins used
----------   --------   ------------------------------------   --------------------------
     EMPTY          0                                      0                            0   
        io       1084                              0.0295203                      0.97048   
       clb       1235                                27.9466                      15.3628   
   dsp_top        107                                40.9813                      20.1869   
    memory        194                                49.6598                      18.9691   
Absorbed logical nets 24200 out of 50065 nets, 25865 nets not absorbed.
#### Load packing
##### Loading packed FPGA netlist file.
Netlist generated from file '/inspire/hdd/project/project-public/changshunjie-253114010247/changshunjie-253114010247/workspace/DAC2027/TailCompile/vtr_work/tailcompile_v3/attention_layer/4x4/gnn_candidate-fp31000bf7-flat-recon-annealer-seed11-w120-devw88/attention_layer.locked-input.net'.
Detected 3 constant generators (to see names run with higher pack verbosity)
##### Loading packed FPGA netlist file. took 2.04 seconds (max_rss 748.3 MiB, delta_rss +64.5 MiB)
Warning 9: Treated 2 constant nets as global which will not be routed (to see net names increase packer verbosity).
Netlist contains 5542 global net to non-global architecture pin connections
Found 2 logic block(s) with only 1 output pin and no inputs; they may be constant generators (run with --pack_verbosity 3 to list them)
Completed clustering consistency check successfully.
Cluster level netlist and block usage statistics
Netlist num_nets: 25865
Netlist num_blocks: 2620
Netlist EMPTY blocks: 0.
Netlist io blocks: 1084.
Netlist clb blocks: 1235.
Netlist dsp_top blocks: 107.
Netlist memory blocks: 194.
Netlist inputs pins: 1052
Netlist output pins: 32

Pb types usage...
  io                   : 1084
   inpad               : 1052
   outpad              : 32
  clb                  : 1235
   lab                 : 1235
    fle                : 11239
     ble5              : 19054
      flut5            : 9904
       lut5            : 9613
        lut            : 9613
       ff              : 8130
      arithmetic       : 9150
       lut4            : 6015
        lut            : 6015
       adder           : 9150
     ble6              : 1590
      lut6             : 1590
       lut             : 1590
      ff               : 714
  dsp_top              : 107
   dsp                 : 107
    dsp_pb             : 107
     two_mult_18x19    : 136
      mult_18x19       : 136
     adder_fp16        : 1
  memory               : 194
   mem_1024x20_dp      : 194
    memory_slice       : 3680

#### Load packing took 2.41 seconds (max_rss 748.3 MiB, delta_rss +64.5 MiB)
Netlist contains 5542 global net to non-global architecture pin connections
Found 2 logic block(s) with only 1 output pin and no inputs; they may be constant generators (run with --pack_verbosity 3 to list them)
Cluster level netlist and block usage statistics
Netlist num_nets: 25865
Netlist num_blocks: 2620
Netlist EMPTY blocks: 0.
Netlist io blocks: 1084.
Netlist clb blocks: 1235.
Netlist dsp_top blocks: 107.
Netlist memory blocks: 194.
Netlist inputs pins: 1052
Netlist output pins: 32
### Creating Clusters took 61.47 seconds (max_rss 748.3 MiB, delta_rss +64.5 MiB)
Completed clustering consistency check successfully.
FPGA sized to 88 x 88: 7744 grid tiles (auto)
### Compressed grid construction
### Compressed grid construction took 0.00 seconds (max_rss 748.3 MiB, delta_rss +0.0 MiB)
### Initial Placement
Placing clusters that are part of larger macros...
Number of blocks to be placed: 16
Max distance on device: 176
---- ---------- ---------- -------------
Pass Max Displ. Num Blocks Num Blocks   
     Threshold  Placed     Left Unplaced
---- ---------- ---------- -------------
   0          0         10             6
   1          1          6             0

Placing general clusters...
Number of blocks to be placed: 2604
Max distance on device: 176
---- ---------- ---------- -------------
Pass Max Displ. Num Blocks Num Blocks   
     Threshold  Placed     Left Unplaced
---- ---------- ---------- -------------
   0          0       2590            14
   1          1          7             7
   2          2          3             4
   3          4          4             0

### Initial Placement took 0.01 seconds (max_rss 748.3 MiB, delta_rss +0.0 MiB)
Flat Placement Reconstruction Info:
	Percent of clusters with reconstruction errors: 0.267176
	Total displacement of initial placement from flat placement: 15653.000000
	Average atom displacement of initial placement from flat placement: 0.390223
	Max atom displacement of initial placement from flat placement: 66.000000
	Percent of atoms misplaced from the flat placement: 1.575549
## AP Full Legalizer took 61.78 seconds (max_rss 748.3 MiB, delta_rss +64.5 MiB)

Resource usage...
	Netlist
		1084	blocks of type: io
	Architecture
		2752	blocks of type: io
	Netlist
		1235	blocks of type: clb
	Architecture
		6376	blocks of type: clb
	Netlist
		107	blocks of type: dsp_top
	Architecture
		126	blocks of type: dsp_top
	Netlist
		194	blocks of type: memory
	Architecture
		258	blocks of type: memory

Device Utilization: 0.28 (target 1.00)
	Physical Tile io:
	Block Utilization: 0.39 Logical Block: io
	Physical Tile clb:
	Block Utilization: 0.19 Logical Block: clb
	Physical Tile dsp_top:
	Block Utilization: 0.85 Logical Block: dsp_top
	Physical Tile memory:
	Block Utilization: 0.75 Logical Block: memory

## Computing placement delta delay look-up
RR graph channel widths unchanged, skipping RR graph rebuild
Serial Connection Router is being destroyed. Time spent on path search: 0.000 seconds.
## Computing placement delta delay look-up took 0.02 seconds (max_rss 748.3 MiB, delta_rss +0.0 MiB)
Using simple RL 'Softmax agent' for choosing move and block types

Completed placement consistency check successfully.
Initial placement cost: 1 bb_cost: 8842.92 td_cost: 1.65372e-05
Initial placement BB estimate of wirelength: 1.0605e+06
Initial placement estimated Critical Path Delay (CPD): 17.2833 ns
Initial placement estimated setup Total Negative Slack (sTNS): -129218 ns
Initial placement estimated setup Worst Negative Slack (sWNS): -17.2833 ns

Initial placement estimated setup slack histogram:
[ -1.7e-08: -1.6e-08)     1 (  0.0%) |
[ -1.6e-08: -1.4e-08)    12 (  0.0%) |
[ -1.4e-08: -1.2e-08)    35 (  0.1%) |
[ -1.2e-08:   -1e-08)   102 (  0.2%) |
[   -1e-08: -8.7e-09)   273 (  0.5%) |
[ -8.7e-09:   -7e-09)   734 (  1.4%) |*
[   -7e-09: -5.3e-09)  1447 (  2.7%) |**
[ -5.3e-09: -3.6e-09)  2848 (  5.4%) |*****
[ -3.6e-09: -1.9e-09) 28118 ( 53.3%) |*********************************************
[ -1.9e-09: -1.9e-10) 19192 ( 36.4%) |*******************************
Placement contains 8 placement macros involving 16 blocks (average macro size 2.000000)

Moves per temperature: 18054
## AP Detailed Placer

---- ------ ------- ------- ---------- ---------- ------- ---------- -------- ------- ------- ------ -------- --------- ------
Tnum  Time     T    AvCost  Av BB Cost Av TD Cost   CPD      sTNS      sWNS   AcRate  StdDev  R lim  CritExp  TotMoves  Alpha 
     (sec)                                          (ns)     (ns)      (ns)                                                   
---- ------ ------- ------- ---------- ---------- ------- ---------- -------- ------- ------- ------ -------- --------- ------
   1    0.2 7.6e-04   0.996    7492.84 1.669e-05   13.468  -1.22e+05  -13.468   0.836  0.0166   87.0     1.00      18054  1.000
   2    0.2 6.8e-04   0.967    7056.41 1.8289e-05  11.867  -1.19e+05  -11.867   0.828  0.0117   87.0     1.00      36108  0.900
   3    0.2 6.1e-04   0.972    6740.33 1.6189e-05  12.796  -1.16e+05  -12.796   0.806  0.0116   87.0     1.00      54162  0.900
   4    0.2 5.5e-04   0.973    6519.92 1.7313e-05  11.674  -1.19e+05  -11.674   0.790  0.0172   87.0     1.00      72216  0.900
   5    0.2 5.2e-04   0.967    6136.24 1.6066e-05  12.080  -1.21e+05  -12.080   0.775  0.0126   87.0     1.00      90270  0.950
   6    0.2 5.0e-04   0.971    5930.00 1.6443e-05  11.502  -1.14e+05  -11.502   0.773  0.0139   87.0     1.00     108324  0.950
   7    0.2 4.7e-04   0.972    5535.26 1.3162e-05  13.761  -1.13e+05  -13.761   0.758  0.0096   87.0     1.00     126378  0.950
   8    0.2 4.5e-04   0.961    5260.10 1.6248e-05  10.817  -1.14e+05  -10.817   0.745  0.0147   87.0     1.00     144432  0.950
   9    0.2 4.3e-04   0.964    4979.51 1.373e-05   12.408   -1.1e+05  -12.408   0.737  0.0190   87.0     1.00     162486  0.950
  10    0.2 4.1e-04   0.984    4760.52 1.3662e-05  11.945  -1.11e+05  -11.945   0.727  0.0074   87.0     1.00     180540  0.950
  11    0.2 3.8e-04   0.981    4665.28 1.5873e-05  10.181  -1.12e+05  -10.181   0.721  0.0103   87.0     1.00     198594  0.950
  12    0.2 3.7e-04   0.978    4494.10 1.4634e-05  10.860   -1.1e+05  -10.860   0.714  0.0087   87.0     1.00     216648  0.950
  13    0.2 3.5e-04   0.974    4304.96 1.5496e-05  10.019  -1.12e+05  -10.019   0.701  0.0105   87.0     1.00     234702  0.950
  14    0.2 3.3e-04   0.978    4131.49 1.5665e-05   9.625  -1.14e+05   -9.625   0.686  0.0079   87.0     1.00     252756  0.950
  15    0.2 3.1e-04   0.984    4108.54 1.5326e-05   9.755  -1.12e+05   -9.755   0.687  0.0073   87.0     1.00     270810  0.950
  16    0.2 3.0e-04   0.980    3992.51 1.4471e-05  10.167  -1.09e+05  -10.167   0.677  0.0085   87.0     1.00     288864  0.950
  17    0.2 2.8e-04   0.978    3882.62 1.4734e-05   9.868   -1.1e+05   -9.868   0.675  0.0081   87.0     1.00     306918  0.950
  18    0.2 2.7e-04   0.984    3776.32 1.4784e-05   9.716  -1.09e+05   -9.716   0.658  0.0112   87.0     1.00     324972  0.950
  19    0.2 2.6e-04   0.983    3610.33 1.5025e-05   9.298   -1.1e+05   -9.298   0.645  0.0086   87.0     1.00     343026  0.950
  20    0.2 2.4e-04   0.986    3564.57 1.4153e-05   9.717  -1.07e+05   -9.717   0.638  0.0073   87.0     1.00     361080  0.950
  21    0.2 2.3e-04   0.984    3492.16 1.2327e-05  11.080  -1.08e+05  -11.080   0.633  0.0070   87.0     1.00     379134  0.950
  22    0.2 2.2e-04   0.978    3402.06 1.3596e-05   9.876  -1.06e+05   -9.876   0.628  0.0088   87.0     1.00     397188  0.950
  23    0.2 2.1e-04   0.985    3350.96 1.3161e-05  10.039  -1.07e+05  -10.039   0.618  0.0047   87.0     1.00     415242  0.950
  24    0.2 2.0e-04   0.989    3300.58 1.4655e-05   8.933  -1.06e+05   -8.933   0.604  0.0043   87.0     1.00     433296  0.950
  25    0.2 1.9e-04   0.987    3263.14 1.2782e-05  10.171  -1.04e+05  -10.171   0.601  0.0057   87.0     1.00     451350  0.950
  26    0.2 1.8e-04   0.989    3198.68 1.3504e-05   9.520  -1.08e+05   -9.520   0.586  0.0039   87.0     1.00     469404  0.950
  27    0.2 1.7e-04   0.987    3140.72 1.4606e-05   8.720  -1.06e+05   -8.720   0.579  0.0052   87.0     1.00     487458  0.950
  28    0.2 1.6e-04   0.989    3114.65 1.3367e-05   9.503  -1.06e+05   -9.503   0.575  0.0048   87.0     1.00     505512  0.950
  29    0.2 1.5e-04   0.985    3058.51 1.3621e-05   9.253  -1.05e+05   -9.253   0.568  0.0061   87.0     1.00     523566  0.950
  30    0.2 1.5e-04   0.986    3002.39 1.4312e-05   8.662  -1.05e+05   -8.662   0.547  0.0055   87.0     1.00     541620  0.950
  31    0.2 1.4e-04   0.990    2966.75 1.2877e-05   9.502  -1.05e+05   -9.502   0.533  0.0034   87.0     1.00     559674  0.950
  32    0.2 1.3e-04   0.987    2936.66 1.3538e-05   8.966  -1.04e+05   -8.966   0.529  0.0042   87.0     1.00     577728  0.950
  33    0.2 1.2e-04   0.989    2904.82 1.412e-05    8.540  -1.03e+05   -8.540   0.523  0.0037   87.0     1.00     595782  0.950
  34    0.2 1.2e-04   0.989    2889.43 1.3359e-05   8.972  -1.05e+05   -8.972   0.507  0.0051   87.0     1.00     613836  0.950
  35    0.2 1.1e-04   0.990    2854.04 1.353e-05    8.727  -1.03e+05   -8.727   0.496  0.0052   87.0     1.00     631890  0.950
  36    0.2 1.1e-04   0.993    2827.00 1.4136e-05   8.287  -1.03e+05   -8.287   0.488  0.0031   87.0     1.00     649944  0.950
  37    0.2 1.0e-04   0.989    2793.39 1.3471e-05   8.631  -1.02e+05   -8.631   0.474  0.0023   87.0     1.00     667998  0.950
  38    0.2 9.6e-05   0.995    2799.86 1.3904e-05   8.417  -1.04e+05   -8.417   0.472  0.0042   87.0     1.00     686052  0.950
  39    0.2 9.2e-05   0.993    2774.76 1.3068e-05   8.881  -1.04e+05   -8.881   0.452  0.0042   87.0     1.00     704106  0.950
  40    0.2 8.7e-05   0.988    2715.74 1.293e-05    8.872  -1.03e+05   -8.872   0.442  0.0046   87.0     1.00     722160  0.950
  41    0.2 8.3e-05   0.990    2683.56 1.2998e-05   8.770  -1.03e+05   -8.770   0.417  0.0034   87.0     1.00     740214  0.950
  42    0.2 7.8e-05   0.990    2676.63 1.0982e-05   8.921  -1.02e+05   -8.921   0.420  0.0043   85.0     1.16     758268  0.950
  43    0.2 7.5e-05   0.992    2642.70 9.1515e-06   9.285  -1.02e+05   -9.285   0.405  0.0030   83.3     1.30     776322  0.950
  44    0.2 7.1e-05   0.991    2629.75 8.2688e-06   8.676  -1.04e+05   -8.676   0.402  0.0043   80.3     1.54     794376  0.950
  45    0.2 6.7e-05   0.992    2606.69 6.6476e-06   8.826  -1.03e+05   -8.826   0.391  0.0039   77.3     1.79     812430  0.950
  46    0.2 6.4e-05   0.989    2574.61 5.7436e-06   8.466  -1.03e+05   -8.466   0.380  0.0038   73.5     2.10     830484  0.950
  47    0.2 6.1e-05   0.993    2554.87 4.874e-06    8.200  -1.01e+05   -8.200   0.365  0.0023   69.1     2.46     848538  0.950
  48    0.2 5.8e-05   0.991    2543.22 3.5888e-06   8.421  -1.05e+05   -8.421   0.369  0.0035   63.9     2.88     866592  0.950
  49    0.2 5.5e-05   0.993    2528.94 3.0377e-06   8.318  -1.05e+05   -8.318   0.352  0.0040   59.4     3.25     884646  0.950
  50    0.2 5.2e-05   0.993    2513.55 1.6575e-06   9.208  -1.05e+05   -9.208   0.341  0.0041   54.2     3.67     902700  0.950
  51    0.2 4.9e-05   0.994    2494.82 1.7785e-06   8.461  -1.07e+05   -8.461   0.338  0.0032   48.8     4.11     920754  0.950
  52    0.2 4.7e-05   0.993    2472.74 1.6597e-06   8.200  -1.07e+05   -8.200   0.327  0.0035   43.8     4.51     938808  0.950
  53    0.2 4.5e-05   0.994    2454.72 1.3371e-06   8.180  -1.06e+05   -8.180   0.314  0.0035   38.9     4.92     956862  0.950
  54    0.2 4.2e-05   0.995    2436.58 1.0903e-06   8.211  -1.09e+05   -8.211   0.313  0.0024   34.0     5.32     974916  0.950
  55    0.2 4.0e-05   0.995    2423.08 1.1335e-06   7.914  -1.06e+05   -7.914   0.301  0.0020   29.6     5.67     992970  0.950
  56    0.2 3.8e-05   0.996    2417.42 8.8614e-07   8.092  -1.08e+05   -8.092   0.299  0.0017   25.5     6.00    1011024  0.950
  57    0.2 3.6e-05   0.995    2402.73 7.0253e-07   8.226  -1.07e+05   -8.226   0.300  0.0026   21.9     6.30    1029078  0.950
  58    0.2 3.5e-05   0.993    2381.24 6.7575e-07   8.156  -1.08e+05   -8.156   0.287  0.0036   18.8     6.55    1047132  0.950
  59    0.2 3.3e-05   0.996    2357.48 5.9071e-07   8.226  -1.05e+05   -8.226   0.279  0.0024   16.0     6.78    1065186  0.950
  60    0.2 3.1e-05   0.994    2344.01 5.4891e-07   8.226  -1.08e+05   -8.226   0.273  0.0022   13.4     6.99    1083240  0.950
  61    0.2 3.0e-05   0.994    2326.69 4.8551e-07   8.226  -1.08e+05   -8.226   0.283  0.0024   11.2     7.17    1101294  0.950
  62    0.2 2.8e-05   0.994    2304.62 4.6252e-07   8.211  -1.07e+05   -8.211   0.276  0.0028    9.4     7.32    1119348  0.950
  63    0.2 2.7e-05   0.996    2288.47 4.3941e-07   8.180  -1.07e+05   -8.180   0.270  0.0017    7.9     7.44    1137402  0.950
  64    0.2 2.5e-05   0.997    2277.83 4.1179e-07   8.180  -1.06e+05   -8.180   0.268  0.0019    6.5     7.55    1155456  0.950
  65    0.2 2.4e-05   0.997    2267.95 3.9801e-07   8.171  -1.05e+05   -8.171   0.255  0.0016    5.4     7.64    1173510  0.950
  66    0.2 2.3e-05   0.996    2253.95 3.7935e-07   8.171  -1.08e+05   -8.171   0.258  0.0020    4.4     7.72    1191564  0.950
  67    0.2 2.2e-05   0.998    2239.28 4.237e-07    8.018  -1.06e+05   -8.018   0.243  0.0011    3.6     7.79    1209618  0.950
  68    0.2 2.1e-05   0.996    2228.64 4.1929e-07   8.018  -1.06e+05   -8.018   0.256  0.0016    2.9     7.85    1227672  0.950
  69    0.2 2.0e-05   0.998    2222.77 4.0315e-07   8.018  -1.05e+05   -8.018   0.247  0.0008    2.4     7.89    1245726  0.950
  70    0.2 1.9e-05   0.999    2218.55 3.9309e-07   8.018  -1.06e+05   -8.018   0.258  0.0008    1.9     7.93    1263780  0.950
  71    0.2 1.8e-05   0.998    2212.30 3.8778e-07   8.018  -1.07e+05   -8.018   0.247  0.0010    1.6     7.95    1281834  0.950
  72    0.2 1.7e-05   0.999    2206.58 3.8203e-07   8.018  -1.07e+05   -8.018   0.240  0.0003    1.3     7.98    1299888  0.950
  73    0.2 1.6e-05   0.998    2202.70 3.9011e-07   7.987  -1.06e+05   -7.987   0.232  0.0012    1.0     8.00    1317942  0.950
  74    0.2 1.5e-05   0.998    2198.19 3.778e-07    8.018  -1.06e+05   -8.018   0.223  0.0007    1.0     8.00    1335996  0.950
  75    0.2 1.4e-05   0.998    2194.97 3.7302e-07   8.018  -1.06e+05   -8.018   0.223  0.0009    1.0     8.00    1354050  0.950
  76    0.2 1.4e-05   0.999    2189.45 3.709e-07    8.018  -1.06e+05   -8.018   0.211  0.0005    1.0     8.00    1372104  0.950
  77    0.2 1.3e-05   0.999    2185.49 3.7277e-07   8.018  -1.06e+05   -8.018   0.207  0.0004    1.0     8.00    1390158  0.950
  78    0.2 1.2e-05   0.999    2184.38 3.6845e-07   8.018  -1.06e+05   -8.018   0.203  0.0006    1.0     8.00    1408212  0.950
  79    0.2 1.2e-05   0.999    2183.28 3.6523e-07   8.018  -1.06e+05   -8.018   0.204  0.0004    1.0     8.00    1426266  0.950
  80    0.2 1.1e-05   0.999    2181.37 3.6706e-07   8.018  -1.07e+05   -8.018   0.196  0.0004    1.0     8.00    1444320  0.950
  81    0.2 1.1e-05   0.999    2179.50 3.6619e-07   8.018  -1.07e+05   -8.018   0.190  0.0007    1.0     8.00    1462374  0.950
  82    0.2 1.0e-05   0.999    2176.75 3.6492e-07   8.018  -1.06e+05   -8.018   0.184  0.0006    1.0     8.00    1480428  0.950
  83    0.2 9.6e-06   0.999    2174.35 3.6301e-07   8.018  -1.05e+05   -8.018   0.180  0.0003    1.0     8.00    1498482  0.950
  84    0.2 9.1e-06   0.999    2171.96 3.6283e-07   8.018  -1.06e+05   -8.018   0.178  0.0003    1.0     8.00    1516536  0.950
  85    0.2 8.6e-06   0.999    2170.25 3.6346e-07   8.018  -1.06e+05   -8.018   0.177  0.0005    1.0     8.00    1534590  0.950
  86    0.2 8.2e-06   0.999    2169.65 3.621e-07    8.018  -1.06e+05   -8.018   0.172  0.0003    1.0     8.00    1552644  0.950
  87    0.2 7.8e-06   0.999    2167.85 3.6196e-07   8.018  -1.05e+05   -8.018   0.168  0.0005    1.0     8.00    1570698  0.950
  88    0.2 7.4e-06   0.999    2165.81 3.607e-07    8.018  -1.05e+05   -8.018   0.169  0.0004    1.0     8.00    1588752  0.950
  89    0.2 7.0e-06   0.999    2164.77 3.616e-07    8.018  -1.05e+05   -8.018   0.163  0.0004    1.0     8.00    1606806  0.950
  90    0.2 6.7e-06   0.999    2163.21 3.5876e-07   8.018  -1.05e+05   -8.018   0.165  0.0004    1.0     8.00    1624860  0.950
  91    0.2 6.4e-06   1.000    2162.17 3.5795e-07   8.018  -1.06e+05   -8.018   0.155  0.0002    1.0     8.00    1642914  0.950
  92    0.2 6.0e-06   0.999    2160.63 3.5649e-07   8.018  -1.05e+05   -8.018   0.155  0.0003    1.0     8.00    1660968  0.950
  93    0.2 5.7e-06   1.000    2159.36 3.5781e-07   8.018  -1.05e+05   -8.018   0.154  0.0002    1.0     8.00    1679022  0.950
  94    0.2 5.4e-06   1.000    2158.63 3.5908e-07   8.018  -1.05e+05   -8.018   0.153  0.0002    1.0     8.00    1697076  0.950
  95    0.2 5.2e-06   1.000    2157.67 3.5808e-07   8.018  -1.06e+05   -8.018   0.154  0.0002    1.0     8.00    1715130  0.950
  96    0.2 4.9e-06   1.000    2156.88 3.5871e-07   8.018  -1.05e+05   -8.018   0.147  0.0002    1.0     8.00    1733184  0.950
Agent's 2nd state: 
  97    0.2 3.9e-06   1.000    2155.80 3.5792e-07   8.018  -1.06e+05   -8.018   0.151  0.0002    1.0     8.00    1751238  0.800
Checkpoint saved: bb_costs=2155.17, TD costs=3.56633e-07, CPD=  8.018 (ns) 
  98    0.2 3.7e-06   1.000    2154.51 3.5643e-07   8.018  -1.06e+05   -8.018   0.101  0.0002    1.0     8.00    1769292  0.950
  99    0.2 3.0e-06   1.000    2153.12 3.5626e-07   8.018  -1.06e+05   -8.018   0.100  0.0002    1.0     8.00    1787346  0.800
 100    0.2 2.4e-06   1.000    2152.27 3.5643e-07   8.018  -1.06e+05   -8.018   0.100  0.0002    1.0     8.00    1805400  0.800
 101    0.2 1.9e-06   1.000    2151.40 3.5612e-07   8.018  -1.06e+05   -8.018   0.096  0.0002    1.0     8.00    1823454  0.800
 102    0.2 1.5e-06   1.000    2150.62 3.5519e-07   8.018  -1.06e+05   -8.018   0.093  0.0001    1.0     8.00    1841508  0.800
 103    0.2 1.2e-06   1.000    2150.01 3.5656e-07   8.018  -1.06e+05   -8.018   0.089  0.0001    1.0     8.00    1859562  0.800
 104    0.2 9.8e-07   1.000    2149.49 3.5667e-07   8.018  -1.06e+05   -8.018   0.088  0.0001    1.0     8.00    1877616  0.800
 105    0.2 7.8e-07   1.000    2148.92 3.5602e-07   8.018  -1.05e+05   -8.018   0.084  0.0001    1.0     8.00    1895670  0.800
 106    0.2 6.3e-07   1.000    2148.46 3.566e-07    8.018  -1.06e+05   -8.018   0.087  0.0001    1.0     8.00    1913724  0.800
 107    0.2 5.0e-07   1.000    2148.10 3.5512e-07   8.018  -1.06e+05   -8.018   0.087  0.0001    1.0     8.00    1931778  0.800
 108    0.2 4.0e-07   1.000    2147.91 3.563e-07    8.018  -1.06e+05   -8.018   0.084  0.0001    1.0     8.00    1949832  0.800
 109    0.2 3.2e-07   1.000    2147.79 3.5529e-07   8.018  -1.06e+05   -8.018   0.086  0.0001    1.0     8.00    1967886  0.800
 110    0.2 2.6e-07   1.000    2147.66 3.5465e-07   8.018  -1.06e+05   -8.018   0.084  0.0001    1.0     8.00    1985940  0.800
 111    0.2 2.1e-07   1.000    2147.18 3.5535e-07   8.018  -1.06e+05   -8.018   0.081  0.0001    1.0     8.00    2003994  0.800
 112    0.2 0.0e+00   1.000    2147.17 3.5512e-07   8.018  -1.06e+05   -8.018   0.047  0.0001    1.0     8.00    2022048  0.800
### Placement Quench took 0.18 seconds (max_rss 748.3 MiB)
post-quench CPD = 8.01778 (ns) 

Completed placement consistency check successfully.

Swaps called: 2024668

Aborted Move Reasons:
  duplicate block move to location: 5
  macro_from swap to location illegal: 775

BB estimate of min-dist (placement) wire length: 257422

Placement estimated critical path delay (least slack): 8.01778 ns, Fmax: 124.723 MHz
Placement estimated critical path skew: -0.04243 ns
Placement estimated setup Worst Negative Slack (sWNS): -8.01778 ns
Placement estimated setup Total Negative Slack (sTNS): -105958 ns
Placement estimated setup Worst Skew (sWS): -0.04243 ns

Placement estimated setup slack histogram:
[   -8e-09: -7.2e-09)     9 (  0.0%) |
[ -7.2e-09: -6.5e-09)    60 (  0.1%) |
[ -6.5e-09: -5.7e-09)   209 (  0.4%) |
[ -5.7e-09: -4.9e-09)   490 (  0.9%) |*
[ -4.9e-09: -4.1e-09)   537 (  1.0%) |*
[ -4.1e-09: -3.3e-09)  2289 (  4.3%) |*****
[ -3.3e-09: -2.5e-09)  7990 ( 15.1%) |*******************
[ -2.5e-09: -1.8e-09) 18891 ( 35.8%) |*********************************************
[ -1.8e-09: -9.8e-10) 16628 ( 31.5%) |****************************************
[ -9.8e-10: -1.9e-10)  5659 ( 10.7%) |*************

Placement estimated geomean non-virtual intra-domain period: 8.01778 ns (124.723 MHz)
Placement estimated fanout-weighted geomean non-virtual intra-domain period: 8.01778 ns (124.723 MHz)

Placement cost: 0.99968, bb_cost: 2147.15, td_cost: 3.55144e-07, 

Placement resource usage:
  io      implemented as io     : 1084
  clb     implemented as clb    : 1235
  dsp_top implemented as dsp_top: 107
  memory  implemented as memory : 194

Placement number of temperatures: 112
Placement total # of swap attempts: 2024668
	Swaps accepted:  745309 (36.8 %)
	Swaps rejected: 1268260 (62.6 %)
	Swaps aborted:   11099 ( 0.5 %)


Placement perturbation distribution by block and move type: 
------------------ ----------------- ---------------- ---------------- --------------- ------------ 
    Block Type         Move Type       (%) of Total      Accepted(%)     Rejected(%)    Aborted(%)
------------------ ----------------- ---------------- ---------------- --------------- ------------ 
io                 Uniform                9.76             54.76           45.24          0.00         
                   Median                 9.72             60.71           38.46          0.84         
                   Centroid               9.73             61.28           38.72          0.00         
                   W. Centroid            9.76             61.24           38.76          0.00         
                   W. Median              0.78             25.17           74.03          0.80         

clb                Uniform                11.07            6.92            92.97          0.11         
                   Median                 11.12            36.29           62.92          0.78         
                   Centroid               11.11            33.70           66.25          0.05         
                   W. Centroid            11.17            34.61           65.32          0.07         
                   W. Median              0.90             2.84            96.31          0.85         
                   Crit. Uniform          1.92             0.19            99.81          0.00         
                   Feasible Region        1.92             0.08            99.92          0.00         

dsp_top            Uniform                0.97             1.83            98.17          0.00         
                   Median                 0.96             4.42            90.20          5.39         
                   Centroid               0.95             4.28            90.38          5.34         
                   W. Centroid            0.95             4.04            90.45          5.51         
                   W. Median              0.08             0.31            87.58          12.11        

memory             Uniform                1.74             7.41            92.59          0.00         
                   Median                 1.74             15.49           78.61          5.90         
                   Centroid               1.75             12.89           84.09          3.02         
                   W. Centroid            1.75             12.55           87.33          0.12         
                   W. Median              0.14             2.91            83.34          13.75        


Placement Quench timing analysis took 0.044173 seconds (0.0379263 STA, 0.00624671 slack) (1 full updates: 1 setup, 0 hold, 0 combined).
Placement Total  timing analysis took 5.84993 seconds (4.85941 STA, 0.990522 slack) (114 full updates: 114 setup, 0 hold, 0 combined).
update_td_costs: connections 0.0411371 nets 0 sum_nets 0.0208826 total 0.062265
## AP Detailed Placer took 20.03 seconds (max_rss 757.3 MiB, delta_rss +9.0 MiB)
Incr Slack updates 114 in 0.196479 sec
Full Max Req/Worst Slack updates 45 in 0.0504468 sec
Incr Max Req/Worst Slack updates 69 in 0.101782 sec
Incr Criticality updates 48 in 0.153254 sec
Full Criticality updates 66 in 0.363795 sec
Incr Slack updates 1 in 0.0017251 sec
Full Max Req/Worst Slack updates 1 in 0.00115643 sec
Incr Max Req/Worst Slack updates 0 in 0 sec
Incr Criticality updates 0 in 0 sec
Full Criticality updates 1 in 0.00644547 sec
# Analytical Placement took 93.09 seconds (max_rss 757.3 MiB, delta_rss +558.9 MiB)


# Routing
RR graph channel widths unchanged, skipping RR graph rebuild
## Initializing router criticalities
Initial Net Connection Criticality Histogram:
[        0:      0.1) 7098 ( 14.6%) |******************************************
[      0.1:      0.2) 7759 ( 16.0%) |**********************************************
[      0.2:      0.3) 7521 ( 15.5%) |*********************************************
[      0.3:      0.4) 3251 (  6.7%) |*******************
[      0.4:      0.5) 7290 ( 15.0%) |*******************************************
[      0.5:      0.6) 7356 ( 15.1%) |********************************************
[      0.6:      0.7) 5630 ( 11.6%) |*********************************
[      0.7:      0.8) 2013 (  4.1%) |************
[      0.8:      0.9)  491 (  1.0%) |***
[      0.9:        1)  156 (  0.3%) |*
## Initializing router criticalities took 0.64 seconds (max_rss 757.3 MiB, delta_rss +0.0 MiB)
---- ------ ------- ---- ------- ------- ------- ----------------- --------------- -------- ---------- ---------- ---------- ---------- --------
Iter   Time    pres  BBs    Heap  Re-Rtd  Re-Rtd Overused RR Nodes      Wirelength      CPD       sTNS       sWNS       hTNS       hWNS Est Succ
      (sec)     fac Updt    push    Nets   Conns                                       (ns)       (ns)       (ns)       (ns)       (ns)     Iter
---- ------ ------- ---- ------- ------- ------- ----------------- --------------- -------- ---------- ---------- ---------- ---------- --------
   1    1.0     0.0    0 5897778   25862   41715   23736 ( 1.537%)  410154 (22.8%)    8.506 -1.651e+05     -8.506      0.000      0.000      N/A
   2    1.0     0.5    0 5655864   19787   34630   13723 ( 0.888%)  408609 (22.8%)    7.962 -1.408e+05     -7.962      0.000      0.000      N/A
   3    0.9     0.6    0 4974539   14926   27253   11289 ( 0.731%)  415846 (23.2%)    7.962 -1.429e+05     -7.962      0.000      0.000      N/A
   4    0.8     0.8    0 4274707   12466   23411    8815 ( 0.571%)  421486 (23.5%)    7.962 -1.415e+05     -7.962      0.000      0.000      N/A
   5    0.7     1.1    0 3624406   10286   20056    6524 ( 0.422%)  426321 (23.7%)    7.962 -1.393e+05     -7.962      0.000      0.000      N/A
   6    0.6     1.4    0 2746681    8119   16360    4860 ( 0.315%)  430889 (24.0%)    7.972 -1.405e+05     -7.972      0.000      0.000      N/A
   7    0.5     1.9    0 1950122    6336   13066    3507 ( 0.227%)  435219 (24.2%)    8.055 -1.412e+05     -8.055      0.000      0.000      N/A
   8    0.4     2.4    0 1341646    4718   10162    2404 ( 0.156%)  439327 (24.5%)    8.055 -1.416e+05     -8.055      0.000      0.000      N/A
   9    0.3     3.1    0  896672    3337    7503    1617 ( 0.105%)  443192 (24.7%)    8.055 -1.418e+05     -8.055      0.000      0.000       30
  10    0.2     4.1    0  615993    2259    5257    1023 ( 0.066%)  446649 (24.9%)    8.055 -1.421e+05     -8.055      0.000      0.000       28
  11    0.2     5.3    0  394617    1508    3579     619 ( 0.040%)  449119 (25.0%)    8.055 -1.422e+05     -8.055      0.000      0.000       27
  12    0.2     6.9    0  289266     959    2266     346 ( 0.022%)  450817 (25.1%)    8.055 -1.422e+05     -8.055      0.000      0.000       25
  13    0.2     9.0    0  182287     518    1253     160 ( 0.010%)  452190 (25.2%)    8.055 -1.423e+05     -8.055      0.000      0.000       24
  14    0.1    11.6    0   88096     262     549      89 ( 0.006%)  452851 (25.2%)    8.055 -1.424e+05     -8.055      0.000      0.000       22
  15    0.1    15.1    0   62566     148     267      39 ( 0.003%)  453473 (25.3%)    8.055 -1.424e+05     -8.055      0.000      0.000       22
  16    0.1    19.7    0   47810      65     100      17 ( 0.001%)  453657 (25.3%)    8.055 -1.424e+05     -8.055      0.000      0.000       21
  17    0.1    25.6    0   44412      42      59      11 ( 0.001%)  453809 (25.3%)    8.055 -1.424e+05     -8.055      0.000      0.000       21
  18    0.1    33.3    0   39531      29      39       4 ( 0.000%)  453917 (25.3%)    8.055 -1.424e+05     -8.055      0.000      0.000       20
  19    0.2    43.3    0  221370      18      29       2 ( 0.000%)  453941 (25.3%)    8.055 -1.424e+05     -8.055      0.000      0.000       20
  20    0.2    56.2    0   63683      19      27       3 ( 0.000%)  453885 (25.3%)    8.055 -1.424e+05     -8.055      0.000      0.000       21
  21    0.2    73.1    0   65955      16      24       2 ( 0.000%)  453941 (25.3%)    8.055 -1.424e+05     -8.055      0.000      0.000       21
  22    0.1    95.0    0   37272      17      24       3 ( 0.000%)  453917 (25.3%)    8.055 -1.424e+05     -8.055      0.000      0.000       22
  23    0.1   123.5    0   36865      16      23       2 ( 0.000%)  453949 (25.3%)    8.055 -1.424e+05     -8.055      0.000      0.000       23
  24    0.1   160.6    0   37159      16      25       1 ( 0.000%)  453925 (25.3%)    8.055 -1.424e+05     -8.055      0.000      0.000       23
  25    0.2   208.8    0   64503      15      23       1 ( 0.000%)  453949 (25.3%)    8.055 -1.424e+05     -8.055      0.000      0.000       24
  26    0.1   271.4    0   36677      15      22       1 ( 0.000%)  453937 (25.3%)    8.055 -1.424e+05     -8.055      0.000      0.000       24
  27    0.1   352.8    0   33864      14      21       1 ( 0.000%)  453937 (25.3%)    8.055 -1.424e+05     -8.055      0.000      0.000       25
  28    0.1   458.7    0   36540      15      24       1 ( 0.000%)  453953 (25.3%)    8.055 -1.424e+05     -8.055      0.000      0.000       26
  29    0.1   596.3    0   36272      15      24       1 ( 0.000%)  453973 (25.3%)    8.055 -1.424e+05     -8.055      0.000      0.000       26
  30    0.1   775.1    0   37319      15      24       1 ( 0.000%)  453973 (25.3%)    8.055 -1.424e+05     -8.055      0.000      0.000       27
  31    0.1  1000.0    0   42320      16      26       1 ( 0.000%)  453933 (25.3%)    8.055 -1.424e+05     -8.055      0.000      0.000       28
  32    0.1  1000.0    0   36693      15      22       1 ( 0.000%)  453937 (25.3%)    8.055 -1.424e+05     -8.055      0.000      0.000       29
  33    0.1  1000.0    0   36804      15      22       1 ( 0.000%)  453925 (25.3%)    8.055 -1.424e+05     -8.055      0.000      0.000       29
  34    0.2  1000.0    0   64482      15      23       1 ( 0.000%)  453949 (25.3%)    8.055 -1.424e+05     -8.055      0.000      0.000       30
  35    0.1  1000.0    0   36656      15      22       1 ( 0.000%)  453937 (25.3%)    8.055 -1.424e+05     -8.055      0.000      0.000       31
  36    0.1  1000.0    0   33872      14      21       1 ( 0.000%)  453937 (25.3%)    8.055 -1.424e+05     -8.055      0.000      0.000       32
  37    0.1  1000.0    0   38396      15      24       1 ( 0.000%)  453953 (25.3%)    8.055 -1.424e+05     -8.055      0.000      0.000       32
  38    0.1  1000.0    0    8170      14      22       1 ( 0.000%)  453957 (25.3%)    8.055 -1.424e+05     -8.055      0.000      0.000       33
  39    0.1  1000.0    0   38497      15      28       1 ( 0.000%)  453981 (25.3%)    8.055 -1.424e+05     -8.055      0.000      0.000       34
  40    0.1  1000.0    0   38277      15      28       1 ( 0.000%)  453997 (25.3%)    8.055 -1.424e+05     -8.055      0.000      0.000       34
  41    0.1  1000.0    0    9965      15      27       0 ( 0.000%)  453981 (25.3%)    8.055 -1.424e+05     -8.055      0.000      0.000      N/A
Restoring best routing
Critical path: 8.05548 ns
Successfully routed after 41 routing iterations.
Final Net Connection Criticality Histogram:
[        0:      0.1) 7399 ( 15.2%) |**********************************
[      0.1:      0.2) 4797 (  9.9%) |**********************
[      0.2:      0.3) 7791 ( 16.0%) |************************************
[      0.3:      0.4) 4599 (  9.5%) |*********************
[      0.4:      0.5) 4576 (  9.4%) |*********************
[      0.5:      0.6) 9930 ( 20.4%) |**********************************************
[      0.6:      0.7) 6205 ( 12.8%) |*****************************
[      0.7:      0.8) 2308 (  4.8%) |***********
[      0.8:      0.9)  766 (  1.6%) |****
[      0.9:        1)  194 (  0.4%) |*
Router Stats: total_nets_routed: 111982 total_connections_routed: 208080 total_heap_pushes: 34218604 total_heap_pops: 9879000 
Serial Connection Router is being destroyed. Time spent on path search: 4.995 seconds.
# Routing took 12.13 seconds (max_rss 784.0 MiB, delta_rss +26.7 MiB)

Checking to ensure routing is legal...
# Checking to ensure non-configurable edges are legal
# Checking to ensure non-configurable edges are legal took 0.07 seconds (max_rss 784.0 MiB, delta_rss +0.0 MiB)
Completed routing consistency check successfully.

Serial number (magic cookie) for the routing is: 320675179
Circuit successfully routed with a channel width factor of 120.
Incr Slack updates 42 in 0.0679538 sec
Full Max Req/Worst Slack updates 2 in 0.00238346 sec
Incr Max Req/Worst Slack updates 40 in 0.0608826 sec
Incr Criticality updates 37 in 0.108897 sec
Full Criticality updates 5 in 0.0329988 sec
# Synchronize the packed netlist to routing optimization
## Annotating rr_node with routed nets
## Annotating rr_node with routed nets took 0.01 seconds (max_rss 784.0 MiB, delta_rss +0.0 MiB)
Found 44005 mismatches between routing and packing results.
Fixed 30809 routing traces due to mismatch between routing and packing results.
# Synchronize the packed netlist to routing optimization took 0.29 seconds (max_rss 784.0 MiB, delta_rss +0.0 MiB)
Final Clustering Statistics: 
----------   --------   ------------------------------------   --------------------------
Block Type   # Blocks   Avg. # of input clocks and pins used   Avg. # of output pins used
----------   --------   ------------------------------------   --------------------------
     EMPTY          0                                      0                            0   
        io       1084                              0.0295203                      0.97048   
       clb       1235                                27.9466                      15.3628   
   dsp_top        107                                40.9813                      20.1869   
    memory        194                                49.6598                      18.9691   
Absorbed logical nets 24200 out of 50065 nets, 25865 nets not absorbed.


Average number of bends per net: 1.83079  Maximum # of bends: 292

Number of global nets: 3
Number of routed nets (nonglobal): 25862
Wire length results (in units of 1 clb segments)...
	Total wirelength: 453981, average net length: 17.5540
	Maximum net length: 2456

Wire length results in terms of physical segments...
	Total wiring segments used: 102661, average wire segments per net: 3.96957
	Maximum segments used by a net: 530
	Total local nets with reserved CLB opins: 0
Total number of nets absorbed: 8

Routing channel utilization histogram:
[        1:      inf)    0 (  0.0%) |
[      0.9:        1)    0 (  0.0%) |
[      0.8:      0.9)   18 (  0.1%) |
[      0.7:      0.8) 1068 (  7.1%) |**********
[      0.5:      0.6) 1056 (  7.0%) |**********
[      0.4:      0.5) 1380 (  9.1%) |**************
[      0.3:      0.4) 1833 ( 12.1%) |******************
[      0.2:      0.3) 2201 ( 14.5%) |**********************
[      0.1:      0.2) 2894 ( 19.1%) |****************************
[        0:      0.1) 4688 ( 31.0%) |**********************************************
Maximum routing channel utilization:      0.87 at (54,52)

X - Directed channels: layer   y   max occ   ave occ   ave cap
                        ----- ---- -------- -------- --------
                            0    0       59   31.895      120
                            0    1       15    3.488      120
                            0    2       36    6.000      120
                            0    3       55   12.953      120
                            0    4       50   14.465      120
                            0    5       42   11.721      120
                            0    6       49   15.000      120
                            0    7       57   16.000      120
                            0    8       49   18.640      120
                            0    9       49   16.465      120
                            0   10       47   16.233      120
                            0   11       66   23.291      120
                            0   12       71   24.884      120
                            0   13       48   18.233      120
                            0   14       55   16.558      120
                            0   15       65   20.791      120
                            0   16       61   19.337      120
                            0   17       55   18.326      120
                            0   18       59   22.430      120
                            0   19       63   21.233      120
                            0   20       50   18.826      120
                            0   21       59   18.884      120
                            0   22       64   28.733      120
                            0   23       69   32.756      120
                            0   24       60   29.453      120
                            0   25       69   28.849      120
                            0   26       73   32.791      120
                            0   27       80   32.209      120
                            0   28       84   35.128      120
                            0   29       85   34.756      120
                            0   30       89   33.884      120
                            0   31       84   38.977      120
                            0   32       87   34.593      120
                            0   33       81   30.256      120
                            0   34       72   30.500      120
                            0   35       67   31.477      120
                            0   36       81   36.174      120
                            0   37      102   37.733      120
                            0   38       84   38.163      120
                            0   39       90   40.221      120
                            0   40       70   37.419      120
                            0   41       76   34.872      120
                            0   42       85   40.233      120
                            0   43       88   40.221      120
                            0   44       86   40.186      120
                            0   45       91   42.419      120
                            0   46       90   42.709      120
                            0   47       93   45.337      120
                            0   48      100   47.395      120
                            0   49       93   46.837      120
                            0   50       93   47.372      120
                            0   51       92   48.081      120
                            0   52       88   45.151      120
                            0   53       94   45.337      120
                            0   54       92   47.337      120
                            0   55       94   48.593      120
                            0   56       89   45.267      120
                            0   57       91   46.360      120
                            0   58       91   49.733      120
                            0   59       89   48.930      120
                            0   60       97   49.651      120
                            0   61       88   53.849      120
                            0   62       85   53.628      120
                            0   63       77   45.453      120
                            0   64       80   45.779      120
                            0   65       86   42.779      120
                            0   66       85   39.686      120
                            0   67       81   36.198      120
                            0   68       78   35.186      120
                            0   69       74   28.988      120
                            0   70       68   31.453      120
                            0   71       62   25.291      120
                            0   72       56   22.419      120
                            0   73       57   24.512      120
                            0   74       63   26.605      120
                            0   75       67   24.535      120
                            0   76       62   16.767      120
                            0   77       59   13.733      120
                            0   78       57   11.779      120
                            0   79       52    7.035      120
                            0   80       47    5.163      120
                            0   81       27    3.302      120
                            0   82       19    3.349      120
                            0   83        7    1.651      120
                            0   84        5    1.070      120
                            0   85        6    0.837      120
                            0   86       66   33.663      120
Y - Directed channels: layer   x   max occ   ave occ   ave cap
                        ----- ---- -------- -------- --------
                            0    0       66   22.279      120
                            0    1       45   22.244      120
                            0    2       69   29.256      120
                            0    3       38   14.547      120
                            0    4       66   18.453      120
                            0    5       61   30.116      120
                            0    6       68   26.733      120
                            0    7       58   13.721      120
                            0    8       41    9.256      120
                            0    9       53    7.302      120
                            0   10       66    9.314      120
                            0   11       63   11.012      120
                            0   12       63    6.384      120
                            0   13       54    9.895      120
                            0   14       69   21.198      120
                            0   15       55   23.849      120
                            0   16       75   22.744      120
                            0   17       93   42.512      120
                            0   18       85   52.116      120
                            0   19       88   31.233      120
                            0   20       91   38.174      120
                            0   21       91   54.047      120
                            0   22       82   50.698      120
                            0   23       75   35.500      120
                            0   24       79   34.372      120
                            0   25       89   24.919      120
                            0   26       73   18.326      120
                            0   27       64   17.547      120
                            0   28       67   16.372      120
                            0   29       77   22.977      120
                            0   30       94   30.570      120
                            0   31       89   33.849      120
                            0   32       99   34.326      120
                            0   33       88   48.302      120
                            0   34       94   57.128      120
                            0   35       95   47.872      120
                            0   36       90   50.744      120
                            0   37       94   65.953      120
                            0   38       95   63.767      120
                            0   39       92   54.814      120
                            0   40       91   46.430      120
                            0   41       79   34.337      120
                            0   42       85   40.744      120
                            0   43       81   35.767      120
                            0   44       82   26.802      120
                            0   45       84   26.047      120
                            0   46       86   33.919      120
                            0   47       86   35.035      120
                            0   48       87   36.256      120
                            0   49       91   54.163      120
                            0   50       89   61.244      120
                            0   51       89   45.395      120
                            0   52       95   52.267      120
                            0   53       97   59.500      120
                            0   54      104   54.430      120
                            0   55       77   30.186      120
                            0   56       75   22.814      120
                            0   57       75   20.512      120
                            0   58       84   19.186      120
                            0   59       82   16.512      120
                            0   60       71   13.802      120
                            0   61       68   17.372      120
                            0   62       76   26.023      120
                            0   63       72   27.698      120
                            0   64       68   30.372      120
                            0   65       80   48.465      120
                            0   66       92   60.233      120
                            0   67       83   42.430      120
                            0   68       83   44.116      120
                            0   69       92   50.756      120
                            0   70       81   48.919      120
                            0   71       51   21.244      120
                            0   72       25   13.163      120
                            0   73       34   10.116      120
                            0   74       38   10.698      120
                            0   75       42    8.779      120
                            0   76       32    7.244      120
                            0   77       29   12.453      120
                            0   78       38   15.686      120
                            0   79       40   17.605      120
                            0   80       60   18.384      120
                            0   81       75   35.500      120
                            0   82       77   44.081      120
                            0   83       56   25.023      120
                            0   84       67   31.686      120
                            0   85       67   29.407      120
                            0   86       53   25.174      120

Total existing wires segments: CHANX    897840, CHANY    897840, CHANZ         0, ALL   1795680
Total used wires segments:     CHANX    220715, CHANY    233266, CHANZ         0, ALL    453981
Usage percentage:              CHANX     24.6%, CHANY     26.0%, CHANZ      0.0%, ALL     25.3%

Logic area (in minimum width transistor areas, excludes I/Os and empty grid tiles)...
	Total logic block area (Warning, need to add pitch of routing to blocks with height > 3): 2.4541e+08
	Total used logic block area: 8.83235e+07

Routing area (in minimum width transistor areas)...
	Total routing area: 7.57549e+07, per logic tile: 9782.39

Total Number of Wiring Segments by Direction: direction length number
                                              --------- ------ -------
                                                      X      4 201318
                                                      Y      4 201318
                                                      X     16   8810
                                                      Y     16   8810

X - Directed Wiring Segment usage by length: length utilization
                                             ------ -----------
                                             4       0.243
                                            16       0.191

Y - Directed Wiring Segment usage by length: length utilization
                                             ------ -----------
                                             4       0.247
                                            16       0.257

Segment occupancy by length: Length Occupancy Capacity Utilization
                             ------ --------- -------- -----------
                             L4         98712   402636       0.245
                             L16         3949    17620       0.224

Segment occupancy by type: name type utilization
                           ---- ---- -----------
                             L4    0       0.245
                            L16    1       0.224

Final hold Worst Negative Slack (hWNS): 0 ns
Final hold Total Negative Slack (hTNS): 0 ns
Final hold Worst Skew (hWS): 0 ns

Final hold slack histogram:
[  4.1e-11:  6.1e-10)  3474 (  6.6%) |***************
[  6.1e-10:  1.2e-09)  7690 ( 14.6%) |*********************************
[  1.2e-09:  1.7e-09)  5659 ( 10.7%) |************************
[  1.7e-09:  2.3e-09)  8871 ( 16.8%) |**************************************
[  2.3e-09:  2.9e-09)  9601 ( 18.2%) |*****************************************
[  2.9e-09:  3.4e-09) 10490 ( 19.9%) |*********************************************
[  3.4e-09:    4e-09)  4629 (  8.8%) |********************
[    4e-09:  4.6e-09)  1808 (  3.4%) |********
[  4.6e-09:  5.1e-09)   440 (  0.8%) |**
[  5.1e-09:  5.7e-09)   100 (  0.2%) |

Final critical path delay (least slack): 8.05548 ns, Fmax: 124.139 MHz
Final critical path skew: -0.04243 ns
Final setup Worst Negative Slack (sWNS): -8.05548 ns
Final setup Total Negative Slack (sTNS): -142410 ns
Final setup Worst Skew (sWS): -0.04243 ns

Final setup slack histogram:
[ -8.1e-09: -7.3e-09)    41 (  0.1%) |
[ -7.3e-09: -6.5e-09)   105 (  0.2%) |
[ -6.5e-09: -5.7e-09)   338 (  0.6%) |*
[ -5.7e-09: -4.9e-09)   801 (  1.5%) |**
[ -4.9e-09: -4.1e-09)  3934 (  7.5%) |***********
[ -4.1e-09: -3.3e-09)  8343 ( 15.8%) |************************
[ -3.3e-09: -2.6e-09) 15814 ( 30.0%) |*********************************************
[ -2.6e-09: -1.8e-09) 12876 ( 24.4%) |*************************************
[ -1.8e-09: -9.8e-10)  5883 ( 11.2%) |*****************
[ -9.8e-10: -1.9e-10)  4627 (  8.8%) |*************

Final geomean non-virtual intra-domain period: 8.05548 ns (124.139 MHz)
Final fanout-weighted geomean non-virtual intra-domain period: 8.05548 ns (124.139 MHz)

Incr Slack updates 1 in 0.00170049 sec
Full Max Req/Worst Slack updates 1 in 0.00118856 sec
Incr Max Req/Worst Slack updates 0 in 0 sec
Incr Criticality updates 0 in 0 sec
Full Criticality updates 1 in 0.00658419 sec
Flow timing analysis took 11.2712 seconds (9.67853 STA, 1.59267 slack) (158 full updates: 115 setup, 0 hold, 43 combined).
VPR succeeded
The entire flow of VPR took 109.72 seconds (max_rss 784.0 MiB)

