VPR FPGA Placement and Routing.
Version: 9.0.0-dev+v8.0.0-18248-g40f8d19708
Revision: v8.0.0-18248-g40f8d19708
Compiled: 2026-09-22T03:43:48
Compiler: GNU 13.3.0 on Linux-5.15.0-119-generic x86_64
Build Info: release IPO VTR_ASSERT_LEVEL=2

University of Toronto
verilogtorouting.org
vtr-users@googlegroups.com
This is free open source code under MIT license.

VPR was run with the following command-line:
/inspire/hdd/project/project-public/changshunjie-253114010247/changshunjie-253114010247/workspace/DAC2027/vtr/vtr-verilog-to-routing/vpr/vpr /inspire/hdd/project/project-public/changshunjie-253114010247/changshunjie-253114010247/workspace/DAC2027/vtr/vtr-verilog-to-routing/vtr_flow/arch/COFFE_22nm/k6FracN10LB_mem20K_complexDSP_customSB_22nm.xml /inspire/hdd/project/project-public/changshunjie-253114010247/changshunjie-253114010247/workspace/DAC2027/TailCompile/experiments/vtr/runs/pilot_v1/attention_layer/full-seed1-w300/attention_layer.pre-vpr.blif --analytical_place --route --analysis --ap_full_legalizer flat-recon --ap_detailed_placer annealer --seed 11 --route_chan_width 120 --write_flat_place /inspire/hdd/project/project-public/changshunjie-253114010247/changshunjie-253114010247/workspace/DAC2027/TailCompile/vtr_work/tailcompile_v3/attention_layer/4x4/gnn_candidate-fpc884e800-flat-recon-annealer-seed11-w120-devw88/post_route.fplace --write_legalized_flat_place /inspire/hdd/project/project-public/changshunjie-253114010247/changshunjie-253114010247/workspace/DAC2027/TailCompile/vtr_work/tailcompile_v3/attention_layer/4x4/gnn_candidate-fpc884e800-flat-recon-annealer-seed11-w120-devw88/post_legalizer.fplace --flat_place_verbosity 1 --device_width 88 --net_file /inspire/hdd/project/project-public/changshunjie-253114010247/changshunjie-253114010247/workspace/DAC2027/TailCompile/vtr_work/tailcompile_v3/attention_layer/4x4/gnn_candidate-fpc884e800-flat-recon-annealer-seed11-w120-devw88/attention_layer.locked-input.net --read_flat_place /inspire/hdd/global_user/changshunjie-253114010247/workspace/DAC2027/TailCompile/experiments/vtr/tailcompile_v3/attention_layer/4x4/pools/bootstrap_24/candidate_13_seed13040.fplace

Using up to 1 parallel worker(s)

Architecture file: /inspire/hdd/project/project-public/changshunjie-253114010247/changshunjie-253114010247/workspace/DAC2027/vtr/vtr-verilog-to-routing/vtr_flow/arch/COFFE_22nm/k6FracN10LB_mem20K_complexDSP_customSB_22nm.xml
Circuit name: attention_layer.pre-vpr

# Loading Architecture Description
# Loading Architecture Description took 0.03 seconds (max_rss 31.7 MiB, delta_rss +0.0 MiB)

Timing analysis: ON
Circuit netlist file: /inspire/hdd/project/project-public/changshunjie-253114010247/changshunjie-253114010247/workspace/DAC2027/TailCompile/vtr_work/tailcompile_v3/attention_layer/4x4/gnn_candidate-fpc884e800-flat-recon-annealer-seed11-w120-devw88/attention_layer.locked-input.net
Circuit placement file: attention_layer.pre-vpr.place
Circuit routing file: attention_layer.pre-vpr.route
Circuit SDC file: attention_layer.pre-vpr.sdc
Vpr floorplanning constraints file: not specified

Packer: DISABLED
Placer: DISABLED
Analytical Placer: ENABLED
Router: ENABLED
Analysis: ENABLED

VPR was run with the following options:

netlist_opts.absorb_buffer_luts            : true
netlist_opts.sweep_dangling_primary_ios    : true
netlist_opts.sweep_dangling_nets           : true
netlist_opts.sweep_dangling_blocks         : true
netlist_opts.sweep_constant_primary_outputs: false
netlist_opts.netlist_verbosity             : 1
netlist_opts.const_gen_inference           : COMB_SEQ

AnalyticalPlacerOpts.analytical_solver_type: lp-b2b
AnalyticalPlacerOpts.partial_legalizer_type: bipartitioning
AnalyticalPlacerOpts.full_legalizer_type: flat-recon
AnalyticalPlacerOpts.detailed_placer_type: annealer
AnalyticalPlacerOpts.ap_timing_tradeoff: 0.500000
AnalyticalPlacerOpts.ap_high_fanout_threshold: 256
AnalyticalPlacerOpts.log_verbosity: 1
router_opts.route_type: DETAILED
router_opts.flat_routing: false
router_opts.choke_points: on
router_opts.router_algorithm: TIMING_DRIVEN
router_opts.base_cost_type: DELAY_NORMALIZED_LENGTH
router_opts.fixed_channel_width: 120
router_opts.check_route: FULL
router_opts.acc_fac: 1.000000
router_opts.bb_factor: 3
router_opts.bend_cost: 0.000000
router_opts.first_iter_pres_fac: 0.000000
router_opts.initial_pres_fac: 0.500000
router_opts.pres_fac_mult: 1.300000
router_opts.max_pres_fac: 1000.000000
router_opts.max_router_iterations: 50
router_opts.min_incremental_reroute_fanout: 16
router_opts.initial_acc_cost_chan_congestion_threshold: 0.500000
router_opts.initial_acc_cost_chan_congestion_weight: 0.500000
router_opts.do_check_rr_graph: true
router_opts.verify_binary_search: false
router_opts.min_channel_width_hint: 0
router_opts.read_rr_edge_metadata: false
router_opts.exit_after_first_routing_iteration: false
router_opts.astar_fac: 1.200000
router_opts.astar_offset: 0.000000
router_opts.router_profiler_astar_fac: 1.200000
router_opts.enable_parallel_connection_router: false
router_opts.post_target_prune_fac: 1.200000
router_opts.post_target_prune_offset: 0
router_opts.multi_queue_num_threads: 1
router_opts.multi_queue_num_queues: 2
router_opts.multi_queue_direct_draining: false
router_opts.criticality_exp: 1.000000
router_opts.max_criticality: 0.990000
router_opts.init_wirelength_abort_threshold: 0.850000
router_opts.incr_reroute_delay_ripup: AUTO
router_opts.save_routing_per_iteration: false
router_opts.congested_routing_iteration_threshold_frac: 1.000000
router_opts.high_fanout_threshold: 64
router_opts.router_debug_net: -2
router_opts.router_debug_sink_rr: -2
router_opts.router_debug_iteration: -2
router_opts.max_convergence_count: 1
router_opts.reconvergence_cpd_threshold: 0.990000
router_opts.update_lower_bound_delays: true
router_opts.first_iteration_timing_report_file: 
router_opts.route_bb_update: DYNAMIC
router_opts.lookahead_type: MAP
router_opts.initial_timing: LOOKAHEAD
router_opts.router_heap: FOUR_ARY_HEAP
router_opts.routing_failure_predictor = SAFE
router_opts.routing_predictor_min_history: 8
router_opts.routing_budgets_algorithm = DISABLE

analysis_opts.gen_post_synthesis_netlist: false
analysis_opts.gen_post_implementation_merged_netlist: false
analysis_opts.gen_post_implementation_sdc: false
analysis_opts.timing_report_npaths: 100
analysis_opts.timing_report_skew: false
analysis_opts.echo_dot_timing_graph_node: -1
analysis_opts.timing_report_detail: NETLIST
analysis_opts.post_synth_netlist_unconn_input_handling: UNCONNECTED
analysis_opts.post_synth_netlist_unconn_output_handling: UNCONNECTED
analysis_opts.post_synth_netlist_module_parameters: on

# Building complex block graph
# Building complex block graph took 0.08 seconds (max_rss 31.7 MiB, delta_rss +0.0 MiB)
Circuit file: /inspire/hdd/project/project-public/changshunjie-253114010247/changshunjie-253114010247/workspace/DAC2027/TailCompile/experiments/vtr/runs/pilot_v1/attention_layer/full-seed1-w300/attention_layer.pre-vpr.blif
# Load circuit
Found 4 constant generator(s) in the netlist (2 constant-zero, 2 constant-one) (run with --netlist_verbosity 2 to list names)
# Load circuit took 0.55 seconds (max_rss 135.1 MiB, delta_rss +103.4 MiB)
# Clean circuit
Absorbed 7975 LUT buffers
Found 1090 primitive output pin(s) driven only by constants; marked them as constants
Swept input(s)      : 7
Swept output(s)     : 0 (0 dangling, 0 constant)
Swept net(s)        : 10126
Swept block(s)      : 33
Constant Pins Marked: 1090
# Clean circuit took 0.13 seconds (max_rss 135.1 MiB, delta_rss +0.0 MiB)
# Compress circuit
# Compress circuit took 0.07 seconds (max_rss 135.1 MiB, delta_rss +0.0 MiB)
# Verify circuit
# Verify circuit took 0.02 seconds (max_rss 135.1 MiB, delta_rss +0.0 MiB)
Circuit Statistics:
  Blocks: 40113
    .input            :    1052
    .latch            :    8844
    .names            :   17218
        0-LUT:       3
        1-LUT:    5989
        2-LUT:     920
        3-LUT:    4530
        4-LUT:    3023
        5-LUT:    1163
        6-LUT:    1590
    .output           :      32
    adder             :    9150
    addition_fp_clk_16:       1
    dual_port_ram     :    3680
    multiply          :     136
  Nets  : 50065
    Avg Fanout:     2.9
    Max Fanout: 12525.0
    Min Fanout:     1.0
  Netlist Clocks: 1
# Build Timing Graph
  Timing Graph Nodes: 245193
  Timing Graph Edges: 446068
  Timing Graph Levels: 66
# Build Timing Graph took 0.24 seconds (max_rss 200.5 MiB, delta_rss +59.8 MiB)
Netlist contains 1 clocks
  Netlist Clock 'clk' Fanout: 12525 pins (6.5%), 12525 blocks (31.2%)
# Load Timing Constraints

SDC file 'attention_layer.pre-vpr.sdc' not found
Setting default timing constraints:
   * constrain all primary inputs and primary outputs on netlist clock 'clk'
   * optimize netlist clock to run as fast as possible
Timing constraints created 1 clocks
  Constrained Clock 'clk' Source: 'clk.inpad[0]'

# Load Timing Constraints took 0.00 seconds (max_rss 200.5 MiB, delta_rss +0.0 MiB)
# Analytical Placement
## Prepacker

There is one chain in this architecture called "chain" with the following starting points:
	clb[0]/lab[0]/fle[0]/ble5[0]/arithmetic[0]/adder[0].cin[0]

## Prepacker took 0.04 seconds (max_rss 200.5 MiB, delta_rss +0.0 MiB)
## Initializing Pre-Cluster Timing
Using inter-cluster delay: 2.1832e-09
## Initializing Pre-Cluster Timing took 0.40 seconds (max_rss 206.7 MiB, delta_rss +6.2 MiB)
## Estimate Device Size
Device layout 'auto' with fixed width 88.
FPGA sized to 88 x 88: 7744 grid tiles (auto)
## Estimate Device Size took 0.00 seconds (max_rss 206.7 MiB, delta_rss +0.0 MiB)
## Ram Mapper
Flat Placement is provided, skipping the RAM mapping.
## Ram Mapper took 0.00 seconds (max_rss 206.7 MiB, delta_rss +0.0 MiB)
## Read Atom Netlist to AP Netlist
## Read Atom Netlist to AP Netlist took 0.38 seconds (max_rss 274.4 MiB, delta_rss +67.6 MiB)
Analytical Placement Netlist Statistics:
	AP Blocks: 25061
		Moveable AP Blocks: 25061
		Fixed AP Blocks: 0
	AP Nets: 34982
		Average Fanout: 2.94
		Highest Fanout: 257
	AP Pins: 193913

## Computing placement delta delay look-up
### Build routing resource graph
### Build routing resource graph took 4.36 seconds (max_rss 679.9 MiB, delta_rss +405.6 MiB)
  RR Graph Nodes: 1544620
  RR Graph Edges: 13178036
### Computing router lookahead map
#### Computing wire lookahead
#### Computing wire lookahead took 5.07 seconds (max_rss 679.9 MiB, delta_rss +0.0 MiB)
#### Computing src/opin lookahead
Warning 1: Found no more sample locations for SOURCE in io
Warning 2: Found no more sample locations for OPIN in io
Warning 3: Found no more sample locations for SOURCE in clb
Warning 4: Found no more sample locations for OPIN in clb
Warning 5: Found no more sample locations for SOURCE in dsp_top
Warning 6: Found no more sample locations for OPIN in dsp_top
Warning 7: Found no more sample locations for SOURCE in memory
Warning 8: Found no more sample locations for OPIN in memory
#### Computing src/opin lookahead took 0.18 seconds (max_rss 679.9 MiB, delta_rss +0.0 MiB)
### Computing router lookahead map took 5.27 seconds (max_rss 679.9 MiB, delta_rss +0.0 MiB)
Serial Connection Router is being destroyed. Time spent on path search: 0.000 seconds.
## Computing placement delta delay look-up took 9.89 seconds (max_rss 679.9 MiB, delta_rss +405.6 MiB)
Flat Placement is provided in the AP flow, skipping the Global Placement.
0 of 25061 molecules placed at device center (no atoms of these molecules found in flat placement).
## AP Full Legalizer
### Creating Clusters
Device (width, height): (88,88)
#### Sorting and Grouping Blocks by Tile
#### Sorting and Grouping Blocks by Tile took 0.01 seconds (max_rss 679.9 MiB, delta_rss +0.0 MiB)
#### Reconstruction Pass Clustering
#### Reconstruction Pass Clustering took 57.85 seconds (max_rss 679.9 MiB, delta_rss +0.0 MiB)
#### Orphan Window Clustering with search radius 8
#### Orphan Window Clustering with search radius 8 took 0.02 seconds (max_rss 679.9 MiB, delta_rss +0.0 MiB)
FPGA sized to 88 x 88: 7744 grid tiles (auto)
Device Utilization: 0.28 (target 1.00)
	Block Utilization: 0.39 Type: io
	Block Utilization: 0.19 Type: clb
	Block Utilization: 0.85 Type: dsp_top
	Block Utilization: 0.75 Type: memory

----------------------------------------------------------------
                       Clustering Summary                       
----------------------------------------------------------------
Clusters created (Self Clustering)                       : 2605
    dsp_top    : 107
    memory     : 194
    clb        : 1220
    io         : 1084
Clusters created (Orphan Window Clustering)              : 14
    clb        : 14
Total clusters                                           : 2619
Percent of clusters created in Orphan Window Clustering  : 0.53%
Molecules clustered in each stage breakdown  : (Total of 25061)
	Self Clustering          (0.998963)  : 25035
 	Neighbor Clustering      (0.000000)  : 0
	Orphan Window Clustering (0.001037)  : 26
----------------------------------------------------------------

Final Clustering Statistics: 
----------   --------   ------------------------------------   --------------------------
Block Type   # Blocks   Avg. # of input clocks and pins used   Avg. # of output pins used
----------   --------   ------------------------------------   --------------------------
     EMPTY          0                                      0                            0   
        io       1084                              0.0295203                      0.97048   
       clb       1234                                27.9692                      15.3752   
   dsp_top        107                                40.9813                      20.1869   
    memory        194                                49.6598                      18.9691   
Absorbed logical nets 24200 out of 50065 nets, 25865 nets not absorbed.
#### Load packing
##### Loading packed FPGA netlist file.
Netlist generated from file '/inspire/hdd/project/project-public/changshunjie-253114010247/changshunjie-253114010247/workspace/DAC2027/TailCompile/vtr_work/tailcompile_v3/attention_layer/4x4/gnn_candidate-fpc884e800-flat-recon-annealer-seed11-w120-devw88/attention_layer.locked-input.net'.
Detected 3 constant generators (to see names run with higher pack verbosity)
##### Loading packed FPGA netlist file. took 2.05 seconds (max_rss 747.1 MiB, delta_rss +67.1 MiB)
Warning 9: Treated 2 constant nets as global which will not be routed (to see net names increase packer verbosity).
Netlist contains 5542 global net to non-global architecture pin connections
Found 2 logic block(s) with only 1 output pin and no inputs; they may be constant generators (run with --pack_verbosity 3 to list them)
Completed clustering consistency check successfully.
Cluster level netlist and block usage statistics
Netlist num_nets: 25865
Netlist num_blocks: 2619
Netlist EMPTY blocks: 0.
Netlist io blocks: 1084.
Netlist clb blocks: 1234.
Netlist dsp_top blocks: 107.
Netlist memory blocks: 194.
Netlist inputs pins: 1052
Netlist output pins: 32

Pb types usage...
  io                   : 1084
   inpad               : 1052
   outpad              : 32
  clb                  : 1234
   lab                 : 1234
    fle                : 11240
     ble5              : 19054
      flut5            : 9904
       lut5            : 9613
        lut            : 9613
       ff              : 8130
      arithmetic       : 9150
       lut4            : 6015
        lut            : 6015
       adder           : 9150
     ble6              : 1590
      lut6             : 1590
       lut             : 1590
      ff               : 714
  dsp_top              : 107
   dsp                 : 107
    dsp_pb             : 107
     two_mult_18x19    : 136
      mult_18x19       : 136
     adder_fp16        : 1
  memory               : 194
   mem_1024x20_dp      : 194
    memory_slice       : 3680

#### Load packing took 2.42 seconds (max_rss 747.1 MiB, delta_rss +67.1 MiB)
Netlist contains 5542 global net to non-global architecture pin connections
Found 2 logic block(s) with only 1 output pin and no inputs; they may be constant generators (run with --pack_verbosity 3 to list them)
Cluster level netlist and block usage statistics
Netlist num_nets: 25865
Netlist num_blocks: 2619
Netlist EMPTY blocks: 0.
Netlist io blocks: 1084.
Netlist clb blocks: 1234.
Netlist dsp_top blocks: 107.
Netlist memory blocks: 194.
Netlist inputs pins: 1052
Netlist output pins: 32
### Creating Clusters took 61.48 seconds (max_rss 747.1 MiB, delta_rss +67.1 MiB)
Completed clustering consistency check successfully.
FPGA sized to 88 x 88: 7744 grid tiles (auto)
### Compressed grid construction
### Compressed grid construction took 0.00 seconds (max_rss 747.1 MiB, delta_rss +0.0 MiB)
### Initial Placement
Placing clusters that are part of larger macros...
Number of blocks to be placed: 16
Max distance on device: 176
---- ---------- ---------- -------------
Pass Max Displ. Num Blocks Num Blocks   
     Threshold  Placed     Left Unplaced
---- ---------- ---------- -------------
   0          0         14             2
   1          1          2             0

Placing general clusters...
Number of blocks to be placed: 2603
Max distance on device: 176
---- ---------- ---------- -------------
Pass Max Displ. Num Blocks Num Blocks   
     Threshold  Placed     Left Unplaced
---- ---------- ---------- -------------
   0          0       2593            10
   1          1          2             8
   2          2          4             4
   3          4          3             1
   4          8          1             0

### Initial Placement took 0.01 seconds (max_rss 747.1 MiB, delta_rss +0.0 MiB)
Flat Placement Reconstruction Info:
	Percent of clusters with reconstruction errors: 0.267278
	Total displacement of initial placement from flat placement: 16008.000000
	Average atom displacement of initial placement from flat placement: 0.399073
	Max atom displacement of initial placement from flat placement: 68.000000
	Percent of atoms misplaced from the flat placement: 1.630394
## AP Full Legalizer took 61.79 seconds (max_rss 747.1 MiB, delta_rss +67.1 MiB)

Resource usage...
	Netlist
		1084	blocks of type: io
	Architecture
		2752	blocks of type: io
	Netlist
		1234	blocks of type: clb
	Architecture
		6376	blocks of type: clb
	Netlist
		107	blocks of type: dsp_top
	Architecture
		126	blocks of type: dsp_top
	Netlist
		194	blocks of type: memory
	Architecture
		258	blocks of type: memory

Device Utilization: 0.28 (target 1.00)
	Physical Tile io:
	Block Utilization: 0.39 Logical Block: io
	Physical Tile clb:
	Block Utilization: 0.19 Logical Block: clb
	Physical Tile dsp_top:
	Block Utilization: 0.85 Logical Block: dsp_top
	Physical Tile memory:
	Block Utilization: 0.75 Logical Block: memory

## Computing placement delta delay look-up
RR graph channel widths unchanged, skipping RR graph rebuild
Serial Connection Router is being destroyed. Time spent on path search: 0.000 seconds.
## Computing placement delta delay look-up took 0.02 seconds (max_rss 747.1 MiB, delta_rss +0.0 MiB)
Using simple RL 'Softmax agent' for choosing move and block types

Completed placement consistency check successfully.
Initial placement cost: 1 bb_cost: 8767.93 td_cost: 1.71737e-05
Initial placement BB estimate of wirelength: 1.05174e+06
Initial placement estimated Critical Path Delay (CPD): 16.7363 ns
Initial placement estimated setup Total Negative Slack (sTNS): -127951 ns
Initial placement estimated setup Worst Negative Slack (sWNS): -16.7363 ns

Initial placement estimated setup slack histogram:
[ -1.7e-08: -1.5e-08)     3 (  0.0%) |
[ -1.5e-08: -1.3e-08)    12 (  0.0%) |
[ -1.3e-08: -1.2e-08)    44 (  0.1%) |
[ -1.2e-08:   -1e-08)   138 (  0.3%) |
[   -1e-08: -8.5e-09)   305 (  0.6%) |*
[ -8.5e-09: -6.8e-09)   831 (  1.6%) |*
[ -6.8e-09: -5.2e-09)  1413 (  2.7%) |**
[ -5.2e-09: -3.5e-09)  3561 (  6.7%) |******
[ -3.5e-09: -1.8e-09) 26415 ( 50.1%) |*********************************************
[ -1.8e-09: -1.9e-10) 20040 ( 38.0%) |**********************************
Placement contains 8 placement macros involving 16 blocks (average macro size 2.000000)

Moves per temperature: 18045
## AP Detailed Placer

---- ------ ------- ------- ---------- ---------- ------- ---------- -------- ------- ------- ------ -------- --------- ------
Tnum  Time     T    AvCost  Av BB Cost Av TD Cost   CPD      sTNS      sWNS   AcRate  StdDev  R lim  CritExp  TotMoves  Alpha 
     (sec)                                          (ns)     (ns)      (ns)                                                   
---- ------ ------- ------- ---------- ---------- ------- ---------- -------- ------- ------- ------ -------- --------- ------
   1    0.2 7.1e-04   0.981    7338.42 1.574e-05   14.066  -1.21e+05  -14.066   0.831  0.0135   87.0     1.00      18045  1.000
   2    0.2 6.4e-04   0.971    7154.21 1.7574e-05  12.507  -1.19e+05  -12.507   0.818  0.0114   87.0     1.00      36090  0.900
   3    0.2 5.7e-04   0.931    6621.13 1.5101e-05  14.125  -1.21e+05  -14.125   0.802  0.0230   87.0     1.00      54135  0.900
   4    0.2 5.2e-04   0.960    6233.01 1.4306e-05  13.691  -1.15e+05  -13.691   0.778  0.0134   87.0     1.00      72180  0.900
   5    0.2 4.9e-04   0.957    5824.52 1.5495e-05  12.170  -1.16e+05  -12.170   0.763  0.0189   87.0     1.00      90225  0.950
   6    0.2 4.7e-04   0.963    5388.48 1.6444e-05  10.953  -1.14e+05  -10.953   0.749  0.0209   87.0     1.00     108270  0.950
   7    0.2 4.4e-04   0.967    5155.33 1.4758e-05  11.708  -1.13e+05  -11.708   0.744  0.0170   87.0     1.00     126315  0.950
   8    0.2 4.2e-04   0.967    4912.77 1.5476e-05  10.799  -1.13e+05  -10.799   0.735  0.0142   87.0     1.00     144360  0.950
   9    0.2 4.0e-04   0.972    4619.71 1.5113e-05  10.649  -1.11e+05  -10.649   0.721  0.0169   87.0     1.00     162405  0.950
  10    0.2 3.8e-04   0.991    4420.52 1.5587e-05   9.923  -1.09e+05   -9.923   0.712  0.0047   87.0     1.00     180450  0.950
  11    0.2 3.6e-04   0.978    4299.36 1.5138e-05  10.221   -1.1e+05  -10.221   0.701  0.0093   87.0     1.00     198495  0.950
  12    0.2 3.4e-04   0.984    4188.82 1.575e-05    9.592  -1.12e+05   -9.592   0.697  0.0097   87.0     1.00     216540  0.950
  13    0.2 3.3e-04   0.979    4042.50 1.4704e-05  10.132  -1.08e+05  -10.132   0.684  0.0095   87.0     1.00     234585  0.950
  14    0.2 3.1e-04   0.976    3904.25 1.4808e-05   9.923  -1.13e+05   -9.923   0.676  0.0095   87.0     1.00     252630  0.950
  15    0.2 2.9e-04   0.987    3794.71 1.4277e-05  10.016  -1.09e+05  -10.016   0.665  0.0050   87.0     1.00     270675  0.950
  16    0.2 2.8e-04   0.983    3715.43 1.4577e-05   9.641  -1.08e+05   -9.641   0.659  0.0066   87.0     1.00     288720  0.950
  17    0.2 2.7e-04   0.975    3594.26 1.5078e-05   9.168  -1.07e+05   -9.168   0.650  0.0082   87.0     1.00     306765  0.950
  18    0.2 2.5e-04   0.982    3547.25 1.2671e-05  10.945  -1.07e+05  -10.945   0.646  0.0064   87.0     1.00     324810  0.950
  19    0.2 2.4e-04   0.987    3480.05 1.5319e-05   8.893  -1.06e+05   -8.893   0.640  0.0058   87.0     1.00     342855  0.950
  20    0.2 2.3e-04   0.981    3415.88 1.3568e-05   9.935  -1.07e+05   -9.935   0.629  0.0110   87.0     1.00     360900  0.950
  21    0.2 2.2e-04   0.985    3322.87 1.2897e-05  10.239  -1.06e+05  -10.239   0.620  0.0061   87.0     1.00     378945  0.950
  22    0.2 2.1e-04   0.982    3264.36 1.1505e-05  11.396  -1.06e+05  -11.396   0.611  0.0078   87.0     1.00     396990  0.950
  23    0.2 2.0e-04   0.987    3185.43 1.4372e-05   9.001  -1.06e+05   -9.001   0.595  0.0045   87.0     1.00     415035  0.950
  24    0.2 1.9e-04   0.991    3171.69 1.3534e-05   9.509  -1.05e+05   -9.509   0.588  0.0029   87.0     1.00     433080  0.950
  25    0.2 1.8e-04   0.982    3108.44 1.3338e-05   9.544  -1.06e+05   -9.544   0.574  0.0067   87.0     1.00     451125  0.950
  26    0.2 1.7e-04   0.992    3065.07 1.327e-05    9.414  -1.04e+05   -9.414   0.574  0.0035   87.0     1.00     469170  0.950
  27    0.2 1.6e-04   0.988    3044.74 1.3115e-05   9.545  -1.05e+05   -9.545   0.559  0.0055   87.0     1.00     487215  0.950
  28    0.2 1.5e-04   0.992    3019.41 1.3981e-05   8.872  -1.04e+05   -8.872   0.548  0.0053   87.0     1.00     505260  0.950
  29    0.2 1.4e-04   0.993    3002.03 1.4092e-05   8.765  -1.05e+05   -8.765   0.535  0.0034   87.0     1.00     523305  0.950
  30    0.2 1.4e-04   0.988    2983.41 1.2896e-05   9.520  -1.05e+05   -9.520   0.540  0.0046   87.0     1.00     541350  0.950
  31    0.2 1.3e-04   0.983    2938.02 1.3478e-05   9.029  -1.04e+05   -9.029   0.523  0.0064   87.0     1.00     559395  0.950
  32    0.2 1.2e-04   0.987    2875.84 1.4178e-05   8.435  -1.04e+05   -8.435   0.509  0.0057   87.0     1.00     577440  0.950
  33    0.2 1.2e-04   0.987    2841.29 1.3072e-05   9.079  -1.03e+05   -9.079   0.504  0.0061   87.0     1.00     595485  0.950
  34    0.2 1.1e-04   0.993    2813.61 1.3585e-05   8.682  -1.04e+05   -8.682   0.486  0.0042   87.0     1.00     613530  0.950
  35    0.2 1.1e-04   0.995    2787.66 1.3781e-05   8.487  -1.02e+05   -8.487   0.479  0.0035   87.0     1.00     631575  0.950
  36    0.2 1.0e-04   0.989    2753.44 1.3209e-05   8.799  -1.03e+05   -8.799   0.469  0.0034   87.0     1.00     649620  0.950
  37    0.2 9.5e-05   0.990    2735.88 1.35e-05     8.566  -1.03e+05   -8.566   0.458  0.0037   87.0     1.00     667665  0.950
  38    0.2 9.0e-05   0.988    2709.20 1.4003e-05   8.189  -1.02e+05   -8.189   0.446  0.0059   87.0     1.00     685710  0.950
  39    0.2 8.6e-05   0.992    2678.26 1.357e-05    8.403  -1.03e+05   -8.403   0.427  0.0049   87.0     1.00     703755  0.950
  40    0.2 8.2e-05   0.996    2650.49 1.2534e-05   8.344  -1.02e+05   -8.344   0.421  0.0028   85.9     1.09     721800  0.950
  41    0.2 7.7e-05   0.990    2624.41 1.0777e-05   8.668  -1.03e+05   -8.668   0.402  0.0043   84.3     1.22     739845  0.950
  42    0.2 7.4e-05   0.990    2599.43 8.4968e-06   8.809  -1.03e+05   -8.809   0.402  0.0055   81.1     1.48     757890  0.950
  43    0.2 7.0e-05   0.985    2563.65 7.1208e-06   8.640  -1.02e+05   -8.640   0.388  0.0048   78.0     1.73     775935  0.950
  44    0.2 6.6e-05   0.995    2561.72 6.3462e-06   8.186  -1.02e+05   -8.186   0.384  0.0018   73.9     2.07     793980  0.950
  45    0.2 6.3e-05   0.988    2546.33 4.9916e-06   8.318  -1.04e+05   -8.318   0.382  0.0046   69.8     2.40     812025  0.950
  46    0.2 6.0e-05   0.990    2518.07 4.0823e-06   8.258  -1.02e+05   -8.258   0.367  0.0044   65.7     2.73     830070  0.950
  47    0.2 5.7e-05   0.993    2502.92 3.4189e-06   8.146  -1.06e+05   -8.146   0.360  0.0035   60.9     3.12     848115  0.950
  48    0.2 5.4e-05   0.991    2483.29 2.6507e-06   8.258  -1.07e+05   -8.258   0.349  0.0038   56.0     3.52     866160  0.950
  49    0.2 5.1e-05   0.994    2469.06 2.0276e-06   8.370  -1.05e+05   -8.370   0.341  0.0030   50.9     3.94     884205  0.950
  50    0.2 4.9e-05   0.994    2452.77 1.7844e-06   8.223  -1.07e+05   -8.223   0.322  0.0028   45.9     4.35     902250  0.950
  51    0.2 4.6e-05   0.994    2437.88 1.4338e-06   8.180  -1.09e+05   -8.180   0.319  0.0031   40.4     4.79     920295  0.950
  52    0.2 4.4e-05   0.994    2422.36 1.2496e-06   8.122  -1.05e+05   -8.122   0.320  0.0040   35.6     5.19     938340  0.950
  53    0.2 4.2e-05   0.996    2411.84 1.0873e-06   8.107  -1.06e+05   -8.107   0.307  0.0023   31.3     5.54     956385  0.950
  54    0.2 4.0e-05   0.994    2395.58 6.6003e-07   8.608  -1.07e+05   -8.608   0.295  0.0029   27.1     5.87     974430  0.950
  55    0.2 3.8e-05   0.996    2392.69 7.5105e-07   8.281  -1.08e+05   -8.281   0.291  0.0030   23.2     6.20     992475  0.950
  56    0.2 3.6e-05   0.994    2384.70 7.6279e-07   8.080  -1.08e+05   -8.080   0.291  0.0031   19.7     6.48    1010520  0.950
  57    0.2 3.4e-05   0.992    2359.06 7.1353e-07   8.016  -1.09e+05   -8.016   0.284  0.0037   16.8     6.72    1028565  0.950
  58    0.2 3.2e-05   0.997    2352.33 6.1537e-07   8.080  -1.11e+05   -8.080   0.275  0.0013   14.2     6.93    1046610  0.950
  59    0.2 3.1e-05   0.991    2326.63 5.7447e-07   8.080  -1.09e+05   -8.080   0.295  0.0038   11.8     7.12    1064655  0.950
  60    0.2 2.9e-05   0.994    2307.91 5.5715e-07   8.016  -1.06e+05   -8.016   0.285  0.0028   10.1     7.26    1082700  0.950
  61    0.2 2.8e-05   0.995    2287.32 5.1589e-07   8.016  -1.06e+05   -8.016   0.272  0.0027    8.6     7.39    1100745  0.950
  62    0.2 2.6e-05   0.997    2270.63 4.8519e-07   8.037  -1.05e+05   -8.037   0.269  0.0015    7.1     7.50    1118790  0.950
  63    0.2 2.5e-05   0.995    2260.36 4.8236e-07   8.007  -1.06e+05   -8.007   0.266  0.0022    5.9     7.60    1136835  0.950
  64    0.2 2.4e-05   0.997    2252.10 4.6027e-07   8.007  -1.08e+05   -8.007   0.259  0.0016    4.9     7.68    1154880  0.950
  65    0.2 2.3e-05   0.996    2236.77 4.411e-07    8.007  -1.06e+05   -8.007   0.248  0.0018    4.0     7.76    1172925  0.950
  66    0.2 2.1e-05   0.998    2227.38 4.1856e-07   8.007  -1.05e+05   -8.007   0.250  0.0010    3.2     7.82    1190970  0.950
  67    0.2 2.0e-05   0.997    2221.50 4.0222e-07   8.007  -1.04e+05   -8.007   0.255  0.0011    2.6     7.87    1209015  0.950
  68    0.2 1.9e-05   0.998    2216.12 3.9378e-07   8.007  -1.05e+05   -8.007   0.253  0.0009    2.1     7.91    1227060  0.950
  69    0.2 1.8e-05   0.998    2206.83 3.7963e-07   8.007  -1.04e+05   -8.007   0.258  0.0012    1.7     7.94    1245105  0.950
  70    0.2 1.8e-05   0.998    2198.19 3.7648e-07   8.007  -1.05e+05   -8.007   0.251  0.0010    1.4     7.97    1263150  0.950
  71    0.2 1.7e-05   0.998    2194.27 4.0566e-07   7.914  -1.04e+05   -7.914   0.244  0.0007    1.1     7.99    1281195  0.950
  72    0.2 1.6e-05   0.998    2188.46 3.7597e-07   8.007  -1.05e+05   -8.007   0.232  0.0011    1.0     8.00    1299240  0.950
  73    0.2 1.5e-05   0.998    2186.82 4.0299e-07   7.914  -1.06e+05   -7.914   0.227  0.0006    1.0     8.00    1317285  0.950
  74    0.2 1.4e-05   0.999    2186.04 3.6732e-07   8.007  -1.05e+05   -8.007   0.226  0.0005    1.0     8.00    1335330  0.950
  75    0.2 1.4e-05   0.998    2182.36 4.1026e-07   7.914  -1.05e+05   -7.914   0.217  0.0006    1.0     8.00    1353375  0.950
  76    0.2 1.3e-05   0.998    2178.57 3.6256e-07   8.007  -1.06e+05   -8.007   0.211  0.0008    1.0     8.00    1371420  0.950
  77    0.2 1.2e-05   0.999    2176.98 3.645e-07    8.007  -1.05e+05   -8.007   0.210  0.0005    1.0     8.00    1389465  0.950
  78    0.2 1.2e-05   0.998    2173.64 3.9665e-07   7.914  -1.04e+05   -7.914   0.199  0.0008    1.0     8.00    1407510  0.950
  79    0.2 1.1e-05   0.999    2172.12 3.6153e-07   8.007  -1.05e+05   -8.007   0.200  0.0004    1.0     8.00    1425555  0.950
  80    0.2 1.0e-05   0.999    2170.09 3.5972e-07   8.007  -1.05e+05   -8.007   0.197  0.0004    1.0     8.00    1443600  0.950
  81    0.2 1.0e-05   0.999    2167.22 3.9524e-07   7.914  -1.06e+05   -7.914   0.187  0.0005    1.0     8.00    1461645  0.950
  82    0.2 9.5e-06   0.999    2165.84 3.629e-07    8.007  -1.06e+05   -8.007   0.185  0.0003    1.0     8.00    1479690  0.950
  83    0.2 9.0e-06   0.999    2164.81 3.5879e-07   8.007  -1.05e+05   -8.007   0.184  0.0004    1.0     8.00    1497735  0.950
  84    0.2 8.5e-06   0.999    2162.26 3.571e-07    8.007  -1.05e+05   -8.007   0.173  0.0004    1.0     8.00    1515780  0.950
  85    0.2 8.1e-06   0.999    2160.10 3.9018e-07   7.914  -1.04e+05   -7.914   0.173  0.0004    1.0     8.00    1533825  0.950
  86    0.2 7.7e-06   0.999    2157.63 3.5492e-07   8.007  -1.04e+05   -8.007   0.177  0.0003    1.0     8.00    1551870  0.950
  87    0.2 7.3e-06   1.000    2156.57 3.8744e-07   7.914  -1.05e+05   -7.914   0.169  0.0002    1.0     8.00    1569915  0.950
  88    0.2 7.0e-06   0.999    2156.66 3.5408e-07   8.007  -1.06e+05   -8.007   0.163  0.0003    1.0     8.00    1587960  0.950
  89    0.2 6.6e-06   0.999    2154.81 3.5403e-07   8.007  -1.05e+05   -8.007   0.168  0.0005    1.0     8.00    1606005  0.950
  90    0.2 6.3e-06   1.000    2153.64 3.5606e-07   8.007  -1.05e+05   -8.007   0.161  0.0003    1.0     8.00    1624050  0.950
  91    0.2 6.0e-06   0.999    2151.72 3.8856e-07   7.914  -1.06e+05   -7.914   0.162  0.0003    1.0     8.00    1642095  0.950
  92    0.2 5.7e-06   1.000    2150.40 3.5376e-07   8.007  -1.04e+05   -8.007   0.154  0.0001    1.0     8.00    1660140  0.950
  93    0.2 5.4e-06   0.999    2150.23 3.8608e-07   7.914  -1.06e+05   -7.914   0.155  0.0003    1.0     8.00    1678185  0.950
  94    0.2 5.1e-06   0.999    2149.21 3.8529e-07   7.914  -1.05e+05   -7.914   0.151  0.0002    1.0     8.00    1696230  0.950
  95    0.2 4.9e-06   1.000    2148.80 3.5366e-07   8.007  -1.05e+05   -8.007   0.154  0.0003    1.0     8.00    1714275  0.950
  96    0.2 4.6e-06   0.999    2147.09 3.8579e-07   7.914  -1.05e+05   -7.914   0.152  0.0002    1.0     8.00    1732320  0.950
  97    0.2 4.4e-06   0.999    2145.60 3.5703e-07   8.007  -1.04e+05   -8.007   0.147  0.0002    1.0     8.00    1750365  0.950
Agent's 2nd state: 
  98    0.2 3.5e-06   0.999    2144.62 3.878e-07    7.914  -1.04e+05   -7.914   0.140  0.0002    1.0     8.00    1768410  0.800
Checkpoint saved: bb_costs=2144.4, TD costs=3.55214e-07, CPD=  8.007 (ns) 
  99    0.2 2.8e-06   1.000    2144.05 3.5507e-07   8.007  -1.05e+05   -8.007   0.100  0.0002    1.0     8.00    1786455  0.800
Checkpoint saved: bb_costs=2143.59, TD costs=3.89797e-07, CPD=  7.914 (ns) 
 100    0.2 2.2e-06   1.000    2143.34 3.8954e-07   7.914  -1.05e+05   -7.914   0.096  0.0001    1.0     8.00    1804500  0.800
 101    0.2 1.8e-06   1.000    2142.65 3.5509e-07   8.007  -1.04e+05   -8.007   0.093  0.0002    1.0     8.00    1822545  0.800
 102    0.2 1.4e-06   1.000    2141.88 3.5636e-07   8.007  -1.05e+05   -8.007   0.090  0.0002    1.0     8.00    1840590  0.800
 103    0.2 1.1e-06   1.000    2141.67 3.8686e-07   7.914  -1.05e+05   -7.914   0.093  0.0001    1.0     8.00    1858635  0.800
 104    0.2 9.2e-07   1.000    2141.66 3.542e-07    8.007  -1.05e+05   -8.007   0.090  0.0001    1.0     8.00    1876680  0.800
 105    0.2 7.4e-07   1.000    2140.63 3.867e-07    7.914  -1.04e+05   -7.914   0.089  0.0001    1.0     8.00    1894725  0.800
 106    0.2 5.9e-07   1.000    2140.31 3.5637e-07   8.007  -1.04e+05   -8.007   0.086  0.0001    1.0     8.00    1912770  0.800
 107    0.2 4.7e-07   1.000    2140.00 3.8779e-07   7.914  -1.04e+05   -7.914   0.079  0.0001    1.0     8.00    1930815  0.800
 108    0.2 3.8e-07   1.000    2139.55 3.5484e-07   8.007  -1.04e+05   -8.007   0.085  0.0001    1.0     8.00    1948860  0.800
 109    0.2 3.0e-07   1.000    2139.47 3.8869e-07   7.914  -1.04e+05   -7.914   0.080  0.0001    1.0     8.00    1966905  0.800
 110    0.2 2.4e-07   1.000    2139.19 3.5536e-07   8.007  -1.04e+05   -8.007   0.085  0.0001    1.0     8.00    1984950  0.800
 111    0.2 0.0e+00   1.000    2139.23 3.8748e-07   7.914  -1.04e+05   -7.914   0.045  0.0001    1.0     8.00    2002995  0.800
### Placement Quench took 0.19 seconds (max_rss 747.1 MiB)
post-quench CPD = 8.00739 (ns) 

Checkpoint restored

Completed placement consistency check successfully.

Swaps called: 2005614

Aborted Move Reasons:
  duplicate block move to location: 10
  macro move to location illegal: 4
  macro_from swap to location illegal: 951

BB estimate of min-dist (placement) wire length: 257009

Placement estimated critical path delay (least slack): 7.91405 ns, Fmax: 126.358 MHz
Placement estimated critical path skew: -0.04243 ns
Placement estimated setup Worst Negative Slack (sWNS): -7.91405 ns
Placement estimated setup Total Negative Slack (sTNS): -105075 ns
Placement estimated setup Worst Skew (sWS): -0.04243 ns

Placement estimated setup slack histogram:
[ -7.9e-09: -7.1e-09)     6 (  0.0%) |
[ -7.1e-09: -6.4e-09)    70 (  0.1%) |
[ -6.4e-09: -5.6e-09)   208 (  0.4%) |*
[ -5.6e-09: -4.8e-09)   513 (  1.0%) |*
[ -4.8e-09: -4.1e-09)   735 (  1.4%) |**
[ -4.1e-09: -3.3e-09)  2055 (  3.9%) |*****
[ -3.3e-09: -2.5e-09)  7513 ( 14.2%) |******************
[ -2.5e-09: -1.7e-09) 18285 ( 34.7%) |*********************************************
[ -1.7e-09: -9.7e-10) 17834 ( 33.8%) |********************************************
[ -9.7e-10: -1.9e-10)  5543 ( 10.5%) |**************

Placement estimated geomean non-virtual intra-domain period: 7.91405 ns (126.358 MHz)
Placement estimated fanout-weighted geomean non-virtual intra-domain period: 7.91405 ns (126.358 MHz)

Placement cost: 1, bb_cost: 2143.59, td_cost: 3.89797e-07, 

Placement resource usage:
  io      implemented as io     : 1084
  clb     implemented as clb    : 1234
  dsp_top implemented as dsp_top: 107
  memory  implemented as memory : 194

Placement number of temperatures: 111
Placement total # of swap attempts: 2005614
	Swaps accepted:  727041 (36.3 %)
	Swaps rejected: 1266755 (63.2 %)
	Swaps aborted:   11818 ( 0.6 %)


Placement perturbation distribution by block and move type: 
------------------ ----------------- ---------------- ---------------- --------------- ------------ 
    Block Type         Move Type       (%) of Total      Accepted(%)     Rejected(%)    Aborted(%)
------------------ ----------------- ---------------- ---------------- --------------- ------------ 
io                 Uniform                9.86             54.00           46.00          0.00         
                   Median                 9.79             59.74           39.43          0.83         
                   Centroid               9.79             60.26           39.74          0.00         
                   W. Centroid            9.83             60.29           39.71          0.00         
                   W. Median              0.69             24.94           74.27          0.79         

clb                Uniform                11.20            6.70            93.17          0.13         
                   Median                 11.22            35.10           64.16          0.74         
                   Centroid               11.17            32.79           67.14          0.07         
                   W. Centroid            11.24            33.69           66.21          0.09         
                   W. Median              0.79             2.21            96.82          0.97         
                   Crit. Uniform          1.67             0.13            99.87          0.00         
                   Feasible Region        1.68             0.12            99.88          0.00         

dsp_top            Uniform                0.98             1.64            98.36          0.00         
                   Median                 0.97             3.57            90.41          6.03         
                   Centroid               0.96             3.85            90.22          5.94         
                   W. Centroid            0.96             3.82            90.20          5.99         
                   W. Median              0.07             0.21            85.74          14.04        

memory             Uniform                1.75             7.22            92.78          0.00         
                   Median                 1.75             14.87           78.85          6.28         
                   Centroid               1.75             11.77           84.77          3.46         
                   W. Centroid            1.76             11.61           87.95          0.44         
                   W. Median              0.12             2.78            82.77          14.45        


Placement Quench timing analysis took 0.0487564 seconds (0.0392525 STA, 0.00950382 slack) (1 full updates: 1 setup, 0 hold, 0 combined).
Placement Total  timing analysis took 6.08468 seconds (4.96703 STA, 1.11765 slack) (114 full updates: 114 setup, 0 hold, 0 combined).
update_td_costs: connections 0.0663219 nets 0 sum_nets 0.0216554 total 0.0882165
## AP Detailed Placer took 20.17 seconds (max_rss 755.7 MiB, delta_rss +8.7 MiB)
Incr Slack updates 114 in 0.21333 sec
Full Max Req/Worst Slack updates 58 in 0.0654047 sec
Incr Max Req/Worst Slack updates 56 in 0.0828092 sec
Incr Criticality updates 17 in 0.0585558 sec
Full Criticality updates 97 in 0.555633 sec
Incr Slack updates 1 in 0.00234253 sec
Full Max Req/Worst Slack updates 1 in 0.00138802 sec
Incr Max Req/Worst Slack updates 0 in 0 sec
Incr Criticality updates 0 in 0 sec
Full Criticality updates 1 in 0.0101882 sec
# Analytical Placement took 93.38 seconds (max_rss 755.7 MiB, delta_rss +555.2 MiB)


# Routing
RR graph channel widths unchanged, skipping RR graph rebuild
## Initializing router criticalities
Initial Net Connection Criticality Histogram:
[        0:      0.1) 7096 ( 14.6%) |******************************************
[      0.1:      0.2) 7804 ( 16.1%) |**********************************************
[      0.2:      0.3) 7551 ( 15.5%) |*********************************************
[      0.3:      0.4) 3235 (  6.7%) |*******************
[      0.4:      0.5) 6009 ( 12.4%) |***********************************
[      0.5:      0.6) 7753 ( 16.0%) |**********************************************
[      0.6:      0.7) 5887 ( 12.1%) |***********************************
[      0.7:      0.8) 2417 (  5.0%) |**************
[      0.8:      0.9)  724 (  1.5%) |****
[      0.9:        1)   89 (  0.2%) |*
## Initializing router criticalities took 0.64 seconds (max_rss 755.7 MiB, delta_rss +0.0 MiB)
---- ------ ------- ---- ------- ------- ------- ----------------- --------------- -------- ---------- ---------- ---------- ---------- --------
Iter   Time    pres  BBs    Heap  Re-Rtd  Re-Rtd Overused RR Nodes      Wirelength      CPD       sTNS       sWNS       hTNS       hWNS Est Succ
      (sec)     fac Updt    push    Nets   Conns                                       (ns)       (ns)       (ns)       (ns)       (ns)     Iter
---- ------ ------- ---- ------- ------- ------- ----------------- --------------- -------- ---------- ---------- ---------- ---------- --------
   1    1.0     0.0    0 5860304   25862   41715   23505 ( 1.522%)  408820 (22.8%)    9.236 -1.695e+05     -9.236      0.000      0.000      N/A
   2    1.0     0.5    0 5703121   19562   34276   13182 ( 0.853%)  407345 (22.7%)    7.700 -1.386e+05     -7.700      0.000      0.000      N/A
   3    0.9     0.6    0 4678410   14541   26767   11094 ( 0.718%)  414388 (23.1%)    7.527 -1.364e+05     -7.527      0.000      0.000      N/A
   4    0.8     0.8    0 4133534   12464   23382    8933 ( 0.578%)  420293 (23.4%)    7.527 -1.371e+05     -7.527      0.000      0.000      N/A
   5    0.7     1.1    0 3665183   10446   20214    6775 ( 0.439%)  424973 (23.7%)    7.527 -1.395e+05     -7.527      0.000      0.000      N/A
   6    0.6     1.4    0 2768546    8333   16838    4975 ( 0.322%)  429616 (23.9%)    7.597 -1.414e+05     -7.597      0.000      0.000      N/A
   7    0.5     1.9    0 1960172    6405   13244    3584 ( 0.232%)  434133 (24.2%)    7.597 -1.415e+05     -7.597      0.000      0.000      N/A
   8    0.4     2.4    0 1353492    4774   10149    2498 ( 0.162%)  437823 (24.4%)    7.691 -1.419e+05     -7.691      0.000      0.000      N/A
   9    0.3     3.1    0  913004    3451    7705    1693 ( 0.110%)  441782 (24.6%)    7.691 -1.421e+05     -7.691      0.000      0.000       31
  10    0.3     4.1    0  624222    2364    5526    1096 ( 0.071%)  444899 (24.8%)    7.597 -1.421e+05     -7.597      0.000      0.000       29
  11    0.2     5.3    0  397830    1598    3780     665 ( 0.043%)  446851 (24.9%)    7.691 -1.422e+05     -7.691      0.000      0.000       27
  12    0.2     6.9    0  274040     967    2422     373 ( 0.024%)  448976 (25.0%)    7.908 -1.423e+05     -7.908      0.000      0.000       25
  13    0.2     9.0    0  185585     537    1475     176 ( 0.011%)  450619 (25.1%)    8.011 -1.423e+05     -8.011      0.000      0.000       24
  14    0.2    11.6    0  125529     264     763      76 ( 0.005%)  451442 (25.1%)    8.002 -1.424e+05     -8.002      0.000      0.000       22
  15    0.1    15.1    0   53242     126     276      33 ( 0.002%)  451926 (25.2%)    8.002 -1.424e+05     -8.002      0.000      0.000       21
  16    0.1    19.7    0   36448      64     140      20 ( 0.001%)  452154 (25.2%)    8.002 -1.424e+05     -8.002      0.000      0.000       21
  17    0.1    25.6    0   28686      43      73       9 ( 0.001%)  452322 (25.2%)    8.002 -1.424e+05     -8.002      0.000      0.000       20
  18    0.1    33.3    0   12594      27      39       5 ( 0.000%)  452410 (25.2%)    8.002 -1.424e+05     -8.002      0.000      0.000       20
  19    0.1    43.3    0   12512      27      35       4 ( 0.000%)  452406 (25.2%)    8.002 -1.424e+05     -8.002      0.000      0.000       21
  20    0.1    56.2    0   12098      20      28       4 ( 0.000%)  452482 (25.2%)    8.002 -1.424e+05     -8.002      0.000      0.000       21
  21    0.1    73.1    0   15290      21      30       1 ( 0.000%)  452558 (25.2%)    8.002 -1.424e+05     -8.002      0.000      0.000       21
  22    0.1    95.0    0   20813      16      25       1 ( 0.000%)  452530 (25.2%)    8.002 -1.424e+05     -8.002      0.000      0.000       21
  23    0.1   123.5    0    9334      15      23       1 ( 0.000%)  452538 (25.2%)    8.002 -1.424e+05     -8.002      0.000      0.000       22
  24    0.1   160.6    0   10477      15      23       0 ( 0.000%)  452566 (25.2%)    8.002 -1.424e+05     -8.002      0.000      0.000      N/A
Restoring best routing
Critical path: 8.0016 ns
Successfully routed after 24 routing iterations.
Final Net Connection Criticality Histogram:
[        0:      0.1) 7356 ( 15.1%) |***********************************
[      0.1:      0.2) 4954 ( 10.2%) |***********************
[      0.2:      0.3) 7857 ( 16.2%) |*************************************
[      0.3:      0.4) 4399 (  9.1%) |*********************
[      0.4:      0.5) 4411 (  9.1%) |*********************
[      0.5:      0.6) 9767 ( 20.1%) |**********************************************
[      0.6:      0.7) 6515 ( 13.4%) |*******************************
[      0.7:      0.8) 2434 (  5.0%) |***********
[      0.8:      0.9)  751 (  1.5%) |****
[      0.9:        1)  121 (  0.2%) |*
Router Stats: total_nets_routed: 111942 total_connections_routed: 208948 total_heap_pushes: 32854466 total_heap_pops: 9169232 
Serial Connection Router is being destroyed. Time spent on path search: 4.511 seconds.
# Routing took 9.52 seconds (max_rss 786.1 MiB, delta_rss +30.3 MiB)

Checking to ensure routing is legal...
# Checking to ensure non-configurable edges are legal
# Checking to ensure non-configurable edges are legal took 0.07 seconds (max_rss 786.1 MiB, delta_rss +0.0 MiB)
Completed routing consistency check successfully.

Serial number (magic cookie) for the routing is: 888901936
Circuit successfully routed with a channel width factor of 120.
Incr Slack updates 25 in 0.0451596 sec
Full Max Req/Worst Slack updates 5 in 0.00575237 sec
Incr Max Req/Worst Slack updates 20 in 0.0303415 sec
Incr Criticality updates 14 in 0.0447835 sec
Full Criticality updates 11 in 0.072744 sec
# Synchronize the packed netlist to routing optimization
## Annotating rr_node with routed nets
## Annotating rr_node with routed nets took 0.01 seconds (max_rss 786.1 MiB, delta_rss +0.0 MiB)
Found 44089 mismatches between routing and packing results.
Fixed 30790 routing traces due to mismatch between routing and packing results.
# Synchronize the packed netlist to routing optimization took 0.29 seconds (max_rss 786.1 MiB, delta_rss +0.0 MiB)
Final Clustering Statistics: 
----------   --------   ------------------------------------   --------------------------
Block Type   # Blocks   Avg. # of input clocks and pins used   Avg. # of output pins used
----------   --------   ------------------------------------   --------------------------
     EMPTY          0                                      0                            0   
        io       1084                              0.0295203                      0.97048   
       clb       1234                                27.9692                      15.3752   
   dsp_top        107                                40.9813                      20.1869   
    memory        194                                49.6598                      18.9691   
Absorbed logical nets 24200 out of 50065 nets, 25865 nets not absorbed.


Average number of bends per net: 1.82016  Maximum # of bends: 279

Number of global nets: 3
Number of routed nets (nonglobal): 25862
Wire length results (in units of 1 clb segments)...
	Total wirelength: 452566, average net length: 17.4993
	Maximum net length: 2369

Wire length results in terms of physical segments...
	Total wiring segments used: 102280, average wire segments per net: 3.95484
	Maximum segments used by a net: 533
	Total local nets with reserved CLB opins: 0
Total number of nets absorbed: 8

Routing channel utilization histogram:
[        1:      inf)    0 (  0.0%) |
[      0.9:        1)    0 (  0.0%) |
[      0.8:      0.9)   15 (  0.1%) |
[      0.7:      0.8)  887 (  5.9%) |*********
[      0.5:      0.6) 1046 (  6.9%) |**********
[      0.4:      0.5) 1707 ( 11.3%) |****************
[      0.3:      0.4) 1860 ( 12.3%) |******************
[      0.2:      0.3) 2048 ( 13.5%) |********************
[      0.1:      0.2) 2788 ( 18.4%) |***************************
[        0:      0.1) 4787 ( 31.6%) |**********************************************
Maximum routing channel utilization:      0.88 at (37,58)

X - Directed channels: layer   y   max occ   ave occ   ave cap
                        ----- ---- -------- -------- --------
                            0    0       57   32.186      120
                            0    1       13    2.407      120
                            0    2       22    3.512      120
                            0    3       36    5.128      120
                            0    4       39    6.221      120
                            0    5       55    6.163      120
                            0    6       57    9.547      120
                            0    7       54   13.337      120
                            0    8       50   15.686      120
                            0    9       50   16.302      120
                            0   10       53   18.058      120
                            0   11       54   20.174      120
                            0   12       55   22.128      120
                            0   13       55   23.477      120
                            0   14       58   27.488      120
                            0   15       73   24.744      120
                            0   16       68   23.512      120
                            0   17       74   28.419      120
                            0   18       79   26.535      120
                            0   19       73   25.756      120
                            0   20       65   29.453      120
                            0   21       76   34.488      120
                            0   22       68   34.116      120
                            0   23       76   30.186      120
                            0   24       56   25.953      120
                            0   25       45   21.326      120
                            0   26       64   22.302      120
                            0   27       70   23.384      120
                            0   28       70   29.953      120
                            0   29       83   31.174      120
                            0   30       79   27.256      120
                            0   31       77   28.140      120
                            0   32       65   27.302      120
                            0   33       63   29.244      120
                            0   34       71   35.849      120
                            0   35       75   35.360      120
                            0   36       83   35.523      120
                            0   37       90   37.314      120
                            0   38       94   42.395      120
                            0   39       85   41.407      120
                            0   40       82   44.558      120
                            0   41       89   43.186      120
                            0   42       85   42.128      120
                            0   43       76   37.081      120
                            0   44       73   32.535      120
                            0   45       74   37.814      120
                            0   46       76   43.977      120
                            0   47       78   40.872      120
                            0   48       89   41.977      120
                            0   49       93   50.465      120
                            0   50       88   55.314      120
                            0   51       92   53.988      120
                            0   52       87   50.628      120
                            0   53       95   50.500      120
                            0   54       93   47.895      120
                            0   55       95   46.558      120
                            0   56       87   43.174      120
                            0   57       83   41.605      120
                            0   58       90   45.814      120
                            0   59       83   44.791      120
                            0   60       80   43.140      120
                            0   61       77   40.616      120
                            0   62       82   43.570      120
                            0   63       96   36.744      120
                            0   64       90   35.163      120
                            0   65       91   35.337      120
                            0   66       81   33.849      120
                            0   67       84   30.442      120
                            0   68       91   31.384      120
                            0   69       90   29.151      120
                            0   70       87   31.349      120
                            0   71       81   31.826      120
                            0   72       79   36.314      120
                            0   73       72   33.721      120
                            0   74       70   24.826      120
                            0   75       67   23.081      120
                            0   76       63   21.209      120
                            0   77       54   18.419      120
                            0   78       56   16.384      120
                            0   79       59   13.256      120
                            0   80       45   11.802      120
                            0   81       44    9.535      120
                            0   82       34    6.558      120
                            0   83        9    2.558      120
                            0   84       11    2.419      120
                            0   85       16    2.279      120
                            0   86       60   30.651      120
Y - Directed channels: layer   x   max occ   ave occ   ave cap
                        ----- ---- -------- -------- --------
                            0    0       59   22.012      120
                            0    1       44   23.674      120
                            0    2       54   30.733      120
                            0    3       37   12.640      120
                            0    4       51   19.523      120
                            0    5       77   37.267      120
                            0    6       74   34.651      120
                            0    7       60   21.523      120
                            0    8       60   16.791      120
                            0    9       61   13.058      120
                            0   10       54    9.279      120
                            0   11       56    6.593      120
                            0   12       29    4.860      120
                            0   13       19    7.965      120
                            0   14       40   18.221      120
                            0   15       51   19.186      120
                            0   16       66   23.198      120
                            0   17       79   45.256      120
                            0   18       87   48.977      120
                            0   19       71   32.872      120
                            0   20       80   41.360      120
                            0   21       92   56.570      120
                            0   22       95   53.977      120
                            0   23       74   36.198      120
                            0   24       82   37.849      120
                            0   25       84   33.116      120
                            0   26       86   31.605      120
                            0   27       86   30.035      120
                            0   28       79   30.512      120
                            0   29       87   32.267      120
                            0   30       93   40.488      120
                            0   31       86   42.326      120
                            0   32      100   48.686      120
                            0   33       97   60.453      120
                            0   34       92   64.907      120
                            0   35       89   52.674      120
                            0   36       99   60.488      120
                            0   37      105   63.523      120
                            0   38       99   58.965      120
                            0   39       86   40.209      120
                            0   40      102   32.384      120
                            0   41       82   28.884      120
                            0   42       79   28.023      120
                            0   43       72   25.453      120
                            0   44       81   25.384      120
                            0   45       71   24.070      120
                            0   46       73   31.756      120
                            0   47       78   34.605      120
                            0   48       79   36.221      120
                            0   49       73   50.047      120
                            0   50       86   56.965      120
                            0   51       74   42.872      120
                            0   52       81   48.663      120
                            0   53       87   53.267      120
                            0   54       88   45.837      120
                            0   55       79   24.779      120
                            0   56       78   20.407      120
                            0   57       79   17.128      120
                            0   58       61   12.826      120
                            0   59       44   11.407      120
                            0   60       37   11.500      120
                            0   61       30    9.942      120
                            0   62       39   16.686      120
                            0   63       48   21.698      120
                            0   64       52   23.140      120
                            0   65       68   40.977      120
                            0   66       78   51.721      120
                            0   67       62   36.221      120
                            0   68       75   42.337      120
                            0   69       82   50.407      120
                            0   70       88   42.779      120
                            0   71       57   17.953      120
                            0   72       49   10.140      120
                            0   73       50    9.698      120
                            0   74       35    8.326      120
                            0   75       32    4.512      120
                            0   76       43    7.116      120
                            0   77       62   12.965      120
                            0   78       62   21.605      120
                            0   79       53   18.919      120
                            0   80       54   19.291      120
                            0   81       71   37.163      120
                            0   82       84   49.081      120
                            0   83       86   33.291      120
                            0   84       77   34.140      120
                            0   85       75   37.407      120
                            0   86       87   34.570      120

Total existing wires segments: CHANX    897840, CHANY    897840, CHANZ         0, ALL   1795680
Total used wires segments:     CHANX    218728, CHANY    233838, CHANZ         0, ALL    452566
Usage percentage:              CHANX     24.4%, CHANY     26.0%, CHANZ      0.0%, ALL     25.2%

Logic area (in minimum width transistor areas, excludes I/Os and empty grid tiles)...
	Total logic block area (Warning, need to add pitch of routing to blocks with height > 3): 2.4541e+08
	Total used logic block area: 8.82956e+07

Routing area (in minimum width transistor areas)...
	Total routing area: 7.57549e+07, per logic tile: 9782.39

Total Number of Wiring Segments by Direction: direction length number
                                              --------- ------ -------
                                                      X      4 201318
                                                      Y      4 201318
                                                      X     16   8810
                                                      Y     16   8810

X - Directed Wiring Segment usage by length: length utilization
                                             ------ -----------
                                             4       0.241
                                            16       0.192

Y - Directed Wiring Segment usage by length: length utilization
                                             ------ -----------
                                             4       0.247
                                            16       0.263

Segment occupancy by length: Length Occupancy Capacity Utilization
                             ------ --------- -------- -----------
                             L4         98269   402636       0.244
                             L16         4011    17620       0.228

Segment occupancy by type: name type utilization
                           ---- ---- -----------
                             L4    0       0.244
                            L16    1       0.228

Final hold Worst Negative Slack (hWNS): 0 ns
Final hold Total Negative Slack (hTNS): 0 ns
Final hold Worst Skew (hWS): 0 ns

Final hold slack histogram:
[  4.1e-11:  5.6e-10) 3470 (  6.6%) |****************
[  5.6e-10:  1.1e-09) 6526 ( 12.4%) |*******************************
[  1.1e-09:  1.6e-09) 4978 (  9.4%) |************************
[  1.6e-09:  2.1e-09) 7037 ( 13.3%) |*********************************
[  2.1e-09:  2.6e-09) 8909 ( 16.9%) |******************************************
[  2.6e-09:  3.1e-09) 9735 ( 18.5%) |**********************************************
[  3.1e-09:  3.6e-09) 6944 ( 13.2%) |*********************************
[  3.6e-09:  4.2e-09) 3353 (  6.4%) |****************
[  4.2e-09:  4.7e-09) 1341 (  2.5%) |******
[  4.7e-09:  5.2e-09)  469 (  0.9%) |**

Final critical path delay (least slack): 8.0016 ns, Fmax: 124.975 MHz
Final critical path skew: -0.04243 ns
Final setup Worst Negative Slack (sWNS): -8.0016 ns
Final setup Total Negative Slack (sTNS): -142399 ns
Final setup Worst Skew (sWS): -0.04243 ns

Final setup slack histogram:
[   -8e-09: -7.2e-09)    17 (  0.0%) |
[ -7.2e-09: -6.4e-09)    83 (  0.2%) |
[ -6.4e-09: -5.7e-09)   329 (  0.6%) |*
[ -5.7e-09: -4.9e-09)  1060 (  2.0%) |***
[ -4.9e-09: -4.1e-09)  4133 (  7.8%) |************
[ -4.1e-09: -3.3e-09)  7810 ( 14.8%) |***********************
[ -3.3e-09: -2.5e-09) 15429 ( 29.2%) |*********************************************
[ -2.5e-09: -1.8e-09) 13647 ( 25.9%) |****************************************
[ -1.8e-09: -9.7e-10)  5614 ( 10.6%) |****************
[ -9.7e-10: -1.9e-10)  4640 (  8.8%) |**************

Final geomean non-virtual intra-domain period: 8.0016 ns (124.975 MHz)
Final fanout-weighted geomean non-virtual intra-domain period: 8.0016 ns (124.975 MHz)

Incr Slack updates 1 in 0.00185753 sec
Full Max Req/Worst Slack updates 1 in 0.00121726 sec
Incr Max Req/Worst Slack updates 0 in 0 sec
Incr Criticality updates 0 in 0 sec
Full Criticality updates 1 in 0.00671545 sec
Flow timing analysis took 10.0518 seconds (8.51764 STA, 1.53417 slack) (141 full updates: 115 setup, 0 hold, 26 combined).
VPR succeeded
The entire flow of VPR took 107.37 seconds (max_rss 786.1 MiB)

