VPR FPGA Placement and Routing.
Version: 9.0.0-dev+v8.0.0-18248-g40f8d19708
Revision: v8.0.0-18248-g40f8d19708
Compiled: 2026-09-22T03:43:48
Compiler: GNU 13.3.0 on Linux-5.15.0-119-generic x86_64
Build Info: release IPO VTR_ASSERT_LEVEL=2

University of Toronto
verilogtorouting.org
vtr-users@googlegroups.com
This is free open source code under MIT license.

VPR was run with the following command-line:
/inspire/hdd/project/project-public/changshunjie-253114010247/changshunjie-253114010247/workspace/DAC2027/vtr/vtr-verilog-to-routing/vpr/vpr /inspire/hdd/project/project-public/changshunjie-253114010247/changshunjie-253114010247/workspace/DAC2027/vtr/vtr-verilog-to-routing/vtr_flow/arch/COFFE_22nm/k6FracN10LB_mem20K_complexDSP_customSB_22nm.xml /inspire/hdd/project/project-public/changshunjie-253114010247/changshunjie-253114010247/workspace/DAC2027/TailCompile/experiments/vtr/runs/pilot_v1/sha/full-seed1-w300/sha.pre-vpr.blif --analytical_place --route --analysis --ap_full_legalizer flat-recon --ap_detailed_placer annealer --seed 12 --route_chan_width 110 --write_flat_place /inspire/hdd/project/project-public/changshunjie-253114010247/changshunjie-253114010247/workspace/DAC2027/TailCompile/vtr_work/tailcompile_v3/sha/4x4/gnn_candidate-fpe44b4e28-flat-recon-annealer-seed12-w110-devw14/post_route.fplace --write_legalized_flat_place /inspire/hdd/project/project-public/changshunjie-253114010247/changshunjie-253114010247/workspace/DAC2027/TailCompile/vtr_work/tailcompile_v3/sha/4x4/gnn_candidate-fpe44b4e28-flat-recon-annealer-seed12-w110-devw14/post_legalizer.fplace --flat_place_verbosity 1 --device_width 14 --net_file /inspire/hdd/project/project-public/changshunjie-253114010247/changshunjie-253114010247/workspace/DAC2027/TailCompile/vtr_work/tailcompile_v3/sha/4x4/gnn_candidate-fpe44b4e28-flat-recon-annealer-seed12-w110-devw14/sha.locked-input.net --read_flat_place /inspire/hdd/global_user/changshunjie-253114010247/workspace/DAC2027/TailCompile/experiments/vtr/tailcompile_v3/sha/4x4/pools/bootstrap_24/candidate_14_seed12041.fplace

Using up to 1 parallel worker(s)

Architecture file: /inspire/hdd/project/project-public/changshunjie-253114010247/changshunjie-253114010247/workspace/DAC2027/vtr/vtr-verilog-to-routing/vtr_flow/arch/COFFE_22nm/k6FracN10LB_mem20K_complexDSP_customSB_22nm.xml
Circuit name: sha.pre-vpr

# Loading Architecture Description
# Loading Architecture Description took 0.04 seconds (max_rss 18.9 MiB, delta_rss +0.0 MiB)

Timing analysis: ON
Circuit netlist file: /inspire/hdd/project/project-public/changshunjie-253114010247/changshunjie-253114010247/workspace/DAC2027/TailCompile/vtr_work/tailcompile_v3/sha/4x4/gnn_candidate-fpe44b4e28-flat-recon-annealer-seed12-w110-devw14/sha.locked-input.net
Circuit placement file: sha.pre-vpr.place
Circuit routing file: sha.pre-vpr.route
Circuit SDC file: sha.pre-vpr.sdc
Vpr floorplanning constraints file: not specified

Packer: DISABLED
Placer: DISABLED
Analytical Placer: ENABLED
Router: ENABLED
Analysis: ENABLED

VPR was run with the following options:

netlist_opts.absorb_buffer_luts            : true
netlist_opts.sweep_dangling_primary_ios    : true
netlist_opts.sweep_dangling_nets           : true
netlist_opts.sweep_dangling_blocks         : true
netlist_opts.sweep_constant_primary_outputs: false
netlist_opts.netlist_verbosity             : 1
netlist_opts.const_gen_inference           : COMB_SEQ

AnalyticalPlacerOpts.analytical_solver_type: lp-b2b
AnalyticalPlacerOpts.partial_legalizer_type: bipartitioning
AnalyticalPlacerOpts.full_legalizer_type: flat-recon
AnalyticalPlacerOpts.detailed_placer_type: annealer
AnalyticalPlacerOpts.ap_timing_tradeoff: 0.500000
AnalyticalPlacerOpts.ap_high_fanout_threshold: 256
AnalyticalPlacerOpts.log_verbosity: 1
router_opts.route_type: DETAILED
router_opts.flat_routing: false
router_opts.choke_points: on
router_opts.router_algorithm: TIMING_DRIVEN
router_opts.base_cost_type: DELAY_NORMALIZED_LENGTH
router_opts.fixed_channel_width: 110
router_opts.check_route: FULL
router_opts.acc_fac: 1.000000
router_opts.bb_factor: 3
router_opts.bend_cost: 0.000000
router_opts.first_iter_pres_fac: 0.000000
router_opts.initial_pres_fac: 0.500000
router_opts.pres_fac_mult: 1.300000
router_opts.max_pres_fac: 1000.000000
router_opts.max_router_iterations: 50
router_opts.min_incremental_reroute_fanout: 16
router_opts.initial_acc_cost_chan_congestion_threshold: 0.500000
router_opts.initial_acc_cost_chan_congestion_weight: 0.500000
router_opts.do_check_rr_graph: true
router_opts.verify_binary_search: false
router_opts.min_channel_width_hint: 0
router_opts.read_rr_edge_metadata: false
router_opts.exit_after_first_routing_iteration: false
router_opts.astar_fac: 1.200000
router_opts.astar_offset: 0.000000
router_opts.router_profiler_astar_fac: 1.200000
router_opts.enable_parallel_connection_router: false
router_opts.post_target_prune_fac: 1.200000
router_opts.post_target_prune_offset: 0
router_opts.multi_queue_num_threads: 1
router_opts.multi_queue_num_queues: 2
router_opts.multi_queue_direct_draining: false
router_opts.criticality_exp: 1.000000
router_opts.max_criticality: 0.990000
router_opts.init_wirelength_abort_threshold: 0.850000
router_opts.incr_reroute_delay_ripup: AUTO
router_opts.save_routing_per_iteration: false
router_opts.congested_routing_iteration_threshold_frac: 1.000000
router_opts.high_fanout_threshold: 64
router_opts.router_debug_net: -2
router_opts.router_debug_sink_rr: -2
router_opts.router_debug_iteration: -2
router_opts.max_convergence_count: 1
router_opts.reconvergence_cpd_threshold: 0.990000
router_opts.update_lower_bound_delays: true
router_opts.first_iteration_timing_report_file: 
router_opts.route_bb_update: DYNAMIC
router_opts.lookahead_type: MAP
router_opts.initial_timing: LOOKAHEAD
router_opts.router_heap: FOUR_ARY_HEAP
router_opts.routing_failure_predictor = SAFE
router_opts.routing_predictor_min_history: 8
router_opts.routing_budgets_algorithm = DISABLE

analysis_opts.gen_post_synthesis_netlist: false
analysis_opts.gen_post_implementation_merged_netlist: false
analysis_opts.gen_post_implementation_sdc: false
analysis_opts.timing_report_npaths: 100
analysis_opts.timing_report_skew: false
analysis_opts.echo_dot_timing_graph_node: -1
analysis_opts.timing_report_detail: NETLIST
analysis_opts.post_synth_netlist_unconn_input_handling: UNCONNECTED
analysis_opts.post_synth_netlist_unconn_output_handling: UNCONNECTED
analysis_opts.post_synth_netlist_module_parameters: on

# Building complex block graph
# Building complex block graph took 0.10 seconds (max_rss 24.6 MiB, delta_rss +5.8 MiB)
Circuit file: /inspire/hdd/project/project-public/changshunjie-253114010247/changshunjie-253114010247/workspace/DAC2027/TailCompile/experiments/vtr/runs/pilot_v1/sha/full-seed1-w300/sha.pre-vpr.blif
# Load circuit
Found 3 constant generator(s) in the netlist (2 constant-zero, 1 constant-one) (run with --netlist_verbosity 2 to list names)
# Load circuit took 0.02 seconds (max_rss 28.3 MiB, delta_rss +3.7 MiB)
# Clean circuit
Absorbed 0 LUT buffers
Found 22 primitive output pin(s) driven only by constants; marked them as constants
Swept input(s)      : 0
Swept output(s)     : 0 (0 dangling, 0 constant)
Swept net(s)        : 22
Swept block(s)      : 0
Constant Pins Marked: 22
# Clean circuit took 0.00 seconds (max_rss 28.3 MiB, delta_rss +0.0 MiB)
# Compress circuit
# Compress circuit took 0.00 seconds (max_rss 28.3 MiB, delta_rss +0.0 MiB)
# Verify circuit
# Verify circuit took 0.00 seconds (max_rss 28.3 MiB, delta_rss +0.0 MiB)
Circuit Statistics:
  Blocks: 2491
    .input :      38
    .latch :     893
    .names :    1215
        0-LUT:       2
        1-LUT:       1
        2-LUT:      63
        3-LUT:     106
        4-LUT:      88
        5-LUT:     314
        6-LUT:     641
    .output:      36
    adder  :     309
  Nets  : 2742
    Avg Fanout:     3.3
    Max Fanout:   893.0
    Min Fanout:     1.0
  Netlist Clocks: 1
# Build Timing Graph
  Timing Graph Nodes: 11695
  Timing Graph Edges: 18725
  Timing Graph Levels: 84
# Build Timing Graph took 0.01 seconds (max_rss 31.7 MiB, delta_rss +3.1 MiB)
Netlist contains 1 clocks
  Netlist Clock 'clk_i' Fanout: 893 pins (7.6%), 893 blocks (35.8%)
# Load Timing Constraints

SDC file 'sha.pre-vpr.sdc' not found
Setting default timing constraints:
   * constrain all primary inputs and primary outputs on netlist clock 'clk_i'
   * optimize netlist clock to run as fast as possible
Timing constraints created 1 clocks
  Constrained Clock 'clk_i' Source: 'clk_i.inpad[0]'

# Load Timing Constraints took 0.00 seconds (max_rss 31.7 MiB, delta_rss +0.0 MiB)
# Analytical Placement
## Prepacker

There is one chain in this architecture called "chain" with the following starting points:
	clb[0]/lab[0]/fle[0]/ble5[0]/arithmetic[0]/adder[0].cin[0]

## Prepacker took 0.00 seconds (max_rss 32.0 MiB, delta_rss +0.3 MiB)
## Initializing Pre-Cluster Timing
Using inter-cluster delay: 2.1832e-09
## Initializing Pre-Cluster Timing took 0.19 seconds (max_rss 32.6 MiB, delta_rss +0.6 MiB)
## Estimate Device Size
Device layout 'auto' with fixed width 14.
FPGA sized to 14 x 14: 196 grid tiles (auto)
## Estimate Device Size took 0.00 seconds (max_rss 32.6 MiB, delta_rss +0.0 MiB)
## Ram Mapper
Flat Placement is provided, skipping the RAM mapping.
## Ram Mapper took 0.00 seconds (max_rss 32.6 MiB, delta_rss +0.0 MiB)
## Read Atom Netlist to AP Netlist
## Read Atom Netlist to AP Netlist took 0.01 seconds (max_rss 36.4 MiB, delta_rss +3.8 MiB)
Analytical Placement Netlist Statistics:
	AP Blocks: 1315
		Moveable AP Blocks: 1315
		Fixed AP Blocks: 0
	AP Nets: 1563
		Average Fanout: 4.51
		Highest Fanout: 194
	AP Pins: 11695

## Computing placement delta delay look-up
### Build routing resource graph
### Build routing resource graph took 0.11 seconds (max_rss 47.5 MiB, delta_rss +11.1 MiB)
  RR Graph Nodes: 33828
  RR Graph Edges: 257320
### Computing router lookahead map
#### Computing wire lookahead
#### Computing wire lookahead took 0.04 seconds (max_rss 48.3 MiB, delta_rss +0.5 MiB)
#### Computing src/opin lookahead
Warning 1: Found no more sample locations for SOURCE in io
Warning 2: Found no more sample locations for OPIN in io
Warning 3: Found no more sample locations for SOURCE in clb
Warning 4: Found no more sample locations for OPIN in clb
Warning 5: Found no more sample locations for SOURCE in dsp_top
Warning 6: Found no more sample locations for OPIN in dsp_top
Warning 7: Found no more sample locations for SOURCE in memory
Warning 8: Found no more sample locations for OPIN in memory
#### Computing src/opin lookahead took 0.01 seconds (max_rss 48.3 MiB, delta_rss +0.0 MiB)
### Computing router lookahead map took 0.05 seconds (max_rss 48.3 MiB, delta_rss +0.5 MiB)
Serial Connection Router is being destroyed. Time spent on path search: 0.000 seconds.
## Computing placement delta delay look-up took 0.17 seconds (max_rss 48.3 MiB, delta_rss +11.9 MiB)
Flat Placement is provided in the AP flow, skipping the Global Placement.
0 of 1315 molecules placed at device center (no atoms of these molecules found in flat placement).
## AP Full Legalizer
### Creating Clusters
Device (width, height): (14,14)
#### Sorting and Grouping Blocks by Tile
#### Sorting and Grouping Blocks by Tile took 0.00 seconds (max_rss 48.3 MiB, delta_rss +0.0 MiB)
#### Reconstruction Pass Clustering
#### Reconstruction Pass Clustering took 2.10 seconds (max_rss 49.9 MiB, delta_rss +1.6 MiB)
#### Orphan Window Clustering with search radius 8
#### Orphan Window Clustering with search radius 8 took 0.01 seconds (max_rss 49.9 MiB, delta_rss +0.0 MiB)
FPGA sized to 14 x 14: 196 grid tiles (auto)
Device Utilization: 0.62 (target 1.00)
	Block Utilization: 0.19 Type: io
	Block Utilization: 0.93 Type: clb

----------------------------------------------------------------
                       Clustering Summary                       
----------------------------------------------------------------
Clusters created (Self Clustering)                       : 185
    clb        : 111
    io         : 74
Clusters created (Orphan Window Clustering)              : 1
    clb        : 1
Total clusters                                           : 186
Percent of clusters created in Orphan Window Clustering  : 0.54%
Molecules clustered in each stage breakdown  : (Total of 1315)
	Self Clustering          (0.996958)  : 1311
 	Neighbor Clustering      (0.000000)  : 0
	Orphan Window Clustering (0.003042)  : 4
----------------------------------------------------------------

Final Clustering Statistics: 
----------   --------   ------------------------------------   --------------------------
Block Type   # Blocks   Avg. # of input clocks and pins used   Avg. # of output pins used
----------   --------   ------------------------------------   --------------------------
     EMPTY          0                                      0                            0   
        io         74                               0.486486                     0.513514   
       clb        112                                25.4196                      8.98214   
   dsp_top          0                                      0                            0   
    memory          0                                      0                            0   
Absorbed logical nets 1698 out of 2742 nets, 1044 nets not absorbed.
#### Load packing
##### Loading packed FPGA netlist file.
Netlist generated from file '/inspire/hdd/project/project-public/changshunjie-253114010247/changshunjie-253114010247/workspace/DAC2027/TailCompile/vtr_work/tailcompile_v3/sha/4x4/gnn_candidate-fpe44b4e28-flat-recon-annealer-seed12-w110-devw14/sha.locked-input.net'.
Detected 2 constant generators (to see names run with higher pack verbosity)
##### Loading packed FPGA netlist file. took 0.17 seconds (max_rss 61.5 MiB, delta_rss +6.7 MiB)
Warning 9: Treated 2 constant nets as global which will not be routed (to see net names increase packer verbosity).
Netlist contains 33 global net to non-global architecture pin connections
Completed clustering consistency check successfully.
Cluster level netlist and block usage statistics
Netlist num_nets: 1044
Netlist num_blocks: 186
Netlist EMPTY blocks: 0.
Netlist io blocks: 74.
Netlist clb blocks: 112.
Netlist dsp_top blocks: 0.
Netlist memory blocks: 0.
Netlist inputs pins: 38
Netlist output pins: 36

Pb types usage...
  io               : 74
   inpad           : 38
   outpad          : 36
  clb              : 112
   lab             : 112
    fle            : 1086
     ble5          : 882
      flut5        : 573
       lut5        : 573
        lut        : 573
       ff          : 353
      arithmetic   : 309
       adder       : 309
     ble6          : 642
      lut6         : 642
       lut         : 642
      ff           : 540

#### Load packing took 0.25 seconds (max_rss 100.2 MiB, delta_rss +45.4 MiB)
Netlist contains 33 global net to non-global architecture pin connections
Cluster level netlist and block usage statistics
Netlist num_nets: 1044
Netlist num_blocks: 186
Netlist EMPTY blocks: 0.
Netlist io blocks: 74.
Netlist clb blocks: 112.
Netlist dsp_top blocks: 0.
Netlist memory blocks: 0.
Netlist inputs pins: 38
Netlist output pins: 36
### Creating Clusters took 2.46 seconds (max_rss 100.2 MiB, delta_rss +51.9 MiB)
Completed clustering consistency check successfully.
FPGA sized to 14 x 14: 196 grid tiles (auto)
### Compressed grid construction
### Compressed grid construction took 0.00 seconds (max_rss 100.2 MiB, delta_rss +0.0 MiB)
### Initial Placement
Placing clusters that are part of larger macros...
Number of blocks to be placed: 18
Max distance on device: 28
---- ---------- ---------- -------------
Pass Max Displ. Num Blocks Num Blocks   
     Threshold  Placed     Left Unplaced
---- ---------- ---------- -------------
   0          0         10             8
   1          1          8             0

Placing general clusters...
Number of blocks to be placed: 168
Max distance on device: 28
---- ---------- ---------- -------------
Pass Max Displ. Num Blocks Num Blocks   
     Threshold  Placed     Left Unplaced
---- ---------- ---------- -------------
   0          0        158            10
   1          1          2             8
   2          2          2             6
   3          4          3             3
   4          8          3             0

### Initial Placement took 0.00 seconds (max_rss 100.2 MiB, delta_rss +0.0 MiB)
Flat Placement Reconstruction Info:
	Percent of clusters with reconstruction errors: 0.537634
	Total displacement of initial placement from flat placement: 1644.000000
	Average atom displacement of initial placement from flat placement: 0.659976
	Max atom displacement of initial placement from flat placement: 9.000000
	Percent of atoms misplaced from the flat placement: 23.926134
## AP Full Legalizer took 2.47 seconds (max_rss 100.2 MiB, delta_rss +51.9 MiB)

Resource usage...
	Netlist
		74	blocks of type: io
	Architecture
		384	blocks of type: io
	Netlist
		112	blocks of type: clb
	Architecture
		120	blocks of type: clb
	Netlist
		0	blocks of type: dsp_top
	Architecture
		3	blocks of type: dsp_top
	Netlist
		0	blocks of type: memory
	Architecture
		6	blocks of type: memory

Device Utilization: 0.62 (target 1.00)
	Physical Tile io:
	Block Utilization: 0.19 Logical Block: io
	Physical Tile clb:
	Block Utilization: 0.93 Logical Block: clb
	Physical Tile dsp_top:
	Block Utilization: 0.00 Logical Block: dsp_top
	Physical Tile memory:
	Block Utilization: 0.00 Logical Block: memory

## Computing placement delta delay look-up
RR graph channel widths unchanged, skipping RR graph rebuild
Serial Connection Router is being destroyed. Time spent on path search: 0.000 seconds.
## Computing placement delta delay look-up took 0.00 seconds (max_rss 100.5 MiB, delta_rss +0.3 MiB)
Using simple RL 'Softmax agent' for choosing move and block types

Completed placement consistency check successfully.
Initial placement cost: 1 bb_cost: 103.592 td_cost: 6.6107e-07
Initial placement BB estimate of wirelength: 11373.3
Initial placement estimated Critical Path Delay (CPD): 10.5852 ns
Initial placement estimated setup Total Negative Slack (sTNS): -2996.03 ns
Initial placement estimated setup Worst Negative Slack (sWNS): -10.5852 ns

Initial placement estimated setup slack histogram:
[ -1.1e-08: -9.6e-09)  17 (  1.8%) |*
[ -9.6e-09: -8.6e-09)  15 (  1.6%) |*
[ -8.6e-09: -7.6e-09)   0 (  0.0%) |
[ -7.6e-09: -6.6e-09)   0 (  0.0%) |
[ -6.6e-09: -5.7e-09)   0 (  0.0%) |
[ -5.7e-09: -4.7e-09)  36 (  3.9%) |***
[ -4.7e-09: -3.7e-09)  95 ( 10.2%) |********
[ -3.7e-09: -2.7e-09) 546 ( 58.8%) |***********************************************
[ -2.7e-09: -1.7e-09) 165 ( 17.8%) |**************
[ -1.7e-09: -7.3e-10)  55 (  5.9%) |*****
Placement contains 9 placement macros involving 18 blocks (average macro size 2.000000)

Moves per temperature: 530
## AP Detailed Placer

---- ------ ------- ------- ---------- ---------- ------- ---------- -------- ------- ------- ------ -------- --------- ------
Tnum  Time     T    AvCost  Av BB Cost Av TD Cost   CPD      sTNS      sWNS   AcRate  StdDev  R lim  CritExp  TotMoves  Alpha 
     (sec)                                          (ns)     (ns)      (ns)                                                   
---- ------ ------- ------- ---------- ---------- ------- ---------- -------- ------- ------- ------ -------- --------- ------
   1    0.0 4.0e-03   1.008      95.11 6.2603e-07  10.389  -3.02e+03  -10.389   0.715  0.0115   13.0     1.00        530  1.000
   2    0.0 3.8e-03   1.014     100.67 6.4252e-07  10.981  -3.36e+03  -10.981   0.702  0.0094   13.0     1.00       1060  0.950
   3    0.0 3.6e-03   0.998      99.69 6.208e-07   11.266  -3.31e+03  -11.266   0.692  0.0096   13.0     1.00       1590  0.950
   4    0.0 3.4e-03   0.996      97.71 6.1857e-07  11.141  -3.43e+03  -11.141   0.619  0.0154   13.0     1.00       2120  0.950
   5    0.0 3.2e-03   0.997     100.12 6.4623e-07  10.757  -3.39e+03  -10.757   0.630  0.0062   13.0     1.00       2650  0.950
   6    0.0 3.1e-03   1.005      99.01 6.75e-07    10.036  -3.21e+03  -10.036   0.640  0.0086   13.0     1.00       3180  0.950
   7    0.0 2.9e-03   0.991      97.35 6.708e-07    9.749  -3.09e+03   -9.749   0.640  0.0087   13.0     1.00       3710  0.950
   8    0.0 2.8e-03   0.993      97.88 6.5578e-07  10.618  -3.31e+03  -10.618   0.649  0.0076   13.0     1.00       4240  0.950
   9    0.0 2.6e-03   1.003     100.94 6.4753e-07  10.539  -3.17e+03  -10.539   0.657  0.0049   13.0     1.00       4770  0.950
  10    0.0 2.5e-03   0.961      95.01 6.2456e-07  10.870  -3.26e+03  -10.870   0.623  0.0130   13.0     1.00       5300  0.950
  11    0.0 2.4e-03   0.988      95.00 6.291e-07   10.696  -3.27e+03  -10.696   0.615  0.0120   13.0     1.00       5830  0.950
  12    0.0 2.3e-03   0.998      92.70 6.335e-07   10.239  -3.11e+03  -10.239   0.589  0.0038   13.0     1.00       6360  0.950
  13    0.0 2.2e-03   0.998      94.68 6.2852e-07  10.380   -3.2e+03  -10.380   0.628  0.0048   13.0     1.00       6890  0.950
  14    0.0 2.0e-03   0.986      92.81 6.1974e-07  10.385  -3.05e+03  -10.385   0.572  0.0106   13.0     1.00       7420  0.950
  15    0.0 1.9e-03   0.987      90.98 6.0809e-07  10.533  -3.08e+03  -10.533   0.626  0.0082   13.0     1.00       7950  0.950
  16    0.0 1.8e-03   0.994      90.89 6.0573e-07  10.526  -3.12e+03  -10.526   0.596  0.0053   13.0     1.00       8480  0.950
  17    0.0 1.8e-03   1.005      91.38 6.2292e-07  10.228  -3.11e+03  -10.228   0.606  0.0038   13.0     1.00       9010  0.950
  18    0.0 1.7e-03   0.994      90.80 6.2284e-07  10.158   -3.1e+03  -10.158   0.585  0.0056   13.0     1.00       9540  0.950
  19    0.0 1.6e-03   0.990      90.89 6.1916e-07  10.440  -3.21e+03  -10.440   0.564  0.0075   13.0     1.00      10070  0.950
  20    0.0 1.5e-03   0.979      89.04 6.0523e-07  10.509  -3.22e+03  -10.509   0.570  0.0114   13.0     1.00      10600  0.950
  21    0.0 1.4e-03   0.998      87.40 6.2483e-07   9.709  -2.98e+03   -9.709   0.519  0.0028   13.0     1.00      11130  0.950
  22    0.0 1.4e-03   0.992      86.43 6.2194e-07   9.780  -2.96e+03   -9.780   0.508  0.0033   13.0     1.00      11660  0.950
  23    0.0 1.3e-03   0.990      85.04 6.1859e-07   9.900  -3.12e+03   -9.900   0.532  0.0085   13.0     1.00      12190  0.950
  24    0.0 1.2e-03   1.000      82.73 6.1309e-07   9.954  -3.09e+03   -9.954   0.511  0.0028   13.0     1.00      12720  0.950
  25    0.0 1.2e-03   0.997      84.09 6.1928e-07  10.157  -3.25e+03  -10.157   0.494  0.0040   13.0     1.00      13250  0.950
  26    0.0 1.1e-03   0.999      85.34 6.2882e-07   9.810  -3.11e+03   -9.810   0.494  0.0032   13.0     1.00      13780  0.950
  27    0.0 1.0e-03   0.995      85.69 6.1129e-07  10.090  -3.12e+03  -10.090   0.502  0.0045   13.0     1.00      14310  0.950
  28    0.0 1.0e-03   0.996      84.70 6.0935e-07   9.886  -3.13e+03   -9.886   0.477  0.0028   13.0     1.00      14840  0.950
  29    0.0 9.5e-04   0.998      84.37 6.0326e-07   9.876  -3.11e+03   -9.876   0.500  0.0020   13.0     1.00      15370  0.950
  30    0.0 9.0e-04   0.995      83.14 6.0919e-07   9.765  -3.11e+03   -9.765   0.494  0.0041   13.0     1.00      15900  0.950
  31    0.0 8.5e-04   1.004      82.58 6.1629e-07   9.751   -3.1e+03   -9.751   0.474  0.0029   13.0     1.00      16430  0.950
  32    0.0 8.1e-04   0.994      82.38 6.0318e-07  10.150  -3.02e+03  -10.150   0.445  0.0039   13.0     1.00      16960  0.950
  33    0.0 7.7e-04   0.992      80.50 6.0925e-07   9.902  -3.08e+03   -9.902   0.443  0.0029   13.0     1.00      17490  0.950
  34    0.0 7.3e-04   1.002      80.75 6.1221e-07   9.879  -3.11e+03   -9.879   0.430  0.0017   13.0     1.00      18020  0.950
  35    0.0 7.0e-04   0.993      80.60 5.7627e-07   9.604  -3.02e+03   -9.604   0.460  0.0045   12.9     1.07      18550  0.950
  36    0.0 6.6e-04   1.003      81.15 6.0769e-07   9.649  -2.95e+03   -9.649   0.481  0.0028   13.0     1.00      19080  0.950
  37    0.0 6.3e-04   0.998      80.14 5.9279e-07  10.019     -3e+03  -10.019   0.451  0.0031   13.0     1.00      19610  0.950
  38    0.0 6.0e-04   0.999      79.22 5.9615e-07  10.019  -3.03e+03  -10.019   0.394  0.0017   13.0     1.00      20140  0.950
  39    0.0 5.7e-04   0.997      79.07 4.5681e-07   9.486  -2.92e+03   -9.486   0.404  0.0015   12.4     1.35      20670  0.950
  40    0.0 5.4e-04   0.996      78.99 3.7799e-07   9.495  -2.97e+03   -9.495   0.408  0.0027   12.0     1.61      21200  0.950
  41    0.0 5.1e-04   0.995      78.67 3.2613e-07   9.503  -3.03e+03   -9.503   0.404  0.0047   11.6     1.83      21730  0.950
  42    0.0 4.9e-04   0.995      77.26 2.826e-07    9.516  -3.01e+03   -9.516   0.372  0.0030   11.1     2.08      22260  0.950
  43    0.0 4.6e-04   1.002      77.18 2.2769e-07   9.516  -2.97e+03   -9.516   0.374  0.0018   10.4     2.52      22790  0.950
  44    0.0 4.4e-04   0.997      77.00 1.9785e-07   9.516  -2.99e+03   -9.516   0.366  0.0020    9.7     2.93      23320  0.950
  45    0.0 4.2e-04   0.998      76.47 1.7698e-07   9.329  -2.97e+03   -9.329   0.351  0.0022    9.0     3.34      23850  0.950
  46    0.0 4.0e-04   1.001      76.82 1.605e-07    9.304  -3.01e+03   -9.304   0.342  0.0012    8.2     3.81      24380  0.950
  47    0.0 3.8e-04   0.999      76.54 1.4736e-07   9.281  -3.03e+03   -9.281   0.351  0.0015    7.4     4.28      24910  0.950
  48    0.0 3.6e-04   0.997      75.94 1.4354e-07   9.210  -3.08e+03   -9.210   0.347  0.0021    6.7     4.66      25440  0.950
  49    0.0 3.4e-04   1.000      75.95 1.373e-07    9.210  -3.08e+03   -9.210   0.304  0.0008    6.1     5.03      25970  0.950
  50    0.0 3.2e-04   0.996      75.45 1.2802e-07   9.441   -3.1e+03   -9.441   0.302  0.0023    5.3     5.51      26500  0.950
  51    0.0 3.1e-04   0.998      74.95 1.2377e-07   9.441  -3.11e+03   -9.441   0.317  0.0018    4.5     5.94      27030  0.950
  52    0.0 2.9e-04   0.998      74.43 1.2054e-07   9.441  -3.04e+03   -9.441   0.323  0.0013    4.0     6.26      27560  0.950
  53    0.0 2.8e-04   0.996      73.76 1.1877e-07   9.441  -3.08e+03   -9.441   0.289  0.0024    3.5     6.53      28090  0.950
  54    0.0 2.6e-04   1.000      73.42 1.1675e-07   9.441  -3.08e+03   -9.441   0.296  0.0008    3.0     6.84      28620  0.950
  55    0.0 2.5e-04   1.000      73.14 1.1543e-07   9.441  -3.07e+03   -9.441   0.304  0.0015    2.6     7.09      29150  0.950
  56    0.0 2.4e-04   0.997      72.40 1.1444e-07   9.416  -3.02e+03   -9.416   0.270  0.0018    2.2     7.30      29680  0.950
  57    0.0 2.3e-04   0.999      71.91 1.142e-07    9.367  -3.05e+03   -9.367   0.340  0.0012    1.8     7.52      30210  0.950
  58    0.0 2.1e-04   0.999      71.47 1.1626e-07   9.207  -3.11e+03   -9.207   0.313  0.0008    1.6     7.62      30740  0.950
  59    0.0 2.0e-04   1.000      71.70 1.1679e-07   9.134  -3.09e+03   -9.134   0.306  0.0006    1.4     7.75      31270  0.950
  60    0.0 1.9e-04   0.996      71.39 1.1618e-07   9.130  -3.08e+03   -9.130   0.347  0.0028    1.2     7.86      31800  0.950
  61    0.0 1.8e-04   0.998      70.80 1.1683e-07   9.095  -3.04e+03   -9.095   0.315  0.0009    1.1     7.93      32330  0.950
  62    0.0 1.7e-04   0.997      70.64 1.1684e-07   9.095  -3.02e+03   -9.095   0.319  0.0016    1.0     8.00      32860  0.950
  63    0.0 1.7e-04   0.998      70.14 1.1512e-07   9.156  -3.02e+03   -9.156   0.264  0.0014    1.0     8.00      33390  0.950
  64    0.0 1.6e-04   1.002      70.17 1.1519e-07   9.159  -3.02e+03   -9.159   0.279  0.0009    1.0     8.00      33920  0.950
  65    0.0 1.5e-04   1.000      70.05 1.1511e-07   9.159  -3.03e+03   -9.159   0.251  0.0007    1.0     8.00      34450  0.950
  66    0.0 1.4e-04   1.000      70.10 1.1536e-07   9.159  -3.03e+03   -9.159   0.264  0.0008    1.0     8.00      34980  0.950
  67    0.0 1.3e-04   1.000      69.94 1.1528e-07   9.159  -3.04e+03   -9.159   0.264  0.0004    1.0     8.00      35510  0.950
  68    0.0 1.3e-04   0.999      69.77 1.1517e-07   9.159  -3.06e+03   -9.159   0.240  0.0006    1.0     8.00      36040  0.950
  69    0.0 1.2e-04   0.999      69.65 1.1457e-07   9.159  -3.06e+03   -9.159   0.213  0.0005    1.0     8.00      36570  0.950
  70    0.0 1.2e-04   1.000      69.48 1.1511e-07   9.159  -3.03e+03   -9.159   0.208  0.0006    1.0     8.00      37100  0.950
  71    0.0 1.1e-04   0.999      69.32 1.1544e-07   9.159     -3e+03   -9.159   0.206  0.0005    1.0     8.00      37630  0.950
  72    0.0 1.0e-04   0.999      69.11 1.1521e-07   9.159  -3.02e+03   -9.159   0.138  0.0004    1.0     8.00      38160  0.950
Agent's 2nd state: 
  73    0.0 8.3e-05   1.000      69.15 1.154e-07    9.159  -3.02e+03   -9.159   0.142  0.0003    1.0     8.00      38690  0.800
Checkpoint saved: bb_costs=69.1553, TD costs=1.15355e-07, CPD=  9.159 (ns) 
  74    0.0 6.7e-05   0.999      69.12 1.1513e-07   9.159  -3.02e+03   -9.159   0.113  0.0006    1.0     8.00      39220  0.800
  75    0.0 5.3e-05   0.999      68.98 1.1471e-07   9.159  -3.01e+03   -9.159   0.102  0.0004    1.0     8.00      39750  0.800
  76    0.0 4.3e-05   0.999      68.91 1.1514e-07   9.159  -3.06e+03   -9.159   0.068  0.0006    1.0     8.00      40280  0.800
  77    0.0 3.4e-05   1.000      68.82 1.1461e-07   9.159  -3.06e+03   -9.159   0.055  0.0002    1.0     8.00      40810  0.800
  78    0.0 2.7e-05   1.000      68.71 1.147e-07    9.159  -3.06e+03   -9.159   0.028  0.0002    1.0     8.00      41340  0.800
  79    0.0 2.2e-05   1.000      68.68 1.1427e-07   9.184  -3.06e+03   -9.184   0.058  0.0001    1.0     8.00      41870  0.800
  80    0.0 1.8e-05   1.000      68.61 1.1496e-07   9.159  -3.06e+03   -9.159   0.034  0.0001    1.0     8.00      42400  0.800
  81    0.0 1.4e-05   1.000      68.58 1.1496e-07   9.159  -3.07e+03   -9.159   0.030  0.0000    1.0     8.00      42930  0.800
  82    0.0 1.1e-05   1.000      68.58 1.1496e-07   9.159  -3.07e+03   -9.159   0.030  0.0000    1.0     8.00      43460  0.800
  83    0.0 9.0e-06   1.000      68.65 1.148e-07    9.159  -3.06e+03   -9.159   0.047  0.0001    1.0     8.00      43990  0.800
  84    0.0 7.2e-06   1.000      68.63 1.146e-07    9.159  -3.06e+03   -9.159   0.047  0.0000    1.0     8.00      44520  0.800
  85    0.0 5.7e-06   1.000      68.60 1.1464e-07   9.159  -3.06e+03   -9.159   0.028  0.0000    1.0     8.00      45050  0.800
  86    0.0 0.0e+00   1.000      68.61 1.1482e-07   9.159  -3.06e+03   -9.159   0.023  0.0000    1.0     8.00      45580  0.800
### Placement Quench took 0.01 seconds (max_rss 102.9 MiB)
post-quench CPD = 9.15858 (ns) 

Completed placement consistency check successfully.

Swaps called: 45766

Aborted Move Reasons:
  duplicate block move from location: 5
  duplicate block move to location: 128
  macro move to location illegal: 6
  macro_from swap to location illegal: 329

BB estimate of min-dist (placement) wire length: 7523

Placement estimated critical path delay (least slack): 9.15858 ns, Fmax: 109.187 MHz
Placement estimated critical path skew: -0.04243 ns
Placement estimated setup Worst Negative Slack (sWNS): -9.15858 ns
Placement estimated setup Total Negative Slack (sTNS): -3060.81 ns
Placement estimated setup Worst Skew (sWS): -0.04243 ns

Placement estimated setup slack histogram:
[ -9.2e-09: -8.3e-09)  17 (  1.8%) |**
[ -8.3e-09: -7.5e-09)  15 (  1.6%) |*
[ -7.5e-09: -6.6e-09)   0 (  0.0%) |
[ -6.6e-09: -5.8e-09)   0 (  0.0%) |
[ -5.8e-09: -4.9e-09)   0 (  0.0%) |
[ -4.9e-09: -4.1e-09) 128 ( 13.8%) |************
[ -4.1e-09: -3.2e-09) 159 ( 17.1%) |***************
[ -3.2e-09: -2.4e-09) 509 ( 54.8%) |***********************************************
[ -2.4e-09: -1.5e-09)  51 (  5.5%) |*****
[ -1.5e-09:   -7e-10)  50 (  5.4%) |*****

Placement estimated geomean non-virtual intra-domain period: 9.15858 ns (109.187 MHz)
Placement estimated fanout-weighted geomean non-virtual intra-domain period: 9.15858 ns (109.187 MHz)

Placement cost: 0.999933, bb_cost: 68.6205, td_cost: 1.14604e-07, 

Placement resource usage:
  io  implemented as io : 74
  clb implemented as clb: 112

Placement number of temperatures: 86
Placement total # of swap attempts: 45766
	Swaps accepted: 17194 (37.6 %)
	Swaps rejected: 27827 (60.8 %)
	Swaps aborted:   745 ( 1.6 %)


Placement perturbation distribution by block and move type: 
------------------ ----------------- ---------------- ---------------- --------------- ------------ 
    Block Type         Move Type       (%) of Total      Accepted(%)     Rejected(%)    Aborted(%)
------------------ ----------------- ---------------- ---------------- --------------- ------------ 
io                 Uniform                9.28             63.42           36.58          0.00         
                   Median                 9.01             65.63           28.60          5.77         
                   Centroid               8.90             68.85           31.15          0.00         
                   W. Centroid            9.12             69.73           30.24          0.02         
                   W. Median              0.87             11.62           82.32          6.06         

clb                Uniform                15.21            18.29           79.91          1.80         
                   Median                 14.11            28.22           70.02          1.77         
                   Centroid               13.66            22.69           76.13          1.18         
                   W. Centroid            14.18            23.07           75.67          1.26         
                   W. Median              1.34             2.78            96.73          0.49         
                   Crit. Uniform          2.27             0.29            99.71          0.00         
                   Feasible Region        2.06             0.32            90.79          8.89         


Placement Quench timing analysis took 0.00366726 seconds (0.00332656 STA, 0.000340701 slack) (1 full updates: 1 setup, 0 hold, 0 combined).
Placement Total  timing analysis took 0.362764 seconds (0.324931 STA, 0.0378335 slack) (88 full updates: 88 setup, 0 hold, 0 combined).
update_td_costs: connections 0.00185697 nets 0 sum_nets 0.0012235 total 0.00326031
## AP Detailed Placer took 0.83 seconds (max_rss 103.4 MiB, delta_rss +0.5 MiB)
Incr Slack updates 88 in 0.0104835 sec
Full Max Req/Worst Slack updates 34 in 0.000928122 sec
Incr Max Req/Worst Slack updates 54 in 0.00186276 sec
Incr Criticality updates 31 in 0.00731433 sec
Full Criticality updates 57 in 0.0141152 sec
Incr Slack updates 1 in 9.4051e-05 sec
Full Max Req/Worst Slack updates 1 in 3.319e-05 sec
Incr Max Req/Worst Slack updates 0 in 0 sec
Incr Criticality updates 0 in 0 sec
Full Criticality updates 1 in 0.000258464 sec
# Analytical Placement took 3.73 seconds (max_rss 103.4 MiB, delta_rss +71.7 MiB)


# Routing
RR graph channel widths unchanged, skipping RR graph rebuild
## Initializing router criticalities
Initial Net Connection Criticality Histogram:
[        0:      0.1) 244 (  8.5%) |**************
[      0.1:      0.2) 764 ( 26.5%) |*********************************************
[      0.2:      0.3) 535 ( 18.6%) |*******************************
[      0.3:      0.4) 806 ( 28.0%) |***********************************************
[      0.4:      0.5) 112 (  3.9%) |*******
[      0.5:      0.6)  72 (  2.5%) |****
[      0.6:      0.7)  61 (  2.1%) |****
[      0.7:      0.8)  32 (  1.1%) |**
[      0.8:      0.9)  49 (  1.7%) |***
[      0.9:        1) 208 (  7.2%) |************
## Initializing router criticalities took 0.05 seconds (max_rss 103.9 MiB, delta_rss +0.0 MiB)
---- ------ ------- ---- ------- ------- ------- ----------------- --------------- -------- ---------- ---------- ---------- ---------- --------
Iter   Time    pres  BBs    Heap  Re-Rtd  Re-Rtd Overused RR Nodes      Wirelength      CPD       sTNS       sWNS       hTNS       hWNS Est Succ
      (sec)     fac Updt    push    Nets   Conns                                       (ns)       (ns)       (ns)       (ns)       (ns)     Iter
---- ------ ------- ---- ------- ------- ------- ----------------- --------------- -------- ---------- ---------- ---------- ---------- --------
   1    0.0     0.0    0  112831    1041    2751    1089 ( 3.219%)   11845 (34.5%)    8.846     -3113.     -8.846      0.000      0.000      N/A
   2    0.0     0.5    0   96654     791    2224     754 ( 2.229%)   11712 (34.1%)    8.846     -3136.     -8.846      0.000      0.000      N/A
   3    0.0     0.6    0   88200     649    1847     646 ( 1.910%)   12037 (35.1%)    8.846     -3201.     -8.846      0.000      0.000      N/A
   4    0.0     0.8    0   81002     564    1476     551 ( 1.629%)   12357 (36.0%)    8.846     -3267.     -8.846      0.000      0.000      N/A
   5    0.0     1.1    0   81836     509    1386     435 ( 1.286%)   12605 (36.7%)    8.846     -3218.     -8.846      0.000      0.000      N/A
   6    0.0     1.4    0   69930     429    1141     329 ( 0.973%)   12764 (37.2%)    8.846     -3308.     -8.846      0.000      0.000      N/A
   7    0.0     1.9    0   54550     341     821     275 ( 0.813%)   12973 (37.8%)    8.846     -3324.     -8.846      0.000      0.000      N/A
   8    0.0     2.4    0   53250     295     724     192 ( 0.568%)   13200 (38.5%)    8.846     -3410.     -8.846      0.000      0.000      N/A
   9    0.0     3.1    0   43480     248     550     161 ( 0.476%)   13395 (39.0%)    8.846     -3412.     -8.846      0.000      0.000       29
  10    0.0     4.1    0   42802     201     442     110 ( 0.325%)   13643 (39.8%)    8.856     -3411.     -8.856      0.000      0.000       27
  11    0.0     5.3    0   33930     154     298      79 ( 0.234%)   13815 (40.3%)    8.856     -3413.     -8.856      0.000      0.000       26
  12    0.0     6.9    0   25940     114     224      50 ( 0.148%)   13960 (40.7%)    8.856     -3424.     -8.856      0.000      0.000       24
  13    0.0     9.0    0   21316      83     158      35 ( 0.103%)   14088 (41.0%)    8.856     -3425.     -8.856      0.000      0.000       24
  14    0.0    11.6    0   19213      61     109      26 ( 0.077%)   14255 (41.5%)    8.856     -3432.     -8.856      0.000      0.000       23
  15    0.0    15.1    0   12313      51      93      19 ( 0.056%)   14282 (41.6%)    8.856     -3432.     -8.856      0.000      0.000       23
  16    0.0    19.7    0    7976      43      79      18 ( 0.053%)   14305 (41.7%)    9.376     -3433.     -9.376      0.000      0.000       24
  17    0.0    25.6    0   12755      37      67      17 ( 0.050%)   14360 (41.8%)    9.504     -3453.     -9.504      0.000      0.000       25
  18    0.0    33.3    0   15822      40      75       9 ( 0.027%)   14440 (42.1%)    9.214     -3438.     -9.214      0.000      0.000       26
  19    0.0    43.3    0   12126      28      63       6 ( 0.018%)   14442 (42.1%)    8.987     -3437.     -8.987      0.000      0.000       25
  20    0.0    56.2    0   13437      29      57       5 ( 0.015%)   14451 (42.1%)    8.889     -3436.     -8.889      0.000      0.000       26
  21    0.0    73.1    0    7656      29      62       4 ( 0.012%)   14467 (42.2%)    8.920     -3436.     -8.920      0.000      0.000       26
  22    0.0    95.0    0    6623      27      59       1 ( 0.003%)   14478 (42.2%)    9.054     -3441.     -9.054      0.000      0.000       24
  23    0.0   123.5    0    3152      25      55       1 ( 0.003%)   14481 (42.2%)    9.054     -3441.     -9.054      0.000      0.000       24
  24    0.0   160.6    0    3011      23      52       0 ( 0.000%)   14482 (42.2%)    9.054     -3441.     -9.054      0.000      0.000      N/A
Restoring best routing
Critical path: 9.05403 ns
Successfully routed after 24 routing iterations.
Final Net Connection Criticality Histogram:
[        0:      0.1) 310 ( 10.8%) |******************
[      0.1:      0.2) 587 ( 20.4%) |***********************************
[      0.2:      0.3) 427 ( 14.8%) |*************************
[      0.3:      0.4) 790 ( 27.4%) |***********************************************
[      0.4:      0.5) 325 ( 11.3%) |*******************
[      0.5:      0.6)  81 (  2.8%) |*****
[      0.6:      0.7)  63 (  2.2%) |****
[      0.7:      0.8)  46 (  1.6%) |***
[      0.8:      0.9)  47 (  1.6%) |***
[      0.9:        1) 207 (  7.2%) |************
Router Stats: total_nets_routed: 5812 total_connections_routed: 14813 total_heap_pushes: 919805 total_heap_pops: 235939 
Serial Connection Router is being destroyed. Time spent on path search: 0.109 seconds.
# Routing took 0.46 seconds (max_rss 105.7 MiB, delta_rss +2.3 MiB)

Checking to ensure routing is legal...
# Checking to ensure non-configurable edges are legal
# Checking to ensure non-configurable edges are legal took 0.00 seconds (max_rss 105.7 MiB, delta_rss +0.0 MiB)
Completed routing consistency check successfully.

Serial number (magic cookie) for the routing is: -180157338
Circuit successfully routed with a channel width factor of 110.
Incr Slack updates 25 in 0.00248452 sec
Full Max Req/Worst Slack updates 6 in 0.000178135 sec
Incr Max Req/Worst Slack updates 19 in 0.000665411 sec
Incr Criticality updates 15 in 0.00333929 sec
Full Criticality updates 10 in 0.00270827 sec
# Synchronize the packed netlist to routing optimization
## Annotating rr_node with routed nets
## Annotating rr_node with routed nets took 0.00 seconds (max_rss 105.9 MiB, delta_rss +0.3 MiB)
Found 3882 mismatches between routing and packing results.
Fixed 2522 routing traces due to mismatch between routing and packing results.
# Synchronize the packed netlist to routing optimization took 0.03 seconds (max_rss 105.9 MiB, delta_rss +0.3 MiB)
Final Clustering Statistics: 
----------   --------   ------------------------------------   --------------------------
Block Type   # Blocks   Avg. # of input clocks and pins used   Avg. # of output pins used
----------   --------   ------------------------------------   --------------------------
     EMPTY          0                                      0                            0   
        io         74                               0.486486                     0.513514   
       clb        112                                25.4196                      8.98214   
   dsp_top          0                                      0                            0   
    memory          0                                      0                            0   
Absorbed logical nets 1698 out of 2742 nets, 1044 nets not absorbed.


Average number of bends per net: 1.67531  Maximum # of bends: 49

Number of global nets: 3
Number of routed nets (nonglobal): 1041
Wire length results (in units of 1 clb segments)...
	Total wirelength: 14482, average net length: 13.9116
	Maximum net length: 420

Wire length results in terms of physical segments...
	Total wiring segments used: 4016, average wire segments per net: 3.85783
	Maximum segments used by a net: 124
	Total local nets with reserved CLB opins: 0
Total number of nets absorbed: 9

Routing channel utilization histogram:
[        1:      inf)  0 (  0.0%) |
[      0.9:        1)  0 (  0.0%) |
[      0.8:      0.9) 11 (  3.3%) |********
[      0.7:      0.8) 66 ( 19.5%) |************************************************
[      0.5:      0.6) 35 ( 10.4%) |*************************
[      0.4:      0.5) 44 ( 13.0%) |********************************
[      0.3:      0.4) 49 ( 14.5%) |************************************
[      0.2:      0.3) 36 ( 10.7%) |**************************
[      0.1:      0.2) 62 ( 18.3%) |*********************************************
[        0:      0.1) 35 ( 10.4%) |*************************
Maximum routing channel utilization:      0.87 at (12,7)

X - Directed channels: layer   y   max occ   ave occ   ave cap
                        ----- ---- -------- -------- --------
                            0    0       58   38.583      110
                            0    1       46   26.750      110
                            0    2       57   35.917      110
                            0    3       72   42.500      110
                            0    4       78   46.833      110
                            0    5       76   47.500      110
                            0    6       73   49.000      110
                            0    7       82   47.833      110
                            0    8       77   47.167      110
                            0    9       80   48.583      110
                            0   10       75   43.750      110
                            0   11       53   35.917      110
                            0   12       79   52.750      110
Y - Directed channels: layer   x   max occ   ave occ   ave cap
                        ----- ---- -------- -------- --------
                            0    0       24   16.000      110
                            0    1       25   16.917      110
                            0    2       18   15.583      110
                            0    3       46   35.583      110
                            0    4       56   44.250      110
                            0    5       59   43.083      110
                            0    6       53   43.000      110
                            0    7       81   61.750      110
                            0    8       84   68.750      110
                            0    9       92   76.500      110
                            0   10       94   77.833      110
                            0   11       83   66.833      110
                            0   12       96   77.667      110

Total existing wires segments: CHANX     17160, CHANY     17160, CHANZ         0, ALL     34320
Total used wires segments:     CHANX      6757, CHANY      7725, CHANZ         0, ALL     14482
Usage percentage:              CHANX     39.4%, CHANY     45.0%, CHANZ      0.0%, ALL     42.2%

Logic area (in minimum width transistor areas, excludes I/Os and empty grid tiles)...
	Total logic block area (Warning, need to add pitch of routing to blocks with height > 3): 4.93594e+06
	Total used logic block area: 3.12536e+06

Routing area (in minimum width transistor areas)...
	Total routing area: 1.57405e+06, per logic tile: 8030.86

Total Number of Wiring Segments by Direction: direction length number
                                              --------- ------ -------
                                                      X      4   4680
                                                      Y      4   4680
                                                      X     16    294
                                                      Y     16    294

X - Directed Wiring Segment usage by length: length utilization
                                             ------ -----------
                                             4       0.403
                                            16       0.116

Y - Directed Wiring Segment usage by length: length utilization
                                             ------ -----------
                                             4       0.437
                                            16       0.177

Segment occupancy by length: Length Occupancy Capacity Utilization
                             ------ --------- -------- -----------
                             L4          3930     9360        0.42
                             L16           86      588       0.146

Segment occupancy by type: name type utilization
                           ---- ---- -----------
                             L4    0        0.42
                            L16    1       0.146

Final hold Worst Negative Slack (hWNS): 0 ns
Final hold Total Negative Slack (hTNS): 0 ns
Final hold Worst Skew (hWS): 0 ns

Final hold slack histogram:
[  1.9e-10:  4.3e-10) 827 ( 89.0%) |***********************************************
[  4.3e-10:  6.7e-10)  35 (  3.8%) |**
[  6.7e-10:  9.1e-10)  34 (  3.7%) |**
[  9.1e-10:  1.1e-09)  19 (  2.0%) |*
[  1.1e-09:  1.4e-09)   8 (  0.9%) |
[  1.4e-09:  1.6e-09)   1 (  0.1%) |
[  1.6e-09:  1.9e-09)   1 (  0.1%) |
[  1.9e-09:  2.1e-09)   1 (  0.1%) |
[  2.1e-09:  2.3e-09)   1 (  0.1%) |
[  2.3e-09:  2.6e-09)   2 (  0.2%) |

Final critical path delay (least slack): 9.05403 ns, Fmax: 110.448 MHz
Final critical path skew: -0.04243 ns
Final setup Worst Negative Slack (sWNS): -9.05403 ns
Final setup Total Negative Slack (sTNS): -3441.11 ns
Final setup Worst Skew (sWS): -0.04243 ns

Final setup slack histogram:
[ -9.1e-09: -8.2e-09)  25 (  2.7%) |**
[ -8.2e-09: -7.3e-09)   6 (  0.6%) |*
[ -7.3e-09: -6.5e-09)   1 (  0.1%) |
[ -6.5e-09: -5.6e-09)   0 (  0.0%) |
[ -5.6e-09: -4.8e-09) 115 ( 12.4%) |***********
[ -4.8e-09: -3.9e-09)  99 ( 10.7%) |**********
[ -3.9e-09: -3.1e-09) 485 ( 52.2%) |***********************************************
[ -3.1e-09: -2.2e-09) 145 ( 15.6%) |**************
[ -2.2e-09: -1.4e-09)  20 (  2.2%) |**
[ -1.4e-09: -4.9e-10)  33 (  3.6%) |***

Final geomean non-virtual intra-domain period: 9.05403 ns (110.448 MHz)
Final fanout-weighted geomean non-virtual intra-domain period: 9.05403 ns (110.448 MHz)

Incr Slack updates 1 in 9.9364e-05 sec
Full Max Req/Worst Slack updates 1 in 2.8431e-05 sec
Incr Max Req/Worst Slack updates 0 in 0 sec
Incr Criticality updates 0 in 0 sec
Full Criticality updates 1 in 0.00027053 sec
Flow timing analysis took 0.810332 seconds (0.749548 STA, 0.0607838 slack) (115 full updates: 89 setup, 0 hold, 26 combined).
VPR succeeded
The entire flow of VPR took 4.61 seconds (max_rss 105.9 MiB)

