VPR FPGA Placement and Routing.
Version: 9.0.0-dev+v8.0.0-18248-g40f8d19708
Revision: v8.0.0-18248-g40f8d19708
Compiled: 2026-09-22T03:43:48
Compiler: GNU 13.3.0 on Linux-5.15.0-119-generic x86_64
Build Info: release IPO VTR_ASSERT_LEVEL=2

University of Toronto
verilogtorouting.org
vtr-users@googlegroups.com
This is free open source code under MIT license.

VPR was run with the following command-line:
/inspire/hdd/project/project-public/changshunjie-253114010247/changshunjie-253114010247/workspace/DAC2027/vtr/vtr-verilog-to-routing/vpr/vpr /inspire/hdd/project/project-public/changshunjie-253114010247/changshunjie-253114010247/workspace/DAC2027/vtr/vtr-verilog-to-routing/vtr_flow/arch/COFFE_22nm/k6FracN10LB_mem20K_complexDSP_customSB_22nm.xml /inspire/hdd/project/project-public/changshunjie-253114010247/changshunjie-253114010247/workspace/DAC2027/TailCompile/experiments/vtr/runs/pilot_v1/attention_layer/full-seed1-w300/attention_layer.pre-vpr.blif --analytical_place --route --analysis --ap_full_legalizer flat-recon --ap_detailed_placer annealer --seed 11 --route_chan_width 120 --write_flat_place /inspire/hdd/project/project-public/changshunjie-253114010247/changshunjie-253114010247/workspace/DAC2027/TailCompile/vtr_work/tailcompile_v3/attention_layer/4x4/gnn_candidate-fp1cc57048-flat-recon-annealer-seed11-w120-devw88/post_route.fplace --write_legalized_flat_place /inspire/hdd/project/project-public/changshunjie-253114010247/changshunjie-253114010247/workspace/DAC2027/TailCompile/vtr_work/tailcompile_v3/attention_layer/4x4/gnn_candidate-fp1cc57048-flat-recon-annealer-seed11-w120-devw88/post_legalizer.fplace --flat_place_verbosity 1 --device_width 88 --net_file /inspire/hdd/project/project-public/changshunjie-253114010247/changshunjie-253114010247/workspace/DAC2027/TailCompile/vtr_work/tailcompile_v3/attention_layer/4x4/gnn_candidate-fp1cc57048-flat-recon-annealer-seed11-w120-devw88/attention_layer.locked-input.net --read_flat_place /inspire/hdd/global_user/changshunjie-253114010247/workspace/DAC2027/TailCompile/experiments/vtr/tailcompile_v3/attention_layer/4x4/pools/bootstrap_24/candidate_16_seed13043.fplace

Using up to 1 parallel worker(s)

Architecture file: /inspire/hdd/project/project-public/changshunjie-253114010247/changshunjie-253114010247/workspace/DAC2027/vtr/vtr-verilog-to-routing/vtr_flow/arch/COFFE_22nm/k6FracN10LB_mem20K_complexDSP_customSB_22nm.xml
Circuit name: attention_layer.pre-vpr

# Loading Architecture Description
# Loading Architecture Description took 0.03 seconds (max_rss 32.6 MiB, delta_rss +0.0 MiB)

Timing analysis: ON
Circuit netlist file: /inspire/hdd/project/project-public/changshunjie-253114010247/changshunjie-253114010247/workspace/DAC2027/TailCompile/vtr_work/tailcompile_v3/attention_layer/4x4/gnn_candidate-fp1cc57048-flat-recon-annealer-seed11-w120-devw88/attention_layer.locked-input.net
Circuit placement file: attention_layer.pre-vpr.place
Circuit routing file: attention_layer.pre-vpr.route
Circuit SDC file: attention_layer.pre-vpr.sdc
Vpr floorplanning constraints file: not specified

Packer: DISABLED
Placer: DISABLED
Analytical Placer: ENABLED
Router: ENABLED
Analysis: ENABLED

VPR was run with the following options:

netlist_opts.absorb_buffer_luts            : true
netlist_opts.sweep_dangling_primary_ios    : true
netlist_opts.sweep_dangling_nets           : true
netlist_opts.sweep_dangling_blocks         : true
netlist_opts.sweep_constant_primary_outputs: false
netlist_opts.netlist_verbosity             : 1
netlist_opts.const_gen_inference           : COMB_SEQ

AnalyticalPlacerOpts.analytical_solver_type: lp-b2b
AnalyticalPlacerOpts.partial_legalizer_type: bipartitioning
AnalyticalPlacerOpts.full_legalizer_type: flat-recon
AnalyticalPlacerOpts.detailed_placer_type: annealer
AnalyticalPlacerOpts.ap_timing_tradeoff: 0.500000
AnalyticalPlacerOpts.ap_high_fanout_threshold: 256
AnalyticalPlacerOpts.log_verbosity: 1
router_opts.route_type: DETAILED
router_opts.flat_routing: false
router_opts.choke_points: on
router_opts.router_algorithm: TIMING_DRIVEN
router_opts.base_cost_type: DELAY_NORMALIZED_LENGTH
router_opts.fixed_channel_width: 120
router_opts.check_route: FULL
router_opts.acc_fac: 1.000000
router_opts.bb_factor: 3
router_opts.bend_cost: 0.000000
router_opts.first_iter_pres_fac: 0.000000
router_opts.initial_pres_fac: 0.500000
router_opts.pres_fac_mult: 1.300000
router_opts.max_pres_fac: 1000.000000
router_opts.max_router_iterations: 50
router_opts.min_incremental_reroute_fanout: 16
router_opts.initial_acc_cost_chan_congestion_threshold: 0.500000
router_opts.initial_acc_cost_chan_congestion_weight: 0.500000
router_opts.do_check_rr_graph: true
router_opts.verify_binary_search: false
router_opts.min_channel_width_hint: 0
router_opts.read_rr_edge_metadata: false
router_opts.exit_after_first_routing_iteration: false
router_opts.astar_fac: 1.200000
router_opts.astar_offset: 0.000000
router_opts.router_profiler_astar_fac: 1.200000
router_opts.enable_parallel_connection_router: false
router_opts.post_target_prune_fac: 1.200000
router_opts.post_target_prune_offset: 0
router_opts.multi_queue_num_threads: 1
router_opts.multi_queue_num_queues: 2
router_opts.multi_queue_direct_draining: false
router_opts.criticality_exp: 1.000000
router_opts.max_criticality: 0.990000
router_opts.init_wirelength_abort_threshold: 0.850000
router_opts.incr_reroute_delay_ripup: AUTO
router_opts.save_routing_per_iteration: false
router_opts.congested_routing_iteration_threshold_frac: 1.000000
router_opts.high_fanout_threshold: 64
router_opts.router_debug_net: -2
router_opts.router_debug_sink_rr: -2
router_opts.router_debug_iteration: -2
router_opts.max_convergence_count: 1
router_opts.reconvergence_cpd_threshold: 0.990000
router_opts.update_lower_bound_delays: true
router_opts.first_iteration_timing_report_file: 
router_opts.route_bb_update: DYNAMIC
router_opts.lookahead_type: MAP
router_opts.initial_timing: LOOKAHEAD
router_opts.router_heap: FOUR_ARY_HEAP
router_opts.routing_failure_predictor = SAFE
router_opts.routing_predictor_min_history: 8
router_opts.routing_budgets_algorithm = DISABLE

analysis_opts.gen_post_synthesis_netlist: false
analysis_opts.gen_post_implementation_merged_netlist: false
analysis_opts.gen_post_implementation_sdc: false
analysis_opts.timing_report_npaths: 100
analysis_opts.timing_report_skew: false
analysis_opts.echo_dot_timing_graph_node: -1
analysis_opts.timing_report_detail: NETLIST
analysis_opts.post_synth_netlist_unconn_input_handling: UNCONNECTED
analysis_opts.post_synth_netlist_unconn_output_handling: UNCONNECTED
analysis_opts.post_synth_netlist_module_parameters: on

# Building complex block graph
# Building complex block graph took 0.08 seconds (max_rss 32.6 MiB, delta_rss +0.0 MiB)
Circuit file: /inspire/hdd/project/project-public/changshunjie-253114010247/changshunjie-253114010247/workspace/DAC2027/TailCompile/experiments/vtr/runs/pilot_v1/attention_layer/full-seed1-w300/attention_layer.pre-vpr.blif
# Load circuit
Found 4 constant generator(s) in the netlist (2 constant-zero, 2 constant-one) (run with --netlist_verbosity 2 to list names)
# Load circuit took 0.55 seconds (max_rss 134.3 MiB, delta_rss +101.7 MiB)
# Clean circuit
Absorbed 7975 LUT buffers
Found 1090 primitive output pin(s) driven only by constants; marked them as constants
Swept input(s)      : 7
Swept output(s)     : 0 (0 dangling, 0 constant)
Swept net(s)        : 10126
Swept block(s)      : 33
Constant Pins Marked: 1090
# Clean circuit took 0.13 seconds (max_rss 134.3 MiB, delta_rss +0.0 MiB)
# Compress circuit
# Compress circuit took 0.07 seconds (max_rss 134.3 MiB, delta_rss +0.0 MiB)
# Verify circuit
# Verify circuit took 0.02 seconds (max_rss 134.3 MiB, delta_rss +0.0 MiB)
Circuit Statistics:
  Blocks: 40113
    .input            :    1052
    .latch            :    8844
    .names            :   17218
        0-LUT:       3
        1-LUT:    5989
        2-LUT:     920
        3-LUT:    4530
        4-LUT:    3023
        5-LUT:    1163
        6-LUT:    1590
    .output           :      32
    adder             :    9150
    addition_fp_clk_16:       1
    dual_port_ram     :    3680
    multiply          :     136
  Nets  : 50065
    Avg Fanout:     2.9
    Max Fanout: 12525.0
    Min Fanout:     1.0
  Netlist Clocks: 1
# Build Timing Graph
  Timing Graph Nodes: 245193
  Timing Graph Edges: 446068
  Timing Graph Levels: 66
# Build Timing Graph took 0.24 seconds (max_rss 201.3 MiB, delta_rss +62.8 MiB)
Netlist contains 1 clocks
  Netlist Clock 'clk' Fanout: 12525 pins (6.5%), 12525 blocks (31.2%)
# Load Timing Constraints

SDC file 'attention_layer.pre-vpr.sdc' not found
Setting default timing constraints:
   * constrain all primary inputs and primary outputs on netlist clock 'clk'
   * optimize netlist clock to run as fast as possible
Timing constraints created 1 clocks
  Constrained Clock 'clk' Source: 'clk.inpad[0]'

# Load Timing Constraints took 0.00 seconds (max_rss 201.3 MiB, delta_rss +0.0 MiB)
# Analytical Placement
## Prepacker

There is one chain in this architecture called "chain" with the following starting points:
	clb[0]/lab[0]/fle[0]/ble5[0]/arithmetic[0]/adder[0].cin[0]

## Prepacker took 0.04 seconds (max_rss 201.3 MiB, delta_rss +0.0 MiB)
## Initializing Pre-Cluster Timing
Using inter-cluster delay: 2.1832e-09
## Initializing Pre-Cluster Timing took 0.39 seconds (max_rss 206.4 MiB, delta_rss +5.1 MiB)
## Estimate Device Size
Device layout 'auto' with fixed width 88.
FPGA sized to 88 x 88: 7744 grid tiles (auto)
## Estimate Device Size took 0.00 seconds (max_rss 206.4 MiB, delta_rss +0.0 MiB)
## Ram Mapper
Flat Placement is provided, skipping the RAM mapping.
## Ram Mapper took 0.00 seconds (max_rss 206.4 MiB, delta_rss +0.0 MiB)
## Read Atom Netlist to AP Netlist
## Read Atom Netlist to AP Netlist took 0.28 seconds (max_rss 275.3 MiB, delta_rss +68.9 MiB)
Analytical Placement Netlist Statistics:
	AP Blocks: 25061
		Moveable AP Blocks: 25061
		Fixed AP Blocks: 0
	AP Nets: 34982
		Average Fanout: 2.94
		Highest Fanout: 257
	AP Pins: 193913

## Computing placement delta delay look-up
### Build routing resource graph
### Build routing resource graph took 4.29 seconds (max_rss 681.6 MiB, delta_rss +406.2 MiB)
  RR Graph Nodes: 1544620
  RR Graph Edges: 13178036
### Computing router lookahead map
#### Computing wire lookahead
#### Computing wire lookahead took 4.97 seconds (max_rss 681.6 MiB, delta_rss +0.0 MiB)
#### Computing src/opin lookahead
Warning 1: Found no more sample locations for SOURCE in io
Warning 2: Found no more sample locations for OPIN in io
Warning 3: Found no more sample locations for SOURCE in clb
Warning 4: Found no more sample locations for OPIN in clb
Warning 5: Found no more sample locations for SOURCE in dsp_top
Warning 6: Found no more sample locations for OPIN in dsp_top
Warning 7: Found no more sample locations for SOURCE in memory
Warning 8: Found no more sample locations for OPIN in memory
#### Computing src/opin lookahead took 0.18 seconds (max_rss 681.6 MiB, delta_rss +0.0 MiB)
### Computing router lookahead map took 5.17 seconds (max_rss 681.6 MiB, delta_rss +0.0 MiB)
Serial Connection Router is being destroyed. Time spent on path search: 0.000 seconds.
## Computing placement delta delay look-up took 9.73 seconds (max_rss 681.6 MiB, delta_rss +406.2 MiB)
Flat Placement is provided in the AP flow, skipping the Global Placement.
0 of 25061 molecules placed at device center (no atoms of these molecules found in flat placement).
## AP Full Legalizer
### Creating Clusters
Device (width, height): (88,88)
#### Sorting and Grouping Blocks by Tile
#### Sorting and Grouping Blocks by Tile took 0.01 seconds (max_rss 681.6 MiB, delta_rss +0.0 MiB)
#### Reconstruction Pass Clustering
#### Reconstruction Pass Clustering took 58.01 seconds (max_rss 681.6 MiB, delta_rss +0.0 MiB)
#### Orphan Window Clustering with search radius 8
#### Orphan Window Clustering with search radius 8 took 0.02 seconds (max_rss 681.6 MiB, delta_rss +0.0 MiB)
FPGA sized to 88 x 88: 7744 grid tiles (auto)
Device Utilization: 0.28 (target 1.00)
	Block Utilization: 0.39 Type: io
	Block Utilization: 0.19 Type: clb
	Block Utilization: 0.85 Type: dsp_top
	Block Utilization: 0.75 Type: memory

----------------------------------------------------------------
                       Clustering Summary                       
----------------------------------------------------------------
Clusters created (Self Clustering)                       : 2605
    dsp_top    : 107
    memory     : 194
    clb        : 1220
    io         : 1084
Clusters created (Orphan Window Clustering)              : 15
    clb        : 15
Total clusters                                           : 2620
Percent of clusters created in Orphan Window Clustering  : 0.57%
Molecules clustered in each stage breakdown  : (Total of 25061)
	Self Clustering          (0.998963)  : 25035
 	Neighbor Clustering      (0.000000)  : 0
	Orphan Window Clustering (0.001037)  : 26
----------------------------------------------------------------

Final Clustering Statistics: 
----------   --------   ------------------------------------   --------------------------
Block Type   # Blocks   Avg. # of input clocks and pins used   Avg. # of output pins used
----------   --------   ------------------------------------   --------------------------
     EMPTY          0                                      0                            0   
        io       1084                              0.0295203                      0.97048   
       clb       1235                                27.9466                      15.3628   
   dsp_top        107                                40.9813                      20.1869   
    memory        194                                49.6598                      18.9691   
Absorbed logical nets 24200 out of 50065 nets, 25865 nets not absorbed.
#### Load packing
##### Loading packed FPGA netlist file.
Netlist generated from file '/inspire/hdd/project/project-public/changshunjie-253114010247/changshunjie-253114010247/workspace/DAC2027/TailCompile/vtr_work/tailcompile_v3/attention_layer/4x4/gnn_candidate-fp1cc57048-flat-recon-annealer-seed11-w120-devw88/attention_layer.locked-input.net'.
Detected 3 constant generators (to see names run with higher pack verbosity)
##### Loading packed FPGA netlist file. took 2.03 seconds (max_rss 750.5 MiB, delta_rss +68.9 MiB)
Warning 9: Treated 2 constant nets as global which will not be routed (to see net names increase packer verbosity).
Netlist contains 5542 global net to non-global architecture pin connections
Found 2 logic block(s) with only 1 output pin and no inputs; they may be constant generators (run with --pack_verbosity 3 to list them)
Completed clustering consistency check successfully.
Cluster level netlist and block usage statistics
Netlist num_nets: 25865
Netlist num_blocks: 2620
Netlist EMPTY blocks: 0.
Netlist io blocks: 1084.
Netlist clb blocks: 1235.
Netlist dsp_top blocks: 107.
Netlist memory blocks: 194.
Netlist inputs pins: 1052
Netlist output pins: 32

Pb types usage...
  io                   : 1084
   inpad               : 1052
   outpad              : 32
  clb                  : 1235
   lab                 : 1235
    fle                : 11240
     ble5              : 19054
      flut5            : 9904
       lut5            : 9613
        lut            : 9613
       ff              : 8130
      arithmetic       : 9150
       lut4            : 6015
        lut            : 6015
       adder           : 9150
     ble6              : 1590
      lut6             : 1590
       lut             : 1590
      ff               : 714
  dsp_top              : 107
   dsp                 : 107
    dsp_pb             : 107
     two_mult_18x19    : 136
      mult_18x19       : 136
     adder_fp16        : 1
  memory               : 194
   mem_1024x20_dp      : 194
    memory_slice       : 3680

#### Load packing took 2.41 seconds (max_rss 750.5 MiB, delta_rss +68.9 MiB)
Netlist contains 5542 global net to non-global architecture pin connections
Found 2 logic block(s) with only 1 output pin and no inputs; they may be constant generators (run with --pack_verbosity 3 to list them)
Cluster level netlist and block usage statistics
Netlist num_nets: 25865
Netlist num_blocks: 2620
Netlist EMPTY blocks: 0.
Netlist io blocks: 1084.
Netlist clb blocks: 1235.
Netlist dsp_top blocks: 107.
Netlist memory blocks: 194.
Netlist inputs pins: 1052
Netlist output pins: 32
### Creating Clusters took 61.63 seconds (max_rss 750.5 MiB, delta_rss +68.9 MiB)
Completed clustering consistency check successfully.
FPGA sized to 88 x 88: 7744 grid tiles (auto)
### Compressed grid construction
### Compressed grid construction took 0.00 seconds (max_rss 750.5 MiB, delta_rss +0.0 MiB)
### Initial Placement
Placing clusters that are part of larger macros...
Number of blocks to be placed: 16
Max distance on device: 176
---- ---------- ---------- -------------
Pass Max Displ. Num Blocks Num Blocks   
     Threshold  Placed     Left Unplaced
---- ---------- ---------- -------------
   0          0         14             2
   1          1          2             0

Placing general clusters...
Number of blocks to be placed: 2604
Max distance on device: 176
---- ---------- ---------- -------------
Pass Max Displ. Num Blocks Num Blocks   
     Threshold  Placed     Left Unplaced
---- ---------- ---------- -------------
   0          0       2590            14
   1          1          7             7
   2          2          5             2
   3          4          2             0

### Initial Placement took 0.01 seconds (max_rss 750.5 MiB, delta_rss +0.0 MiB)
Flat Placement Reconstruction Info:
	Percent of clusters with reconstruction errors: 0.267176
	Total displacement of initial placement from flat placement: 15623.000000
	Average atom displacement of initial placement from flat placement: 0.389475
	Max atom displacement of initial placement from flat placement: 68.000000
	Percent of atoms misplaced from the flat placement: 1.333732
## AP Full Legalizer took 61.94 seconds (max_rss 750.5 MiB, delta_rss +68.9 MiB)

Resource usage...
	Netlist
		1084	blocks of type: io
	Architecture
		2752	blocks of type: io
	Netlist
		1235	blocks of type: clb
	Architecture
		6376	blocks of type: clb
	Netlist
		107	blocks of type: dsp_top
	Architecture
		126	blocks of type: dsp_top
	Netlist
		194	blocks of type: memory
	Architecture
		258	blocks of type: memory

Device Utilization: 0.28 (target 1.00)
	Physical Tile io:
	Block Utilization: 0.39 Logical Block: io
	Physical Tile clb:
	Block Utilization: 0.19 Logical Block: clb
	Physical Tile dsp_top:
	Block Utilization: 0.85 Logical Block: dsp_top
	Physical Tile memory:
	Block Utilization: 0.75 Logical Block: memory

## Computing placement delta delay look-up
RR graph channel widths unchanged, skipping RR graph rebuild
Serial Connection Router is being destroyed. Time spent on path search: 0.000 seconds.
## Computing placement delta delay look-up took 0.02 seconds (max_rss 750.5 MiB, delta_rss +0.0 MiB)
Using simple RL 'Softmax agent' for choosing move and block types

Completed placement consistency check successfully.
Initial placement cost: 1 bb_cost: 8795.38 td_cost: 1.75044e-05
Initial placement BB estimate of wirelength: 1.05476e+06
Initial placement estimated Critical Path Delay (CPD): 16.3205 ns
Initial placement estimated setup Total Negative Slack (sTNS): -127340 ns
Initial placement estimated setup Worst Negative Slack (sWNS): -16.3205 ns

Initial placement estimated setup slack histogram:
[ -1.6e-08: -1.5e-08)     4 (  0.0%) |
[ -1.5e-08: -1.3e-08)    11 (  0.0%) |
[ -1.3e-08: -1.1e-08)    47 (  0.1%) |
[ -1.1e-08: -9.9e-09)   179 (  0.3%) |
[ -9.9e-09: -8.3e-09)   358 (  0.7%) |*
[ -8.3e-09: -6.6e-09)   867 (  1.6%) |*
[ -6.6e-09:   -5e-09)  1322 (  2.5%) |**
[   -5e-09: -3.4e-09)  3568 (  6.8%) |******
[ -3.4e-09: -1.8e-09) 28665 ( 54.3%) |*********************************************
[ -1.8e-09: -1.9e-10) 17741 ( 33.6%) |****************************
Placement contains 8 placement macros involving 16 blocks (average macro size 2.000000)

Moves per temperature: 18054
## AP Detailed Placer

---- ------ ------- ------- ---------- ---------- ------- ---------- -------- ------- ------- ------ -------- --------- ------
Tnum  Time     T    AvCost  Av BB Cost Av TD Cost   CPD      sTNS      sWNS   AcRate  StdDev  R lim  CritExp  TotMoves  Alpha 
     (sec)                                          (ns)     (ns)      (ns)                                                   
---- ------ ------- ------- ---------- ---------- ------- ---------- -------- ------- ------- ------ -------- --------- ------
   1    0.2 7.4e-04   0.985    7390.10 1.4117e-05  15.726  -1.19e+05  -15.726   0.835  0.0119   87.0     1.00      18054  1.000
   2    0.2 6.7e-04   0.962    7100.04 1.7368e-05  12.508  -1.23e+05  -12.508   0.822  0.0138   87.0     1.00      36108  0.900
   3    0.2 6.0e-04   0.983    6766.58 1.9341e-05  10.695   -1.2e+05  -10.695   0.799  0.0089   87.0     1.00      54162  0.900
   4    0.2 5.7e-04   0.966    6530.89 1.6959e-05  12.067  -1.17e+05  -12.067   0.799  0.0173   87.0     1.00      72216  0.950
   5    0.2 5.4e-04   0.966    6249.40 1.5783e-05  12.577  -1.16e+05  -12.577   0.779  0.0160   87.0     1.00      90270  0.950
   6    0.2 5.2e-04   0.960    5803.34 1.6645e-05  11.282  -1.19e+05  -11.282   0.769  0.0145   87.0     1.00     108324  0.950
   7    0.2 4.9e-04   0.959    5437.88 1.6588e-05  10.851  -1.14e+05  -10.851   0.754  0.0235   87.0     1.00     126378  0.950
   8    0.2 4.7e-04   0.986    5109.70 1.6414e-05  10.386  -1.13e+05  -10.386   0.743  0.0143   87.0     1.00     144432  0.950
   9    0.2 4.4e-04   0.985    4910.92 1.5133e-05  11.071  -1.12e+05  -11.071   0.736  0.0119   87.0     1.00     162486  0.950
  10    0.2 4.2e-04   0.970    4719.56 1.5424e-05  10.585  -1.12e+05  -10.585   0.733  0.0171   87.0     1.00     180540  0.950
  11    0.2 4.0e-04   0.979    4561.85 1.5318e-05  10.568  -1.17e+05  -10.568   0.719  0.0091   87.0     1.00     198594  0.950
  12    0.2 3.8e-04   0.970    4363.31 1.4386e-05  10.849  -1.12e+05  -10.849   0.715  0.0088   87.0     1.00     216648  0.950
  13    0.2 3.6e-04   0.978    4299.84 1.5071e-05  10.222  -1.12e+05  -10.222   0.707  0.0084   87.0     1.00     234702  0.950
  14    0.2 3.4e-04   0.967    4078.47 1.4127e-05  10.550   -1.1e+05  -10.550   0.698  0.0171   87.0     1.00     252756  0.950
  15    0.2 3.3e-04   0.987    3948.88 1.4875e-05   9.814  -1.09e+05   -9.814   0.685  0.0056   87.0     1.00     270810  0.950
  16    0.2 3.1e-04   0.977    3844.20 1.5123e-05   9.599   -1.1e+05   -9.599   0.682  0.0111   87.0     1.00     288864  0.950
  17    0.2 2.9e-04   0.982    3711.88 1.4225e-05  10.024  -1.08e+05  -10.024   0.675  0.0081   87.0     1.00     306918  0.950
  18    0.2 2.8e-04   0.980    3646.50 1.3834e-05  10.232  -1.09e+05  -10.232   0.658  0.0088   87.0     1.00     324972  0.950
  19    0.2 2.6e-04   0.982    3550.41 1.4496e-05   9.592   -1.1e+05   -9.592   0.649  0.0061   87.0     1.00     343026  0.950
  20    0.2 2.5e-04   0.978    3464.14 1.3291e-05  10.340  -1.05e+05  -10.340   0.643  0.0090   87.0     1.00     361080  0.950
  21    0.2 2.4e-04   0.980    3384.13 1.2283e-05  11.079  -1.09e+05  -11.079   0.638  0.0107   87.0     1.00     379134  0.950
  22    0.2 2.3e-04   0.990    3335.27 1.4311e-05   9.295  -1.05e+05   -9.295   0.628  0.0042   87.0     1.00     397188  0.950
  23    0.2 2.2e-04   0.981    3281.76 1.3587e-05   9.711  -1.05e+05   -9.711   0.622  0.0066   87.0     1.00     415242  0.950
  24    0.2 2.0e-04   0.987    3270.02 1.3535e-05   9.681  -1.07e+05   -9.681   0.608  0.0056   87.0     1.00     433296  0.950
  25    0.2 1.9e-04   0.988    3211.79 1.4497e-05   8.877  -1.06e+05   -8.877   0.605  0.0046   87.0     1.00     451350  0.950
  26    0.2 1.8e-04   0.987    3174.14 1.2376e-05  10.442  -1.07e+05  -10.442   0.597  0.0054   87.0     1.00     469404  0.950
  27    0.2 1.8e-04   0.986    3132.62 1.3779e-05   9.295  -1.04e+05   -9.295   0.593  0.0053   87.0     1.00     487458  0.950
  28    0.2 1.7e-04   0.986    3094.15 1.2392e-05  10.232  -1.06e+05  -10.232   0.580  0.0071   87.0     1.00     505512  0.950
  29    0.2 1.6e-04   0.991    3032.74 1.3898e-05   9.024  -1.05e+05   -9.024   0.568  0.0048   87.0     1.00     523566  0.950
  30    0.2 1.5e-04   0.986    2977.84 1.2594e-05   9.806  -1.05e+05   -9.806   0.553  0.0080   87.0     1.00     541620  0.950
  31    0.2 1.4e-04   0.995    2940.08 1.1716e-05  10.427  -1.02e+05  -10.427   0.548  0.0031   87.0     1.00     559674  0.950
  32    0.2 1.4e-04   0.992    2931.48 1.1839e-05  10.232  -1.03e+05  -10.232   0.542  0.0038   87.0     1.00     577728  0.950
  33    0.2 1.3e-04   0.986    2895.05 1.2724e-05   9.533  -1.05e+05   -9.533   0.533  0.0053   87.0     1.00     595782  0.950
  34    0.2 1.2e-04   0.986    2851.56 1.2813e-05   9.344  -1.05e+05   -9.344   0.517  0.0052   87.0     1.00     613836  0.950
  35    0.2 1.2e-04   0.988    2824.13 1.2071e-05   9.842  -1.03e+05   -9.842   0.510  0.0038   87.0     1.00     631890  0.950
  36    0.2 1.1e-04   0.988    2817.40 1.2317e-05   9.598  -1.04e+05   -9.598   0.491  0.0057   87.0     1.00     649944  0.950
  37    0.2 1.1e-04   0.987    2782.51 1.1656e-05  10.010  -1.03e+05  -10.010   0.481  0.0040   87.0     1.00     667998  0.950
  38    0.2 1.0e-04   0.992    2767.98 1.1909e-05   9.713  -1.02e+05   -9.713   0.476  0.0072   87.0     1.00     686052  0.950
  39    0.2 9.5e-05   0.990    2705.52 1.1542e-05   9.923  -1.03e+05   -9.923   0.463  0.0046   87.0     1.00     704106  0.950
  40    0.2 9.0e-05   0.992    2674.86 1.2199e-05   9.292  -1.02e+05   -9.292   0.445  0.0028   87.0     1.00     722160  0.950
  41    0.2 8.6e-05   0.991    2642.56 1.152e-05    9.772  -1.02e+05   -9.772   0.436  0.0033   87.0     1.00     740214  0.950
  42    0.2 8.1e-05   0.987    2607.48 1.258e-05    8.638     -1e+05   -8.638   0.415  0.0065   86.7     1.03     758268  0.950
  43    0.2 7.7e-05   0.993    2581.72 9.3488e-06   9.708  -1.02e+05   -9.708   0.401  0.0016   84.5     1.21     776322  0.950
  44    0.2 7.3e-05   0.990    2572.81 8.2148e-06   8.984  -1.02e+05   -8.984   0.401  0.0027   81.2     1.47     794376  0.950
  45    0.2 7.0e-05   0.988    2552.31 6.3373e-06   9.231  -1.03e+05   -9.231   0.381  0.0038   78.0     1.73     812430  0.950
  46    0.2 6.6e-05   0.993    2533.55 4.4473e-06   9.493  -1.02e+05   -9.493   0.383  0.0034   73.4     2.11     830484  0.950
  47    0.2 6.3e-05   0.993    2519.99 3.4574e-06   9.430  -1.03e+05   -9.430   0.375  0.0039   69.2     2.45     848538  0.950
  48    0.2 6.0e-05   0.994    2496.41 2.5218e-06   9.640  -1.01e+05   -9.640   0.369  0.0024   64.7     2.82     866592  0.950
  49    0.2 5.7e-05   0.990    2486.46 2.1158e-06   9.400  -1.03e+05   -9.400   0.360  0.0044   60.1     3.19     884646  0.950
  50    0.2 5.4e-05   0.994    2481.47 1.9163e-06   8.931  -1.04e+05   -8.931   0.349  0.0030   55.3     3.58     902700  0.950
  51    0.2 5.1e-05   0.992    2463.51 1.2537e-06   9.315  -1.08e+05   -9.315   0.343  0.0042   50.3     3.99     920754  0.950
  52    0.2 4.9e-05   0.991    2439.37 1.3358e-06   8.685     -1e+05   -8.685   0.326  0.0048   45.4     4.39     938808  0.950
  53    0.2 4.6e-05   0.995    2421.25 9.6203e-07   8.899  -1.04e+05   -8.899   0.326  0.0020   40.2     4.81     956862  0.950
  54    0.2 4.4e-05   0.990    2404.73 5.7577e-07   9.414  -1.03e+05   -9.414   0.322  0.0051   35.6     5.18     974916  0.950
  55    0.2 4.2e-05   0.991    2389.56 4.2941e-07   9.628  -1.05e+05   -9.628   0.306  0.0047   31.4     5.53     992970  0.950
  56    0.2 4.0e-05   0.987    2362.90 2.5226e-07  10.145  -1.06e+05  -10.145   0.299  0.0043   27.2     5.87    1011024  0.950
  57    0.2 3.8e-05   0.992    2347.38 2.8615e-07   9.635  -1.04e+05   -9.635   0.292  0.0041   23.4     6.18    1029078  0.950
  58    0.2 3.6e-05   0.983    2340.42 1.5361e-07  10.353  -1.04e+05  -10.353   0.289  0.0070   19.9     6.46    1047132  0.950
  59    0.2 3.4e-05   0.989    2324.03 2.0535e-07   9.765  -1.06e+05   -9.765   0.282  0.0037   16.9     6.71    1065186  0.950
  60    0.2 3.2e-05   0.980    2315.55 1.4171e-07  10.040  -1.06e+05  -10.040   0.274  0.0100   14.2     6.92    1083240  0.950
  61    0.2 3.1e-05   0.993    2298.78 2.1248e-07   9.454  -1.08e+05   -9.454   0.288  0.0034   11.9     7.12    1101294  0.950
  62    0.2 2.9e-05   0.994    2277.67 1.9952e-07   9.402  -1.05e+05   -9.402   0.277  0.0023   10.1     7.26    1119348  0.950
  63    0.2 2.8e-05   0.995    2261.26 2.8585e-07   8.776  -1.05e+05   -8.776   0.273  0.0025    8.4     7.40    1137402  0.950
  64    0.2 2.6e-05   0.996    2248.43 2.5906e-07   8.776  -1.04e+05   -8.776   0.264  0.0016    7.0     7.51    1155456  0.950
  65    0.2 2.5e-05   0.997    2237.15 2.5152e-07   8.776  -1.05e+05   -8.776   0.257  0.0015    5.8     7.61    1173510  0.950
  66    0.2 2.4e-05   0.997    2223.94 2.4424e-07   8.776  -1.05e+05   -8.776   0.256  0.0012    4.7     7.70    1191564  0.950
  67    0.2 2.3e-05   0.996    2212.99 3.3095e-07   8.358  -1.04e+05   -8.358   0.249  0.0021    3.9     7.77    1209618  0.950
  68    0.2 2.1e-05   0.998    2203.62 3.8567e-07   8.151  -1.02e+05   -8.151   0.250  0.0010    3.1     7.83    1227672  0.950
  69    0.2 2.0e-05   0.996    2191.56 3.6538e-07   8.151  -1.04e+05   -8.151   0.255  0.0016    2.5     7.88    1245726  0.950
  70    0.2 1.9e-05   0.998    2178.68 3.6216e-07   8.151  -1.04e+05   -8.151   0.245  0.0013    2.1     7.91    1263780  0.950
  71    0.2 1.8e-05   0.998    2172.32 3.5274e-07   8.151  -1.03e+05   -8.151   0.261  0.0009    1.7     7.95    1281834  0.950
  72    0.2 1.7e-05   0.998    2168.41 3.4744e-07   8.151  -1.03e+05   -8.151   0.250  0.0009    1.4     7.97    1299888  0.950
  73    0.2 1.7e-05   0.997    2161.28 3.4e-07      8.151  -1.03e+05   -8.151   0.231  0.0010    1.1     7.99    1317942  0.950
  74    0.2 1.6e-05   0.999    2158.30 3.3967e-07   8.151  -1.03e+05   -8.151   0.230  0.0004    1.0     8.00    1335996  0.950
  75    0.2 1.5e-05   0.998    2156.27 3.4147e-07   8.151  -1.02e+05   -8.151   0.220  0.0010    1.0     8.00    1354050  0.950
  76    0.2 1.4e-05   0.998    2151.95 3.4071e-07   8.151  -1.03e+05   -8.151   0.215  0.0009    1.0     8.00    1372104  0.950
  77    0.2 1.4e-05   0.999    2146.67 3.3904e-07   8.151  -1.03e+05   -8.151   0.216  0.0004    1.0     8.00    1390158  0.950
  78    0.2 1.3e-05   0.999    2143.47 3.3801e-07   8.151  -1.03e+05   -8.151   0.213  0.0006    1.0     8.00    1408212  0.950
  79    0.2 1.2e-05   0.999    2139.61 3.395e-07    8.151  -1.04e+05   -8.151   0.201  0.0003    1.0     8.00    1426266  0.950
  80    0.2 1.2e-05   0.999    2138.66 3.3727e-07   8.151  -1.03e+05   -8.151   0.197  0.0003    1.0     8.00    1444320  0.950
  81    0.2 1.1e-05   0.999    2134.99 3.3855e-07   8.151  -1.03e+05   -8.151   0.193  0.0007    1.0     8.00    1462374  0.950
  82    0.2 1.0e-05   0.999    2132.96 3.4014e-07   8.151  -1.03e+05   -8.151   0.194  0.0003    1.0     8.00    1480428  0.950
  83    0.2 9.9e-06   0.999    2130.90 3.3598e-07   8.151  -1.04e+05   -8.151   0.183  0.0005    1.0     8.00    1498482  0.950
  84    0.2 9.4e-06   0.999    2130.30 3.3692e-07   8.151  -1.03e+05   -8.151   0.191  0.0002    1.0     8.00    1516536  0.950
  85    0.2 9.0e-06   0.999    2128.71 3.3403e-07   8.151  -1.03e+05   -8.151   0.182  0.0004    1.0     8.00    1534590  0.950
  86    0.2 8.5e-06   0.999    2126.55 3.3295e-07   8.151  -1.02e+05   -8.151   0.175  0.0003    1.0     8.00    1552644  0.950
  87    0.2 8.1e-06   0.999    2123.49 3.3264e-07   8.151  -1.02e+05   -8.151   0.178  0.0006    1.0     8.00    1570698  0.950
  88    0.2 7.7e-06   0.999    2120.47 3.3098e-07   8.151  -1.03e+05   -8.151   0.169  0.0003    1.0     8.00    1588752  0.950
  89    0.2 7.3e-06   1.000    2119.35 3.316e-07    8.151  -1.03e+05   -8.151   0.167  0.0002    1.0     8.00    1606806  0.950
  90    0.2 6.9e-06   0.999    2118.01 3.3169e-07   8.151  -1.05e+05   -8.151   0.166  0.0003    1.0     8.00    1624860  0.950
  91    0.2 6.6e-06   1.000    2117.11 3.3112e-07   8.151  -1.04e+05   -8.151   0.164  0.0002    1.0     8.00    1642914  0.950
  92    0.2 6.3e-06   0.999    2115.37 3.305e-07    8.151  -1.03e+05   -8.151   0.165  0.0003    1.0     8.00    1660968  0.950
  93    0.2 6.0e-06   1.000    2114.58 3.3164e-07   8.151  -1.05e+05   -8.151   0.161  0.0001    1.0     8.00    1679022  0.950
  94    0.2 5.7e-06   0.999    2114.45 3.2968e-07   8.151  -1.03e+05   -8.151   0.157  0.0003    1.0     8.00    1697076  0.950
  95    0.2 5.4e-06   1.000    2113.15 3.3075e-07   8.151  -1.04e+05   -8.151   0.159  0.0001    1.0     8.00    1715130  0.950
  96    0.2 5.1e-06   1.000    2112.22 3.2917e-07   8.151  -1.04e+05   -8.151   0.150  0.0002    1.0     8.00    1733184  0.950
  97    0.2 4.8e-06   1.000    2111.44 3.2885e-07   8.151  -1.04e+05   -8.151   0.152  0.0002    1.0     8.00    1751238  0.950
  98    0.2 4.6e-06   1.000    2109.97 3.2834e-07   8.151  -1.05e+05   -8.151   0.150  0.0002    1.0     8.00    1769292  0.950
  99    0.2 4.4e-06   1.000    2109.45 3.2853e-07   8.151  -1.05e+05   -8.151   0.145  0.0001    1.0     8.00    1787346  0.950
Agent's 2nd state: 
 100    0.2 3.5e-06   0.999    2108.01 3.2925e-07   8.151  -1.04e+05   -8.151   0.149  0.0003    1.0     8.00    1805400  0.800
Checkpoint saved: bb_costs=2107.03, TD costs=3.29481e-07, CPD=  8.151 (ns) 
 101    0.2 2.8e-06   0.997    2110.21 3.2731e-07   8.151  -1.04e+05   -8.151   0.104  0.0005    1.0     8.00    1823454  0.800
 102    0.2 2.2e-06   0.982    2115.01 1.106e-07    9.311  -1.04e+05   -9.311   0.100  0.0010    1.0     8.00    1841508  0.800
 103    0.2 1.8e-06   0.990    2114.16 1.6091e-07   9.089  -1.05e+05   -9.089   0.103  0.0015    1.0     8.00    1859562  0.800
 104    0.2 1.4e-06   0.979    2111.36 1.144e-07    9.311  -1.04e+05   -9.311   0.096  0.0006    1.0     8.00    1877616  0.800
 105    0.2 1.1e-06   0.992    2114.69 1.5985e-07   9.089  -1.04e+05   -9.089   0.092  0.0021    1.0     8.00    1895670  0.800
 106    0.2 9.2e-07   0.971    2125.79 7.1365e-08   9.935  -1.05e+05   -9.935   0.093  0.0021    1.0     8.00    1913724  0.800
 107    0.2 7.3e-07   0.947    2120.63 1.0193e-07   9.898  -1.04e+05   -9.898   0.095  0.0022    1.0     8.00    1931778  0.800
 108    0.2 5.9e-07   0.991    2123.99 1.6451e-07   9.089  -1.04e+05   -9.089   0.089  0.0016    1.0     8.00    1949832  0.800
 109    0.2 4.7e-07   0.982    2123.84 1.2217e-07   9.311  -1.04e+05   -9.311   0.092  0.0014    1.0     8.00    1967886  0.800
 110    0.2 3.8e-07   0.993    2130.59 1.6735e-07   9.089  -1.04e+05   -9.089   0.088  0.0017    1.0     8.00    1985940  0.800
 111    0.2 3.0e-07   0.981    2128.03 1.2279e-07   9.311  -1.04e+05   -9.311   0.087  0.0014    1.0     8.00    2003994  0.800
 112    0.2 2.4e-07   0.991    2127.22 1.681e-07    9.089  -1.04e+05   -9.089   0.087  0.0016    1.0     8.00    2022048  0.800
 113    0.2 1.9e-07   0.978    2130.50 1.028e-07    9.519  -1.04e+05   -9.519   0.084  0.0013    1.0     8.00    2040102  0.800
 114    0.2 0.0e+00   0.991    2131.14 1.6762e-07   9.089  -1.04e+05   -9.089   0.051  0.0017    1.0     8.00    2058156  0.800
### Placement Quench took 0.17 seconds (max_rss 750.5 MiB)
post-quench CPD = 9.31114 (ns) 

Checkpoint restored

Completed placement consistency check successfully.

Swaps called: 2060776

Aborted Move Reasons:
  duplicate block move to location: 3
  macro move to location illegal: 2
  macro_from swap to location illegal: 1006

BB estimate of min-dist (placement) wire length: 252672

Placement estimated critical path delay (least slack): 8.15056 ns, Fmax: 122.691 MHz
Placement estimated critical path skew: -0.04243 ns
Placement estimated setup Worst Negative Slack (sWNS): -8.15056 ns
Placement estimated setup Total Negative Slack (sTNS): -103517 ns
Placement estimated setup Worst Skew (sWS): -0.04243 ns

Placement estimated setup slack histogram:
[ -8.2e-09: -7.4e-09)    19 (  0.0%) |
[ -7.4e-09: -6.6e-09)    34 (  0.1%) |
[ -6.6e-09: -5.8e-09)   160 (  0.3%) |
[ -5.8e-09:   -5e-09)   502 (  1.0%) |*
[   -5e-09: -4.2e-09)   553 (  1.0%) |*
[ -4.2e-09: -3.4e-09)  2350 (  4.5%) |*****
[ -3.4e-09: -2.6e-09)  4225 (  8.0%) |*********
[ -2.6e-09: -1.8e-09) 20576 ( 39.0%) |*********************************************
[ -1.8e-09: -9.9e-10) 18481 ( 35.0%) |****************************************
[ -9.9e-10: -1.9e-10)  5862 ( 11.1%) |*************

Placement estimated geomean non-virtual intra-domain period: 8.15056 ns (122.691 MHz)
Placement estimated fanout-weighted geomean non-virtual intra-domain period: 8.15056 ns (122.691 MHz)

Placement cost: 1, bb_cost: 2107.03, td_cost: 3.29481e-07, 

Placement resource usage:
  io      implemented as io     : 1084
  clb     implemented as clb    : 1235
  dsp_top implemented as dsp_top: 107
  memory  implemented as memory : 194

Placement number of temperatures: 114
Placement total # of swap attempts: 2060776
	Swaps accepted:  759077 (36.8 %)
	Swaps rejected: 1290060 (62.6 %)
	Swaps aborted:   11639 ( 0.6 %)


Placement perturbation distribution by block and move type: 
------------------ ----------------- ---------------- ---------------- --------------- ------------ 
    Block Type         Move Type       (%) of Total      Accepted(%)     Rejected(%)    Aborted(%)
------------------ ----------------- ---------------- ---------------- --------------- ------------ 
io                 Uniform                9.82             54.09           45.91          0.00         
                   Median                 9.77             60.45           38.69          0.86         
                   Centroid               9.78             60.94           39.06          0.00         
                   W. Centroid            9.83             60.66           39.33          0.00         
                   W. Median              0.72             25.58           73.54          0.87         

clb                Uniform                11.14            6.88            93.02          0.11         
                   Median                 11.21            36.08           63.14          0.79         
                   Centroid               11.15            33.90           66.00          0.10         
                   W. Centroid            11.20            34.68           65.23          0.09         
                   W. Median              0.82             3.07            95.98          0.95         
                   Crit. Uniform          1.74             0.15            99.85          0.00         
                   Feasible Region        1.75             0.27            99.73          0.00         

dsp_top            Uniform                0.96             1.56            98.44          0.00         
                   Median                 0.96             3.85            90.50          5.65         
                   Centroid               0.96             3.98            90.68          5.34         
                   W. Centroid            0.95             3.86            90.47          5.66         
                   W. Median              0.07             0.14            86.97          12.89        

memory             Uniform                1.76             8.00            92.00          0.00         
                   Median                 1.75             15.74           79.11          5.15         
                   Centroid               1.75             13.17           82.86          3.98         
                   W. Centroid            1.77             12.79           87.08          0.12         
                   W. Median              0.13             3.11            85.77          11.12        


Placement Quench timing analysis took 0.0472171 seconds (0.0380348 STA, 0.00918232 slack) (1 full updates: 1 setup, 0 hold, 0 combined).
Placement Total  timing analysis took 5.98582 seconds (4.92318 STA, 1.06264 slack) (117 full updates: 117 setup, 0 hold, 0 combined).
update_td_costs: connections 0.0488346 nets 0 sum_nets 0.0219246 total 0.0709875
## AP Detailed Placer took 19.83 seconds (max_rss 757.9 MiB, delta_rss +7.4 MiB)
Incr Slack updates 117 in 0.19943 sec
Full Max Req/Worst Slack updates 57 in 0.0637574 sec
Incr Max Req/Worst Slack updates 60 in 0.0876935 sec
Incr Criticality updates 36 in 0.116745 sec
Full Criticality updates 81 in 0.451566 sec
Incr Slack updates 1 in 0.00174776 sec
Full Max Req/Worst Slack updates 1 in 0.00121965 sec
Incr Max Req/Worst Slack updates 0 in 0 sec
Incr Criticality updates 0 in 0 sec
Full Criticality updates 1 in 0.00624172 sec
# Analytical Placement took 92.91 seconds (max_rss 757.9 MiB, delta_rss +556.6 MiB)


# Routing
RR graph channel widths unchanged, skipping RR graph rebuild
## Initializing router criticalities
Initial Net Connection Criticality Histogram:
[        0:      0.1) 7308 ( 15.0%) |************************************
[      0.1:      0.2) 8444 ( 17.4%) |*****************************************
[      0.2:      0.3) 8159 ( 16.8%) |****************************************
[      0.3:      0.4) 2350 (  4.8%) |***********
[      0.4:      0.5) 9426 ( 19.4%) |**********************************************
[      0.5:      0.6) 7609 ( 15.7%) |*************************************
[      0.6:      0.7) 3983 (  8.2%) |*******************
[      0.7:      0.8) 1022 (  2.1%) |*****
[      0.8:      0.9)  196 (  0.4%) |*
[      0.9:        1)   68 (  0.1%) |
## Initializing router criticalities took 0.63 seconds (max_rss 757.9 MiB, delta_rss +0.0 MiB)
---- ------ ------- ---- ------- ------- ------- ----------------- --------------- -------- ---------- ---------- ---------- ---------- --------
Iter   Time    pres  BBs    Heap  Re-Rtd  Re-Rtd Overused RR Nodes      Wirelength      CPD       sTNS       sWNS       hTNS       hWNS Est Succ
      (sec)     fac Updt    push    Nets   Conns                                       (ns)       (ns)       (ns)       (ns)       (ns)     Iter
---- ------ ------- ---- ------- ------- ------- ----------------- --------------- -------- ---------- ---------- ---------- ---------- --------
   1    1.0     0.0    0 5858678   25862   41715   23403 ( 1.515%)  405313 (22.6%)   10.169 -1.739e+05    -10.169      0.000      0.000      N/A
   2    1.0     0.5    0 5584182   19449   34166   12803 ( 0.829%)  403394 (22.5%)    8.971 -1.437e+05     -8.971      0.000      0.000      N/A
   3    0.8     0.6    0 4507982   14189   25869   10391 ( 0.673%)  410361 (22.9%)    8.667 -1.440e+05     -8.667      0.000      0.000      N/A
   4    0.8     0.8    0 4038932   11941   22542    8354 ( 0.541%)  416298 (23.2%)    8.660 -1.444e+05     -8.660      0.000      0.000      N/A
   5    0.7     1.1    0 3437725    9936   19444    6246 ( 0.404%)  421844 (23.5%)    8.763 -1.438e+05     -8.763      0.000      0.000      N/A
   6    0.6     1.4    0 2520846    7819   15589    4513 ( 0.292%)  426516 (23.8%)    8.763 -1.445e+05     -8.763      0.000      0.000      N/A
   7    0.4     1.9    0 1771847    5884   12270    3169 ( 0.205%)  430399 (24.0%)    8.763 -1.449e+05     -8.763      0.000      0.000      N/A
   8    0.4     2.4    0 1229564    4232    9274    2124 ( 0.138%)  434915 (24.2%)    8.763 -1.452e+05     -8.763      0.000      0.000      N/A
   9    0.3     3.1    0  759540    2978    6754    1378 ( 0.089%)  438176 (24.4%)    8.763 -1.458e+05     -8.763      0.000      0.000       28
  10    0.2     4.1    0  508132    1961    4609     857 ( 0.055%)  441225 (24.6%)    8.763 -1.459e+05     -8.763      0.000      0.000       26
  11    0.2     5.3    0  364238    1272    3006     497 ( 0.032%)  443347 (24.7%)    8.763 -1.460e+05     -8.763      0.000      0.000       25
  12    0.2     6.9    0  229976     700    1675     250 ( 0.016%)  445125 (24.8%)    8.763 -1.460e+05     -8.763      0.000      0.000       23
  13    0.2     9.0    0  169563     354     921     105 ( 0.007%)  446285 (24.9%)    8.763 -1.461e+05     -8.763      0.000      0.000       22
  14    0.1    11.6    0   99068     156     441      45 ( 0.003%)  446965 (24.9%)    8.763 -1.461e+05     -8.763      0.000      0.000       20
  15    0.1    15.1    0   61825      67     173      19 ( 0.001%)  447287 (24.9%)    8.763 -1.461e+05     -8.763      0.000      0.000       20
  16    0.1    19.7    0   17539      27      58       4 ( 0.000%)  447447 (24.9%)    8.763 -1.462e+05     -8.763      0.000      0.000       18
  17    0.1    25.6    0   12213      11      18       2 ( 0.000%)  447451 (24.9%)    8.763 -1.462e+05     -8.763      0.000      0.000       18
  18    0.1    33.3    0    9790       6       7       1 ( 0.000%)  447467 (24.9%)    8.763 -1.462e+05     -8.763      0.000      0.000       18
  19    0.1    43.3    0    2815       4       5       1 ( 0.000%)  447483 (24.9%)    8.763 -1.462e+05     -8.763      0.000      0.000       18
  20    0.1    56.2    0    4461       5       6       0 ( 0.000%)  447491 (24.9%)    8.763 -1.462e+05     -8.763      0.000      0.000      N/A
Restoring best routing
Critical path: 8.76282 ns
Successfully routed after 20 routing iterations.
Final Net Connection Criticality Histogram:
[        0:      0.1) 7455 ( 15.4%) |*************************************
[      0.1:      0.2) 5964 ( 12.3%) |******************************
[      0.2:      0.3) 8351 ( 17.2%) |******************************************
[      0.3:      0.4) 3830 (  7.9%) |*******************
[      0.4:      0.5) 7721 ( 15.9%) |***************************************
[      0.5:      0.6) 9160 ( 18.9%) |**********************************************
[      0.6:      0.7) 4492 (  9.2%) |***********************
[      0.7:      0.8) 1249 (  2.6%) |******
[      0.8:      0.9)  290 (  0.6%) |*
[      0.9:        1)   53 (  0.1%) |
Router Stats: total_nets_routed: 106853 total_connections_routed: 198542 total_heap_pushes: 31188916 total_heap_pops: 8716279 
Serial Connection Router is being destroyed. Time spent on path search: 4.180 seconds.
# Routing took 8.52 seconds (max_rss 785.0 MiB, delta_rss +27.0 MiB)

Checking to ensure routing is legal...
# Checking to ensure non-configurable edges are legal
# Checking to ensure non-configurable edges are legal took 0.07 seconds (max_rss 785.0 MiB, delta_rss +0.0 MiB)
Completed routing consistency check successfully.

Serial number (magic cookie) for the routing is: 1951564283
Circuit successfully routed with a channel width factor of 120.
Incr Slack updates 21 in 0.0353067 sec
Full Max Req/Worst Slack updates 4 in 0.00469547 sec
Incr Max Req/Worst Slack updates 17 in 0.0259462 sec
Incr Criticality updates 15 in 0.0446497 sec
Full Criticality updates 6 in 0.0388761 sec
# Synchronize the packed netlist to routing optimization
## Annotating rr_node with routed nets
## Annotating rr_node with routed nets took 0.01 seconds (max_rss 785.0 MiB, delta_rss +0.0 MiB)
Found 43982 mismatches between routing and packing results.
Fixed 30848 routing traces due to mismatch between routing and packing results.
# Synchronize the packed netlist to routing optimization took 0.29 seconds (max_rss 785.0 MiB, delta_rss +0.0 MiB)
Final Clustering Statistics: 
----------   --------   ------------------------------------   --------------------------
Block Type   # Blocks   Avg. # of input clocks and pins used   Avg. # of output pins used
----------   --------   ------------------------------------   --------------------------
     EMPTY          0                                      0                            0   
        io       1084                              0.0295203                      0.97048   
       clb       1235                                27.9466                      15.3628   
   dsp_top        107                                40.9813                      20.1869   
    memory        194                                49.6598                      18.9691   
Absorbed logical nets 24200 out of 50065 nets, 25865 nets not absorbed.


Average number of bends per net: 1.80984  Maximum # of bends: 271

Number of global nets: 3
Number of routed nets (nonglobal): 25862
Wire length results (in units of 1 clb segments)...
	Total wirelength: 447491, average net length: 17.3030
	Maximum net length: 2414

Wire length results in terms of physical segments...
	Total wiring segments used: 102018, average wire segments per net: 3.94471
	Maximum segments used by a net: 529
	Total local nets with reserved CLB opins: 0
Total number of nets absorbed: 8

Routing channel utilization histogram:
[        1:      inf)    0 (  0.0%) |
[      0.9:        1)    0 (  0.0%) |
[      0.8:      0.9)   18 (  0.1%) |
[      0.7:      0.8)  825 (  5.4%) |********
[      0.5:      0.6) 1077 (  7.1%) |**********
[      0.4:      0.5) 1524 ( 10.1%) |***************
[      0.3:      0.4) 1994 ( 13.2%) |*******************
[      0.2:      0.3) 2233 ( 14.8%) |**********************
[      0.1:      0.2) 2714 ( 17.9%) |**************************
[        0:      0.1) 4753 ( 31.4%) |**********************************************
Maximum routing channel utilization:      0.89 at (39,68)

X - Directed channels: layer   y   max occ   ave occ   ave cap
                        ----- ---- -------- -------- --------
                            0    0       59   30.302      120
                            0    1       16    3.209      120
                            0    2       26    4.698      120
                            0    3       46   10.419      120
                            0    4       53   15.116      120
                            0    5       60   13.628      120
                            0    6       53   15.965      120
                            0    7       55   16.186      120
                            0    8       37   14.605      120
                            0    9       43   14.837      120
                            0   10       54   16.128      120
                            0   11       61   19.314      120
                            0   12       57   22.640      120
                            0   13       65   27.035      120
                            0   14       54   24.430      120
                            0   15       54   23.384      120
                            0   16       52   20.174      120
                            0   17       55   23.407      120
                            0   18       59   24.081      120
                            0   19       61   24.767      120
                            0   20       47   23.395      120
                            0   21       65   29.465      120
                            0   22       71   29.047      120
                            0   23       63   25.895      120
                            0   24       69   27.942      120
                            0   25       82   29.988      120
                            0   26       73   29.465      120
                            0   27       79   29.302      120
                            0   28       79   29.116      120
                            0   29       88   32.593      120
                            0   30       84   34.326      120
                            0   31       82   35.058      120
                            0   32       83   31.907      120
                            0   33       88   34.988      120
                            0   34       79   37.930      120
                            0   35       75   39.465      120
                            0   36       84   42.965      120
                            0   37       89   47.209      120
                            0   38       84   44.744      120
                            0   39       91   43.372      120
                            0   40       75   38.209      120
                            0   41       85   42.628      120
                            0   42       81   38.837      120
                            0   43       89   40.012      120
                            0   44       85   38.023      120
                            0   45       87   38.105      120
                            0   46       97   35.186      120
                            0   47       88   37.907      120
                            0   48       95   45.023      120
                            0   49       88   44.430      120
                            0   50       84   41.674      120
                            0   51       80   37.244      120
                            0   52       84   37.593      120
                            0   53       81   34.128      120
                            0   54       85   39.849      120
                            0   55       88   43.047      120
                            0   56       90   42.279      120
                            0   57       86   45.640      120
                            0   58       79   44.744      120
                            0   59       76   36.267      120
                            0   60       86   37.186      120
                            0   61       79   41.291      120
                            0   62       85   40.442      120
                            0   63       77   39.674      120
                            0   64       89   37.709      120
                            0   65       90   38.570      120
                            0   66       84   37.419      120
                            0   67       99   39.872      120
                            0   68      107   47.058      120
                            0   69       86   43.977      120
                            0   70       90   38.965      120
                            0   71       79   37.035      120
                            0   72       71   33.349      120
                            0   73       61   29.756      120
                            0   74       56   25.198      120
                            0   75       49   17.209      120
                            0   76       42   12.233      120
                            0   77       56   12.140      120
                            0   78       69   11.942      120
                            0   79       67   10.465      120
                            0   80       67   10.279      120
                            0   81       65   13.337      120
                            0   82       47   11.977      120
                            0   83       15    3.953      120
                            0   84       14    2.814      120
                            0   85       10    2.605      120
                            0   86       61   28.698      120
Y - Directed channels: layer   x   max occ   ave occ   ave cap
                        ----- ---- -------- -------- --------
                            0    0       63   23.953      120
                            0    1       47   22.802      120
                            0    2       62   29.233      120
                            0    3       42   11.709      120
                            0    4       73   16.698      120
                            0    5       76   33.151      120
                            0    6       79   34.267      120
                            0    7       69   20.640      120
                            0    8       73   18.791      120
                            0    9       73   14.698      120
                            0   10       57   10.826      120
                            0   11       25    5.267      120
                            0   12       22    4.767      120
                            0   13       28    5.500      120
                            0   14       51   14.756      120
                            0   15       47   16.930      120
                            0   16       58   21.814      120
                            0   17       68   37.523      120
                            0   18       77   51.744      120
                            0   19       76   34.616      120
                            0   20       75   39.512      120
                            0   21       87   54.849      120
                            0   22       92   50.302      120
                            0   23       70   30.233      120
                            0   24       80   31.744      120
                            0   25       82   28.419      120
                            0   26       65   23.174      120
                            0   27       65   21.081      120
                            0   28       70   21.605      120
                            0   29       76   27.326      120
                            0   30       77   32.302      120
                            0   31       78   35.837      120
                            0   32       74   39.081      120
                            0   33       83   55.826      120
                            0   34       89   65.523      120
                            0   35       93   49.465      120
                            0   36      100   58.058      120
                            0   37      103   72.360      120
                            0   38       98   66.407      120
                            0   39       84   49.884      120
                            0   40       83   47.942      120
                            0   41       83   44.930      120
                            0   42       78   37.628      120
                            0   43       83   30.919      120
                            0   44       84   28.221      120
                            0   45       81   31.453      120
                            0   46       85   37.419      120
                            0   47       82   34.523      120
                            0   48       78   39.128      120
                            0   49       92   58.605      120
                            0   50       85   61.372      120
                            0   51       84   45.756      120
                            0   52       85   50.593      120
                            0   53       92   57.837      120
                            0   54       89   54.244      120
                            0   55       76   33.663      120
                            0   56       67   23.419      120
                            0   57       61   19.407      120
                            0   58       51   13.395      120
                            0   59       36   10.709      120
                            0   60       57   11.535      120
                            0   61       70   14.058      120
                            0   62       80   19.721      120
                            0   63       77   23.012      120
                            0   64       72   26.430      120
                            0   65       76   43.779      120
                            0   66       86   50.837      120
                            0   67       68   33.035      120
                            0   68       87   39.942      120
                            0   69       94   43.360      120
                            0   70       79   31.814      120
                            0   71       47   11.849      120
                            0   72       20    5.721      120
                            0   73       13    3.477      120
                            0   74       12    3.477      120
                            0   75       13    4.767      120
                            0   76       10    3.733      120
                            0   77       28    7.430      120
                            0   78       53   15.779      120
                            0   79       47   13.128      120
                            0   80       42   17.791      120
                            0   81       65   34.430      120
                            0   82       82   42.977      120
                            0   83       71   25.233      120
                            0   84       78   29.884      120
                            0   85       66   28.977      120
                            0   86       62   24.895      120

Total existing wires segments: CHANX    897840, CHANY    897840, CHANZ         0, ALL   1795680
Total used wires segments:     CHANX    219169, CHANY    228322, CHANZ         0, ALL    447491
Usage percentage:              CHANX     24.4%, CHANY     25.4%, CHANZ      0.0%, ALL     24.9%

Logic area (in minimum width transistor areas, excludes I/Os and empty grid tiles)...
	Total logic block area (Warning, need to add pitch of routing to blocks with height > 3): 2.4541e+08
	Total used logic block area: 8.83235e+07

Routing area (in minimum width transistor areas)...
	Total routing area: 7.57549e+07, per logic tile: 9782.39

Total Number of Wiring Segments by Direction: direction length number
                                              --------- ------ -------
                                                      X      4 201318
                                                      Y      4 201318
                                                      X     16   8810
                                                      Y     16   8810

X - Directed Wiring Segment usage by length: length utilization
                                             ------ -----------
                                             4       0.244
                                            16       0.177

Y - Directed Wiring Segment usage by length: length utilization
                                             ------ -----------
                                             4       0.245
                                            16       0.235

Segment occupancy by length: Length Occupancy Capacity Utilization
                             ------ --------- -------- -----------
                             L4         98386   402636       0.244
                             L16         3632    17620       0.206

Segment occupancy by type: name type utilization
                           ---- ---- -----------
                             L4    0       0.244
                            L16    1       0.206

Final hold Worst Negative Slack (hWNS): 0 ns
Final hold Total Negative Slack (hTNS): 0 ns
Final hold Worst Skew (hWS): 0 ns

Final hold slack histogram:
[  4.1e-11:  7.2e-10)  3628 (  6.9%) |***************
[  7.2e-10:  1.4e-09)  9773 ( 18.5%) |***************************************
[  1.4e-09:  2.1e-09)  8374 ( 15.9%) |**********************************
[  2.1e-09:  2.8e-09) 11180 ( 21.2%) |*********************************************
[  2.8e-09:  3.4e-09) 10735 ( 20.3%) |*******************************************
[  3.4e-09:  4.1e-09)  5793 ( 11.0%) |***********************
[  4.1e-09:  4.8e-09)  2151 (  4.1%) |*********
[  4.8e-09:  5.5e-09)   764 (  1.4%) |***
[  5.5e-09:  6.2e-09)   204 (  0.4%) |*
[  6.2e-09:  6.8e-09)   160 (  0.3%) |*

Final critical path delay (least slack): 8.76282 ns, Fmax: 114.119 MHz
Final critical path skew: -0.04243 ns
Final setup Worst Negative Slack (sWNS): -8.76282 ns
Final setup Total Negative Slack (sTNS): -146153 ns
Final setup Worst Skew (sWS): -0.04243 ns

Final setup slack histogram:
[ -8.8e-09: -7.9e-09)    14 (  0.0%) |
[ -7.9e-09:   -7e-09)    37 (  0.1%) |
[   -7e-09: -6.2e-09)   311 (  0.6%) |*
[ -6.2e-09: -5.3e-09)   911 (  1.7%) |***
[ -5.3e-09: -4.5e-09)  2743 (  5.2%) |********
[ -4.5e-09: -3.6e-09)  7017 ( 13.3%) |********************
[ -3.6e-09: -2.8e-09) 14376 ( 27.2%) |******************************************
[ -2.8e-09: -1.9e-09) 15412 ( 29.2%) |*********************************************
[ -1.9e-09: -1.1e-09)  6989 ( 13.2%) |********************
[ -1.1e-09: -1.9e-10)  4952 (  9.4%) |**************

Final geomean non-virtual intra-domain period: 8.76282 ns (114.119 MHz)
Final fanout-weighted geomean non-virtual intra-domain period: 8.76282 ns (114.119 MHz)

Incr Slack updates 1 in 0.00172418 sec
Full Max Req/Worst Slack updates 1 in 0.00121879 sec
Incr Max Req/Worst Slack updates 0 in 0 sec
Incr Criticality updates 0 in 0 sec
Full Criticality updates 1 in 0.00659296 sec
Flow timing analysis took 9.48129 seconds (8.09166 STA, 1.38963 slack) (140 full updates: 118 setup, 0 hold, 22 combined).
VPR succeeded
The entire flow of VPR took 105.88 seconds (max_rss 785.0 MiB)

