VPR FPGA Placement and Routing.
Version: 9.0.0-dev+v8.0.0-18248-g40f8d19708
Revision: v8.0.0-18248-g40f8d19708
Compiled: 2026-09-22T03:43:48
Compiler: GNU 13.3.0 on Linux-5.15.0-119-generic x86_64
Build Info: release IPO VTR_ASSERT_LEVEL=2

University of Toronto
verilogtorouting.org
vtr-users@googlegroups.com
This is free open source code under MIT license.

VPR was run with the following command-line:
/inspire/hdd/project/project-public/changshunjie-253114010247/changshunjie-253114010247/workspace/DAC2027/vtr/vtr-verilog-to-routing/vpr/vpr /inspire/hdd/project/project-public/changshunjie-253114010247/changshunjie-253114010247/workspace/DAC2027/vtr/vtr-verilog-to-routing/vtr_flow/arch/COFFE_22nm/k6FracN10LB_mem20K_complexDSP_customSB_22nm.xml /inspire/hdd/project/project-public/changshunjie-253114010247/changshunjie-253114010247/workspace/DAC2027/TailCompile/experiments/vtr/runs/pilot_v1/attention_layer/full-seed1-w300/attention_layer.pre-vpr.blif --analytical_place --route --analysis --ap_full_legalizer flat-recon --ap_detailed_placer annealer --seed 11 --route_chan_width 180 --write_flat_place /inspire/hdd/project/project-public/changshunjie-253114010247/changshunjie-253114010247/workspace/DAC2027/TailCompile/vtr_work/tailcompile_v3/attention_layer/4x4/gnn_candidate-fpa9f4a10a-flat-recon-annealer-seed11-w180-devw88/post_route.fplace --write_legalized_flat_place /inspire/hdd/project/project-public/changshunjie-253114010247/changshunjie-253114010247/workspace/DAC2027/TailCompile/vtr_work/tailcompile_v3/attention_layer/4x4/gnn_candidate-fpa9f4a10a-flat-recon-annealer-seed11-w180-devw88/post_legalizer.fplace --flat_place_verbosity 1 --device_width 88 --net_file /inspire/hdd/project/project-public/changshunjie-253114010247/changshunjie-253114010247/workspace/DAC2027/TailCompile/vtr_work/tailcompile_v3/attention_layer/4x4/gnn_candidate-fpa9f4a10a-flat-recon-annealer-seed11-w180-devw88/attention_layer.locked-input.net --read_flat_place /inspire/hdd/global_user/changshunjie-253114010247/workspace/DAC2027/TailCompile/experiments/vtr/tailcompile_v3/attention_layer/4x4/pools/bootstrap_24/candidate_21_seed13048.fplace

Using up to 1 parallel worker(s)

Architecture file: /inspire/hdd/project/project-public/changshunjie-253114010247/changshunjie-253114010247/workspace/DAC2027/vtr/vtr-verilog-to-routing/vtr_flow/arch/COFFE_22nm/k6FracN10LB_mem20K_complexDSP_customSB_22nm.xml
Circuit name: attention_layer.pre-vpr

# Loading Architecture Description
# Loading Architecture Description took 0.03 seconds (max_rss 31.9 MiB, delta_rss +0.0 MiB)

Timing analysis: ON
Circuit netlist file: /inspire/hdd/project/project-public/changshunjie-253114010247/changshunjie-253114010247/workspace/DAC2027/TailCompile/vtr_work/tailcompile_v3/attention_layer/4x4/gnn_candidate-fpa9f4a10a-flat-recon-annealer-seed11-w180-devw88/attention_layer.locked-input.net
Circuit placement file: attention_layer.pre-vpr.place
Circuit routing file: attention_layer.pre-vpr.route
Circuit SDC file: attention_layer.pre-vpr.sdc
Vpr floorplanning constraints file: not specified

Packer: DISABLED
Placer: DISABLED
Analytical Placer: ENABLED
Router: ENABLED
Analysis: ENABLED

VPR was run with the following options:

netlist_opts.absorb_buffer_luts            : true
netlist_opts.sweep_dangling_primary_ios    : true
netlist_opts.sweep_dangling_nets           : true
netlist_opts.sweep_dangling_blocks         : true
netlist_opts.sweep_constant_primary_outputs: false
netlist_opts.netlist_verbosity             : 1
netlist_opts.const_gen_inference           : COMB_SEQ

AnalyticalPlacerOpts.analytical_solver_type: lp-b2b
AnalyticalPlacerOpts.partial_legalizer_type: bipartitioning
AnalyticalPlacerOpts.full_legalizer_type: flat-recon
AnalyticalPlacerOpts.detailed_placer_type: annealer
AnalyticalPlacerOpts.ap_timing_tradeoff: 0.500000
AnalyticalPlacerOpts.ap_high_fanout_threshold: 256
AnalyticalPlacerOpts.log_verbosity: 1
router_opts.route_type: DETAILED
router_opts.flat_routing: false
router_opts.choke_points: on
router_opts.router_algorithm: TIMING_DRIVEN
router_opts.base_cost_type: DELAY_NORMALIZED_LENGTH
router_opts.fixed_channel_width: 180
router_opts.check_route: FULL
router_opts.acc_fac: 1.000000
router_opts.bb_factor: 3
router_opts.bend_cost: 0.000000
router_opts.first_iter_pres_fac: 0.000000
router_opts.initial_pres_fac: 0.500000
router_opts.pres_fac_mult: 1.300000
router_opts.max_pres_fac: 1000.000000
router_opts.max_router_iterations: 50
router_opts.min_incremental_reroute_fanout: 16
router_opts.initial_acc_cost_chan_congestion_threshold: 0.500000
router_opts.initial_acc_cost_chan_congestion_weight: 0.500000
router_opts.do_check_rr_graph: true
router_opts.verify_binary_search: false
router_opts.min_channel_width_hint: 0
router_opts.read_rr_edge_metadata: false
router_opts.exit_after_first_routing_iteration: false
router_opts.astar_fac: 1.200000
router_opts.astar_offset: 0.000000
router_opts.router_profiler_astar_fac: 1.200000
router_opts.enable_parallel_connection_router: false
router_opts.post_target_prune_fac: 1.200000
router_opts.post_target_prune_offset: 0
router_opts.multi_queue_num_threads: 1
router_opts.multi_queue_num_queues: 2
router_opts.multi_queue_direct_draining: false
router_opts.criticality_exp: 1.000000
router_opts.max_criticality: 0.990000
router_opts.init_wirelength_abort_threshold: 0.850000
router_opts.incr_reroute_delay_ripup: AUTO
router_opts.save_routing_per_iteration: false
router_opts.congested_routing_iteration_threshold_frac: 1.000000
router_opts.high_fanout_threshold: 64
router_opts.router_debug_net: -2
router_opts.router_debug_sink_rr: -2
router_opts.router_debug_iteration: -2
router_opts.max_convergence_count: 1
router_opts.reconvergence_cpd_threshold: 0.990000
router_opts.update_lower_bound_delays: true
router_opts.first_iteration_timing_report_file: 
router_opts.route_bb_update: DYNAMIC
router_opts.lookahead_type: MAP
router_opts.initial_timing: LOOKAHEAD
router_opts.router_heap: FOUR_ARY_HEAP
router_opts.routing_failure_predictor = SAFE
router_opts.routing_predictor_min_history: 8
router_opts.routing_budgets_algorithm = DISABLE

analysis_opts.gen_post_synthesis_netlist: false
analysis_opts.gen_post_implementation_merged_netlist: false
analysis_opts.gen_post_implementation_sdc: false
analysis_opts.timing_report_npaths: 100
analysis_opts.timing_report_skew: false
analysis_opts.echo_dot_timing_graph_node: -1
analysis_opts.timing_report_detail: NETLIST
analysis_opts.post_synth_netlist_unconn_input_handling: UNCONNECTED
analysis_opts.post_synth_netlist_unconn_output_handling: UNCONNECTED
analysis_opts.post_synth_netlist_module_parameters: on

# Building complex block graph
# Building complex block graph took 0.08 seconds (max_rss 31.9 MiB, delta_rss +0.0 MiB)
Circuit file: /inspire/hdd/project/project-public/changshunjie-253114010247/changshunjie-253114010247/workspace/DAC2027/TailCompile/experiments/vtr/runs/pilot_v1/attention_layer/full-seed1-w300/attention_layer.pre-vpr.blif
# Load circuit
Found 4 constant generator(s) in the netlist (2 constant-zero, 2 constant-one) (run with --netlist_verbosity 2 to list names)
# Load circuit took 0.55 seconds (max_rss 134.5 MiB, delta_rss +102.6 MiB)
# Clean circuit
Absorbed 7975 LUT buffers
Found 1090 primitive output pin(s) driven only by constants; marked them as constants
Swept input(s)      : 7
Swept output(s)     : 0 (0 dangling, 0 constant)
Swept net(s)        : 10126
Swept block(s)      : 33
Constant Pins Marked: 1090
# Clean circuit took 0.13 seconds (max_rss 134.5 MiB, delta_rss +0.0 MiB)
# Compress circuit
# Compress circuit took 0.06 seconds (max_rss 134.5 MiB, delta_rss +0.0 MiB)
# Verify circuit
# Verify circuit took 0.01 seconds (max_rss 134.5 MiB, delta_rss +0.0 MiB)
Circuit Statistics:
  Blocks: 40113
    .input            :    1052
    .latch            :    8844
    .names            :   17218
        0-LUT:       3
        1-LUT:    5989
        2-LUT:     920
        3-LUT:    4530
        4-LUT:    3023
        5-LUT:    1163
        6-LUT:    1590
    .output           :      32
    adder             :    9150
    addition_fp_clk_16:       1
    dual_port_ram     :    3680
    multiply          :     136
  Nets  : 50065
    Avg Fanout:     2.9
    Max Fanout: 12525.0
    Min Fanout:     1.0
  Netlist Clocks: 1
# Build Timing Graph
  Timing Graph Nodes: 245193
  Timing Graph Edges: 446068
  Timing Graph Levels: 66
# Build Timing Graph took 0.23 seconds (max_rss 203.8 MiB, delta_rss +64.6 MiB)
Netlist contains 1 clocks
  Netlist Clock 'clk' Fanout: 12525 pins (6.5%), 12525 blocks (31.2%)
# Load Timing Constraints

SDC file 'attention_layer.pre-vpr.sdc' not found
Setting default timing constraints:
   * constrain all primary inputs and primary outputs on netlist clock 'clk'
   * optimize netlist clock to run as fast as possible
Timing constraints created 1 clocks
  Constrained Clock 'clk' Source: 'clk.inpad[0]'

# Load Timing Constraints took 0.00 seconds (max_rss 203.8 MiB, delta_rss +0.0 MiB)
# Analytical Placement
## Prepacker

There is one chain in this architecture called "chain" with the following starting points:
	clb[0]/lab[0]/fle[0]/ble5[0]/arithmetic[0]/adder[0].cin[0]

## Prepacker took 0.04 seconds (max_rss 203.8 MiB, delta_rss +0.0 MiB)
## Initializing Pre-Cluster Timing
Using inter-cluster delay: 2.1832e-09
## Initializing Pre-Cluster Timing took 0.38 seconds (max_rss 209.2 MiB, delta_rss +5.4 MiB)
## Estimate Device Size
Device layout 'auto' with fixed width 88.
FPGA sized to 88 x 88: 7744 grid tiles (auto)
## Estimate Device Size took 0.00 seconds (max_rss 209.2 MiB, delta_rss +0.0 MiB)
## Ram Mapper
Flat Placement is provided, skipping the RAM mapping.
## Ram Mapper took 0.00 seconds (max_rss 209.2 MiB, delta_rss +0.0 MiB)
## Read Atom Netlist to AP Netlist
## Read Atom Netlist to AP Netlist took 0.30 seconds (max_rss 277.7 MiB, delta_rss +68.5 MiB)
Analytical Placement Netlist Statistics:
	AP Blocks: 25061
		Moveable AP Blocks: 25061
		Fixed AP Blocks: 0
	AP Nets: 34982
		Average Fanout: 2.94
		Highest Fanout: 257
	AP Pins: 193913

## Computing placement delta delay look-up
### Build routing resource graph
### Build routing resource graph took 6.47 seconds (max_rss 822.4 MiB, delta_rss +544.7 MiB)
  RR Graph Nodes: 1754700
  RR Graph Edges: 19490640
### Computing router lookahead map
#### Computing wire lookahead
#### Computing wire lookahead took 7.03 seconds (max_rss 822.4 MiB, delta_rss +0.0 MiB)
#### Computing src/opin lookahead
Warning 1: Found no more sample locations for SOURCE in io
Warning 2: Found no more sample locations for OPIN in io
Warning 3: Found no more sample locations for SOURCE in clb
Warning 4: Found no more sample locations for OPIN in clb
Warning 5: Found no more sample locations for SOURCE in dsp_top
Warning 6: Found no more sample locations for OPIN in dsp_top
Warning 7: Found no more sample locations for SOURCE in memory
Warning 8: Found no more sample locations for OPIN in memory
#### Computing src/opin lookahead took 0.22 seconds (max_rss 822.4 MiB, delta_rss +0.0 MiB)
### Computing router lookahead map took 7.27 seconds (max_rss 822.4 MiB, delta_rss +0.0 MiB)
Serial Connection Router is being destroyed. Time spent on path search: 0.000 seconds.
## Computing placement delta delay look-up took 14.12 seconds (max_rss 822.4 MiB, delta_rss +544.7 MiB)
Flat Placement is provided in the AP flow, skipping the Global Placement.
0 of 25061 molecules placed at device center (no atoms of these molecules found in flat placement).
## AP Full Legalizer
### Creating Clusters
Device (width, height): (88,88)
#### Sorting and Grouping Blocks by Tile
#### Sorting and Grouping Blocks by Tile took 0.01 seconds (max_rss 822.4 MiB, delta_rss +0.0 MiB)
#### Reconstruction Pass Clustering
#### Reconstruction Pass Clustering took 57.95 seconds (max_rss 822.4 MiB, delta_rss +0.0 MiB)
#### Orphan Window Clustering with search radius 8
#### Orphan Window Clustering with search radius 8 took 0.02 seconds (max_rss 822.4 MiB, delta_rss +0.0 MiB)
FPGA sized to 88 x 88: 7744 grid tiles (auto)
Device Utilization: 0.28 (target 1.00)
	Block Utilization: 0.39 Type: io
	Block Utilization: 0.19 Type: clb
	Block Utilization: 0.85 Type: dsp_top
	Block Utilization: 0.75 Type: memory

----------------------------------------------------------------
                       Clustering Summary                       
----------------------------------------------------------------
Clusters created (Self Clustering)                       : 2605
    dsp_top    : 107
    memory     : 194
    clb        : 1220
    io         : 1084
Clusters created (Orphan Window Clustering)              : 15
    clb        : 15
Total clusters                                           : 2620
Percent of clusters created in Orphan Window Clustering  : 0.57%
Molecules clustered in each stage breakdown  : (Total of 25061)
	Self Clustering          (0.998963)  : 25035
 	Neighbor Clustering      (0.000000)  : 0
	Orphan Window Clustering (0.001037)  : 26
----------------------------------------------------------------

Final Clustering Statistics: 
----------   --------   ------------------------------------   --------------------------
Block Type   # Blocks   Avg. # of input clocks and pins used   Avg. # of output pins used
----------   --------   ------------------------------------   --------------------------
     EMPTY          0                                      0                            0   
        io       1084                              0.0295203                      0.97048   
       clb       1235                                27.9466                      15.3628   
   dsp_top        107                                40.9813                      20.1869   
    memory        194                                49.6598                      18.9691   
Absorbed logical nets 24200 out of 50065 nets, 25865 nets not absorbed.
#### Load packing
##### Loading packed FPGA netlist file.
Netlist generated from file '/inspire/hdd/project/project-public/changshunjie-253114010247/changshunjie-253114010247/workspace/DAC2027/TailCompile/vtr_work/tailcompile_v3/attention_layer/4x4/gnn_candidate-fpa9f4a10a-flat-recon-annealer-seed11-w180-devw88/attention_layer.locked-input.net'.
Detected 3 constant generators (to see names run with higher pack verbosity)
##### Loading packed FPGA netlist file. took 2.03 seconds (max_rss 829.8 MiB, delta_rss +7.5 MiB)
Warning 9: Treated 2 constant nets as global which will not be routed (to see net names increase packer verbosity).
Netlist contains 5542 global net to non-global architecture pin connections
Found 2 logic block(s) with only 1 output pin and no inputs; they may be constant generators (run with --pack_verbosity 3 to list them)
Completed clustering consistency check successfully.
Cluster level netlist and block usage statistics
Netlist num_nets: 25865
Netlist num_blocks: 2620
Netlist EMPTY blocks: 0.
Netlist io blocks: 1084.
Netlist clb blocks: 1235.
Netlist dsp_top blocks: 107.
Netlist memory blocks: 194.
Netlist inputs pins: 1052
Netlist output pins: 32

Pb types usage...
  io                   : 1084
   inpad               : 1052
   outpad              : 32
  clb                  : 1235
   lab                 : 1235
    fle                : 11240
     ble5              : 19054
      flut5            : 9904
       lut5            : 9613
        lut            : 9613
       ff              : 8130
      arithmetic       : 9150
       lut4            : 6015
        lut            : 6015
       adder           : 9150
     ble6              : 1590
      lut6             : 1590
       lut             : 1590
      ff               : 714
  dsp_top              : 107
   dsp                 : 107
    dsp_pb             : 107
     two_mult_18x19    : 136
      mult_18x19       : 136
     adder_fp16        : 1
  memory               : 194
   mem_1024x20_dp      : 194
    memory_slice       : 3680

#### Load packing took 2.40 seconds (max_rss 829.8 MiB, delta_rss +7.5 MiB)
Netlist contains 5542 global net to non-global architecture pin connections
Found 2 logic block(s) with only 1 output pin and no inputs; they may be constant generators (run with --pack_verbosity 3 to list them)
Cluster level netlist and block usage statistics
Netlist num_nets: 25865
Netlist num_blocks: 2620
Netlist EMPTY blocks: 0.
Netlist io blocks: 1084.
Netlist clb blocks: 1235.
Netlist dsp_top blocks: 107.
Netlist memory blocks: 194.
Netlist inputs pins: 1052
Netlist output pins: 32
### Creating Clusters took 61.55 seconds (max_rss 829.8 MiB, delta_rss +7.5 MiB)
Completed clustering consistency check successfully.
FPGA sized to 88 x 88: 7744 grid tiles (auto)
### Compressed grid construction
### Compressed grid construction took 0.00 seconds (max_rss 829.8 MiB, delta_rss +0.0 MiB)
### Initial Placement
Placing clusters that are part of larger macros...
Number of blocks to be placed: 16
Max distance on device: 176
---- ---------- ---------- -------------
Pass Max Displ. Num Blocks Num Blocks   
     Threshold  Placed     Left Unplaced
---- ---------- ---------- -------------
   0          0         14             2
   1          1          2             0

Placing general clusters...
Number of blocks to be placed: 2604
Max distance on device: 176
---- ---------- ---------- -------------
Pass Max Displ. Num Blocks Num Blocks   
     Threshold  Placed     Left Unplaced
---- ---------- ---------- -------------
   0          0       2585            19
   1          1         10             9
   2          2          7             2
   3          4          2             0

### Initial Placement took 0.01 seconds (max_rss 829.8 MiB, delta_rss +0.0 MiB)
Flat Placement Reconstruction Info:
	Percent of clusters with reconstruction errors: 0.267176
	Total displacement of initial placement from flat placement: 15988.000000
	Average atom displacement of initial placement from flat placement: 0.398574
	Max atom displacement of initial placement from flat placement: 65.000000
	Percent of atoms misplaced from the flat placement: 1.882183
## AP Full Legalizer took 61.87 seconds (max_rss 829.8 MiB, delta_rss +7.5 MiB)

Resource usage...
	Netlist
		1084	blocks of type: io
	Architecture
		2752	blocks of type: io
	Netlist
		1235	blocks of type: clb
	Architecture
		6376	blocks of type: clb
	Netlist
		107	blocks of type: dsp_top
	Architecture
		126	blocks of type: dsp_top
	Netlist
		194	blocks of type: memory
	Architecture
		258	blocks of type: memory

Device Utilization: 0.28 (target 1.00)
	Physical Tile io:
	Block Utilization: 0.39 Logical Block: io
	Physical Tile clb:
	Block Utilization: 0.19 Logical Block: clb
	Physical Tile dsp_top:
	Block Utilization: 0.85 Logical Block: dsp_top
	Physical Tile memory:
	Block Utilization: 0.75 Logical Block: memory

## Computing placement delta delay look-up
RR graph channel widths unchanged, skipping RR graph rebuild
Serial Connection Router is being destroyed. Time spent on path search: 0.000 seconds.
## Computing placement delta delay look-up took 0.02 seconds (max_rss 829.8 MiB, delta_rss +0.0 MiB)
Using simple RL 'Softmax agent' for choosing move and block types

Completed placement consistency check successfully.
Initial placement cost: 1 bb_cost: 5918.78 td_cost: 1.67857e-05
Initial placement BB estimate of wirelength: 1.06495e+06
Initial placement estimated Critical Path Delay (CPD): 16.7854 ns
Initial placement estimated setup Total Negative Slack (sTNS): -125873 ns
Initial placement estimated setup Worst Negative Slack (sWNS): -16.7854 ns

Initial placement estimated setup slack histogram:
[ -1.7e-08: -1.5e-08)     3 (  0.0%) |
[ -1.5e-08: -1.3e-08)    11 (  0.0%) |
[ -1.3e-08: -1.2e-08)    39 (  0.1%) |
[ -1.2e-08:   -1e-08)   130 (  0.2%) |
[   -1e-08: -8.5e-09)   296 (  0.6%) |*
[ -8.5e-09: -6.8e-09)   773 (  1.5%) |*
[ -6.8e-09: -5.2e-09)  1425 (  2.7%) |***
[ -5.2e-09: -3.5e-09)  3099 (  5.9%) |*****
[ -3.5e-09: -1.9e-09) 25643 ( 48.6%) |*********************************************
[ -1.9e-09: -1.9e-10) 21343 ( 40.5%) |*************************************
Placement contains 8 placement macros involving 16 blocks (average macro size 2.000000)

Moves per temperature: 18054
## AP Detailed Placer

---- ------ ------- ------- ---------- ---------- ------- ---------- -------- ------- ------- ------ -------- --------- ------
Tnum  Time     T    AvCost  Av BB Cost Av TD Cost   CPD      sTNS      sWNS   AcRate  StdDev  R lim  CritExp  TotMoves  Alpha 
     (sec)                                          (ns)     (ns)      (ns)                                                   
---- ------ ------- ------- ---------- ---------- ------- ---------- -------- ------- ------- ------ -------- --------- ------
   1    0.2 7.3e-04   0.970    4926.64 1.3496e-05  16.265  -1.17e+05  -16.265   0.836  0.0161   87.0     1.00      18054  1.000
   2    0.2 6.6e-04   0.962    4793.93 1.6479e-05  12.950  -1.16e+05  -12.950   0.821  0.0160   87.0     1.00      36108  0.900
   3    0.2 5.9e-04   0.963    4525.99 1.6982e-05  12.138  -1.16e+05  -12.138   0.803  0.0128   87.0     1.00      54162  0.900
   4    0.2 5.3e-04   0.970    4273.40 1.5862e-05  12.318  -1.13e+05  -12.318   0.793  0.0204   87.0     1.00      72216  0.900
   5    0.2 5.1e-04   0.974    4006.90 1.5867e-05  11.778  -1.14e+05  -11.778   0.780  0.0085   87.0     1.00      90270  0.950
   6    0.2 4.8e-04   0.963    3786.65 1.6246e-05  11.206  -1.19e+05  -11.206   0.762  0.0151   87.0     1.00     108324  0.950
   7    0.2 4.6e-04   0.965    3622.99 1.4392e-05  12.151  -1.14e+05  -12.151   0.751  0.0131   87.0     1.00     126378  0.950
   8    0.2 4.3e-04   0.963    3380.08 1.3669e-05  12.294  -1.13e+05  -12.294   0.736  0.0157   87.0     1.00     144432  0.950
   9    0.2 4.1e-04   0.983    3205.81 1.6047e-05  10.072  -1.08e+05  -10.072   0.725  0.0163   87.0     1.00     162486  0.950
  10    0.2 3.9e-04   0.978    3076.49 1.5721e-05  10.055  -1.13e+05  -10.055   0.719  0.0119   87.0     1.00     180540  0.950
  11    0.2 3.7e-04   0.981    2979.91 1.4545e-05  10.635  -1.11e+05  -10.635   0.715  0.0106   87.0     1.00     198594  0.950
  12    0.2 3.5e-04   0.977    2875.48 1.5442e-05   9.752  -1.07e+05   -9.752   0.706  0.0077   87.0     1.00     216648  0.950
  13    0.2 3.4e-04   0.966    2746.26 1.5507e-05   9.538  -1.07e+05   -9.538   0.691  0.0121   87.0     1.00     234702  0.950
  14    0.2 3.2e-04   0.989    2678.51 1.556e-05    9.299  -1.11e+05   -9.299   0.685  0.0081   87.0     1.00     252756  0.950
  15    0.2 3.0e-04   0.977    2560.74 1.4547e-05   9.760  -1.07e+05   -9.760   0.677  0.0116   87.0     1.00     270810  0.950
  16    0.2 2.9e-04   0.996    2513.32 1.4863e-05   9.355  -1.07e+05   -9.355   0.662  0.0037   87.0     1.00     288864  0.950
  17    0.2 2.7e-04   0.981    2448.45 1.4055e-05   9.851  -1.07e+05   -9.851   0.658  0.0083   87.0     1.00     306918  0.950
  18    0.2 2.6e-04   0.976    2413.90 1.3007e-05  10.580  -1.08e+05  -10.580   0.653  0.0097   87.0     1.00     324972  0.950
  19    0.2 2.5e-04   0.984    2335.20 1.4061e-05   9.497  -1.06e+05   -9.497   0.640  0.0083   87.0     1.00     343026  0.950
  20    0.2 2.3e-04   0.987    2277.27 1.3361e-05   9.897  -1.05e+05   -9.897   0.634  0.0062   87.0     1.00     361080  0.950
  21    0.2 2.2e-04   0.984    2228.16 1.3976e-05   9.335  -1.06e+05   -9.335   0.624  0.0071   87.0     1.00     379134  0.950
  22    0.2 2.1e-04   0.989    2201.99 1.3239e-05   9.849  -1.07e+05   -9.849   0.622  0.0031   87.0     1.00     397188  0.950
  23    0.2 2.0e-04   0.985    2198.59 1.3334e-05   9.705  -1.05e+05   -9.705   0.621  0.0061   87.0     1.00     415242  0.950
  24    0.2 1.9e-04   0.987    2153.83 1.4001e-05   9.135  -1.05e+05   -9.135   0.605  0.0080   87.0     1.00     433296  0.950
  25    0.2 1.8e-04   0.992    2119.59 1.3323e-05   9.463  -1.05e+05   -9.463   0.593  0.0029   87.0     1.00     451350  0.950
  26    0.2 1.7e-04   0.989    2100.14 1.3614e-05   9.233  -1.04e+05   -9.233   0.592  0.0040   87.0     1.00     469404  0.950
  27    0.2 1.6e-04   0.988    2058.16 1.3434e-05   9.232  -1.05e+05   -9.232   0.573  0.0037   87.0     1.00     487458  0.950
  28    0.2 1.6e-04   0.986    2035.06 1.3238e-05   9.349  -1.04e+05   -9.349   0.564  0.0051   87.0     1.00     505512  0.950
  29    0.2 1.5e-04   0.985    1998.46 1.4305e-05   8.547  -1.05e+05   -8.547   0.563  0.0068   87.0     1.00     523566  0.950
  30    0.2 1.4e-04   0.991    1977.65 1.3002e-05   9.298  -1.04e+05   -9.298   0.551  0.0041   87.0     1.00     541620  0.950
  31    0.2 1.3e-04   0.990    1954.07 1.2118e-05   9.908  -1.04e+05   -9.908   0.540  0.0030   87.0     1.00     559674  0.950
  32    0.2 1.3e-04   0.991    1936.91 1.3859e-05   8.602  -1.04e+05   -8.602   0.521  0.0045   87.0     1.00     577728  0.950
  33    0.2 1.2e-04   0.991    1919.78 1.3036e-05   9.162  -1.04e+05   -9.162   0.520  0.0023   87.0     1.00     595782  0.950
  34    0.2 1.1e-04   0.985    1902.55 1.3209e-05   8.959  -1.03e+05   -8.959   0.506  0.0054   87.0     1.00     613836  0.950
  35    0.2 1.1e-04   0.990    1887.84 1.3087e-05   8.957  -1.02e+05   -8.957   0.492  0.0034   87.0     1.00     631890  0.950
  36    0.2 1.0e-04   0.988    1861.73 1.3198e-05   8.858  -1.03e+05   -8.858   0.488  0.0042   87.0     1.00     649944  0.950
  37    0.2 9.8e-05   0.991    1841.23 1.3244e-05   8.738  -1.03e+05   -8.738   0.468  0.0041   87.0     1.00     667998  0.950
  38    0.2 9.3e-05   0.992    1833.67 1.2912e-05   8.871  -1.01e+05   -8.871   0.458  0.0034   87.0     1.00     686052  0.950
  39    0.2 8.8e-05   0.988    1805.03 1.2887e-05   8.870  -1.04e+05   -8.870   0.444  0.0050   87.0     1.00     704106  0.950
  40    0.2 8.4e-05   0.994    1789.64 1.2784e-05   8.828  -1.02e+05   -8.828   0.435  0.0046   87.0     1.00     722160  0.950
  41    0.2 8.0e-05   0.993    1770.55 1.3075e-05   8.323  -1.02e+05   -8.323   0.426  0.0031   86.6     1.03     740214  0.950
  42    0.2 7.6e-05   0.990    1756.15 1.1406e-05   8.714  -1.01e+05   -8.714   0.415  0.0050   85.4     1.13     758268  0.950
  43    0.2 7.2e-05   0.991    1736.03 1.0068e-05   8.484  -1.02e+05   -8.484   0.401  0.0048   83.2     1.31     776322  0.950
  44    0.2 6.8e-05   0.994    1732.05 8.7861e-06   8.143  -1.02e+05   -8.143   0.386  0.0022   80.0     1.57     794376  0.950
  45    0.2 6.5e-05   0.992    1718.70 6.5239e-06   8.453  -1.02e+05   -8.453   0.396  0.0039   75.7     1.92     812430  0.950
  46    0.2 6.2e-05   0.992    1703.21 5.4548e-06   8.392  -1.01e+05   -8.392   0.378  0.0033   72.4     2.19     830484  0.950
  47    0.2 5.9e-05   0.993    1696.98 4.3407e-06   8.391  -1.03e+05   -8.391   0.373  0.0023   67.8     2.56     848538  0.950
  48    0.2 5.6e-05   0.992    1686.61 3.8571e-06   8.066  -1.03e+05   -8.066   0.364  0.0036   63.3     2.93     866592  0.950
  49    0.2 5.3e-05   0.994    1674.99 3.19e-06     8.022  -1.05e+05   -8.022   0.355  0.0021   58.5     3.32     884646  0.950
  50    0.2 5.0e-05   0.994    1670.11 2.3198e-06   8.297  -1.02e+05   -8.297   0.339  0.0027   53.5     3.73     902700  0.950
  51    0.2 4.8e-05   0.994    1653.66 1.4201e-06   8.820  -1.04e+05   -8.820   0.333  0.0037   48.1     4.17     920754  0.950
  52    0.2 4.5e-05   0.993    1638.24 1.523e-06    8.262  -1.08e+05   -8.262   0.327  0.0025   43.0     4.58     938808  0.950
  53    0.2 4.3e-05   0.994    1627.08 1.0527e-06   8.559  -1.09e+05   -8.559   0.325  0.0028   38.1     4.98     956862  0.950
  54    0.2 4.1e-05   0.995    1615.57 1.2068e-06   8.060  -1.07e+05   -8.060   0.306  0.0026   33.7     5.34     974916  0.950
  55    0.2 3.9e-05   0.996    1610.70 9.5852e-07   8.157  -1.07e+05   -8.157   0.309  0.0017   29.2     5.70     992970  0.950
  56    0.2 3.7e-05   0.994    1600.95 5.9363e-07   8.661  -1.08e+05   -8.661   0.304  0.0022   25.4     6.01    1011024  0.950
  57    0.2 3.5e-05   0.993    1594.42 6.8842e-07   8.262  -1.07e+05   -8.262   0.296  0.0027   22.0     6.29    1029078  0.950
  58    0.2 3.3e-05   0.995    1587.15 5.7231e-07   8.349  -1.07e+05   -8.349   0.295  0.0028   18.8     6.55    1047132  0.950
  59    0.2 3.2e-05   0.991    1576.17 2.8987e-07   9.096  -1.07e+05   -9.096   0.287  0.0053   16.1     6.77    1065186  0.950
  60    0.2 3.0e-05   0.996    1569.17 4.006e-07    8.559  -1.07e+05   -8.559   0.293  0.0035   13.6     6.97    1083240  0.950
  61    0.2 2.9e-05   0.992    1551.16 2.9147e-07   8.886  -1.06e+05   -8.886   0.296  0.0035   11.6     7.14    1101294  0.950
  62    0.2 2.7e-05   0.994    1534.44 5.6903e-07   7.962  -1.07e+05   -7.962   0.284  0.0021    9.9     7.27    1119348  0.950
  63    0.2 2.6e-05   0.997    1525.47 5.3774e-07   7.962  -1.06e+05   -7.962   0.266  0.0020    8.4     7.40    1137402  0.950
  64    0.2 2.5e-05   0.995    1516.45 4.9831e-07   7.962  -1.05e+05   -7.962   0.270  0.0019    6.9     7.52    1155456  0.950
  65    0.2 2.3e-05   0.998    1508.53 4.7379e-07   7.962  -1.04e+05   -7.962   0.262  0.0016    5.7     7.61    1173510  0.950
  66    0.2 2.2e-05   0.997    1499.43 4.5818e-07   7.962  -1.06e+05   -7.962   0.260  0.0013    4.7     7.70    1191564  0.950
  67    0.2 2.1e-05   0.998    1495.75 4.7013e-07   7.903  -1.03e+05   -7.903   0.255  0.0014    3.9     7.77    1209618  0.950
  68    0.2 2.0e-05   0.998    1491.47 4.6403e-07   7.903  -1.05e+05   -7.903   0.252  0.0013    3.2     7.82    1227672  0.950
  69    0.2 1.9e-05   0.996    1483.29 4.4475e-07   7.903  -1.04e+05   -7.903   0.255  0.0019    2.6     7.87    1245726  0.950
  70    0.2 1.8e-05   0.998    1476.38 4.3333e-07   7.903  -1.04e+05   -7.903   0.244  0.0012    2.1     7.91    1263780  0.950
  71    0.2 1.7e-05   0.999    1471.42 4.2435e-07   7.903  -1.05e+05   -7.903   0.255  0.0007    1.7     7.94    1281834  0.950
  72    0.2 1.6e-05   0.999    1470.91 4.2063e-07   7.903  -1.04e+05   -7.903   0.254  0.0005    1.4     7.97    1299888  0.950
  73    0.2 1.5e-05   0.998    1468.02 4.1519e-07   7.903  -1.05e+05   -7.903   0.236  0.0007    1.1     7.99    1317942  0.950
  74    0.2 1.5e-05   0.998    1464.11 4.1527e-07   7.903  -1.05e+05   -7.903   0.235  0.0009    1.0     8.00    1335996  0.950
  75    0.2 1.4e-05   0.999    1461.08 4.0914e-07   7.903  -1.05e+05   -7.903   0.223  0.0005    1.0     8.00    1354050  0.950
  76    0.2 1.3e-05   0.999    1459.99 4.1162e-07   7.903  -1.05e+05   -7.903   0.220  0.0006    1.0     8.00    1372104  0.950
  77    0.2 1.3e-05   1.000    1458.24 4.0668e-07   7.903  -1.06e+05   -7.903   0.221  0.0003    1.0     8.00    1390158  0.950
  78    0.2 1.2e-05   0.999    1456.52 4.146e-07    7.903  -1.06e+05   -7.903   0.206  0.0006    1.0     8.00    1408212  0.950
  79    0.2 1.1e-05   0.999    1455.18 4.0788e-07   7.903  -1.05e+05   -7.903   0.208  0.0005    1.0     8.00    1426266  0.950
  80    0.2 1.1e-05   0.999    1452.65 4.0851e-07   7.903  -1.04e+05   -7.903   0.200  0.0003    1.0     8.00    1444320  0.950
  81    0.2 1.0e-05   0.999    1452.52 4.0434e-07   7.903  -1.05e+05   -7.903   0.192  0.0005    1.0     8.00    1462374  0.950
  82    0.2 9.7e-06   0.999    1450.48 4.0579e-07   7.903  -1.05e+05   -7.903   0.194  0.0005    1.0     8.00    1480428  0.950
  83    0.2 9.3e-06   0.999    1449.41 4.0618e-07   7.903  -1.05e+05   -7.903   0.185  0.0005    1.0     8.00    1498482  0.950
  84    0.2 8.8e-06   0.999    1448.21 4.0218e-07   7.903  -1.06e+05   -7.903   0.180  0.0004    1.0     8.00    1516536  0.950
  85    0.2 8.3e-06   1.000    1447.49 4.0166e-07   7.903  -1.05e+05   -7.903   0.181  0.0003    1.0     8.00    1534590  0.950
  86    0.2 7.9e-06   0.999    1446.49 4.0152e-07   7.903  -1.04e+05   -7.903   0.175  0.0005    1.0     8.00    1552644  0.950
  87    0.2 7.5e-06   0.999    1445.49 4.0399e-07   7.903  -1.06e+05   -7.903   0.172  0.0003    1.0     8.00    1570698  0.950
  88    0.2 7.2e-06   0.999    1444.95 4.0011e-07   7.903  -1.05e+05   -7.903   0.164  0.0005    1.0     8.00    1588752  0.950
  89    0.2 6.8e-06   0.999    1444.42 4.0008e-07   7.903  -1.05e+05   -7.903   0.162  0.0002    1.0     8.00    1606806  0.950
  90    0.2 6.5e-06   0.999    1442.95 3.9966e-07   7.903  -1.06e+05   -7.903   0.159  0.0003    1.0     8.00    1624860  0.950
  91    0.2 6.1e-06   1.000    1442.63 3.984e-07    7.903  -1.05e+05   -7.903   0.161  0.0002    1.0     8.00    1642914  0.950
  92    0.2 5.8e-06   0.999    1441.97 4.0025e-07   7.903  -1.05e+05   -7.903   0.155  0.0002    1.0     8.00    1660968  0.950
  93    0.2 5.5e-06   0.999    1441.19 3.9864e-07   7.903  -1.06e+05   -7.903   0.156  0.0002    1.0     8.00    1679022  0.950
  94    0.2 5.3e-06   1.000    1441.11 3.9778e-07   7.903  -1.05e+05   -7.903   0.155  0.0003    1.0     8.00    1697076  0.950
  95    0.2 5.0e-06   1.000    1440.09 3.9846e-07   7.903  -1.06e+05   -7.903   0.155  0.0001    1.0     8.00    1715130  0.950
  96    0.2 4.7e-06   1.000    1439.98 3.9614e-07   7.903  -1.05e+05   -7.903   0.148  0.0002    1.0     8.00    1733184  0.950
Agent's 2nd state: 
  97    0.2 3.8e-06   0.999    1439.50 3.9842e-07   7.903  -1.05e+05   -7.903   0.146  0.0002    1.0     8.00    1751238  0.800
Checkpoint saved: bb_costs=1438.9, TD costs=3.97057e-07, CPD=  7.903 (ns) 
  98    0.2 3.0e-06   0.999    1438.86 3.9666e-07   7.903  -1.06e+05   -7.903   0.099  0.0002    1.0     8.00    1769292  0.800
  99    0.2 2.4e-06   1.000    1438.12 3.9661e-07   7.903  -1.05e+05   -7.903   0.096  0.0002    1.0     8.00    1787346  0.800
 100    0.2 1.9e-06   1.000    1437.83 3.9534e-07   7.903  -1.05e+05   -7.903   0.094  0.0001    1.0     8.00    1805400  0.800
 101    0.2 1.6e-06   1.000    1437.09 3.958e-07    7.903  -1.05e+05   -7.903   0.095  0.0002    1.0     8.00    1823454  0.800
 102    0.2 1.2e-06   1.000    1437.09 3.9481e-07   7.903  -1.05e+05   -7.903   0.094  0.0001    1.0     8.00    1841508  0.800
 103    0.2 1.0e-06   1.000    1436.88 3.9555e-07   7.903  -1.05e+05   -7.903   0.090  0.0002    1.0     8.00    1859562  0.800
 104    0.2 8.0e-07   1.000    1436.34 3.9423e-07   7.903  -1.05e+05   -7.903   0.087  0.0001    1.0     8.00    1877616  0.800
 105    0.2 6.4e-07   1.000    1436.24 3.9441e-07   7.903  -1.06e+05   -7.903   0.088  0.0001    1.0     8.00    1895670  0.800
 106    0.2 5.1e-07   1.000    1436.12 3.936e-07    7.903  -1.06e+05   -7.903   0.087  0.0001    1.0     8.00    1913724  0.800
 107    0.2 4.1e-07   1.000    1435.63 3.9516e-07   7.903  -1.06e+05   -7.903   0.084  0.0001    1.0     8.00    1931778  0.800
 108    0.2 3.3e-07   1.000    1435.53 3.9427e-07   7.903  -1.06e+05   -7.903   0.090  0.0001    1.0     8.00    1949832  0.800
 109    0.2 2.6e-07   1.000    1435.46 3.946e-07    7.903  -1.05e+05   -7.903   0.080  0.0001    1.0     8.00    1967886  0.800
 110    0.2 2.1e-07   1.000    1435.32 3.9323e-07   7.903  -1.05e+05   -7.903   0.083  0.0001    1.0     8.00    1985940  0.800
 111    0.2 0.0e+00   1.000    1435.06 3.9361e-07   7.903  -1.06e+05   -7.903   0.042  0.0001    1.0     8.00    2003994  0.800
### Placement Quench took 0.18 seconds (max_rss 829.8 MiB)
post-quench CPD = 7.90262 (ns) 

Completed placement consistency check successfully.

Swaps called: 2006614

Aborted Move Reasons:
  duplicate block move to location: 10
  macro move to location illegal: 2
  macro_from swap to location illegal: 950

BB estimate of min-dist (placement) wire length: 258099

Placement estimated critical path delay (least slack): 7.90262 ns, Fmax: 126.54 MHz
Placement estimated critical path skew: -0.04243 ns
Placement estimated setup Worst Negative Slack (sWNS): -7.90262 ns
Placement estimated setup Total Negative Slack (sTNS): -104950 ns
Placement estimated setup Worst Skew (sWS): -0.04243 ns

Placement estimated setup slack histogram:
[ -7.9e-09: -7.1e-09)    12 (  0.0%) |
[ -7.1e-09: -6.4e-09)    59 (  0.1%) |
[ -6.4e-09: -5.6e-09)   221 (  0.4%) |
[ -5.6e-09: -4.8e-09)   470 (  0.9%) |*
[ -4.8e-09:   -4e-09)   572 (  1.1%) |*
[   -4e-09: -3.3e-09)  2010 (  3.8%) |****
[ -3.3e-09: -2.5e-09)  6853 ( 13.0%) |***************
[ -2.5e-09: -1.7e-09) 20352 ( 38.6%) |*********************************************
[ -1.7e-09: -9.6e-10) 16200 ( 30.7%) |************************************
[ -9.6e-10: -1.9e-10)  6013 ( 11.4%) |*************

Placement estimated geomean non-virtual intra-domain period: 7.90262 ns (126.54 MHz)
Placement estimated fanout-weighted geomean non-virtual intra-domain period: 7.90262 ns (126.54 MHz)

Placement cost: 0.999551, bb_cost: 1434.93, td_cost: 3.94035e-07, 

Placement resource usage:
  io      implemented as io     : 1084
  clb     implemented as clb    : 1235
  dsp_top implemented as dsp_top: 107
  memory  implemented as memory : 194

Placement number of temperatures: 111
Placement total # of swap attempts: 2006614
	Swaps accepted:  742876 (37.0 %)
	Swaps rejected: 1252627 (62.4 %)
	Swaps aborted:   11111 ( 0.6 %)


Placement perturbation distribution by block and move type: 
------------------ ----------------- ---------------- ---------------- --------------- ------------ 
    Block Type         Move Type       (%) of Total      Accepted(%)     Rejected(%)    Aborted(%)
------------------ ----------------- ---------------- ---------------- --------------- ------------ 
io                 Uniform                9.81             54.77           45.23          0.00         
                   Median                 9.74             61.30           37.85          0.84         
                   Centroid               9.76             61.66           38.34          0.00         
                   W. Centroid            9.80             61.70           38.30          0.00         
                   W. Median              0.74             23.73           75.35          0.92         

clb                Uniform                11.11            6.81            93.08          0.11         
                   Median                 11.18            36.20           63.03          0.77         
                   Centroid               11.11            33.77           66.14          0.09         
                   W. Centroid            11.23            34.61           65.30          0.09         
                   W. Median              0.84             2.64            96.58          0.78         
                   Crit. Uniform          1.80             0.83            99.17          0.00         
                   Feasible Region        1.79             0.51            99.49          0.00         

dsp_top            Uniform                0.98             1.67            98.33          0.00         
                   Median                 0.95             3.89            90.40          5.72         
                   Centroid               0.96             3.99            89.81          6.20         
                   W. Centroid            0.97             4.12            89.85          6.03         
                   W. Median              0.08             0.20            87.01          12.79        

memory             Uniform                1.75             7.45            92.55          0.00         
                   Median                 1.76             14.87           80.66          4.47         
                   Centroid               1.74             12.04           84.66          3.30         
                   W. Centroid            1.76             12.09           87.51          0.40         
                   W. Median              0.13             3.04            86.68          10.27        


Placement Quench timing analysis took 0.0474011 seconds (0.0405643 STA, 0.0068368 slack) (1 full updates: 1 setup, 0 hold, 0 combined).
Placement Total  timing analysis took 5.76083 seconds (4.79301 STA, 0.967823 slack) (113 full updates: 113 setup, 0 hold, 0 combined).
update_td_costs: connections 0.0406862 nets 0 sum_nets 0.0206004 total 0.0615222
## AP Detailed Placer took 19.62 seconds (max_rss 840.2 MiB, delta_rss +10.4 MiB)
Incr Slack updates 113 in 0.192868 sec
Full Max Req/Worst Slack updates 43 in 0.0474963 sec
Incr Max Req/Worst Slack updates 70 in 0.102891 sec
Incr Criticality updates 49 in 0.15641 sec
Full Criticality updates 64 in 0.347253 sec
Incr Slack updates 1 in 0.00173506 sec
Full Max Req/Worst Slack updates 1 in 0.00118648 sec
Incr Max Req/Worst Slack updates 0 in 0 sec
Incr Criticality updates 0 in 0 sec
Full Criticality updates 1 in 0.00653961 sec
# Analytical Placement took 97.04 seconds (max_rss 840.2 MiB, delta_rss +636.4 MiB)


# Routing
RR graph channel widths unchanged, skipping RR graph rebuild
## Initializing router criticalities
Initial Net Connection Criticality Histogram:
[        0:      0.1) 7129 ( 14.7%) |*****************************************
[      0.1:      0.2) 8080 ( 16.6%) |**********************************************
[      0.2:      0.3) 7274 ( 15.0%) |*****************************************
[      0.3:      0.4) 3270 (  6.7%) |*******************
[      0.4:      0.5) 6738 ( 13.9%) |**************************************
[      0.5:      0.6) 7391 ( 15.2%) |******************************************
[      0.6:      0.7) 5801 ( 11.9%) |*********************************
[      0.7:      0.8) 2058 (  4.2%) |************
[      0.8:      0.9)  707 (  1.5%) |****
[      0.9:        1)  117 (  0.2%) |*
## Initializing router criticalities took 0.65 seconds (max_rss 840.2 MiB, delta_rss +0.0 MiB)
---- ------ ------- ---- ------- ------- ------- ----------------- --------------- -------- ---------- ---------- ---------- ---------- --------
Iter   Time    pres  BBs    Heap  Re-Rtd  Re-Rtd Overused RR Nodes      Wirelength      CPD       sTNS       sWNS       hTNS       hWNS Est Succ
      (sec)     fac Updt    push    Nets   Conns                                       (ns)       (ns)       (ns)       (ns)       (ns)     Iter
---- ------ ------- ---- ------- ------- ------- ----------------- --------------- -------- ---------- ---------- ---------- ---------- --------
   1    1.0     0.0    0 6131606   25862   41715   20603 ( 1.174%)  406370 (15.1%)    8.510 -1.666e+05     -8.510      0.000      0.000      N/A
   2    0.9     0.5    0 5316469   17359   31346    8968 ( 0.511%)  405099 (15.0%)    8.202 -1.369e+05     -8.202      0.000      0.000      N/A
   3    0.7     0.6    0 3375076   10885   20976    6386 ( 0.364%)  408173 (15.2%)    8.202 -1.385e+05     -8.202      0.000      0.000      N/A
   4    0.5     0.8    0 2389753    8312   16376    4636 ( 0.264%)  410547 (15.2%)    8.202 -1.383e+05     -8.202      0.000      0.000      N/A
   5    0.4     1.1    0 1637580    6295   12999    3363 ( 0.192%)  412822 (15.3%)    8.202 -1.390e+05     -8.202      0.000      0.000      N/A
   6    0.3     1.4    0 1038802    4734    9903    2471 ( 0.141%)  414757 (15.4%)    8.202 -1.390e+05     -8.202      0.000      0.000      N/A
   7    0.3     1.9    0  696182    3556    7648    1735 ( 0.099%)  416811 (15.5%)    8.202 -1.392e+05     -8.202      0.000      0.000      N/A
   8    0.2     2.4    0  493488    2595    5839    1155 ( 0.066%)  418731 (15.5%)    8.202 -1.392e+05     -8.202      0.000      0.000      N/A
   9    0.2     3.1    0  348687    1699    4016     673 ( 0.038%)  420245 (15.6%)    8.202 -1.392e+05     -8.202      0.000      0.000       26
  10    0.2     4.1    0  207348     960    2379     350 ( 0.020%)  421736 (15.7%)    8.202 -1.393e+05     -8.202      0.000      0.000       22
  11    0.2     5.3    0  127092     513    1354     165 ( 0.009%)  422567 (15.7%)    8.202 -1.393e+05     -8.202      0.000      0.000       21
  12    0.1     6.9    0   78159     254     648      68 ( 0.004%)  423040 (15.7%)    8.202 -1.393e+05     -8.202      0.000      0.000       19
  13    0.1     9.0    0   38397      95     262      24 ( 0.001%)  423256 (15.7%)    8.202 -1.393e+05     -8.202      0.000      0.000       18
  14    0.1    11.6    0   13020      34      57       7 ( 0.000%)  423340 (15.7%)    8.202 -1.393e+05     -8.202      0.000      0.000       17
  15    0.1    15.1    0    3334       8      15       3 ( 0.000%)  423372 (15.7%)    8.202 -1.393e+05     -8.202      0.000      0.000       17
  16    0.1    19.7    0    1756       5      13       1 ( 0.000%)  423380 (15.7%)    8.202 -1.393e+05     -8.202      0.000      0.000       16
  17    0.1    25.6    0     764       1       3       0 ( 0.000%)  423384 (15.7%)    8.202 -1.393e+05     -8.202      0.000      0.000      N/A
Restoring best routing
Critical path: 8.20159 ns
Successfully routed after 17 routing iterations.
Final Net Connection Criticality Histogram:
[        0:      0.1) 7471 ( 15.4%) |*****************************************
[      0.1:      0.2) 5643 ( 11.6%) |*******************************
[      0.2:      0.3) 8331 ( 17.2%) |**********************************************
[      0.3:      0.4) 4123 (  8.5%) |***********************
[      0.4:      0.5) 8158 ( 16.8%) |*********************************************
[      0.5:      0.6) 8202 ( 16.9%) |*********************************************
[      0.6:      0.7) 4665 (  9.6%) |**************************
[      0.7:      0.8) 1554 (  3.2%) |*********
[      0.8:      0.9)  414 (  0.9%) |**
[      0.9:        1)    4 (  0.0%) |
Router Stats: total_nets_routed: 83167 total_connections_routed: 155549 total_heap_pushes: 21897513 total_heap_pops: 5916882 
Serial Connection Router is being destroyed. Time spent on path search: 2.834 seconds.
# Routing took 6.53 seconds (max_rss 864.1 MiB, delta_rss +23.8 MiB)

Checking to ensure routing is legal...
# Checking to ensure non-configurable edges are legal
# Checking to ensure non-configurable edges are legal took 0.08 seconds (max_rss 864.1 MiB, delta_rss +0.0 MiB)
Completed routing consistency check successfully.

Serial number (magic cookie) for the routing is: 386839644
Circuit successfully routed with a channel width factor of 180.
Incr Slack updates 18 in 0.029724 sec
Full Max Req/Worst Slack updates 2 in 0.0023816 sec
Incr Max Req/Worst Slack updates 16 in 0.0243432 sec
Incr Criticality updates 15 in 0.044586 sec
Full Criticality updates 3 in 0.0196192 sec
# Synchronize the packed netlist to routing optimization
## Annotating rr_node with routed nets
## Annotating rr_node with routed nets took 0.01 seconds (max_rss 864.1 MiB, delta_rss +0.0 MiB)
Found 44043 mismatches between routing and packing results.
Fixed 30743 routing traces due to mismatch between routing and packing results.
# Synchronize the packed netlist to routing optimization took 0.29 seconds (max_rss 864.1 MiB, delta_rss +0.0 MiB)
Final Clustering Statistics: 
----------   --------   ------------------------------------   --------------------------
Block Type   # Blocks   Avg. # of input clocks and pins used   Avg. # of output pins used
----------   --------   ------------------------------------   --------------------------
     EMPTY          0                                      0                            0   
        io       1084                              0.0295203                      0.97048   
       clb       1235                                27.9466                      15.3628   
   dsp_top        107                                40.9813                      20.1869   
    memory        194                                49.6598                      18.9691   
Absorbed logical nets 24200 out of 50065 nets, 25865 nets not absorbed.


Average number of bends per net: 1.56144  Maximum # of bends: 284

Number of global nets: 3
Number of routed nets (nonglobal): 25862
Wire length results (in units of 1 clb segments)...
	Total wirelength: 423384, average net length: 16.3709
	Maximum net length: 2367

Wire length results in terms of physical segments...
	Total wiring segments used: 93049, average wire segments per net: 3.59790
	Maximum segments used by a net: 519
	Total local nets with reserved CLB opins: 0
Total number of nets absorbed: 8

Routing channel utilization histogram:
[        1:      inf)    0 (  0.0%) |
[      0.9:        1)    0 (  0.0%) |
[      0.8:      0.9)    0 (  0.0%) |
[      0.7:      0.8)   11 (  0.1%) |
[      0.5:      0.6)  134 (  0.9%) |*
[      0.4:      0.5)  668 (  4.4%) |*****
[      0.3:      0.4) 1527 ( 10.1%) |**********
[      0.2:      0.3) 2551 ( 16.9%) |*****************
[      0.1:      0.2) 3509 ( 23.2%) |************************
[        0:      0.1) 6738 ( 44.5%) |**********************************************
Maximum routing channel utilization:      0.69 at (37,45)

X - Directed channels: layer   y   max occ   ave occ   ave cap
                        ----- ---- -------- -------- --------
                            0    0       64   33.849      180
                            0    1        7    0.930      180
                            0    2        7    1.860      180
                            0    3        9    2.605      180
                            0    4       33    6.012      180
                            0    5       56    8.698      180
                            0    6       52   11.209      180
                            0    7       47   11.372      180
                            0    8       48   11.791      180
                            0    9       51   10.930      180
                            0   10       64   19.070      180
                            0   11       73   23.302      180
                            0   12       66   18.465      180
                            0   13       47   15.163      180
                            0   14       47   16.081      180
                            0   15       70   20.767      180
                            0   16       64   23.233      180
                            0   17       70   22.593      180
                            0   18       75   24.988      180
                            0   19       71   26.349      180
                            0   20       68   23.663      180
                            0   21       61   21.081      180
                            0   22       75   23.523      180
                            0   23       57   22.256      180
                            0   24       84   24.547      180
                            0   25       77   25.151      180
                            0   26       65   28.872      180
                            0   27       71   28.965      180
                            0   28       65   29.651      180
                            0   29       87   32.314      180
                            0   30       85   31.477      180
                            0   31       82   28.000      180
                            0   32       91   32.721      180
                            0   33       82   39.035      180
                            0   34       88   33.267      180
                            0   35       84   32.035      180
                            0   36       66   30.616      180
                            0   37       67   33.337      180
                            0   38       95   42.767      180
                            0   39       74   33.558      180
                            0   40       69   29.326      180
                            0   41       96   35.872      180
                            0   42       94   32.953      180
                            0   43       91   30.814      180
                            0   44      102   36.849      180
                            0   45       92   37.140      180
                            0   46       84   43.000      180
                            0   47       88   43.209      180
                            0   48       87   38.919      180
                            0   49       97   39.988      180
                            0   50       97   43.453      180
                            0   51      100   44.628      180
                            0   52       93   41.221      180
                            0   53       94   33.698      180
                            0   54       80   35.698      180
                            0   55       86   36.488      180
                            0   56       79   34.081      180
                            0   57       77   32.919      180
                            0   58       79   35.605      180
                            0   59       88   38.186      180
                            0   60       99   42.174      180
                            0   61       91   37.326      180
                            0   62       78   35.256      180
                            0   63       94   39.663      180
                            0   64       86   41.233      180
                            0   65       82   42.291      180
                            0   66       89   41.558      180
                            0   67       99   35.709      180
                            0   68       83   33.570      180
                            0   69       73   36.012      180
                            0   70       72   42.895      180
                            0   71       70   38.012      180
                            0   72       66   27.698      180
                            0   73       87   25.477      180
                            0   74       71   23.128      180
                            0   75       61   19.384      180
                            0   76       78   17.337      180
                            0   77       74   18.395      180
                            0   78       85   20.535      180
                            0   79       54   13.744      180
                            0   80       41    7.814      180
                            0   81       45    8.791      180
                            0   82       58   10.349      180
                            0   83       38    6.930      180
                            0   84       16    2.140      180
                            0   85        7    1.070      180
                            0   86       59   29.965      180
Y - Directed channels: layer   x   max occ   ave occ   ave cap
                        ----- ---- -------- -------- --------
                            0    0       45   17.605      180
                            0    1       48   25.116      180
                            0    2       78   35.035      180
                            0    3       36   14.163      180
                            0    4       65   22.698      180
                            0    5       84   38.326      180
                            0    6       77   37.453      180
                            0    7       56   19.000      180
                            0    8       42   16.128      180
                            0    9       53   10.651      180
                            0   10       26    8.256      180
                            0   11       38    8.930      180
                            0   12       31    9.500      180
                            0   13       36   11.105      180
                            0   14       50   18.593      180
                            0   15       61   21.512      180
                            0   16       42   19.651      180
                            0   17       65   44.465      180
                            0   18      102   62.953      180
                            0   19       92   37.616      180
                            0   20       77   39.419      180
                            0   21      102   51.616      180
                            0   22      101   49.000      180
                            0   23       68   23.326      180
                            0   24       52   21.070      180
                            0   25       72   20.140      180
                            0   26       83   20.721      180
                            0   27       52   14.814      180
                            0   28       63   15.500      180
                            0   29       80   21.302      180
                            0   30       79   32.663      180
                            0   31       76   28.802      180
                            0   32       88   31.326      180
                            0   33       81   57.500      180
                            0   34       91   65.302      180
                            0   35       91   48.302      180
                            0   36      114   59.035      180
                            0   37      125   72.988      180
                            0   38      110   63.767      180
                            0   39       85   41.698      180
                            0   40       90   39.012      180
                            0   41       76   29.988      180
                            0   42       86   26.826      180
                            0   43       72   20.884      180
                            0   44       53   15.791      180
                            0   45       61   20.535      180
                            0   46       68   28.581      180
                            0   47       78   30.326      180
                            0   48       74   33.407      180
                            0   49       94   56.093      180
                            0   50       80   52.453      180
                            0   51       88   37.884      180
                            0   52       90   45.547      180
                            0   53      102   63.000      180
                            0   54      106   56.872      180
                            0   55       91   32.651      180
                            0   56       88   29.674      180
                            0   57       61   21.884      180
                            0   58       63   18.221      180
                            0   59       40   12.605      180
                            0   60       29    8.605      180
                            0   61       44   11.453      180
                            0   62       51   21.477      180
                            0   63       47   19.651      180
                            0   64       40   19.267      180
                            0   65       68   48.302      180
                            0   66       88   63.174      180
                            0   67       76   40.000      180
                            0   68       88   41.919      180
                            0   69      103   52.442      180
                            0   70       62   30.023      180
                            0   71       31    7.814      180
                            0   72       21    4.500      180
                            0   73       10    4.326      180
                            0   74       20    4.779      180
                            0   75       24    5.314      180
                            0   76       10    2.349      180
                            0   77       16    7.453      180
                            0   78       32   13.395      180
                            0   79       36   15.233      180
                            0   80       56   15.198      180
                            0   81       79   38.826      180
                            0   82       88   46.860      180
                            0   83       78   32.488      180
                            0   84       76   31.826      180
                            0   85       76   33.512      180
                            0   86       61   25.000      180

Total existing wires segments: CHANX   1346760, CHANY   1346760, CHANZ         0, ALL   2693520
Total used wires segments:     CHANX    201980, CHANY    221404, CHANZ         0, ALL    423384
Usage percentage:              CHANX     15.0%, CHANY     16.4%, CHANZ      0.0%, ALL     15.7%

Logic area (in minimum width transistor areas, excludes I/Os and empty grid tiles)...
	Total logic block area (Warning, need to add pitch of routing to blocks with height > 3): 2.4541e+08
	Total used logic block area: 8.83235e+07

Routing area (in minimum width transistor areas)...
	Total routing area: 1.06814e+08, per logic tile: 13793.2

Total Number of Wiring Segments by Direction: direction length number
                                              --------- ------ -------
                                                      X      4 301976
                                                      Y      4 301976
                                                      X     16  13192
                                                      Y     16  13192

X - Directed Wiring Segment usage by length: length utilization
                                             ------ -----------
                                             4       0.144
                                            16       0.143

Y - Directed Wiring Segment usage by length: length utilization
                                             ------ -----------
                                             4       0.149
                                            16       0.205

Segment occupancy by length: Length Occupancy Capacity Utilization
                             ------ --------- -------- -----------
                             L4         88457   603952       0.146
                             L16         4592    26384       0.174

Segment occupancy by type: name type utilization
                           ---- ---- -----------
                             L4    0       0.146
                            L16    1       0.174

Final hold Worst Negative Slack (hWNS): 0 ns
Final hold Total Negative Slack (hTNS): 0 ns
Final hold Worst Skew (hWS): 0 ns

Final hold slack histogram:
[  4.1e-11:  5.6e-10) 3665 (  6.9%) |*******************
[  5.6e-10:  1.1e-09) 7059 ( 13.4%) |*************************************
[  1.1e-09:  1.6e-09) 5087 (  9.6%) |***************************
[  1.6e-09:  2.1e-09) 7774 ( 14.7%) |*****************************************
[  2.1e-09:  2.6e-09) 7900 ( 15.0%) |******************************************
[  2.6e-09:  3.1e-09) 8717 ( 16.5%) |**********************************************
[  3.1e-09:  3.6e-09) 6939 ( 13.2%) |*************************************
[  3.6e-09:  4.2e-09) 3637 (  6.9%) |*******************
[  4.2e-09:  4.7e-09) 1643 (  3.1%) |*********
[  4.7e-09:  5.2e-09)  341 (  0.6%) |**

Final critical path delay (least slack): 8.20159 ns, Fmax: 121.928 MHz
Final critical path skew: -0.04243 ns
Final setup Worst Negative Slack (sWNS): -8.20159 ns
Final setup Total Negative Slack (sTNS): -139286 ns
Final setup Worst Skew (sWS): -0.04243 ns

Final setup slack histogram:
[ -8.2e-09: -7.4e-09)     1 (  0.0%) |
[ -7.4e-09: -6.6e-09)    67 (  0.1%) |
[ -6.6e-09: -5.8e-09)   187 (  0.4%) |*
[ -5.8e-09:   -5e-09)   670 (  1.3%) |**
[   -5e-09: -4.2e-09)  3343 (  6.3%) |**********
[ -4.2e-09: -3.4e-09)  9312 ( 17.6%) |****************************
[ -3.4e-09: -2.6e-09) 12303 ( 23.3%) |*************************************
[ -2.6e-09: -1.8e-09) 14850 ( 28.1%) |*********************************************
[ -1.8e-09: -9.9e-10)  7018 ( 13.3%) |*********************
[ -9.9e-10: -1.9e-10)  5011 (  9.5%) |***************

Final geomean non-virtual intra-domain period: 8.20159 ns (121.928 MHz)
Final fanout-weighted geomean non-virtual intra-domain period: 8.20159 ns (121.928 MHz)

Incr Slack updates 1 in 0.00177061 sec
Full Max Req/Worst Slack updates 1 in 0.00120763 sec
Incr Max Req/Worst Slack updates 0 in 0 sec
Incr Criticality updates 0 in 0 sec
Full Criticality updates 1 in 0.0066943 sec
Flow timing analysis took 8.99481 seconds (7.75005 STA, 1.24476 slack) (133 full updates: 114 setup, 0 hold, 19 combined).
VPR succeeded
The entire flow of VPR took 108.07 seconds (max_rss 864.1 MiB)

