VPR FPGA Placement and Routing.
Version: 9.0.0-dev+v8.0.0-18248-g40f8d19708
Revision: v8.0.0-18248-g40f8d19708
Compiled: 2026-09-22T03:43:48
Compiler: GNU 13.3.0 on Linux-5.15.0-119-generic x86_64
Build Info: release IPO VTR_ASSERT_LEVEL=2

University of Toronto
verilogtorouting.org
vtr-users@googlegroups.com
This is free open source code under MIT license.

VPR was run with the following command-line:
/inspire/hdd/project/project-public/changshunjie-253114010247/changshunjie-253114010247/workspace/DAC2027/vtr/vtr-verilog-to-routing/vpr/vpr /inspire/hdd/project/project-public/changshunjie-253114010247/changshunjie-253114010247/workspace/DAC2027/vtr/vtr-verilog-to-routing/vtr_flow/arch/COFFE_22nm/k6FracN10LB_mem20K_complexDSP_customSB_22nm.xml /inspire/hdd/project/project-public/changshunjie-253114010247/changshunjie-253114010247/workspace/DAC2027/TailCompile/experiments/vtr/runs/pilot_v1/attention_layer/full-seed1-w300/attention_layer.pre-vpr.blif --analytical_place --route --analysis --ap_full_legalizer flat-recon --ap_detailed_placer annealer --seed 11 --route_chan_width 180 --write_flat_place /inspire/hdd/project/project-public/changshunjie-253114010247/changshunjie-253114010247/workspace/DAC2027/TailCompile/vtr_work/tailcompile_v3/attention_layer/4x4/gnn_candidate-fp97212dc6-flat-recon-annealer-seed11-w180-devw88/post_route.fplace --write_legalized_flat_place /inspire/hdd/project/project-public/changshunjie-253114010247/changshunjie-253114010247/workspace/DAC2027/TailCompile/vtr_work/tailcompile_v3/attention_layer/4x4/gnn_candidate-fp97212dc6-flat-recon-annealer-seed11-w180-devw88/post_legalizer.fplace --flat_place_verbosity 1 --device_width 88 --net_file /inspire/hdd/project/project-public/changshunjie-253114010247/changshunjie-253114010247/workspace/DAC2027/TailCompile/vtr_work/tailcompile_v3/attention_layer/4x4/gnn_candidate-fp97212dc6-flat-recon-annealer-seed11-w180-devw88/attention_layer.locked-input.net --read_flat_place /inspire/hdd/global_user/changshunjie-253114010247/workspace/DAC2027/TailCompile/experiments/vtr/tailcompile_v3/attention_layer/4x4/pools/bootstrap_24/candidate_03_seed13030.fplace

Using up to 1 parallel worker(s)

Architecture file: /inspire/hdd/project/project-public/changshunjie-253114010247/changshunjie-253114010247/workspace/DAC2027/vtr/vtr-verilog-to-routing/vtr_flow/arch/COFFE_22nm/k6FracN10LB_mem20K_complexDSP_customSB_22nm.xml
Circuit name: attention_layer.pre-vpr

# Loading Architecture Description
# Loading Architecture Description took 0.04 seconds (max_rss 31.1 MiB, delta_rss +0.0 MiB)

Timing analysis: ON
Circuit netlist file: /inspire/hdd/project/project-public/changshunjie-253114010247/changshunjie-253114010247/workspace/DAC2027/TailCompile/vtr_work/tailcompile_v3/attention_layer/4x4/gnn_candidate-fp97212dc6-flat-recon-annealer-seed11-w180-devw88/attention_layer.locked-input.net
Circuit placement file: attention_layer.pre-vpr.place
Circuit routing file: attention_layer.pre-vpr.route
Circuit SDC file: attention_layer.pre-vpr.sdc
Vpr floorplanning constraints file: not specified

Packer: DISABLED
Placer: DISABLED
Analytical Placer: ENABLED
Router: ENABLED
Analysis: ENABLED

VPR was run with the following options:

netlist_opts.absorb_buffer_luts            : true
netlist_opts.sweep_dangling_primary_ios    : true
netlist_opts.sweep_dangling_nets           : true
netlist_opts.sweep_dangling_blocks         : true
netlist_opts.sweep_constant_primary_outputs: false
netlist_opts.netlist_verbosity             : 1
netlist_opts.const_gen_inference           : COMB_SEQ

AnalyticalPlacerOpts.analytical_solver_type: lp-b2b
AnalyticalPlacerOpts.partial_legalizer_type: bipartitioning
AnalyticalPlacerOpts.full_legalizer_type: flat-recon
AnalyticalPlacerOpts.detailed_placer_type: annealer
AnalyticalPlacerOpts.ap_timing_tradeoff: 0.500000
AnalyticalPlacerOpts.ap_high_fanout_threshold: 256
AnalyticalPlacerOpts.log_verbosity: 1
router_opts.route_type: DETAILED
router_opts.flat_routing: false
router_opts.choke_points: on
router_opts.router_algorithm: TIMING_DRIVEN
router_opts.base_cost_type: DELAY_NORMALIZED_LENGTH
router_opts.fixed_channel_width: 180
router_opts.check_route: FULL
router_opts.acc_fac: 1.000000
router_opts.bb_factor: 3
router_opts.bend_cost: 0.000000
router_opts.first_iter_pres_fac: 0.000000
router_opts.initial_pres_fac: 0.500000
router_opts.pres_fac_mult: 1.300000
router_opts.max_pres_fac: 1000.000000
router_opts.max_router_iterations: 50
router_opts.min_incremental_reroute_fanout: 16
router_opts.initial_acc_cost_chan_congestion_threshold: 0.500000
router_opts.initial_acc_cost_chan_congestion_weight: 0.500000
router_opts.do_check_rr_graph: true
router_opts.verify_binary_search: false
router_opts.min_channel_width_hint: 0
router_opts.read_rr_edge_metadata: false
router_opts.exit_after_first_routing_iteration: false
router_opts.astar_fac: 1.200000
router_opts.astar_offset: 0.000000
router_opts.router_profiler_astar_fac: 1.200000
router_opts.enable_parallel_connection_router: false
router_opts.post_target_prune_fac: 1.200000
router_opts.post_target_prune_offset: 0
router_opts.multi_queue_num_threads: 1
router_opts.multi_queue_num_queues: 2
router_opts.multi_queue_direct_draining: false
router_opts.criticality_exp: 1.000000
router_opts.max_criticality: 0.990000
router_opts.init_wirelength_abort_threshold: 0.850000
router_opts.incr_reroute_delay_ripup: AUTO
router_opts.save_routing_per_iteration: false
router_opts.congested_routing_iteration_threshold_frac: 1.000000
router_opts.high_fanout_threshold: 64
router_opts.router_debug_net: -2
router_opts.router_debug_sink_rr: -2
router_opts.router_debug_iteration: -2
router_opts.max_convergence_count: 1
router_opts.reconvergence_cpd_threshold: 0.990000
router_opts.update_lower_bound_delays: true
router_opts.first_iteration_timing_report_file: 
router_opts.route_bb_update: DYNAMIC
router_opts.lookahead_type: MAP
router_opts.initial_timing: LOOKAHEAD
router_opts.router_heap: FOUR_ARY_HEAP
router_opts.routing_failure_predictor = SAFE
router_opts.routing_predictor_min_history: 8
router_opts.routing_budgets_algorithm = DISABLE

analysis_opts.gen_post_synthesis_netlist: false
analysis_opts.gen_post_implementation_merged_netlist: false
analysis_opts.gen_post_implementation_sdc: false
analysis_opts.timing_report_npaths: 100
analysis_opts.timing_report_skew: false
analysis_opts.echo_dot_timing_graph_node: -1
analysis_opts.timing_report_detail: NETLIST
analysis_opts.post_synth_netlist_unconn_input_handling: UNCONNECTED
analysis_opts.post_synth_netlist_unconn_output_handling: UNCONNECTED
analysis_opts.post_synth_netlist_module_parameters: on

# Building complex block graph
# Building complex block graph took 0.10 seconds (max_rss 31.1 MiB, delta_rss +0.0 MiB)
Circuit file: /inspire/hdd/project/project-public/changshunjie-253114010247/changshunjie-253114010247/workspace/DAC2027/TailCompile/experiments/vtr/runs/pilot_v1/attention_layer/full-seed1-w300/attention_layer.pre-vpr.blif
# Load circuit
Found 4 constant generator(s) in the netlist (2 constant-zero, 2 constant-one) (run with --netlist_verbosity 2 to list names)
# Load circuit took 0.68 seconds (max_rss 134.5 MiB, delta_rss +103.4 MiB)
# Clean circuit
Absorbed 7975 LUT buffers
Found 1090 primitive output pin(s) driven only by constants; marked them as constants
Swept input(s)      : 7
Swept output(s)     : 0 (0 dangling, 0 constant)
Swept net(s)        : 10126
Swept block(s)      : 33
Constant Pins Marked: 1090
# Clean circuit took 0.17 seconds (max_rss 134.5 MiB, delta_rss +0.0 MiB)
# Compress circuit
# Compress circuit took 0.08 seconds (max_rss 134.5 MiB, delta_rss +0.0 MiB)
# Verify circuit
# Verify circuit took 0.02 seconds (max_rss 134.5 MiB, delta_rss +0.0 MiB)
Circuit Statistics:
  Blocks: 40113
    .input            :    1052
    .latch            :    8844
    .names            :   17218
        0-LUT:       3
        1-LUT:    5989
        2-LUT:     920
        3-LUT:    4530
        4-LUT:    3023
        5-LUT:    1163
        6-LUT:    1590
    .output           :      32
    adder             :    9150
    addition_fp_clk_16:       1
    dual_port_ram     :    3680
    multiply          :     136
  Nets  : 50065
    Avg Fanout:     2.9
    Max Fanout: 12525.0
    Min Fanout:     1.0
  Netlist Clocks: 1
# Build Timing Graph
  Timing Graph Nodes: 245193
  Timing Graph Edges: 446068
  Timing Graph Levels: 66
# Build Timing Graph took 0.30 seconds (max_rss 193.9 MiB, delta_rss +57.3 MiB)
Netlist contains 1 clocks
  Netlist Clock 'clk' Fanout: 12525 pins (6.5%), 12525 blocks (31.2%)
# Load Timing Constraints

SDC file 'attention_layer.pre-vpr.sdc' not found
Setting default timing constraints:
   * constrain all primary inputs and primary outputs on netlist clock 'clk'
   * optimize netlist clock to run as fast as possible
Timing constraints created 1 clocks
  Constrained Clock 'clk' Source: 'clk.inpad[0]'

# Load Timing Constraints took 0.00 seconds (max_rss 193.9 MiB, delta_rss +0.0 MiB)
# Analytical Placement
## Prepacker

There is one chain in this architecture called "chain" with the following starting points:
	clb[0]/lab[0]/fle[0]/ble5[0]/arithmetic[0]/adder[0].cin[0]

## Prepacker took 0.06 seconds (max_rss 193.9 MiB, delta_rss +0.0 MiB)
## Initializing Pre-Cluster Timing
Using inter-cluster delay: 2.1832e-09
## Initializing Pre-Cluster Timing took 0.57 seconds (max_rss 199.2 MiB, delta_rss +5.3 MiB)
## Estimate Device Size
Device layout 'auto' with fixed width 88.
FPGA sized to 88 x 88: 7744 grid tiles (auto)
## Estimate Device Size took 0.00 seconds (max_rss 199.2 MiB, delta_rss +0.0 MiB)
## Ram Mapper
Flat Placement is provided, skipping the RAM mapping.
## Ram Mapper took 0.00 seconds (max_rss 199.2 MiB, delta_rss +0.0 MiB)
## Read Atom Netlist to AP Netlist
## Read Atom Netlist to AP Netlist took 0.39 seconds (max_rss 269.7 MiB, delta_rss +70.5 MiB)
Analytical Placement Netlist Statistics:
	AP Blocks: 25061
		Moveable AP Blocks: 25061
		Fixed AP Blocks: 0
	AP Nets: 34982
		Average Fanout: 2.94
		Highest Fanout: 257
	AP Pins: 193913

## Computing placement delta delay look-up
### Build routing resource graph
### Build routing resource graph took 8.10 seconds (max_rss 807.1 MiB, delta_rss +537.4 MiB)
  RR Graph Nodes: 1754700
  RR Graph Edges: 19490640
### Computing router lookahead map
#### Computing wire lookahead
#### Computing wire lookahead took 8.55 seconds (max_rss 807.1 MiB, delta_rss +0.0 MiB)
#### Computing src/opin lookahead
Warning 1: Found no more sample locations for SOURCE in io
Warning 2: Found no more sample locations for OPIN in io
Warning 3: Found no more sample locations for SOURCE in clb
Warning 4: Found no more sample locations for OPIN in clb
Warning 5: Found no more sample locations for SOURCE in dsp_top
Warning 6: Found no more sample locations for OPIN in dsp_top
Warning 7: Found no more sample locations for SOURCE in memory
Warning 8: Found no more sample locations for OPIN in memory
#### Computing src/opin lookahead took 0.32 seconds (max_rss 807.1 MiB, delta_rss +0.0 MiB)
### Computing router lookahead map took 8.90 seconds (max_rss 807.1 MiB, delta_rss +0.0 MiB)
Serial Connection Router is being destroyed. Time spent on path search: 0.000 seconds.
## Computing placement delta delay look-up took 17.46 seconds (max_rss 807.1 MiB, delta_rss +537.4 MiB)
Flat Placement is provided in the AP flow, skipping the Global Placement.
0 of 25061 molecules placed at device center (no atoms of these molecules found in flat placement).
## AP Full Legalizer
### Creating Clusters
Device (width, height): (88,88)
#### Sorting and Grouping Blocks by Tile
#### Sorting and Grouping Blocks by Tile took 0.01 seconds (max_rss 807.1 MiB, delta_rss +0.0 MiB)
#### Reconstruction Pass Clustering
#### Reconstruction Pass Clustering took 68.48 seconds (max_rss 807.1 MiB, delta_rss +0.0 MiB)
#### Orphan Window Clustering with search radius 8
#### Orphan Window Clustering with search radius 8 took 0.02 seconds (max_rss 807.1 MiB, delta_rss +0.0 MiB)
FPGA sized to 88 x 88: 7744 grid tiles (auto)
Device Utilization: 0.28 (target 1.00)
	Block Utilization: 0.39 Type: io
	Block Utilization: 0.19 Type: clb
	Block Utilization: 0.85 Type: dsp_top
	Block Utilization: 0.75 Type: memory

----------------------------------------------------------------
                       Clustering Summary                       
----------------------------------------------------------------
Clusters created (Self Clustering)                       : 2605
    dsp_top    : 107
    memory     : 194
    clb        : 1220
    io         : 1084
Clusters created (Orphan Window Clustering)              : 13
    clb        : 13
Total clusters                                           : 2618
Percent of clusters created in Orphan Window Clustering  : 0.50%
Molecules clustered in each stage breakdown  : (Total of 25061)
	Self Clustering          (0.998963)  : 25035
 	Neighbor Clustering      (0.000000)  : 0
	Orphan Window Clustering (0.001037)  : 26
----------------------------------------------------------------

Final Clustering Statistics: 
----------   --------   ------------------------------------   --------------------------
Block Type   # Blocks   Avg. # of input clocks and pins used   Avg. # of output pins used
----------   --------   ------------------------------------   --------------------------
     EMPTY          0                                      0                            0   
        io       1084                              0.0295203                      0.97048   
       clb       1233                                27.9919                      15.3877   
   dsp_top        107                                40.9813                      20.1869   
    memory        194                                49.6598                      18.9691   
Absorbed logical nets 24200 out of 50065 nets, 25865 nets not absorbed.
#### Load packing
##### Loading packed FPGA netlist file.
Netlist generated from file '/inspire/hdd/project/project-public/changshunjie-253114010247/changshunjie-253114010247/workspace/DAC2027/TailCompile/vtr_work/tailcompile_v3/attention_layer/4x4/gnn_candidate-fp97212dc6-flat-recon-annealer-seed11-w180-devw88/attention_layer.locked-input.net'.
Detected 3 constant generators (to see names run with higher pack verbosity)
##### Loading packed FPGA netlist file. took 2.62 seconds (max_rss 808.5 MiB, delta_rss +1.4 MiB)
Warning 9: Treated 2 constant nets as global which will not be routed (to see net names increase packer verbosity).
Netlist contains 5542 global net to non-global architecture pin connections
Found 2 logic block(s) with only 1 output pin and no inputs; they may be constant generators (run with --pack_verbosity 3 to list them)
Completed clustering consistency check successfully.
Cluster level netlist and block usage statistics
Netlist num_nets: 25865
Netlist num_blocks: 2618
Netlist EMPTY blocks: 0.
Netlist io blocks: 1084.
Netlist clb blocks: 1233.
Netlist dsp_top blocks: 107.
Netlist memory blocks: 194.
Netlist inputs pins: 1052
Netlist output pins: 32

Pb types usage...
  io                   : 1084
   inpad               : 1052
   outpad              : 32
  clb                  : 1233
   lab                 : 1233
    fle                : 11239
     ble5              : 19054
      flut5            : 9904
       lut5            : 9613
        lut            : 9613
       ff              : 8130
      arithmetic       : 9150
       lut4            : 6015
        lut            : 6015
       adder           : 9150
     ble6              : 1590
      lut6             : 1590
       lut             : 1590
      ff               : 714
  dsp_top              : 107
   dsp                 : 107
    dsp_pb             : 107
     two_mult_18x19    : 136
      mult_18x19       : 136
     adder_fp16        : 1
  memory               : 194
   mem_1024x20_dp      : 194
    memory_slice       : 3680

#### Load packing took 3.04 seconds (max_rss 808.5 MiB, delta_rss +1.4 MiB)
Netlist contains 5542 global net to non-global architecture pin connections
Found 2 logic block(s) with only 1 output pin and no inputs; they may be constant generators (run with --pack_verbosity 3 to list them)
Cluster level netlist and block usage statistics
Netlist num_nets: 25865
Netlist num_blocks: 2618
Netlist EMPTY blocks: 0.
Netlist io blocks: 1084.
Netlist clb blocks: 1233.
Netlist dsp_top blocks: 107.
Netlist memory blocks: 194.
Netlist inputs pins: 1052
Netlist output pins: 32
### Creating Clusters took 72.96 seconds (max_rss 808.5 MiB, delta_rss +1.4 MiB)
Completed clustering consistency check successfully.
FPGA sized to 88 x 88: 7744 grid tiles (auto)
### Compressed grid construction
### Compressed grid construction took 0.00 seconds (max_rss 808.5 MiB, delta_rss +0.0 MiB)
### Initial Placement
Placing clusters that are part of larger macros...
Number of blocks to be placed: 16
Max distance on device: 176
---- ---------- ---------- -------------
Pass Max Displ. Num Blocks Num Blocks   
     Threshold  Placed     Left Unplaced
---- ---------- ---------- -------------
   0          0         14             2
   1          1          2             0

Placing general clusters...
Number of blocks to be placed: 2602
Max distance on device: 176
---- ---------- ---------- -------------
Pass Max Displ. Num Blocks Num Blocks   
     Threshold  Placed     Left Unplaced
---- ---------- ---------- -------------
   0          0       2587            15
   1          1          2            13
   2          2          6             7
   3          4          6             1
   4          8          1             0

### Initial Placement took 0.01 seconds (max_rss 808.5 MiB, delta_rss +0.0 MiB)
Flat Placement Reconstruction Info:
	Percent of clusters with reconstruction errors: 0.267380
	Total displacement of initial placement from flat placement: 16048.000000
	Average atom displacement of initial placement from flat placement: 0.400070
	Max atom displacement of initial placement from flat placement: 66.000000
	Percent of atoms misplaced from the flat placement: 1.585521
## AP Full Legalizer took 73.35 seconds (max_rss 808.5 MiB, delta_rss +1.4 MiB)

Resource usage...
	Netlist
		1084	blocks of type: io
	Architecture
		2752	blocks of type: io
	Netlist
		1233	blocks of type: clb
	Architecture
		6376	blocks of type: clb
	Netlist
		107	blocks of type: dsp_top
	Architecture
		126	blocks of type: dsp_top
	Netlist
		194	blocks of type: memory
	Architecture
		258	blocks of type: memory

Device Utilization: 0.28 (target 1.00)
	Physical Tile io:
	Block Utilization: 0.39 Logical Block: io
	Physical Tile clb:
	Block Utilization: 0.19 Logical Block: clb
	Physical Tile dsp_top:
	Block Utilization: 0.85 Logical Block: dsp_top
	Physical Tile memory:
	Block Utilization: 0.75 Logical Block: memory

## Computing placement delta delay look-up
RR graph channel widths unchanged, skipping RR graph rebuild
Serial Connection Router is being destroyed. Time spent on path search: 0.000 seconds.
## Computing placement delta delay look-up took 0.02 seconds (max_rss 808.5 MiB, delta_rss +0.0 MiB)
Using simple RL 'Softmax agent' for choosing move and block types

Completed placement consistency check successfully.
Initial placement cost: 1 bb_cost: 5834.97 td_cost: 1.6588e-05
Initial placement BB estimate of wirelength: 1.04962e+06
Initial placement estimated Critical Path Delay (CPD): 16.7557 ns
Initial placement estimated setup Total Negative Slack (sTNS): -126555 ns
Initial placement estimated setup Worst Negative Slack (sWNS): -16.7557 ns

Initial placement estimated setup slack histogram:
[ -1.7e-08: -1.5e-08)     2 (  0.0%) |
[ -1.5e-08: -1.3e-08)    11 (  0.0%) |
[ -1.3e-08: -1.2e-08)    36 (  0.1%) |
[ -1.2e-08:   -1e-08)   133 (  0.3%) |
[   -1e-08: -8.5e-09)   240 (  0.5%) |
[ -8.5e-09: -6.8e-09)   781 (  1.5%) |*
[ -6.8e-09: -5.2e-09)  1460 (  2.8%) |***
[ -5.2e-09: -3.5e-09)  3194 (  6.1%) |******
[ -3.5e-09: -1.8e-09) 25730 ( 48.8%) |*********************************************
[ -1.8e-09: -1.9e-10) 21175 ( 40.1%) |*************************************
Placement contains 8 placement macros involving 16 blocks (average macro size 2.000000)

Moves per temperature: 18036
## AP Detailed Placer

---- ------ ------- ------- ---------- ---------- ------- ---------- -------- ------- ------- ------ -------- --------- ------
Tnum  Time     T    AvCost  Av BB Cost Av TD Cost   CPD      sTNS      sWNS   AcRate  StdDev  R lim  CritExp  TotMoves  Alpha 
     (sec)                                          (ns)     (ns)      (ns)                                                   
---- ------ ------- ------- ---------- ---------- ------- ---------- -------- ------- ------- ------ -------- --------- ------
   1    0.2 7.8e-04   0.990    4943.27 1.5543e-05  14.076  -1.18e+05  -14.076   0.839  0.0227   87.0     1.00      18036  1.000
   2    0.2 7.0e-04   0.982    4775.06 1.837e-05   11.610  -1.21e+05  -11.610   0.828  0.0085   87.0     1.00      36072  0.900
   3    0.2 6.3e-04   0.974    4728.23 1.7443e-05  12.143  -1.19e+05  -12.143   0.816  0.0134   87.0     1.00      54108  0.900
   4    0.2 5.7e-04   0.970    4517.42 1.9249e-05  10.663  -1.18e+05  -10.663   0.803  0.0171   87.0     1.00      72144  0.900
   5    0.2 5.1e-04   0.970    4276.30 1.7306e-05  11.494  -1.15e+05  -11.494   0.782  0.0144   87.0     1.00      90180  0.900
   6    0.2 4.8e-04   0.957    3996.10 1.7004e-05  11.110  -1.21e+05  -11.110   0.770  0.0166   87.0     1.00     108216  0.950
   7    0.2 4.6e-04   0.944    3700.32 1.5762e-05  11.414  -1.13e+05  -11.414   0.761  0.0252   87.0     1.00     126252  0.950
   8    0.2 4.4e-04   0.968    3418.92 1.4172e-05  11.980  -1.13e+05  -11.980   0.741  0.0148   87.0     1.00     144288  0.950
   9    0.2 4.2e-04   0.976    3194.92 1.5081e-05  10.699  -1.09e+05  -10.699   0.727  0.0167   87.0     1.00     162324  0.950
  10    0.2 3.9e-04   0.976    3080.53 1.6013e-05   9.873  -1.13e+05   -9.873   0.716  0.0090   87.0     1.00     180360  0.950
  11    0.2 3.7e-04   0.985    2999.93 1.5279e-05  10.178   -1.1e+05  -10.178   0.715  0.0063   87.0     1.00     198396  0.950
  12    0.2 3.6e-04   0.972    2957.59 1.4644e-05  10.623  -1.09e+05  -10.623   0.712  0.0114   87.0     1.00     216432  0.950
  13    0.2 3.4e-04   0.975    2835.52 1.51e-05    10.018  -1.09e+05  -10.018   0.691  0.0152   87.0     1.00     234468  0.950
  14    0.2 3.2e-04   0.987    2718.45 1.4929e-05   9.807  -1.09e+05   -9.807   0.690  0.0059   87.0     1.00     252504  0.950
  15    0.2 3.1e-04   0.967    2631.34 1.4406e-05  10.013  -1.07e+05  -10.013   0.685  0.0117   87.0     1.00     270540  0.950
  16    0.2 2.9e-04   0.978    2532.49 1.3442e-05  10.550  -1.11e+05  -10.550   0.675  0.0115   87.0     1.00     288576  0.950
  17    0.2 2.8e-04   0.984    2457.09 1.4733e-05   9.415  -1.08e+05   -9.415   0.663  0.0082   87.0     1.00     306612  0.950
  18    0.2 2.6e-04   0.990    2417.55 1.3894e-05   9.865  -1.07e+05   -9.865   0.653  0.0045   87.0     1.00     324648  0.950
  19    0.2 2.5e-04   0.983    2353.35 1.4026e-05   9.661  -1.07e+05   -9.661   0.647  0.0060   87.0     1.00     342684  0.950
  20    0.2 2.4e-04   0.988    2321.21 1.5211e-05   8.871  -1.08e+05   -8.871   0.639  0.0045   87.0     1.00     360720  0.950
  21    0.2 2.2e-04   0.987    2282.59 1.3369e-05  10.022  -1.09e+05  -10.022   0.633  0.0037   87.0     1.00     378756  0.950
  22    0.2 2.1e-04   0.985    2238.92 1.4101e-05   9.400  -1.07e+05   -9.400   0.624  0.0071   87.0     1.00     396792  0.950
  23    0.2 2.0e-04   0.984    2183.95 1.1896e-05  10.976  -1.08e+05  -10.976   0.609  0.0081   87.0     1.00     414828  0.950
  24    0.2 1.9e-04   0.989    2160.77 1.3983e-05   9.221  -1.06e+05   -9.221   0.603  0.0045   87.0     1.00     432864  0.950
  25    0.2 1.8e-04   0.985    2127.62 1.4451e-05   8.900  -1.06e+05   -8.900   0.598  0.0086   87.0     1.00     450900  0.950
  26    0.2 1.7e-04   0.993    2082.72 1.3169e-05   9.588  -1.06e+05   -9.588   0.591  0.0033   87.0     1.00     468936  0.950
  27    0.2 1.6e-04   0.987    2060.57 1.4223e-05   8.803  -1.07e+05   -8.803   0.584  0.0041   87.0     1.00     486972  0.950
  28    0.2 1.6e-04   0.991    2041.23 1.3999e-05   8.866  -1.06e+05   -8.866   0.562  0.0030   87.0     1.00     505008  0.950
  29    0.2 1.5e-04   0.992    2033.88 1.3891e-05   8.937  -1.04e+05   -8.937   0.561  0.0047   87.0     1.00     523044  0.950
  30    0.2 1.4e-04   0.991    2016.02 1.3099e-05   9.408  -1.05e+05   -9.408   0.554  0.0050   87.0     1.00     541080  0.950
  31    0.2 1.3e-04   0.988    1993.23 1.3307e-05   9.213  -1.04e+05   -9.213   0.556  0.0062   87.0     1.00     559116  0.950
  32    0.2 1.3e-04   0.988    1951.92 1.3482e-05   8.974  -1.04e+05   -8.974   0.533  0.0066   87.0     1.00     577152  0.950
  33    0.2 1.2e-04   0.990    1931.89 1.4214e-05   8.409  -1.04e+05   -8.409   0.524  0.0039   87.0     1.00     595188  0.950
  34    0.2 1.2e-04   0.987    1900.18 1.4023e-05   8.488  -1.05e+05   -8.488   0.507  0.0047   87.0     1.00     613224  0.950
  35    0.2 1.1e-04   0.991    1884.89 1.3792e-05   8.550  -1.04e+05   -8.550   0.499  0.0025   87.0     1.00     631260  0.950
  36    0.2 1.0e-04   0.992    1881.32 1.3577e-05   8.629  -1.04e+05   -8.629   0.489  0.0021   87.0     1.00     649296  0.950
  37    0.2 9.9e-05   0.989    1866.27 1.3759e-05   8.530  -1.04e+05   -8.530   0.481  0.0053   87.0     1.00     667332  0.950
  38    0.2 9.4e-05   0.987    1847.28 1.3373e-05   8.763  -1.03e+05   -8.763   0.471  0.0039   87.0     1.00     685368  0.950
  39    0.2 8.9e-05   0.992    1835.14 1.3896e-05   8.293  -1.03e+05   -8.293   0.457  0.0043   87.0     1.00     703404  0.950
  40    0.2 8.5e-05   0.992    1808.59 1.2456e-05   9.166  -1.01e+05   -9.166   0.446  0.0029   87.0     1.00     721440  0.950
  41    0.2 8.0e-05   0.990    1792.93 1.3347e-05   8.530  -1.01e+05   -8.530   0.428  0.0028   87.0     1.00     739476  0.950
  42    0.2 7.6e-05   0.991    1780.82 1.241e-05    8.475  -1.01e+05   -8.475   0.420  0.0033   85.9     1.09     757512  0.950
  43    0.2 7.3e-05   0.990    1768.05 1.1067e-05   8.455  -1.02e+05   -8.455   0.413  0.0044   84.2     1.22     775548  0.950
  44    0.2 6.9e-05   0.990    1740.89 8.0898e-06   9.418  -1.01e+05   -9.418   0.391  0.0038   81.9     1.41     793584  0.950
  45    0.2 6.6e-05   0.993    1737.04 6.7532e-06   8.966  -1.02e+05   -8.966   0.400  0.0027   78.0     1.74     811620  0.950
  46    0.2 6.2e-05   0.991    1721.72 6.831e-06    8.061  -1.02e+05   -8.061   0.376  0.0035   74.9     1.99     829656  0.950
  47    0.2 5.9e-05   0.989    1707.61 5.0414e-06   8.318  -1.03e+05   -8.318   0.376  0.0049   70.1     2.38     847692  0.950
  48    0.2 5.6e-05   0.989    1691.77 3.8814e-06   8.420  -1.03e+05   -8.420   0.371  0.0039   65.6     2.74     865728  0.950
  49    0.2 5.3e-05   0.993    1687.36 3.4229e-06   8.162  -1.04e+05   -8.162   0.359  0.0028   61.1     3.11     883764  0.950
  50    0.2 5.1e-05   0.990    1674.01 2.1399e-06   8.781  -1.07e+05   -8.781   0.351  0.0046   56.2     3.51     901800  0.950
  51    0.2 4.8e-05   0.992    1651.39 2.2913e-06   8.098  -1.03e+05   -8.098   0.336  0.0034   51.2     3.91     919836  0.950
  52    0.2 4.6e-05   0.994    1649.50 1.9947e-06   8.026  -1.06e+05   -8.026   0.331  0.0034   45.9     4.35     937872  0.950
  53    0.2 4.3e-05   0.995    1636.57 1.629e-06    7.996  -1.06e+05   -7.996   0.314  0.0019   40.9     4.75     955908  0.950
  54    0.2 4.1e-05   0.995    1628.20 1.2806e-06   8.089  -1.06e+05   -8.089   0.314  0.0026   35.7     5.17     973944  0.950
  55    0.2 3.9e-05   0.995    1621.83 8.1946e-07   8.513  -1.04e+05   -8.513   0.315  0.0023   31.2     5.54     991980  0.950
  56    0.2 3.7e-05   0.996    1613.11 1.0263e-06   7.996  -1.05e+05   -7.996   0.308  0.0017   27.3     5.86    1010016  0.950
  57    0.2 3.5e-05   0.996    1610.23 9.0098e-07   7.996  -1.07e+05   -7.996   0.307  0.0023   23.7     6.15    1028052  0.950
  58    0.2 3.4e-05   0.994    1591.64 8.0429e-07   7.996  -1.09e+05   -7.996   0.286  0.0027   20.5     6.41    1046088  0.950
  59    0.2 3.2e-05   0.996    1579.04 7.2865e-07   7.996  -1.09e+05   -7.996   0.278  0.0017   17.4     6.67    1064124  0.950
  60    0.2 3.0e-05   0.995    1571.76 6.5661e-07   7.996   -1.1e+05   -7.996   0.278  0.0020   14.6     6.90    1082160  0.950
  61    0.2 2.9e-05   0.991    1556.81 2.4117e-07   9.210  -1.08e+05   -9.210   0.297  0.0046   12.2     7.09    1100196  0.950
  62    0.2 2.7e-05   0.995    1542.04 5.8252e-07   7.966  -1.07e+05   -7.966   0.281  0.0027   10.5     7.23    1118232  0.950
  63    0.2 2.6e-05   0.997    1533.93 5.4815e-07   7.966  -1.08e+05   -7.966   0.284  0.0019    8.8     7.37    1136268  0.950
  64    0.2 2.5e-05   0.998    1530.56 5.1565e-07   7.966  -1.06e+05   -7.966   0.277  0.0016    7.4     7.48    1154304  0.950
  65    0.2 2.3e-05   0.997    1520.79 4.8188e-07   7.966  -1.06e+05   -7.966   0.267  0.0017    6.2     7.58    1172340  0.950
  66    0.2 2.2e-05   0.998    1512.22 4.7189e-07   7.966  -1.05e+05   -7.966   0.259  0.0013    5.1     7.66    1190376  0.950
  67    0.2 2.1e-05   0.998    1507.18 4.3737e-07   8.030  -1.06e+05   -8.030   0.250  0.0010    4.2     7.74    1208412  0.950
  68    0.2 2.0e-05   0.997    1502.22 4.1779e-07   8.030  -1.06e+05   -8.030   0.255  0.0015    3.4     7.80    1226448  0.950
  69    0.2 1.9e-05   0.998    1495.74 4.0443e-07   8.030  -1.06e+05   -8.030   0.259  0.0012    2.8     7.86    1244484  0.950
  70    0.2 1.8e-05   0.997    1486.81 3.962e-07    8.030  -1.06e+05   -8.030   0.249  0.0012    2.3     7.90    1262520  0.950
  71    0.2 1.7e-05   0.998    1482.41 3.9039e-07   8.030  -1.06e+05   -8.030   0.262  0.0009    1.8     7.93    1280556  0.950
  72    0.2 1.6e-05   0.998    1480.39 3.8687e-07   8.030  -1.06e+05   -8.030   0.253  0.0010    1.5     7.96    1298592  0.950
  73    0.2 1.6e-05   0.998    1474.26 3.7837e-07   8.039  -1.06e+05   -8.039   0.246  0.0011    1.2     7.98    1316628  0.950
  74    0.2 1.5e-05   0.999    1471.75 3.7253e-07   8.030  -1.06e+05   -8.030   0.237  0.0003    1.0     8.00    1334664  0.950
  75    0.2 1.4e-05   0.998    1468.85 3.7618e-07   8.030  -1.06e+05   -8.030   0.226  0.0007    1.0     8.00    1352700  0.950
  76    0.2 1.3e-05   0.998    1466.85 3.725e-07    8.030  -1.06e+05   -8.030   0.222  0.0005    1.0     8.00    1370736  0.950
  77    0.2 1.3e-05   0.998    1463.73 3.7426e-07   8.030  -1.06e+05   -8.030   0.215  0.0008    1.0     8.00    1388772  0.950
  78    0.2 1.2e-05   0.998    1461.18 3.7289e-07   8.030  -1.07e+05   -8.030   0.208  0.0008    1.0     8.00    1406808  0.950
  79    0.2 1.1e-05   1.000    1459.94 3.7138e-07   8.030  -1.06e+05   -8.030   0.200  0.0002    1.0     8.00    1424844  0.950
  80    0.2 1.1e-05   0.999    1458.88 3.7016e-07   8.030  -1.06e+05   -8.030   0.203  0.0006    1.0     8.00    1442880  0.950
  81    0.2 1.0e-05   0.999    1455.98 3.6877e-07   8.030  -1.06e+05   -8.030   0.191  0.0006    1.0     8.00    1460916  0.950
  82    0.2 9.8e-06   0.999    1453.80 3.6415e-07   8.030  -1.06e+05   -8.030   0.193  0.0004    1.0     8.00    1478952  0.950
  83    0.2 9.3e-06   0.999    1451.49 3.6326e-07   8.030  -1.06e+05   -8.030   0.181  0.0006    1.0     8.00    1496988  0.950
  84    0.2 8.9e-06   0.999    1448.43 3.6366e-07   8.030  -1.05e+05   -8.030   0.181  0.0003    1.0     8.00    1515024  0.950
  85    0.2 8.4e-06   0.999    1447.51 3.6538e-07   8.030  -1.06e+05   -8.030   0.178  0.0003    1.0     8.00    1533060  0.950
  86    0.2 8.0e-06   0.999    1447.70 3.6448e-07   8.030  -1.06e+05   -8.030   0.176  0.0003    1.0     8.00    1551096  0.950
  87    0.2 7.6e-06   0.999    1446.65 3.6297e-07   8.030  -1.06e+05   -8.030   0.170  0.0003    1.0     8.00    1569132  0.950
  88    0.2 7.2e-06   0.999    1445.79 3.6198e-07   8.030  -1.05e+05   -8.030   0.170  0.0002    1.0     8.00    1587168  0.950
  89    0.2 6.9e-06   0.999    1445.08 3.6302e-07   8.030  -1.05e+05   -8.030   0.170  0.0002    1.0     8.00    1605204  0.950
  90    0.2 6.5e-06   1.000    1444.72 3.6273e-07   8.030  -1.05e+05   -8.030   0.164  0.0002    1.0     8.00    1623240  0.950
  91    0.2 6.2e-06   0.999    1443.42 3.636e-07    8.030  -1.05e+05   -8.030   0.167  0.0003    1.0     8.00    1641276  0.950
  92    0.2 5.9e-06   0.999    1442.27 3.6245e-07   8.030  -1.06e+05   -8.030   0.162  0.0002    1.0     8.00    1659312  0.950
  93    0.2 5.6e-06   1.000    1442.10 3.6244e-07   8.030  -1.05e+05   -8.030   0.163  0.0002    1.0     8.00    1677348  0.950
  94    0.2 5.3e-06   1.000    1441.57 3.6242e-07   8.030  -1.06e+05   -8.030   0.157  0.0002    1.0     8.00    1695384  0.950
  95    0.2 5.0e-06   0.999    1441.02 3.6198e-07   8.030  -1.06e+05   -8.030   0.157  0.0002    1.0     8.00    1713420  0.950
  96    0.2 4.8e-06   1.000    1440.27 3.6171e-07   8.030  -1.06e+05   -8.030   0.158  0.0002    1.0     8.00    1731456  0.950
  97    0.2 4.5e-06   1.000    1439.56 3.6152e-07   8.030  -1.06e+05   -8.030   0.154  0.0002    1.0     8.00    1749492  0.950
  98    0.2 4.3e-06   1.000    1439.17 3.5992e-07   8.030  -1.06e+05   -8.030   0.153  0.0001    1.0     8.00    1767528  0.950
  99    0.2 4.1e-06   1.000    1439.25 3.6053e-07   8.030  -1.05e+05   -8.030   0.147  0.0001    1.0     8.00    1785564  0.950
Agent's 2nd state: 
 100    0.2 3.3e-06   1.000    1438.62 3.6029e-07   8.030  -1.06e+05   -8.030   0.143  0.0002    1.0     8.00    1803600  0.800
Checkpoint saved: bb_costs=1438.26, TD costs=3.58267e-07, CPD=  8.030 (ns) 
 101    0.2 2.6e-06   1.000    1437.77 3.5821e-07   8.030  -1.05e+05   -8.030   0.106  0.0001    1.0     8.00    1821636  0.800
 102    0.2 2.1e-06   1.000    1437.46 3.5883e-07   8.030  -1.05e+05   -8.030   0.105  0.0001    1.0     8.00    1839672  0.800
 103    0.2 1.7e-06   1.000    1436.91 3.5901e-07   8.030  -1.06e+05   -8.030   0.103  0.0001    1.0     8.00    1857708  0.800
 104    0.2 1.3e-06   1.000    1436.30 3.5911e-07   8.030  -1.06e+05   -8.030   0.101  0.0001    1.0     8.00    1875744  0.800
 105    0.2 1.1e-06   1.000    1435.92 3.5926e-07   8.030  -1.06e+05   -8.030   0.099  0.0001    1.0     8.00    1893780  0.800
 106    0.2 8.6e-07   1.000    1435.89 3.5823e-07   8.030  -1.06e+05   -8.030   0.093  0.0001    1.0     8.00    1911816  0.800
 107    0.2 6.9e-07   1.000    1435.59 3.5875e-07   8.030  -1.05e+05   -8.030   0.096  0.0001    1.0     8.00    1929852  0.800
 108    0.2 5.5e-07   1.000    1435.48 3.5777e-07   8.030  -1.05e+05   -8.030   0.093  0.0001    1.0     8.00    1947888  0.800
 109    0.2 4.4e-07   1.000    1435.30 3.5773e-07   8.030  -1.05e+05   -8.030   0.096  0.0001    1.0     8.00    1965924  0.800
 110    0.2 3.5e-07   1.000    1435.17 3.5704e-07   8.030  -1.05e+05   -8.030   0.092  0.0001    1.0     8.00    1983960  0.800
 111    0.2 2.8e-07   1.000    1435.00 3.5661e-07   8.030  -1.05e+05   -8.030   0.090  0.0001    1.0     8.00    2001996  0.800
 112    0.2 2.3e-07   1.000    1434.90 3.5667e-07   8.030  -1.05e+05   -8.030   0.091  0.0001    1.0     8.00    2020032  0.800
 113    0.2 0.0e+00   1.000    1434.72 3.5583e-07   8.030  -1.05e+05   -8.030   0.046  0.0000    1.0     8.00    2038068  0.800
### Placement Quench took 0.22 seconds (max_rss 808.5 MiB)
post-quench CPD = 8.0299 (ns) 

Completed placement consistency check successfully.

Swaps called: 2040686

Aborted Move Reasons:
  duplicate block move to location: 22
  macro move to location illegal: 2
  macro_from swap to location illegal: 1101

BB estimate of min-dist (placement) wire length: 258032

Placement estimated critical path delay (least slack): 8.0299 ns, Fmax: 124.535 MHz
Placement estimated critical path skew: -0.04243 ns
Placement estimated setup Worst Negative Slack (sWNS): -8.0299 ns
Placement estimated setup Total Negative Slack (sTNS): -104953 ns
Placement estimated setup Worst Skew (sWS): -0.04243 ns

Placement estimated setup slack histogram:
[   -8e-09: -7.2e-09)     5 (  0.0%) |
[ -7.2e-09: -6.5e-09)    63 (  0.1%) |
[ -6.5e-09: -5.7e-09)   191 (  0.4%) |
[ -5.7e-09: -4.9e-09)   504 (  1.0%) |*
[ -4.9e-09: -4.1e-09)   626 (  1.2%) |*
[ -4.1e-09: -3.3e-09)  1886 (  3.6%) |****
[ -3.3e-09: -2.5e-09)  6627 ( 12.6%) |**************
[ -2.5e-09: -1.8e-09) 20595 ( 39.0%) |*********************************************
[ -1.8e-09: -9.8e-10) 16258 ( 30.8%) |************************************
[ -9.8e-10: -1.9e-10)  6007 ( 11.4%) |*************

Placement estimated geomean non-virtual intra-domain period: 8.0299 ns (124.535 MHz)
Placement estimated fanout-weighted geomean non-virtual intra-domain period: 8.0299 ns (124.535 MHz)

Placement cost: 0.999884, bb_cost: 1434.67, td_cost: 3.56502e-07, 

Placement resource usage:
  io      implemented as io     : 1084
  clb     implemented as clb    : 1233
  dsp_top implemented as dsp_top: 107
  memory  implemented as memory : 194

Placement number of temperatures: 113
Placement total # of swap attempts: 2040686
	Swaps accepted:  756450 (37.1 %)
	Swaps rejected: 1274360 (62.4 %)
	Swaps aborted:    9876 ( 0.5 %)


Placement perturbation distribution by block and move type: 
------------------ ----------------- ---------------- ---------------- --------------- ------------ 
    Block Type         Move Type       (%) of Total      Accepted(%)     Rejected(%)    Aborted(%)
------------------ ----------------- ---------------- ---------------- --------------- ------------ 
io                 Uniform                9.87             54.33           45.67          0.00         
                   Median                 9.81             61.43           37.77          0.80         
                   Centroid               9.82             61.69           38.30          0.00         
                   W. Centroid            9.82             61.72           38.28          0.00         
                   W. Median              0.67             25.48           73.64          0.89         

clb                Uniform                11.20            6.88            93.01          0.11         
                   Median                 11.24            35.69           63.54          0.77         
                   Centroid               11.20            33.25           66.64          0.11         
                   W. Centroid            11.24            34.26           65.62          0.12         
                   W. Median              0.77             2.55            96.61          0.84         
                   Crit. Uniform          1.63             1.89            98.11          0.00         
                   Feasible Region        1.65             1.34            98.66          0.00         

dsp_top            Uniform                0.98             1.86            98.14          0.00         
                   Median                 0.96             4.38            90.92          4.70         
                   Centroid               0.96             4.25            90.92          4.83         
                   W. Centroid            0.97             4.13            90.81          5.06         
                   W. Median              0.07             0.30            87.47          12.23        

memory             Uniform                1.76             7.26            92.74          0.00         
                   Median                 1.76             14.72           81.36          3.92         
                   Centroid               1.77             12.16           85.63          2.21         
                   W. Centroid            1.75             12.03           87.97          0.00         
                   W. Median              0.12             3.52            87.22          9.26         


Placement Quench timing analysis took 0.0593042 seconds (0.0511857 STA, 0.00811849 slack) (1 full updates: 1 setup, 0 hold, 0 combined).
Placement Total  timing analysis took 7.48734 seconds (6.32342 STA, 1.16392 slack) (115 full updates: 115 setup, 0 hold, 0 combined).
update_td_costs: connections 0.0407183 nets 0 sum_nets 0.0219921 total 0.0629684
## AP Detailed Placer took 25.84 seconds (max_rss 818.5 MiB, delta_rss +10.1 MiB)
Incr Slack updates 115 in 0.237443 sec
Full Max Req/Worst Slack updates 37 in 0.0602541 sec
Incr Max Req/Worst Slack updates 78 in 0.159557 sec
Incr Criticality updates 53 in 0.217124 sec
Full Criticality updates 62 in 0.351948 sec
Incr Slack updates 1 in 0.00292782 sec
Full Max Req/Worst Slack updates 1 in 0.00156118 sec
Incr Max Req/Worst Slack updates 0 in 0 sec
Incr Criticality updates 0 in 0 sec
Full Criticality updates 1 in 0.0115515 sec
# Analytical Placement took 118.49 seconds (max_rss 818.5 MiB, delta_rss +624.7 MiB)


# Routing
RR graph channel widths unchanged, skipping RR graph rebuild
## Initializing router criticalities
Initial Net Connection Criticality Histogram:
[        0:      0.1) 7100 ( 14.6%) |***************************************
[      0.1:      0.2) 8307 ( 17.1%) |**********************************************
[      0.2:      0.3) 7768 ( 16.0%) |*******************************************
[      0.3:      0.4) 2990 (  6.2%) |*****************
[      0.4:      0.5) 6987 ( 14.4%) |***************************************
[      0.5:      0.6) 7479 ( 15.4%) |*****************************************
[      0.6:      0.7) 5709 ( 11.8%) |********************************
[      0.7:      0.8) 1575 (  3.2%) |*********
[      0.8:      0.9)  593 (  1.2%) |***
[      0.9:        1)   57 (  0.1%) |
## Initializing router criticalities took 0.74 seconds (max_rss 818.5 MiB, delta_rss +0.0 MiB)
---- ------ ------- ---- ------- ------- ------- ----------------- --------------- -------- ---------- ---------- ---------- ---------- --------
Iter   Time    pres  BBs    Heap  Re-Rtd  Re-Rtd Overused RR Nodes      Wirelength      CPD       sTNS       sWNS       hTNS       hWNS Est Succ
      (sec)     fac Updt    push    Nets   Conns                                       (ns)       (ns)       (ns)       (ns)       (ns)     Iter
---- ------ ------- ---- ------- ------- ------- ----------------- --------------- -------- ---------- ---------- ---------- ---------- --------
   1    1.3     0.0    0 6168585   25862   41715   20886 ( 1.190%)  406238 (15.1%)    9.652 -1.634e+05     -9.652      0.000      0.000      N/A
   2    1.2     0.5    0 5209806   17395   31301    8746 ( 0.498%)  405411 (15.1%)    7.815 -1.448e+05     -7.815      0.000      0.000      N/A
   3    0.8     0.6    0 3286970   10862   20778    6664 ( 0.380%)  408890 (15.2%)    7.815 -1.465e+05     -7.815      0.000      0.000      N/A
   4    0.7     0.8    0 2430801    8558   16860    4836 ( 0.276%)  411535 (15.3%)    7.815 -1.456e+05     -7.815      0.000      0.000      N/A
   5    0.5     1.1    0 1586459    6568   13333    3565 ( 0.203%)  413048 (15.3%)    7.815 -1.458e+05     -7.815      0.000      0.000      N/A
   6    0.4     1.4    0 1090574    5085   10721    2713 ( 0.155%)  414804 (15.4%)    7.815 -1.447e+05     -7.815      0.000      0.000      N/A
   7    0.3     1.9    0  751280    3844    8381    1881 ( 0.107%)  416982 (15.5%)    7.815 -1.446e+05     -7.815      0.000      0.000      N/A
   8    0.3     2.4    0  535343    2734    6239    1242 ( 0.071%)  418979 (15.6%)    7.815 -1.447e+05     -7.815      0.000      0.000      N/A
   9    0.2     3.1    0  370770    1854    4489     794 ( 0.045%)  420536 (15.6%)    7.815 -1.448e+05     -7.815      0.000      0.000       27
  10    0.2     4.1    0  251671    1195    2960     441 ( 0.025%)  422037 (15.7%)    7.815 -1.448e+05     -7.815      0.000      0.000       24
  11    0.2     5.3    0  149977     658    1605     236 ( 0.013%)  422979 (15.7%)    7.815 -1.448e+05     -7.815      0.000      0.000       22
  12    0.2     6.9    0   83499     333     764     103 ( 0.006%)  423493 (15.7%)    7.815 -1.448e+05     -7.815      0.000      0.000       20
  13    0.1     9.0    0   46944     147     351      38 ( 0.002%)  423852 (15.7%)    7.815 -1.448e+05     -7.815      0.000      0.000       19
  14    0.1    11.6    0   19700      50     127       9 ( 0.001%)  424006 (15.7%)    7.815 -1.448e+05     -7.815      0.000      0.000       17
  15    0.1    15.1    0    4887      13      38       4 ( 0.000%)  424026 (15.7%)    7.815 -1.448e+05     -7.815      0.000      0.000       17
  16    0.1    19.7    0    4089       7      18       1 ( 0.000%)  424050 (15.7%)    7.815 -1.448e+05     -7.815      0.000      0.000       16
  17    0.1    25.6    0    1739       1       2       0 ( 0.000%)  424070 (15.7%)    7.815 -1.448e+05     -7.815      0.000      0.000      N/A
Restoring best routing
Critical path: 7.81484 ns
Successfully routed after 17 routing iterations.
Final Net Connection Criticality Histogram:
[        0:      0.1) 7457 ( 15.4%) |*************************************
[      0.1:      0.2) 5365 ( 11.0%) |**************************
[      0.2:      0.3) 7910 ( 16.3%) |***************************************
[      0.3:      0.4) 4264 (  8.8%) |*********************
[      0.4:      0.5) 5116 ( 10.5%) |*************************
[      0.5:      0.6) 9323 ( 19.2%) |**********************************************
[      0.6:      0.7) 5588 ( 11.5%) |****************************
[      0.7:      0.8) 2641 (  5.4%) |*************
[      0.8:      0.9)  737 (  1.5%) |****
[      0.9:        1)  164 (  0.3%) |*
Router Stats: total_nets_routed: 85166 total_connections_routed: 159682 total_heap_pushes: 21993094 total_heap_pops: 5959130 
Serial Connection Router is being destroyed. Time spent on path search: 3.625 seconds.
# Routing took 8.01 seconds (max_rss 843.6 MiB, delta_rss +25.1 MiB)

Checking to ensure routing is legal...
# Checking to ensure non-configurable edges are legal
# Checking to ensure non-configurable edges are legal took 0.12 seconds (max_rss 843.6 MiB, delta_rss +0.0 MiB)
Completed routing consistency check successfully.

Serial number (magic cookie) for the routing is: 532984391
Circuit successfully routed with a channel width factor of 180.
Incr Slack updates 18 in 0.0351517 sec
Full Max Req/Worst Slack updates 2 in 0.00320188 sec
Incr Max Req/Worst Slack updates 16 in 0.0331394 sec
Incr Criticality updates 15 in 0.0587362 sec
Full Criticality updates 3 in 0.0249894 sec
# Synchronize the packed netlist to routing optimization
## Annotating rr_node with routed nets
## Annotating rr_node with routed nets took 0.00 seconds (max_rss 843.6 MiB, delta_rss +0.0 MiB)
Found 44059 mismatches between routing and packing results.
Fixed 30810 routing traces due to mismatch between routing and packing results.
# Synchronize the packed netlist to routing optimization took 0.34 seconds (max_rss 843.6 MiB, delta_rss +0.0 MiB)
Final Clustering Statistics: 
----------   --------   ------------------------------------   --------------------------
Block Type   # Blocks   Avg. # of input clocks and pins used   Avg. # of output pins used
----------   --------   ------------------------------------   --------------------------
     EMPTY          0                                      0                            0   
        io       1084                              0.0295203                      0.97048   
       clb       1233                                27.9919                      15.3877   
   dsp_top        107                                40.9813                      20.1869   
    memory        194                                49.6598                      18.9691   
Absorbed logical nets 24200 out of 50065 nets, 25865 nets not absorbed.


Average number of bends per net: 1.56624  Maximum # of bends: 273

Number of global nets: 3
Number of routed nets (nonglobal): 25862
Wire length results (in units of 1 clb segments)...
	Total wirelength: 424070, average net length: 16.3974
	Maximum net length: 2388

Wire length results in terms of physical segments...
	Total wiring segments used: 93975, average wire segments per net: 3.63371
	Maximum segments used by a net: 514
	Total local nets with reserved CLB opins: 0
Total number of nets absorbed: 8

Routing channel utilization histogram:
[        1:      inf)    0 (  0.0%) |
[      0.9:        1)    0 (  0.0%) |
[      0.8:      0.9)    0 (  0.0%) |
[      0.7:      0.8)   19 (  0.1%) |
[      0.5:      0.6)  217 (  1.4%) |*
[      0.4:      0.5)  743 (  4.9%) |*****
[      0.3:      0.4) 1471 (  9.7%) |**********
[      0.2:      0.3) 2377 ( 15.7%) |****************
[      0.1:      0.2) 3314 ( 21.9%) |**********************
[        0:      0.1) 6997 ( 46.2%) |**********************************************
Maximum routing channel utilization:      0.68 at (37,55)

X - Directed channels: layer   y   max occ   ave occ   ave cap
                        ----- ---- -------- -------- --------
                            0    0       64   26.500      180
                            0    1        4    0.326      180
                            0    2        9    1.186      180
                            0    3       26    3.279      180
                            0    4       37    5.500      180
                            0    5       43    5.733      180
                            0    6       47    9.221      180
                            0    7       56   13.826      180
                            0    8       46    9.698      180
                            0    9       38    8.535      180
                            0   10       51   10.791      180
                            0   11       57   16.547      180
                            0   12       62   20.698      180
                            0   13       65   19.663      180
                            0   14       49   17.953      180
                            0   15       65   19.047      180
                            0   16       55   20.919      180
                            0   17       59   16.581      180
                            0   18       65   23.035      180
                            0   19       58   24.709      180
                            0   20       72   24.430      180
                            0   21       64   21.570      180
                            0   22       49   22.221      180
                            0   23       44   22.128      180
                            0   24       58   16.814      180
                            0   25       57   22.279      180
                            0   26       75   29.802      180
                            0   27       81   27.081      180
                            0   28       60   24.000      180
                            0   29       57   21.128      180
                            0   30       77   25.198      180
                            0   31       88   24.756      180
                            0   32       89   27.047      180
                            0   33       69   26.453      180
                            0   34       75   25.488      180
                            0   35       74   28.337      180
                            0   36       56   25.744      180
                            0   37       65   27.453      180
                            0   38       98   35.023      180
                            0   39       83   29.233      180
                            0   40       56   23.884      180
                            0   41       87   32.128      180
                            0   42       88   37.407      180
                            0   43       89   39.372      180
                            0   44       90   47.570      180
                            0   45      106   56.360      180
                            0   46       88   54.349      180
                            0   47       91   47.477      180
                            0   48      110   38.779      180
                            0   49       78   37.500      180
                            0   50       84   40.070      180
                            0   51      104   40.279      180
                            0   52      100   37.686      180
                            0   53      101   38.151      180
                            0   54       90   38.698      180
                            0   55      104   44.907      180
                            0   56       94   40.953      180
                            0   57      101   46.791      180
                            0   58      113   53.605      180
                            0   59       93   48.872      180
                            0   60       99   44.884      180
                            0   61      105   50.500      180
                            0   62      103   52.291      180
                            0   63       90   49.430      180
                            0   64      103   50.140      180
                            0   65      109   50.465      180
                            0   66       98   42.581      180
                            0   67       77   34.058      180
                            0   68       83   29.163      180
                            0   69       71   21.953      180
                            0   70       75   22.616      180
                            0   71       86   20.140      180
                            0   72       67   19.267      180
                            0   73       71   20.826      180
                            0   74       68   23.314      180
                            0   75       63   19.953      180
                            0   76       55   15.500      180
                            0   77       65   21.326      180
                            0   78       65   19.570      180
                            0   79       58   17.302      180
                            0   80       56   15.953      180
                            0   81       72   16.279      180
                            0   82       40   10.744      180
                            0   83       31    5.093      180
                            0   84        9    2.698      180
                            0   85        5    1.023      180
                            0   86       54   29.686      180
Y - Directed channels: layer   x   max occ   ave occ   ave cap
                        ----- ---- -------- -------- --------
                            0    0       77   27.372      180
                            0    1       51   27.337      180
                            0    2       63   39.221      180
                            0    3       69   25.023      180
                            0    4       96   33.209      180
                            0    5      109   48.744      180
                            0    6      100   39.395      180
                            0    7       62   19.872      180
                            0    8       44   11.733      180
                            0    9       43   10.244      180
                            0   10       42    8.744      180
                            0   11       33    6.814      180
                            0   12       32    6.000      180
                            0   13       27    7.640      180
                            0   14       49   14.698      180
                            0   15       41   15.535      180
                            0   16       23   11.477      180
                            0   17       67   38.267      180
                            0   18       71   42.244      180
                            0   19       49   21.477      180
                            0   20       74   32.721      180
                            0   21       97   54.791      180
                            0   22       94   42.698      180
                            0   23       80   24.721      180
                            0   24       83   26.837      180
                            0   25       89   28.314      180
                            0   26       94   30.802      180
                            0   27       92   29.221      180
                            0   28       80   23.477      180
                            0   29       94   29.547      180
                            0   30       95   37.965      180
                            0   31      102   40.605      180
                            0   32      101   38.558      180
                            0   33      107   59.081      180
                            0   34      107   68.640      180
                            0   35      111   48.453      180
                            0   36      106   50.174      180
                            0   37      122   68.849      180
                            0   38      119   62.477      180
                            0   39       86   34.849      180
                            0   40       79   36.407      180
                            0   41       90   42.814      180
                            0   42      101   42.628      180
                            0   43       85   29.465      180
                            0   44       83   22.244      180
                            0   45       60   19.198      180
                            0   46       54   23.593      180
                            0   47       59   24.616      180
                            0   48       66   23.744      180
                            0   49       94   52.640      180
                            0   50       91   55.128      180
                            0   51       81   36.140      180
                            0   52       91   42.349      180
                            0   53      115   61.360      180
                            0   54      100   56.686      180
                            0   55       67   32.419      180
                            0   56       83   28.349      180
                            0   57       82   26.442      180
                            0   58       85   28.628      180
                            0   59       54   17.360      180
                            0   60       48   12.291      180
                            0   61       81   16.372      180
                            0   62       99   27.198      180
                            0   63       92   26.767      180
                            0   64       97   27.721      180
                            0   65       88   52.965      180
                            0   66       89   63.163      180
                            0   67       67   37.791      180
                            0   68       78   34.535      180
                            0   69       84   47.581      180
                            0   70       61   29.837      180
                            0   71       46    7.465      180
                            0   72       22    6.174      180
                            0   73       21    4.465      180
                            0   74       27    3.488      180
                            0   75       10    2.628      180
                            0   76       17    3.349      180
                            0   77       18    5.174      180
                            0   78       29   11.977      180
                            0   79       29   13.081      180
                            0   80       57   15.035      180
                            0   81       73   34.000      180
                            0   82       91   39.616      180
                            0   83       74   21.884      180
                            0   84       76   22.279      180
                            0   85       66   24.000      180
                            0   86       46   18.651      180

Total existing wires segments: CHANX   1346760, CHANY   1346760, CHANZ         0, ALL   2693520
Total used wires segments:     CHANX    200511, CHANY    223559, CHANZ         0, ALL    424070
Usage percentage:              CHANX     14.9%, CHANY     16.6%, CHANZ      0.0%, ALL     15.7%

Logic area (in minimum width transistor areas, excludes I/Os and empty grid tiles)...
	Total logic block area (Warning, need to add pitch of routing to blocks with height > 3): 2.4541e+08
	Total used logic block area: 8.82677e+07

Routing area (in minimum width transistor areas)...
	Total routing area: 1.06814e+08, per logic tile: 13793.2

Total Number of Wiring Segments by Direction: direction length number
                                              --------- ------ -------
                                                      X      4 301976
                                                      Y      4 301976
                                                      X     16  13192
                                                      Y     16  13192

X - Directed Wiring Segment usage by length: length utilization
                                             ------ -----------
                                             4       0.146
                                            16       0.123

Y - Directed Wiring Segment usage by length: length utilization
                                             ------ -----------
                                             4       0.151
                                            16       0.206

Segment occupancy by length: Length Occupancy Capacity Utilization
                             ------ --------- -------- -----------
                             L4         89646   603952       0.148
                             L16         4329    26384       0.164

Segment occupancy by type: name type utilization
                           ---- ---- -----------
                             L4    0       0.148
                            L16    1       0.164

Final hold Worst Negative Slack (hWNS): 0 ns
Final hold Total Negative Slack (hTNS): 0 ns
Final hold Worst Skew (hWS): 0 ns

Final hold slack histogram:
[  4.1e-11:  7.7e-10)  5312 ( 10.1%) |**********************
[  7.7e-10:  1.5e-09)  9621 ( 18.2%) |****************************************
[  1.5e-09:  2.2e-09)  9679 ( 18.3%) |****************************************
[  2.2e-09:    3e-09) 10338 ( 19.6%) |*******************************************
[    3e-09:  3.7e-09) 10773 ( 20.4%) |*********************************************
[  3.7e-09:  4.4e-09)  4702 (  8.9%) |********************
[  4.4e-09:  5.2e-09)  1737 (  3.3%) |*******
[  5.2e-09:  5.9e-09)   320 (  0.6%) |*
[  5.9e-09:  6.6e-09)   160 (  0.3%) |*
[  6.6e-09:  7.4e-09)   120 (  0.2%) |*

Final critical path delay (least slack): 7.81484 ns, Fmax: 127.962 MHz
Final critical path skew: -0.04243 ns
Final setup Worst Negative Slack (sWNS): -7.81484 ns
Final setup Total Negative Slack (sTNS): -144826 ns
Final setup Worst Skew (sWS): -0.04243 ns

Final setup slack histogram:
[ -7.8e-09: -7.1e-09)    93 (  0.2%) |
[ -7.1e-09: -6.3e-09)   249 (  0.5%) |*
[ -6.3e-09: -5.5e-09)   484 (  0.9%) |**
[ -5.5e-09: -4.8e-09)  1461 (  2.8%) |*****
[ -4.8e-09:   -4e-09)  5576 ( 10.6%) |******************
[   -4e-09: -3.2e-09)  9389 ( 17.8%) |*******************************
[ -3.2e-09: -2.5e-09) 11741 ( 22.3%) |***************************************
[ -2.5e-09: -1.7e-09) 13613 ( 25.8%) |*********************************************
[ -1.7e-09: -9.6e-10)  5281 ( 10.0%) |*****************
[ -9.6e-10: -1.9e-10)  4875 (  9.2%) |****************

Final geomean non-virtual intra-domain period: 7.81484 ns (127.962 MHz)
Final fanout-weighted geomean non-virtual intra-domain period: 7.81484 ns (127.962 MHz)

Incr Slack updates 1 in 0.00215631 sec
Full Max Req/Worst Slack updates 1 in 0.00168446 sec
Incr Max Req/Worst Slack updates 0 in 0 sec
Incr Criticality updates 0 in 0 sec
Full Criticality updates 1 in 0.00849376 sec
Flow timing analysis took 11.4875 seconds (9.99491 STA, 1.49257 slack) (135 full updates: 116 setup, 0 hold, 19 combined).
VPR succeeded
The entire flow of VPR took 132.26 seconds (max_rss 843.6 MiB)

