VPR FPGA Placement and Routing.
Version: 9.0.0-dev+v8.0.0-18248-g40f8d19708
Revision: v8.0.0-18248-g40f8d19708
Compiled: 2026-09-22T03:43:48
Compiler: GNU 13.3.0 on Linux-5.15.0-119-generic x86_64
Build Info: release IPO VTR_ASSERT_LEVEL=2

University of Toronto
verilogtorouting.org
vtr-users@googlegroups.com
This is free open source code under MIT license.

VPR was run with the following command-line:
/inspire/hdd/project/project-public/changshunjie-253114010247/changshunjie-253114010247/workspace/DAC2027/vtr/vtr-verilog-to-routing/vpr/vpr /inspire/hdd/project/project-public/changshunjie-253114010247/changshunjie-253114010247/workspace/DAC2027/vtr/vtr-verilog-to-routing/vtr_flow/arch/COFFE_22nm/k6FracN10LB_mem20K_complexDSP_customSB_22nm.xml /inspire/hdd/project/project-public/changshunjie-253114010247/changshunjie-253114010247/workspace/DAC2027/TailCompile/experiments/vtr/runs/pilot_v1/attention_layer/full-seed1-w300/attention_layer.pre-vpr.blif --analytical_place --route --analysis --ap_full_legalizer flat-recon --ap_detailed_placer annealer --seed 12 --route_chan_width 180 --write_flat_place /inspire/hdd/project/project-public/changshunjie-253114010247/changshunjie-253114010247/workspace/DAC2027/TailCompile/vtr_work/tailcompile_v3/attention_layer/4x4/gnn_candidate-fpd77a1e90-flat-recon-annealer-seed12-w180-devw88/post_route.fplace --write_legalized_flat_place /inspire/hdd/project/project-public/changshunjie-253114010247/changshunjie-253114010247/workspace/DAC2027/TailCompile/vtr_work/tailcompile_v3/attention_layer/4x4/gnn_candidate-fpd77a1e90-flat-recon-annealer-seed12-w180-devw88/post_legalizer.fplace --flat_place_verbosity 1 --device_width 88 --net_file /inspire/hdd/project/project-public/changshunjie-253114010247/changshunjie-253114010247/workspace/DAC2027/TailCompile/vtr_work/tailcompile_v3/attention_layer/4x4/gnn_candidate-fpd77a1e90-flat-recon-annealer-seed12-w180-devw88/attention_layer.locked-input.net --read_flat_place /inspire/hdd/global_user/changshunjie-253114010247/workspace/DAC2027/TailCompile/experiments/vtr/tailcompile_v3/attention_layer/4x4/pools/bootstrap_24/candidate_05_seed13032.fplace

Using up to 1 parallel worker(s)

Architecture file: /inspire/hdd/project/project-public/changshunjie-253114010247/changshunjie-253114010247/workspace/DAC2027/vtr/vtr-verilog-to-routing/vtr_flow/arch/COFFE_22nm/k6FracN10LB_mem20K_complexDSP_customSB_22nm.xml
Circuit name: attention_layer.pre-vpr

# Loading Architecture Description
# Loading Architecture Description took 0.04 seconds (max_rss 32.2 MiB, delta_rss +0.0 MiB)

Timing analysis: ON
Circuit netlist file: /inspire/hdd/project/project-public/changshunjie-253114010247/changshunjie-253114010247/workspace/DAC2027/TailCompile/vtr_work/tailcompile_v3/attention_layer/4x4/gnn_candidate-fpd77a1e90-flat-recon-annealer-seed12-w180-devw88/attention_layer.locked-input.net
Circuit placement file: attention_layer.pre-vpr.place
Circuit routing file: attention_layer.pre-vpr.route
Circuit SDC file: attention_layer.pre-vpr.sdc
Vpr floorplanning constraints file: not specified

Packer: DISABLED
Placer: DISABLED
Analytical Placer: ENABLED
Router: ENABLED
Analysis: ENABLED

VPR was run with the following options:

netlist_opts.absorb_buffer_luts            : true
netlist_opts.sweep_dangling_primary_ios    : true
netlist_opts.sweep_dangling_nets           : true
netlist_opts.sweep_dangling_blocks         : true
netlist_opts.sweep_constant_primary_outputs: false
netlist_opts.netlist_verbosity             : 1
netlist_opts.const_gen_inference           : COMB_SEQ

AnalyticalPlacerOpts.analytical_solver_type: lp-b2b
AnalyticalPlacerOpts.partial_legalizer_type: bipartitioning
AnalyticalPlacerOpts.full_legalizer_type: flat-recon
AnalyticalPlacerOpts.detailed_placer_type: annealer
AnalyticalPlacerOpts.ap_timing_tradeoff: 0.500000
AnalyticalPlacerOpts.ap_high_fanout_threshold: 256
AnalyticalPlacerOpts.log_verbosity: 1
router_opts.route_type: DETAILED
router_opts.flat_routing: false
router_opts.choke_points: on
router_opts.router_algorithm: TIMING_DRIVEN
router_opts.base_cost_type: DELAY_NORMALIZED_LENGTH
router_opts.fixed_channel_width: 180
router_opts.check_route: FULL
router_opts.acc_fac: 1.000000
router_opts.bb_factor: 3
router_opts.bend_cost: 0.000000
router_opts.first_iter_pres_fac: 0.000000
router_opts.initial_pres_fac: 0.500000
router_opts.pres_fac_mult: 1.300000
router_opts.max_pres_fac: 1000.000000
router_opts.max_router_iterations: 50
router_opts.min_incremental_reroute_fanout: 16
router_opts.initial_acc_cost_chan_congestion_threshold: 0.500000
router_opts.initial_acc_cost_chan_congestion_weight: 0.500000
router_opts.do_check_rr_graph: true
router_opts.verify_binary_search: false
router_opts.min_channel_width_hint: 0
router_opts.read_rr_edge_metadata: false
router_opts.exit_after_first_routing_iteration: false
router_opts.astar_fac: 1.200000
router_opts.astar_offset: 0.000000
router_opts.router_profiler_astar_fac: 1.200000
router_opts.enable_parallel_connection_router: false
router_opts.post_target_prune_fac: 1.200000
router_opts.post_target_prune_offset: 0
router_opts.multi_queue_num_threads: 1
router_opts.multi_queue_num_queues: 2
router_opts.multi_queue_direct_draining: false
router_opts.criticality_exp: 1.000000
router_opts.max_criticality: 0.990000
router_opts.init_wirelength_abort_threshold: 0.850000
router_opts.incr_reroute_delay_ripup: AUTO
router_opts.save_routing_per_iteration: false
router_opts.congested_routing_iteration_threshold_frac: 1.000000
router_opts.high_fanout_threshold: 64
router_opts.router_debug_net: -2
router_opts.router_debug_sink_rr: -2
router_opts.router_debug_iteration: -2
router_opts.max_convergence_count: 1
router_opts.reconvergence_cpd_threshold: 0.990000
router_opts.update_lower_bound_delays: true
router_opts.first_iteration_timing_report_file: 
router_opts.route_bb_update: DYNAMIC
router_opts.lookahead_type: MAP
router_opts.initial_timing: LOOKAHEAD
router_opts.router_heap: FOUR_ARY_HEAP
router_opts.routing_failure_predictor = SAFE
router_opts.routing_predictor_min_history: 8
router_opts.routing_budgets_algorithm = DISABLE

analysis_opts.gen_post_synthesis_netlist: false
analysis_opts.gen_post_implementation_merged_netlist: false
analysis_opts.gen_post_implementation_sdc: false
analysis_opts.timing_report_npaths: 100
analysis_opts.timing_report_skew: false
analysis_opts.echo_dot_timing_graph_node: -1
analysis_opts.timing_report_detail: NETLIST
analysis_opts.post_synth_netlist_unconn_input_handling: UNCONNECTED
analysis_opts.post_synth_netlist_unconn_output_handling: UNCONNECTED
analysis_opts.post_synth_netlist_module_parameters: on

# Building complex block graph
# Building complex block graph took 0.10 seconds (max_rss 32.2 MiB, delta_rss +0.0 MiB)
Circuit file: /inspire/hdd/project/project-public/changshunjie-253114010247/changshunjie-253114010247/workspace/DAC2027/TailCompile/experiments/vtr/runs/pilot_v1/attention_layer/full-seed1-w300/attention_layer.pre-vpr.blif
# Load circuit
Found 4 constant generator(s) in the netlist (2 constant-zero, 2 constant-one) (run with --netlist_verbosity 2 to list names)
# Load circuit took 0.67 seconds (max_rss 134.6 MiB, delta_rss +102.4 MiB)
# Clean circuit
Absorbed 7975 LUT buffers
Found 1090 primitive output pin(s) driven only by constants; marked them as constants
Swept input(s)      : 7
Swept output(s)     : 0 (0 dangling, 0 constant)
Swept net(s)        : 10126
Swept block(s)      : 33
Constant Pins Marked: 1090
# Clean circuit took 0.16 seconds (max_rss 134.6 MiB, delta_rss +0.0 MiB)
# Compress circuit
# Compress circuit took 0.08 seconds (max_rss 134.6 MiB, delta_rss +0.0 MiB)
# Verify circuit
# Verify circuit took 0.02 seconds (max_rss 134.6 MiB, delta_rss +0.0 MiB)
Circuit Statistics:
  Blocks: 40113
    .input            :    1052
    .latch            :    8844
    .names            :   17218
        0-LUT:       3
        1-LUT:    5989
        2-LUT:     920
        3-LUT:    4530
        4-LUT:    3023
        5-LUT:    1163
        6-LUT:    1590
    .output           :      32
    adder             :    9150
    addition_fp_clk_16:       1
    dual_port_ram     :    3680
    multiply          :     136
  Nets  : 50065
    Avg Fanout:     2.9
    Max Fanout: 12525.0
    Min Fanout:     1.0
  Netlist Clocks: 1
# Build Timing Graph
  Timing Graph Nodes: 245193
  Timing Graph Edges: 446068
  Timing Graph Levels: 66
# Build Timing Graph took 0.28 seconds (max_rss 193.9 MiB, delta_rss +57.3 MiB)
Netlist contains 1 clocks
  Netlist Clock 'clk' Fanout: 12525 pins (6.5%), 12525 blocks (31.2%)
# Load Timing Constraints

SDC file 'attention_layer.pre-vpr.sdc' not found
Setting default timing constraints:
   * constrain all primary inputs and primary outputs on netlist clock 'clk'
   * optimize netlist clock to run as fast as possible
Timing constraints created 1 clocks
  Constrained Clock 'clk' Source: 'clk.inpad[0]'

# Load Timing Constraints took 0.00 seconds (max_rss 193.9 MiB, delta_rss +0.0 MiB)
# Analytical Placement
## Prepacker

There is one chain in this architecture called "chain" with the following starting points:
	clb[0]/lab[0]/fle[0]/ble5[0]/arithmetic[0]/adder[0].cin[0]

## Prepacker took 0.06 seconds (max_rss 193.9 MiB, delta_rss +0.0 MiB)
## Initializing Pre-Cluster Timing
Using inter-cluster delay: 2.1832e-09
## Initializing Pre-Cluster Timing took 0.54 seconds (max_rss 199.1 MiB, delta_rss +5.1 MiB)
## Estimate Device Size
Device layout 'auto' with fixed width 88.
FPGA sized to 88 x 88: 7744 grid tiles (auto)
## Estimate Device Size took 0.00 seconds (max_rss 199.1 MiB, delta_rss +0.0 MiB)
## Ram Mapper
Flat Placement is provided, skipping the RAM mapping.
## Ram Mapper took 0.00 seconds (max_rss 199.1 MiB, delta_rss +0.0 MiB)
## Read Atom Netlist to AP Netlist
## Read Atom Netlist to AP Netlist took 0.33 seconds (max_rss 269.7 MiB, delta_rss +70.6 MiB)
Analytical Placement Netlist Statistics:
	AP Blocks: 25061
		Moveable AP Blocks: 25061
		Fixed AP Blocks: 0
	AP Nets: 34982
		Average Fanout: 2.94
		Highest Fanout: 257
	AP Pins: 193913

## Computing placement delta delay look-up
### Build routing resource graph
### Build routing resource graph took 8.14 seconds (max_rss 807.1 MiB, delta_rss +537.4 MiB)
  RR Graph Nodes: 1754700
  RR Graph Edges: 19490640
### Computing router lookahead map
#### Computing wire lookahead
#### Computing wire lookahead took 8.70 seconds (max_rss 807.1 MiB, delta_rss +0.0 MiB)
#### Computing src/opin lookahead
Warning 1: Found no more sample locations for SOURCE in io
Warning 2: Found no more sample locations for OPIN in io
Warning 3: Found no more sample locations for SOURCE in clb
Warning 4: Found no more sample locations for OPIN in clb
Warning 5: Found no more sample locations for SOURCE in dsp_top
Warning 6: Found no more sample locations for OPIN in dsp_top
Warning 7: Found no more sample locations for SOURCE in memory
Warning 8: Found no more sample locations for OPIN in memory
#### Computing src/opin lookahead took 0.33 seconds (max_rss 807.1 MiB, delta_rss +0.0 MiB)
### Computing router lookahead map took 9.05 seconds (max_rss 807.1 MiB, delta_rss +0.0 MiB)
Serial Connection Router is being destroyed. Time spent on path search: 0.000 seconds.
## Computing placement delta delay look-up took 17.64 seconds (max_rss 807.1 MiB, delta_rss +537.4 MiB)
Flat Placement is provided in the AP flow, skipping the Global Placement.
0 of 25061 molecules placed at device center (no atoms of these molecules found in flat placement).
## AP Full Legalizer
### Creating Clusters
Device (width, height): (88,88)
#### Sorting and Grouping Blocks by Tile
#### Sorting and Grouping Blocks by Tile took 0.01 seconds (max_rss 807.1 MiB, delta_rss +0.0 MiB)
#### Reconstruction Pass Clustering
#### Reconstruction Pass Clustering took 68.89 seconds (max_rss 807.1 MiB, delta_rss +0.0 MiB)
#### Orphan Window Clustering with search radius 8
#### Orphan Window Clustering with search radius 8 took 0.03 seconds (max_rss 807.1 MiB, delta_rss +0.0 MiB)
FPGA sized to 88 x 88: 7744 grid tiles (auto)
Device Utilization: 0.28 (target 1.00)
	Block Utilization: 0.39 Type: io
	Block Utilization: 0.19 Type: clb
	Block Utilization: 0.85 Type: dsp_top
	Block Utilization: 0.75 Type: memory

----------------------------------------------------------------
                       Clustering Summary                       
----------------------------------------------------------------
Clusters created (Self Clustering)                       : 2605
    memory     : 194
    dsp_top    : 107
    clb        : 1220
    io         : 1084
Clusters created (Orphan Window Clustering)              : 15
    clb        : 15
Total clusters                                           : 2620
Percent of clusters created in Orphan Window Clustering  : 0.57%
Molecules clustered in each stage breakdown  : (Total of 25061)
	Self Clustering          (0.998963)  : 25035
 	Neighbor Clustering      (0.000000)  : 0
	Orphan Window Clustering (0.001037)  : 26
----------------------------------------------------------------

Final Clustering Statistics: 
----------   --------   ------------------------------------   --------------------------
Block Type   # Blocks   Avg. # of input clocks and pins used   Avg. # of output pins used
----------   --------   ------------------------------------   --------------------------
     EMPTY          0                                      0                            0   
        io       1084                              0.0295203                      0.97048   
       clb       1235                                27.9466                      15.3628   
   dsp_top        107                                40.9813                      20.1869   
    memory        194                                49.6598                      18.9691   
Absorbed logical nets 24200 out of 50065 nets, 25865 nets not absorbed.
#### Load packing
##### Loading packed FPGA netlist file.
Netlist generated from file '/inspire/hdd/project/project-public/changshunjie-253114010247/changshunjie-253114010247/workspace/DAC2027/TailCompile/vtr_work/tailcompile_v3/attention_layer/4x4/gnn_candidate-fpd77a1e90-flat-recon-annealer-seed12-w180-devw88/attention_layer.locked-input.net'.
Detected 3 constant generators (to see names run with higher pack verbosity)
##### Loading packed FPGA netlist file. took 2.62 seconds (max_rss 808.9 MiB, delta_rss +1.8 MiB)
Warning 9: Treated 2 constant nets as global which will not be routed (to see net names increase packer verbosity).
Netlist contains 5542 global net to non-global architecture pin connections
Found 2 logic block(s) with only 1 output pin and no inputs; they may be constant generators (run with --pack_verbosity 3 to list them)
Completed clustering consistency check successfully.
Cluster level netlist and block usage statistics
Netlist num_nets: 25865
Netlist num_blocks: 2620
Netlist EMPTY blocks: 0.
Netlist io blocks: 1084.
Netlist clb blocks: 1235.
Netlist dsp_top blocks: 107.
Netlist memory blocks: 194.
Netlist inputs pins: 1052
Netlist output pins: 32

Pb types usage...
  io                   : 1084
   inpad               : 1052
   outpad              : 32
  clb                  : 1235
   lab                 : 1235
    fle                : 11241
     ble5              : 19054
      flut5            : 9904
       lut5            : 9613
        lut            : 9613
       ff              : 8130
      arithmetic       : 9150
       lut4            : 6015
        lut            : 6015
       adder           : 9150
     ble6              : 1590
      lut6             : 1590
       lut             : 1590
      ff               : 714
  dsp_top              : 107
   dsp                 : 107
    dsp_pb             : 107
     two_mult_18x19    : 136
      mult_18x19       : 136
     adder_fp16        : 1
  memory               : 194
   mem_1024x20_dp      : 194
    memory_slice       : 3680

#### Load packing took 3.05 seconds (max_rss 808.9 MiB, delta_rss +1.8 MiB)
Netlist contains 5542 global net to non-global architecture pin connections
Found 2 logic block(s) with only 1 output pin and no inputs; they may be constant generators (run with --pack_verbosity 3 to list them)
Cluster level netlist and block usage statistics
Netlist num_nets: 25865
Netlist num_blocks: 2620
Netlist EMPTY blocks: 0.
Netlist io blocks: 1084.
Netlist clb blocks: 1235.
Netlist dsp_top blocks: 107.
Netlist memory blocks: 194.
Netlist inputs pins: 1052
Netlist output pins: 32
### Creating Clusters took 73.49 seconds (max_rss 808.9 MiB, delta_rss +1.8 MiB)
Completed clustering consistency check successfully.
FPGA sized to 88 x 88: 7744 grid tiles (auto)
### Compressed grid construction
### Compressed grid construction took 0.00 seconds (max_rss 808.9 MiB, delta_rss +0.0 MiB)
### Initial Placement
Placing clusters that are part of larger macros...
Number of blocks to be placed: 16
Max distance on device: 176
---- ---------- ---------- -------------
Pass Max Displ. Num Blocks Num Blocks   
     Threshold  Placed     Left Unplaced
---- ---------- ---------- -------------
   0          0         16             0

Placing general clusters...
Number of blocks to be placed: 2604
Max distance on device: 176
---- ---------- ---------- -------------
Pass Max Displ. Num Blocks Num Blocks   
     Threshold  Placed     Left Unplaced
---- ---------- ---------- -------------
   0          0       2590            14
   1          1          6             8
   2          2          7             1
   3          4          1             0

### Initial Placement took 0.01 seconds (max_rss 808.9 MiB, delta_rss +0.0 MiB)
Flat Placement Reconstruction Info:
	Percent of clusters with reconstruction errors: 0.267176
	Total displacement of initial placement from flat placement: 15122.000000
	Average atom displacement of initial placement from flat placement: 0.376985
	Max atom displacement of initial placement from flat placement: 65.000000
	Percent of atoms misplaced from the flat placement: 1.348690
## AP Full Legalizer took 73.89 seconds (max_rss 808.9 MiB, delta_rss +1.8 MiB)

Resource usage...
	Netlist
		1084	blocks of type: io
	Architecture
		2752	blocks of type: io
	Netlist
		1235	blocks of type: clb
	Architecture
		6376	blocks of type: clb
	Netlist
		107	blocks of type: dsp_top
	Architecture
		126	blocks of type: dsp_top
	Netlist
		194	blocks of type: memory
	Architecture
		258	blocks of type: memory

Device Utilization: 0.28 (target 1.00)
	Physical Tile io:
	Block Utilization: 0.39 Logical Block: io
	Physical Tile clb:
	Block Utilization: 0.19 Logical Block: clb
	Physical Tile dsp_top:
	Block Utilization: 0.85 Logical Block: dsp_top
	Physical Tile memory:
	Block Utilization: 0.75 Logical Block: memory

## Computing placement delta delay look-up
RR graph channel widths unchanged, skipping RR graph rebuild
Serial Connection Router is being destroyed. Time spent on path search: 0.000 seconds.
## Computing placement delta delay look-up took 0.09 seconds (max_rss 808.9 MiB, delta_rss +0.0 MiB)
Using simple RL 'Softmax agent' for choosing move and block types

Completed placement consistency check successfully.
Initial placement cost: 1 bb_cost: 5809.23 td_cost: 1.60614e-05
Initial placement BB estimate of wirelength: 1.04522e+06
Initial placement estimated Critical Path Delay (CPD): 17.4582 ns
Initial placement estimated setup Total Negative Slack (sTNS): -127467 ns
Initial placement estimated setup Worst Negative Slack (sWNS): -17.4582 ns

Initial placement estimated setup slack histogram:
[ -1.7e-08: -1.6e-08)     1 (  0.0%) |
[ -1.6e-08: -1.4e-08)    12 (  0.0%) |
[ -1.4e-08: -1.2e-08)    21 (  0.0%) |
[ -1.2e-08: -1.1e-08)    87 (  0.2%) |
[ -1.1e-08: -8.8e-09)   250 (  0.5%) |
[ -8.8e-09: -7.1e-09)   712 (  1.3%) |*
[ -7.1e-09: -5.4e-09)  1347 (  2.6%) |**
[ -5.4e-09: -3.6e-09)  2396 (  4.5%) |****
[ -3.6e-09: -1.9e-09) 27583 ( 52.3%) |*********************************************
[ -1.9e-09: -1.9e-10) 20353 ( 38.6%) |*********************************
Placement contains 8 placement macros involving 16 blocks (average macro size 2.000000)

Moves per temperature: 18054
## AP Detailed Placer

---- ------ ------- ------- ---------- ---------- ------- ---------- -------- ------- ------- ------ -------- --------- ------
Tnum  Time     T    AvCost  Av BB Cost Av TD Cost   CPD      sTNS      sWNS   AcRate  StdDev  R lim  CritExp  TotMoves  Alpha 
     (sec)                                          (ns)     (ns)      (ns)                                                   
---- ------ ------- ------- ---------- ---------- ------- ---------- -------- ------- ------- ------ -------- --------- ------
   1    0.2 7.2e-04   0.973    4809.72 1.5627e-05  13.808  -1.17e+05  -13.808   0.832  0.0140   87.0     1.00      18054  1.000
   2    0.2 6.5e-04   0.969    4660.40 1.8694e-05  11.213  -1.15e+05  -11.213   0.824  0.0090   87.0     1.00      36108  0.900
   3    0.2 5.8e-04   0.952    4497.53 1.8227e-05  11.383   -1.2e+05  -11.383   0.803  0.0143   87.0     1.00      54162  0.900
   4    0.2 5.3e-04   0.947    4288.91 1.4888e-05  13.304  -1.15e+05  -13.304   0.788  0.0206   87.0     1.00      72216  0.900
   5    0.2 5.0e-04   0.949    3908.52 1.3982e-05  13.280  -1.14e+05  -13.280   0.778  0.0247   87.0     1.00      90270  0.950
   6    0.2 4.7e-04   0.980    3653.33 1.4367e-05  12.109  -1.13e+05  -12.109   0.754  0.0190   87.0     1.00     108324  0.950
   7    0.2 4.5e-04   0.963    3371.79 1.5916e-05  10.492  -1.14e+05  -10.492   0.744  0.0118   87.0     1.00     126378  0.950
   8    0.2 4.3e-04   0.996    3332.80 1.5195e-05  10.805  -1.12e+05  -10.805   0.739  0.0078   87.0     1.00     144432  0.950
   9    0.2 4.1e-04   0.962    3235.57 1.5088e-05  10.922  -1.13e+05  -10.922   0.735  0.0194   87.0     1.00     162486  0.950
  10    0.2 3.9e-04   0.971    3002.32 1.3912e-05  11.179   -1.1e+05  -11.179   0.724  0.0078   87.0     1.00     180540  0.950
  11    0.2 3.7e-04   0.963    2851.27 1.5466e-05   9.830  -1.09e+05   -9.830   0.706  0.0132   87.0     1.00     198594  0.950
  12    0.2 3.5e-04   0.987    2797.72 1.3845e-05  10.803  -1.09e+05  -10.803   0.698  0.0075   87.0     1.00     216648  0.950
  13    0.2 3.3e-04   0.976    2703.79 1.5572e-05   9.452  -1.09e+05   -9.452   0.694  0.0085   87.0     1.00     234702  0.950
  14    0.2 3.1e-04   0.980    2590.84 1.3482e-05  10.644  -1.09e+05  -10.644   0.687  0.0058   87.0     1.00     252756  0.950
  15    0.2 3.0e-04   0.982    2548.64 1.266e-05   11.188  -1.08e+05  -11.188   0.680  0.0124   87.0     1.00     270810  0.950
  16    0.2 2.8e-04   0.984    2463.99 1.4285e-05   9.675  -1.07e+05   -9.675   0.670  0.0067   87.0     1.00     288864  0.950
  17    0.2 2.7e-04   0.975    2404.15 1.5135e-05   9.034  -1.09e+05   -9.034   0.664  0.0113   87.0     1.00     306918  0.950
  18    0.2 2.6e-04   0.984    2325.76 1.4882e-05   8.977  -1.06e+05   -8.977   0.651  0.0069   87.0     1.00     324972  0.950
  19    0.2 2.4e-04   0.982    2286.57 1.4608e-05   9.133  -1.05e+05   -9.133   0.650  0.0091   87.0     1.00     343026  0.950
  20    0.2 2.3e-04   0.993    2256.96 1.3916e-05   9.496  -1.05e+05   -9.496   0.638  0.0033   87.0     1.00     361080  0.950
  21    0.2 2.2e-04   0.977    2192.35 1.3855e-05   9.407  -1.05e+05   -9.407   0.623  0.0082   87.0     1.00     379134  0.950
  22    0.2 2.1e-04   0.989    2154.87 1.3767e-05   9.366  -1.07e+05   -9.366   0.618  0.0038   87.0     1.00     397188  0.950
  23    0.2 2.0e-04   0.992    2145.79 1.2098e-05  10.607  -1.06e+05  -10.607   0.612  0.0034   87.0     1.00     415242  0.950
  24    0.2 1.9e-04   0.984    2116.18 1.3082e-05   9.709  -1.05e+05   -9.709   0.597  0.0051   87.0     1.00     433296  0.950
  25    0.2 1.8e-04   0.990    2086.87 1.3412e-05   9.349  -1.03e+05   -9.349   0.592  0.0042   87.0     1.00     451350  0.950
  26    0.2 1.7e-04   0.984    2052.47 1.3852e-05   8.963  -1.05e+05   -8.963   0.583  0.0059   87.0     1.00     469404  0.950
  27    0.2 1.6e-04   0.988    2018.31 1.1617e-05  10.581  -1.03e+05  -10.581   0.564  0.0061   87.0     1.00     487458  0.950
  28    0.2 1.5e-04   0.991    1983.91 1.3091e-05   9.297  -1.04e+05   -9.297   0.555  0.0029   87.0     1.00     505512  0.950
  29    0.2 1.5e-04   0.990    1968.21 1.2465e-05   9.745  -1.03e+05   -9.745   0.545  0.0045   87.0     1.00     523566  0.950
  30    0.2 1.4e-04   0.990    1951.43 1.2656e-05   9.497  -1.03e+05   -9.497   0.545  0.0043   87.0     1.00     541620  0.950
  31    0.2 1.3e-04   0.984    1931.78 1.3487e-05   8.888  -1.03e+05   -8.888   0.538  0.0059   87.0     1.00     559674  0.950
  32    0.2 1.3e-04   0.988    1905.29 1.3437e-05   8.849  -1.05e+05   -8.849   0.523  0.0049   87.0     1.00     577728  0.950
  33    0.2 1.2e-04   0.996    1903.07 1.3299e-05   8.880  -1.03e+05   -8.880   0.517  0.0021   87.0     1.00     595782  0.950
  34    0.2 1.1e-04   0.985    1871.04 1.355e-05    8.642  -1.02e+05   -8.642   0.502  0.0061   87.0     1.00     613836  0.950
  35    0.2 1.1e-04   0.991    1854.57 1.3093e-05   8.883  -1.02e+05   -8.883   0.495  0.0037   87.0     1.00     631890  0.950
  36    0.2 1.0e-04   0.989    1833.63 1.3606e-05   8.441  -1.02e+05   -8.441   0.482  0.0043   87.0     1.00     649944  0.950
  37    0.2 9.7e-05   0.991    1829.22 1.307e-05    8.753  -1.01e+05   -8.753   0.477  0.0034   87.0     1.00     667998  0.950
  38    0.2 9.2e-05   0.989    1812.04 1.3186e-05   8.651  -1.02e+05   -8.651   0.456  0.0041   87.0     1.00     686052  0.950
  39    0.2 8.7e-05   0.991    1798.35 1.3422e-05   8.416  -1.02e+05   -8.416   0.448  0.0038   87.0     1.00     704106  0.950
  40    0.2 8.3e-05   0.992    1773.54 1.2754e-05   8.792  -1.01e+05   -8.792   0.431  0.0050   87.0     1.00     722160  0.950
  41    0.2 7.9e-05   0.997    1760.51 1.1951e-05   8.780  -1.01e+05   -8.780   0.419  0.0016   86.2     1.07     740214  0.950
  42    0.2 7.5e-05   0.992    1744.53 1.0432e-05   8.827  -1.01e+05   -8.827   0.410  0.0035   84.4     1.21     758268  0.950
  43    0.2 7.1e-05   0.991    1731.40 8.4893e-06   8.991     -1e+05   -8.991   0.408  0.0047   81.8     1.42     776322  0.950
  44    0.2 6.8e-05   0.991    1707.97 7.5544e-06   8.668     -1e+05   -8.668   0.389  0.0029   79.2     1.63     794376  0.950
  45    0.2 6.4e-05   0.993    1697.26 6.6385e-06   8.166  -1.01e+05   -8.166   0.383  0.0023   75.2     1.96     812430  0.950
  46    0.2 6.1e-05   0.989    1694.80 5.1807e-06   8.277  -1.03e+05   -8.277   0.381  0.0040   70.9     2.31     830484  0.950
  47    0.2 5.8e-05   0.993    1683.50 4.1524e-06   8.306  -1.02e+05   -8.306   0.373  0.0030   66.7     2.65     848538  0.950
  48    0.2 5.5e-05   0.994    1670.31 3.1771e-06   8.460  -1.01e+05   -8.460   0.359  0.0030   62.3     3.01     866592  0.950
  49    0.2 5.2e-05   0.993    1666.72 2.6079e-06   8.355     -1e+05   -8.355   0.352  0.0041   57.2     3.42     884646  0.950
  50    0.2 5.0e-05   0.993    1650.50 2.3306e-06   8.127  -1.04e+05   -8.127   0.343  0.0035   52.2     3.83     902700  0.950
  51    0.2 4.7e-05   0.994    1635.40 1.9781e-06   8.039  -1.03e+05   -8.039   0.336  0.0029   47.1     4.25     920754  0.950
  52    0.2 4.5e-05   0.995    1626.07 1.7313e-06   7.966  -1.03e+05   -7.966   0.329  0.0025   42.2     4.65     938808  0.950
  53    0.2 4.3e-05   0.992    1607.82 1.3972e-06   8.026  -1.03e+05   -8.026   0.317  0.0044   37.5     5.03     956862  0.950
  54    0.2 4.0e-05   0.995    1592.36 1.2214e-06   7.966  -1.07e+05   -7.966   0.303  0.0031   32.9     5.40     974916  0.950
  55    0.2 3.8e-05   0.994    1579.27 9.7218e-07   8.060  -1.01e+05   -8.060   0.300  0.0035   28.4     5.77     992970  0.950
  56    0.2 3.7e-05   0.993    1567.26 8.6092e-07   8.060  -1.02e+05   -8.060   0.284  0.0031   24.4     6.09    1011024  0.950
  57    0.2 3.5e-05   0.995    1561.92 6.3584e-07   8.262  -1.04e+05   -8.262   0.288  0.0038   20.6     6.40    1029078  0.950
  58    0.2 3.3e-05   0.993    1548.50 6.5176e-07   8.060  -1.05e+05   -8.060   0.281  0.0030   17.5     6.66    1047132  0.950
  59    0.2 3.1e-05   0.990    1540.49 6.0654e-07   8.097  -1.05e+05   -8.097   0.277  0.0063   14.7     6.88    1065186  0.950
  60    0.2 3.0e-05   0.992    1522.22 6.083e-07    7.996  -1.04e+05   -7.996   0.286  0.0038   12.3     7.08    1083240  0.950
  61    0.2 2.8e-05   0.994    1509.22 5.3898e-07   7.996  -1.05e+05   -7.996   0.274  0.0030   10.4     7.23    1101294  0.950
  62    0.2 2.7e-05   0.996    1501.69 4.7491e-07   8.026  -1.06e+05   -8.026   0.270  0.0018    8.7     7.37    1119348  0.950
  63    0.2 2.6e-05   0.996    1496.82 4.4355e-07   8.026  -1.02e+05   -8.026   0.267  0.0020    7.2     7.49    1137402  0.950
  64    0.2 2.4e-05   0.997    1488.70 4.1884e-07   8.026  -1.03e+05   -8.026   0.261  0.0013    6.0     7.60    1155456  0.950
  65    0.2 2.3e-05   0.997    1483.67 4.1722e-07   7.966  -1.03e+05   -7.966   0.256  0.0011    4.9     7.68    1173510  0.950
  66    0.2 2.2e-05   0.996    1478.56 4.3895e-07   7.873  -1.04e+05   -7.873   0.249  0.0016    4.0     7.76    1191564  0.950
  67    0.2 2.1e-05   0.997    1472.48 3.8825e-07   7.966  -1.04e+05   -7.966   0.245  0.0013    3.2     7.82    1209618  0.950
  68    0.2 2.0e-05   0.996    1463.46 3.8377e-07   7.966  -1.04e+05   -7.966   0.259  0.0015    2.6     7.87    1227672  0.950
  69    0.2 1.9e-05   0.997    1459.54 3.7376e-07   7.966  -1.03e+05   -7.966   0.249  0.0016    2.1     7.91    1245726  0.950
  70    0.2 1.8e-05   0.998    1453.64 3.4148e-07   8.030  -1.03e+05   -8.030   0.259  0.0010    1.7     7.94    1263780  0.950
  71    0.2 1.7e-05   0.998    1450.06 3.3702e-07   8.030  -1.02e+05   -8.030   0.252  0.0007    1.4     7.97    1281834  0.950
  72    0.2 1.6e-05   0.998    1447.26 3.2953e-07   8.030  -1.03e+05   -8.030   0.245  0.0011    1.1     7.99    1299888  0.950
  73    0.2 1.5e-05   0.998    1442.20 3.2878e-07   8.030  -1.02e+05   -8.030   0.229  0.0006    1.0     8.00    1317942  0.950
  74    0.2 1.5e-05   0.999    1438.23 3.262e-07    8.030  -1.03e+05   -8.030   0.224  0.0008    1.0     8.00    1335996  0.950
  75    0.2 1.4e-05   0.999    1435.13 3.2413e-07   8.030  -1.03e+05   -8.030   0.212  0.0003    1.0     8.00    1354050  0.950
  76    0.2 1.3e-05   0.999    1432.98 3.2788e-07   8.030  -1.02e+05   -8.030   0.207  0.0005    1.0     8.00    1372104  0.950
  77    0.2 1.2e-05   0.999    1431.94 3.2201e-07   8.030  -1.03e+05   -8.030   0.204  0.0003    1.0     8.00    1390158  0.950
  78    0.2 1.2e-05   0.999    1430.64 3.264e-07    8.030  -1.02e+05   -8.030   0.205  0.0004    1.0     8.00    1408212  0.950
  79    0.2 1.1e-05   0.999    1427.86 3.2272e-07   8.030  -1.03e+05   -8.030   0.202  0.0007    1.0     8.00    1426266  0.950
  80    0.2 1.1e-05   0.999    1425.03 3.2558e-07   8.030  -1.03e+05   -8.030   0.190  0.0005    1.0     8.00    1444320  0.950
  81    0.2 1.0e-05   0.999    1423.78 3.2425e-07   8.030  -1.02e+05   -8.030   0.188  0.0003    1.0     8.00    1462374  0.950
  82    0.2 9.6e-06   0.999    1422.65 3.2316e-07   8.030  -1.02e+05   -8.030   0.184  0.0004    1.0     8.00    1480428  0.950
  83    0.2 9.1e-06   0.999    1420.88 3.2182e-07   8.030  -1.03e+05   -8.030   0.179  0.0003    1.0     8.00    1498482  0.950
  84    0.2 8.7e-06   0.999    1420.27 3.2049e-07   8.030  -1.02e+05   -8.030   0.178  0.0004    1.0     8.00    1516536  0.950
  85    0.2 8.3e-06   0.999    1419.17 3.2063e-07   8.030  -1.03e+05   -8.030   0.173  0.0003    1.0     8.00    1534590  0.950
  86    0.2 7.8e-06   0.999    1417.32 3.2138e-07   8.030  -1.02e+05   -8.030   0.171  0.0005    1.0     8.00    1552644  0.950
  87    0.2 7.4e-06   0.999    1415.99 3.1777e-07   8.030  -1.03e+05   -8.030   0.163  0.0003    1.0     8.00    1570698  0.950
  88    0.2 7.1e-06   0.999    1415.51 3.1918e-07   8.030  -1.02e+05   -8.030   0.164  0.0002    1.0     8.00    1588752  0.950
  89    0.2 6.7e-06   0.999    1414.88 3.198e-07    8.030  -1.03e+05   -8.030   0.167  0.0004    1.0     8.00    1606806  0.950
  90    0.2 6.4e-06   0.999    1413.67 3.2048e-07   8.030  -1.02e+05   -8.030   0.160  0.0003    1.0     8.00    1624860  0.950
  91    0.2 6.1e-06   1.000    1413.14 3.205e-07    8.030  -1.03e+05   -8.030   0.161  0.0001    1.0     8.00    1642914  0.950
  92    0.2 5.8e-06   1.000    1412.55 3.215e-07    8.030  -1.02e+05   -8.030   0.156  0.0002    1.0     8.00    1660968  0.950
  93    0.2 5.5e-06   0.999    1412.39 3.2261e-07   8.030  -1.03e+05   -8.030   0.154  0.0002    1.0     8.00    1679022  0.950
  94    0.2 5.2e-06   1.000    1411.12 3.2082e-07   8.030  -1.02e+05   -8.030   0.153  0.0002    1.0     8.00    1697076  0.950
  95    0.2 4.9e-06   1.000    1410.57 3.2057e-07   8.030  -1.02e+05   -8.030   0.152  0.0002    1.0     8.00    1715130  0.950
  96    0.2 4.7e-06   1.000    1410.09 3.1655e-07   8.030  -1.02e+05   -8.030   0.158  0.0002    1.0     8.00    1733184  0.950
  97    0.2 4.5e-06   1.000    1409.80 3.1581e-07   8.030  -1.03e+05   -8.030   0.146  0.0002    1.0     8.00    1751238  0.950
Agent's 2nd state: 
  98    0.2 3.6e-06   1.000    1409.10 3.1547e-07   8.030  -1.02e+05   -8.030   0.144  0.0001    1.0     8.00    1769292  0.800
Checkpoint saved: bb_costs=1408.56, TD costs=3.161e-07, CPD=  8.030 (ns) 
  99    0.2 2.9e-06   1.000    1408.13 3.159e-07    8.030  -1.03e+05   -8.030   0.099  0.0002    1.0     8.00    1787346  0.800
 100    0.2 2.3e-06   1.000    1407.29 3.1834e-07   8.030  -1.02e+05   -8.030   0.095  0.0002    1.0     8.00    1805400  0.800
 101    0.2 1.8e-06   1.000    1406.60 3.1781e-07   8.030  -1.02e+05   -8.030   0.093  0.0001    1.0     8.00    1823454  0.800
 102    0.2 1.5e-06   1.000    1406.10 3.1837e-07   8.030  -1.02e+05   -8.030   0.091  0.0001    1.0     8.00    1841508  0.800
 103    0.2 1.2e-06   1.000    1406.06 3.1844e-07   8.030  -1.02e+05   -8.030   0.092  0.0001    1.0     8.00    1859562  0.800
 104    0.2 9.4e-07   1.000    1405.89 3.1771e-07   8.030  -1.01e+05   -8.030   0.085  0.0001    1.0     8.00    1877616  0.800
 105    0.2 7.5e-07   1.000    1405.61 3.1815e-07   8.030  -1.02e+05   -8.030   0.083  0.0001    1.0     8.00    1895670  0.800
 106    0.2 6.0e-07   1.000    1405.34 3.1863e-07   8.030  -1.01e+05   -8.030   0.090  0.0001    1.0     8.00    1913724  0.800
 107    0.2 4.8e-07   1.000    1405.08 3.1884e-07   8.030  -1.02e+05   -8.030   0.087  0.0001    1.0     8.00    1931778  0.800
 108    0.2 3.8e-07   1.000    1404.81 3.179e-07    8.030  -1.01e+05   -8.030   0.083  0.0001    1.0     8.00    1949832  0.800
 109    0.2 3.1e-07   1.000    1404.64 3.1814e-07   8.030  -1.02e+05   -8.030   0.082  0.0001    1.0     8.00    1967886  0.800
 110    0.2 2.5e-07   1.000    1404.65 3.1875e-07   8.030  -1.02e+05   -8.030   0.083  0.0001    1.0     8.00    1985940  0.800
 111    0.2 2.0e-07   1.000    1404.40 3.1867e-07   8.030  -1.01e+05   -8.030   0.083  0.0000    1.0     8.00    2003994  0.800
 112    0.2 0.0e+00   1.000    1404.48 3.1852e-07   8.030  -1.01e+05   -8.030   0.047  0.0000    1.0     8.00    2022048  0.800
### Placement Quench took 0.23 seconds (max_rss 808.9 MiB)
post-quench CPD = 8.0299 (ns) 

Completed placement consistency check successfully.

Swaps called: 2024668

Aborted Move Reasons:
  macro move to location illegal: 4
  macro_from swap to location illegal: 1158

BB estimate of min-dist (placement) wire length: 252627

Placement estimated critical path delay (least slack): 8.0299 ns, Fmax: 124.535 MHz
Placement estimated critical path skew: -0.04243 ns
Placement estimated setup Worst Negative Slack (sWNS): -8.0299 ns
Placement estimated setup Total Negative Slack (sTNS): -101190 ns
Placement estimated setup Worst Skew (sWS): -0.04243 ns

Placement estimated setup slack histogram:
[   -8e-09: -7.2e-09)     5 (  0.0%) |
[ -7.2e-09: -6.5e-09)    47 (  0.1%) |
[ -6.5e-09: -5.7e-09)   197 (  0.4%) |
[ -5.7e-09: -4.9e-09)   487 (  0.9%) |*
[ -4.9e-09: -4.1e-09)   582 (  1.1%) |*
[ -4.1e-09: -3.3e-09)  2144 (  4.1%) |*****
[ -3.3e-09: -2.5e-09)  5119 (  9.7%) |************
[ -2.5e-09: -1.8e-09) 18214 ( 34.5%) |******************************************
[ -1.8e-09: -9.8e-10) 19549 ( 37.1%) |*********************************************
[ -9.8e-10: -1.9e-10)  6418 ( 12.2%) |***************

Placement estimated geomean non-virtual intra-domain period: 8.0299 ns (124.535 MHz)
Placement estimated fanout-weighted geomean non-virtual intra-domain period: 8.0299 ns (124.535 MHz)

Placement cost: 0.999853, bb_cost: 1404.5, td_cost: 3.18513e-07, 

Placement resource usage:
  io      implemented as io     : 1084
  clb     implemented as clb    : 1235
  dsp_top implemented as dsp_top: 107
  memory  implemented as memory : 194

Placement number of temperatures: 112
Placement total # of swap attempts: 2024668
	Swaps accepted:  739141 (36.5 %)
	Swaps rejected: 1274011 (62.9 %)
	Swaps aborted:   11516 ( 0.6 %)


Placement perturbation distribution by block and move type: 
------------------ ----------------- ---------------- ---------------- --------------- ------------ 
    Block Type         Move Type       (%) of Total      Accepted(%)     Rejected(%)    Aborted(%)
------------------ ----------------- ---------------- ---------------- --------------- ------------ 
io                 Uniform                9.82             53.71           46.29          0.00         
                   Median                 9.75             60.56           38.60          0.84         
                   Centroid               9.75             60.87           39.13          0.00         
                   W. Centroid            9.76             60.60           39.40          0.00         
                   W. Median              0.74             25.21           73.90          0.88         

clb                Uniform                11.08            6.53            93.36          0.11         
                   Median                 11.18            35.82           63.39          0.79         
                   Centroid               11.17            33.78           66.10          0.12         
                   W. Centroid            11.19            34.24           65.64          0.12         
                   W. Median              0.84             2.20            96.86          0.93         
                   Crit. Uniform          1.80             0.05            99.95          0.00         
                   Feasible Region        1.79             0.02            99.98          0.00         

dsp_top            Uniform                0.97             1.71            98.29          0.00         
                   Median                 0.97             4.07            90.17          5.76         
                   Centroid               0.98             3.88            90.53          5.59         
                   W. Centroid            0.96             4.01            90.26          5.73         
                   W. Median              0.07             0.00            88.29          11.71        

memory             Uniform                1.77             7.05            92.95          0.00         
                   Median                 1.77             14.40           80.13          5.47         
                   Centroid               1.75             12.33           84.45          3.22         
                   W. Centroid            1.76             11.83           88.17          0.00         
                   W. Median              0.14             2.12            84.41          13.46        


Placement Quench timing analysis took 0.0594858 seconds (0.0512225 STA, 0.00826327 slack) (1 full updates: 1 setup, 0 hold, 0 combined).
Placement Total  timing analysis took 7.49881 seconds (6.31789 STA, 1.18092 slack) (114 full updates: 114 setup, 0 hold, 0 combined).
update_td_costs: connections 0.039857 nets 0 sum_nets 0.0216609 total 0.0617745
## AP Detailed Placer took 25.51 seconds (max_rss 818.8 MiB, delta_rss +10.0 MiB)
Incr Slack updates 114 in 0.23972 sec
Full Max Req/Worst Slack updates 42 in 0.0649655 sec
Incr Max Req/Worst Slack updates 72 in 0.147791 sec
Incr Criticality updates 49 in 0.199662 sec
Full Criticality updates 65 in 0.380023 sec
Incr Slack updates 1 in 0.00206926 sec
Full Max Req/Worst Slack updates 1 in 0.00149894 sec
Incr Max Req/Worst Slack updates 0 in 0 sec
Incr Criticality updates 0 in 0 sec
Full Criticality updates 1 in 0.00790601 sec
# Analytical Placement took 118.95 seconds (max_rss 818.8 MiB, delta_rss +624.9 MiB)


# Routing
RR graph channel widths unchanged, skipping RR graph rebuild
## Initializing router criticalities
Initial Net Connection Criticality Histogram:
[        0:      0.1) 7149 ( 14.7%) |***************************************
[      0.1:      0.2) 8448 ( 17.4%) |**********************************************
[      0.2:      0.3) 7574 ( 15.6%) |*****************************************
[      0.3:      0.4) 2826 (  5.8%) |***************
[      0.4:      0.5) 7706 ( 15.9%) |******************************************
[      0.5:      0.6) 7662 ( 15.8%) |******************************************
[      0.6:      0.7) 5067 ( 10.4%) |****************************
[      0.7:      0.8) 1599 (  3.3%) |*********
[      0.8:      0.9)  477 (  1.0%) |***
[      0.9:        1)   57 (  0.1%) |
## Initializing router criticalities took 0.73 seconds (max_rss 818.8 MiB, delta_rss +0.0 MiB)
---- ------ ------- ---- ------- ------- ------- ----------------- --------------- -------- ---------- ---------- ---------- ---------- --------
Iter   Time    pres  BBs    Heap  Re-Rtd  Re-Rtd Overused RR Nodes      Wirelength      CPD       sTNS       sWNS       hTNS       hWNS Est Succ
      (sec)     fac Updt    push    Nets   Conns                                       (ns)       (ns)       (ns)       (ns)       (ns)     Iter
---- ------ ------- ---- ------- ------- ------- ----------------- --------------- -------- ---------- ---------- ---------- ---------- --------
   1    1.5     0.0    0 6217922   25862   41715   20891 ( 1.191%)  401788 (14.9%)    8.818 -1.570e+05     -8.818      0.000      0.000      N/A
   2    1.2     0.5    0 5377189   17432   31601    9012 ( 0.514%)  399065 (14.8%)    7.771 -1.363e+05     -7.771      0.000      0.000      N/A
   3    0.9     0.6    0 3372866   10930   21013    6466 ( 0.368%)  402809 (15.0%)    7.771 -1.411e+05     -7.771      0.000      0.000      N/A
   4    0.7     0.8    0 2366620    8358   16431    4716 ( 0.269%)  404826 (15.0%)    7.771 -1.410e+05     -7.771      0.000      0.000      N/A
   5    0.5     1.1    0 1647723    6426   13179    3390 ( 0.193%)  406522 (15.1%)    7.678 -1.404e+05     -7.678      0.000      0.000      N/A
   6    0.4     1.4    0 1199235    4907   10359    2542 ( 0.145%)  408855 (15.2%)    7.678 -1.397e+05     -7.678      0.000      0.000      N/A
   7    0.3     1.9    0  748142    3657    7967    1761 ( 0.100%)  410560 (15.2%)    7.678 -1.400e+05     -7.678      0.000      0.000      N/A
   8    0.3     2.4    0  491945    2591    5798    1206 ( 0.069%)  412372 (15.3%)    7.678 -1.400e+05     -7.678      0.000      0.000      N/A
   9    0.2     3.1    0  326269    1770    4036     726 ( 0.041%)  413985 (15.4%)    7.678 -1.400e+05     -7.678      0.000      0.000       26
  10    0.2     4.1    0  223074    1061    2565     435 ( 0.025%)  415275 (15.4%)    7.678 -1.400e+05     -7.678      0.000      0.000       24
  11    0.2     5.3    0  151303     654    1665     215 ( 0.012%)  416101 (15.4%)    7.678 -1.401e+05     -7.678      0.000      0.000       22
  12    0.2     6.9    0   90657     304     809      92 ( 0.005%)  416715 (15.5%)    7.678 -1.401e+05     -7.678      0.000      0.000       20
  13    0.1     9.0    0   36571     123     263      24 ( 0.001%)  417103 (15.5%)    7.678 -1.401e+05     -7.678      0.000      0.000       18
  14    0.1    11.6    0    9675      32      69       4 ( 0.000%)  417215 (15.5%)    7.678 -1.401e+05     -7.678      0.000      0.000       16
  15    0.1    15.1    0    3195       6       8       2 ( 0.000%)  417227 (15.5%)    7.678 -1.401e+05     -7.678      0.000      0.000       16
  16    0.1    19.7    0    2286       3       4       1 ( 0.000%)  417239 (15.5%)    7.678 -1.401e+05     -7.678      0.000      0.000       16
  17    0.1    25.6    0     307       1       1       2 ( 0.000%)  417231 (15.5%)    7.678 -1.401e+05     -7.678      0.000      0.000       17
  18    0.1    33.3    0     411       2       3       0 ( 0.000%)  417239 (15.5%)    7.678 -1.401e+05     -7.678      0.000      0.000      N/A
Restoring best routing
Critical path: 7.67752 ns
Successfully routed after 18 routing iterations.
Final Net Connection Criticality Histogram:
[        0:      0.1)  7446 ( 15.3%) |*********************************
[      0.1:      0.2)  4614 (  9.5%) |*********************
[      0.2:      0.3)  8510 ( 17.5%) |**************************************
[      0.3:      0.4)  4147 (  8.5%) |*******************
[      0.4:      0.5)  4555 (  9.4%) |********************
[      0.5:      0.6) 10037 ( 20.7%) |*********************************************
[      0.6:      0.7)  5956 ( 12.3%) |***************************
[      0.7:      0.8)  2357 (  4.9%) |***********
[      0.8:      0.9)   748 (  1.5%) |***
[      0.9:        1)   195 (  0.4%) |*
Router Stats: total_nets_routed: 84119 total_connections_routed: 157486 total_heap_pushes: 22265390 total_heap_pops: 6040645 
Serial Connection Router is being destroyed. Time spent on path search: 3.710 seconds.
# Routing took 8.38 seconds (max_rss 845.0 MiB, delta_rss +26.2 MiB)

Checking to ensure routing is legal...
# Checking to ensure non-configurable edges are legal
# Checking to ensure non-configurable edges are legal took 0.16 seconds (max_rss 845.0 MiB, delta_rss +0.0 MiB)
Completed routing consistency check successfully.

Serial number (magic cookie) for the routing is: 879802477
Circuit successfully routed with a channel width factor of 180.
Incr Slack updates 19 in 0.0378959 sec
Full Max Req/Worst Slack updates 3 in 0.00470485 sec
Incr Max Req/Worst Slack updates 16 in 0.033182 sec
Incr Criticality updates 15 in 0.0585572 sec
Full Criticality updates 4 in 0.0333379 sec
# Synchronize the packed netlist to routing optimization
## Annotating rr_node with routed nets
## Annotating rr_node with routed nets took 0.01 seconds (max_rss 845.0 MiB, delta_rss +0.0 MiB)
Found 43975 mismatches between routing and packing results.
Fixed 30771 routing traces due to mismatch between routing and packing results.
# Synchronize the packed netlist to routing optimization took 0.35 seconds (max_rss 845.0 MiB, delta_rss +0.0 MiB)
Final Clustering Statistics: 
----------   --------   ------------------------------------   --------------------------
Block Type   # Blocks   Avg. # of input clocks and pins used   Avg. # of output pins used
----------   --------   ------------------------------------   --------------------------
     EMPTY          0                                      0                            0   
        io       1084                              0.0295203                      0.97048   
       clb       1235                                27.9466                      15.3628   
   dsp_top        107                                40.9813                      20.1869   
    memory        194                                49.6598                      18.9691   
Absorbed logical nets 24200 out of 50065 nets, 25865 nets not absorbed.


Average number of bends per net: 1.55220  Maximum # of bends: 278

Number of global nets: 3
Number of routed nets (nonglobal): 25862
Wire length results (in units of 1 clb segments)...
	Total wirelength: 417239, average net length: 16.1333
	Maximum net length: 2260

Wire length results in terms of physical segments...
	Total wiring segments used: 93117, average wire segments per net: 3.60053
	Maximum segments used by a net: 503
	Total local nets with reserved CLB opins: 0
Total number of nets absorbed: 8

Routing channel utilization histogram:
[        1:      inf)    0 (  0.0%) |
[      0.9:        1)    0 (  0.0%) |
[      0.8:      0.9)    0 (  0.0%) |
[      0.7:      0.8)    2 (  0.0%) |
[      0.5:      0.6)  147 (  1.0%) |*
[      0.4:      0.5)  656 (  4.3%) |****
[      0.3:      0.4) 1454 (  9.6%) |**********
[      0.2:      0.3) 2431 ( 16.1%) |****************
[      0.1:      0.2) 3640 ( 24.0%) |*************************
[        0:      0.1) 6808 ( 45.0%) |**********************************************
Maximum routing channel utilization:      0.63 at (21,35)

X - Directed channels: layer   y   max occ   ave occ   ave cap
                        ----- ---- -------- -------- --------
                            0    0       57   28.093      180
                            0    1        6    0.744      180
                            0    2       16    1.907      180
                            0    3       28    3.721      180
                            0    4       46    6.093      180
                            0    5       44    6.372      180
                            0    6       59    9.163      180
                            0    7       58   15.791      180
                            0    8       51   15.570      180
                            0    9       32    9.814      180
                            0   10       43   14.244      180
                            0   11       67   19.919      180
                            0   12       57   20.849      180
                            0   13       34   12.674      180
                            0   14       44   19.384      180
                            0   15       56   21.640      180
                            0   16       80   23.860      180
                            0   17       79   26.279      180
                            0   18       82   31.919      180
                            0   19       69   31.000      180
                            0   20       69   28.372      180
                            0   21       64   26.535      180
                            0   22       71   26.279      180
                            0   23       74   23.442      180
                            0   24       73   20.721      180
                            0   25       52   15.419      180
                            0   26       69   21.895      180
                            0   27       85   24.256      180
                            0   28       68   27.035      180
                            0   29       76   25.163      180
                            0   30       75   26.709      180
                            0   31       74   25.163      180
                            0   32       78   26.953      180
                            0   33       75   29.628      180
                            0   34       83   35.791      180
                            0   35       95   41.593      180
                            0   36       97   46.930      180
                            0   37      101   47.279      180
                            0   38       81   39.535      180
                            0   39       80   36.058      180
                            0   40       98   45.419      180
                            0   41       99   44.198      180
                            0   42       94   39.616      180
                            0   43       98   44.686      180
                            0   44       93   39.988      180
                            0   45       93   32.372      180
                            0   46       65   34.756      180
                            0   47       82   41.419      180
                            0   48       85   39.360      180
                            0   49       81   39.570      180
                            0   50       84   37.605      180
                            0   51       96   44.930      180
                            0   52       82   45.895      180
                            0   53       86   40.453      180
                            0   54       83   38.302      180
                            0   55       74   29.860      180
                            0   56       79   25.849      180
                            0   57       93   26.419      180
                            0   58       88   25.360      180
                            0   59       72   23.360      180
                            0   60       76   25.198      180
                            0   61       79   26.849      180
                            0   62       80   29.291      180
                            0   63       99   41.977      180
                            0   64       85   36.116      180
                            0   65       87   34.872      180
                            0   66       95   40.233      180
                            0   67       74   41.023      180
                            0   68       78   38.314      180
                            0   69       86   38.244      180
                            0   70       84   39.570      180
                            0   71       85   41.384      180
                            0   72       88   36.802      180
                            0   73       86   32.733      180
                            0   74       85   37.186      180
                            0   75       71   26.930      180
                            0   76       61   23.093      180
                            0   77       54   17.512      180
                            0   78       61   12.814      180
                            0   79       47   10.360      180
                            0   80       41    7.895      180
                            0   81       52    6.965      180
                            0   82       34    6.663      180
                            0   83       11    3.488      180
                            0   84        8    1.581      180
                            0   85        4    0.977      180
                            0   86       56   27.895      180
Y - Directed channels: layer   x   max occ   ave occ   ave cap
                        ----- ---- -------- -------- --------
                            0    0       50   18.267      180
                            0    1       39   18.070      180
                            0    2       49   23.035      180
                            0    3       18    6.698      180
                            0    4       34   11.442      180
                            0    5       77   34.919      180
                            0    6       93   37.721      180
                            0    7       61   19.395      180
                            0    8       68   14.233      180
                            0    9       65   13.628      180
                            0   10       47   12.744      180
                            0   11       38    8.326      180
                            0   12       30    7.233      180
                            0   13       24    8.360      180
                            0   14       31   13.430      180
                            0   15       41   14.395      180
                            0   16       34   15.198      180
                            0   17       62   41.628      180
                            0   18       89   50.860      180
                            0   19       44   24.942      180
                            0   20       77   43.395      180
                            0   21      114   61.477      180
                            0   22      105   49.337      180
                            0   23       67   26.151      180
                            0   24       59   19.291      180
                            0   25       59   18.244      180
                            0   26       68   21.500      180
                            0   27       85   19.605      180
                            0   28       90   17.814      180
                            0   29       52   15.314      180
                            0   30       72   28.465      180
                            0   31       91   35.605      180
                            0   32       97   42.558      180
                            0   33      102   61.744      180
                            0   34      108   69.721      180
                            0   35      106   52.512      180
                            0   36       98   54.442      180
                            0   37      109   64.547      180
                            0   38      100   58.488      180
                            0   39       90   39.477      180
                            0   40       90   34.802      180
                            0   41       83   35.756      180
                            0   42       92   34.407      180
                            0   43       79   24.884      180
                            0   44       74   20.942      180
                            0   45       84   21.151      180
                            0   46       82   30.047      180
                            0   47       86   30.756      180
                            0   48       83   28.477      180
                            0   49       83   51.756      180
                            0   50      108   61.628      180
                            0   51       83   41.733      180
                            0   52       94   50.384      180
                            0   53       94   57.837      180
                            0   54       75   39.570      180
                            0   55       61   13.221      180
                            0   56       76   13.802      180
                            0   57       58   11.640      180
                            0   58       45   10.360      180
                            0   59       73   13.302      180
                            0   60       71   15.442      180
                            0   61       70   16.616      180
                            0   62       71   23.872      180
                            0   63       64   21.663      180
                            0   64       58   22.849      180
                            0   65       74   48.733      180
                            0   66       88   55.488      180
                            0   67       73   35.477      180
                            0   68       71   38.674      180
                            0   69       95   50.872      180
                            0   70       92   40.698      180
                            0   71       53   17.360      180
                            0   72       38   10.140      180
                            0   73       23    7.465      180
                            0   74       19    6.593      180
                            0   75       20    6.000      180
                            0   76       35    7.593      180
                            0   77       42   10.814      180
                            0   78       54   16.326      180
                            0   79       30   16.872      180
                            0   80       49   20.616      180
                            0   81       75   40.151      180
                            0   82       94   52.640      180
                            0   83       56   29.267      180
                            0   84       79   26.791      180
                            0   85       72   29.756      180
                            0   86       43   23.012      180

Total existing wires segments: CHANX   1346760, CHANY   1346760, CHANZ         0, ALL   2693520
Total used wires segments:     CHANX    201169, CHANY    216070, CHANZ         0, ALL    417239
Usage percentage:              CHANX     14.9%, CHANY     16.0%, CHANZ      0.0%, ALL     15.5%

Logic area (in minimum width transistor areas, excludes I/Os and empty grid tiles)...
	Total logic block area (Warning, need to add pitch of routing to blocks with height > 3): 2.4541e+08
	Total used logic block area: 8.83235e+07

Routing area (in minimum width transistor areas)...
	Total routing area: 1.06814e+08, per logic tile: 13793.2

Total Number of Wiring Segments by Direction: direction length number
                                              --------- ------ -------
                                                      X      4 301976
                                                      Y      4 301976
                                                      X     16  13192
                                                      Y     16  13192

X - Directed Wiring Segment usage by length: length utilization
                                             ------ -----------
                                             4       0.145
                                            16       0.133

Y - Directed Wiring Segment usage by length: length utilization
                                             ------ -----------
                                             4        0.15
                                            16       0.171

Segment occupancy by length: Length Occupancy Capacity Utilization
                             ------ --------- -------- -----------
                             L4         89102   603952       0.148
                             L16         4015    26384       0.152

Segment occupancy by type: name type utilization
                           ---- ---- -----------
                             L4    0       0.148
                            L16    1       0.152

Final hold Worst Negative Slack (hWNS): 0 ns
Final hold Total Negative Slack (hTNS): 0 ns
Final hold Worst Skew (hWS): 0 ns

Final hold slack histogram:
[  4.1e-11:  6.2e-10) 3670 (  7.0%) |*******************
[  6.2e-10:  1.2e-09) 8993 ( 17.0%) |**********************************************
[  1.2e-09:  1.8e-09) 6712 ( 12.7%) |**********************************
[  1.8e-09:  2.3e-09) 8785 ( 16.7%) |*********************************************
[  2.3e-09:  2.9e-09) 7955 ( 15.1%) |*****************************************
[  2.9e-09:  3.5e-09) 8143 ( 15.4%) |******************************************
[  3.5e-09:  4.1e-09) 5154 (  9.8%) |**************************
[  4.1e-09:  4.7e-09) 2022 (  3.8%) |**********
[  4.7e-09:  5.2e-09) 1068 (  2.0%) |*****
[  5.2e-09:  5.8e-09)  260 (  0.5%) |*

Final critical path delay (least slack): 7.67752 ns, Fmax: 130.25 MHz
Final critical path skew: -0.04243 ns
Final setup Worst Negative Slack (sWNS): -7.67752 ns
Final setup Total Negative Slack (sTNS): -140087 ns
Final setup Worst Skew (sWS): -0.04243 ns

Final setup slack histogram:
[ -7.7e-09: -6.9e-09)    39 (  0.1%) |
[ -6.9e-09: -6.2e-09)   118 (  0.2%) |
[ -6.2e-09: -5.4e-09)   526 (  1.0%) |**
[ -5.4e-09: -4.7e-09)  1673 (  3.2%) |******
[ -4.7e-09: -3.9e-09)  4961 (  9.4%) |****************
[ -3.9e-09: -3.2e-09) 10276 ( 19.5%) |**********************************
[ -3.2e-09: -2.4e-09) 10593 ( 20.1%) |***********************************
[ -2.4e-09: -1.7e-09) 13578 ( 25.7%) |*********************************************
[ -1.7e-09: -9.4e-10)  5800 ( 11.0%) |*******************
[ -9.4e-10: -1.9e-10)  5198 (  9.9%) |*****************

Final geomean non-virtual intra-domain period: 7.67752 ns (130.25 MHz)
Final fanout-weighted geomean non-virtual intra-domain period: 7.67752 ns (130.25 MHz)

Incr Slack updates 1 in 0.00244249 sec
Full Max Req/Worst Slack updates 1 in 0.0016346 sec
Incr Max Req/Worst Slack updates 0 in 0 sec
Incr Criticality updates 0 in 0 sec
Full Criticality updates 1 in 0.00908907 sec
Flow timing analysis took 11.5996 seconds (10.0612 STA, 1.53832 slack) (135 full updates: 115 setup, 0 hold, 20 combined).
VPR succeeded
The entire flow of VPR took 133.13 seconds (max_rss 845.0 MiB)

