VPR FPGA Placement and Routing.
Version: 9.0.0-dev+v8.0.0-18248-g40f8d19708
Revision: v8.0.0-18248-g40f8d19708
Compiled: 2026-09-22T03:43:48
Compiler: GNU 13.3.0 on Linux-5.15.0-119-generic x86_64
Build Info: release IPO VTR_ASSERT_LEVEL=2

University of Toronto
verilogtorouting.org
vtr-users@googlegroups.com
This is free open source code under MIT license.

VPR was run with the following command-line:
/inspire/hdd/project/project-public/changshunjie-253114010247/changshunjie-253114010247/workspace/DAC2027/vtr/vtr-verilog-to-routing/vpr/vpr /inspire/hdd/project/project-public/changshunjie-253114010247/changshunjie-253114010247/workspace/DAC2027/vtr/vtr-verilog-to-routing/vtr_flow/arch/COFFE_22nm/k6FracN10LB_mem20K_complexDSP_customSB_22nm.xml /inspire/hdd/project/project-public/changshunjie-253114010247/changshunjie-253114010247/workspace/DAC2027/TailCompile/experiments/vtr/runs/pilot_v1/attention_layer/full-seed1-w300/attention_layer.pre-vpr.blif --analytical_place --route --analysis --ap_full_legalizer flat-recon --ap_detailed_placer annealer --seed 12 --route_chan_width 120 --write_flat_place /inspire/hdd/project/project-public/changshunjie-253114010247/changshunjie-253114010247/workspace/DAC2027/TailCompile/vtr_work/tailcompile_v3/attention_layer/4x4/gnn_candidate-fp001f468b-flat-recon-annealer-seed12-w120-devw88/post_route.fplace --write_legalized_flat_place /inspire/hdd/project/project-public/changshunjie-253114010247/changshunjie-253114010247/workspace/DAC2027/TailCompile/vtr_work/tailcompile_v3/attention_layer/4x4/gnn_candidate-fp001f468b-flat-recon-annealer-seed12-w120-devw88/post_legalizer.fplace --flat_place_verbosity 1 --device_width 88 --net_file /inspire/hdd/project/project-public/changshunjie-253114010247/changshunjie-253114010247/workspace/DAC2027/TailCompile/vtr_work/tailcompile_v3/attention_layer/4x4/gnn_candidate-fp001f468b-flat-recon-annealer-seed12-w120-devw88/attention_layer.locked-input.net --read_flat_place /inspire/hdd/global_user/changshunjie-253114010247/workspace/DAC2027/TailCompile/experiments/vtr/tailcompile_v3/attention_layer/4x4/pools/bootstrap_24/candidate_19_seed13046.fplace

Using up to 1 parallel worker(s)

Architecture file: /inspire/hdd/project/project-public/changshunjie-253114010247/changshunjie-253114010247/workspace/DAC2027/vtr/vtr-verilog-to-routing/vtr_flow/arch/COFFE_22nm/k6FracN10LB_mem20K_complexDSP_customSB_22nm.xml
Circuit name: attention_layer.pre-vpr

# Loading Architecture Description
# Loading Architecture Description took 0.03 seconds (max_rss 33.5 MiB, delta_rss +0.0 MiB)

Timing analysis: ON
Circuit netlist file: /inspire/hdd/project/project-public/changshunjie-253114010247/changshunjie-253114010247/workspace/DAC2027/TailCompile/vtr_work/tailcompile_v3/attention_layer/4x4/gnn_candidate-fp001f468b-flat-recon-annealer-seed12-w120-devw88/attention_layer.locked-input.net
Circuit placement file: attention_layer.pre-vpr.place
Circuit routing file: attention_layer.pre-vpr.route
Circuit SDC file: attention_layer.pre-vpr.sdc
Vpr floorplanning constraints file: not specified

Packer: DISABLED
Placer: DISABLED
Analytical Placer: ENABLED
Router: ENABLED
Analysis: ENABLED

VPR was run with the following options:

netlist_opts.absorb_buffer_luts            : true
netlist_opts.sweep_dangling_primary_ios    : true
netlist_opts.sweep_dangling_nets           : true
netlist_opts.sweep_dangling_blocks         : true
netlist_opts.sweep_constant_primary_outputs: false
netlist_opts.netlist_verbosity             : 1
netlist_opts.const_gen_inference           : COMB_SEQ

AnalyticalPlacerOpts.analytical_solver_type: lp-b2b
AnalyticalPlacerOpts.partial_legalizer_type: bipartitioning
AnalyticalPlacerOpts.full_legalizer_type: flat-recon
AnalyticalPlacerOpts.detailed_placer_type: annealer
AnalyticalPlacerOpts.ap_timing_tradeoff: 0.500000
AnalyticalPlacerOpts.ap_high_fanout_threshold: 256
AnalyticalPlacerOpts.log_verbosity: 1
router_opts.route_type: DETAILED
router_opts.flat_routing: false
router_opts.choke_points: on
router_opts.router_algorithm: TIMING_DRIVEN
router_opts.base_cost_type: DELAY_NORMALIZED_LENGTH
router_opts.fixed_channel_width: 120
router_opts.check_route: FULL
router_opts.acc_fac: 1.000000
router_opts.bb_factor: 3
router_opts.bend_cost: 0.000000
router_opts.first_iter_pres_fac: 0.000000
router_opts.initial_pres_fac: 0.500000
router_opts.pres_fac_mult: 1.300000
router_opts.max_pres_fac: 1000.000000
router_opts.max_router_iterations: 50
router_opts.min_incremental_reroute_fanout: 16
router_opts.initial_acc_cost_chan_congestion_threshold: 0.500000
router_opts.initial_acc_cost_chan_congestion_weight: 0.500000
router_opts.do_check_rr_graph: true
router_opts.verify_binary_search: false
router_opts.min_channel_width_hint: 0
router_opts.read_rr_edge_metadata: false
router_opts.exit_after_first_routing_iteration: false
router_opts.astar_fac: 1.200000
router_opts.astar_offset: 0.000000
router_opts.router_profiler_astar_fac: 1.200000
router_opts.enable_parallel_connection_router: false
router_opts.post_target_prune_fac: 1.200000
router_opts.post_target_prune_offset: 0
router_opts.multi_queue_num_threads: 1
router_opts.multi_queue_num_queues: 2
router_opts.multi_queue_direct_draining: false
router_opts.criticality_exp: 1.000000
router_opts.max_criticality: 0.990000
router_opts.init_wirelength_abort_threshold: 0.850000
router_opts.incr_reroute_delay_ripup: AUTO
router_opts.save_routing_per_iteration: false
router_opts.congested_routing_iteration_threshold_frac: 1.000000
router_opts.high_fanout_threshold: 64
router_opts.router_debug_net: -2
router_opts.router_debug_sink_rr: -2
router_opts.router_debug_iteration: -2
router_opts.max_convergence_count: 1
router_opts.reconvergence_cpd_threshold: 0.990000
router_opts.update_lower_bound_delays: true
router_opts.first_iteration_timing_report_file: 
router_opts.route_bb_update: DYNAMIC
router_opts.lookahead_type: MAP
router_opts.initial_timing: LOOKAHEAD
router_opts.router_heap: FOUR_ARY_HEAP
router_opts.routing_failure_predictor = SAFE
router_opts.routing_predictor_min_history: 8
router_opts.routing_budgets_algorithm = DISABLE

analysis_opts.gen_post_synthesis_netlist: false
analysis_opts.gen_post_implementation_merged_netlist: false
analysis_opts.gen_post_implementation_sdc: false
analysis_opts.timing_report_npaths: 100
analysis_opts.timing_report_skew: false
analysis_opts.echo_dot_timing_graph_node: -1
analysis_opts.timing_report_detail: NETLIST
analysis_opts.post_synth_netlist_unconn_input_handling: UNCONNECTED
analysis_opts.post_synth_netlist_unconn_output_handling: UNCONNECTED
analysis_opts.post_synth_netlist_module_parameters: on

# Building complex block graph
# Building complex block graph took 0.08 seconds (max_rss 33.5 MiB, delta_rss +0.0 MiB)
Circuit file: /inspire/hdd/project/project-public/changshunjie-253114010247/changshunjie-253114010247/workspace/DAC2027/TailCompile/experiments/vtr/runs/pilot_v1/attention_layer/full-seed1-w300/attention_layer.pre-vpr.blif
# Load circuit
Found 4 constant generator(s) in the netlist (2 constant-zero, 2 constant-one) (run with --netlist_verbosity 2 to list names)
# Load circuit took 0.54 seconds (max_rss 134.5 MiB, delta_rss +101.0 MiB)
# Clean circuit
Absorbed 7975 LUT buffers
Found 1090 primitive output pin(s) driven only by constants; marked them as constants
Swept input(s)      : 7
Swept output(s)     : 0 (0 dangling, 0 constant)
Swept net(s)        : 10126
Swept block(s)      : 33
Constant Pins Marked: 1090
# Clean circuit took 0.13 seconds (max_rss 134.5 MiB, delta_rss +0.0 MiB)
# Compress circuit
# Compress circuit took 0.06 seconds (max_rss 134.5 MiB, delta_rss +0.0 MiB)
# Verify circuit
# Verify circuit took 0.02 seconds (max_rss 134.5 MiB, delta_rss +0.0 MiB)
Circuit Statistics:
  Blocks: 40113
    .input            :    1052
    .latch            :    8844
    .names            :   17218
        0-LUT:       3
        1-LUT:    5989
        2-LUT:     920
        3-LUT:    4530
        4-LUT:    3023
        5-LUT:    1163
        6-LUT:    1590
    .output           :      32
    adder             :    9150
    addition_fp_clk_16:       1
    dual_port_ram     :    3680
    multiply          :     136
  Nets  : 50065
    Avg Fanout:     2.9
    Max Fanout: 12525.0
    Min Fanout:     1.0
  Netlist Clocks: 1
# Build Timing Graph
  Timing Graph Nodes: 245193
  Timing Graph Edges: 446068
  Timing Graph Levels: 66
# Build Timing Graph took 0.23 seconds (max_rss 202.0 MiB, delta_rss +63.2 MiB)
Netlist contains 1 clocks
  Netlist Clock 'clk' Fanout: 12525 pins (6.5%), 12525 blocks (31.2%)
# Load Timing Constraints

SDC file 'attention_layer.pre-vpr.sdc' not found
Setting default timing constraints:
   * constrain all primary inputs and primary outputs on netlist clock 'clk'
   * optimize netlist clock to run as fast as possible
Timing constraints created 1 clocks
  Constrained Clock 'clk' Source: 'clk.inpad[0]'

# Load Timing Constraints took 0.00 seconds (max_rss 202.0 MiB, delta_rss +0.0 MiB)
# Analytical Placement
## Prepacker

There is one chain in this architecture called "chain" with the following starting points:
	clb[0]/lab[0]/fle[0]/ble5[0]/arithmetic[0]/adder[0].cin[0]

## Prepacker took 0.04 seconds (max_rss 202.0 MiB, delta_rss +0.0 MiB)
## Initializing Pre-Cluster Timing
Using inter-cluster delay: 2.1832e-09
## Initializing Pre-Cluster Timing took 0.38 seconds (max_rss 207.2 MiB, delta_rss +5.2 MiB)
## Estimate Device Size
Device layout 'auto' with fixed width 88.
FPGA sized to 88 x 88: 7744 grid tiles (auto)
## Estimate Device Size took 0.00 seconds (max_rss 207.2 MiB, delta_rss +0.0 MiB)
## Ram Mapper
Flat Placement is provided, skipping the RAM mapping.
## Ram Mapper took 0.00 seconds (max_rss 207.2 MiB, delta_rss +0.0 MiB)
## Read Atom Netlist to AP Netlist
## Read Atom Netlist to AP Netlist took 0.29 seconds (max_rss 276.0 MiB, delta_rss +68.8 MiB)
Analytical Placement Netlist Statistics:
	AP Blocks: 25061
		Moveable AP Blocks: 25061
		Fixed AP Blocks: 0
	AP Nets: 34982
		Average Fanout: 2.94
		Highest Fanout: 257
	AP Pins: 193913

## Computing placement delta delay look-up
### Build routing resource graph
### Build routing resource graph took 4.30 seconds (max_rss 681.9 MiB, delta_rss +405.8 MiB)
  RR Graph Nodes: 1544620
  RR Graph Edges: 13178036
### Computing router lookahead map
#### Computing wire lookahead
#### Computing wire lookahead took 4.94 seconds (max_rss 681.9 MiB, delta_rss +0.0 MiB)
#### Computing src/opin lookahead
Warning 1: Found no more sample locations for SOURCE in io
Warning 2: Found no more sample locations for OPIN in io
Warning 3: Found no more sample locations for SOURCE in clb
Warning 4: Found no more sample locations for OPIN in clb
Warning 5: Found no more sample locations for SOURCE in dsp_top
Warning 6: Found no more sample locations for OPIN in dsp_top
Warning 7: Found no more sample locations for SOURCE in memory
Warning 8: Found no more sample locations for OPIN in memory
#### Computing src/opin lookahead took 0.18 seconds (max_rss 681.9 MiB, delta_rss +0.0 MiB)
### Computing router lookahead map took 5.14 seconds (max_rss 681.9 MiB, delta_rss +0.0 MiB)
Serial Connection Router is being destroyed. Time spent on path search: 0.000 seconds.
## Computing placement delta delay look-up took 9.70 seconds (max_rss 681.9 MiB, delta_rss +405.8 MiB)
Flat Placement is provided in the AP flow, skipping the Global Placement.
0 of 25061 molecules placed at device center (no atoms of these molecules found in flat placement).
## AP Full Legalizer
### Creating Clusters
Device (width, height): (88,88)
#### Sorting and Grouping Blocks by Tile
#### Sorting and Grouping Blocks by Tile took 0.01 seconds (max_rss 681.9 MiB, delta_rss +0.0 MiB)
#### Reconstruction Pass Clustering
#### Reconstruction Pass Clustering took 57.55 seconds (max_rss 681.9 MiB, delta_rss +0.0 MiB)
#### Orphan Window Clustering with search radius 8
#### Orphan Window Clustering with search radius 8 took 0.02 seconds (max_rss 681.9 MiB, delta_rss +0.0 MiB)
FPGA sized to 88 x 88: 7744 grid tiles (auto)
Device Utilization: 0.28 (target 1.00)
	Block Utilization: 0.39 Type: io
	Block Utilization: 0.19 Type: clb
	Block Utilization: 0.85 Type: dsp_top
	Block Utilization: 0.75 Type: memory

----------------------------------------------------------------
                       Clustering Summary                       
----------------------------------------------------------------
Clusters created (Self Clustering)                       : 2605
    memory     : 194
    dsp_top    : 107
    clb        : 1220
    io         : 1084
Clusters created (Orphan Window Clustering)              : 12
    clb        : 12
Total clusters                                           : 2617
Percent of clusters created in Orphan Window Clustering  : 0.46%
Molecules clustered in each stage breakdown  : (Total of 25061)
	Self Clustering          (0.998963)  : 25035
 	Neighbor Clustering      (0.000000)  : 0
	Orphan Window Clustering (0.001037)  : 26
----------------------------------------------------------------

Final Clustering Statistics: 
----------   --------   ------------------------------------   --------------------------
Block Type   # Blocks   Avg. # of input clocks and pins used   Avg. # of output pins used
----------   --------   ------------------------------------   --------------------------
     EMPTY          0                                      0                            0   
        io       1084                              0.0295203                      0.97048   
       clb       1232                                28.0146                      15.4002   
   dsp_top        107                                40.9813                      20.1869   
    memory        194                                49.6598                      18.9691   
Absorbed logical nets 24200 out of 50065 nets, 25865 nets not absorbed.
#### Load packing
##### Loading packed FPGA netlist file.
Netlist generated from file '/inspire/hdd/project/project-public/changshunjie-253114010247/changshunjie-253114010247/workspace/DAC2027/TailCompile/vtr_work/tailcompile_v3/attention_layer/4x4/gnn_candidate-fp001f468b-flat-recon-annealer-seed12-w120-devw88/attention_layer.locked-input.net'.
Detected 3 constant generators (to see names run with higher pack verbosity)
##### Loading packed FPGA netlist file. took 2.02 seconds (max_rss 751.2 MiB, delta_rss +69.4 MiB)
Warning 9: Treated 2 constant nets as global which will not be routed (to see net names increase packer verbosity).
Netlist contains 5542 global net to non-global architecture pin connections
Found 2 logic block(s) with only 1 output pin and no inputs; they may be constant generators (run with --pack_verbosity 3 to list them)
Completed clustering consistency check successfully.
Cluster level netlist and block usage statistics
Netlist num_nets: 25865
Netlist num_blocks: 2617
Netlist EMPTY blocks: 0.
Netlist io blocks: 1084.
Netlist clb blocks: 1232.
Netlist dsp_top blocks: 107.
Netlist memory blocks: 194.
Netlist inputs pins: 1052
Netlist output pins: 32

Pb types usage...
  io                   : 1084
   inpad               : 1052
   outpad              : 32
  clb                  : 1232
   lab                 : 1232
    fle                : 11238
     ble5              : 19054
      flut5            : 9904
       lut5            : 9613
        lut            : 9613
       ff              : 8130
      arithmetic       : 9150
       lut4            : 6015
        lut            : 6015
       adder           : 9150
     ble6              : 1590
      lut6             : 1590
       lut             : 1590
      ff               : 714
  dsp_top              : 107
   dsp                 : 107
    dsp_pb             : 107
     two_mult_18x19    : 136
      mult_18x19       : 136
     adder_fp16        : 1
  memory               : 194
   mem_1024x20_dp      : 194
    memory_slice       : 3680

#### Load packing took 2.39 seconds (max_rss 751.2 MiB, delta_rss +69.4 MiB)
Netlist contains 5542 global net to non-global architecture pin connections
Found 2 logic block(s) with only 1 output pin and no inputs; they may be constant generators (run with --pack_verbosity 3 to list them)
Cluster level netlist and block usage statistics
Netlist num_nets: 25865
Netlist num_blocks: 2617
Netlist EMPTY blocks: 0.
Netlist io blocks: 1084.
Netlist clb blocks: 1232.
Netlist dsp_top blocks: 107.
Netlist memory blocks: 194.
Netlist inputs pins: 1052
Netlist output pins: 32
### Creating Clusters took 61.13 seconds (max_rss 751.2 MiB, delta_rss +69.4 MiB)
Completed clustering consistency check successfully.
FPGA sized to 88 x 88: 7744 grid tiles (auto)
### Compressed grid construction
### Compressed grid construction took 0.00 seconds (max_rss 751.2 MiB, delta_rss +0.0 MiB)
### Initial Placement
Placing clusters that are part of larger macros...
Number of blocks to be placed: 16
Max distance on device: 176
---- ---------- ---------- -------------
Pass Max Displ. Num Blocks Num Blocks   
     Threshold  Placed     Left Unplaced
---- ---------- ---------- -------------
   0          0         12             4
   1          1          4             0

Placing general clusters...
Number of blocks to be placed: 2601
Max distance on device: 176
---- ---------- ---------- -------------
Pass Max Displ. Num Blocks Num Blocks   
     Threshold  Placed     Left Unplaced
---- ---------- ---------- -------------
   0          0       2589            12
   1          1          2            10
   2          2          3             7
   3          4          7             0

### Initial Placement took 0.01 seconds (max_rss 751.2 MiB, delta_rss +0.0 MiB)
Flat Placement Reconstruction Info:
	Percent of clusters with reconstruction errors: 0.267482
	Total displacement of initial placement from flat placement: 15121.000000
	Average atom displacement of initial placement from flat placement: 0.376960
	Max atom displacement of initial placement from flat placement: 66.000000
	Percent of atoms misplaced from the flat placement: 1.219056
## AP Full Legalizer took 61.44 seconds (max_rss 751.2 MiB, delta_rss +69.4 MiB)

Resource usage...
	Netlist
		1084	blocks of type: io
	Architecture
		2752	blocks of type: io
	Netlist
		1232	blocks of type: clb
	Architecture
		6376	blocks of type: clb
	Netlist
		107	blocks of type: dsp_top
	Architecture
		126	blocks of type: dsp_top
	Netlist
		194	blocks of type: memory
	Architecture
		258	blocks of type: memory

Device Utilization: 0.28 (target 1.00)
	Physical Tile io:
	Block Utilization: 0.39 Logical Block: io
	Physical Tile clb:
	Block Utilization: 0.19 Logical Block: clb
	Physical Tile dsp_top:
	Block Utilization: 0.85 Logical Block: dsp_top
	Physical Tile memory:
	Block Utilization: 0.75 Logical Block: memory

## Computing placement delta delay look-up
RR graph channel widths unchanged, skipping RR graph rebuild
Serial Connection Router is being destroyed. Time spent on path search: 0.000 seconds.
## Computing placement delta delay look-up took 0.02 seconds (max_rss 751.2 MiB, delta_rss +0.0 MiB)
Using simple RL 'Softmax agent' for choosing move and block types

Completed placement consistency check successfully.
Initial placement cost: 1 bb_cost: 8811.94 td_cost: 1.64546e-05
Initial placement BB estimate of wirelength: 1.057e+06
Initial placement estimated Critical Path Delay (CPD): 17.3621 ns
Initial placement estimated setup Total Negative Slack (sTNS): -129276 ns
Initial placement estimated setup Worst Negative Slack (sWNS): -17.3621 ns

Initial placement estimated setup slack histogram:
[ -1.7e-08: -1.6e-08)     1 (  0.0%) |
[ -1.6e-08: -1.4e-08)    12 (  0.0%) |
[ -1.4e-08: -1.2e-08)    34 (  0.1%) |
[ -1.2e-08:   -1e-08)   119 (  0.2%) |
[   -1e-08: -8.8e-09)   269 (  0.5%) |
[ -8.8e-09: -7.1e-09)   745 (  1.4%) |*
[ -7.1e-09: -5.3e-09)  1405 (  2.7%) |**
[ -5.3e-09: -3.6e-09)  2486 (  4.7%) |****
[ -3.6e-09: -1.9e-09) 27558 ( 52.2%) |*********************************************
[ -1.9e-09: -1.9e-10) 20133 ( 38.2%) |*********************************
Placement contains 8 placement macros involving 16 blocks (average macro size 2.000000)

Moves per temperature: 18027
## AP Detailed Placer

---- ------ ------- ------- ---------- ---------- ------- ---------- -------- ------- ------- ------ -------- --------- ------
Tnum  Time     T    AvCost  Av BB Cost Av TD Cost   CPD      sTNS      sWNS   AcRate  StdDev  R lim  CritExp  TotMoves  Alpha 
     (sec)                                          (ns)     (ns)      (ns)                                                   
---- ------ ------- ------- ---------- ---------- ------- ---------- -------- ------- ------- ------ -------- --------- ------
   1    0.2 7.6e-04   0.979    7277.37 1.4498e-05  15.332   -1.2e+05  -15.332   0.837  0.0151   87.0     1.00      18027  1.000
   2    0.2 6.8e-04   0.974    7258.45 1.6564e-05  13.320   -1.2e+05  -13.320   0.830  0.0075   87.0     1.00      36054  0.900
   3    0.2 6.2e-04   0.962    6974.12 1.8428e-05  11.690  -1.21e+05  -11.690   0.811  0.0141   87.0     1.00      54081  0.900
   4    0.2 5.5e-04   0.967    6725.86 1.5466e-05  13.490  -1.16e+05  -13.490   0.797  0.0101   87.0     1.00      72108  0.900
   5    0.2 5.3e-04   0.957    6323.27 1.7235e-05  11.635  -1.17e+05  -11.635   0.785  0.0190   87.0     1.00      90135  0.950
   6    0.2 5.0e-04   0.971    5921.93 1.5791e-05  12.010  -1.16e+05  -12.010   0.764  0.0106   87.0     1.00     108162  0.950
   7    0.2 4.8e-04   0.965    5759.33 1.6467e-05  11.275  -1.15e+05  -11.275   0.757  0.0121   87.0     1.00     126189  0.950
   8    0.2 4.5e-04   0.969    5519.38 1.6378e-05  10.969  -1.15e+05  -10.969   0.760  0.0167   87.0     1.00     144216  0.950
   9    0.2 4.3e-04   0.962    5088.57 1.6615e-05  10.278  -1.16e+05  -10.278   0.732  0.0154   87.0     1.00     162243  0.950
  10    0.2 4.1e-04   0.983    4995.45 1.6046e-05  10.464  -1.14e+05  -10.464   0.728  0.0109   87.0     1.00     180270  0.950
  11    0.2 3.9e-04   0.959    4722.65 1.4989e-05  10.946  -1.16e+05  -10.946   0.719  0.0138   87.0     1.00     198297  0.950
  12    0.2 3.7e-04   0.969    4444.64 1.5746e-05   9.962  -1.14e+05   -9.962   0.708  0.0118   87.0     1.00     216324  0.950
  13    0.2 3.5e-04   0.973    4305.90 1.4745e-05  10.408  -1.11e+05  -10.408   0.696  0.0096   87.0     1.00     234351  0.950
  14    0.2 3.3e-04   0.981    4198.87 1.4984e-05  10.131  -1.12e+05  -10.131   0.691  0.0119   87.0     1.00     252378  0.950
  15    0.2 3.2e-04   0.976    4008.10 1.4289e-05  10.364  -1.11e+05  -10.364   0.684  0.0141   87.0     1.00     270405  0.950
  16    0.2 3.0e-04   0.999    3950.23 1.4615e-05   9.965   -1.1e+05   -9.965   0.676  0.0056   87.0     1.00     288432  0.950
  17    0.2 2.8e-04   0.994    3929.66 1.3806e-05  10.559  -1.09e+05  -10.559   0.680  0.0036   87.0     1.00     306459  0.950
  18    0.2 2.7e-04   0.975    3834.24 1.4713e-05   9.783   -1.1e+05   -9.783   0.669  0.0106   87.0     1.00     324486  0.950
  19    0.2 2.6e-04   0.985    3714.06 1.3652e-05  10.347  -1.08e+05  -10.347   0.657  0.0096   87.0     1.00     342513  0.950
  20    0.2 2.4e-04   0.975    3571.39 1.4172e-05   9.765  -1.08e+05   -9.765   0.640  0.0071   87.0     1.00     360540  0.950
  21    0.2 2.3e-04   0.985    3524.82 1.5305e-05   8.914  -1.08e+05   -8.914   0.639  0.0072   87.0     1.00     378567  0.950
  22    0.2 2.2e-04   0.995    3463.16 1.4141e-05   9.481  -1.07e+05   -9.481   0.633  0.0039   87.0     1.00     396594  0.950
  23    0.2 2.1e-04   0.984    3402.75 1.3614e-05   9.859  -1.07e+05   -9.859   0.619  0.0071   87.0     1.00     414621  0.950
  24    0.2 2.0e-04   0.989    3389.11 1.3679e-05   9.748  -1.07e+05   -9.748   0.623  0.0055   87.0     1.00     432648  0.950
  25    0.2 1.9e-04   0.987    3339.61 1.4646e-05   8.981  -1.06e+05   -8.981   0.606  0.0040   87.0     1.00     450675  0.950
  26    0.2 1.8e-04   0.984    3300.04 1.341e-05    9.775  -1.07e+05   -9.775   0.606  0.0069   87.0     1.00     468702  0.950
  27    0.2 1.7e-04   0.986    3239.74 1.3671e-05   9.473  -1.06e+05   -9.473   0.595  0.0065   87.0     1.00     486729  0.950
  28    0.2 1.6e-04   0.993    3195.87 1.4109e-05   9.065  -1.03e+05   -9.065   0.583  0.0056   87.0     1.00     504756  0.950
  29    0.2 1.5e-04   0.991    3154.26 1.4502e-05   8.796  -1.05e+05   -8.796   0.569  0.0042   87.0     1.00     522783  0.950
  30    0.2 1.5e-04   0.988    3115.65 1.3781e-05   9.185  -1.06e+05   -9.185   0.562  0.0045   87.0     1.00     540810  0.950
  31    0.2 1.4e-04   0.986    3069.27 1.4045e-05   8.927  -1.05e+05   -8.927   0.549  0.0056   87.0     1.00     558837  0.950
  32    0.2 1.3e-04   0.990    3043.91 1.3134e-05   9.453  -1.06e+05   -9.453   0.549  0.0034   87.0     1.00     576864  0.950
  33    0.2 1.3e-04   0.987    2997.97 1.3623e-05   9.019  -1.04e+05   -9.019   0.529  0.0052   87.0     1.00     594891  0.950
  34    0.2 1.2e-04   0.988    2948.64 1.422e-05    8.541  -1.04e+05   -8.541   0.518  0.0047   87.0     1.00     612918  0.950
  35    0.2 1.1e-04   0.998    2951.07 1.4183e-05   8.526  -1.04e+05   -8.526   0.515  0.0022   87.0     1.00     630945  0.950
  36    0.2 1.1e-04   0.987    2901.46 1.3851e-05   8.683  -1.03e+05   -8.683   0.499  0.0053   87.0     1.00     648972  0.950
  37    0.2 1.0e-04   0.991    2871.55 1.3244e-05   9.008  -1.05e+05   -9.008   0.489  0.0044   87.0     1.00     666999  0.950
  38    0.2 9.7e-05   0.989    2835.32 1.3205e-05   8.963  -1.04e+05   -8.963   0.474  0.0048   87.0     1.00     685026  0.950
  39    0.2 9.2e-05   0.991    2819.41 1.3565e-05   8.654  -1.03e+05   -8.654   0.470  0.0035   87.0     1.00     703053  0.950
  40    0.2 8.7e-05   0.989    2794.88 1.3247e-05   8.785  -1.02e+05   -8.785   0.453  0.0038   87.0     1.00     721080  0.950
  41    0.2 8.3e-05   0.995    2786.70 1.3437e-05   8.656  -1.04e+05   -8.656   0.441  0.0031   87.0     1.00     739107  0.950
  42    0.2 7.9e-05   0.990    2760.22 1.2699e-05   9.078  -1.03e+05   -9.078   0.434  0.0034   87.0     1.00     757134  0.950
  43    0.2 7.5e-05   0.989    2721.92 1.2153e-05   9.087  -1.01e+05   -9.087   0.413  0.0046   86.5     1.04     775161  0.950
  44    0.2 7.1e-05   0.989    2693.58 9.936e-06    9.323  -1.02e+05   -9.323   0.412  0.0042   84.2     1.23     793188  0.950
  45    0.2 6.8e-05   0.990    2675.62 9.1864e-06   8.716  -1.02e+05   -8.716   0.403  0.0035   81.8     1.42     811215  0.950
  46    0.2 6.4e-05   0.991    2663.79 8.3983e-06   8.153  -1.01e+05   -8.153   0.393  0.0042   78.8     1.67     829242  0.950
  47    0.2 6.1e-05   0.994    2650.51 6.7938e-06   8.164  -1.01e+05   -8.164   0.378  0.0029   75.1     1.97     847269  0.950
  48    0.2 5.8e-05   0.995    2648.22 4.9862e-06   8.448  -1.02e+05   -8.448   0.379  0.0023   70.4     2.35     865296  0.950
  49    0.2 5.5e-05   0.991    2633.36 4.2137e-06   8.318  -1.02e+05   -8.318   0.360  0.0032   66.1     2.70     883323  0.950
  50    0.2 5.2e-05   0.992    2609.97 3.3664e-06   8.252  -1.02e+05   -8.252   0.355  0.0040   60.8     3.13     901350  0.950
  51    0.2 5.0e-05   0.994    2593.20 2.8599e-06   8.065  -1.03e+05   -8.065   0.345  0.0029   55.6     3.55     919377  0.950
  52    0.2 4.7e-05   0.990    2578.13 2.5089e-06   7.914  -1.03e+05   -7.914   0.336  0.0030   50.4     3.98     937404  0.950
  53    0.2 4.5e-05   0.993    2554.19 2.0246e-06   7.973  -1.06e+05   -7.973   0.333  0.0029   45.1     4.41     955431  0.950
  54    0.2 4.3e-05   0.994    2532.35 1.6484e-06   8.037  -1.06e+05   -8.037   0.319  0.0020   40.3     4.80     973458  0.950
  55    0.2 4.1e-05   0.996    2519.28 1.3774e-06   8.037  -1.09e+05   -8.037   0.316  0.0032   35.4     5.20     991485  0.950
  56    0.2 3.8e-05   0.995    2495.57 1.2057e-06   8.037  -1.07e+05   -8.037   0.299  0.0021   31.0     5.56    1009512  0.950
  57    0.2 3.7e-05   0.995    2484.40 1.0374e-06   8.037  -1.08e+05   -8.037   0.301  0.0027   26.7     5.91    1027539  0.950
  58    0.2 3.5e-05   0.995    2473.38 9.8682e-07   7.914  -1.07e+05   -7.914   0.291  0.0021   23.0     6.21    1045566  0.950
  59    0.2 3.3e-05   0.992    2456.65 7.7966e-07   8.075  -1.08e+05   -8.075   0.289  0.0033   19.5     6.49    1063593  0.950
  60    0.2 3.1e-05   0.994    2444.70 8.2666e-07   7.888  -1.09e+05   -7.888   0.286  0.0031   16.6     6.73    1081620  0.950
  61    0.2 3.0e-05   0.997    2439.87 7.0256e-07   7.978  -1.06e+05   -7.978   0.280  0.0013   14.0     6.94    1099647  0.950
  62    0.2 2.8e-05   0.993    2416.90 6.3831e-07   7.978  -1.07e+05   -7.978   0.287  0.0034   11.8     7.12    1117674  0.950
  63    0.2 2.7e-05   0.995    2394.23 5.6798e-07   8.016  -1.08e+05   -8.016   0.278  0.0017   10.0     7.27    1135701  0.950
  64    0.2 2.6e-05   0.995    2380.25 5.311e-07    8.018  -1.06e+05   -8.018   0.269  0.0022    8.4     7.40    1153728  0.950
  65    0.2 2.4e-05   0.997    2369.14 5.0518e-07   8.018  -1.08e+05   -8.018   0.268  0.0014    6.9     7.52    1171755  0.950
  66    0.2 2.3e-05   0.996    2355.32 4.8203e-07   8.018  -1.09e+05   -8.018   0.261  0.0022    5.7     7.61    1189782  0.950
  67    0.2 2.2e-05   0.997    2340.37 4.8477e-07   7.957  -1.08e+05   -7.957   0.258  0.0014    4.7     7.70    1207809  0.950
  68    0.2 2.1e-05   0.998    2332.73 4.6626e-07   7.957  -1.07e+05   -7.957   0.255  0.0013    3.9     7.77    1225836  0.950
  69    0.2 2.0e-05   0.998    2327.27 4.166e-07    8.050  -1.07e+05   -8.050   0.255  0.0014    3.1     7.83    1243863  0.950
  70    0.2 1.9e-05   0.997    2315.51 4.0435e-07   8.050  -1.06e+05   -8.050   0.264  0.0017    2.6     7.87    1261890  0.950
  71    0.2 1.8e-05   0.997    2303.53 4.1663e-07   7.987  -1.06e+05   -7.987   0.247  0.0012    2.1     7.91    1279917  0.950
  72    0.2 1.7e-05   0.997    2295.98 4.072e-07    7.987  -1.06e+05   -7.987   0.261  0.0010    1.7     7.94    1297944  0.950
  73    0.2 1.6e-05   0.998    2289.12 4.0725e-07   7.987  -1.07e+05   -7.987   0.252  0.0008    1.4     7.97    1315971  0.950
  74    0.2 1.5e-05   0.999    2285.50 4.0545e-07   7.987  -1.06e+05   -7.987   0.241  0.0004    1.1     7.99    1333998  0.950
  75    0.2 1.5e-05   0.998    2281.55 3.9887e-07   7.987  -1.06e+05   -7.987   0.230  0.0009    1.0     8.00    1352025  0.950
  76    0.2 1.4e-05   0.998    2277.84 4.0086e-07   7.987  -1.05e+05   -7.987   0.228  0.0010    1.0     8.00    1370052  0.950
  77    0.2 1.3e-05   0.999    2273.45 3.9188e-07   7.987  -1.06e+05   -7.987   0.218  0.0006    1.0     8.00    1388079  0.950
  78    0.2 1.2e-05   0.999    2270.70 3.9754e-07   7.987  -1.07e+05   -7.987   0.212  0.0005    1.0     8.00    1406106  0.950
  79    0.2 1.2e-05   0.999    2270.35 3.9353e-07   7.987  -1.06e+05   -7.987   0.210  0.0007    1.0     8.00    1424133  0.950
  80    0.2 1.1e-05   0.999    2267.45 3.9009e-07   7.987  -1.06e+05   -7.987   0.200  0.0003    1.0     8.00    1442160  0.950
  81    0.2 1.1e-05   0.999    2266.20 3.9326e-07   7.987  -1.06e+05   -7.987   0.201  0.0006    1.0     8.00    1460187  0.950
  82    0.2 1.0e-05   0.999    2262.67 3.8719e-07   7.987  -1.06e+05   -7.987   0.186  0.0006    1.0     8.00    1478214  0.950
  83    0.2 9.6e-06   0.999    2259.82 3.8961e-07   7.987  -1.06e+05   -7.987   0.192  0.0004    1.0     8.00    1496241  0.950
  84    0.2 9.2e-06   0.999    2258.01 3.8882e-07   7.987  -1.05e+05   -7.987   0.180  0.0003    1.0     8.00    1514268  0.950
  85    0.2 8.7e-06   0.999    2254.78 3.8493e-07   7.987  -1.05e+05   -7.987   0.188  0.0003    1.0     8.00    1532295  0.950
  86    0.2 8.3e-06   0.999    2253.34 3.88e-07     7.987  -1.05e+05   -7.987   0.178  0.0004    1.0     8.00    1550322  0.950
  87    0.2 7.8e-06   0.999    2251.29 3.8704e-07   7.987  -1.05e+05   -7.987   0.178  0.0003    1.0     8.00    1568349  0.950
  88    0.2 7.5e-06   0.999    2250.09 3.8546e-07   7.987  -1.06e+05   -7.987   0.169  0.0003    1.0     8.00    1586376  0.950
  89    0.2 7.1e-06   0.999    2247.81 3.8564e-07   7.987  -1.06e+05   -7.987   0.169  0.0004    1.0     8.00    1604403  0.950
  90    0.2 6.7e-06   0.999    2245.65 3.8557e-07   7.987  -1.06e+05   -7.987   0.161  0.0003    1.0     8.00    1622430  0.950
  91    0.2 6.4e-06   0.999    2243.38 3.8531e-07   7.987  -1.06e+05   -7.987   0.163  0.0003    1.0     8.00    1640457  0.950
  92    0.2 6.1e-06   1.000    2242.39 3.8344e-07   7.987  -1.06e+05   -7.987   0.159  0.0002    1.0     8.00    1658484  0.950
  93    0.2 5.8e-06   0.999    2242.53 3.8351e-07   7.987  -1.06e+05   -7.987   0.155  0.0002    1.0     8.00    1676511  0.950
  94    0.2 5.5e-06   0.999    2241.10 3.8137e-07   7.987  -1.06e+05   -7.987   0.155  0.0003    1.0     8.00    1694538  0.950
  95    0.2 5.2e-06   1.000    2239.72 3.8167e-07   7.987  -1.06e+05   -7.987   0.152  0.0002    1.0     8.00    1712565  0.950
  96    0.2 4.9e-06   1.000    2238.12 3.8042e-07   7.987  -1.06e+05   -7.987   0.148  0.0001    1.0     8.00    1730592  0.950
Agent's 2nd state: 
  97    0.2 4.0e-06   0.999    2237.40 3.7951e-07   7.987  -1.06e+05   -7.987   0.144  0.0003    1.0     8.00    1748619  0.800
Checkpoint saved: bb_costs=2236.75, TD costs=3.81077e-07, CPD=  7.987 (ns) 
  98    0.2 3.2e-06   1.000    2236.27 3.8093e-07   7.987  -1.05e+05   -7.987   0.104  0.0002    1.0     8.00    1766646  0.800
  99    0.2 2.5e-06   1.000    2235.22 3.8049e-07   7.987  -1.06e+05   -7.987   0.097  0.0002    1.0     8.00    1784673  0.800
 100    0.2 2.0e-06   1.000    2234.50 3.807e-07    7.987  -1.05e+05   -7.987   0.097  0.0001    1.0     8.00    1802700  0.800
 101    0.2 1.6e-06   1.000    2233.81 3.8117e-07   7.987  -1.06e+05   -7.987   0.089  0.0002    1.0     8.00    1820727  0.800
 102    0.2 1.3e-06   1.000    2232.82 3.8237e-07   7.987  -1.05e+05   -7.987   0.089  0.0002    1.0     8.00    1838754  0.800
 103    0.2 1.0e-06   1.000    2232.78 3.8197e-07   7.987  -1.06e+05   -7.987   0.088  0.0001    1.0     8.00    1856781  0.800
 104    0.2 8.3e-07   1.000    2232.29 3.8233e-07   7.987  -1.05e+05   -7.987   0.085  0.0001    1.0     8.00    1874808  0.800
 105    0.2 6.6e-07   1.000    2231.69 3.8072e-07   7.987  -1.05e+05   -7.987   0.080  0.0001    1.0     8.00    1892835  0.800
 106    0.2 5.3e-07   1.000    2231.13 3.8242e-07   7.987  -1.06e+05   -7.987   0.085  0.0002    1.0     8.00    1910862  0.800
 107    0.2 4.2e-07   1.000    2230.97 3.8016e-07   7.987  -1.05e+05   -7.987   0.086  0.0001    1.0     8.00    1928889  0.800
 108    0.2 3.4e-07   1.000    2230.78 3.8105e-07   7.987  -1.06e+05   -7.987   0.083  0.0001    1.0     8.00    1946916  0.800
 109    0.2 2.7e-07   1.000    2230.85 3.7982e-07   7.987  -1.06e+05   -7.987   0.085  0.0001    1.0     8.00    1964943  0.800
 110    0.2 2.2e-07   1.000    2230.54 3.8077e-07   7.987  -1.05e+05   -7.987   0.083  0.0002    1.0     8.00    1982970  0.800
 111    0.2 0.0e+00   1.000    2230.34 3.8098e-07   7.987  -1.05e+05   -7.987   0.047  0.0001    1.0     8.00    2000997  0.800
### Placement Quench took 0.18 seconds (max_rss 751.2 MiB)
post-quench CPD = 7.98679 (ns) 

Completed placement consistency check successfully.

Swaps called: 2003614

Aborted Move Reasons:
  duplicate block move to location: 7
  macro move to location illegal: 8
  macro_from swap to location illegal: 1078

BB estimate of min-dist (placement) wire length: 267305

Placement estimated critical path delay (least slack): 7.98679 ns, Fmax: 125.207 MHz
Placement estimated critical path skew: -0.04243 ns
Placement estimated setup Worst Negative Slack (sWNS): -7.98679 ns
Placement estimated setup Total Negative Slack (sTNS): -105087 ns
Placement estimated setup Worst Skew (sWS): -0.04243 ns

Placement estimated setup slack histogram:
[   -8e-09: -7.2e-09)     9 (  0.0%) |
[ -7.2e-09: -6.4e-09)    76 (  0.1%) |
[ -6.4e-09: -5.6e-09)   164 (  0.3%) |
[ -5.6e-09: -4.9e-09)   521 (  1.0%) |*
[ -4.9e-09: -4.1e-09)   594 (  1.1%) |*
[ -4.1e-09: -3.3e-09)  2116 (  4.0%) |*****
[ -3.3e-09: -2.5e-09)  7543 ( 14.3%) |*******************
[ -2.5e-09: -1.8e-09) 18307 ( 34.7%) |*********************************************
[ -1.8e-09: -9.7e-10) 17477 ( 33.1%) |*******************************************
[ -9.7e-10: -1.9e-10)  5955 ( 11.3%) |***************

Placement estimated geomean non-virtual intra-domain period: 7.98679 ns (125.207 MHz)
Placement estimated fanout-weighted geomean non-virtual intra-domain period: 7.98679 ns (125.207 MHz)

Placement cost: 0.999732, bb_cost: 2229.9, td_cost: 3.80093e-07, 

Placement resource usage:
  io      implemented as io     : 1084
  clb     implemented as clb    : 1232
  dsp_top implemented as dsp_top: 107
  memory  implemented as memory : 194

Placement number of temperatures: 111
Placement total # of swap attempts: 2003614
	Swaps accepted:  755183 (37.7 %)
	Swaps rejected: 1238769 (61.8 %)
	Swaps aborted:    9662 ( 0.5 %)


Placement perturbation distribution by block and move type: 
------------------ ----------------- ---------------- ---------------- --------------- ------------ 
    Block Type         Move Type       (%) of Total      Accepted(%)     Rejected(%)    Aborted(%)
------------------ ----------------- ---------------- ---------------- --------------- ------------ 
io                 Uniform                9.82             55.26           44.74          0.00         
                   Median                 9.76             62.00           37.18          0.82         
                   Centroid               9.74             62.33           37.67          0.00         
                   W. Centroid            9.81             62.21           37.79          0.00         
                   W. Median              0.75             24.65           74.58          0.78         

clb                Uniform                11.08            6.86            93.04          0.10         
                   Median                 11.18            37.34           61.84          0.82         
                   Centroid               11.14            35.03           64.87          0.10         
                   W. Centroid            11.19            35.41           64.46          0.13         
                   W. Median              0.85             2.57            96.61          0.82         
                   Crit. Uniform          1.79             0.13            99.87          0.00         
                   Feasible Region        1.81             0.08            99.92          0.00         

dsp_top            Uniform                0.96             2.12            97.88          0.00         
                   Median                 0.97             4.64            90.91          4.46         
                   Centroid               0.97             4.69            90.56          4.74         
                   W. Centroid            0.96             4.40            91.45          4.16         
                   W. Median              0.08             0.00            88.44          11.56        

memory             Uniform                1.75             7.89            92.11          0.00         
                   Median                 1.75             15.89           79.72          4.39         
                   Centroid               1.75             13.12           85.25          1.62         
                   W. Centroid            1.75             12.71           87.29          0.00         
                   W. Median              0.13             2.82            85.59          11.60        


Placement Quench timing analysis took 0.0473448 seconds (0.0406377 STA, 0.00670711 slack) (1 full updates: 1 setup, 0 hold, 0 combined).
Placement Total  timing analysis took 5.67613 seconds (4.72876 STA, 0.947366 slack) (113 full updates: 113 setup, 0 hold, 0 combined).
update_td_costs: connections 0.0396086 nets 0 sum_nets 0.0206472 total 0.0604766
## AP Detailed Placer took 19.24 seconds (max_rss 759.8 MiB, delta_rss +8.5 MiB)
Incr Slack updates 113 in 0.188083 sec
Full Max Req/Worst Slack updates 40 in 0.0446869 sec
Incr Max Req/Worst Slack updates 73 in 0.107075 sec
Incr Criticality updates 48 in 0.152415 sec
Full Criticality updates 65 in 0.339147 sec
Incr Slack updates 1 in 0.00172519 sec
Full Max Req/Worst Slack updates 1 in 0.00119136 sec
Incr Max Req/Worst Slack updates 0 in 0 sec
Incr Criticality updates 0 in 0 sec
Full Criticality updates 1 in 0.00612889 sec
# Analytical Placement took 91.79 seconds (max_rss 759.8 MiB, delta_rss +557.8 MiB)


# Routing
RR graph channel widths unchanged, skipping RR graph rebuild
## Initializing router criticalities
Initial Net Connection Criticality Histogram:
[        0:      0.1) 7060 ( 14.5%) |****************************************
[      0.1:      0.2) 8031 ( 16.5%) |**********************************************
[      0.2:      0.3) 7652 ( 15.8%) |********************************************
[      0.3:      0.4) 2943 (  6.1%) |*****************
[      0.4:      0.5) 6229 ( 12.8%) |************************************
[      0.5:      0.6) 7911 ( 16.3%) |*********************************************
[      0.6:      0.7) 5973 ( 12.3%) |**********************************
[      0.7:      0.8) 1952 (  4.0%) |***********
[      0.8:      0.9)  657 (  1.4%) |****
[      0.9:        1)  157 (  0.3%) |*
## Initializing router criticalities took 0.64 seconds (max_rss 759.8 MiB, delta_rss +0.0 MiB)
---- ------ ------- ---- ------- ------- ------- ----------------- --------------- -------- ---------- ---------- ---------- ---------- --------
Iter   Time    pres  BBs    Heap  Re-Rtd  Re-Rtd Overused RR Nodes      Wirelength      CPD       sTNS       sWNS       hTNS       hWNS Est Succ
      (sec)     fac Updt    push    Nets   Conns                                       (ns)       (ns)       (ns)       (ns)       (ns)     Iter
---- ------ ------- ---- ------- ------- ------- ----------------- --------------- -------- ---------- ---------- ---------- ---------- --------
   1    1.0     0.0    0 5907757   25862   41715   24124 ( 1.562%)  420571 (23.4%)   10.276 -1.737e+05    -10.276      0.000      0.000      N/A
   2    1.0     0.5    0 5752537   19526   34309   13057 ( 0.845%)  416896 (23.2%)    7.686 -1.454e+05     -7.686      0.000      0.000      N/A
   3    0.9     0.6    0 5001937   14482   26851   11310 ( 0.732%)  424744 (23.7%)    7.686 -1.450e+05     -7.686      0.000      0.000      N/A
   4    0.9     0.8    0 4558862   12495   24037    9071 ( 0.587%)  429800 (23.9%)    7.871 -1.466e+05     -7.871      0.000      0.000      N/A
   5    0.8     1.1    0 4044330   10456   20918    6679 ( 0.432%)  435075 (24.2%)    7.794 -1.469e+05     -7.794      0.000      0.000      N/A
   6    0.7     1.4    0 3139979    8398   16978    4981 ( 0.322%)  439758 (24.5%)    7.794 -1.481e+05     -7.794      0.000      0.000      N/A
   7    0.5     1.9    0 2218029    6468   13338    3579 ( 0.232%)  444604 (24.8%)    7.803 -1.477e+05     -7.803      0.000      0.000      N/A
   8    0.4     2.4    0 1552138    4803   10465    2447 ( 0.158%)  448843 (25.0%)    7.803 -1.488e+05     -7.803      0.000      0.000      N/A
   9    0.3     3.1    0  908221    3417    7484    1635 ( 0.106%)  452394 (25.2%)    7.820 -1.492e+05     -7.820      0.000      0.000       30
  10    0.2     4.1    0  609002    2291    5355    1037 ( 0.067%)  455581 (25.4%)    7.820 -1.493e+05     -7.820      0.000      0.000       28
  11    0.2     5.3    0  426737    1534    3645     638 ( 0.041%)  458245 (25.5%)    7.820 -1.494e+05     -7.820      0.000      0.000       27
  12    0.2     6.9    0  275022     956    2349     383 ( 0.025%)  460028 (25.6%)    7.820 -1.495e+05     -7.820      0.000      0.000       25
  13    0.2     9.0    0  231306     570    1478     200 ( 0.013%)  461607 (25.7%)    7.820 -1.495e+05     -7.820      0.000      0.000       24
  14    0.2    11.6    0  116616     294     783      82 ( 0.005%)  462591 (25.8%)    7.820 -1.495e+05     -7.820      0.000      0.000       23
  15    0.1    15.1    0   73025     144     426      40 ( 0.003%)  462975 (25.8%)    7.820 -1.495e+05     -7.820      0.000      0.000       22
  16    0.1    19.7    0   49388      81     194      22 ( 0.001%)  463227 (25.8%)    7.820 -1.495e+05     -7.820      0.000      0.000       21
  17    0.1    25.6    0   36089      57     124      11 ( 0.001%)  463375 (25.8%)    7.820 -1.495e+05     -7.820      0.000      0.000       21
  18    0.1    33.3    0   14932      50      95       7 ( 0.000%)  463471 (25.8%)    7.871 -1.496e+05     -7.871      0.000      0.000       21
  19    0.1    43.3    0   25736      35      73       4 ( 0.000%)  463467 (25.8%)    7.871 -1.496e+05     -7.871      0.000      0.000       21
  20    0.1    56.2    0   28216      33      80       2 ( 0.000%)  463507 (25.8%)    7.871 -1.496e+05     -7.871      0.000      0.000       21
  21    0.1    73.1    0   21969      30      66       1 ( 0.000%)  463499 (25.8%)    7.871 -1.496e+05     -7.871      0.000      0.000       21
  22    0.1    95.0    0   18180      29      65       1 ( 0.000%)  463511 (25.8%)    7.871 -1.496e+05     -7.871      0.000      0.000       21
  23    0.1   123.5    0   18649      29      65       1 ( 0.000%)  463499 (25.8%)    7.871 -1.496e+05     -7.871      0.000      0.000       22
  24    0.1   160.6    0   24856      29      66       1 ( 0.000%)  463487 (25.8%)    7.871 -1.496e+05     -7.871      0.000      0.000       22
  25    0.1   208.8    0    7164      28      63       1 ( 0.000%)  463491 (25.8%)    7.871 -1.496e+05     -7.871      0.000      0.000       23
  26    0.1   271.4    0   12989      30      65       1 ( 0.000%)  463523 (25.8%)    7.871 -1.496e+05     -7.871      0.000      0.000       24
  27    0.1   352.8    0    4018      28      62       1 ( 0.000%)  463523 (25.8%)    7.871 -1.496e+05     -7.871      0.000      0.000       24
  28    0.1   458.7    0   13816      29      64       1 ( 0.000%)  463523 (25.8%)    7.871 -1.496e+05     -7.871      0.000      0.000       25
  29    0.1   596.3    0    7975      28      63       1 ( 0.000%)  463535 (25.8%)    7.871 -1.496e+05     -7.871      0.000      0.000       26
  30    0.1   775.1    0   16970      29      66       1 ( 0.000%)  463555 (25.8%)    7.871 -1.496e+05     -7.871      0.000      0.000       26
  31    0.1  1000.0    0   18437      29      66       1 ( 0.000%)  463563 (25.8%)    7.871 -1.496e+05     -7.871      0.000      0.000       27
  32    0.1  1000.0    0   26800      29      68       1 ( 0.000%)  463563 (25.8%)    7.871 -1.496e+05     -7.871      0.000      0.000       28
  33    0.1  1000.0    0   16535      29      66       1 ( 0.000%)  463559 (25.8%)    7.871 -1.496e+05     -7.871      0.000      0.000       28
  34    0.1  1000.0    0   21692      29      66       1 ( 0.000%)  463567 (25.8%)    7.871 -1.496e+05     -7.871      0.000      0.000       29
  35    0.1  1000.0    0   19706      29      66       1 ( 0.000%)  463571 (25.8%)    7.871 -1.496e+05     -7.871      0.000      0.000       30
  36    0.1  1000.0    0   18633      29      66       0 ( 0.000%)  463575 (25.8%)    7.871 -1.496e+05     -7.871      0.000      0.000      N/A
Restoring best routing
Critical path: 7.87104 ns
Successfully routed after 36 routing iterations.
Final Net Connection Criticality Histogram:
[        0:      0.1) 7376 ( 15.2%) |************************************
[      0.1:      0.2) 4520 (  9.3%) |**********************
[      0.2:      0.3) 7441 ( 15.3%) |************************************
[      0.3:      0.4) 4785 (  9.9%) |***********************
[      0.4:      0.5) 4251 (  8.8%) |*********************
[      0.5:      0.6) 9415 ( 19.4%) |**********************************************
[      0.6:      0.7) 6509 ( 13.4%) |********************************
[      0.7:      0.8) 3021 (  6.2%) |***************
[      0.8:      0.9)  996 (  2.1%) |*****
[      0.9:        1)  251 (  0.5%) |*
Router Stats: total_nets_routed: 112415 total_connections_routed: 211740 total_heap_pushes: 35238248 total_heap_pops: 9746685 
Serial Connection Router is being destroyed. Time spent on path search: 4.758 seconds.
# Routing took 11.16 seconds (max_rss 785.8 MiB, delta_rss +26.0 MiB)

Checking to ensure routing is legal...
# Checking to ensure non-configurable edges are legal
# Checking to ensure non-configurable edges are legal took 0.07 seconds (max_rss 785.8 MiB, delta_rss +0.0 MiB)
Completed routing consistency check successfully.

Serial number (magic cookie) for the routing is: 730335190
Circuit successfully routed with a channel width factor of 120.
Incr Slack updates 37 in 0.0589304 sec
Full Max Req/Worst Slack updates 4 in 0.00456433 sec
Incr Max Req/Worst Slack updates 33 in 0.0499783 sec
Incr Criticality updates 28 in 0.0802424 sec
Full Criticality updates 9 in 0.0581907 sec
# Synchronize the packed netlist to routing optimization
## Annotating rr_node with routed nets
## Annotating rr_node with routed nets took 0.01 seconds (max_rss 785.8 MiB, delta_rss +0.0 MiB)
Found 44049 mismatches between routing and packing results.
Fixed 30804 routing traces due to mismatch between routing and packing results.
# Synchronize the packed netlist to routing optimization took 0.29 seconds (max_rss 785.8 MiB, delta_rss +0.0 MiB)
Final Clustering Statistics: 
----------   --------   ------------------------------------   --------------------------
Block Type   # Blocks   Avg. # of input clocks and pins used   Avg. # of output pins used
----------   --------   ------------------------------------   --------------------------
     EMPTY          0                                      0                            0   
        io       1084                              0.0295203                      0.97048   
       clb       1232                                28.0146                      15.4002   
   dsp_top        107                                40.9813                      20.1869   
    memory        194                                49.6598                      18.9691   
Absorbed logical nets 24200 out of 50065 nets, 25865 nets not absorbed.


Average number of bends per net: 1.82670  Maximum # of bends: 298

Number of global nets: 3
Number of routed nets (nonglobal): 25862
Wire length results (in units of 1 clb segments)...
	Total wirelength: 463575, average net length: 17.9249
	Maximum net length: 2426

Wire length results in terms of physical segments...
	Total wiring segments used: 104403, average wire segments per net: 4.03693
	Maximum segments used by a net: 556
	Total local nets with reserved CLB opins: 0
Total number of nets absorbed: 8

Routing channel utilization histogram:
[        1:      inf)    0 (  0.0%) |
[      0.9:        1)    0 (  0.0%) |
[      0.8:      0.9)   18 (  0.1%) |
[      0.7:      0.8)  903 (  6.0%) |**********
[      0.5:      0.6) 1002 (  6.6%) |***********
[      0.4:      0.5) 1558 ( 10.3%) |*****************
[      0.3:      0.4) 2045 ( 13.5%) |**********************
[      0.2:      0.3) 2436 ( 16.1%) |***************************
[      0.1:      0.2) 2987 ( 19.7%) |*********************************
[        0:      0.1) 4189 ( 27.7%) |**********************************************
Maximum routing channel utilization:      0.88 at (40,50)

X - Directed channels: layer   y   max occ   ave occ   ave cap
                        ----- ---- -------- -------- --------
                            0    0       52   27.733      120
                            0    1        5    0.791      120
                            0    2        5    1.860      120
                            0    3        6    2.140      120
                            0    4       11    2.512      120
                            0    5       18    3.442      120
                            0    6       22    5.116      120
                            0    7       20    5.767      120
                            0    8       33   10.837      120
                            0    9       53   15.488      120
                            0   10       49   14.744      120
                            0   11       54   18.686      120
                            0   12       48   18.407      120
                            0   13       46   16.209      120
                            0   14       51   17.244      120
                            0   15       57   22.605      120
                            0   16       58   21.070      120
                            0   17       49   19.372      120
                            0   18       59   22.477      120
                            0   19       58   25.605      120
                            0   20       54   24.488      120
                            0   21       45   20.802      120
                            0   22       61   26.826      120
                            0   23       63   27.930      120
                            0   24       63   29.430      120
                            0   25       76   31.779      120
                            0   26       62   30.674      120
                            0   27       84   36.128      120
                            0   28       80   39.628      120
                            0   29       75   40.360      120
                            0   30       78   40.070      120
                            0   31       77   35.965      120
                            0   32       81   35.907      120
                            0   33       87   38.093      120
                            0   34       90   38.035      120
                            0   35       88   39.023      120
                            0   36       85   37.523      120
                            0   37       80   34.907      120
                            0   38       89   39.233      120
                            0   39       84   40.244      120
                            0   40       81   40.407      120
                            0   41       93   36.674      120
                            0   42       73   34.802      120
                            0   43       73   35.233      120
                            0   44       77   33.756      120
                            0   45       90   46.360      120
                            0   46       90   46.070      120
                            0   47       86   40.721      120
                            0   48       89   46.209      120
                            0   49       94   47.442      120
                            0   50      106   41.488      120
                            0   51       95   40.302      120
                            0   52       96   44.570      120
                            0   53       85   42.407      120
                            0   54       73   35.314      120
                            0   55       80   38.523      120
                            0   56       79   40.384      120
                            0   57       77   40.860      120
                            0   58       78   38.407      120
                            0   59       95   36.872      120
                            0   60       88   37.047      120
                            0   61       92   39.453      120
                            0   62       85   41.744      120
                            0   63       87   40.430      120
                            0   64       84   38.651      120
                            0   65       83   44.419      120
                            0   66       92   42.430      120
                            0   67       92   40.442      120
                            0   68       91   47.477      120
                            0   69       84   42.070      120
                            0   70       93   39.965      120
                            0   71       84   41.070      120
                            0   72       89   37.558      120
                            0   73       82   34.012      120
                            0   74       77   30.233      120
                            0   75       92   30.174      120
                            0   76       95   31.581      120
                            0   77       88   32.651      120
                            0   78       91   31.593      120
                            0   79       70   25.791      120
                            0   80       65   23.186      120
                            0   81       61   19.837      120
                            0   82       73   16.953      120
                            0   83       67   11.721      120
                            0   84       63    9.535      120
                            0   85       50    7.163      120
                            0   86       67   36.663      120
Y - Directed channels: layer   x   max occ   ave occ   ave cap
                        ----- ---- -------- -------- --------
                            0    0       67   25.977      120
                            0    1       49   26.128      120
                            0    2       54   32.326      120
                            0    3       51   18.593      120
                            0    4       72   23.930      120
                            0    5       67   34.547      120
                            0    6       63   28.860      120
                            0    7       48   12.547      120
                            0    8       26    6.674      120
                            0    9       38   10.465      120
                            0   10       40    8.593      120
                            0   11       30    6.081      120
                            0   12       34   12.256      120
                            0   13       40   13.267      120
                            0   14       44   14.279      120
                            0   15       44   17.558      120
                            0   16       63   22.837      120
                            0   17       78   42.837      120
                            0   18       73   48.802      120
                            0   19       60   32.547      120
                            0   20       77   38.860      120
                            0   21       93   54.116      120
                            0   22       92   45.442      120
                            0   23       93   31.837      120
                            0   24       87   31.070      120
                            0   25       60   20.372      120
                            0   26       53   18.465      120
                            0   27       60   18.663      120
                            0   28       62   21.686      120
                            0   29       74   26.837      120
                            0   30       81   38.640      120
                            0   31       95   44.035      120
                            0   32       89   42.070      120
                            0   33       92   59.884      120
                            0   34       95   65.360      120
                            0   35       92   55.395      120
                            0   36       94   59.407      120
                            0   37      101   71.070      120
                            0   38      105   65.837      120
                            0   39       96   53.349      120
                            0   40       93   48.744      120
                            0   41       88   44.640      120
                            0   42       82   37.035      120
                            0   43       70   36.244      120
                            0   44       74   33.849      120
                            0   45       73   34.581      120
                            0   46       76   36.605      120
                            0   47       78   40.105      120
                            0   48       83   40.663      120
                            0   49       84   51.698      120
                            0   50       80   54.128      120
                            0   51       76   43.570      120
                            0   52       81   45.640      120
                            0   53       90   57.105      120
                            0   54       83   48.686      120
                            0   55       66   23.349      120
                            0   56       59   21.465      120
                            0   57       51   15.279      120
                            0   58       42   13.198      120
                            0   59       38   12.221      120
                            0   60       30   11.267      120
                            0   61       30   13.977      120
                            0   62       56   26.744      120
                            0   63       59   30.035      120
                            0   64       85   29.977      120
                            0   65       87   48.837      120
                            0   66       76   54.000      120
                            0   67       76   37.058      120
                            0   68       84   41.593      120
                            0   69       92   53.884      120
                            0   70       86   46.360      120
                            0   71       60   24.872      120
                            0   72       63   20.605      120
                            0   73       45   12.314      120
                            0   74       60   12.930      120
                            0   75       65    9.616      120
                            0   76       60    8.477      120
                            0   77       74   13.093      120
                            0   78       69   18.593      120
                            0   79       61   17.291      120
                            0   80       43   16.756      120
                            0   81       60   30.884      120
                            0   82       65   37.465      120
                            0   83       55   22.081      120
                            0   84       65   24.279      120
                            0   85       58   25.302      120
                            0   86       48   22.012      120

Total existing wires segments: CHANX    897840, CHANY    897840, CHANZ         0, ALL   1795680
Total used wires segments:     CHANX    227023, CHANY    236552, CHANZ         0, ALL    463575
Usage percentage:              CHANX     25.3%, CHANY     26.3%, CHANZ      0.0%, ALL     25.8%

Logic area (in minimum width transistor areas, excludes I/Os and empty grid tiles)...
	Total logic block area (Warning, need to add pitch of routing to blocks with height > 3): 2.4541e+08
	Total used logic block area: 8.82398e+07

Routing area (in minimum width transistor areas)...
	Total routing area: 7.57549e+07, per logic tile: 9782.39

Total Number of Wiring Segments by Direction: direction length number
                                              --------- ------ -------
                                                      X      4 201318
                                                      Y      4 201318
                                                      X     16   8810
                                                      Y     16   8810

X - Directed Wiring Segment usage by length: length utilization
                                             ------ -----------
                                             4       0.248
                                            16       0.209

Y - Directed Wiring Segment usage by length: length utilization
                                             ------ -----------
                                             4        0.25
                                            16       0.264

Segment occupancy by length: Length Occupancy Capacity Utilization
                             ------ --------- -------- -----------
                             L4        100232   402636       0.249
                             L16         4171    17620       0.237

Segment occupancy by type: name type utilization
                           ---- ---- -----------
                             L4    0       0.249
                            L16    1       0.237

Final hold Worst Negative Slack (hWNS): 0 ns
Final hold Total Negative Slack (hTNS): 0 ns
Final hold Worst Skew (hWS): 0 ns

Final hold slack histogram:
[  4.1e-11:    7e-10)  3561 (  6.7%) |*************
[    7e-10:  1.4e-09)  8850 ( 16.8%) |*********************************
[  1.4e-09:    2e-09)  7167 ( 13.6%) |***************************
[    2e-09:  2.7e-09)  9579 ( 18.2%) |***********************************
[  2.7e-09:  3.3e-09) 12146 ( 23.0%) |*********************************************
[  3.3e-09:    4e-09)  7044 ( 13.4%) |**************************
[    4e-09:  4.7e-09)  2753 (  5.2%) |**********
[  4.7e-09:  5.3e-09)  1182 (  2.2%) |****
[  5.3e-09:    6e-09)   320 (  0.6%) |*
[    6e-09:  6.6e-09)   160 (  0.3%) |*

Final critical path delay (least slack): 7.87104 ns, Fmax: 127.048 MHz
Final critical path skew: -0.04243 ns
Final setup Worst Negative Slack (sWNS): -7.87104 ns
Final setup Total Negative Slack (sTNS): -149564 ns
Final setup Worst Skew (sWS): -0.04243 ns

Final setup slack histogram:
[ -7.9e-09: -7.1e-09)    45 (  0.1%) |
[ -7.1e-09: -6.3e-09)   214 (  0.4%) |*
[ -6.3e-09: -5.6e-09)   610 (  1.2%) |**
[ -5.6e-09: -4.8e-09)  1999 (  3.8%) |*******
[ -4.8e-09:   -4e-09)  5202 (  9.9%) |*****************
[   -4e-09: -3.3e-09)  9717 ( 18.4%) |********************************
[ -3.3e-09: -2.5e-09) 13631 ( 25.8%) |*********************************************
[ -2.5e-09: -1.7e-09) 12926 ( 24.5%) |*******************************************
[ -1.7e-09: -9.6e-10)  3762 (  7.1%) |************
[ -9.6e-10: -1.9e-10)  4656 (  8.8%) |***************

Final geomean non-virtual intra-domain period: 7.87104 ns (127.048 MHz)
Final fanout-weighted geomean non-virtual intra-domain period: 7.87104 ns (127.048 MHz)

Incr Slack updates 1 in 0.00169655 sec
Full Max Req/Worst Slack updates 1 in 0.00116671 sec
Incr Max Req/Worst Slack updates 0 in 0 sec
Incr Criticality updates 0 in 0 sec
Full Criticality updates 1 in 0.00649018 sec
Flow timing analysis took 10.5819 seconds (9.09941 STA, 1.48247 slack) (152 full updates: 114 setup, 0 hold, 38 combined).
VPR succeeded
The entire flow of VPR took 107.36 seconds (max_rss 785.8 MiB)

