VPR FPGA Placement and Routing.
Version: 9.0.0-dev+v8.0.0-18248-g40f8d19708
Revision: v8.0.0-18248-g40f8d19708
Compiled: 2026-09-22T03:43:48
Compiler: GNU 13.3.0 on Linux-5.15.0-119-generic x86_64
Build Info: release IPO VTR_ASSERT_LEVEL=2

University of Toronto
verilogtorouting.org
vtr-users@googlegroups.com
This is free open source code under MIT license.

VPR was run with the following command-line:
/inspire/hdd/project/project-public/changshunjie-253114010247/changshunjie-253114010247/workspace/DAC2027/vtr/vtr-verilog-to-routing/vpr/vpr /inspire/hdd/project/project-public/changshunjie-253114010247/changshunjie-253114010247/workspace/DAC2027/vtr/vtr-verilog-to-routing/vtr_flow/arch/COFFE_22nm/k6FracN10LB_mem20K_complexDSP_customSB_22nm.xml /inspire/hdd/project/project-public/changshunjie-253114010247/changshunjie-253114010247/workspace/DAC2027/TailCompile/experiments/vtr/runs/pilot_v1/attention_layer/full-seed1-w300/attention_layer.pre-vpr.blif --analytical_place --route --analysis --ap_full_legalizer flat-recon --ap_detailed_placer annealer --seed 12 --route_chan_width 140 --write_flat_place /inspire/hdd/project/project-public/changshunjie-253114010247/changshunjie-253114010247/workspace/DAC2027/TailCompile/vtr_work/tailcompile_v3/attention_layer/4x4/gnn_candidate-fpc7805005-flat-recon-annealer-seed12-w140-devw88/post_route.fplace --write_legalized_flat_place /inspire/hdd/project/project-public/changshunjie-253114010247/changshunjie-253114010247/workspace/DAC2027/TailCompile/vtr_work/tailcompile_v3/attention_layer/4x4/gnn_candidate-fpc7805005-flat-recon-annealer-seed12-w140-devw88/post_legalizer.fplace --flat_place_verbosity 1 --device_width 88 --net_file /inspire/hdd/project/project-public/changshunjie-253114010247/changshunjie-253114010247/workspace/DAC2027/TailCompile/vtr_work/tailcompile_v3/attention_layer/4x4/gnn_candidate-fpc7805005-flat-recon-annealer-seed12-w140-devw88/attention_layer.locked-input.net --read_flat_place /inspire/hdd/global_user/changshunjie-253114010247/workspace/DAC2027/TailCompile/experiments/vtr/tailcompile_v3/attention_layer/4x4/pools/bootstrap_24/candidate_18_seed13045.fplace

Using up to 1 parallel worker(s)

Architecture file: /inspire/hdd/project/project-public/changshunjie-253114010247/changshunjie-253114010247/workspace/DAC2027/vtr/vtr-verilog-to-routing/vtr_flow/arch/COFFE_22nm/k6FracN10LB_mem20K_complexDSP_customSB_22nm.xml
Circuit name: attention_layer.pre-vpr

# Loading Architecture Description
# Loading Architecture Description took 0.03 seconds (max_rss 33.4 MiB, delta_rss +0.0 MiB)

Timing analysis: ON
Circuit netlist file: /inspire/hdd/project/project-public/changshunjie-253114010247/changshunjie-253114010247/workspace/DAC2027/TailCompile/vtr_work/tailcompile_v3/attention_layer/4x4/gnn_candidate-fpc7805005-flat-recon-annealer-seed12-w140-devw88/attention_layer.locked-input.net
Circuit placement file: attention_layer.pre-vpr.place
Circuit routing file: attention_layer.pre-vpr.route
Circuit SDC file: attention_layer.pre-vpr.sdc
Vpr floorplanning constraints file: not specified

Packer: DISABLED
Placer: DISABLED
Analytical Placer: ENABLED
Router: ENABLED
Analysis: ENABLED

VPR was run with the following options:

netlist_opts.absorb_buffer_luts            : true
netlist_opts.sweep_dangling_primary_ios    : true
netlist_opts.sweep_dangling_nets           : true
netlist_opts.sweep_dangling_blocks         : true
netlist_opts.sweep_constant_primary_outputs: false
netlist_opts.netlist_verbosity             : 1
netlist_opts.const_gen_inference           : COMB_SEQ

AnalyticalPlacerOpts.analytical_solver_type: lp-b2b
AnalyticalPlacerOpts.partial_legalizer_type: bipartitioning
AnalyticalPlacerOpts.full_legalizer_type: flat-recon
AnalyticalPlacerOpts.detailed_placer_type: annealer
AnalyticalPlacerOpts.ap_timing_tradeoff: 0.500000
AnalyticalPlacerOpts.ap_high_fanout_threshold: 256
AnalyticalPlacerOpts.log_verbosity: 1
router_opts.route_type: DETAILED
router_opts.flat_routing: false
router_opts.choke_points: on
router_opts.router_algorithm: TIMING_DRIVEN
router_opts.base_cost_type: DELAY_NORMALIZED_LENGTH
router_opts.fixed_channel_width: 140
router_opts.check_route: FULL
router_opts.acc_fac: 1.000000
router_opts.bb_factor: 3
router_opts.bend_cost: 0.000000
router_opts.first_iter_pres_fac: 0.000000
router_opts.initial_pres_fac: 0.500000
router_opts.pres_fac_mult: 1.300000
router_opts.max_pres_fac: 1000.000000
router_opts.max_router_iterations: 50
router_opts.min_incremental_reroute_fanout: 16
router_opts.initial_acc_cost_chan_congestion_threshold: 0.500000
router_opts.initial_acc_cost_chan_congestion_weight: 0.500000
router_opts.do_check_rr_graph: true
router_opts.verify_binary_search: false
router_opts.min_channel_width_hint: 0
router_opts.read_rr_edge_metadata: false
router_opts.exit_after_first_routing_iteration: false
router_opts.astar_fac: 1.200000
router_opts.astar_offset: 0.000000
router_opts.router_profiler_astar_fac: 1.200000
router_opts.enable_parallel_connection_router: false
router_opts.post_target_prune_fac: 1.200000
router_opts.post_target_prune_offset: 0
router_opts.multi_queue_num_threads: 1
router_opts.multi_queue_num_queues: 2
router_opts.multi_queue_direct_draining: false
router_opts.criticality_exp: 1.000000
router_opts.max_criticality: 0.990000
router_opts.init_wirelength_abort_threshold: 0.850000
router_opts.incr_reroute_delay_ripup: AUTO
router_opts.save_routing_per_iteration: false
router_opts.congested_routing_iteration_threshold_frac: 1.000000
router_opts.high_fanout_threshold: 64
router_opts.router_debug_net: -2
router_opts.router_debug_sink_rr: -2
router_opts.router_debug_iteration: -2
router_opts.max_convergence_count: 1
router_opts.reconvergence_cpd_threshold: 0.990000
router_opts.update_lower_bound_delays: true
router_opts.first_iteration_timing_report_file: 
router_opts.route_bb_update: DYNAMIC
router_opts.lookahead_type: MAP
router_opts.initial_timing: LOOKAHEAD
router_opts.router_heap: FOUR_ARY_HEAP
router_opts.routing_failure_predictor = SAFE
router_opts.routing_predictor_min_history: 8
router_opts.routing_budgets_algorithm = DISABLE

analysis_opts.gen_post_synthesis_netlist: false
analysis_opts.gen_post_implementation_merged_netlist: false
analysis_opts.gen_post_implementation_sdc: false
analysis_opts.timing_report_npaths: 100
analysis_opts.timing_report_skew: false
analysis_opts.echo_dot_timing_graph_node: -1
analysis_opts.timing_report_detail: NETLIST
analysis_opts.post_synth_netlist_unconn_input_handling: UNCONNECTED
analysis_opts.post_synth_netlist_unconn_output_handling: UNCONNECTED
analysis_opts.post_synth_netlist_module_parameters: on

# Building complex block graph
# Building complex block graph took 0.08 seconds (max_rss 33.4 MiB, delta_rss +0.0 MiB)
Circuit file: /inspire/hdd/project/project-public/changshunjie-253114010247/changshunjie-253114010247/workspace/DAC2027/TailCompile/experiments/vtr/runs/pilot_v1/attention_layer/full-seed1-w300/attention_layer.pre-vpr.blif
# Load circuit
Found 4 constant generator(s) in the netlist (2 constant-zero, 2 constant-one) (run with --netlist_verbosity 2 to list names)
# Load circuit took 0.55 seconds (max_rss 134.2 MiB, delta_rss +100.8 MiB)
# Clean circuit
Absorbed 7975 LUT buffers
Found 1090 primitive output pin(s) driven only by constants; marked them as constants
Swept input(s)      : 7
Swept output(s)     : 0 (0 dangling, 0 constant)
Swept net(s)        : 10126
Swept block(s)      : 33
Constant Pins Marked: 1090
# Clean circuit took 0.13 seconds (max_rss 134.2 MiB, delta_rss +0.0 MiB)
# Compress circuit
# Compress circuit took 0.07 seconds (max_rss 134.2 MiB, delta_rss +0.0 MiB)
# Verify circuit
# Verify circuit took 0.02 seconds (max_rss 134.2 MiB, delta_rss +0.0 MiB)
Circuit Statistics:
  Blocks: 40113
    .input            :    1052
    .latch            :    8844
    .names            :   17218
        0-LUT:       3
        1-LUT:    5989
        2-LUT:     920
        3-LUT:    4530
        4-LUT:    3023
        5-LUT:    1163
        6-LUT:    1590
    .output           :      32
    adder             :    9150
    addition_fp_clk_16:       1
    dual_port_ram     :    3680
    multiply          :     136
  Nets  : 50065
    Avg Fanout:     2.9
    Max Fanout: 12525.0
    Min Fanout:     1.0
  Netlist Clocks: 1
# Build Timing Graph
  Timing Graph Nodes: 245193
  Timing Graph Edges: 446068
  Timing Graph Levels: 66
# Build Timing Graph took 0.23 seconds (max_rss 202.0 MiB, delta_rss +63.3 MiB)
Netlist contains 1 clocks
  Netlist Clock 'clk' Fanout: 12525 pins (6.5%), 12525 blocks (31.2%)
# Load Timing Constraints

SDC file 'attention_layer.pre-vpr.sdc' not found
Setting default timing constraints:
   * constrain all primary inputs and primary outputs on netlist clock 'clk'
   * optimize netlist clock to run as fast as possible
Timing constraints created 1 clocks
  Constrained Clock 'clk' Source: 'clk.inpad[0]'

# Load Timing Constraints took 0.00 seconds (max_rss 202.0 MiB, delta_rss +0.0 MiB)
# Analytical Placement
## Prepacker

There is one chain in this architecture called "chain" with the following starting points:
	clb[0]/lab[0]/fle[0]/ble5[0]/arithmetic[0]/adder[0].cin[0]

## Prepacker took 0.04 seconds (max_rss 202.0 MiB, delta_rss +0.0 MiB)
## Initializing Pre-Cluster Timing
Using inter-cluster delay: 2.1832e-09
## Initializing Pre-Cluster Timing took 0.37 seconds (max_rss 207.2 MiB, delta_rss +5.2 MiB)
## Estimate Device Size
Device layout 'auto' with fixed width 88.
FPGA sized to 88 x 88: 7744 grid tiles (auto)
## Estimate Device Size took 0.00 seconds (max_rss 207.2 MiB, delta_rss +0.0 MiB)
## Ram Mapper
Flat Placement is provided, skipping the RAM mapping.
## Ram Mapper took 0.00 seconds (max_rss 207.2 MiB, delta_rss +0.0 MiB)
## Read Atom Netlist to AP Netlist
## Read Atom Netlist to AP Netlist took 0.28 seconds (max_rss 276.6 MiB, delta_rss +69.4 MiB)
Analytical Placement Netlist Statistics:
	AP Blocks: 25061
		Moveable AP Blocks: 25061
		Fixed AP Blocks: 0
	AP Nets: 34982
		Average Fanout: 2.94
		Highest Fanout: 257
	AP Pins: 193913

## Computing placement delta delay look-up
### Build routing resource graph
### Build routing resource graph took 4.98 seconds (max_rss 734.4 MiB, delta_rss +457.8 MiB)
  RR Graph Nodes: 1616436
  RR Graph Edges: 15321730
### Computing router lookahead map
#### Computing wire lookahead
#### Computing wire lookahead took 5.60 seconds (max_rss 734.4 MiB, delta_rss +0.0 MiB)
#### Computing src/opin lookahead
Warning 1: Found no more sample locations for SOURCE in io
Warning 2: Found no more sample locations for OPIN in io
Warning 3: Found no more sample locations for SOURCE in clb
Warning 4: Found no more sample locations for OPIN in clb
Warning 5: Found no more sample locations for SOURCE in dsp_top
Warning 6: Found no more sample locations for OPIN in dsp_top
Warning 7: Found no more sample locations for SOURCE in memory
Warning 8: Found no more sample locations for OPIN in memory
#### Computing src/opin lookahead took 0.20 seconds (max_rss 734.4 MiB, delta_rss +0.0 MiB)
### Computing router lookahead map took 5.81 seconds (max_rss 734.4 MiB, delta_rss +0.0 MiB)
Serial Connection Router is being destroyed. Time spent on path search: 0.000 seconds.
## Computing placement delta delay look-up took 11.08 seconds (max_rss 734.4 MiB, delta_rss +457.8 MiB)
Flat Placement is provided in the AP flow, skipping the Global Placement.
0 of 25061 molecules placed at device center (no atoms of these molecules found in flat placement).
## AP Full Legalizer
### Creating Clusters
Device (width, height): (88,88)
#### Sorting and Grouping Blocks by Tile
#### Sorting and Grouping Blocks by Tile took 0.01 seconds (max_rss 734.4 MiB, delta_rss +0.0 MiB)
#### Reconstruction Pass Clustering
#### Reconstruction Pass Clustering took 57.95 seconds (max_rss 734.4 MiB, delta_rss +0.0 MiB)
#### Orphan Window Clustering with search radius 8
#### Orphan Window Clustering with search radius 8 took 0.02 seconds (max_rss 734.4 MiB, delta_rss +0.0 MiB)
FPGA sized to 88 x 88: 7744 grid tiles (auto)
Device Utilization: 0.28 (target 1.00)
	Block Utilization: 0.39 Type: io
	Block Utilization: 0.19 Type: clb
	Block Utilization: 0.85 Type: dsp_top
	Block Utilization: 0.75 Type: memory

----------------------------------------------------------------
                       Clustering Summary                       
----------------------------------------------------------------
Clusters created (Self Clustering)                       : 2605
    memory     : 194
    dsp_top    : 107
    clb        : 1220
    io         : 1084
Clusters created (Orphan Window Clustering)              : 15
    clb        : 15
Total clusters                                           : 2620
Percent of clusters created in Orphan Window Clustering  : 0.57%
Molecules clustered in each stage breakdown  : (Total of 25061)
	Self Clustering          (0.998963)  : 25035
 	Neighbor Clustering      (0.000000)  : 0
	Orphan Window Clustering (0.001037)  : 26
----------------------------------------------------------------

Final Clustering Statistics: 
----------   --------   ------------------------------------   --------------------------
Block Type   # Blocks   Avg. # of input clocks and pins used   Avg. # of output pins used
----------   --------   ------------------------------------   --------------------------
     EMPTY          0                                      0                            0   
        io       1084                              0.0295203                      0.97048   
       clb       1235                                27.9466                      15.3628   
   dsp_top        107                                40.9813                      20.1869   
    memory        194                                49.6598                      18.9691   
Absorbed logical nets 24200 out of 50065 nets, 25865 nets not absorbed.
#### Load packing
##### Loading packed FPGA netlist file.
Netlist generated from file '/inspire/hdd/project/project-public/changshunjie-253114010247/changshunjie-253114010247/workspace/DAC2027/TailCompile/vtr_work/tailcompile_v3/attention_layer/4x4/gnn_candidate-fpc7805005-flat-recon-annealer-seed12-w140-devw88/attention_layer.locked-input.net'.
Detected 3 constant generators (to see names run with higher pack verbosity)
##### Loading packed FPGA netlist file. took 2.05 seconds (max_rss 774.4 MiB, delta_rss +40.0 MiB)
Warning 9: Treated 2 constant nets as global which will not be routed (to see net names increase packer verbosity).
Netlist contains 5542 global net to non-global architecture pin connections
Found 2 logic block(s) with only 1 output pin and no inputs; they may be constant generators (run with --pack_verbosity 3 to list them)
Completed clustering consistency check successfully.
Cluster level netlist and block usage statistics
Netlist num_nets: 25865
Netlist num_blocks: 2620
Netlist EMPTY blocks: 0.
Netlist io blocks: 1084.
Netlist clb blocks: 1235.
Netlist dsp_top blocks: 107.
Netlist memory blocks: 194.
Netlist inputs pins: 1052
Netlist output pins: 32

Pb types usage...
  io                   : 1084
   inpad               : 1052
   outpad              : 32
  clb                  : 1235
   lab                 : 1235
    fle                : 11240
     ble5              : 19054
      flut5            : 9904
       lut5            : 9613
        lut            : 9613
       ff              : 8130
      arithmetic       : 9150
       lut4            : 6015
        lut            : 6015
       adder           : 9150
     ble6              : 1590
      lut6             : 1590
       lut             : 1590
      ff               : 714
  dsp_top              : 107
   dsp                 : 107
    dsp_pb             : 107
     two_mult_18x19    : 136
      mult_18x19       : 136
     adder_fp16        : 1
  memory               : 194
   mem_1024x20_dp      : 194
    memory_slice       : 3680

#### Load packing took 2.42 seconds (max_rss 774.4 MiB, delta_rss +40.0 MiB)
Netlist contains 5542 global net to non-global architecture pin connections
Found 2 logic block(s) with only 1 output pin and no inputs; they may be constant generators (run with --pack_verbosity 3 to list them)
Cluster level netlist and block usage statistics
Netlist num_nets: 25865
Netlist num_blocks: 2620
Netlist EMPTY blocks: 0.
Netlist io blocks: 1084.
Netlist clb blocks: 1235.
Netlist dsp_top blocks: 107.
Netlist memory blocks: 194.
Netlist inputs pins: 1052
Netlist output pins: 32
### Creating Clusters took 61.57 seconds (max_rss 774.4 MiB, delta_rss +40.0 MiB)
Completed clustering consistency check successfully.
FPGA sized to 88 x 88: 7744 grid tiles (auto)
### Compressed grid construction
### Compressed grid construction took 0.00 seconds (max_rss 774.4 MiB, delta_rss +0.0 MiB)
### Initial Placement
Placing clusters that are part of larger macros...
Number of blocks to be placed: 16
Max distance on device: 176
---- ---------- ---------- -------------
Pass Max Displ. Num Blocks Num Blocks   
     Threshold  Placed     Left Unplaced
---- ---------- ---------- -------------
   0          0         12             4
   1          1          4             0

Placing general clusters...
Number of blocks to be placed: 2604
Max distance on device: 176
---- ---------- ---------- -------------
Pass Max Displ. Num Blocks Num Blocks   
     Threshold  Placed     Left Unplaced
---- ---------- ---------- -------------
   0          0       2592            12
   1          1          8             4
   2          2          1             3
   3          4          3             0

### Initial Placement took 0.01 seconds (max_rss 774.4 MiB, delta_rss +0.0 MiB)
Flat Placement Reconstruction Info:
	Percent of clusters with reconstruction errors: 0.305344
	Total displacement of initial placement from flat placement: 15549.000000
	Average atom displacement of initial placement from flat placement: 0.387630
	Max atom displacement of initial placement from flat placement: 68.000000
	Percent of atoms misplaced from the flat placement: 1.236507
## AP Full Legalizer took 61.88 seconds (max_rss 774.4 MiB, delta_rss +40.0 MiB)

Resource usage...
	Netlist
		1084	blocks of type: io
	Architecture
		2752	blocks of type: io
	Netlist
		1235	blocks of type: clb
	Architecture
		6376	blocks of type: clb
	Netlist
		107	blocks of type: dsp_top
	Architecture
		126	blocks of type: dsp_top
	Netlist
		194	blocks of type: memory
	Architecture
		258	blocks of type: memory

Device Utilization: 0.28 (target 1.00)
	Physical Tile io:
	Block Utilization: 0.39 Logical Block: io
	Physical Tile clb:
	Block Utilization: 0.19 Logical Block: clb
	Physical Tile dsp_top:
	Block Utilization: 0.85 Logical Block: dsp_top
	Physical Tile memory:
	Block Utilization: 0.75 Logical Block: memory

## Computing placement delta delay look-up
RR graph channel widths unchanged, skipping RR graph rebuild
Serial Connection Router is being destroyed. Time spent on path search: 0.000 seconds.
## Computing placement delta delay look-up took 0.02 seconds (max_rss 774.4 MiB, delta_rss +0.0 MiB)
Using simple RL 'Softmax agent' for choosing move and block types

Completed placement consistency check successfully.
Initial placement cost: 1 bb_cost: 7544.7 td_cost: 1.75295e-05
Initial placement BB estimate of wirelength: 1.05562e+06
Initial placement estimated Critical Path Delay (CPD): 16.0928 ns
Initial placement estimated setup Total Negative Slack (sTNS): -126371 ns
Initial placement estimated setup Worst Negative Slack (sWNS): -16.0928 ns

Initial placement estimated setup slack histogram:
[ -1.6e-08: -1.5e-08)     4 (  0.0%) |
[ -1.5e-08: -1.3e-08)    10 (  0.0%) |
[ -1.3e-08: -1.1e-08)    63 (  0.1%) |
[ -1.1e-08: -9.7e-09)   157 (  0.3%) |
[ -9.7e-09: -8.1e-09)   422 (  0.8%) |*
[ -8.1e-09: -6.6e-09)   735 (  1.4%) |*
[ -6.6e-09:   -5e-09)  1454 (  2.8%) |**
[   -5e-09: -3.4e-09)  4106 (  7.8%) |*******
[ -3.4e-09: -1.8e-09) 28145 ( 53.3%) |*********************************************
[ -1.8e-09: -1.9e-10) 17666 ( 33.5%) |****************************
Placement contains 8 placement macros involving 16 blocks (average macro size 2.000000)

Moves per temperature: 18054
## AP Detailed Placer

---- ------ ------- ------- ---------- ---------- ------- ---------- -------- ------- ------- ------ -------- --------- ------
Tnum  Time     T    AvCost  Av BB Cost Av TD Cost   CPD      sTNS      sWNS   AcRate  StdDev  R lim  CritExp  TotMoves  Alpha 
     (sec)                                          (ns)     (ns)      (ns)                                                   
---- ------ ------- ------- ---------- ---------- ------- ---------- -------- ------- ------- ------ -------- --------- ------
   1    0.2 8.2e-04   0.998    6294.64 1.4396e-05  14.942  -1.17e+05  -14.942   0.841  0.0132   87.0     1.00      18054  1.000
   2    0.2 7.4e-04   0.991    6285.45 1.8142e-05  11.890  -1.17e+05  -11.890   0.840  0.0066   87.0     1.00      36108  0.900
   3    0.2 6.7e-04   0.986    6276.14 1.689e-05   12.695  -1.19e+05  -12.695   0.824  0.0102   87.0     1.00      54162  0.900
   4    0.2 6.0e-04   0.968    6049.24 1.7856e-05  11.851   -1.2e+05  -11.851   0.811  0.0173   87.0     1.00      72216  0.900
   5    0.2 5.4e-04   0.957    5567.53 1.6189e-05  12.417  -1.17e+05  -12.417   0.796  0.0189   87.0     1.00      90270  0.900
   6    0.2 5.1e-04   0.960    5135.04 1.4229e-05  13.191  -1.17e+05  -13.191   0.773  0.0149   87.0     1.00     108324  0.950
   7    0.2 4.9e-04   0.965    4913.25 1.7488e-05  10.418  -1.17e+05  -10.418   0.763  0.0209   87.0     1.00     126378  0.950
   8    0.2 4.6e-04   0.966    4682.17 1.7172e-05  10.269  -1.12e+05  -10.269   0.752  0.0173   87.0     1.00     144432  0.950
   9    0.2 4.4e-04   0.957    4359.67 1.6307e-05  10.336  -1.11e+05  -10.336   0.743  0.0207   87.0     1.00     162486  0.950
  10    0.2 4.2e-04   0.974    4153.97 1.3945e-05  11.671  -1.13e+05  -11.671   0.732  0.0188   87.0     1.00     180540  0.950
  11    0.2 4.0e-04   0.977    3931.41 1.5481e-05  10.208  -1.12e+05  -10.208   0.720  0.0070   87.0     1.00     198594  0.950
  12    0.2 3.8e-04   0.982    3842.84 1.6196e-05   9.592   -1.1e+05   -9.592   0.717  0.0076   87.0     1.00     216648  0.950
  13    0.2 3.6e-04   0.964    3636.89 1.4827e-05  10.236  -1.13e+05  -10.236   0.705  0.0135   87.0     1.00     234702  0.950
  14    0.2 3.4e-04   0.979    3521.30 1.3478e-05  11.020  -1.12e+05  -11.020   0.693  0.0082   87.0     1.00     252756  0.950
  15    0.2 3.2e-04   0.969    3381.92 1.5699e-05   9.264  -1.08e+05   -9.264   0.685  0.0123   87.0     1.00     270810  0.950
  16    0.2 3.1e-04   0.983    3323.12 1.4536e-05   9.799   -1.1e+05   -9.799   0.680  0.0095   87.0     1.00     288864  0.950
  17    0.2 2.9e-04   0.974    3245.61 1.3299e-05  10.576   -1.1e+05  -10.576   0.669  0.0121   87.0     1.00     306918  0.950
  18    0.2 2.8e-04   0.983    3123.52 1.4769e-05   9.288  -1.07e+05   -9.288   0.658  0.0067   87.0     1.00     324972  0.950
  19    0.2 2.6e-04   0.988    3047.10 1.4471e-05   9.413  -1.09e+05   -9.413   0.652  0.0047   87.0     1.00     343026  0.950
  20    0.2 2.5e-04   0.987    2991.43 1.3994e-05   9.617  -1.09e+05   -9.617   0.650  0.0063   87.0     1.00     361080  0.950
  21    0.2 2.4e-04   0.978    2881.00 1.4719e-05   8.993  -1.08e+05   -8.993   0.645  0.0091   87.0     1.00     379134  0.950
  22    0.2 2.3e-04   0.984    2821.43 1.4073e-05   9.306  -1.08e+05   -9.306   0.625  0.0079   87.0     1.00     397188  0.950
  23    0.2 2.1e-04   0.990    2778.17 1.3584e-05   9.525  -1.06e+05   -9.525   0.617  0.0037   87.0     1.00     415242  0.950
  24    0.2 2.0e-04   0.980    2724.57 1.4567e-05   8.761  -1.07e+05   -8.761   0.616  0.0074   87.0     1.00     433296  0.950
  25    0.2 1.9e-04   0.988    2697.46 1.1771e-05  10.739  -1.05e+05  -10.739   0.606  0.0049   87.0     1.00     451350  0.950
  26    0.2 1.8e-04   0.991    2659.94 1.4365e-05   8.709  -1.04e+05   -8.709   0.594  0.0032   87.0     1.00     469404  0.950
  27    0.2 1.7e-04   0.982    2629.49 1.2711e-05   9.763  -1.05e+05   -9.763   0.585  0.0061   87.0     1.00     487458  0.950
  28    0.2 1.7e-04   0.990    2589.75 1.4088e-05   8.722  -1.04e+05   -8.722   0.566  0.0047   87.0     1.00     505512  0.950
  29    0.2 1.6e-04   0.990    2583.36 1.2854e-05   9.592  -1.03e+05   -9.592   0.566  0.0043   87.0     1.00     523566  0.950
  30    0.2 1.5e-04   0.988    2545.17 1.3843e-05   8.771  -1.03e+05   -8.771   0.556  0.0044   87.0     1.00     541620  0.950
  31    0.2 1.4e-04   0.991    2516.43 1.3239e-05   9.094  -1.02e+05   -9.094   0.555  0.0030   87.0     1.00     559674  0.950
  32    0.2 1.4e-04   0.990    2485.33 1.3276e-05   9.017  -1.02e+05   -9.017   0.540  0.0033   87.0     1.00     577728  0.950
  33    0.2 1.3e-04   0.988    2453.14 1.2737e-05   9.351  -1.02e+05   -9.351   0.522  0.0047   87.0     1.00     595782  0.950
  34    0.2 1.2e-04   0.993    2433.73 1.3144e-05   8.970  -1.02e+05   -8.970   0.519  0.0040   87.0     1.00     613836  0.950
  35    0.2 1.2e-04   0.991    2411.02 1.2783e-05   9.203  -1.02e+05   -9.203   0.500  0.0026   87.0     1.00     631890  0.950
  36    0.2 1.1e-04   0.991    2398.40 1.2941e-05   9.043  -1.02e+05   -9.043   0.496  0.0054   87.0     1.00     649944  0.950
  37    0.2 1.0e-04   0.988    2365.02 1.3836e-05   8.376  -1.01e+05   -8.376   0.480  0.0047   87.0     1.00     667998  0.950
  38    0.2 9.9e-05   0.994    2356.10 1.3461e-05   8.545  -1.01e+05   -8.545   0.470  0.0043   87.0     1.00     686052  0.950
  39    0.2 9.5e-05   0.991    2329.10 1.362e-05    8.427  -1.02e+05   -8.427   0.474  0.0044   87.0     1.00     704106  0.950
  40    0.2 9.0e-05   0.991    2313.87 1.2761e-05   8.941  -1.01e+05   -8.941   0.451  0.0036   87.0     1.00     722160  0.950
  41    0.2 8.5e-05   0.990    2287.81 1.2913e-05   8.783  -1.02e+05   -8.783   0.438  0.0049   87.0     1.00     740214  0.950
  42    0.2 8.1e-05   0.991    2270.95 1.2925e-05   8.576  -1.03e+05   -8.576   0.426  0.0034   86.8     1.02     758268  0.950
  43    0.2 7.7e-05   0.989    2245.59 1.195e-05    8.491  -1.01e+05   -8.491   0.416  0.0041   85.6     1.11     776322  0.950
  44    0.2 7.3e-05   0.988    2210.38 1.0023e-05   8.678  -1.02e+05   -8.678   0.401  0.0045   83.6     1.28     794376  0.950
  45    0.2 6.9e-05   0.997    2208.14 8.2989e-06   8.599  -1.02e+05   -8.599   0.390  0.0014   80.3     1.55     812430  0.950
  46    0.2 6.6e-05   0.990    2197.11 6.4934e-06   8.593  -1.02e+05   -8.593   0.385  0.0041   76.2     1.88     830484  0.950
  47    0.2 6.3e-05   0.989    2177.91 5.32e-06     8.452  -1.02e+05   -8.452   0.383  0.0047   72.1     2.22     848538  0.950
  48    0.2 6.0e-05   0.989    2151.95 4.6361e-06   8.136  -1.03e+05   -8.136   0.362  0.0054   67.9     2.55     866592  0.950
  49    0.2 5.7e-05   0.995    2127.52 3.6396e-06   8.130  -1.01e+05   -8.130   0.351  0.0017   62.6     2.98     884646  0.950
  50    0.2 5.4e-05   0.993    2122.49 2.6919e-06   8.283  -1.01e+05   -8.283   0.349  0.0032   57.1     3.44     902700  0.950
  51    0.2 5.1e-05   0.995    2106.73 1.9423e-06   8.503  -1.02e+05   -8.503   0.341  0.0027   51.9     3.86     920754  0.950
  52    0.2 4.9e-05   0.993    2093.13 1.6837e-06   8.303  -1.04e+05   -8.303   0.338  0.0024   46.7     4.28     938808  0.950
  53    0.2 4.6e-05   0.992    2075.25 1.5097e-06   8.198  -1.04e+05   -8.198   0.323  0.0034   42.0     4.67     956862  0.950
  54    0.2 4.4e-05   0.994    2064.44 1.2936e-06   8.125  -1.04e+05   -8.125   0.322  0.0024   37.1     5.06     974916  0.950
  55    0.2 4.2e-05   0.994    2051.83 1.098e-06    8.096  -1.03e+05   -8.096   0.307  0.0025   32.7     5.42     992970  0.950
  56    0.2 4.0e-05   0.995    2039.39 9.7563e-07   8.032  -1.06e+05   -8.032   0.300  0.0021   28.3     5.78    1011024  0.950
  57    0.2 3.8e-05   0.992    2025.34 8.5741e-07   8.032  -1.06e+05   -8.032   0.294  0.0032   24.3     6.10    1029078  0.950
  58    0.2 3.6e-05   0.994    2006.20 7.9962e-07   7.973  -1.04e+05   -7.973   0.289  0.0031   20.8     6.39    1047132  0.950
  59    0.2 3.4e-05   0.995    1992.36 7.0442e-07   7.973  -1.04e+05   -7.973   0.284  0.0016   17.6     6.65    1065186  0.950
  60    0.2 3.2e-05   0.995    1976.13 6.4447e-07   7.973  -1.04e+05   -7.973   0.277  0.0023   14.9     6.87    1083240  0.950
  61    0.2 3.1e-05   0.994    1958.57 6.2573e-07   7.909  -1.06e+05   -7.909   0.281  0.0021   12.5     7.07    1101294  0.950
  62    0.2 2.9e-05   0.996    1944.84 5.1882e-07   8.032  -1.04e+05   -8.032   0.276  0.0019   10.5     7.23    1119348  0.950
  63    0.2 2.8e-05   0.995    1932.11 4.8403e-07   8.032  -1.05e+05   -8.032   0.270  0.0026    8.8     7.37    1137402  0.950
  64    0.2 2.6e-05   0.997    1918.32 4.6411e-07   8.032  -1.04e+05   -8.032   0.260  0.0016    7.3     7.49    1155456  0.950
  65    0.2 2.5e-05   0.996    1910.60 4.5351e-07   8.032  -1.03e+05   -8.032   0.263  0.0018    6.0     7.60    1173510  0.950
  66    0.2 2.4e-05   0.997    1902.27 4.1777e-07   8.032  -1.03e+05   -8.032   0.255  0.0013    4.9     7.68    1191564  0.950
  67    0.2 2.2e-05   0.997    1894.14 4.0958e-07   8.032  -1.04e+05   -8.032   0.254  0.0012    4.0     7.76    1209618  0.950
  68    0.2 2.1e-05   0.998    1890.23 3.9505e-07   8.032  -1.04e+05   -8.032   0.254  0.0016    3.3     7.82    1227672  0.950
  69    0.2 2.0e-05   0.997    1878.72 3.8605e-07   8.032  -1.04e+05   -8.032   0.253  0.0014    2.7     7.87    1245726  0.950
  70    0.2 1.9e-05   0.998    1870.83 3.7368e-07   8.032  -1.03e+05   -8.032   0.240  0.0010    2.2     7.91    1263780  0.950
  71    0.2 1.8e-05   0.997    1863.87 3.9384e-07   7.968  -1.02e+05   -7.968   0.259  0.0013    1.7     7.94    1281834  0.950
  72    0.2 1.7e-05   0.998    1859.10 3.8396e-07   7.973  -1.03e+05   -7.973   0.242  0.0009    1.4     7.97    1299888  0.950
  73    0.2 1.7e-05   0.997    1853.84 3.844e-07    7.968  -1.02e+05   -7.968   0.241  0.0011    1.1     7.99    1317942  0.950
  74    0.2 1.6e-05   0.999    1849.41 3.7502e-07   7.973  -1.03e+05   -7.973   0.231  0.0007    1.0     8.00    1335996  0.950
  75    0.2 1.5e-05   0.999    1847.55 3.7094e-07   7.968  -1.03e+05   -7.968   0.226  0.0004    1.0     8.00    1354050  0.950
  76    0.2 1.4e-05   0.998    1844.37 3.7208e-07   7.973  -1.03e+05   -7.973   0.222  0.0006    1.0     8.00    1372104  0.950
  77    0.2 1.3e-05   0.998    1840.24 3.6999e-07   7.968  -1.03e+05   -7.968   0.216  0.0007    1.0     8.00    1390158  0.950
  78    0.2 1.3e-05   0.999    1839.61 3.6874e-07   7.968  -1.03e+05   -7.968   0.217  0.0005    1.0     8.00    1408212  0.950
  79    0.2 1.2e-05   0.999    1836.68 3.6588e-07   7.973  -1.03e+05   -7.973   0.211  0.0005    1.0     8.00    1426266  0.950
  80    0.2 1.2e-05   0.999    1832.48 3.6571e-07   7.968  -1.03e+05   -7.968   0.201  0.0008    1.0     8.00    1444320  0.950
  81    0.2 1.1e-05   0.999    1828.40 3.6396e-07   7.973  -1.03e+05   -7.973   0.195  0.0005    1.0     8.00    1462374  0.950
  82    0.2 1.0e-05   0.999    1825.06 3.6335e-07   7.968  -1.03e+05   -7.968   0.193  0.0006    1.0     8.00    1480428  0.950
  83    0.2 9.9e-06   0.999    1822.45 3.6212e-07   7.973  -1.02e+05   -7.973   0.187  0.0004    1.0     8.00    1498482  0.950
  84    0.2 9.4e-06   0.999    1820.62 3.6244e-07   7.968  -1.03e+05   -7.968   0.182  0.0004    1.0     8.00    1516536  0.950
  85    0.2 8.9e-06   0.999    1819.02 3.6039e-07   7.973  -1.03e+05   -7.973   0.180  0.0003    1.0     8.00    1534590  0.950
  86    0.2 8.5e-06   0.999    1817.46 3.6222e-07   7.968  -1.02e+05   -7.968   0.176  0.0004    1.0     8.00    1552644  0.950
  87    0.2 8.1e-06   0.999    1815.72 3.6142e-07   7.973  -1.03e+05   -7.973   0.180  0.0003    1.0     8.00    1570698  0.950
  88    0.2 7.7e-06   1.000    1815.14 3.5885e-07   7.968  -1.03e+05   -7.968   0.172  0.0002    1.0     8.00    1588752  0.950
  89    0.2 7.3e-06   0.999    1814.27 3.6047e-07   7.973  -1.03e+05   -7.973   0.173  0.0003    1.0     8.00    1606806  0.950
  90    0.2 6.9e-06   0.999    1812.12 3.5988e-07   7.968  -1.03e+05   -7.968   0.167  0.0004    1.0     8.00    1624860  0.950
  91    0.2 6.6e-06   0.999    1810.89 3.5656e-07   7.973  -1.03e+05   -7.973   0.166  0.0003    1.0     8.00    1642914  0.950
  92    0.2 6.2e-06   0.999    1810.16 3.5851e-07   7.968  -1.02e+05   -7.968   0.164  0.0003    1.0     8.00    1660968  0.950
  93    0.2 5.9e-06   0.999    1808.98 3.5852e-07   7.973  -1.03e+05   -7.973   0.157  0.0004    1.0     8.00    1679022  0.950
  94    0.2 5.6e-06   1.000    1808.42 3.5806e-07   7.968  -1.02e+05   -7.968   0.161  0.0002    1.0     8.00    1697076  0.950
  95    0.2 5.3e-06   1.000    1807.56 3.5835e-07   7.973  -1.02e+05   -7.973   0.161  0.0002    1.0     8.00    1715130  0.950
  96    0.2 5.1e-06   0.999    1806.82 3.6124e-07   7.968  -1.03e+05   -7.968   0.158  0.0003    1.0     8.00    1733184  0.950
  97    0.2 4.8e-06   1.000    1806.30 3.5733e-07   7.973  -1.02e+05   -7.973   0.151  0.0002    1.0     8.00    1751238  0.950
  98    0.2 4.6e-06   1.000    1805.28 3.5721e-07   7.968  -1.02e+05   -7.968   0.149  0.0001    1.0     8.00    1769292  0.950
Agent's 2nd state: 
  99    0.2 3.7e-06   1.000    1804.58 3.5739e-07   7.973  -1.02e+05   -7.973   0.151  0.0002    1.0     8.00    1787346  0.800
Checkpoint saved: bb_costs=1804.25, TD costs=3.57536e-07, CPD=  7.968 (ns) 
 100    0.2 3.5e-06   1.000    1803.95 3.5729e-07   7.968  -1.03e+05   -7.968   0.108  0.0002    1.0     8.00    1805400  0.950
 101    0.2 2.8e-06   1.000    1803.24 3.56e-07     7.973  -1.03e+05   -7.973   0.107  0.0001    1.0     8.00    1823454  0.800
 102    0.2 2.2e-06   1.000    1802.66 3.5636e-07   7.968  -1.02e+05   -7.968   0.099  0.0001    1.0     8.00    1841508  0.800
 103    0.2 1.8e-06   1.000    1802.40 3.5766e-07   7.973  -1.02e+05   -7.973   0.100  0.0001    1.0     8.00    1859562  0.800
 104    0.2 1.4e-06   1.000    1802.01 3.5577e-07   7.968  -1.03e+05   -7.968   0.097  0.0001    1.0     8.00    1877616  0.800
 105    0.2 1.1e-06   1.000    1801.62 3.5526e-07   7.973  -1.03e+05   -7.973   0.090  0.0001    1.0     8.00    1895670  0.800
 106    0.2 9.1e-07   1.000    1801.12 3.5735e-07   7.968  -1.02e+05   -7.968   0.093  0.0001    1.0     8.00    1913724  0.800
 107    0.2 7.3e-07   1.000    1801.24 3.542e-07    7.973  -1.03e+05   -7.973   0.090  0.0001    1.0     8.00    1931778  0.800
 108    0.2 5.8e-07   1.000    1800.74 3.5472e-07   7.968  -1.02e+05   -7.968   0.093  0.0001    1.0     8.00    1949832  0.800
 109    0.2 4.7e-07   1.000    1800.61 3.5443e-07   7.973  -1.02e+05   -7.973   0.089  0.0001    1.0     8.00    1967886  0.800
 110    0.2 3.7e-07   1.000    1800.41 3.548e-07    7.968  -1.02e+05   -7.968   0.092  0.0001    1.0     8.00    1985940  0.800
 111    0.2 3.0e-07   1.000    1800.38 3.5408e-07   7.973  -1.02e+05   -7.973   0.086  0.0000    1.0     8.00    2003994  0.800
 112    0.2 2.4e-07   1.000    1799.97 3.5475e-07   7.968  -1.01e+05   -7.968   0.087  0.0000    1.0     8.00    2022048  0.800
 113    0.2 0.0e+00   1.000    1800.07 3.5475e-07   7.973  -1.01e+05   -7.973   0.047  0.0000    1.0     8.00    2040102  0.800
### Placement Quench took 0.19 seconds (max_rss 774.4 MiB)
post-quench CPD = 7.96828 (ns) 

Completed placement consistency check successfully.

Swaps called: 2042722

Aborted Move Reasons:
  duplicate block move to location: 5
  macro move to location illegal: 4
  macro_from swap to location illegal: 1095

BB estimate of min-dist (placement) wire length: 251869

Placement estimated critical path delay (least slack): 7.96828 ns, Fmax: 125.498 MHz
Placement estimated critical path skew: -0.04243 ns
Placement estimated setup Worst Negative Slack (sWNS): -7.96828 ns
Placement estimated setup Total Negative Slack (sTNS): -101317 ns
Placement estimated setup Worst Skew (sWS): -0.04243 ns

Placement estimated setup slack histogram:
[   -8e-09: -7.2e-09)     5 (  0.0%) |
[ -7.2e-09: -6.4e-09)    48 (  0.1%) |
[ -6.4e-09: -5.6e-09)   204 (  0.4%) |
[ -5.6e-09: -4.9e-09)   527 (  1.0%) |*
[ -4.9e-09: -4.1e-09)   588 (  1.1%) |*
[ -4.1e-09: -3.3e-09)  1848 (  3.5%) |****
[ -3.3e-09: -2.5e-09)  5310 ( 10.1%) |*************
[ -2.5e-09: -1.7e-09) 19042 ( 36.1%) |*********************************************
[ -1.7e-09: -9.7e-10) 18929 ( 35.9%) |*********************************************
[ -9.7e-10: -1.9e-10)  6261 ( 11.9%) |***************

Placement estimated geomean non-virtual intra-domain period: 7.96828 ns (125.498 MHz)
Placement estimated fanout-weighted geomean non-virtual intra-domain period: 7.96828 ns (125.498 MHz)

Placement cost: 0.999891, bb_cost: 1800.09, td_cost: 3.54278e-07, 

Placement resource usage:
  io      implemented as io     : 1084
  clb     implemented as clb    : 1235
  dsp_top implemented as dsp_top: 107
  memory  implemented as memory : 194

Placement number of temperatures: 113
Placement total # of swap attempts: 2042722
	Swaps accepted:  760000 (37.2 %)
	Swaps rejected: 1273100 (62.3 %)
	Swaps aborted:    9622 ( 0.5 %)


Placement perturbation distribution by block and move type: 
------------------ ----------------- ---------------- ---------------- --------------- ------------ 
    Block Type         Move Type       (%) of Total      Accepted(%)     Rejected(%)    Aborted(%)
------------------ ----------------- ---------------- ---------------- --------------- ------------ 
io                 Uniform                9.78             54.05           45.95          0.00         
                   Median                 9.77             60.84           38.34          0.82         
                   Centroid               9.76             61.30           38.69          0.00         
                   W. Centroid            9.79             61.36           38.64          0.00         
                   W. Median              0.74             26.55           72.50          0.94         

clb                Uniform                11.12            7.43            92.45          0.12         
                   Median                 11.20            36.70           62.53          0.77         
                   Centroid               11.13            34.55           65.35          0.10         
                   W. Centroid            11.22            35.19           64.70          0.11         
                   W. Median              0.84             3.03            96.01          0.96         
                   Crit. Uniform          1.77             0.01            99.99          0.00         
                   Feasible Region        1.79             0.03            99.97          0.00         

dsp_top            Uniform                0.96             2.11            97.89          0.00         
                   Median                 0.96             4.64            91.64          3.72         
                   Centroid               0.97             4.36            91.49          4.16         
                   W. Centroid            0.97             4.59            91.62          3.79         
                   W. Median              0.07             0.00            91.74          8.26         

memory             Uniform                1.77             8.09            91.91          0.00         
                   Median                 1.77             15.95           79.89          4.16         
                   Centroid               1.75             13.24           84.52          2.23         
                   W. Centroid            1.75             12.54           87.09          0.36         
                   W. Median              0.13             3.58            85.95          10.47        


Placement Quench timing analysis took 0.0470553 seconds (0.0386241 STA, 0.00843126 slack) (1 full updates: 1 setup, 0 hold, 0 combined).
Placement Total  timing analysis took 5.89363 seconds (4.8294 STA, 1.06424 slack) (115 full updates: 115 setup, 0 hold, 0 combined).
update_td_costs: connections 0.0597969 nets 0 sum_nets 0.0217616 total 0.0817838
## AP Detailed Placer took 20.03 seconds (max_rss 784.7 MiB, delta_rss +10.3 MiB)
Incr Slack updates 115 in 0.192643 sec
Full Max Req/Worst Slack updates 60 in 0.0668354 sec
Incr Max Req/Worst Slack updates 55 in 0.0810213 sec
Incr Criticality updates 12 in 0.0382759 sec
Full Criticality updates 103 in 0.541289 sec
Incr Slack updates 1 in 0.00157547 sec
Full Max Req/Worst Slack updates 1 in 0.00109989 sec
Incr Max Req/Worst Slack updates 0 in 0 sec
Incr Criticality updates 0 in 0 sec
Full Criticality updates 1 in 0.00466509 sec
# Analytical Placement took 94.38 seconds (max_rss 784.7 MiB, delta_rss +582.6 MiB)


# Routing
RR graph channel widths unchanged, skipping RR graph rebuild
## Initializing router criticalities
Initial Net Connection Criticality Histogram:
[        0:      0.1) 7060 ( 14.5%) |**************************************
[      0.1:      0.2) 8510 ( 17.5%) |**********************************************
[      0.2:      0.3) 7178 ( 14.8%) |***************************************
[      0.3:      0.4) 3238 (  6.7%) |******************
[      0.4:      0.5) 6388 ( 13.2%) |***********************************
[      0.5:      0.6) 7619 ( 15.7%) |*****************************************
[      0.6:      0.7) 5900 ( 12.1%) |********************************
[      0.7:      0.8) 1936 (  4.0%) |**********
[      0.8:      0.9)  655 (  1.3%) |****
[      0.9:        1)   81 (  0.2%) |
## Initializing router criticalities took 0.64 seconds (max_rss 784.7 MiB, delta_rss +0.0 MiB)
---- ------ ------- ---- ------- ------- ------- ----------------- --------------- -------- ---------- ---------- ---------- ---------- --------
Iter   Time    pres  BBs    Heap  Re-Rtd  Re-Rtd Overused RR Nodes      Wirelength      CPD       sTNS       sWNS       hTNS       hWNS Est Succ
      (sec)     fac Updt    push    Nets   Conns                                       (ns)       (ns)       (ns)       (ns)       (ns)     Iter
---- ------ ------- ---- ------- ------- ------- ----------------- --------------- -------- ---------- ---------- ---------- ---------- --------
   1    1.0     0.0    0 5916592   25862   41715   22832 ( 1.412%)  402753 (19.2%)    9.028 -1.640e+05     -9.028      0.000      0.000      N/A
   2    0.9     0.5    0 5407278   18735   33030   11155 ( 0.690%)  402145 (19.2%)    7.463 -1.419e+05     -7.463      0.000      0.000      N/A
   3    0.8     0.6    0 4139301   13131   24367    8982 ( 0.556%)  407159 (19.4%)    7.463 -1.369e+05     -7.463      0.000      0.000      N/A
   4    0.7     0.8    0 3418890   10728   20745    7028 ( 0.435%)  410741 (19.6%)    7.463 -1.365e+05     -7.463      0.000      0.000      N/A
   5    0.6     1.1    0 2623686    8773   17276    5097 ( 0.315%)  414892 (19.8%)    7.463 -1.360e+05     -7.463      0.000      0.000      N/A
   6    0.4     1.4    0 1874252    6817   13945    3810 ( 0.236%)  418076 (20.0%)    7.463 -1.365e+05     -7.463      0.000      0.000      N/A
   7    0.4     1.9    0 1295748    5127   10837    2715 ( 0.168%)  421263 (20.1%)    7.463 -1.366e+05     -7.463      0.000      0.000      N/A
   8    0.3     2.4    0  787555    3790    8179    1880 ( 0.116%)  424236 (20.3%)    7.463 -1.367e+05     -7.463      0.000      0.000      N/A
   9    0.2     3.1    0  568533    2697    6036    1229 ( 0.076%)  426811 (20.4%)    7.463 -1.368e+05     -7.463      0.000      0.000       29
  10    0.2     4.1    0  373768    1754    4166     764 ( 0.047%)  429075 (20.5%)    7.463 -1.369e+05     -7.463      0.000      0.000       27
  11    0.2     5.3    0  250216    1113    2702     438 ( 0.027%)  430599 (20.6%)    7.463 -1.369e+05     -7.463      0.000      0.000       25
  12    0.2     6.9    0  166483     632    1603     231 ( 0.014%)  431614 (20.6%)    7.463 -1.369e+05     -7.463      0.000      0.000       23
  13    0.1     9.0    0   94909     344     900     113 ( 0.007%)  432282 (20.6%)    7.463 -1.369e+05     -7.463      0.000      0.000       22
  14    0.1    11.6    0   56620     172     413      52 ( 0.003%)  432841 (20.7%)    7.463 -1.370e+05     -7.463      0.000      0.000       21
  15    0.1    15.1    0   27770      71     179      18 ( 0.001%)  433023 (20.7%)    7.463 -1.370e+05     -7.463      0.000      0.000       20
  16    0.1    19.7    0   11999      24      61       5 ( 0.000%)  433155 (20.7%)    7.463 -1.370e+05     -7.463      0.000      0.000       19
  17    0.1    25.6    0    1120       7       7       2 ( 0.000%)  433159 (20.7%)    7.463 -1.370e+05     -7.463      0.000      0.000       18
  18    0.1    33.3    0     874       2       2       1 ( 0.000%)  433143 (20.7%)    7.463 -1.370e+05     -7.463      0.000      0.000       18
  19    0.1    43.3    0     132       1       1       0 ( 0.000%)  433147 (20.7%)    7.463 -1.370e+05     -7.463      0.000      0.000      N/A
Restoring best routing
Critical path: 7.46266 ns
Successfully routed after 19 routing iterations.
Final Net Connection Criticality Histogram:
[        0:      0.1) 7313 ( 15.1%) |*************************************
[      0.1:      0.2) 4264 (  8.8%) |**********************
[      0.2:      0.3) 7893 ( 16.3%) |****************************************
[      0.3:      0.4) 4704 (  9.7%) |************************
[      0.4:      0.5) 3868 (  8.0%) |********************
[      0.5:      0.6) 9072 ( 18.7%) |**********************************************
[      0.6:      0.7) 6489 ( 13.4%) |*********************************
[      0.7:      0.8) 3492 (  7.2%) |******************
[      0.8:      0.9) 1133 (  2.3%) |******
[      0.9:        1)  337 (  0.7%) |**
Router Stats: total_nets_routed: 99780 total_connections_routed: 186164 total_heap_pushes: 27015726 total_heap_pops: 7517622 
Serial Connection Router is being destroyed. Time spent on path search: 3.470 seconds.
# Routing took 7.54 seconds (max_rss 811.0 MiB, delta_rss +26.3 MiB)

Checking to ensure routing is legal...
# Checking to ensure non-configurable edges are legal
# Checking to ensure non-configurable edges are legal took 0.07 seconds (max_rss 811.0 MiB, delta_rss +0.0 MiB)
Completed routing consistency check successfully.

Serial number (magic cookie) for the routing is: 1321690250
Circuit successfully routed with a channel width factor of 140.
Incr Slack updates 20 in 0.0326996 sec
Full Max Req/Worst Slack updates 2 in 0.00234211 sec
Incr Max Req/Worst Slack updates 18 in 0.0273162 sec
Incr Criticality updates 17 in 0.0508754 sec
Full Criticality updates 3 in 0.0192295 sec
# Synchronize the packed netlist to routing optimization
## Annotating rr_node with routed nets
## Annotating rr_node with routed nets took 0.01 seconds (max_rss 811.0 MiB, delta_rss +0.0 MiB)
Found 44014 mismatches between routing and packing results.
Fixed 30782 routing traces due to mismatch between routing and packing results.
# Synchronize the packed netlist to routing optimization took 0.29 seconds (max_rss 811.0 MiB, delta_rss +0.0 MiB)
Final Clustering Statistics: 
----------   --------   ------------------------------------   --------------------------
Block Type   # Blocks   Avg. # of input clocks and pins used   Avg. # of output pins used
----------   --------   ------------------------------------   --------------------------
     EMPTY          0                                      0                            0   
        io       1084                              0.0295203                      0.97048   
       clb       1235                                27.9466                      15.3628   
   dsp_top        107                                40.9813                      20.1869   
    memory        194                                49.6598                      18.9691   
Absorbed logical nets 24200 out of 50065 nets, 25865 nets not absorbed.


Average number of bends per net: 1.68266  Maximum # of bends: 294

Number of global nets: 3
Number of routed nets (nonglobal): 25862
Wire length results (in units of 1 clb segments)...
	Total wirelength: 433147, average net length: 16.7484
	Maximum net length: 2369

Wire length results in terms of physical segments...
	Total wiring segments used: 97421, average wire segments per net: 3.76696
	Maximum segments used by a net: 532
	Total local nets with reserved CLB opins: 0
Total number of nets absorbed: 8

Routing channel utilization histogram:
[        1:      inf)    0 (  0.0%) |
[      0.9:        1)    0 (  0.0%) |
[      0.8:      0.9)    0 (  0.0%) |
[      0.7:      0.8)  226 (  1.5%) |**
[      0.5:      0.6)  689 (  4.6%) |******
[      0.4:      0.5) 1269 (  8.4%) |***********
[      0.3:      0.4) 1869 ( 12.3%) |****************
[      0.2:      0.3) 2538 ( 16.8%) |**********************
[      0.1:      0.2) 3170 ( 20.9%) |***************************
[        0:      0.1) 5377 ( 35.5%) |**********************************************
Maximum routing channel utilization:      0.78 at (39,47)

X - Directed channels: layer   y   max occ   ave occ   ave cap
                        ----- ---- -------- -------- --------
                            0    0       70   30.058      140
                            0    1       11    1.860      140
                            0    2       20    2.698      140
                            0    3       37    5.535      140
                            0    4       38    8.837      140
                            0    5       36    6.977      140
                            0    6       40    8.465      140
                            0    7       44   10.930      140
                            0    8       45   12.721      140
                            0    9       50   17.384      140
                            0   10       54   21.616      140
                            0   11       50   20.698      140
                            0   12       46   20.953      140
                            0   13       78   24.395      140
                            0   14       82   22.756      140
                            0   15       67   19.802      140
                            0   16       65   21.791      140
                            0   17       63   20.593      140
                            0   18       53   22.837      140
                            0   19       64   26.605      140
                            0   20       61   29.047      140
                            0   21       54   25.233      140
                            0   22       54   26.698      140
                            0   23       67   26.349      140
                            0   24       65   22.919      140
                            0   25       58   21.326      140
                            0   26       50   18.919      140
                            0   27       56   23.419      140
                            0   28       74   26.140      140
                            0   29       90   30.256      140
                            0   30       68   30.337      140
                            0   31       71   32.767      140
                            0   32       79   30.279      140
                            0   33       71   26.279      140
                            0   34       87   32.919      140
                            0   35       90   34.581      140
                            0   36       74   34.314      140
                            0   37       86   40.337      140
                            0   38       97   43.558      140
                            0   39       96   43.442      140
                            0   40       80   39.035      140
                            0   41       86   39.826      140
                            0   42       89   43.081      140
                            0   43       88   43.919      140
                            0   44       92   41.767      140
                            0   45       81   41.430      140
                            0   46       88   41.151      140
                            0   47      109   41.360      140
                            0   48      101   38.535      140
                            0   49       94   42.267      140
                            0   50       97   51.012      140
                            0   51      101   50.430      140
                            0   52       89   41.581      140
                            0   53       97   39.163      140
                            0   54       90   35.663      140
                            0   55       85   40.663      140
                            0   56       88   37.372      140
                            0   57       85   36.488      140
                            0   58       85   40.349      140
                            0   59       86   41.581      140
                            0   60       87   37.163      140
                            0   61       87   37.988      140
                            0   62       85   39.372      140
                            0   63       86   34.000      140
                            0   64       91   39.988      140
                            0   65       97   43.140      140
                            0   66       82   36.267      140
                            0   67       85   34.081      140
                            0   68       86   34.256      140
                            0   69       85   33.360      140
                            0   70       83   33.767      140
                            0   71       82   38.384      140
                            0   72       79   34.860      140
                            0   73       75   30.186      140
                            0   74       82   34.988      140
                            0   75       74   31.430      140
                            0   76       67   23.872      140
                            0   77       67   18.302      140
                            0   78       62   17.384      140
                            0   79       52   12.442      140
                            0   80       18    4.721      140
                            0   81       30    4.407      140
                            0   82       46    4.151      140
                            0   83       24    2.512      140
                            0   84        4    0.651      140
                            0   85        5    0.651      140
                            0   86       51   24.116      140
Y - Directed channels: layer   x   max occ   ave occ   ave cap
                        ----- ---- -------- -------- --------
                            0    0       63   29.244      140
                            0    1       52   30.244      140
                            0    2       65   34.663      140
                            0    3       39   11.372      140
                            0    4       52   17.733      140
                            0    5       77   37.128      140
                            0    6       70   35.756      140
                            0    7       67   23.326      140
                            0    8       61   19.767      140
                            0    9       52   12.884      140
                            0   10       18    5.023      140
                            0   11       32    5.128      140
                            0   12       29    5.721      140
                            0   13       41    8.186      140
                            0   14       46   16.802      140
                            0   15       66   20.965      140
                            0   16       63   21.860      140
                            0   17       79   42.791      140
                            0   18       90   46.047      140
                            0   19       71   25.093      140
                            0   20       78   32.349      140
                            0   21       95   50.919      140
                            0   22       89   46.523      140
                            0   23       86   32.919      140
                            0   24       82   31.640      140
                            0   25       66   28.326      140
                            0   26       48   20.872      140
                            0   27       37   10.733      140
                            0   28       41   11.860      140
                            0   29       56   12.023      140
                            0   30       70   21.035      140
                            0   31       75   22.291      140
                            0   32       76   24.977      140
                            0   33       72   46.570      140
                            0   34      105   59.663      140
                            0   35       90   40.581      140
                            0   36       91   41.860      140
                            0   37      104   59.395      140
                            0   38       97   56.756      140
                            0   39       87   31.988      140
                            0   40       92   31.663      140
                            0   41       89   33.326      140
                            0   42       96   34.360      140
                            0   43       89   28.849      140
                            0   44       94   30.465      140
                            0   45       85   31.767      140
                            0   46       82   38.151      140
                            0   47       83   34.384      140
                            0   48       87   40.919      140
                            0   49       98   59.512      140
                            0   50       94   62.349      140
                            0   51       80   44.767      140
                            0   52       97   51.895      140
                            0   53      105   63.314      140
                            0   54      100   49.640      140
                            0   55       77   30.802      140
                            0   56       78   30.744      140
                            0   57       76   33.581      140
                            0   58       76   29.442      140
                            0   59       78   29.930      140
                            0   60       79   28.081      140
                            0   61       80   27.221      140
                            0   62       75   26.047      140
                            0   63       56   22.849      140
                            0   64       41   22.070      140
                            0   65       66   46.872      140
                            0   66       79   57.558      140
                            0   67       76   36.198      140
                            0   68       86   40.233      140
                            0   69       90   50.058      140
                            0   70       89   46.000      140
                            0   71       68   23.698      140
                            0   72       63   14.174      140
                            0   73       44    9.279      140
                            0   74       25    5.221      140
                            0   75        9    1.965      140
                            0   76        8    3.128      140
                            0   77       11    5.279      140
                            0   78       23   11.721      140
                            0   79       27   11.977      140
                            0   80       32   13.291      140
                            0   81       70   33.791      140
                            0   82       83   42.779      140
                            0   83       59   22.453      140
                            0   84       65   21.988      140
                            0   85       64   26.721      140
                            0   86       50   23.326      140

Total existing wires segments: CHANX   1047480, CHANY   1047480, CHANZ         0, ALL   2094960
Total used wires segments:     CHANX    209818, CHANY    223329, CHANZ         0, ALL    433147
Usage percentage:              CHANX     20.0%, CHANY     21.3%, CHANZ      0.0%, ALL     20.7%

Logic area (in minimum width transistor areas, excludes I/Os and empty grid tiles)...
	Total logic block area (Warning, need to add pitch of routing to blocks with height > 3): 2.4541e+08
	Total used logic block area: 8.83235e+07

Routing area (in minimum width transistor areas)...
	Total routing area: 8.67194e+07, per logic tile: 11198.3

Total Number of Wiring Segments by Direction: direction length number
                                              --------- ------ -------
                                                      X      4 236160
                                                      Y      4 236160
                                                      X     16   9876
                                                      Y     16   9876

X - Directed Wiring Segment usage by length: length utilization
                                             ------ -----------
                                             4       0.195
                                            16       0.175

Y - Directed Wiring Segment usage by length: length utilization
                                             ------ -----------
                                             4       0.201
                                            16       0.223

Segment occupancy by length: Length Occupancy Capacity Utilization
                             ------ --------- -------- -----------
                             L4         93490   472320       0.198
                             L16         3931    19752       0.199

Segment occupancy by type: name type utilization
                           ---- ---- -----------
                             L4    0       0.198
                            L16    1       0.199

Final hold Worst Negative Slack (hWNS): 0 ns
Final hold Total Negative Slack (hTNS): 0 ns
Final hold Worst Skew (hWS): 0 ns

Final hold slack histogram:
[  4.1e-11:  5.6e-10) 3453 (  6.5%) |*****************
[  5.6e-10:  1.1e-09) 6638 ( 12.6%) |*********************************
[  1.1e-09:  1.6e-09) 5875 ( 11.1%) |*****************************
[  1.6e-09:  2.1e-09) 8311 ( 15.8%) |*****************************************
[  2.1e-09:  2.6e-09) 8172 ( 15.5%) |****************************************
[  2.6e-09:  3.1e-09) 9290 ( 17.6%) |**********************************************
[  3.1e-09:  3.6e-09) 6783 ( 12.9%) |**********************************
[  3.6e-09:  4.2e-09) 3064 (  5.8%) |***************
[  4.2e-09:  4.7e-09)  956 (  1.8%) |*****
[  4.7e-09:  5.2e-09)  220 (  0.4%) |*

Final critical path delay (least slack): 7.46266 ns, Fmax: 134 MHz
Final critical path skew: -0.04243 ns
Final setup Worst Negative Slack (sWNS): -7.46266 ns
Final setup Total Negative Slack (sTNS): -136980 ns
Final setup Worst Skew (sWS): -0.04243 ns

Final setup slack histogram:
[ -7.5e-09: -6.7e-09)    44 (  0.1%) |
[ -6.7e-09:   -6e-09)   160 (  0.3%) |*
[   -6e-09: -5.3e-09)   425 (  0.8%) |*
[ -5.3e-09: -4.6e-09)  1333 (  2.5%) |****
[ -4.6e-09: -3.8e-09)  4430 (  8.4%) |**************
[ -3.8e-09: -3.1e-09)  8757 ( 16.6%) |****************************
[ -3.1e-09: -2.4e-09) 13497 ( 25.6%) |*******************************************
[ -2.4e-09: -1.6e-09) 14107 ( 26.7%) |*********************************************
[ -1.6e-09: -9.2e-10)  9066 ( 17.2%) |*****************************
[ -9.2e-10: -1.9e-10)   943 (  1.8%) |***

Final geomean non-virtual intra-domain period: 7.46266 ns (134 MHz)
Final fanout-weighted geomean non-virtual intra-domain period: 7.46266 ns (134 MHz)

Incr Slack updates 1 in 0.00170784 sec
Full Max Req/Worst Slack updates 1 in 0.00115771 sec
Incr Max Req/Worst Slack updates 0 in 0 sec
Incr Criticality updates 0 in 0 sec
Full Criticality updates 1 in 0.00645274 sec
Flow timing analysis took 9.26025 seconds (7.89879 STA, 1.36146 slack) (137 full updates: 116 setup, 0 hold, 21 combined).
VPR succeeded
The entire flow of VPR took 106.40 seconds (max_rss 811.0 MiB)

