VPR FPGA Placement and Routing.
Version: 9.0.0-dev+v8.0.0-18248-g40f8d19708
Revision: v8.0.0-18248-g40f8d19708
Compiled: 2026-09-22T03:43:48
Compiler: GNU 13.3.0 on Linux-5.15.0-119-generic x86_64
Build Info: release IPO VTR_ASSERT_LEVEL=2

University of Toronto
verilogtorouting.org
vtr-users@googlegroups.com
This is free open source code under MIT license.

VPR was run with the following command-line:
/inspire/hdd/project/project-public/changshunjie-253114010247/changshunjie-253114010247/workspace/DAC2027/vtr/vtr-verilog-to-routing/vpr/vpr /inspire/hdd/project/project-public/changshunjie-253114010247/changshunjie-253114010247/workspace/DAC2027/vtr/vtr-verilog-to-routing/vtr_flow/arch/COFFE_22nm/k6FracN10LB_mem20K_complexDSP_customSB_22nm.xml /inspire/hdd/project/project-public/changshunjie-253114010247/changshunjie-253114010247/workspace/DAC2027/TailCompile/experiments/vtr/runs/pilot_v1/attention_layer/full-seed1-w300/attention_layer.pre-vpr.blif --analytical_place --route --analysis --ap_full_legalizer flat-recon --ap_detailed_placer annealer --seed 11 --route_chan_width 160 --write_flat_place /inspire/hdd/project/project-public/changshunjie-253114010247/changshunjie-253114010247/workspace/DAC2027/TailCompile/vtr_work/tailcompile_v3/attention_layer/4x4/gnn_candidate-fpbf070fc3-flat-recon-annealer-seed11-w160-devw88/post_route.fplace --write_legalized_flat_place /inspire/hdd/project/project-public/changshunjie-253114010247/changshunjie-253114010247/workspace/DAC2027/TailCompile/vtr_work/tailcompile_v3/attention_layer/4x4/gnn_candidate-fpbf070fc3-flat-recon-annealer-seed11-w160-devw88/post_legalizer.fplace --flat_place_verbosity 1 --device_width 88 --net_file /inspire/hdd/project/project-public/changshunjie-253114010247/changshunjie-253114010247/workspace/DAC2027/TailCompile/vtr_work/tailcompile_v3/attention_layer/4x4/gnn_candidate-fpbf070fc3-flat-recon-annealer-seed11-w160-devw88/attention_layer.locked-input.net --read_flat_place /inspire/hdd/global_user/changshunjie-253114010247/workspace/DAC2027/TailCompile/experiments/vtr/tailcompile_v3/attention_layer/4x4/pools/bootstrap_24/candidate_02_seed13029.fplace

Using up to 1 parallel worker(s)

Architecture file: /inspire/hdd/project/project-public/changshunjie-253114010247/changshunjie-253114010247/workspace/DAC2027/vtr/vtr-verilog-to-routing/vtr_flow/arch/COFFE_22nm/k6FracN10LB_mem20K_complexDSP_customSB_22nm.xml
Circuit name: attention_layer.pre-vpr

# Loading Architecture Description
# Loading Architecture Description took 0.04 seconds (max_rss 31.1 MiB, delta_rss +0.0 MiB)

Timing analysis: ON
Circuit netlist file: /inspire/hdd/project/project-public/changshunjie-253114010247/changshunjie-253114010247/workspace/DAC2027/TailCompile/vtr_work/tailcompile_v3/attention_layer/4x4/gnn_candidate-fpbf070fc3-flat-recon-annealer-seed11-w160-devw88/attention_layer.locked-input.net
Circuit placement file: attention_layer.pre-vpr.place
Circuit routing file: attention_layer.pre-vpr.route
Circuit SDC file: attention_layer.pre-vpr.sdc
Vpr floorplanning constraints file: not specified

Packer: DISABLED
Placer: DISABLED
Analytical Placer: ENABLED
Router: ENABLED
Analysis: ENABLED

VPR was run with the following options:

netlist_opts.absorb_buffer_luts            : true
netlist_opts.sweep_dangling_primary_ios    : true
netlist_opts.sweep_dangling_nets           : true
netlist_opts.sweep_dangling_blocks         : true
netlist_opts.sweep_constant_primary_outputs: false
netlist_opts.netlist_verbosity             : 1
netlist_opts.const_gen_inference           : COMB_SEQ

AnalyticalPlacerOpts.analytical_solver_type: lp-b2b
AnalyticalPlacerOpts.partial_legalizer_type: bipartitioning
AnalyticalPlacerOpts.full_legalizer_type: flat-recon
AnalyticalPlacerOpts.detailed_placer_type: annealer
AnalyticalPlacerOpts.ap_timing_tradeoff: 0.500000
AnalyticalPlacerOpts.ap_high_fanout_threshold: 256
AnalyticalPlacerOpts.log_verbosity: 1
router_opts.route_type: DETAILED
router_opts.flat_routing: false
router_opts.choke_points: on
router_opts.router_algorithm: TIMING_DRIVEN
router_opts.base_cost_type: DELAY_NORMALIZED_LENGTH
router_opts.fixed_channel_width: 160
router_opts.check_route: FULL
router_opts.acc_fac: 1.000000
router_opts.bb_factor: 3
router_opts.bend_cost: 0.000000
router_opts.first_iter_pres_fac: 0.000000
router_opts.initial_pres_fac: 0.500000
router_opts.pres_fac_mult: 1.300000
router_opts.max_pres_fac: 1000.000000
router_opts.max_router_iterations: 50
router_opts.min_incremental_reroute_fanout: 16
router_opts.initial_acc_cost_chan_congestion_threshold: 0.500000
router_opts.initial_acc_cost_chan_congestion_weight: 0.500000
router_opts.do_check_rr_graph: true
router_opts.verify_binary_search: false
router_opts.min_channel_width_hint: 0
router_opts.read_rr_edge_metadata: false
router_opts.exit_after_first_routing_iteration: false
router_opts.astar_fac: 1.200000
router_opts.astar_offset: 0.000000
router_opts.router_profiler_astar_fac: 1.200000
router_opts.enable_parallel_connection_router: false
router_opts.post_target_prune_fac: 1.200000
router_opts.post_target_prune_offset: 0
router_opts.multi_queue_num_threads: 1
router_opts.multi_queue_num_queues: 2
router_opts.multi_queue_direct_draining: false
router_opts.criticality_exp: 1.000000
router_opts.max_criticality: 0.990000
router_opts.init_wirelength_abort_threshold: 0.850000
router_opts.incr_reroute_delay_ripup: AUTO
router_opts.save_routing_per_iteration: false
router_opts.congested_routing_iteration_threshold_frac: 1.000000
router_opts.high_fanout_threshold: 64
router_opts.router_debug_net: -2
router_opts.router_debug_sink_rr: -2
router_opts.router_debug_iteration: -2
router_opts.max_convergence_count: 1
router_opts.reconvergence_cpd_threshold: 0.990000
router_opts.update_lower_bound_delays: true
router_opts.first_iteration_timing_report_file: 
router_opts.route_bb_update: DYNAMIC
router_opts.lookahead_type: MAP
router_opts.initial_timing: LOOKAHEAD
router_opts.router_heap: FOUR_ARY_HEAP
router_opts.routing_failure_predictor = SAFE
router_opts.routing_predictor_min_history: 8
router_opts.routing_budgets_algorithm = DISABLE

analysis_opts.gen_post_synthesis_netlist: false
analysis_opts.gen_post_implementation_merged_netlist: false
analysis_opts.gen_post_implementation_sdc: false
analysis_opts.timing_report_npaths: 100
analysis_opts.timing_report_skew: false
analysis_opts.echo_dot_timing_graph_node: -1
analysis_opts.timing_report_detail: NETLIST
analysis_opts.post_synth_netlist_unconn_input_handling: UNCONNECTED
analysis_opts.post_synth_netlist_unconn_output_handling: UNCONNECTED
analysis_opts.post_synth_netlist_module_parameters: on

# Building complex block graph
# Building complex block graph took 0.10 seconds (max_rss 31.1 MiB, delta_rss +0.0 MiB)
Circuit file: /inspire/hdd/project/project-public/changshunjie-253114010247/changshunjie-253114010247/workspace/DAC2027/TailCompile/experiments/vtr/runs/pilot_v1/attention_layer/full-seed1-w300/attention_layer.pre-vpr.blif
# Load circuit
Found 4 constant generator(s) in the netlist (2 constant-zero, 2 constant-one) (run with --netlist_verbosity 2 to list names)
# Load circuit took 0.69 seconds (max_rss 134.5 MiB, delta_rss +103.5 MiB)
# Clean circuit
Absorbed 7975 LUT buffers
Found 1090 primitive output pin(s) driven only by constants; marked them as constants
Swept input(s)      : 7
Swept output(s)     : 0 (0 dangling, 0 constant)
Swept net(s)        : 10126
Swept block(s)      : 33
Constant Pins Marked: 1090
# Clean circuit took 0.16 seconds (max_rss 134.5 MiB, delta_rss +0.0 MiB)
# Compress circuit
# Compress circuit took 0.08 seconds (max_rss 134.5 MiB, delta_rss +0.0 MiB)
# Verify circuit
# Verify circuit took 0.02 seconds (max_rss 134.5 MiB, delta_rss +0.0 MiB)
Circuit Statistics:
  Blocks: 40113
    .input            :    1052
    .latch            :    8844
    .names            :   17218
        0-LUT:       3
        1-LUT:    5989
        2-LUT:     920
        3-LUT:    4530
        4-LUT:    3023
        5-LUT:    1163
        6-LUT:    1590
    .output           :      32
    adder             :    9150
    addition_fp_clk_16:       1
    dual_port_ram     :    3680
    multiply          :     136
  Nets  : 50065
    Avg Fanout:     2.9
    Max Fanout: 12525.0
    Min Fanout:     1.0
  Netlist Clocks: 1
# Build Timing Graph
  Timing Graph Nodes: 245193
  Timing Graph Edges: 446068
  Timing Graph Levels: 66
# Build Timing Graph took 0.29 seconds (max_rss 193.9 MiB, delta_rss +57.3 MiB)
Netlist contains 1 clocks
  Netlist Clock 'clk' Fanout: 12525 pins (6.5%), 12525 blocks (31.2%)
# Load Timing Constraints

SDC file 'attention_layer.pre-vpr.sdc' not found
Setting default timing constraints:
   * constrain all primary inputs and primary outputs on netlist clock 'clk'
   * optimize netlist clock to run as fast as possible
Timing constraints created 1 clocks
  Constrained Clock 'clk' Source: 'clk.inpad[0]'

# Load Timing Constraints took 0.00 seconds (max_rss 193.9 MiB, delta_rss +0.0 MiB)
# Analytical Placement
## Prepacker

There is one chain in this architecture called "chain" with the following starting points:
	clb[0]/lab[0]/fle[0]/ble5[0]/arithmetic[0]/adder[0].cin[0]

## Prepacker took 0.06 seconds (max_rss 193.9 MiB, delta_rss +0.0 MiB)
## Initializing Pre-Cluster Timing
Using inter-cluster delay: 2.1832e-09
## Initializing Pre-Cluster Timing took 0.54 seconds (max_rss 199.1 MiB, delta_rss +5.1 MiB)
## Estimate Device Size
Device layout 'auto' with fixed width 88.
FPGA sized to 88 x 88: 7744 grid tiles (auto)
## Estimate Device Size took 0.00 seconds (max_rss 199.1 MiB, delta_rss +0.0 MiB)
## Ram Mapper
Flat Placement is provided, skipping the RAM mapping.
## Ram Mapper took 0.00 seconds (max_rss 199.1 MiB, delta_rss +0.0 MiB)
## Read Atom Netlist to AP Netlist
## Read Atom Netlist to AP Netlist took 0.33 seconds (max_rss 269.7 MiB, delta_rss +70.6 MiB)
Analytical Placement Netlist Statistics:
	AP Blocks: 25061
		Moveable AP Blocks: 25061
		Fixed AP Blocks: 0
	AP Nets: 34982
		Average Fanout: 2.94
		Highest Fanout: 257
	AP Pins: 193913

## Computing placement delta delay look-up
### Build routing resource graph
### Build routing resource graph took 7.43 seconds (max_rss 757.2 MiB, delta_rss +487.6 MiB)
  RR Graph Nodes: 1682796
  RR Graph Edges: 17412304
### Computing router lookahead map
#### Computing wire lookahead
#### Computing wire lookahead took 8.04 seconds (max_rss 757.2 MiB, delta_rss +0.0 MiB)
#### Computing src/opin lookahead
Warning 1: Found no more sample locations for SOURCE in io
Warning 2: Found no more sample locations for OPIN in io
Warning 3: Found no more sample locations for SOURCE in clb
Warning 4: Found no more sample locations for OPIN in clb
Warning 5: Found no more sample locations for SOURCE in dsp_top
Warning 6: Found no more sample locations for OPIN in dsp_top
Warning 7: Found no more sample locations for SOURCE in memory
Warning 8: Found no more sample locations for OPIN in memory
#### Computing src/opin lookahead took 0.30 seconds (max_rss 757.2 MiB, delta_rss +0.0 MiB)
### Computing router lookahead map took 8.37 seconds (max_rss 757.2 MiB, delta_rss +0.0 MiB)
Serial Connection Router is being destroyed. Time spent on path search: 0.000 seconds.
## Computing placement delta delay look-up took 16.23 seconds (max_rss 757.2 MiB, delta_rss +487.6 MiB)
Flat Placement is provided in the AP flow, skipping the Global Placement.
0 of 25061 molecules placed at device center (no atoms of these molecules found in flat placement).
## AP Full Legalizer
### Creating Clusters
Device (width, height): (88,88)
#### Sorting and Grouping Blocks by Tile
#### Sorting and Grouping Blocks by Tile took 0.01 seconds (max_rss 757.2 MiB, delta_rss +0.0 MiB)
#### Reconstruction Pass Clustering
#### Reconstruction Pass Clustering took 68.47 seconds (max_rss 757.2 MiB, delta_rss +0.0 MiB)
#### Orphan Window Clustering with search radius 8
#### Orphan Window Clustering with search radius 8 took 0.02 seconds (max_rss 757.2 MiB, delta_rss +0.0 MiB)
FPGA sized to 88 x 88: 7744 grid tiles (auto)
Device Utilization: 0.28 (target 1.00)
	Block Utilization: 0.39 Type: io
	Block Utilization: 0.19 Type: clb
	Block Utilization: 0.85 Type: dsp_top
	Block Utilization: 0.75 Type: memory

----------------------------------------------------------------
                       Clustering Summary                       
----------------------------------------------------------------
Clusters created (Self Clustering)                       : 2605
    dsp_top    : 107
    memory     : 194
    clb        : 1220
    io         : 1084
Clusters created (Orphan Window Clustering)              : 13
    clb        : 13
Total clusters                                           : 2618
Percent of clusters created in Orphan Window Clustering  : 0.50%
Molecules clustered in each stage breakdown  : (Total of 25061)
	Self Clustering          (0.998963)  : 25035
 	Neighbor Clustering      (0.000000)  : 0
	Orphan Window Clustering (0.001037)  : 26
----------------------------------------------------------------

Final Clustering Statistics: 
----------   --------   ------------------------------------   --------------------------
Block Type   # Blocks   Avg. # of input clocks and pins used   Avg. # of output pins used
----------   --------   ------------------------------------   --------------------------
     EMPTY          0                                      0                            0   
        io       1084                              0.0295203                      0.97048   
       clb       1233                                27.9919                      15.3877   
   dsp_top        107                                40.9813                      20.1869   
    memory        194                                49.6598                      18.9691   
Absorbed logical nets 24200 out of 50065 nets, 25865 nets not absorbed.
#### Load packing
##### Loading packed FPGA netlist file.
Netlist generated from file '/inspire/hdd/project/project-public/changshunjie-253114010247/changshunjie-253114010247/workspace/DAC2027/TailCompile/vtr_work/tailcompile_v3/attention_layer/4x4/gnn_candidate-fpbf070fc3-flat-recon-annealer-seed11-w160-devw88/attention_layer.locked-input.net'.
Detected 3 constant generators (to see names run with higher pack verbosity)
##### Loading packed FPGA netlist file. took 2.64 seconds (max_rss 782.8 MiB, delta_rss +25.6 MiB)
Warning 9: Treated 2 constant nets as global which will not be routed (to see net names increase packer verbosity).
Netlist contains 5542 global net to non-global architecture pin connections
Found 2 logic block(s) with only 1 output pin and no inputs; they may be constant generators (run with --pack_verbosity 3 to list them)
Completed clustering consistency check successfully.
Cluster level netlist and block usage statistics
Netlist num_nets: 25865
Netlist num_blocks: 2618
Netlist EMPTY blocks: 0.
Netlist io blocks: 1084.
Netlist clb blocks: 1233.
Netlist dsp_top blocks: 107.
Netlist memory blocks: 194.
Netlist inputs pins: 1052
Netlist output pins: 32

Pb types usage...
  io                   : 1084
   inpad               : 1052
   outpad              : 32
  clb                  : 1233
   lab                 : 1233
    fle                : 11239
     ble5              : 19054
      flut5            : 9904
       lut5            : 9613
        lut            : 9613
       ff              : 8130
      arithmetic       : 9150
       lut4            : 6015
        lut            : 6015
       adder           : 9150
     ble6              : 1590
      lut6             : 1590
       lut             : 1590
      ff               : 714
  dsp_top              : 107
   dsp                 : 107
    dsp_pb             : 107
     two_mult_18x19    : 136
      mult_18x19       : 136
     adder_fp16        : 1
  memory               : 194
   mem_1024x20_dp      : 194
    memory_slice       : 3680

#### Load packing took 3.07 seconds (max_rss 782.8 MiB, delta_rss +25.6 MiB)
Netlist contains 5542 global net to non-global architecture pin connections
Found 2 logic block(s) with only 1 output pin and no inputs; they may be constant generators (run with --pack_verbosity 3 to list them)
Cluster level netlist and block usage statistics
Netlist num_nets: 25865
Netlist num_blocks: 2618
Netlist EMPTY blocks: 0.
Netlist io blocks: 1084.
Netlist clb blocks: 1233.
Netlist dsp_top blocks: 107.
Netlist memory blocks: 194.
Netlist inputs pins: 1052
Netlist output pins: 32
### Creating Clusters took 73.00 seconds (max_rss 782.8 MiB, delta_rss +25.6 MiB)
Completed clustering consistency check successfully.
FPGA sized to 88 x 88: 7744 grid tiles (auto)
### Compressed grid construction
### Compressed grid construction took 0.00 seconds (max_rss 782.8 MiB, delta_rss +0.0 MiB)
### Initial Placement
Placing clusters that are part of larger macros...
Number of blocks to be placed: 16
Max distance on device: 176
---- ---------- ---------- -------------
Pass Max Displ. Num Blocks Num Blocks   
     Threshold  Placed     Left Unplaced
---- ---------- ---------- -------------
   0          0         12             4
   1          1          4             0

Placing general clusters...
Number of blocks to be placed: 2602
Max distance on device: 176
---- ---------- ---------- -------------
Pass Max Displ. Num Blocks Num Blocks   
     Threshold  Placed     Left Unplaced
---- ---------- ---------- -------------
   0          0       2590            12
   1          1          2            10
   2          2          5             5
   3          4          4             1
   4          8          1             0

### Initial Placement took 0.01 seconds (max_rss 782.8 MiB, delta_rss +0.0 MiB)
Flat Placement Reconstruction Info:
	Percent of clusters with reconstruction errors: 0.305577
	Total displacement of initial placement from flat placement: 16152.000000
	Average atom displacement of initial placement from flat placement: 0.402662
	Max atom displacement of initial placement from flat placement: 67.000000
	Percent of atoms misplaced from the flat placement: 1.677760
## AP Full Legalizer took 73.39 seconds (max_rss 782.8 MiB, delta_rss +25.6 MiB)

Resource usage...
	Netlist
		1084	blocks of type: io
	Architecture
		2752	blocks of type: io
	Netlist
		1233	blocks of type: clb
	Architecture
		6376	blocks of type: clb
	Netlist
		107	blocks of type: dsp_top
	Architecture
		126	blocks of type: dsp_top
	Netlist
		194	blocks of type: memory
	Architecture
		258	blocks of type: memory

Device Utilization: 0.28 (target 1.00)
	Physical Tile io:
	Block Utilization: 0.39 Logical Block: io
	Physical Tile clb:
	Block Utilization: 0.19 Logical Block: clb
	Physical Tile dsp_top:
	Block Utilization: 0.85 Logical Block: dsp_top
	Physical Tile memory:
	Block Utilization: 0.75 Logical Block: memory

## Computing placement delta delay look-up
RR graph channel widths unchanged, skipping RR graph rebuild
Serial Connection Router is being destroyed. Time spent on path search: 0.000 seconds.
## Computing placement delta delay look-up took 0.02 seconds (max_rss 782.8 MiB, delta_rss +0.0 MiB)
Using simple RL 'Softmax agent' for choosing move and block types

Completed placement consistency check successfully.
Initial placement cost: 1 bb_cost: 6570.35 td_cost: 1.73835e-05
Initial placement BB estimate of wirelength: 1.05058e+06
Initial placement estimated Critical Path Delay (CPD): 17.0688 ns
Initial placement estimated setup Total Negative Slack (sTNS): -132073 ns
Initial placement estimated setup Worst Negative Slack (sWNS): -17.0688 ns

Initial placement estimated setup slack histogram:
[ -1.7e-08: -1.5e-08)     2 (  0.0%) |
[ -1.5e-08: -1.4e-08)    13 (  0.0%) |
[ -1.4e-08: -1.2e-08)    39 (  0.1%) |
[ -1.2e-08:   -1e-08)   140 (  0.3%) |
[   -1e-08: -8.6e-09)   312 (  0.6%) |*
[ -8.6e-09: -6.9e-09)   793 (  1.5%) |*
[ -6.9e-09: -5.3e-09)  1402 (  2.7%) |**
[ -5.3e-09: -3.6e-09)  3582 (  6.8%) |******
[ -3.6e-09: -1.9e-09) 27471 ( 52.1%) |*********************************************
[ -1.9e-09: -1.9e-10) 19008 ( 36.0%) |*******************************
Placement contains 8 placement macros involving 16 blocks (average macro size 2.000000)

Moves per temperature: 18036
## AP Detailed Placer

---- ------ ------- ------- ---------- ---------- ------- ---------- -------- ------- ------- ------ -------- --------- ------
Tnum  Time     T    AvCost  Av BB Cost Av TD Cost   CPD      sTNS      sWNS   AcRate  StdDev  R lim  CritExp  TotMoves  Alpha 
     (sec)                                          (ns)     (ns)      (ns)                                                   
---- ------ ------- ------- ---------- ---------- ------- ---------- -------- ------- ------- ------ -------- --------- ------
   1    0.2 6.8e-04   0.964    5313.40 1.5354e-05  15.060  -1.24e+05  -15.060   0.822  0.0199   87.0     1.00      18036  1.000
   2    0.2 6.1e-04   0.949    5064.46 1.4865e-05  15.443  -1.23e+05  -15.443   0.810  0.0164   87.0     1.00      36072  0.900
   3    0.2 5.5e-04   0.958    4772.37 1.6516e-05  13.212  -1.22e+05  -13.212   0.792  0.0158   87.0     1.00      54108  0.900
   4    0.2 5.3e-04   0.975    4630.17 1.6768e-05  12.696  -1.19e+05  -12.696   0.781  0.0127   87.0     1.00      72144  0.950
   5    0.2 5.0e-04   0.956    4436.28 1.4831e-05  13.978  -1.22e+05  -13.978   0.774  0.0119   87.0     1.00      90180  0.950
   6    0.2 4.7e-04   0.977    4303.26 1.7649e-05  11.194  -1.18e+05  -11.194   0.759  0.0120   87.0     1.00     108216  0.950
   7    0.2 4.5e-04   0.955    4065.85 1.5893e-05  12.154  -1.16e+05  -12.154   0.751  0.0185   87.0     1.00     126252  0.950
   8    0.2 4.3e-04   0.948    3819.97 1.6379e-05  11.260  -1.18e+05  -11.260   0.745  0.0224   87.0     1.00     144288  0.950
   9    0.2 4.1e-04   0.957    3573.50 1.7174e-05  10.162  -1.15e+05  -10.162   0.726  0.0221   87.0     1.00     162324  0.950
  10    0.2 3.9e-04   0.973    3331.99 1.6041e-05  10.441  -1.17e+05  -10.441   0.710  0.0201   87.0     1.00     180360  0.950
  11    0.2 3.7e-04   0.985    3183.78 1.4518e-05  11.181  -1.13e+05  -11.181   0.699  0.0057   87.0     1.00     198396  0.950
  12    0.2 3.5e-04   0.977    3096.68 1.5932e-05  10.032  -1.15e+05  -10.032   0.698  0.0099   87.0     1.00     216432  0.950
  13    0.2 3.3e-04   0.985    3006.44 1.498e-05   10.516  -1.13e+05  -10.516   0.686  0.0092   87.0     1.00     234468  0.950
  14    0.2 3.1e-04   0.980    2930.53 1.4295e-05  10.822  -1.13e+05  -10.822   0.680  0.0067   87.0     1.00     252504  0.950
  15    0.2 3.0e-04   0.977    2844.11 1.3856e-05  10.993  -1.11e+05  -10.993   0.675  0.0079   87.0     1.00     270540  0.950
  16    0.2 2.8e-04   0.979    2766.38 1.5411e-05   9.733  -1.15e+05   -9.733   0.669  0.0094   87.0     1.00     288576  0.950
  17    0.2 2.7e-04   0.984    2688.35 1.487e-05    9.769   -1.1e+05   -9.769   0.651  0.0055   87.0     1.00     306612  0.950
  18    0.2 2.6e-04   0.989    2669.92 1.3832e-05  10.446  -1.09e+05  -10.446   0.645  0.0037   87.0     1.00     324648  0.950
  19    0.2 2.4e-04   0.980    2598.03 1.3818e-05  10.333   -1.1e+05  -10.333   0.643  0.0102   87.0     1.00     342684  0.950
  20    0.2 2.3e-04   0.983    2537.53 1.5595e-05   8.996  -1.08e+05   -8.996   0.626  0.0066   87.0     1.00     360720  0.950
  21    0.2 2.2e-04   0.985    2506.14 1.5793e-05   8.809   -1.1e+05   -8.809   0.618  0.0066   87.0     1.00     378756  0.950
  22    0.2 2.1e-04   0.979    2443.39 1.3921e-05   9.813  -1.08e+05   -9.813   0.613  0.0072   87.0     1.00     396792  0.950
  23    0.2 2.0e-04   0.991    2406.50 1.4888e-05   8.979  -1.09e+05   -8.979   0.591  0.0035   87.0     1.00     414828  0.950
  24    0.2 1.9e-04   0.991    2401.05 1.2753e-05  10.573  -1.08e+05  -10.573   0.596  0.0051   87.0     1.00     432864  0.950
  25    0.2 1.8e-04   0.990    2365.46 1.4451e-05   9.249  -1.11e+05   -9.249   0.585  0.0046   87.0     1.00     450900  0.950
  26    0.2 1.7e-04   0.982    2323.68 1.4015e-05   9.420  -1.08e+05   -9.420   0.580  0.0077   87.0     1.00     468936  0.950
  27    0.2 1.6e-04   0.990    2291.19 1.4468e-05   9.028  -1.07e+05   -9.028   0.575  0.0045   87.0     1.00     486972  0.950
  28    0.2 1.5e-04   0.986    2250.63 1.3767e-05   9.404  -1.07e+05   -9.404   0.565  0.0048   87.0     1.00     505008  0.950
  29    0.2 1.5e-04   0.989    2209.39 1.4087e-05   9.055  -1.08e+05   -9.055   0.543  0.0035   87.0     1.00     523044  0.950
  30    0.2 1.4e-04   0.988    2196.25 1.2603e-05  10.066  -1.07e+05  -10.066   0.537  0.0044   87.0     1.00     541080  0.950
  31    0.2 1.3e-04   0.985    2170.84 1.3683e-05   9.233  -1.07e+05   -9.233   0.538  0.0053   87.0     1.00     559116  0.950
  32    0.2 1.3e-04   0.990    2143.09 1.3708e-05   9.097  -1.06e+05   -9.097   0.522  0.0046   87.0     1.00     577152  0.950
  33    0.2 1.2e-04   0.995    2135.85 1.2755e-05   9.707  -1.07e+05   -9.707   0.508  0.0022   87.0     1.00     595188  0.950
  34    0.2 1.1e-04   0.986    2111.15 1.4477e-05   8.560  -1.08e+05   -8.560   0.499  0.0061   87.0     1.00     613224  0.950
  35    0.2 1.1e-04   0.990    2098.21 1.3366e-05   9.154  -1.07e+05   -9.154   0.481  0.0048   87.0     1.00     631260  0.950
  36    0.2 1.0e-04   0.991    2077.17 1.3685e-05   8.876  -1.07e+05   -8.876   0.476  0.0023   87.0     1.00     649296  0.950
  37    0.2 9.7e-05   0.986    2062.28 1.3258e-05   9.097  -1.07e+05   -9.097   0.466  0.0049   87.0     1.00     667332  0.950
  38    0.2 9.2e-05   0.989    2051.13 1.3649e-05   8.789  -1.06e+05   -8.789   0.456  0.0053   87.0     1.00     685368  0.950
  39    0.2 8.7e-05   0.992    2024.54 1.3465e-05   8.759  -1.07e+05   -8.759   0.443  0.0038   87.0     1.00     703404  0.950
  40    0.2 8.3e-05   0.989    1992.45 1.3786e-05   8.505  -1.05e+05   -8.505   0.432  0.0059   87.0     1.00     721440  0.950
  41    0.2 7.9e-05   0.995    1962.87 1.3028e-05   8.455  -1.05e+05   -8.455   0.416  0.0022   86.3     1.06     739476  0.950
  42    0.2 7.5e-05   0.993    1963.74 1.1393e-05   8.440  -1.05e+05   -8.440   0.417  0.0034   84.2     1.23     757512  0.950
  43    0.2 7.1e-05   0.985    1936.45 9.9066e-06   8.514  -1.07e+05   -8.514   0.396  0.0049   82.2     1.39     775548  0.950
  44    0.2 6.8e-05   0.995    1935.13 8.3478e-06   8.279  -1.06e+05   -8.279   0.397  0.0024   78.6     1.68     793584  0.950
  45    0.2 6.4e-05   0.983    1914.12 6.7468e-06   8.382  -1.07e+05   -8.382   0.393  0.0068   75.2     1.96     811620  0.950
  46    0.2 6.1e-05   0.991    1896.35 5.3336e-06   8.496  -1.06e+05   -8.496   0.371  0.0044   71.7     2.25     829656  0.950
  47    0.2 5.8e-05   0.990    1881.46 4.1835e-06   8.478  -1.06e+05   -8.478   0.368  0.0047   66.7     2.65     847692  0.950
  48    0.2 5.5e-05   0.991    1868.87 3.5988e-06   8.226  -1.06e+05   -8.226   0.353  0.0037   61.9     3.04     865728  0.950
  49    0.2 5.2e-05   0.992    1854.46 2.7975e-06   8.217  -1.05e+05   -8.217   0.346  0.0043   56.5     3.48     883764  0.950
  50    0.2 5.0e-05   0.991    1835.67 2.0131e-06   8.472  -1.07e+05   -8.472   0.337  0.0039   51.2     3.91     901800  0.950
  51    0.2 4.7e-05   0.996    1826.39 1.8166e-06   8.247  -1.05e+05   -8.247   0.327  0.0013   45.9     4.34     919836  0.950
  52    0.2 4.5e-05   0.994    1819.97 1.633e-06    8.110   -1.1e+05   -8.110   0.330  0.0026   40.7     4.76     937872  0.950
  53    0.2 4.3e-05   0.993    1804.34 1.404e-06    8.039  -1.06e+05   -8.039   0.317  0.0031   36.3     5.13     955908  0.950
  54    0.2 4.0e-05   0.997    1794.58 1.1235e-06   8.132   -1.1e+05   -8.132   0.314  0.0022   31.8     5.49     973944  0.950
  55    0.2 3.8e-05   0.995    1785.50 8.9522e-07   8.264  -1.09e+05   -8.264   0.308  0.0026   27.8     5.82     991980  0.950
  56    0.2 3.7e-05   0.996    1779.24 7.8218e-07   8.264  -1.12e+05   -8.264   0.295  0.0023   24.1     6.12    1010016  0.950
  57    0.2 3.5e-05   0.991    1767.38 7.6185e-07   8.118   -1.1e+05   -8.118   0.294  0.0041   20.6     6.40    1028052  0.950
  58    0.2 3.3e-05   0.996    1758.31 7.2807e-07   8.039  -1.09e+05   -8.039   0.284  0.0019   17.6     6.65    1046088  0.950
  59    0.2 3.1e-05   0.996    1748.21 6.4863e-07   8.039  -1.09e+05   -8.039   0.283  0.0015   14.9     6.87    1064124  0.950
  60    0.2 3.0e-05   0.992    1733.34 6.1931e-07   8.039  -1.09e+05   -8.039   0.290  0.0042   12.5     7.06    1082160  0.950
  61    0.2 2.8e-05   0.995    1714.28 5.6477e-07   8.039   -1.1e+05   -8.039   0.279  0.0027   10.6     7.21    1100196  0.950
  62    0.2 2.7e-05   0.996    1703.60 5.2315e-07   8.042  -1.09e+05   -8.042   0.274  0.0018    8.9     7.35    1118232  0.950
  63    0.2 2.5e-05   0.996    1693.82 5.3842e-07   7.949   -1.1e+05   -7.949   0.258  0.0021    7.5     7.47    1136268  0.950
  64    0.2 2.4e-05   0.997    1684.62 4.789e-07    8.054  -1.08e+05   -8.054   0.261  0.0012    6.1     7.59    1154304  0.950
  65    0.2 2.3e-05   0.996    1674.70 5.0905e-07   7.949  -1.08e+05   -7.949   0.256  0.0019    5.0     7.67    1172340  0.950
  66    0.2 2.2e-05   0.999    1665.69 4.5757e-07   8.054  -1.08e+05   -8.054   0.250  0.0010    4.1     7.75    1190376  0.950
  67    0.2 2.1e-05   0.997    1658.10 4.0714e-07   8.147  -1.08e+05   -8.147   0.247  0.0015    3.3     7.81    1208412  0.950
  68    0.2 2.0e-05   0.996    1649.96 3.9407e-07   8.147  -1.08e+05   -8.147   0.263  0.0019    2.7     7.86    1226448  0.950
  69    0.2 1.9e-05   0.997    1641.98 4.2036e-07   8.054  -1.07e+05   -8.054   0.249  0.0014    2.2     7.90    1244484  0.950
  70    0.2 1.8e-05   0.998    1635.26 4.1076e-07   8.054  -1.07e+05   -8.054   0.252  0.0011    1.8     7.94    1262520  0.950
  71    0.2 1.7e-05   0.999    1632.99 4.0153e-07   8.054  -1.06e+05   -8.054   0.250  0.0005    1.4     7.96    1280556  0.950
  72    0.2 1.6e-05   0.998    1630.75 4.0017e-07   8.054  -1.06e+05   -8.054   0.238  0.0005    1.2     7.99    1298592  0.950
  73    0.2 1.5e-05   0.998    1628.56 3.9647e-07   8.054  -1.06e+05   -8.054   0.228  0.0010    1.0     8.00    1316628  0.950
  74    0.2 1.5e-05   0.998    1625.50 3.9889e-07   8.054  -1.07e+05   -8.054   0.230  0.0008    1.0     8.00    1334664  0.950
  75    0.2 1.4e-05   0.998    1622.83 3.9437e-07   8.054  -1.07e+05   -8.054   0.215  0.0007    1.0     8.00    1352700  0.950
  76    0.2 1.3e-05   0.999    1621.74 3.9148e-07   8.054  -1.06e+05   -8.054   0.215  0.0005    1.0     8.00    1370736  0.950
  77    0.2 1.2e-05   0.999    1621.10 3.9264e-07   8.054  -1.05e+05   -8.054   0.212  0.0007    1.0     8.00    1388772  0.950
  78    0.2 1.2e-05   0.999    1618.76 3.8861e-07   8.054  -1.07e+05   -8.054   0.204  0.0007    1.0     8.00    1406808  0.950
  79    0.2 1.1e-05   0.999    1617.04 3.9238e-07   8.054  -1.06e+05   -8.054   0.198  0.0005    1.0     8.00    1424844  0.950
  80    0.2 1.1e-05   0.999    1616.67 3.8516e-07   8.054  -1.06e+05   -8.054   0.200  0.0004    1.0     8.00    1442880  0.950
  81    0.2 1.0e-05   0.999    1615.92 3.8461e-07   8.054  -1.06e+05   -8.054   0.196  0.0006    1.0     8.00    1460916  0.950
  82    0.2 9.6e-06   0.999    1613.02 3.8477e-07   8.054  -1.06e+05   -8.054   0.188  0.0005    1.0     8.00    1478952  0.950
  83    0.2 9.1e-06   0.999    1611.90 3.8464e-07   8.054  -1.07e+05   -8.054   0.178  0.0002    1.0     8.00    1496988  0.950
  84    0.2 8.7e-06   0.999    1610.19 3.8427e-07   8.054  -1.06e+05   -8.054   0.186  0.0004    1.0     8.00    1515024  0.950
  85    0.2 8.2e-06   0.999    1608.89 3.8286e-07   8.054  -1.06e+05   -8.054   0.180  0.0004    1.0     8.00    1533060  0.950
  86    0.2 7.8e-06   0.999    1607.30 3.8319e-07   8.054  -1.06e+05   -8.054   0.178  0.0002    1.0     8.00    1551096  0.950
  87    0.2 7.4e-06   0.999    1606.82 3.8402e-07   8.054  -1.06e+05   -8.054   0.174  0.0002    1.0     8.00    1569132  0.950
  88    0.2 7.1e-06   0.999    1605.75 3.8399e-07   8.054  -1.06e+05   -8.054   0.172  0.0003    1.0     8.00    1587168  0.950
  89    0.2 6.7e-06   0.999    1604.42 3.8298e-07   8.054  -1.07e+05   -8.054   0.171  0.0004    1.0     8.00    1605204  0.950
  90    0.2 6.4e-06   0.999    1603.42 3.8283e-07   8.054  -1.06e+05   -8.054   0.166  0.0003    1.0     8.00    1623240  0.950
  91    0.2 6.1e-06   0.999    1602.53 3.8118e-07   8.054  -1.07e+05   -8.054   0.166  0.0002    1.0     8.00    1641276  0.950
  92    0.2 5.8e-06   0.999    1601.92 3.8201e-07   8.054  -1.06e+05   -8.054   0.155  0.0002    1.0     8.00    1659312  0.950
  93    0.2 5.5e-06   1.000    1601.44 3.8056e-07   8.054  -1.06e+05   -8.054   0.160  0.0002    1.0     8.00    1677348  0.950
  94    0.2 5.2e-06   1.000    1600.28 3.8063e-07   8.054  -1.06e+05   -8.054   0.159  0.0001    1.0     8.00    1695384  0.950
  95    0.2 4.9e-06   1.000    1599.95 3.8172e-07   8.054  -1.06e+05   -8.054   0.158  0.0001    1.0     8.00    1713420  0.950
  96    0.2 4.7e-06   1.000    1599.26 3.8052e-07   8.054  -1.06e+05   -8.054   0.155  0.0002    1.0     8.00    1731456  0.950
  97    0.2 4.5e-06   1.000    1598.68 3.8113e-07   8.054  -1.06e+05   -8.054   0.155  0.0002    1.0     8.00    1749492  0.950
  98    0.2 4.2e-06   1.000    1598.51 3.8025e-07   8.054  -1.06e+05   -8.054   0.148  0.0002    1.0     8.00    1767528  0.950
Agent's 2nd state: 
  99    0.2 3.4e-06   1.000    1598.28 3.794e-07    8.054  -1.06e+05   -8.054   0.145  0.0002    1.0     8.00    1785564  0.800
Checkpoint saved: bb_costs=1597.32, TD costs=3.81103e-07, CPD=  8.054 (ns) 
 100    0.2 2.7e-06   1.000    1597.29 3.8076e-07   8.054  -1.06e+05   -8.054   0.099  0.0002    1.0     8.00    1803600  0.800
 101    0.2 2.2e-06   1.000    1597.07 3.7891e-07   8.054  -1.06e+05   -8.054   0.101  0.0002    1.0     8.00    1821636  0.800
 102    0.2 1.7e-06   1.000    1596.34 3.7847e-07   8.054  -1.06e+05   -8.054   0.095  0.0002    1.0     8.00    1839672  0.800
 103    0.2 1.4e-06   1.000    1595.74 3.7745e-07   8.054  -1.06e+05   -8.054   0.095  0.0002    1.0     8.00    1857708  0.800
 104    0.2 1.1e-06   1.000    1594.96 3.7819e-07   8.054  -1.06e+05   -8.054   0.092  0.0001    1.0     8.00    1875744  0.800
 105    0.2 8.9e-07   1.000    1594.72 3.7812e-07   8.054  -1.06e+05   -8.054   0.089  0.0001    1.0     8.00    1893780  0.800
 106    0.2 7.1e-07   1.000    1594.48 3.7873e-07   8.054  -1.06e+05   -8.054   0.088  0.0001    1.0     8.00    1911816  0.800
 107    0.2 5.7e-07   1.000    1594.32 3.7759e-07   8.054  -1.06e+05   -8.054   0.087  0.0001    1.0     8.00    1929852  0.800
 108    0.2 4.5e-07   1.000    1594.02 3.7716e-07   8.054  -1.06e+05   -8.054   0.084  0.0001    1.0     8.00    1947888  0.800
 109    0.2 3.6e-07   1.000    1593.61 3.7795e-07   8.054  -1.06e+05   -8.054   0.084  0.0001    1.0     8.00    1965924  0.800
 110    0.2 2.9e-07   1.000    1593.42 3.7764e-07   8.054  -1.05e+05   -8.054   0.083  0.0001    1.0     8.00    1983960  0.800
 111    0.2 2.3e-07   1.000    1593.05 3.779e-07    8.054  -1.06e+05   -8.054   0.083  0.0001    1.0     8.00    2001996  0.800
 112    0.2 0.0e+00   1.000    1592.87 3.7771e-07   8.054  -1.06e+05   -8.054   0.049  0.0001    1.0     8.00    2020032  0.800
### Placement Quench took 0.23 seconds (max_rss 782.8 MiB)
post-quench CPD = 8.05402 (ns) 

Completed placement consistency check successfully.

Swaps called: 2022650

Aborted Move Reasons:
  duplicate block move to location: 3
  macro_from swap to location illegal: 1067

BB estimate of min-dist (placement) wire length: 254727

Placement estimated critical path delay (least slack): 8.05402 ns, Fmax: 124.162 MHz
Placement estimated critical path skew: -0.04243 ns
Placement estimated setup Worst Negative Slack (sWNS): -8.05402 ns
Placement estimated setup Total Negative Slack (sTNS): -105404 ns
Placement estimated setup Worst Skew (sWS): -0.04243 ns

Placement estimated setup slack histogram:
[ -8.1e-09: -7.3e-09)    18 (  0.0%) |
[ -7.3e-09: -6.5e-09)    49 (  0.1%) |
[ -6.5e-09: -5.7e-09)   191 (  0.4%) |
[ -5.7e-09: -4.9e-09)   514 (  1.0%) |*
[ -4.9e-09: -4.1e-09)   633 (  1.2%) |**
[ -4.1e-09: -3.3e-09)  2090 (  4.0%) |*****
[ -3.3e-09: -2.6e-09)  8206 ( 15.6%) |********************
[ -2.6e-09: -1.8e-09) 16869 ( 32.0%) |******************************************
[ -1.8e-09: -9.8e-10) 18075 ( 34.3%) |*********************************************
[ -9.8e-10: -1.9e-10)  6117 ( 11.6%) |***************

Placement estimated geomean non-virtual intra-domain period: 8.05402 ns (124.162 MHz)
Placement estimated fanout-weighted geomean non-virtual intra-domain period: 8.05402 ns (124.162 MHz)

Placement cost: 0.999633, bb_cost: 1592.94, td_cost: 3.77821e-07, 

Placement resource usage:
  io      implemented as io     : 1084
  clb     implemented as clb    : 1233
  dsp_top implemented as dsp_top: 107
  memory  implemented as memory : 194

Placement number of temperatures: 112
Placement total # of swap attempts: 2022650
	Swaps accepted:  738572 (36.5 %)
	Swaps rejected: 1275001 (63.0 %)
	Swaps aborted:    9077 ( 0.4 %)


Placement perturbation distribution by block and move type: 
------------------ ----------------- ---------------- ---------------- --------------- ------------ 
    Block Type         Move Type       (%) of Total      Accepted(%)     Rejected(%)    Aborted(%)
------------------ ----------------- ---------------- ---------------- --------------- ------------ 
io                 Uniform                9.86             53.87           46.13          0.00         
                   Median                 9.82             60.41           38.78          0.81         
                   Centroid               9.79             60.47           39.53          0.00         
                   W. Centroid            9.83             60.65           39.35          0.00         
                   W. Median              0.69             25.10           74.04          0.86         

clb                Uniform                11.16            6.51            93.39          0.10         
                   Median                 11.21            35.50           63.70          0.80         
                   Centroid               11.20            33.18           66.72          0.09         
                   W. Centroid            11.25            34.06           65.82          0.11         
                   W. Median              0.78             2.53            96.61          0.86         
                   Crit. Uniform          1.65             0.09            99.91          0.00         
                   Feasible Region        1.66             0.04            99.96          0.00         

dsp_top            Uniform                0.97             1.32            98.68          0.00         
                   Median                 0.98             3.82            91.76          4.42         
                   Centroid               0.96             3.78            92.39          3.83         
                   W. Centroid            0.96             3.76            92.43          3.81         
                   W. Median              0.07             0.36            89.21          10.43        

memory             Uniform                1.76             7.33            92.67          0.00         
                   Median                 1.76             15.26           80.47          4.27         
                   Centroid               1.76             12.22           86.65          1.13         
                   W. Centroid            1.76             11.53           88.47          0.00         
                   W. Median              0.12             2.75            87.17          10.08        


Placement Quench timing analysis took 0.0596587 seconds (0.0514412 STA, 0.00821747 slack) (1 full updates: 1 setup, 0 hold, 0 combined).
Placement Total  timing analysis took 7.48913 seconds (6.34019 STA, 1.14894 slack) (114 full updates: 114 setup, 0 hold, 0 combined).
update_td_costs: connections 0.0402296 nets 0 sum_nets 0.0218666 total 0.062345
## AP Detailed Placer took 25.50 seconds (max_rss 792.7 MiB, delta_rss +10.0 MiB)
Incr Slack updates 114 in 0.232836 sec
Full Max Req/Worst Slack updates 41 in 0.0626874 sec
Incr Max Req/Worst Slack updates 73 in 0.149887 sec
Incr Criticality updates 49 in 0.197745 sec
Full Criticality updates 65 in 0.363603 sec
Incr Slack updates 1 in 0.00212922 sec
Full Max Req/Worst Slack updates 1 in 0.0015939 sec
Incr Max Req/Worst Slack updates 0 in 0 sec
Incr Criticality updates 0 in 0 sec
Full Criticality updates 1 in 0.0062733 sec
# Analytical Placement took 116.98 seconds (max_rss 792.7 MiB, delta_rss +598.8 MiB)


# Routing
RR graph channel widths unchanged, skipping RR graph rebuild
## Initializing router criticalities
Initial Net Connection Criticality Histogram:
[        0:      0.1) 7102 ( 14.6%) |*****************************************
[      0.1:      0.2) 7971 ( 16.4%) |**********************************************
[      0.2:      0.3) 7242 ( 14.9%) |******************************************
[      0.3:      0.4) 3499 (  7.2%) |********************
[      0.4:      0.5) 7134 ( 14.7%) |*****************************************
[      0.5:      0.6) 7232 ( 14.9%) |******************************************
[      0.6:      0.7) 5636 ( 11.6%) |*********************************
[      0.7:      0.8) 2058 (  4.2%) |************
[      0.8:      0.9)  578 (  1.2%) |***
[      0.9:        1)  113 (  0.2%) |*
## Initializing router criticalities took 0.73 seconds (max_rss 792.7 MiB, delta_rss +0.0 MiB)
---- ------ ------- ---- ------- ------- ------- ----------------- --------------- -------- ---------- ---------- ---------- ---------- --------
Iter   Time    pres  BBs    Heap  Re-Rtd  Re-Rtd Overused RR Nodes      Wirelength      CPD       sTNS       sWNS       hTNS       hWNS Est Succ
      (sec)     fac Updt    push    Nets   Conns                                       (ns)       (ns)       (ns)       (ns)       (ns)     Iter
---- ------ ------- ---- ------- ------- ------- ----------------- --------------- -------- ---------- ---------- ---------- ---------- --------
   1    1.2     0.0    0 5971897   25862   41715   21350 ( 1.269%)  401746 (16.8%)   11.107 -1.680e+05    -11.107      0.000      0.000      N/A
   2    1.1     0.5    0 5171892   17665   31885    9001 ( 0.535%)  399100 (16.7%)    9.549 -1.447e+05     -9.549      0.000      0.000      N/A
   3    0.8     0.6    0 3360814   11064   21021    6691 ( 0.398%)  403623 (16.9%)    9.549 -1.438e+05     -9.549      0.000      0.000      N/A
   4    0.7     0.8    0 2525146    8633   17183    5015 ( 0.298%)  407119 (17.0%)    7.912 -1.433e+05     -7.912      0.000      0.000      N/A
   5    0.5     1.1    0 1835890    6885   13893    3895 ( 0.231%)  409724 (17.1%)    7.912 -1.425e+05     -7.912      0.000      0.000      N/A
   6    0.4     1.4    0 1306506    5380   11116    2805 ( 0.167%)  413141 (17.3%)    7.912 -1.424e+05     -7.912      0.000      0.000      N/A
   7    0.3     1.9    0  858213    4064    8471    1982 ( 0.118%)  415242 (17.3%)    7.912 -1.426e+05     -7.912      0.000      0.000      N/A
   8    0.3     2.4    0  549725    2879    6383    1343 ( 0.080%)  417289 (17.4%)    7.912 -1.427e+05     -7.912      0.000      0.000      N/A
   9    0.2     3.1    0  389112    1936    4573     832 ( 0.049%)  419405 (17.5%)    7.912 -1.425e+05     -7.912      0.000      0.000       27
  10    0.2     4.1    0  256919    1257    3054     478 ( 0.028%)  421024 (17.6%)    7.912 -1.426e+05     -7.912      0.000      0.000       24
  11    0.2     5.3    0  159396     689    1840     267 ( 0.016%)  421961 (17.6%)    7.912 -1.426e+05     -7.912      0.000      0.000       23
  12    0.2     6.9    0  101503     376    1072     114 ( 0.007%)  422684 (17.7%)    7.912 -1.426e+05     -7.912      0.000      0.000       21
  13    0.1     9.0    0   53171     175     430      50 ( 0.003%)  423051 (17.7%)    7.912 -1.426e+05     -7.912      0.000      0.000       20
  14    0.1    11.6    0   25639      74     235      20 ( 0.001%)  423179 (17.7%)    7.912 -1.426e+05     -7.912      0.000      0.000       19
  15    0.1    15.1    0   14635      29     101       5 ( 0.000%)  423311 (17.7%)    7.912 -1.426e+05     -7.912      0.000      0.000       18
  16    0.1    19.7    0    1220       7      17       3 ( 0.000%)  423326 (17.7%)    7.912 -1.426e+05     -7.912      0.000      0.000       17
  17    0.1    25.6    0     649       5      12       2 ( 0.000%)  423334 (17.7%)    7.912 -1.426e+05     -7.912      0.000      0.000       18
  18    0.1    33.3    0     250       3       3       2 ( 0.000%)  423334 (17.7%)    7.912 -1.426e+05     -7.912      0.000      0.000       18
  19    0.1    43.3    0    3486       2       2       1 ( 0.000%)  423346 (17.7%)    7.912 -1.426e+05     -7.912      0.000      0.000       18
  20    0.1    56.2    0     621       1       2       0 ( 0.000%)  423358 (17.7%)    7.912 -1.426e+05     -7.912      0.000      0.000      N/A
Restoring best routing
Critical path: 7.91242 ns
Successfully routed after 20 routing iterations.
Final Net Connection Criticality Histogram:
[        0:      0.1)  7417 ( 15.3%) |*********************************
[      0.1:      0.2)  5350 ( 11.0%) |************************
[      0.2:      0.3)  8024 ( 16.5%) |************************************
[      0.3:      0.4)  3959 (  8.2%) |******************
[      0.4:      0.5)  5553 ( 11.4%) |*************************
[      0.5:      0.6) 10029 ( 20.7%) |*********************************************
[      0.6:      0.7)  5238 ( 10.8%) |************************
[      0.7:      0.8)  2233 (  4.6%) |**********
[      0.8:      0.9)   622 (  1.3%) |***
[      0.9:        1)   140 (  0.3%) |*
Router Stats: total_nets_routed: 86986 total_connections_routed: 163008 total_heap_pushes: 22586684 total_heap_pops: 6229683 
Serial Connection Router is being destroyed. Time spent on path search: 3.520 seconds.
# Routing took 8.24 seconds (max_rss 819.2 MiB, delta_rss +26.4 MiB)

Checking to ensure routing is legal...
# Checking to ensure non-configurable edges are legal
# Checking to ensure non-configurable edges are legal took 0.11 seconds (max_rss 819.2 MiB, delta_rss +0.0 MiB)
Completed routing consistency check successfully.

Serial number (magic cookie) for the routing is: 372173255
Circuit successfully routed with a channel width factor of 160.
Incr Slack updates 21 in 0.0407381 sec
Full Max Req/Worst Slack updates 3 in 0.00474265 sec
Incr Max Req/Worst Slack updates 18 in 0.0366822 sec
Incr Criticality updates 17 in 0.0644649 sec
Full Criticality updates 4 in 0.0310091 sec
# Synchronize the packed netlist to routing optimization
## Annotating rr_node with routed nets
## Annotating rr_node with routed nets took 0.01 seconds (max_rss 819.2 MiB, delta_rss +0.0 MiB)
Found 43917 mismatches between routing and packing results.
Fixed 30735 routing traces due to mismatch between routing and packing results.
# Synchronize the packed netlist to routing optimization took 0.34 seconds (max_rss 819.2 MiB, delta_rss +0.0 MiB)
Final Clustering Statistics: 
----------   --------   ------------------------------------   --------------------------
Block Type   # Blocks   Avg. # of input clocks and pins used   Avg. # of output pins used
----------   --------   ------------------------------------   --------------------------
     EMPTY          0                                      0                            0   
        io       1084                              0.0295203                      0.97048   
       clb       1233                                27.9919                      15.3877   
   dsp_top        107                                40.9813                      20.1869   
    memory        194                                49.6598                      18.9691   
Absorbed logical nets 24200 out of 50065 nets, 25865 nets not absorbed.


Average number of bends per net: 1.61113  Maximum # of bends: 260

Number of global nets: 3
Number of routed nets (nonglobal): 25862
Wire length results (in units of 1 clb segments)...
	Total wirelength: 423358, average net length: 16.3699
	Maximum net length: 2360

Wire length results in terms of physical segments...
	Total wiring segments used: 95184, average wire segments per net: 3.68046
	Maximum segments used by a net: 502
	Total local nets with reserved CLB opins: 0
Total number of nets absorbed: 8

Routing channel utilization histogram:
[        1:      inf)    0 (  0.0%) |
[      0.9:        1)    0 (  0.0%) |
[      0.8:      0.9)    0 (  0.0%) |
[      0.7:      0.8)   54 (  0.4%) |
[      0.5:      0.6)  293 (  1.9%) |**
[      0.4:      0.5)  935 (  6.2%) |*******
[      0.3:      0.4) 1734 ( 11.5%) |*************
[      0.2:      0.3) 2599 ( 17.2%) |********************
[      0.1:      0.2) 3467 ( 22.9%) |**************************
[        0:      0.1) 6056 ( 40.0%) |**********************************************
Maximum routing channel utilization:      0.69 at (37,57)

X - Directed channels: layer   y   max occ   ave occ   ave cap
                        ----- ---- -------- -------- --------
                            0    0       61   29.884      160
                            0    1       11    1.721      160
                            0    2       23    3.953      160
                            0    3       41    5.581      160
                            0    4       43    8.791      160
                            0    5       57   13.651      160
                            0    6       79   18.465      160
                            0    7       54   14.465      160
                            0    8       49   11.256      160
                            0    9       48   10.314      160
                            0   10       45   10.023      160
                            0   11       45   12.930      160
                            0   12       54   14.837      160
                            0   13       64   15.070      160
                            0   14       62   17.663      160
                            0   15       50   17.081      160
                            0   16       64   22.314      160
                            0   17       63   23.279      160
                            0   18       61   22.535      160
                            0   19       57   22.558      160
                            0   20       65   21.942      160
                            0   21       73   20.000      160
                            0   22       77   23.047      160
                            0   23       75   28.512      160
                            0   24       70   29.186      160
                            0   25       58   27.198      160
                            0   26       53   24.779      160
                            0   27       60   22.860      160
                            0   28       60   26.128      160
                            0   29       71   24.744      160
                            0   30       70   30.279      160
                            0   31       76   32.395      160
                            0   32       59   28.837      160
                            0   33       77   24.686      160
                            0   34       74   25.442      160
                            0   35       76   24.721      160
                            0   36       84   26.872      160
                            0   37       68   35.523      160
                            0   38       83   41.453      160
                            0   39       88   42.570      160
                            0   40       90   39.477      160
                            0   41       95   41.628      160
                            0   42       76   38.523      160
                            0   43       71   29.872      160
                            0   44       92   29.407      160
                            0   45       78   31.535      160
                            0   46       89   36.919      160
                            0   47       88   36.907      160
                            0   48      109   37.884      160
                            0   49      110   45.058      160
                            0   50      109   46.163      160
                            0   51      102   41.500      160
                            0   52       92   37.047      160
                            0   53       76   39.093      160
                            0   54       94   43.651      160
                            0   55       89   43.779      160
                            0   56       92   34.698      160
                            0   57       89   40.767      160
                            0   58       99   35.105      160
                            0   59       96   33.256      160
                            0   60       84   29.756      160
                            0   61       84   37.953      160
                            0   62       82   37.500      160
                            0   63       72   34.826      160
                            0   64       89   35.860      160
                            0   65       81   35.465      160
                            0   66       78   36.326      160
                            0   67       74   35.698      160
                            0   68       78   32.570      160
                            0   69       77   37.233      160
                            0   70       89   43.163      160
                            0   71       89   39.186      160
                            0   72       83   32.186      160
                            0   73       93   35.988      160
                            0   74       89   40.570      160
                            0   75       83   40.209      160
                            0   76       76   30.581      160
                            0   77       62   27.477      160
                            0   78       70   24.605      160
                            0   79       68   17.174      160
                            0   80       70   11.744      160
                            0   81       59    9.512      160
                            0   82       46    6.791      160
                            0   83       37    3.860      160
                            0   84       17    2.326      160
                            0   85        5    0.791      160
                            0   86       63   28.337      160
Y - Directed channels: layer   x   max occ   ave occ   ave cap
                        ----- ---- -------- -------- --------
                            0    0       44   17.070      160
                            0    1       46   20.267      160
                            0    2       57   22.570      160
                            0    3       40   11.733      160
                            0    4       58   16.977      160
                            0    5       78   31.837      160
                            0    6       70   27.640      160
                            0    7       58   16.384      160
                            0    8       58   11.151      160
                            0    9       51   12.000      160
                            0   10       58   10.465      160
                            0   11       30    4.372      160
                            0   12       13    3.756      160
                            0   13       34    7.186      160
                            0   14       66   17.919      160
                            0   15       43   12.872      160
                            0   16       52   17.384      160
                            0   17       60   41.884      160
                            0   18       72   48.430      160
                            0   19       53   22.442      160
                            0   20       76   38.267      160
                            0   21       84   59.419      160
                            0   22       98   54.791      160
                            0   23       88   33.895      160
                            0   24       80   25.779      160
                            0   25       73   23.570      160
                            0   26       83   19.488      160
                            0   27       74   15.070      160
                            0   28       82   17.256      160
                            0   29       73   21.547      160
                            0   30       77   28.930      160
                            0   31       81   35.186      160
                            0   32       90   34.674      160
                            0   33      101   59.314      160
                            0   34      100   64.488      160
                            0   35       97   42.244      160
                            0   36      103   47.977      160
                            0   37      111   67.442      160
                            0   38      111   60.849      160
                            0   39       76   39.570      160
                            0   40       70   33.279      160
                            0   41       67   32.919      160
                            0   42       75   35.279      160
                            0   43       86   27.558      160
                            0   44       71   29.419      160
                            0   45       56   29.942      160
                            0   46       75   33.721      160
                            0   47       84   30.163      160
                            0   48       83   36.198      160
                            0   49       77   57.791      160
                            0   50       86   58.244      160
                            0   51       80   42.372      160
                            0   52       86   45.105      160
                            0   53      100   60.128      160
                            0   54       96   50.209      160
                            0   55       78   28.047      160
                            0   56       77   20.058      160
                            0   57       62   16.372      160
                            0   58       71   15.395      160
                            0   59       68   13.384      160
                            0   60       56   13.267      160
                            0   61       60   15.337      160
                            0   62       76   25.663      160
                            0   63       60   27.035      160
                            0   64       73   35.395      160
                            0   65       85   55.663      160
                            0   66       93   63.709      160
                            0   67       84   47.337      160
                            0   68       86   46.674      160
                            0   69       88   55.500      160
                            0   70       82   39.174      160
                            0   71       39   13.070      160
                            0   72       37   14.058      160
                            0   73       43   16.244      160
                            0   74       25    7.291      160
                            0   75       31    6.302      160
                            0   76       22    5.756      160
                            0   77       38    9.477      160
                            0   78       35   10.000      160
                            0   79       36   14.174      160
                            0   80       35   15.244      160
                            0   81       59   36.291      160
                            0   82       75   40.070      160
                            0   83       57   19.477      160
                            0   84       60   19.593      160
                            0   85       58   24.942      160
                            0   86       45   18.849      160

Total existing wires segments: CHANX   1197120, CHANY   1197120, CHANZ         0, ALL   2394240
Total used wires segments:     CHANX    203605, CHANY    219753, CHANZ         0, ALL    423358
Usage percentage:              CHANX     17.0%, CHANY     18.4%, CHANZ      0.0%, ALL     17.7%

Logic area (in minimum width transistor areas, excludes I/Os and empty grid tiles)...
	Total logic block area (Warning, need to add pitch of routing to blocks with height > 3): 2.4541e+08
	Total used logic block area: 8.82677e+07

Routing area (in minimum width transistor areas)...
	Total routing area: 9.66431e+07, per logic tile: 12479.7

Total Number of Wiring Segments by Direction: direction length number
                                              --------- ------ -------
                                                      X      4 267132
                                                      Y      4 267132
                                                      X     16  12084
                                                      Y     16  12084

X - Directed Wiring Segment usage by length: length utilization
                                             ------ -----------
                                             4       0.169
                                            16       0.126

Y - Directed Wiring Segment usage by length: length utilization
                                             ------ -----------
                                             4       0.173
                                            16       0.193

Segment occupancy by length: Length Occupancy Capacity Utilization
                             ------ --------- -------- -----------
                             L4         91328   534264       0.171
                             L16         3856    24168        0.16

Segment occupancy by type: name type utilization
                           ---- ---- -----------
                             L4    0       0.171
                            L16    1        0.16

Final hold Worst Negative Slack (hWNS): 0 ns
Final hold Total Negative Slack (hTNS): 0 ns
Final hold Worst Skew (hWS): 0 ns

Final hold slack histogram:
[  4.1e-11:  6.6e-10) 3666 (  6.9%) |******************
[  6.6e-10:  1.3e-09) 9239 ( 17.5%) |**********************************************
[  1.3e-09:  1.9e-09) 8021 ( 15.2%) |****************************************
[  1.9e-09:  2.5e-09) 9095 ( 17.2%) |*********************************************
[  2.5e-09:  3.1e-09) 8980 ( 17.0%) |*********************************************
[  3.1e-09:  3.8e-09) 7596 ( 14.4%) |**************************************
[  3.8e-09:  4.4e-09) 3341 (  6.3%) |*****************
[  4.4e-09:    5e-09) 1744 (  3.3%) |*********
[    5e-09:  5.6e-09)  640 (  1.2%) |***
[  5.6e-09:  6.2e-09)  440 (  0.8%) |**

Final critical path delay (least slack): 7.91242 ns, Fmax: 126.384 MHz
Final critical path skew: -0.04243 ns
Final setup Worst Negative Slack (sWNS): -7.91242 ns
Final setup Total Negative Slack (sTNS): -142628 ns
Final setup Worst Skew (sWS): -0.04243 ns

Final setup slack histogram:
[ -7.9e-09: -7.1e-09)    31 (  0.1%) |
[ -7.1e-09: -6.4e-09)    70 (  0.1%) |
[ -6.4e-09: -5.6e-09)   863 (  1.6%) |***
[ -5.6e-09: -4.8e-09)  1742 (  3.3%) |******
[ -4.8e-09: -4.1e-09)  4303 (  8.2%) |**************
[ -4.1e-09: -3.3e-09)  9423 ( 17.9%) |******************************
[ -3.3e-09: -2.5e-09) 10756 ( 20.4%) |***********************************
[ -2.5e-09: -1.7e-09) 13991 ( 26.5%) |*********************************************
[ -1.7e-09: -9.7e-10)  6529 ( 12.4%) |*********************
[ -9.7e-10: -1.9e-10)  5054 (  9.6%) |****************

Final geomean non-virtual intra-domain period: 7.91242 ns (126.384 MHz)
Final fanout-weighted geomean non-virtual intra-domain period: 7.91242 ns (126.384 MHz)

Incr Slack updates 1 in 0.0021524 sec
Full Max Req/Worst Slack updates 1 in 0.00159221 sec
Incr Max Req/Worst Slack updates 0 in 0 sec
Incr Criticality updates 0 in 0 sec
Full Criticality updates 1 in 0.00840506 sec
Flow timing analysis took 11.7623 seconds (10.2503 STA, 1.51204 slack) (137 full updates: 115 setup, 0 hold, 22 combined).
VPR succeeded
The entire flow of VPR took 130.94 seconds (max_rss 819.2 MiB)

