VPR FPGA Placement and Routing.
Version: 9.0.0-dev+v8.0.0-18248-g40f8d19708
Revision: v8.0.0-18248-g40f8d19708
Compiled: 2026-09-22T03:43:48
Compiler: GNU 13.3.0 on Linux-5.15.0-119-generic x86_64
Build Info: release IPO VTR_ASSERT_LEVEL=2

University of Toronto
verilogtorouting.org
vtr-users@googlegroups.com
This is free open source code under MIT license.

VPR was run with the following command-line:
/inspire/hdd/project/project-public/changshunjie-253114010247/changshunjie-253114010247/workspace/DAC2027/vtr/vtr-verilog-to-routing/vpr/vpr /inspire/hdd/project/project-public/changshunjie-253114010247/changshunjie-253114010247/workspace/DAC2027/vtr/vtr-verilog-to-routing/vtr_flow/arch/COFFE_22nm/k6FracN10LB_mem20K_complexDSP_customSB_22nm.xml /inspire/hdd/project/project-public/changshunjie-253114010247/changshunjie-253114010247/workspace/DAC2027/TailCompile/experiments/vtr/runs/pilot_v1/attention_layer/full-seed1-w300/attention_layer.pre-vpr.blif --analytical_place --route --analysis --ap_full_legalizer flat-recon --ap_detailed_placer annealer --seed 11 --route_chan_width 180 --write_flat_place /inspire/hdd/project/project-public/changshunjie-253114010247/changshunjie-253114010247/workspace/DAC2027/TailCompile/vtr_work/tailcompile_v3/attention_layer/4x4/gnn_candidate-fp41f5f7e7-flat-recon-annealer-seed11-w180-devw88/post_route.fplace --write_legalized_flat_place /inspire/hdd/project/project-public/changshunjie-253114010247/changshunjie-253114010247/workspace/DAC2027/TailCompile/vtr_work/tailcompile_v3/attention_layer/4x4/gnn_candidate-fp41f5f7e7-flat-recon-annealer-seed11-w180-devw88/post_legalizer.fplace --flat_place_verbosity 1 --device_width 88 --net_file /inspire/hdd/project/project-public/changshunjie-253114010247/changshunjie-253114010247/workspace/DAC2027/TailCompile/vtr_work/tailcompile_v3/attention_layer/4x4/gnn_candidate-fp41f5f7e7-flat-recon-annealer-seed11-w180-devw88/attention_layer.locked-input.net --read_flat_place /inspire/hdd/global_user/changshunjie-253114010247/workspace/DAC2027/TailCompile/experiments/vtr/tailcompile_v3/attention_layer/4x4/pools/bootstrap_24/candidate_10_seed13037.fplace

Using up to 1 parallel worker(s)

Architecture file: /inspire/hdd/project/project-public/changshunjie-253114010247/changshunjie-253114010247/workspace/DAC2027/vtr/vtr-verilog-to-routing/vtr_flow/arch/COFFE_22nm/k6FracN10LB_mem20K_complexDSP_customSB_22nm.xml
Circuit name: attention_layer.pre-vpr

# Loading Architecture Description
# Loading Architecture Description took 0.03 seconds (max_rss 32.0 MiB, delta_rss +0.0 MiB)

Timing analysis: ON
Circuit netlist file: /inspire/hdd/project/project-public/changshunjie-253114010247/changshunjie-253114010247/workspace/DAC2027/TailCompile/vtr_work/tailcompile_v3/attention_layer/4x4/gnn_candidate-fp41f5f7e7-flat-recon-annealer-seed11-w180-devw88/attention_layer.locked-input.net
Circuit placement file: attention_layer.pre-vpr.place
Circuit routing file: attention_layer.pre-vpr.route
Circuit SDC file: attention_layer.pre-vpr.sdc
Vpr floorplanning constraints file: not specified

Packer: DISABLED
Placer: DISABLED
Analytical Placer: ENABLED
Router: ENABLED
Analysis: ENABLED

VPR was run with the following options:

netlist_opts.absorb_buffer_luts            : true
netlist_opts.sweep_dangling_primary_ios    : true
netlist_opts.sweep_dangling_nets           : true
netlist_opts.sweep_dangling_blocks         : true
netlist_opts.sweep_constant_primary_outputs: false
netlist_opts.netlist_verbosity             : 1
netlist_opts.const_gen_inference           : COMB_SEQ

AnalyticalPlacerOpts.analytical_solver_type: lp-b2b
AnalyticalPlacerOpts.partial_legalizer_type: bipartitioning
AnalyticalPlacerOpts.full_legalizer_type: flat-recon
AnalyticalPlacerOpts.detailed_placer_type: annealer
AnalyticalPlacerOpts.ap_timing_tradeoff: 0.500000
AnalyticalPlacerOpts.ap_high_fanout_threshold: 256
AnalyticalPlacerOpts.log_verbosity: 1
router_opts.route_type: DETAILED
router_opts.flat_routing: false
router_opts.choke_points: on
router_opts.router_algorithm: TIMING_DRIVEN
router_opts.base_cost_type: DELAY_NORMALIZED_LENGTH
router_opts.fixed_channel_width: 180
router_opts.check_route: FULL
router_opts.acc_fac: 1.000000
router_opts.bb_factor: 3
router_opts.bend_cost: 0.000000
router_opts.first_iter_pres_fac: 0.000000
router_opts.initial_pres_fac: 0.500000
router_opts.pres_fac_mult: 1.300000
router_opts.max_pres_fac: 1000.000000
router_opts.max_router_iterations: 50
router_opts.min_incremental_reroute_fanout: 16
router_opts.initial_acc_cost_chan_congestion_threshold: 0.500000
router_opts.initial_acc_cost_chan_congestion_weight: 0.500000
router_opts.do_check_rr_graph: true
router_opts.verify_binary_search: false
router_opts.min_channel_width_hint: 0
router_opts.read_rr_edge_metadata: false
router_opts.exit_after_first_routing_iteration: false
router_opts.astar_fac: 1.200000
router_opts.astar_offset: 0.000000
router_opts.router_profiler_astar_fac: 1.200000
router_opts.enable_parallel_connection_router: false
router_opts.post_target_prune_fac: 1.200000
router_opts.post_target_prune_offset: 0
router_opts.multi_queue_num_threads: 1
router_opts.multi_queue_num_queues: 2
router_opts.multi_queue_direct_draining: false
router_opts.criticality_exp: 1.000000
router_opts.max_criticality: 0.990000
router_opts.init_wirelength_abort_threshold: 0.850000
router_opts.incr_reroute_delay_ripup: AUTO
router_opts.save_routing_per_iteration: false
router_opts.congested_routing_iteration_threshold_frac: 1.000000
router_opts.high_fanout_threshold: 64
router_opts.router_debug_net: -2
router_opts.router_debug_sink_rr: -2
router_opts.router_debug_iteration: -2
router_opts.max_convergence_count: 1
router_opts.reconvergence_cpd_threshold: 0.990000
router_opts.update_lower_bound_delays: true
router_opts.first_iteration_timing_report_file: 
router_opts.route_bb_update: DYNAMIC
router_opts.lookahead_type: MAP
router_opts.initial_timing: LOOKAHEAD
router_opts.router_heap: FOUR_ARY_HEAP
router_opts.routing_failure_predictor = SAFE
router_opts.routing_predictor_min_history: 8
router_opts.routing_budgets_algorithm = DISABLE

analysis_opts.gen_post_synthesis_netlist: false
analysis_opts.gen_post_implementation_merged_netlist: false
analysis_opts.gen_post_implementation_sdc: false
analysis_opts.timing_report_npaths: 100
analysis_opts.timing_report_skew: false
analysis_opts.echo_dot_timing_graph_node: -1
analysis_opts.timing_report_detail: NETLIST
analysis_opts.post_synth_netlist_unconn_input_handling: UNCONNECTED
analysis_opts.post_synth_netlist_unconn_output_handling: UNCONNECTED
analysis_opts.post_synth_netlist_module_parameters: on

# Building complex block graph
# Building complex block graph took 0.08 seconds (max_rss 32.0 MiB, delta_rss +0.0 MiB)
Circuit file: /inspire/hdd/project/project-public/changshunjie-253114010247/changshunjie-253114010247/workspace/DAC2027/TailCompile/experiments/vtr/runs/pilot_v1/attention_layer/full-seed1-w300/attention_layer.pre-vpr.blif
# Load circuit
Found 4 constant generator(s) in the netlist (2 constant-zero, 2 constant-one) (run with --netlist_verbosity 2 to list names)
# Load circuit took 0.55 seconds (max_rss 134.2 MiB, delta_rss +102.3 MiB)
# Clean circuit
Absorbed 7975 LUT buffers
Found 1090 primitive output pin(s) driven only by constants; marked them as constants
Swept input(s)      : 7
Swept output(s)     : 0 (0 dangling, 0 constant)
Swept net(s)        : 10126
Swept block(s)      : 33
Constant Pins Marked: 1090
# Clean circuit took 0.13 seconds (max_rss 134.2 MiB, delta_rss +0.0 MiB)
# Compress circuit
# Compress circuit took 0.06 seconds (max_rss 134.2 MiB, delta_rss +0.0 MiB)
# Verify circuit
# Verify circuit took 0.01 seconds (max_rss 134.2 MiB, delta_rss +0.0 MiB)
Circuit Statistics:
  Blocks: 40113
    .input            :    1052
    .latch            :    8844
    .names            :   17218
        0-LUT:       3
        1-LUT:    5989
        2-LUT:     920
        3-LUT:    4530
        4-LUT:    3023
        5-LUT:    1163
        6-LUT:    1590
    .output           :      32
    adder             :    9150
    addition_fp_clk_16:       1
    dual_port_ram     :    3680
    multiply          :     136
  Nets  : 50065
    Avg Fanout:     2.9
    Max Fanout: 12525.0
    Min Fanout:     1.0
  Netlist Clocks: 1
# Build Timing Graph
  Timing Graph Nodes: 245193
  Timing Graph Edges: 446068
  Timing Graph Levels: 66
# Build Timing Graph took 0.23 seconds (max_rss 202.3 MiB, delta_rss +62.8 MiB)
Netlist contains 1 clocks
  Netlist Clock 'clk' Fanout: 12525 pins (6.5%), 12525 blocks (31.2%)
# Load Timing Constraints

SDC file 'attention_layer.pre-vpr.sdc' not found
Setting default timing constraints:
   * constrain all primary inputs and primary outputs on netlist clock 'clk'
   * optimize netlist clock to run as fast as possible
Timing constraints created 1 clocks
  Constrained Clock 'clk' Source: 'clk.inpad[0]'

# Load Timing Constraints took 0.00 seconds (max_rss 202.3 MiB, delta_rss +0.0 MiB)
# Analytical Placement
## Prepacker

There is one chain in this architecture called "chain" with the following starting points:
	clb[0]/lab[0]/fle[0]/ble5[0]/arithmetic[0]/adder[0].cin[0]

## Prepacker took 0.04 seconds (max_rss 202.3 MiB, delta_rss +0.0 MiB)
## Initializing Pre-Cluster Timing
Using inter-cluster delay: 2.1832e-09
## Initializing Pre-Cluster Timing took 0.38 seconds (max_rss 207.2 MiB, delta_rss +4.9 MiB)
## Estimate Device Size
Device layout 'auto' with fixed width 88.
FPGA sized to 88 x 88: 7744 grid tiles (auto)
## Estimate Device Size took 0.00 seconds (max_rss 207.2 MiB, delta_rss +0.0 MiB)
## Ram Mapper
Flat Placement is provided, skipping the RAM mapping.
## Ram Mapper took 0.00 seconds (max_rss 207.2 MiB, delta_rss +0.0 MiB)
## Read Atom Netlist to AP Netlist
## Read Atom Netlist to AP Netlist took 0.28 seconds (max_rss 274.5 MiB, delta_rss +67.3 MiB)
Analytical Placement Netlist Statistics:
	AP Blocks: 25061
		Moveable AP Blocks: 25061
		Fixed AP Blocks: 0
	AP Nets: 34982
		Average Fanout: 2.94
		Highest Fanout: 257
	AP Pins: 193913

## Computing placement delta delay look-up
### Build routing resource graph
### Build routing resource graph took 6.42 seconds (max_rss 822.1 MiB, delta_rss +547.6 MiB)
  RR Graph Nodes: 1754700
  RR Graph Edges: 19490640
### Computing router lookahead map
#### Computing wire lookahead
#### Computing wire lookahead took 6.90 seconds (max_rss 822.1 MiB, delta_rss +0.0 MiB)
#### Computing src/opin lookahead
Warning 1: Found no more sample locations for SOURCE in io
Warning 2: Found no more sample locations for OPIN in io
Warning 3: Found no more sample locations for SOURCE in clb
Warning 4: Found no more sample locations for OPIN in clb
Warning 5: Found no more sample locations for SOURCE in dsp_top
Warning 6: Found no more sample locations for OPIN in dsp_top
Warning 7: Found no more sample locations for SOURCE in memory
Warning 8: Found no more sample locations for OPIN in memory
#### Computing src/opin lookahead took 0.22 seconds (max_rss 822.1 MiB, delta_rss +0.0 MiB)
### Computing router lookahead map took 7.14 seconds (max_rss 822.1 MiB, delta_rss +0.0 MiB)
Serial Connection Router is being destroyed. Time spent on path search: 0.000 seconds.
## Computing placement delta delay look-up took 13.92 seconds (max_rss 822.1 MiB, delta_rss +547.6 MiB)
Flat Placement is provided in the AP flow, skipping the Global Placement.
0 of 25061 molecules placed at device center (no atoms of these molecules found in flat placement).
## AP Full Legalizer
### Creating Clusters
Device (width, height): (88,88)
#### Sorting and Grouping Blocks by Tile
#### Sorting and Grouping Blocks by Tile took 0.01 seconds (max_rss 822.1 MiB, delta_rss +0.0 MiB)
#### Reconstruction Pass Clustering
#### Reconstruction Pass Clustering took 57.88 seconds (max_rss 822.1 MiB, delta_rss +0.0 MiB)
#### Orphan Window Clustering with search radius 8
#### Orphan Window Clustering with search radius 8 took 0.02 seconds (max_rss 822.1 MiB, delta_rss +0.0 MiB)
FPGA sized to 88 x 88: 7744 grid tiles (auto)
Device Utilization: 0.28 (target 1.00)
	Block Utilization: 0.39 Type: io
	Block Utilization: 0.19 Type: clb
	Block Utilization: 0.85 Type: dsp_top
	Block Utilization: 0.75 Type: memory

----------------------------------------------------------------
                       Clustering Summary                       
----------------------------------------------------------------
Clusters created (Self Clustering)                       : 2605
    memory     : 194
    dsp_top    : 107
    clb        : 1220
    io         : 1084
Clusters created (Orphan Window Clustering)              : 14
    clb        : 14
Total clusters                                           : 2619
Percent of clusters created in Orphan Window Clustering  : 0.53%
Molecules clustered in each stage breakdown  : (Total of 25061)
	Self Clustering          (0.998963)  : 25035
 	Neighbor Clustering      (0.000000)  : 0
	Orphan Window Clustering (0.001037)  : 26
----------------------------------------------------------------

Final Clustering Statistics: 
----------   --------   ------------------------------------   --------------------------
Block Type   # Blocks   Avg. # of input clocks and pins used   Avg. # of output pins used
----------   --------   ------------------------------------   --------------------------
     EMPTY          0                                      0                            0   
        io       1084                              0.0295203                      0.97048   
       clb       1234                                27.9692                      15.3752   
   dsp_top        107                                40.9813                      20.1869   
    memory        194                                49.6598                      18.9691   
Absorbed logical nets 24200 out of 50065 nets, 25865 nets not absorbed.
#### Load packing
##### Loading packed FPGA netlist file.
Netlist generated from file '/inspire/hdd/project/project-public/changshunjie-253114010247/changshunjie-253114010247/workspace/DAC2027/TailCompile/vtr_work/tailcompile_v3/attention_layer/4x4/gnn_candidate-fp41f5f7e7-flat-recon-annealer-seed11-w180-devw88/attention_layer.locked-input.net'.
Detected 3 constant generators (to see names run with higher pack verbosity)
##### Loading packed FPGA netlist file. took 2.05 seconds (max_rss 833.1 MiB, delta_rss +11.0 MiB)
Warning 9: Treated 2 constant nets as global which will not be routed (to see net names increase packer verbosity).
Netlist contains 5542 global net to non-global architecture pin connections
Found 2 logic block(s) with only 1 output pin and no inputs; they may be constant generators (run with --pack_verbosity 3 to list them)
Completed clustering consistency check successfully.
Cluster level netlist and block usage statistics
Netlist num_nets: 25865
Netlist num_blocks: 2619
Netlist EMPTY blocks: 0.
Netlist io blocks: 1084.
Netlist clb blocks: 1234.
Netlist dsp_top blocks: 107.
Netlist memory blocks: 194.
Netlist inputs pins: 1052
Netlist output pins: 32

Pb types usage...
  io                   : 1084
   inpad               : 1052
   outpad              : 32
  clb                  : 1234
   lab                 : 1234
    fle                : 11239
     ble5              : 19054
      flut5            : 9904
       lut5            : 9613
        lut            : 9613
       ff              : 8130
      arithmetic       : 9150
       lut4            : 6015
        lut            : 6015
       adder           : 9150
     ble6              : 1590
      lut6             : 1590
       lut             : 1590
      ff               : 714
  dsp_top              : 107
   dsp                 : 107
    dsp_pb             : 107
     two_mult_18x19    : 136
      mult_18x19       : 136
     adder_fp16        : 1
  memory               : 194
   mem_1024x20_dp      : 194
    memory_slice       : 3680

#### Load packing took 2.42 seconds (max_rss 833.1 MiB, delta_rss +11.0 MiB)
Netlist contains 5542 global net to non-global architecture pin connections
Found 2 logic block(s) with only 1 output pin and no inputs; they may be constant generators (run with --pack_verbosity 3 to list them)
Cluster level netlist and block usage statistics
Netlist num_nets: 25865
Netlist num_blocks: 2619
Netlist EMPTY blocks: 0.
Netlist io blocks: 1084.
Netlist clb blocks: 1234.
Netlist dsp_top blocks: 107.
Netlist memory blocks: 194.
Netlist inputs pins: 1052
Netlist output pins: 32
### Creating Clusters took 61.49 seconds (max_rss 833.1 MiB, delta_rss +11.0 MiB)
Completed clustering consistency check successfully.
FPGA sized to 88 x 88: 7744 grid tiles (auto)
### Compressed grid construction
### Compressed grid construction took 0.00 seconds (max_rss 833.1 MiB, delta_rss +0.0 MiB)
### Initial Placement
Placing clusters that are part of larger macros...
Number of blocks to be placed: 16
Max distance on device: 176
---- ---------- ---------- -------------
Pass Max Displ. Num Blocks Num Blocks   
     Threshold  Placed     Left Unplaced
---- ---------- ---------- -------------
   0          0         12             4
   1          1          2             2
   2          2          2             0

Placing general clusters...
Number of blocks to be placed: 2603
Max distance on device: 176
---- ---------- ---------- -------------
Pass Max Displ. Num Blocks Num Blocks   
     Threshold  Placed     Left Unplaced
---- ---------- ---------- -------------
   0          0       2591            12
   1          1          5             7
   2          2          4             3
   3          4          3             0

### Initial Placement took 0.01 seconds (max_rss 833.1 MiB, delta_rss +0.0 MiB)
Flat Placement Reconstruction Info:
	Percent of clusters with reconstruction errors: 0.305460
	Total displacement of initial placement from flat placement: 15218.000000
	Average atom displacement of initial placement from flat placement: 0.379378
	Max atom displacement of initial placement from flat placement: 64.000000
	Percent of atoms misplaced from the flat placement: 1.341211
## AP Full Legalizer took 61.81 seconds (max_rss 833.1 MiB, delta_rss +11.0 MiB)

Resource usage...
	Netlist
		1084	blocks of type: io
	Architecture
		2752	blocks of type: io
	Netlist
		1234	blocks of type: clb
	Architecture
		6376	blocks of type: clb
	Netlist
		107	blocks of type: dsp_top
	Architecture
		126	blocks of type: dsp_top
	Netlist
		194	blocks of type: memory
	Architecture
		258	blocks of type: memory

Device Utilization: 0.28 (target 1.00)
	Physical Tile io:
	Block Utilization: 0.39 Logical Block: io
	Physical Tile clb:
	Block Utilization: 0.19 Logical Block: clb
	Physical Tile dsp_top:
	Block Utilization: 0.85 Logical Block: dsp_top
	Physical Tile memory:
	Block Utilization: 0.75 Logical Block: memory

## Computing placement delta delay look-up
RR graph channel widths unchanged, skipping RR graph rebuild
Serial Connection Router is being destroyed. Time spent on path search: 0.000 seconds.
## Computing placement delta delay look-up took 0.02 seconds (max_rss 833.1 MiB, delta_rss +0.0 MiB)
Using simple RL 'Softmax agent' for choosing move and block types

Completed placement consistency check successfully.
Initial placement cost: 1 bb_cost: 5939.8 td_cost: 1.66236e-05
Initial placement BB estimate of wirelength: 1.06873e+06
Initial placement estimated Critical Path Delay (CPD): 17.1474 ns
Initial placement estimated setup Total Negative Slack (sTNS): -126661 ns
Initial placement estimated setup Worst Negative Slack (sWNS): -17.1474 ns

Initial placement estimated setup slack histogram:
[ -1.7e-08: -1.5e-08)     2 (  0.0%) |
[ -1.5e-08: -1.4e-08)    12 (  0.0%) |
[ -1.4e-08: -1.2e-08)    28 (  0.1%) |
[ -1.2e-08:   -1e-08)   119 (  0.2%) |
[   -1e-08: -8.7e-09)   290 (  0.5%) |*
[ -8.7e-09:   -7e-09)   710 (  1.3%) |*
[   -7e-09: -5.3e-09)  1378 (  2.6%) |**
[ -5.3e-09: -3.6e-09)  3230 (  6.1%) |******
[ -3.6e-09: -1.9e-09) 25610 ( 48.5%) |*********************************************
[ -1.9e-09: -1.9e-10) 21383 ( 40.5%) |**************************************
Placement contains 8 placement macros involving 16 blocks (average macro size 2.000000)

Moves per temperature: 18045
## AP Detailed Placer

---- ------ ------- ------- ---------- ---------- ------- ---------- -------- ------- ------- ------ -------- --------- ------
Tnum  Time     T    AvCost  Av BB Cost Av TD Cost   CPD      sTNS      sWNS   AcRate  StdDev  R lim  CritExp  TotMoves  Alpha 
     (sec)                                          (ns)     (ns)      (ns)                                                   
---- ------ ------- ------- ---------- ---------- ------- ---------- -------- ------- ------- ------ -------- --------- ------
   1    0.2 8.3e-04   1.008    5076.00 1.479e-05   15.144   -1.2e+05  -15.144   0.843  0.0132   87.0     1.00      18045  1.000
   2    0.2 7.5e-04   0.982    5136.99 1.675e-05   13.678  -1.14e+05  -13.678   0.843  0.0111   87.0     1.00      36090  0.900
   3    0.2 6.8e-04   0.974    5002.18 1.8379e-05  12.133   -1.2e+05  -12.133   0.832  0.0114   87.0     1.00      54135  0.900
   4    0.2 6.1e-04   0.974    4814.52 1.7952e-05  12.006  -1.17e+05  -12.006   0.814  0.0147   87.0     1.00      72180  0.900
   5    0.2 5.5e-04   0.951    4596.68 1.4489e-05  14.586  -1.19e+05  -14.586   0.803  0.0174   87.0     1.00      90225  0.900
   6    0.2 4.9e-04   0.946    4222.95 1.6616e-05  11.849  -1.17e+05  -11.849   0.780  0.0237   87.0     1.00     108270  0.900
   7    0.2 4.7e-04   0.936    3743.18 1.3795e-05  13.322  -1.15e+05  -13.322   0.765  0.0268   87.0     1.00     126315  0.950
   8    0.2 4.4e-04   0.960    3490.36 1.5469e-05  11.211  -1.17e+05  -11.211   0.747  0.0191   87.0     1.00     144360  0.950
   9    0.2 4.2e-04   0.965    3229.92 1.5741e-05  10.408  -1.13e+05  -10.408   0.728  0.0131   87.0     1.00     162405  0.950
  10    0.2 4.0e-04   0.980    3123.92 1.4204e-05  11.226  -1.11e+05  -11.226   0.719  0.0115   87.0     1.00     180450  0.950
  11    0.2 3.8e-04   0.957    2960.34 1.2507e-05  12.533  -1.11e+05  -12.533   0.711  0.0206   87.0     1.00     198495  0.950
  12    0.2 3.6e-04   0.978    2806.08 1.4808e-05  10.113  -1.12e+05  -10.113   0.700  0.0078   87.0     1.00     216540  0.950
  13    0.2 3.4e-04   0.977    2753.06 1.3191e-05  11.220   -1.1e+05  -11.220   0.692  0.0112   87.0     1.00     234585  0.950
  14    0.2 3.3e-04   0.978    2630.00 1.4428e-05  10.064  -1.12e+05  -10.064   0.687  0.0095   87.0     1.00     252630  0.950
  15    0.2 3.1e-04   0.986    2609.44 1.454e-05    9.854  -1.09e+05   -9.854   0.679  0.0066   87.0     1.00     270675  0.950
  16    0.2 3.0e-04   0.982    2559.00 1.229e-05   11.563  -1.08e+05  -11.563   0.675  0.0094   87.0     1.00     288720  0.950
  17    0.2 2.8e-04   0.988    2499.85 1.4791e-05   9.447  -1.08e+05   -9.447   0.665  0.0072   87.0     1.00     306765  0.950
  18    0.2 2.7e-04   0.986    2451.34 1.3856e-05   9.967  -1.07e+05   -9.967   0.653  0.0055   87.0     1.00     324810  0.950
  19    0.2 2.5e-04   0.981    2381.66 1.3807e-05   9.885  -1.08e+05   -9.885   0.652  0.0080   87.0     1.00     342855  0.950
  20    0.2 2.4e-04   0.977    2315.58 1.2957e-05  10.386  -1.06e+05  -10.386   0.645  0.0097   87.0     1.00     360900  0.950
  21    0.2 2.3e-04   0.981    2252.03 1.4881e-05   8.947  -1.08e+05   -8.947   0.627  0.0073   87.0     1.00     378945  0.950
  22    0.2 2.2e-04   0.988    2212.65 1.41e-05     9.277  -1.05e+05   -9.277   0.623  0.0060   87.0     1.00     396990  0.950
  23    0.2 2.1e-04   0.987    2181.00 1.4076e-05   9.135  -1.05e+05   -9.135   0.612  0.0040   87.0     1.00     415035  0.950
  24    0.2 2.0e-04   0.987    2153.17 1.347e-05    9.508  -1.06e+05   -9.508   0.605  0.0059   87.0     1.00     433080  0.950
  25    0.2 1.9e-04   0.980    2101.81 1.3514e-05   9.391  -1.06e+05   -9.391   0.590  0.0058   87.0     1.00     451125  0.950
  26    0.2 1.8e-04   0.988    2057.03 1.342e-05    9.384  -1.04e+05   -9.384   0.591  0.0062   87.0     1.00     469170  0.950
  27    0.2 1.7e-04   0.986    2028.85 1.4012e-05   8.856  -1.04e+05   -8.856   0.585  0.0075   87.0     1.00     487215  0.950
  28    0.2 1.6e-04   0.989    2011.88 1.3539e-05   9.098  -1.04e+05   -9.098   0.562  0.0065   87.0     1.00     505260  0.950
  29    0.2 1.5e-04   0.994    1999.95 1.3812e-05   8.906  -1.02e+05   -8.906   0.557  0.0020   87.0     1.00     523305  0.950
  30    0.2 1.4e-04   0.988    1980.56 1.3951e-05   8.795  -1.03e+05   -8.795   0.542  0.0043   87.0     1.00     541350  0.950
  31    0.2 1.4e-04   0.989    1964.28 1.4167e-05   8.627  -1.06e+05   -8.627   0.539  0.0053   87.0     1.00     559395  0.950
  32    0.2 1.3e-04   0.987    1932.91 1.3718e-05   8.762  -1.03e+05   -8.762   0.531  0.0060   87.0     1.00     577440  0.950
  33    0.2 1.2e-04   0.993    1907.86 1.3222e-05   8.974  -1.03e+05   -8.974   0.515  0.0021   87.0     1.00     595485  0.950
  34    0.2 1.2e-04   0.990    1902.32 1.2838e-05   9.182  -1.02e+05   -9.182   0.499  0.0043   87.0     1.00     613530  0.950
  35    0.2 1.1e-04   0.989    1873.53 1.3389e-05   8.753  -1.02e+05   -8.753   0.485  0.0036   87.0     1.00     631575  0.950
  36    0.2 1.1e-04   0.990    1854.55 1.249e-05    9.298  -1.04e+05   -9.298   0.477  0.0046   87.0     1.00     649620  0.950
  37    0.2 1.0e-04   0.988    1834.11 1.3375e-05   8.582  -1.03e+05   -8.582   0.468  0.0055   87.0     1.00     667665  0.950
  38    0.2 9.6e-05   0.990    1819.68 1.2747e-05   8.988  -1.02e+05   -8.988   0.464  0.0038   87.0     1.00     685710  0.950
  39    0.2 9.1e-05   0.990    1804.55 1.2519e-05   9.088  -1.02e+05   -9.088   0.444  0.0051   87.0     1.00     703755  0.950
  40    0.2 8.6e-05   0.991    1792.78 1.1735e-05   9.673  -1.02e+05   -9.673   0.437  0.0035   87.0     1.00     721800  0.950
  41    0.2 8.2e-05   0.989    1771.43 1.2415e-05   8.860  -1.01e+05   -8.860   0.420  0.0051   86.7     1.02     739845  0.950
  42    0.2 7.8e-05   0.989    1752.34 1.0896e-05   8.854     -1e+05   -8.854   0.419  0.0044   85.0     1.16     757890  0.950
  43    0.2 7.4e-05   0.988    1734.56 9.7111e-06   8.792  -1.02e+05   -8.792   0.402  0.0043   83.2     1.31     775935  0.950
  44    0.2 7.0e-05   0.990    1721.68 7.6897e-06   8.893  -1.01e+05   -8.893   0.387  0.0030   80.0     1.57     793980  0.950
  45    0.2 6.7e-05   0.989    1704.03 6.1821e-06   8.705  -1.01e+05   -8.705   0.382  0.0047   75.8     1.91     812025  0.950
  46    0.2 6.3e-05   0.994    1701.20 4.8138e-06   8.678  -1.02e+05   -8.678   0.368  0.0030   71.4     2.27     830070  0.950
  47    0.2 6.0e-05   0.992    1693.03 4.3268e-06   8.168  -1.01e+05   -8.168   0.368  0.0034   66.3     2.69     848115  0.950
  48    0.2 5.7e-05   0.990    1678.84 3.3477e-06   8.271  -1.03e+05   -8.271   0.361  0.0051   61.5     3.07     866160  0.950
  49    0.2 5.4e-05   0.994    1660.71 2.7777e-06   8.208  -1.03e+05   -8.208   0.348  0.0034   56.7     3.47     884205  0.950
  50    0.2 5.2e-05   0.994    1643.54 2.1985e-06   8.246  -1.03e+05   -8.246   0.334  0.0025   51.5     3.89     902250  0.950
  51    0.2 4.9e-05   0.997    1645.25 1.6615e-06   8.351  -1.02e+05   -8.351   0.329  0.0024   46.0     4.34     920295  0.950
  52    0.2 4.7e-05   0.992    1628.34 1.4939e-06   8.182  -1.02e+05   -8.182   0.320  0.0039   40.9     4.75     938340  0.950
  53    0.2 4.4e-05   0.994    1616.35 1.4499e-06   7.910  -1.02e+05   -7.910   0.318  0.0028   36.0     5.15     956385  0.950
  54    0.2 4.2e-05   0.996    1604.66 1.2753e-06   7.873  -1.03e+05   -7.873   0.304  0.0024   31.6     5.51     974430  0.950
  55    0.2 4.0e-05   0.994    1592.08 1.1131e-06   7.873  -1.04e+05   -7.873   0.302  0.0037   27.3     5.86     992475  0.950
  56    0.2 3.8e-05   0.996    1578.78 8.6417e-07   8.026  -1.06e+05   -8.026   0.285  0.0022   23.6     6.16    1010520  0.950
  57    0.2 3.6e-05   0.996    1571.35 7.782e-07    8.038  -1.04e+05   -8.038   0.287  0.0021   19.9     6.46    1028565  0.950
  58    0.2 3.4e-05   0.992    1558.74 6.9235e-07   8.038  -1.08e+05   -8.038   0.281  0.0036   16.9     6.71    1046610  0.950
  59    0.2 3.3e-05   0.993    1545.88 4.3206e-07   8.472  -1.05e+05   -8.472   0.268  0.0022   14.2     6.93    1064655  0.950
  60    0.2 3.1e-05   0.994    1533.71 4.8933e-07   8.246  -1.05e+05   -8.246   0.281  0.0032   11.7     7.13    1082700  0.950
  61    0.2 2.9e-05   0.996    1522.73 5.3455e-07   8.038  -1.03e+05   -8.038   0.273  0.0014    9.9     7.28    1100745  0.950
  62    0.2 2.8e-05   0.996    1512.98 4.8646e-07   8.060  -1.04e+05   -8.060   0.266  0.0019    8.2     7.41    1118790  0.950
  63    0.2 2.6e-05   0.996    1503.90 4.8673e-07   8.026  -1.03e+05   -8.026   0.262  0.0019    6.8     7.53    1136835  0.950
  64    0.2 2.5e-05   0.997    1496.79 4.9441e-07   7.932  -1.03e+05   -7.932   0.251  0.0012    5.6     7.63    1154880  0.950
  65    0.2 2.4e-05   0.997    1492.61 4.7449e-07   7.932  -1.03e+05   -7.932   0.246  0.0011    4.5     7.71    1172925  0.950
  66    0.2 2.3e-05   0.996    1487.17 4.6479e-07   7.932  -1.01e+05   -7.932   0.250  0.0018    3.7     7.78    1190970  0.950
  67    0.2 2.2e-05   0.997    1482.43 4.4825e-07   7.932  -1.02e+05   -7.932   0.263  0.0013    3.0     7.84    1209015  0.950
  68    0.2 2.1e-05   0.998    1476.81 4.475e-07    7.903  -1.01e+05   -7.903   0.251  0.0010    2.4     7.88    1227060  0.950
  69    0.2 1.9e-05   0.997    1469.48 4.0128e-07   7.962  -1.02e+05   -7.962   0.264  0.0016    2.0     7.92    1245105  0.950
  70    0.2 1.9e-05   0.998    1465.66 4.2406e-07   7.903  -1.01e+05   -7.903   0.253  0.0010    1.6     7.95    1263150  0.950
  71    0.2 1.8e-05   0.998    1461.84 4.1379e-07   7.903  -1.01e+05   -7.903   0.247  0.0009    1.3     7.97    1281195  0.950
  72    0.2 1.7e-05   0.999    1458.81 4.1223e-07   7.903  -1.02e+05   -7.903   0.232  0.0006    1.1     7.99    1299240  0.950
  73    0.2 1.6e-05   0.998    1458.96 4.097e-07    7.903  -1.02e+05   -7.903   0.234  0.0006    1.0     8.00    1317285  0.950
  74    0.2 1.5e-05   0.999    1457.81 4.1129e-07   7.903  -1.02e+05   -7.903   0.227  0.0006    1.0     8.00    1335330  0.950
  75    0.2 1.4e-05   0.998    1453.36 4.1192e-07   7.903  -1.03e+05   -7.903   0.220  0.0008    1.0     8.00    1353375  0.950
  76    0.2 1.4e-05   0.998    1450.25 4.164e-07    7.903  -1.03e+05   -7.903   0.214  0.0006    1.0     8.00    1371420  0.950
  77    0.2 1.3e-05   0.998    1447.57 4.0791e-07   7.903  -1.02e+05   -7.903   0.208  0.0007    1.0     8.00    1389465  0.950
  78    0.2 1.2e-05   0.999    1446.01 4.0701e-07   7.903  -1.02e+05   -7.903   0.204  0.0004    1.0     8.00    1407510  0.950
  79    0.2 1.2e-05   0.999    1444.34 4.056e-07    7.903  -1.02e+05   -7.903   0.197  0.0003    1.0     8.00    1425555  0.950
  80    0.2 1.1e-05   0.999    1444.38 4.0402e-07   7.903  -1.02e+05   -7.903   0.194  0.0005    1.0     8.00    1443600  0.950
  81    0.2 1.1e-05   0.999    1442.91 4.0005e-07   7.903  -1.03e+05   -7.903   0.191  0.0003    1.0     8.00    1461645  0.950
  82    0.2 1.0e-05   0.999    1440.59 3.9468e-07   7.903  -1.03e+05   -7.903   0.181  0.0003    1.0     8.00    1479690  0.950
  83    0.2 9.5e-06   0.999    1440.36 3.9411e-07   7.903  -1.02e+05   -7.903   0.178  0.0004    1.0     8.00    1497735  0.950
  84    0.2 9.0e-06   0.999    1439.24 3.8317e-07   7.932  -1.02e+05   -7.932   0.184  0.0003    1.0     8.00    1515780  0.950
  85    0.2 8.6e-06   0.999    1438.28 3.8211e-07   7.932  -1.02e+05   -7.932   0.175  0.0005    1.0     8.00    1533825  0.950
  86    0.2 8.1e-06   0.999    1436.74 3.8421e-07   7.932  -1.03e+05   -7.932   0.174  0.0003    1.0     8.00    1551870  0.950
  87    0.2 7.7e-06   0.999    1435.51 3.819e-07    7.932  -1.02e+05   -7.932   0.171  0.0004    1.0     8.00    1569915  0.950
  88    0.2 7.3e-06   1.000    1434.52 3.8045e-07   7.932  -1.03e+05   -7.932   0.167  0.0002    1.0     8.00    1587960  0.950
  89    0.2 7.0e-06   0.999    1433.59 3.9282e-07   7.903  -1.03e+05   -7.903   0.165  0.0003    1.0     8.00    1606005  0.950
  90    0.2 6.6e-06   0.999    1433.20 3.9139e-07   7.903  -1.02e+05   -7.903   0.160  0.0003    1.0     8.00    1624050  0.950
  91    0.2 6.3e-06   0.999    1432.01 3.9443e-07   7.903  -1.03e+05   -7.903   0.162  0.0002    1.0     8.00    1642095  0.950
  92    0.2 6.0e-06   0.999    1430.70 3.9003e-07   7.903  -1.03e+05   -7.903   0.156  0.0003    1.0     8.00    1660140  0.950
  93    0.2 5.7e-06   1.000    1430.48 3.8886e-07   7.903  -1.02e+05   -7.903   0.155  0.0001    1.0     8.00    1678185  0.950
  94    0.2 5.4e-06   1.000    1429.58 3.8779e-07   7.903  -1.03e+05   -7.903   0.156  0.0002    1.0     8.00    1696230  0.950
  95    0.2 5.1e-06   1.000    1428.82 3.8982e-07   7.903  -1.02e+05   -7.903   0.154  0.0002    1.0     8.00    1714275  0.950
  96    0.2 4.9e-06   1.000    1428.07 3.9165e-07   7.903  -1.02e+05   -7.903   0.153  0.0002    1.0     8.00    1732320  0.950
  97    0.2 4.6e-06   1.000    1427.44 3.9214e-07   7.903  -1.03e+05   -7.903   0.148  0.0001    1.0     8.00    1750365  0.950
Agent's 2nd state: 
  98    0.2 3.7e-06   0.999    1426.70 3.9075e-07   7.903  -1.02e+05   -7.903   0.143  0.0003    1.0     8.00    1768410  0.800
Checkpoint saved: bb_costs=1426.18, TD costs=3.90066e-07, CPD=  7.903 (ns) 
  99    0.2 3.0e-06   1.000    1425.58 3.8997e-07   7.903  -1.02e+05   -7.903   0.098  0.0001    1.0     8.00    1786455  0.800
 100    0.2 2.4e-06   1.000    1424.64 3.8955e-07   7.903  -1.03e+05   -7.903   0.097  0.0002    1.0     8.00    1804500  0.800
 101    0.2 1.9e-06   1.000    1424.06 3.9017e-07   7.903  -1.02e+05   -7.903   0.092  0.0001    1.0     8.00    1822545  0.800
 102    0.2 1.5e-06   1.000    1423.59 3.8854e-07   7.903  -1.02e+05   -7.903   0.089  0.0001    1.0     8.00    1840590  0.800
 103    0.2 1.2e-06   1.000    1423.36 3.886e-07    7.903  -1.02e+05   -7.903   0.093  0.0001    1.0     8.00    1858635  0.800
 104    0.2 9.7e-07   1.000    1423.17 3.8812e-07   7.903  -1.02e+05   -7.903   0.089  0.0001    1.0     8.00    1876680  0.800
 105    0.2 7.8e-07   1.000    1422.86 3.881e-07    7.903  -1.03e+05   -7.903   0.086  0.0001    1.0     8.00    1894725  0.800
 106    0.2 6.2e-07   1.000    1422.64 3.884e-07    7.903  -1.03e+05   -7.903   0.083  0.0001    1.0     8.00    1912770  0.800
 107    0.2 5.0e-07   1.000    1422.57 3.8723e-07   7.903  -1.02e+05   -7.903   0.087  0.0001    1.0     8.00    1930815  0.800
 108    0.2 4.0e-07   1.000    1422.49 3.8749e-07   7.903  -1.02e+05   -7.903   0.084  0.0001    1.0     8.00    1948860  0.800
 109    0.2 3.2e-07   1.000    1422.04 3.8715e-07   7.903  -1.02e+05   -7.903   0.083  0.0001    1.0     8.00    1966905  0.800
 110    0.2 2.5e-07   1.000    1421.91 3.8849e-07   7.903  -1.02e+05   -7.903   0.080  0.0001    1.0     8.00    1984950  0.800
 111    0.2 2.0e-07   1.000    1421.61 3.8812e-07   7.903  -1.02e+05   -7.903   0.086  0.0001    1.0     8.00    2002995  0.800
 112    0.2 0.0e+00   1.000    1421.45 3.8853e-07   7.903  -1.02e+05   -7.903   0.045  0.0001    1.0     8.00    2021040  0.800
### Placement Quench took 0.18 seconds (max_rss 833.1 MiB)
post-quench CPD = 7.90262 (ns) 

Completed placement consistency check successfully.

Swaps called: 2023659

Aborted Move Reasons:
  duplicate block move to location: 8
  macro move to location illegal: 4
  macro_from swap to location illegal: 1124

BB estimate of min-dist (placement) wire length: 255603

Placement estimated critical path delay (least slack): 7.90262 ns, Fmax: 126.54 MHz
Placement estimated critical path skew: -0.04243 ns
Placement estimated setup Worst Negative Slack (sWNS): -7.90262 ns
Placement estimated setup Total Negative Slack (sTNS): -101990 ns
Placement estimated setup Worst Skew (sWS): -0.04243 ns

Placement estimated setup slack histogram:
[ -7.9e-09: -7.1e-09)    12 (  0.0%) |
[ -7.1e-09: -6.4e-09)    68 (  0.1%) |
[ -6.4e-09: -5.6e-09)   189 (  0.4%) |
[ -5.6e-09: -4.8e-09)   542 (  1.0%) |*
[ -4.8e-09:   -4e-09)   620 (  1.2%) |*
[   -4e-09: -3.3e-09)  2113 (  4.0%) |*****
[ -3.3e-09: -2.5e-09)  6295 ( 11.9%) |**************
[ -2.5e-09: -1.7e-09) 17261 ( 32.7%) |***************************************
[ -1.7e-09: -9.6e-10) 19670 ( 37.3%) |*********************************************
[ -9.6e-10: -1.9e-10)  5992 ( 11.4%) |**************

Placement estimated geomean non-virtual intra-domain period: 7.90262 ns (126.54 MHz)
Placement estimated fanout-weighted geomean non-virtual intra-domain period: 7.90262 ns (126.54 MHz)

Placement cost: 0.999782, bb_cost: 1421.41, td_cost: 3.87799e-07, 

Placement resource usage:
  io      implemented as io     : 1084
  clb     implemented as clb    : 1234
  dsp_top implemented as dsp_top: 107
  memory  implemented as memory : 194

Placement number of temperatures: 112
Placement total # of swap attempts: 2023659
	Swaps accepted:  742187 (36.7 %)
	Swaps rejected: 1270492 (62.8 %)
	Swaps aborted:   10980 ( 0.5 %)


Placement perturbation distribution by block and move type: 
------------------ ----------------- ---------------- ---------------- --------------- ------------ 
    Block Type         Move Type       (%) of Total      Accepted(%)     Rejected(%)    Aborted(%)
------------------ ----------------- ---------------- ---------------- --------------- ------------ 
io                 Uniform                9.81             53.86           46.14          0.00         
                   Median                 9.77             59.45           39.75          0.80         
                   Centroid               9.76             59.88           40.12          0.00         
                   W. Centroid            9.80             60.05           39.95          0.00         
                   W. Median              0.74             24.42           74.67          0.91         

clb                Uniform                11.16            7.58            92.31          0.11         
                   Median                 11.19            36.42           62.77          0.80         
                   Centroid               11.14            34.22           65.69          0.09         
                   W. Centroid            11.16            34.83           65.04          0.13         
                   W. Median              0.84             2.56            96.52          0.92         
                   Crit. Uniform          1.77             0.00            100.00         0.00         
                   Feasible Region        1.78             0.00            100.00         0.00         

dsp_top            Uniform                0.98             1.90            98.10          0.00         
                   Median                 0.96             4.66            89.91          5.42         
                   Centroid               0.95             4.14            90.47          5.39         
                   W. Centroid            0.97             4.39            90.28          5.33         
                   W. Median              0.07             0.07            87.84          12.09        

memory             Uniform                1.76             8.23            91.77          0.00         
                   Median                 1.76             16.05           78.40          5.55         
                   Centroid               1.75             13.13           84.44          2.42         
                   W. Centroid            1.74             13.17           86.77          0.05         
                   W. Median              0.13             3.35            83.12          13.53        


Placement Quench timing analysis took 0.0456995 seconds (0.0391207 STA, 0.00657875 slack) (1 full updates: 1 setup, 0 hold, 0 combined).
Placement Total  timing analysis took 5.75326 seconds (4.78566 STA, 0.967602 slack) (114 full updates: 114 setup, 0 hold, 0 combined).
update_td_costs: connections 0.0391903 nets 0 sum_nets 0.0206094 total 0.0600227
## AP Detailed Placer took 19.65 seconds (max_rss 837.7 MiB, delta_rss +4.6 MiB)
Incr Slack updates 114 in 0.191262 sec
Full Max Req/Worst Slack updates 43 in 0.0471829 sec
Incr Max Req/Worst Slack updates 71 in 0.104718 sec
Incr Criticality updates 46 in 0.147021 sec
Full Criticality updates 68 in 0.356939 sec
Incr Slack updates 1 in 0.00169787 sec
Full Max Req/Worst Slack updates 1 in 0.00114512 sec
Incr Max Req/Worst Slack updates 0 in 0 sec
Incr Criticality updates 0 in 0 sec
Full Criticality updates 1 in 0.00570705 sec
# Analytical Placement took 96.78 seconds (max_rss 837.7 MiB, delta_rss +635.4 MiB)


# Routing
RR graph channel widths unchanged, skipping RR graph rebuild
## Initializing router criticalities
Initial Net Connection Criticality Histogram:
[        0:      0.1) 7104 ( 14.6%) |***************************************
[      0.1:      0.2) 8450 ( 17.4%) |**********************************************
[      0.2:      0.3) 6940 ( 14.3%) |**************************************
[      0.3:      0.4) 3282 (  6.8%) |******************
[      0.4:      0.5) 6109 ( 12.6%) |*********************************
[      0.5:      0.6) 7507 ( 15.5%) |*****************************************
[      0.6:      0.7) 6192 ( 12.7%) |**********************************
[      0.7:      0.8) 2231 (  4.6%) |************
[      0.8:      0.9)  587 (  1.2%) |***
[      0.9:        1)  163 (  0.3%) |*
## Initializing router criticalities took 0.63 seconds (max_rss 837.7 MiB, delta_rss +0.0 MiB)
---- ------ ------- ---- ------- ------- ------- ----------------- --------------- -------- ---------- ---------- ---------- ---------- --------
Iter   Time    pres  BBs    Heap  Re-Rtd  Re-Rtd Overused RR Nodes      Wirelength      CPD       sTNS       sWNS       hTNS       hWNS Est Succ
      (sec)     fac Updt    push    Nets   Conns                                       (ns)       (ns)       (ns)       (ns)       (ns)     Iter
---- ------ ------- ---- ------- ------- ------- ----------------- --------------- -------- ---------- ---------- ---------- ---------- --------
   1    1.0     0.0    0 6138278   25862   41715   20859 ( 1.189%)  403825 (15.0%)   10.381 -1.717e+05    -10.381      0.000      0.000      N/A
   2    0.9     0.5    0 5249552   17127   31049    8328 ( 0.475%)  401774 (14.9%)    7.908 -1.452e+05     -7.908      0.000      0.000      N/A
   3    0.6     0.6    0 3175243   10571   20081    6380 ( 0.364%)  405224 (15.0%)    7.894 -1.433e+05     -7.894      0.000      0.000      N/A
   4    0.5     0.8    0 2269289    8234   16245    4632 ( 0.264%)  407563 (15.1%)    7.894 -1.425e+05     -7.894      0.000      0.000      N/A
   5    0.4     1.1    0 1593199    6392   13051    3458 ( 0.197%)  409689 (15.2%)    7.894 -1.428e+05     -7.894      0.000      0.000      N/A
   6    0.3     1.4    0 1233597    5009   10635    2607 ( 0.149%)  411724 (15.3%)    7.894 -1.419e+05     -7.894      0.000      0.000      N/A
   7    0.3     1.9    0  765888    3731    8020    1815 ( 0.103%)  414032 (15.4%)    7.894 -1.418e+05     -7.894      0.000      0.000      N/A
   8    0.2     2.4    0  504983    2559    5781    1211 ( 0.069%)  416061 (15.4%)    7.894 -1.418e+05     -7.894      0.000      0.000      N/A
   9    0.2     3.1    0  402915    1832    4458     750 ( 0.043%)  418067 (15.5%)    7.894 -1.417e+05     -7.894      0.000      0.000       26
  10    0.2     4.1    0  238371    1138    2832     471 ( 0.027%)  419448 (15.6%)    7.894 -1.417e+05     -7.894      0.000      0.000       24
  11    0.2     5.3    0  157800     698    1759     248 ( 0.014%)  420127 (15.6%)    7.894 -1.418e+05     -7.894      0.000      0.000       23
  12    0.1     6.9    0   93622     356     880     122 ( 0.007%)  420762 (15.6%)    7.894 -1.418e+05     -7.894      0.000      0.000       21
  13    0.1     9.0    0   60730     174     479      43 ( 0.002%)  421235 (15.6%)    7.894 -1.418e+05     -7.894      0.000      0.000       20
  14    0.1    11.6    0   19990      59     134      10 ( 0.001%)  421350 (15.6%)    7.894 -1.418e+05     -7.894      0.000      0.000       18
  15    0.1    15.1    0    6345      13      23       2 ( 0.000%)  421394 (15.6%)    7.894 -1.418e+05     -7.894      0.000      0.000       17
  16    0.1    19.7    0    2244       2       3       0 ( 0.000%)  421426 (15.6%)    7.894 -1.418e+05     -7.894      0.000      0.000      N/A
Restoring best routing
Critical path: 7.89428 ns
Successfully routed after 16 routing iterations.
Final Net Connection Criticality Histogram:
[        0:      0.1) 7430 ( 15.3%) |************************************
[      0.1:      0.2) 5317 ( 10.9%) |**************************
[      0.2:      0.3) 8125 ( 16.7%) |***************************************
[      0.3:      0.4) 4244 (  8.7%) |*********************
[      0.4:      0.5) 5514 ( 11.4%) |***************************
[      0.5:      0.6) 9468 ( 19.5%) |**********************************************
[      0.6:      0.7) 5522 ( 11.4%) |***************************
[      0.7:      0.8) 2279 (  4.7%) |***********
[      0.8:      0.9)  524 (  1.1%) |***
[      0.9:        1)  142 (  0.3%) |*
Router Stats: total_nets_routed: 83757 total_connections_routed: 157145 total_heap_pushes: 21912046 total_heap_pops: 5921335 
Serial Connection Router is being destroyed. Time spent on path search: 2.822 seconds.
# Routing took 6.39 seconds (max_rss 862.2 MiB, delta_rss +24.5 MiB)

Checking to ensure routing is legal...
# Checking to ensure non-configurable edges are legal
# Checking to ensure non-configurable edges are legal took 0.08 seconds (max_rss 862.2 MiB, delta_rss +0.0 MiB)
Completed routing consistency check successfully.

Serial number (magic cookie) for the routing is: 1003689148
Circuit successfully routed with a channel width factor of 180.
Incr Slack updates 17 in 0.0277615 sec
Full Max Req/Worst Slack updates 3 in 0.00348644 sec
Incr Max Req/Worst Slack updates 14 in 0.0212023 sec
Incr Criticality updates 13 in 0.0378283 sec
Full Criticality updates 4 in 0.0261121 sec
# Synchronize the packed netlist to routing optimization
## Annotating rr_node with routed nets
## Annotating rr_node with routed nets took 0.01 seconds (max_rss 862.2 MiB, delta_rss +0.0 MiB)
Found 44080 mismatches between routing and packing results.
Fixed 30790 routing traces due to mismatch between routing and packing results.
# Synchronize the packed netlist to routing optimization took 0.29 seconds (max_rss 862.2 MiB, delta_rss +0.0 MiB)
Final Clustering Statistics: 
----------   --------   ------------------------------------   --------------------------
Block Type   # Blocks   Avg. # of input clocks and pins used   Avg. # of output pins used
----------   --------   ------------------------------------   --------------------------
     EMPTY          0                                      0                            0   
        io       1084                              0.0295203                      0.97048   
       clb       1234                                27.9692                      15.3752   
   dsp_top        107                                40.9813                      20.1869   
    memory        194                                49.6598                      18.9691   
Absorbed logical nets 24200 out of 50065 nets, 25865 nets not absorbed.


Average number of bends per net: 1.55901  Maximum # of bends: 273

Number of global nets: 3
Number of routed nets (nonglobal): 25862
Wire length results (in units of 1 clb segments)...
	Total wirelength: 421426, average net length: 16.2952
	Maximum net length: 2354

Wire length results in terms of physical segments...
	Total wiring segments used: 93544, average wire segments per net: 3.61704
	Maximum segments used by a net: 501
	Total local nets with reserved CLB opins: 0
Total number of nets absorbed: 8

Routing channel utilization histogram:
[        1:      inf)    0 (  0.0%) |
[      0.9:        1)    0 (  0.0%) |
[      0.8:      0.9)    0 (  0.0%) |
[      0.7:      0.8)    7 (  0.0%) |
[      0.5:      0.6)  160 (  1.1%) |*
[      0.4:      0.5)  683 (  4.5%) |*****
[      0.3:      0.4) 1621 ( 10.7%) |***********
[      0.2:      0.3) 2348 ( 15.5%) |****************
[      0.1:      0.2) 3377 ( 22.3%) |**********************
[        0:      0.1) 6942 ( 45.9%) |**********************************************
Maximum routing channel utilization:      0.63 at (53,67)

X - Directed channels: layer   y   max occ   ave occ   ave cap
                        ----- ---- -------- -------- --------
                            0    0       55   31.419      180
                            0    1        3    0.605      180
                            0    2        7    1.163      180
                            0    3       10    3.163      180
                            0    4       43    6.000      180
                            0    5       48    5.581      180
                            0    6       64   13.488      180
                            0    7       60   20.372      180
                            0    8       47   16.233      180
                            0    9       40   15.628      180
                            0   10       58   14.349      180
                            0   11       63   20.116      180
                            0   12       46   22.326      180
                            0   13       62   20.256      180
                            0   14       71   24.523      180
                            0   15       86   26.895      180
                            0   16       64   23.500      180
                            0   17       58   15.977      180
                            0   18       68   22.012      180
                            0   19       75   24.291      180
                            0   20       71   22.593      180
                            0   21       64   24.523      180
                            0   22       72   30.151      180
                            0   23       59   20.593      180
                            0   24       52   16.093      180
                            0   25       45   16.128      180
                            0   26       51   16.035      180
                            0   27       50   19.767      180
                            0   28       76   23.988      180
                            0   29       82   27.337      180
                            0   30       95   37.093      180
                            0   31       92   39.802      180
                            0   32       79   30.174      180
                            0   33       96   34.965      180
                            0   34       84   38.849      180
                            0   35       83   36.244      180
                            0   36       98   43.663      180
                            0   37       98   44.302      180
                            0   38      101   44.523      180
                            0   39      102   46.651      180
                            0   40       86   41.756      180
                            0   41       92   45.721      180
                            0   42      100   50.058      180
                            0   43       89   46.267      180
                            0   44       77   38.419      180
                            0   45       91   44.558      180
                            0   46       89   49.779      180
                            0   47       84   41.535      180
                            0   48       98   45.547      180
                            0   49       93   46.151      180
                            0   50       88   44.430      180
                            0   51       85   31.407      180
                            0   52       88   36.686      180
                            0   53       91   39.279      180
                            0   54       90   33.558      180
                            0   55       83   28.442      180
                            0   56       74   25.872      180
                            0   57       69   25.849      180
                            0   58       82   28.965      180
                            0   59       83   29.349      180
                            0   60       86   31.640      180
                            0   61       87   39.035      180
                            0   62       78   35.081      180
                            0   63       76   32.872      180
                            0   64       91   34.663      180
                            0   65      103   41.558      180
                            0   66      100   42.674      180
                            0   67      101   41.105      180
                            0   68      106   40.419      180
                            0   69       83   34.523      180
                            0   70       88   35.628      180
                            0   71       86   34.942      180
                            0   72       93   33.884      180
                            0   73       68   23.523      180
                            0   74       71   25.372      180
                            0   75       64   21.488      180
                            0   76       51   19.767      180
                            0   77       59   21.256      180
                            0   78       61   22.884      180
                            0   79       56   15.674      180
                            0   80       66   15.209      180
                            0   81       62   17.070      180
                            0   82       63   12.663      180
                            0   83       38    5.953      180
                            0   84       14    3.442      180
                            0   85        9    1.860      180
                            0   86       72   34.674      180
Y - Directed channels: layer   x   max occ   ave occ   ave cap
                        ----- ---- -------- -------- --------
                            0    0       55   18.314      180
                            0    1       40   19.628      180
                            0    2       54   22.023      180
                            0    3       26    6.907      180
                            0    4       39   10.500      180
                            0    5       80   33.558      180
                            0    6       98   34.744      180
                            0    7       75   18.035      180
                            0    8       74   16.895      180
                            0    9       44    8.872      180
                            0   10       42    7.895      180
                            0   11       35    6.558      180
                            0   12       40    8.035      180
                            0   13       32   10.686      180
                            0   14       35   15.605      180
                            0   15       38   16.093      180
                            0   16       41   18.233      180
                            0   17       72   49.360      180
                            0   18       83   55.093      180
                            0   19       64   27.058      180
                            0   20       88   38.593      180
                            0   21      104   59.628      180
                            0   22      105   56.000      180
                            0   23       80   33.640      180
                            0   24       78   28.105      180
                            0   25       66   18.035      180
                            0   26       38   10.802      180
                            0   27       31   10.895      180
                            0   28       47    9.558      180
                            0   29       70   19.151      180
                            0   30       74   27.058      180
                            0   31       66   28.500      180
                            0   32       96   36.267      180
                            0   33       94   56.453      180
                            0   34      103   67.093      180
                            0   35       97   46.837      180
                            0   36       89   44.035      180
                            0   37      109   67.872      180
                            0   38       92   58.814      180
                            0   39       81   37.605      180
                            0   40       73   25.395      180
                            0   41       73   25.860      180
                            0   42       81   21.465      180
                            0   43       55   13.860      180
                            0   44       68   17.860      180
                            0   45       79   27.058      180
                            0   46       81   32.081      180
                            0   47      102   36.988      180
                            0   48       94   38.709      180
                            0   49       97   60.907      180
                            0   50      112   67.733      180
                            0   51       98   46.698      180
                            0   52      102   48.744      180
                            0   53      114   62.302      180
                            0   54       92   49.442      180
                            0   55       63   29.081      180
                            0   56       78   28.442      180
                            0   57       84   26.058      180
                            0   58       77   21.198      180
                            0   59       72   17.500      180
                            0   60       75   14.930      180
                            0   61       72   15.000      180
                            0   62       58   19.523      180
                            0   63       42   14.593      180
                            0   64       50   20.256      180
                            0   65       80   46.721      180
                            0   66       74   54.663      180
                            0   67       71   39.593      180
                            0   68      101   49.326      180
                            0   69      112   55.860      180
                            0   70       73   35.337      180
                            0   71       25    9.407      180
                            0   72       30    8.512      180
                            0   73       54    6.512      180
                            0   74       40    4.640      180
                            0   75       32    4.430      180
                            0   76       26    3.395      180
                            0   77       20    5.744      180
                            0   78       34   11.965      180
                            0   79       36   13.988      180
                            0   80       41   13.791      180
                            0   81       67   32.047      180
                            0   82       74   36.267      180
                            0   83       61   21.047      180
                            0   84       72   26.791      180
                            0   85       68   28.953      180
                            0   86       37   16.733      180

Total existing wires segments: CHANX   1346760, CHANY   1346760, CHANZ         0, ALL   2693520
Total used wires segments:     CHANX    209312, CHANY    212114, CHANZ         0, ALL    421426
Usage percentage:              CHANX     15.5%, CHANY     15.7%, CHANZ      0.0%, ALL     15.6%

Logic area (in minimum width transistor areas, excludes I/Os and empty grid tiles)...
	Total logic block area (Warning, need to add pitch of routing to blocks with height > 3): 2.4541e+08
	Total used logic block area: 8.82956e+07

Routing area (in minimum width transistor areas)...
	Total routing area: 1.06814e+08, per logic tile: 13793.2

Total Number of Wiring Segments by Direction: direction length number
                                              --------- ------ -------
                                                      X      4 301976
                                                      Y      4 301976
                                                      X     16  13192
                                                      Y     16  13192

X - Directed Wiring Segment usage by length: length utilization
                                             ------ -----------
                                             4       0.149
                                            16        0.15

Y - Directed Wiring Segment usage by length: length utilization
                                             ------ -----------
                                             4       0.147
                                            16       0.171

Segment occupancy by length: Length Occupancy Capacity Utilization
                             ------ --------- -------- -----------
                             L4         89308   603952       0.148
                             L16         4236    26384       0.161

Segment occupancy by type: name type utilization
                           ---- ---- -----------
                             L4    0       0.148
                            L16    1       0.161

Final hold Worst Negative Slack (hWNS): 0 ns
Final hold Total Negative Slack (hTNS): 0 ns
Final hold Worst Skew (hWS): 0 ns

Final hold slack histogram:
[  4.1e-11:  7.8e-10)  5475 ( 10.4%) |********************
[  7.8e-10:  1.5e-09) 10354 ( 19.6%) |***************************************
[  1.5e-09:  2.3e-09) 12062 ( 22.9%) |*********************************************
[  2.3e-09:    3e-09) 10495 ( 19.9%) |***************************************
[    3e-09:  3.8e-09)  8484 ( 16.1%) |********************************
[  3.8e-09:  4.5e-09)  3253 (  6.2%) |************
[  4.5e-09:  5.2e-09)  1411 (  2.7%) |*****
[  5.2e-09:    6e-09)   564 (  1.1%) |**
[    6e-09:  6.7e-09)   380 (  0.7%) |*
[  6.7e-09:  7.5e-09)   284 (  0.5%) |*

Final critical path delay (least slack): 7.89428 ns, Fmax: 126.674 MHz
Final critical path skew: -0.04243 ns
Final setup Worst Negative Slack (sWNS): -7.89428 ns
Final setup Total Negative Slack (sTNS): -141780 ns
Final setup Worst Skew (sWS): -0.04243 ns

Final setup slack histogram:
[ -7.9e-09: -7.1e-09)   127 (  0.2%) |
[ -7.1e-09: -6.4e-09)   392 (  0.7%) |*
[ -6.4e-09: -5.6e-09)   916 (  1.7%) |***
[ -5.6e-09: -4.8e-09)  1582 (  3.0%) |*****
[ -4.8e-09:   -4e-09)  4268 (  8.1%) |*************
[   -4e-09: -3.3e-09)  7887 ( 14.9%) |***********************
[ -3.3e-09: -2.5e-09) 11306 ( 21.4%) |*********************************
[ -2.5e-09: -1.7e-09) 15354 ( 29.1%) |*********************************************
[ -1.7e-09: -9.6e-10)  5829 ( 11.0%) |*****************
[ -9.6e-10: -1.9e-10)  5101 (  9.7%) |***************

Final geomean non-virtual intra-domain period: 7.89428 ns (126.674 MHz)
Final fanout-weighted geomean non-virtual intra-domain period: 7.89428 ns (126.674 MHz)

Incr Slack updates 1 in 0.00210977 sec
Full Max Req/Worst Slack updates 1 in 0.00122531 sec
Incr Max Req/Worst Slack updates 0 in 0 sec
Incr Criticality updates 0 in 0 sec
Full Criticality updates 1 in 0.0072604 sec
Flow timing analysis took 8.87081 seconds (7.63739 STA, 1.23343 slack) (133 full updates: 115 setup, 0 hold, 18 combined).
VPR succeeded
The entire flow of VPR took 107.69 seconds (max_rss 862.2 MiB)

