VPR FPGA Placement and Routing.
Version: 9.0.0-dev+v8.0.0-18248-g40f8d19708
Revision: v8.0.0-18248-g40f8d19708
Compiled: 2026-09-22T03:43:48
Compiler: GNU 13.3.0 on Linux-5.15.0-119-generic x86_64
Build Info: release IPO VTR_ASSERT_LEVEL=2

University of Toronto
verilogtorouting.org
vtr-users@googlegroups.com
This is free open source code under MIT license.

VPR was run with the following command-line:
/inspire/hdd/project/project-public/changshunjie-253114010247/changshunjie-253114010247/workspace/DAC2027/vtr/vtr-verilog-to-routing/vpr/vpr /inspire/hdd/project/project-public/changshunjie-253114010247/changshunjie-253114010247/workspace/DAC2027/vtr/vtr-verilog-to-routing/vtr_flow/arch/COFFE_22nm/k6FracN10LB_mem20K_complexDSP_customSB_22nm.xml /inspire/hdd/project/project-public/changshunjie-253114010247/changshunjie-253114010247/workspace/DAC2027/TailCompile/experiments/vtr/runs/pilot_v1/sha/full-seed1-w300/sha.pre-vpr.blif --analytical_place --route --analysis --ap_full_legalizer flat-recon --ap_detailed_placer annealer --seed 12 --route_chan_width 110 --write_flat_place /inspire/hdd/project/project-public/changshunjie-253114010247/changshunjie-253114010247/workspace/DAC2027/TailCompile/vtr_work/tailcompile_v3/sha/4x4/gnn_candidate-fp979d5c29-flat-recon-annealer-seed12-w110-devw14/post_route.fplace --write_legalized_flat_place /inspire/hdd/project/project-public/changshunjie-253114010247/changshunjie-253114010247/workspace/DAC2027/TailCompile/vtr_work/tailcompile_v3/sha/4x4/gnn_candidate-fp979d5c29-flat-recon-annealer-seed12-w110-devw14/post_legalizer.fplace --flat_place_verbosity 1 --device_width 14 --net_file /inspire/hdd/project/project-public/changshunjie-253114010247/changshunjie-253114010247/workspace/DAC2027/TailCompile/vtr_work/tailcompile_v3/sha/4x4/gnn_candidate-fp979d5c29-flat-recon-annealer-seed12-w110-devw14/sha.locked-input.net --read_flat_place /inspire/hdd/global_user/changshunjie-253114010247/workspace/DAC2027/TailCompile/experiments/vtr/tailcompile_v3/sha/4x4/pools/bootstrap_24/candidate_16_seed12043.fplace

Using up to 1 parallel worker(s)

Architecture file: /inspire/hdd/project/project-public/changshunjie-253114010247/changshunjie-253114010247/workspace/DAC2027/vtr/vtr-verilog-to-routing/vtr_flow/arch/COFFE_22nm/k6FracN10LB_mem20K_complexDSP_customSB_22nm.xml
Circuit name: sha.pre-vpr

# Loading Architecture Description
# Loading Architecture Description took 0.04 seconds (max_rss 18.9 MiB, delta_rss +0.0 MiB)

Timing analysis: ON
Circuit netlist file: /inspire/hdd/project/project-public/changshunjie-253114010247/changshunjie-253114010247/workspace/DAC2027/TailCompile/vtr_work/tailcompile_v3/sha/4x4/gnn_candidate-fp979d5c29-flat-recon-annealer-seed12-w110-devw14/sha.locked-input.net
Circuit placement file: sha.pre-vpr.place
Circuit routing file: sha.pre-vpr.route
Circuit SDC file: sha.pre-vpr.sdc
Vpr floorplanning constraints file: not specified

Packer: DISABLED
Placer: DISABLED
Analytical Placer: ENABLED
Router: ENABLED
Analysis: ENABLED

VPR was run with the following options:

netlist_opts.absorb_buffer_luts            : true
netlist_opts.sweep_dangling_primary_ios    : true
netlist_opts.sweep_dangling_nets           : true
netlist_opts.sweep_dangling_blocks         : true
netlist_opts.sweep_constant_primary_outputs: false
netlist_opts.netlist_verbosity             : 1
netlist_opts.const_gen_inference           : COMB_SEQ

AnalyticalPlacerOpts.analytical_solver_type: lp-b2b
AnalyticalPlacerOpts.partial_legalizer_type: bipartitioning
AnalyticalPlacerOpts.full_legalizer_type: flat-recon
AnalyticalPlacerOpts.detailed_placer_type: annealer
AnalyticalPlacerOpts.ap_timing_tradeoff: 0.500000
AnalyticalPlacerOpts.ap_high_fanout_threshold: 256
AnalyticalPlacerOpts.log_verbosity: 1
router_opts.route_type: DETAILED
router_opts.flat_routing: false
router_opts.choke_points: on
router_opts.router_algorithm: TIMING_DRIVEN
router_opts.base_cost_type: DELAY_NORMALIZED_LENGTH
router_opts.fixed_channel_width: 110
router_opts.check_route: FULL
router_opts.acc_fac: 1.000000
router_opts.bb_factor: 3
router_opts.bend_cost: 0.000000
router_opts.first_iter_pres_fac: 0.000000
router_opts.initial_pres_fac: 0.500000
router_opts.pres_fac_mult: 1.300000
router_opts.max_pres_fac: 1000.000000
router_opts.max_router_iterations: 50
router_opts.min_incremental_reroute_fanout: 16
router_opts.initial_acc_cost_chan_congestion_threshold: 0.500000
router_opts.initial_acc_cost_chan_congestion_weight: 0.500000
router_opts.do_check_rr_graph: true
router_opts.verify_binary_search: false
router_opts.min_channel_width_hint: 0
router_opts.read_rr_edge_metadata: false
router_opts.exit_after_first_routing_iteration: false
router_opts.astar_fac: 1.200000
router_opts.astar_offset: 0.000000
router_opts.router_profiler_astar_fac: 1.200000
router_opts.enable_parallel_connection_router: false
router_opts.post_target_prune_fac: 1.200000
router_opts.post_target_prune_offset: 0
router_opts.multi_queue_num_threads: 1
router_opts.multi_queue_num_queues: 2
router_opts.multi_queue_direct_draining: false
router_opts.criticality_exp: 1.000000
router_opts.max_criticality: 0.990000
router_opts.init_wirelength_abort_threshold: 0.850000
router_opts.incr_reroute_delay_ripup: AUTO
router_opts.save_routing_per_iteration: false
router_opts.congested_routing_iteration_threshold_frac: 1.000000
router_opts.high_fanout_threshold: 64
router_opts.router_debug_net: -2
router_opts.router_debug_sink_rr: -2
router_opts.router_debug_iteration: -2
router_opts.max_convergence_count: 1
router_opts.reconvergence_cpd_threshold: 0.990000
router_opts.update_lower_bound_delays: true
router_opts.first_iteration_timing_report_file: 
router_opts.route_bb_update: DYNAMIC
router_opts.lookahead_type: MAP
router_opts.initial_timing: LOOKAHEAD
router_opts.router_heap: FOUR_ARY_HEAP
router_opts.routing_failure_predictor = SAFE
router_opts.routing_predictor_min_history: 8
router_opts.routing_budgets_algorithm = DISABLE

analysis_opts.gen_post_synthesis_netlist: false
analysis_opts.gen_post_implementation_merged_netlist: false
analysis_opts.gen_post_implementation_sdc: false
analysis_opts.timing_report_npaths: 100
analysis_opts.timing_report_skew: false
analysis_opts.echo_dot_timing_graph_node: -1
analysis_opts.timing_report_detail: NETLIST
analysis_opts.post_synth_netlist_unconn_input_handling: UNCONNECTED
analysis_opts.post_synth_netlist_unconn_output_handling: UNCONNECTED
analysis_opts.post_synth_netlist_module_parameters: on

# Building complex block graph
# Building complex block graph took 0.11 seconds (max_rss 24.5 MiB, delta_rss +5.7 MiB)
Circuit file: /inspire/hdd/project/project-public/changshunjie-253114010247/changshunjie-253114010247/workspace/DAC2027/TailCompile/experiments/vtr/runs/pilot_v1/sha/full-seed1-w300/sha.pre-vpr.blif
# Load circuit
Found 3 constant generator(s) in the netlist (2 constant-zero, 1 constant-one) (run with --netlist_verbosity 2 to list names)
# Load circuit took 0.02 seconds (max_rss 28.2 MiB, delta_rss +3.7 MiB)
# Clean circuit
Absorbed 0 LUT buffers
Found 22 primitive output pin(s) driven only by constants; marked them as constants
Swept input(s)      : 0
Swept output(s)     : 0 (0 dangling, 0 constant)
Swept net(s)        : 22
Swept block(s)      : 0
Constant Pins Marked: 22
# Clean circuit took 0.00 seconds (max_rss 28.2 MiB, delta_rss +0.0 MiB)
# Compress circuit
# Compress circuit took 0.00 seconds (max_rss 28.2 MiB, delta_rss +0.0 MiB)
# Verify circuit
# Verify circuit took 0.00 seconds (max_rss 28.2 MiB, delta_rss +0.0 MiB)
Circuit Statistics:
  Blocks: 2491
    .input :      38
    .latch :     893
    .names :    1215
        0-LUT:       2
        1-LUT:       1
        2-LUT:      63
        3-LUT:     106
        4-LUT:      88
        5-LUT:     314
        6-LUT:     641
    .output:      36
    adder  :     309
  Nets  : 2742
    Avg Fanout:     3.3
    Max Fanout:   893.0
    Min Fanout:     1.0
  Netlist Clocks: 1
# Build Timing Graph
  Timing Graph Nodes: 11695
  Timing Graph Edges: 18725
  Timing Graph Levels: 84
# Build Timing Graph took 0.01 seconds (max_rss 31.6 MiB, delta_rss +3.1 MiB)
Netlist contains 1 clocks
  Netlist Clock 'clk_i' Fanout: 893 pins (7.6%), 893 blocks (35.8%)
# Load Timing Constraints

SDC file 'sha.pre-vpr.sdc' not found
Setting default timing constraints:
   * constrain all primary inputs and primary outputs on netlist clock 'clk_i'
   * optimize netlist clock to run as fast as possible
Timing constraints created 1 clocks
  Constrained Clock 'clk_i' Source: 'clk_i.inpad[0]'

# Load Timing Constraints took 0.00 seconds (max_rss 31.6 MiB, delta_rss +0.0 MiB)
# Analytical Placement
## Prepacker

There is one chain in this architecture called "chain" with the following starting points:
	clb[0]/lab[0]/fle[0]/ble5[0]/arithmetic[0]/adder[0].cin[0]

## Prepacker took 0.00 seconds (max_rss 31.9 MiB, delta_rss +0.3 MiB)
## Initializing Pre-Cluster Timing
Using inter-cluster delay: 2.1832e-09
## Initializing Pre-Cluster Timing took 0.20 seconds (max_rss 32.6 MiB, delta_rss +0.7 MiB)
## Estimate Device Size
Device layout 'auto' with fixed width 14.
FPGA sized to 14 x 14: 196 grid tiles (auto)
## Estimate Device Size took 0.00 seconds (max_rss 32.6 MiB, delta_rss +0.0 MiB)
## Ram Mapper
Flat Placement is provided, skipping the RAM mapping.
## Ram Mapper took 0.00 seconds (max_rss 32.6 MiB, delta_rss +0.0 MiB)
## Read Atom Netlist to AP Netlist
## Read Atom Netlist to AP Netlist took 0.02 seconds (max_rss 36.4 MiB, delta_rss +3.8 MiB)
Analytical Placement Netlist Statistics:
	AP Blocks: 1315
		Moveable AP Blocks: 1315
		Fixed AP Blocks: 0
	AP Nets: 1563
		Average Fanout: 4.51
		Highest Fanout: 194
	AP Pins: 11695

## Computing placement delta delay look-up
### Build routing resource graph
### Build routing resource graph took 0.11 seconds (max_rss 47.5 MiB, delta_rss +11.1 MiB)
  RR Graph Nodes: 33828
  RR Graph Edges: 257320
### Computing router lookahead map
#### Computing wire lookahead
#### Computing wire lookahead took 0.04 seconds (max_rss 48.3 MiB, delta_rss +0.5 MiB)
#### Computing src/opin lookahead
Warning 1: Found no more sample locations for SOURCE in io
Warning 2: Found no more sample locations for OPIN in io
Warning 3: Found no more sample locations for SOURCE in clb
Warning 4: Found no more sample locations for OPIN in clb
Warning 5: Found no more sample locations for SOURCE in dsp_top
Warning 6: Found no more sample locations for OPIN in dsp_top
Warning 7: Found no more sample locations for SOURCE in memory
Warning 8: Found no more sample locations for OPIN in memory
#### Computing src/opin lookahead took 0.00 seconds (max_rss 48.3 MiB, delta_rss +0.0 MiB)
### Computing router lookahead map took 0.05 seconds (max_rss 48.3 MiB, delta_rss +0.5 MiB)
Serial Connection Router is being destroyed. Time spent on path search: 0.000 seconds.
## Computing placement delta delay look-up took 0.17 seconds (max_rss 48.3 MiB, delta_rss +11.9 MiB)
Flat Placement is provided in the AP flow, skipping the Global Placement.
0 of 1315 molecules placed at device center (no atoms of these molecules found in flat placement).
## AP Full Legalizer
### Creating Clusters
Device (width, height): (14,14)
#### Sorting and Grouping Blocks by Tile
#### Sorting and Grouping Blocks by Tile took 0.00 seconds (max_rss 48.3 MiB, delta_rss +0.0 MiB)
#### Reconstruction Pass Clustering
#### Reconstruction Pass Clustering took 2.10 seconds (max_rss 49.9 MiB, delta_rss +1.6 MiB)
#### Orphan Window Clustering with search radius 8
#### Orphan Window Clustering with search radius 8 took 0.01 seconds (max_rss 49.9 MiB, delta_rss +0.0 MiB)
FPGA sized to 14 x 14: 196 grid tiles (auto)
Device Utilization: 0.62 (target 1.00)
	Block Utilization: 0.19 Type: io
	Block Utilization: 0.93 Type: clb

----------------------------------------------------------------
                       Clustering Summary                       
----------------------------------------------------------------
Clusters created (Self Clustering)                       : 185
    clb        : 111
    io         : 74
Clusters created (Orphan Window Clustering)              : 1
    clb        : 1
Total clusters                                           : 186
Percent of clusters created in Orphan Window Clustering  : 0.54%
Molecules clustered in each stage breakdown  : (Total of 1315)
	Self Clustering          (0.996958)  : 1311
 	Neighbor Clustering      (0.000000)  : 0
	Orphan Window Clustering (0.003042)  : 4
----------------------------------------------------------------

Final Clustering Statistics: 
----------   --------   ------------------------------------   --------------------------
Block Type   # Blocks   Avg. # of input clocks and pins used   Avg. # of output pins used
----------   --------   ------------------------------------   --------------------------
     EMPTY          0                                      0                            0   
        io         74                               0.486486                     0.513514   
       clb        112                                25.4196                      8.98214   
   dsp_top          0                                      0                            0   
    memory          0                                      0                            0   
Absorbed logical nets 1698 out of 2742 nets, 1044 nets not absorbed.
#### Load packing
##### Loading packed FPGA netlist file.
Netlist generated from file '/inspire/hdd/project/project-public/changshunjie-253114010247/changshunjie-253114010247/workspace/DAC2027/TailCompile/vtr_work/tailcompile_v3/sha/4x4/gnn_candidate-fp979d5c29-flat-recon-annealer-seed12-w110-devw14/sha.locked-input.net'.
Detected 2 constant generators (to see names run with higher pack verbosity)
##### Loading packed FPGA netlist file. took 0.28 seconds (max_rss 61.7 MiB, delta_rss +7.1 MiB)
Warning 9: Treated 2 constant nets as global which will not be routed (to see net names increase packer verbosity).
Netlist contains 33 global net to non-global architecture pin connections
Completed clustering consistency check successfully.
Cluster level netlist and block usage statistics
Netlist num_nets: 1044
Netlist num_blocks: 186
Netlist EMPTY blocks: 0.
Netlist io blocks: 74.
Netlist clb blocks: 112.
Netlist dsp_top blocks: 0.
Netlist memory blocks: 0.
Netlist inputs pins: 38
Netlist output pins: 36

Pb types usage...
  io               : 74
   inpad           : 38
   outpad          : 36
  clb              : 112
   lab             : 112
    fle            : 1086
     ble5          : 882
      flut5        : 573
       lut5        : 573
        lut        : 573
       ff          : 353
      arithmetic   : 309
       adder       : 309
     ble6          : 642
      lut6         : 642
       lut         : 642
      ff           : 540

#### Load packing took 0.36 seconds (max_rss 100.3 MiB, delta_rss +45.6 MiB)
Netlist contains 33 global net to non-global architecture pin connections
Cluster level netlist and block usage statistics
Netlist num_nets: 1044
Netlist num_blocks: 186
Netlist EMPTY blocks: 0.
Netlist io blocks: 74.
Netlist clb blocks: 112.
Netlist dsp_top blocks: 0.
Netlist memory blocks: 0.
Netlist inputs pins: 38
Netlist output pins: 36
### Creating Clusters took 2.58 seconds (max_rss 100.3 MiB, delta_rss +52.0 MiB)
Completed clustering consistency check successfully.
FPGA sized to 14 x 14: 196 grid tiles (auto)
### Compressed grid construction
### Compressed grid construction took 0.00 seconds (max_rss 100.3 MiB, delta_rss +0.0 MiB)
### Initial Placement
Placing clusters that are part of larger macros...
Number of blocks to be placed: 18
Max distance on device: 28
---- ---------- ---------- -------------
Pass Max Displ. Num Blocks Num Blocks   
     Threshold  Placed     Left Unplaced
---- ---------- ---------- -------------
   0          0         12             6
   1          1          6             0

Placing general clusters...
Number of blocks to be placed: 168
Max distance on device: 28
---- ---------- ---------- -------------
Pass Max Displ. Num Blocks Num Blocks   
     Threshold  Placed     Left Unplaced
---- ---------- ---------- -------------
   0          0        159             9
   1          1          2             7
   2          2          1             6
   3          4          1             5
   4          8          4             1
   5         16          1             0

### Initial Placement took 0.00 seconds (max_rss 100.3 MiB, delta_rss +0.0 MiB)
Flat Placement Reconstruction Info:
	Percent of clusters with reconstruction errors: 0.537634
	Total displacement of initial placement from flat placement: 1508.000000
	Average atom displacement of initial placement from flat placement: 0.605379
	Max atom displacement of initial placement from flat placement: 11.000000
	Percent of atoms misplaced from the flat placement: 18.867924
## AP Full Legalizer took 2.59 seconds (max_rss 100.3 MiB, delta_rss +52.0 MiB)

Resource usage...
	Netlist
		74	blocks of type: io
	Architecture
		384	blocks of type: io
	Netlist
		112	blocks of type: clb
	Architecture
		120	blocks of type: clb
	Netlist
		0	blocks of type: dsp_top
	Architecture
		3	blocks of type: dsp_top
	Netlist
		0	blocks of type: memory
	Architecture
		6	blocks of type: memory

Device Utilization: 0.62 (target 1.00)
	Physical Tile io:
	Block Utilization: 0.19 Logical Block: io
	Physical Tile clb:
	Block Utilization: 0.93 Logical Block: clb
	Physical Tile dsp_top:
	Block Utilization: 0.00 Logical Block: dsp_top
	Physical Tile memory:
	Block Utilization: 0.00 Logical Block: memory

## Computing placement delta delay look-up
RR graph channel widths unchanged, skipping RR graph rebuild
Serial Connection Router is being destroyed. Time spent on path search: 0.000 seconds.
## Computing placement delta delay look-up took 0.00 seconds (max_rss 100.5 MiB, delta_rss +0.0 MiB)
Using simple RL 'Softmax agent' for choosing move and block types

Completed placement consistency check successfully.
Initial placement cost: 1 bb_cost: 100.873 td_cost: 6.69399e-07
Initial placement BB estimate of wirelength: 11072.9
Initial placement estimated Critical Path Delay (CPD): 10.4694 ns
Initial placement estimated setup Total Negative Slack (sTNS): -3005.02 ns
Initial placement estimated setup Worst Negative Slack (sWNS): -10.4694 ns

Initial placement estimated setup slack histogram:
[   -1e-08: -9.5e-09)  19 (  2.0%) |*
[ -9.5e-09: -8.5e-09)  13 (  1.4%) |*
[ -8.5e-09: -7.5e-09)   0 (  0.0%) |
[ -7.5e-09: -6.6e-09)   0 (  0.0%) |
[ -6.6e-09: -5.6e-09)   0 (  0.0%) |
[ -5.6e-09: -4.6e-09)  11 (  1.2%) |*
[ -4.6e-09: -3.6e-09) 117 ( 12.6%) |*********
[ -3.6e-09: -2.7e-09) 632 ( 68.0%) |***********************************************
[ -2.7e-09: -1.7e-09)  87 (  9.4%) |******
[ -1.7e-09:   -7e-10)  50 (  5.4%) |****
Placement contains 9 placement macros involving 18 blocks (average macro size 2.000000)

Moves per temperature: 530
## AP Detailed Placer

---- ------ ------- ------- ---------- ---------- ------- ---------- -------- ------- ------- ------ -------- --------- ------
Tnum  Time     T    AvCost  Av BB Cost Av TD Cost   CPD      sTNS      sWNS   AcRate  StdDev  R lim  CritExp  TotMoves  Alpha 
     (sec)                                          (ns)     (ns)      (ns)                                                   
---- ------ ------- ------- ---------- ---------- ------- ---------- -------- ------- ------- ------ -------- --------- ------
   1    0.0 3.1e-03   0.993      93.93 6.4188e-07  10.129  -2.87e+03  -10.129   0.685  0.0071   13.0     1.00        530  1.000
   2    0.0 2.9e-03   1.027     100.26 6.488e-07   10.419  -3.22e+03  -10.419   0.694  0.0119   13.0     1.00       1060  0.950
   3    0.0 2.8e-03   0.999     100.44 6.4702e-07  10.303  -3.04e+03  -10.303   0.683  0.0055   13.0     1.00       1590  0.950
   4    0.0 2.7e-03   0.980     100.02 6.653e-07   10.066  -3.18e+03  -10.066   0.643  0.0085   13.0     1.00       2120  0.950
   5    0.0 2.5e-03   1.005      99.65 6.5973e-07  10.329  -3.21e+03  -10.329   0.645  0.0110   13.0     1.00       2650  0.950
   6    0.0 2.4e-03   0.995      96.73 6.2659e-07  10.441   -3.1e+03  -10.441   0.608  0.0090   13.0     1.00       3180  0.950
   7    0.0 2.3e-03   0.998      96.85 6.377e-07   10.464  -3.19e+03  -10.464   0.625  0.0061   13.0     1.00       3710  0.950
   8    0.0 2.2e-03   0.991      95.01 6.36e-07    10.533  -3.24e+03  -10.533   0.642  0.0101   13.0     1.00       4240  0.950
   9    0.0 2.1e-03   0.991      92.17 6.3263e-07  10.085  -3.02e+03  -10.085   0.591  0.0120   13.0     1.00       4770  0.950
  10    0.0 1.9e-03   0.986      94.33 6.1929e-07  10.439  -3.04e+03  -10.439   0.579  0.0082   13.0     1.00       5300  0.950
  11    0.0 1.9e-03   1.013      93.84 6.5266e-07  10.049  -3.26e+03  -10.049   0.575  0.0063   13.0     1.00       5830  0.950
  12    0.0 1.8e-03   0.991      92.90 6.4163e-07  10.093  -3.21e+03  -10.093   0.568  0.0075   13.0     1.00       6360  0.950
  13    0.0 1.7e-03   0.995      90.57 6.3726e-07  10.065  -3.17e+03  -10.065   0.526  0.0035   13.0     1.00       6890  0.950
  14    0.0 1.6e-03   0.994      90.27 5.9951e-07  10.995  -3.24e+03  -10.995   0.577  0.0040   13.0     1.00       7420  0.950
  15    0.0 1.5e-03   0.981      86.53 6.2068e-07  10.198  -3.06e+03  -10.198   0.525  0.0075   13.0     1.00       7950  0.950
  16    0.0 1.4e-03   1.004      85.24 6.2022e-07  10.076  -3.13e+03  -10.076   0.492  0.0038   13.0     1.00       8480  0.950
  17    0.0 1.4e-03   1.001      86.65 6.2101e-07  10.088  -3.12e+03  -10.088   0.530  0.0039   13.0     1.00       9010  0.950
  18    0.0 1.3e-03   0.998      86.11 6.0484e-07  10.384  -3.09e+03  -10.384   0.485  0.0036   13.0     1.00       9540  0.950
  19    0.0 1.2e-03   1.002      86.35 6.2094e-07  10.069  -3.08e+03  -10.069   0.511  0.0042   13.0     1.00      10070  0.950
  20    0.0 1.2e-03   1.000      86.65 6.1869e-07  10.232  -3.17e+03  -10.232   0.526  0.0046   13.0     1.00      10600  0.950
  21    0.0 1.1e-03   0.997      84.77 5.9874e-07  10.274  -3.03e+03  -10.274   0.509  0.0034   13.0     1.00      11130  0.950
  22    0.0 1.1e-03   0.990      83.79 6.0711e-07  10.238  -3.13e+03  -10.238   0.477  0.0045   13.0     1.00      11660  0.950
  23    0.0 1.0e-03   0.998      82.72 6.0506e-07  10.181  -3.12e+03  -10.181   0.485  0.0028   13.0     1.00      12190  0.950
  24    0.0 9.5e-04   0.993      82.88 6.0969e-07  10.155  -3.17e+03  -10.155   0.464  0.0022   13.0     1.00      12720  0.950
  25    0.0 9.0e-04   0.994      82.60 6.1505e-07  10.053  -3.11e+03  -10.053   0.451  0.0045   13.0     1.00      13250  0.950
  26    0.0 8.6e-04   0.989      81.62 6.0682e-07   9.966  -3.06e+03   -9.966   0.472  0.0064   13.0     1.00      13780  0.950
  27    0.0 8.1e-04   0.996      81.43 6.2283e-07   9.591  -3.07e+03   -9.591   0.447  0.0020   13.0     1.00      14310  0.950
  28    0.0 7.7e-04   0.994      81.56 6.1957e-07   9.627  -3.05e+03   -9.627   0.442  0.0040   13.0     1.00      14840  0.950
  29    0.0 7.4e-04   1.003      81.61 6.1189e-07   9.769  -2.97e+03   -9.769   0.453  0.0025   13.0     1.00      15370  0.950
  30    0.0 7.0e-04   0.993      81.79 6.1119e-07   9.769  -2.98e+03   -9.769   0.389  0.0033   13.0     1.00      15900  0.950
  31    0.0 6.6e-04   1.002      81.22 4.4139e-07   9.582  -2.94e+03   -9.582   0.447  0.0023   12.3     1.39      16430  0.950
  32    0.0 6.3e-04   0.996      81.04 4.4431e-07  10.066  -3.01e+03  -10.066   0.449  0.0023   12.4     1.34      16960  0.950
  33    0.0 6.0e-04   0.997      80.02 4.7179e-07   9.881  -2.97e+03   -9.881   0.421  0.0046   12.5     1.27      17490  0.950
  34    0.0 5.7e-04   0.999      79.90 4.1419e-07  10.110  -3.08e+03  -10.110   0.387  0.0044   12.3     1.41      18020  0.950
  35    0.0 5.4e-04   0.995      78.54 3.1671e-07  10.110  -3.16e+03  -10.110   0.357  0.0050   11.6     1.79      18550  0.950
  36    0.0 5.1e-04   1.001      78.10 2.4615e-07   9.614  -3.13e+03   -9.614   0.357  0.0012   10.7     2.36      19080  0.950
  37    0.0 4.9e-04   0.996      77.55 1.991e-07    9.783  -3.18e+03   -9.783   0.392  0.0037    9.8     2.88      19610  0.950
  38    0.0 4.6e-04   1.002      77.20 1.7682e-07  10.202  -3.14e+03  -10.202   0.358  0.0015    9.3     3.15      20140  0.950
  39    0.0 4.4e-04   1.001      77.45 1.6064e-07  10.110  -3.02e+03  -10.110   0.391  0.0021    8.6     3.59      20670  0.950
  40    0.0 4.2e-04   0.994      76.81 1.5503e-07   9.953   -3.1e+03   -9.953   0.360  0.0028    8.1     3.84      21200  0.950
  41    0.0 4.0e-04   0.996      76.60 1.5201e-07   9.671  -3.12e+03   -9.671   0.334  0.0021    7.5     4.22      21730  0.950
  42    0.0 3.8e-04   0.996      76.16 1.3811e-07   9.937  -3.16e+03   -9.937   0.296  0.0021    6.7     4.68      22260  0.950
  43    0.0 3.6e-04   1.003      76.42 1.2999e-07   9.953  -3.15e+03   -9.953   0.291  0.0009    5.7     5.24      22790  0.950
  44    0.0 3.4e-04   0.996      76.25 1.2779e-07   9.713  -3.14e+03   -9.713   0.330  0.0035    4.9     5.74      23320  0.950
  45    0.0 3.2e-04   0.996      75.96 1.2778e-07   9.314  -3.04e+03   -9.314   0.336  0.0018    4.3     6.05      23850  0.950
  46    0.0 3.1e-04   1.000      75.71 1.2349e-07   9.326  -3.04e+03   -9.326   0.308  0.0008    3.9     6.32      24380  0.950
  47    0.0 2.9e-04   0.995      75.35 1.242e-07    9.220  -3.03e+03   -9.220   0.268  0.0015    3.4     6.62      24910  0.950
  48    0.0 2.8e-04   0.995      74.20 1.2219e-07   9.220  -3.06e+03   -9.220   0.300  0.0034    2.8     6.96      25440  0.950
  49    0.0 2.6e-04   1.001      73.36 1.2149e-07   9.210  -3.03e+03   -9.210   0.270  0.0009    2.4     7.18      25970  0.950
  50    0.0 2.5e-04   0.996      72.97 1.1939e-07   9.252  -3.03e+03   -9.252   0.340  0.0024    2.0     7.42      26500  0.950
  51    0.0 2.4e-04   0.998      72.45 1.1808e-07   9.348  -3.03e+03   -9.348   0.311  0.0008    1.8     7.54      27030  0.950
  52    0.0 2.3e-04   0.999      72.21 1.178e-07    9.348  -3.04e+03   -9.348   0.326  0.0011    1.6     7.67      27560  0.950
  53    0.0 2.1e-04   0.995      71.47 1.1797e-07   9.260  -3.02e+03   -9.260   0.321  0.0016    1.4     7.78      28090  0.950
  54    0.0 2.0e-04   0.999      71.06 1.1563e-07   9.378  -3.05e+03   -9.378   0.275  0.0008    1.2     7.87      28620  0.950
  55    0.0 1.9e-04   0.998      70.87 1.1655e-07   9.287  -3.04e+03   -9.287   0.245  0.0006    1.0     7.99      29150  0.950
  56    0.0 1.8e-04   1.000      70.90 1.1544e-07   9.348  -3.04e+03   -9.348   0.234  0.0006    1.0     8.00      29680  0.950
  57    0.0 1.7e-04   1.003      71.32 1.1545e-07   9.348  -3.05e+03   -9.348   0.279  0.0017    1.0     8.00      30210  0.950
  58    0.0 1.7e-04   0.997      71.20 1.161e-07    9.265  -3.03e+03   -9.265   0.300  0.0019    1.0     8.00      30740  0.950
  59    0.0 1.6e-04   1.000      70.92 1.1382e-07   9.358  -3.02e+03   -9.358   0.251  0.0006    1.0     8.00      31270  0.950
  60    0.0 1.5e-04   0.999      70.94 1.1375e-07   9.358  -3.04e+03   -9.358   0.283  0.0006    1.0     8.00      31800  0.950
  61    0.0 1.4e-04   0.998      70.73 1.1522e-07   9.348  -3.04e+03   -9.348   0.245  0.0017    1.0     8.00      32330  0.950
  62    0.0 1.4e-04   1.000      70.47 1.1583e-07   9.287  -3.02e+03   -9.287   0.236  0.0006    1.0     8.00      32860  0.950
  63    0.0 1.3e-04   0.999      70.40 1.1591e-07   9.287  -3.02e+03   -9.287   0.211  0.0008    1.0     8.00      33390  0.950
  64    0.0 1.2e-04   1.001      70.42 1.159e-07    9.287  -3.03e+03   -9.287   0.200  0.0005    1.0     8.00      33920  0.950
  65    0.0 1.2e-04   1.000      70.53 1.1589e-07   9.287  -3.02e+03   -9.287   0.245  0.0005    1.0     8.00      34450  0.950
  66    0.0 1.1e-04   0.999      70.30 1.1581e-07   9.287  -3.02e+03   -9.287   0.243  0.0011    1.0     8.00      34980  0.950
  67    0.0 1.0e-04   1.000      70.04 1.1595e-07   9.287  -3.01e+03   -9.287   0.151  0.0002    1.0     8.00      35510  0.950
  68    0.0 9.9e-05   1.000      70.06 1.1595e-07   9.287  -3.02e+03   -9.287   0.147  0.0003    1.0     8.00      36040  0.950
Agent's 2nd state: 
  69    0.0 8.0e-05   1.000      69.97 1.1364e-07   9.358  -3.03e+03   -9.358   0.108  0.0001    1.0     8.00      36570  0.800
Checkpoint saved: bb_costs=69.9432, TD costs=1.13661e-07, CPD=  9.358 (ns) 
  70    0.0 6.4e-05   0.999      69.82 1.1363e-07   9.358  -3.03e+03   -9.358   0.113  0.0005    1.0     8.00      37100  0.800
Checkpoint saved: bb_costs=69.8009, TD costs=1.16079e-07, CPD=  9.287 (ns) 
  71    0.0 5.1e-05   1.000      69.77 1.1606e-07   9.287  -3.04e+03   -9.287   0.085  0.0003    1.0     8.00      37630  0.800
  72    0.0 4.1e-05   1.000      69.63 1.1608e-07   9.287  -3.02e+03   -9.287   0.064  0.0002    1.0     8.00      38160  0.800
  73    0.0 3.3e-05   1.000      69.57 1.1607e-07   9.287  -3.02e+03   -9.287   0.060  0.0002    1.0     8.00      38690  0.800
  74    0.0 2.6e-05   1.000      69.55 1.1609e-07   9.287  -3.02e+03   -9.287   0.036  0.0001    1.0     8.00      39220  0.800
  75    0.0 2.1e-05   1.000      69.52 1.1609e-07   9.287  -3.02e+03   -9.287   0.057  0.0001    1.0     8.00      39750  0.800
  76    0.0 1.7e-05   1.000      69.52 1.1608e-07   9.287  -3.02e+03   -9.287   0.042  0.0001    1.0     8.00      40280  0.800
  77    0.0 1.3e-05   1.000      69.51 1.1607e-07   9.287  -3.02e+03   -9.287   0.026  0.0000    1.0     8.00      40810  0.800
  78    0.0 1.1e-05   1.000      69.52 1.1602e-07   9.287  -3.02e+03   -9.287   0.028  0.0000    1.0     8.00      41340  0.800
  79    0.0 8.5e-06   1.000      69.49 1.1599e-07   9.287  -3.02e+03   -9.287   0.049  0.0001    1.0     8.00      41870  0.800
  80    0.0 6.8e-06   1.000      69.45 1.1605e-07   9.287  -3.02e+03   -9.287   0.042  0.0002    1.0     8.00      42400  0.800
  81    0.0 5.5e-06   1.000      69.37 1.1611e-07   9.287  -3.02e+03   -9.287   0.036  0.0001    1.0     8.00      42930  0.800
  82    0.0 0.0e+00   1.000      69.36 1.1609e-07   9.287  -3.02e+03   -9.287   0.025  0.0000    1.0     8.00      43460  0.800
### Placement Quench took 0.01 seconds (max_rss 103.2 MiB)
post-quench CPD = 9.28735 (ns) 

Completed placement consistency check successfully.

Swaps called: 43646

Aborted Move Reasons:
  duplicate block move to location: 6
  macro_from swap to location illegal: 270

BB estimate of min-dist (placement) wire length: 7597

Placement estimated critical path delay (least slack): 9.28735 ns, Fmax: 107.673 MHz
Placement estimated critical path skew: -0.04243 ns
Placement estimated setup Worst Negative Slack (sWNS): -9.28735 ns
Placement estimated setup Total Negative Slack (sTNS): -3020.68 ns
Placement estimated setup Worst Skew (sWS): -0.04243 ns

Placement estimated setup slack histogram:
[ -9.3e-09: -8.4e-09)  15 (  1.6%) |*
[ -8.4e-09: -7.6e-09)  17 (  1.8%) |**
[ -7.6e-09: -6.7e-09)   0 (  0.0%) |
[ -6.7e-09: -5.9e-09)   0 (  0.0%) |
[ -5.9e-09:   -5e-09)   0 (  0.0%) |
[   -5e-09: -4.1e-09)  34 (  3.7%) |***
[ -4.1e-09: -3.3e-09) 284 ( 30.6%) |****************************
[ -3.3e-09: -2.4e-09) 484 ( 52.1%) |***********************************************
[ -2.4e-09: -1.6e-09)  45 (  4.8%) |****
[ -1.6e-09:   -7e-10)  50 (  5.4%) |*****

Placement estimated geomean non-virtual intra-domain period: 9.28735 ns (107.673 MHz)
Placement estimated fanout-weighted geomean non-virtual intra-domain period: 9.28735 ns (107.673 MHz)

Placement cost: 0.999897, bb_cost: 69.3566, td_cost: 1.16075e-07, 

Placement resource usage:
  io  implemented as io : 74
  clb implemented as clb: 112

Placement number of temperatures: 82
Placement total # of swap attempts: 43646
	Swaps accepted: 15201 (34.8 %)
	Swaps rejected: 27913 (64.0 %)
	Swaps aborted:   532 ( 1.2 %)


Placement perturbation distribution by block and move type: 
------------------ ----------------- ---------------- ---------------- --------------- ------------ 
    Block Type         Move Type       (%) of Total      Accepted(%)     Rejected(%)    Aborted(%)
------------------ ----------------- ---------------- ---------------- --------------- ------------ 
io                 Uniform                9.43             60.60           39.40          0.00         
                   Median                 8.91             60.22           34.62          5.17         
                   Centroid               8.73             64.32           35.65          0.03         
                   W. Centroid            9.30             65.88           34.12          0.00         
                   W. Median              0.91             13.38           79.29          7.32         

clb                Uniform                14.99            15.64           83.20          1.16         
                   Median                 14.17            25.86           72.69          1.46         
                   Centroid               13.48            21.18           77.77          1.05         
                   W. Centroid            14.26            20.87           78.10          1.03         
                   W. Median              1.34             1.70            96.76          1.53         
                   Crit. Uniform          2.09             0.66            99.34          0.00         
                   Feasible Region        2.38             0.29            99.71          0.00         


Placement Quench timing analysis took 0.00369009 seconds (0.00334155 STA, 0.000348542 slack) (1 full updates: 1 setup, 0 hold, 0 combined).
Placement Total  timing analysis took 0.345799 seconds (0.310633 STA, 0.0351657 slack) (84 full updates: 84 setup, 0 hold, 0 combined).
update_td_costs: connections 0.0016729 nets 0 sum_nets 0.00118346 total 0.00292109
## AP Detailed Placer took 0.78 seconds (max_rss 103.5 MiB, delta_rss +0.3 MiB)
Incr Slack updates 84 in 0.00975372 sec
Full Max Req/Worst Slack updates 35 in 0.000937769 sec
Incr Max Req/Worst Slack updates 49 in 0.00166761 sec
Incr Criticality updates 25 in 0.00573472 sec
Full Criticality updates 59 in 0.0140759 sec
Incr Slack updates 1 in 9.5778e-05 sec
Full Max Req/Worst Slack updates 1 in 3.5354e-05 sec
Incr Max Req/Worst Slack updates 0 in 0 sec
Incr Criticality updates 0 in 0 sec
Full Criticality updates 1 in 0.000256245 sec
# Analytical Placement took 3.82 seconds (max_rss 103.5 MiB, delta_rss +71.9 MiB)


# Routing
RR graph channel widths unchanged, skipping RR graph rebuild
## Initializing router criticalities
Initial Net Connection Criticality Histogram:
[        0:      0.1) 222 (  7.7%) |*************
[      0.1:      0.2) 808 ( 28.0%) |***********************************************
[      0.2:      0.3) 524 ( 18.2%) |******************************
[      0.3:      0.4) 741 ( 25.7%) |*******************************************
[      0.4:      0.5) 191 (  6.6%) |***********
[      0.5:      0.6)  53 (  1.8%) |***
[      0.6:      0.7)  56 (  1.9%) |***
[      0.7:      0.8)  33 (  1.1%) |**
[      0.8:      0.9)  36 (  1.2%) |**
[      0.9:        1) 219 (  7.6%) |*************
## Initializing router criticalities took 0.05 seconds (max_rss 104.1 MiB, delta_rss +0.3 MiB)
---- ------ ------- ---- ------- ------- ------- ----------------- --------------- -------- ---------- ---------- ---------- ---------- --------
Iter   Time    pres  BBs    Heap  Re-Rtd  Re-Rtd Overused RR Nodes      Wirelength      CPD       sTNS       sWNS       hTNS       hWNS Est Succ
      (sec)     fac Updt    push    Nets   Conns                                       (ns)       (ns)       (ns)       (ns)       (ns)     Iter
---- ------ ------- ---- ------- ------- ------- ----------------- --------------- -------- ---------- ---------- ---------- ---------- --------
   1    0.0     0.0    0  111493    1041    2751    1048 ( 3.098%)   11966 (34.9%)    8.738     -3143.     -8.738      0.000      0.000      N/A
   2    0.0     0.5    0   95514     771    2173     697 ( 2.060%)   11931 (34.8%)    8.738     -3157.     -8.738      0.000      0.000      N/A
   3    0.0     0.6    0   79536     610    1601     588 ( 1.738%)   12147 (35.4%)    8.738     -3158.     -8.738      0.000      0.000      N/A
   4    0.0     0.8    0   75668     548    1438     513 ( 1.516%)   12386 (36.1%)    8.738     -3202.     -8.738      0.000      0.000      N/A
   5    0.0     1.1    0   66539     470    1180     358 ( 1.058%)   12517 (36.5%)    8.738     -3294.     -8.738      0.000      0.000      N/A
   6    0.0     1.4    0   58449     401    1021     300 ( 0.887%)   12687 (37.0%)    8.738     -3210.     -8.738      0.000      0.000      N/A
   7    0.0     1.9    0   50141     318     823     240 ( 0.709%)   12764 (37.2%)    8.823     -3267.     -8.823      0.000      0.000      N/A
   8    0.0     2.4    0   37817     259     606     169 ( 0.500%)   13032 (38.0%)    8.856     -3291.     -8.856      0.000      0.000      N/A
   9    0.0     3.1    0   28356     215     438     126 ( 0.372%)   13158 (38.3%)    8.910     -3270.     -8.910      0.000      0.000       27
  10    0.0     4.1    0   33713     186     540     111 ( 0.328%)   13341 (38.9%)    8.856     -3366.     -8.856      0.000      0.000       28
  11    0.0     5.3    0   22086     133     274      76 ( 0.225%)   13522 (39.4%)    8.920     -3296.     -8.920      0.000      0.000       27
  12    0.0     6.9    0   16826     115     225      48 ( 0.142%)   13667 (39.8%)    8.920     -3298.     -8.920      0.000      0.000       25
  13    0.0     9.0    0   13725      86     162      36 ( 0.106%)   13771 (40.1%)    9.128     -3304.     -9.128      0.000      0.000       25
  14    0.0    11.6    0   10616      66     119      24 ( 0.071%)   13845 (40.3%)    9.326     -3310.     -9.326      0.000      0.000       24
  15    0.0    15.1    0    8739      55     108      14 ( 0.041%)   13895 (40.5%)    9.326     -3314.     -9.326      0.000      0.000       23
  16    0.0    19.7    0    5819      47      83      15 ( 0.044%)   13887 (40.5%)    9.326     -3314.     -9.326      0.000      0.000       23
  17    0.0    25.6    0    5020      44      79      14 ( 0.041%)   13926 (40.6%)    9.326     -3314.     -9.326      0.000      0.000       24
  18    0.0    33.3    0    5259      42      75      12 ( 0.035%)   13971 (40.7%)    9.735     -3318.     -9.735      0.000      0.000       26
  19    0.0    43.3    0    9039      45      82       7 ( 0.021%)   14049 (40.9%)    9.534     -3320.     -9.534      0.000      0.000       26
  20    0.0    56.2    0    4395      38      68       5 ( 0.015%)   14060 (41.0%)    9.742     -3321.     -9.742      0.000      0.000       26
  21    0.0    73.1    0    4688      35      63       2 ( 0.006%)   14077 (41.0%)    9.876     -3324.     -9.876      0.000      0.000       25
  22    0.0    95.0    0    3638      33      61       2 ( 0.006%)   14066 (41.0%)    9.742     -3325.     -9.742      0.000      0.000       25
  23    0.0   123.5    0    3618      32      60       2 ( 0.006%)   14059 (41.0%)    9.534     -3318.     -9.534      0.000      0.000       25
  24    0.0   160.6    0    3859      32      59       1 ( 0.003%)   14086 (41.0%)   10.055     -3327.    -10.055      0.000      0.000       25
  25    0.0   208.8    0    3157      33      61       0 ( 0.000%)   14081 (41.0%)    9.950     -3330.     -9.950      0.000      0.000      N/A
Restoring best routing
Critical path: 9.94969 ns
Successfully routed after 25 routing iterations.
Final Net Connection Criticality Histogram:
[        0:      0.1) 369 ( 12.8%) |*************************
[      0.1:      0.2) 662 ( 23.0%) |********************************************
[      0.2:      0.3) 619 ( 21.5%) |*****************************************
[      0.3:      0.4) 707 ( 24.5%) |***********************************************
[      0.4:      0.5) 155 (  5.4%) |**********
[      0.5:      0.6)  42 (  1.5%) |***
[      0.6:      0.7)  53 (  1.8%) |****
[      0.7:      0.8)  33 (  1.1%) |**
[      0.8:      0.9)  82 (  2.8%) |*****
[      0.9:        1) 161 (  5.6%) |***********
Router Stats: total_nets_routed: 5655 total_connections_routed: 14150 total_heap_pushes: 757710 total_heap_pops: 197048 
Serial Connection Router is being destroyed. Time spent on path search: 0.083 seconds.
# Routing took 0.40 seconds (max_rss 105.9 MiB, delta_rss +2.3 MiB)

Checking to ensure routing is legal...
# Checking to ensure non-configurable edges are legal
# Checking to ensure non-configurable edges are legal took 0.00 seconds (max_rss 105.9 MiB, delta_rss +0.0 MiB)
Completed routing consistency check successfully.

Serial number (magic cookie) for the routing is: -149365631
Circuit successfully routed with a channel width factor of 110.
Incr Slack updates 26 in 0.0025159 sec
Full Max Req/Worst Slack updates 8 in 0.000219107 sec
Incr Max Req/Worst Slack updates 18 in 0.00063101 sec
Incr Criticality updates 9 in 0.00201361 sec
Full Criticality updates 17 in 0.00434878 sec
# Synchronize the packed netlist to routing optimization
## Annotating rr_node with routed nets
## Annotating rr_node with routed nets took 0.00 seconds (max_rss 105.9 MiB, delta_rss +0.0 MiB)
Found 3948 mismatches between routing and packing results.
Fixed 2562 routing traces due to mismatch between routing and packing results.
# Synchronize the packed netlist to routing optimization took 0.03 seconds (max_rss 105.9 MiB, delta_rss +0.0 MiB)
Final Clustering Statistics: 
----------   --------   ------------------------------------   --------------------------
Block Type   # Blocks   Avg. # of input clocks and pins used   Avg. # of output pins used
----------   --------   ------------------------------------   --------------------------
     EMPTY          0                                      0                            0   
        io         74                               0.486486                     0.513514   
       clb        112                                25.4196                      8.98214   
   dsp_top          0                                      0                            0   
    memory          0                                      0                            0   
Absorbed logical nets 1698 out of 2742 nets, 1044 nets not absorbed.


Average number of bends per net: 1.52065  Maximum # of bends: 31

Number of global nets: 3
Number of routed nets (nonglobal): 1041
Wire length results (in units of 1 clb segments)...
	Total wirelength: 14081, average net length: 13.5264
	Maximum net length: 379

Wire length results in terms of physical segments...
	Total wiring segments used: 3850, average wire segments per net: 3.69837
	Maximum segments used by a net: 108
	Total local nets with reserved CLB opins: 0
Total number of nets absorbed: 9

Routing channel utilization histogram:
[        1:      inf)  0 (  0.0%) |
[      0.9:        1)  0 (  0.0%) |
[      0.8:      0.9)  0 (  0.0%) |
[      0.7:      0.8) 57 ( 16.9%) |************************************************
[      0.5:      0.6) 47 ( 13.9%) |****************************************
[      0.4:      0.5) 49 ( 14.5%) |*****************************************
[      0.3:      0.4) 57 ( 16.9%) |************************************************
[      0.2:      0.3) 55 ( 16.3%) |**********************************************
[      0.1:      0.2) 39 ( 11.5%) |*********************************
[        0:      0.1) 34 ( 10.1%) |*****************************
Maximum routing channel utilization:      0.76 at (8,0)

X - Directed channels: layer   y   max occ   ave occ   ave cap
                        ----- ---- -------- -------- --------
                            0    0       84   60.583      110
                            0    1       78   53.000      110
                            0    2       80   60.917      110
                            0    3       83   66.250      110
                            0    4       73   60.500      110
                            0    5       73   58.833      110
                            0    6       68   53.417      110
                            0    7       60   44.083      110
                            0    8       50   36.833      110
                            0    9       50   36.417      110
                            0   10       38   28.000      110
                            0   11       25   19.583      110
                            0   12       43   30.500      110
Y - Directed channels: layer   x   max occ   ave occ   ave cap
                        ----- ---- -------- -------- --------
                            0    0       40   25.500      110
                            0    1       41   24.500      110
                            0    2       52   31.167      110
                            0    3       77   53.833      110
                            0    4       81   54.500      110
                            0    5       63   43.083      110
                            0    6       68   43.833      110
                            0    7       70   54.917      110
                            0    8       73   51.083      110
                            0    9       81   59.333      110
                            0   10       70   51.083      110
                            0   11       57   39.083      110
                            0   12       51   32.583      110

Total existing wires segments: CHANX     17160, CHANY     17160, CHANZ         0, ALL     34320
Total used wires segments:     CHANX      7307, CHANY      6774, CHANZ         0, ALL     14081
Usage percentage:              CHANX     42.6%, CHANY     39.5%, CHANZ      0.0%, ALL     41.0%

Logic area (in minimum width transistor areas, excludes I/Os and empty grid tiles)...
	Total logic block area (Warning, need to add pitch of routing to blocks with height > 3): 4.93594e+06
	Total used logic block area: 3.12536e+06

Routing area (in minimum width transistor areas)...
	Total routing area: 1.57405e+06, per logic tile: 8030.86

Total Number of Wiring Segments by Direction: direction length number
                                              --------- ------ -------
                                                      X      4   4680
                                                      Y      4   4680
                                                      X     16    294
                                                      Y     16    294

X - Directed Wiring Segment usage by length: length utilization
                                             ------ -----------
                                             4       0.414
                                            16      0.0884

Y - Directed Wiring Segment usage by length: length utilization
                                             ------ -----------
                                             4       0.401
                                            16      0.0306

Segment occupancy by length: Length Occupancy Capacity Utilization
                             ------ --------- -------- -----------
                             L4          3815     9360       0.408
                             L16           35      588      0.0595

Segment occupancy by type: name type utilization
                           ---- ---- -----------
                             L4    0       0.408
                            L16    1      0.0595

Final hold Worst Negative Slack (hWNS): 0 ns
Final hold Total Negative Slack (hTNS): 0 ns
Final hold Worst Skew (hWS): 0 ns

Final hold slack histogram:
[  1.9e-10:    4e-10) 830 ( 89.3%) |***********************************************
[    4e-10:  6.1e-10)  28 (  3.0%) |**
[  6.1e-10:  8.2e-10)  31 (  3.3%) |**
[  8.2e-10:    1e-09)  21 (  2.3%) |*
[    1e-09:  1.2e-09)   9 (  1.0%) |*
[  1.2e-09:  1.4e-09)   7 (  0.8%) |
[  1.4e-09:  1.6e-09)   1 (  0.1%) |
[  1.6e-09:  1.9e-09)   0 (  0.0%) |
[  1.9e-09:  2.1e-09)   0 (  0.0%) |
[  2.1e-09:  2.3e-09)   2 (  0.2%) |

Final critical path delay (least slack): 9.94969 ns, Fmax: 100.506 MHz
Final critical path skew: -0.04243 ns
Final setup Worst Negative Slack (sWNS): -9.94969 ns
Final setup Total Negative Slack (sTNS): -3330.34 ns
Final setup Worst Skew (sWS): -0.04243 ns

Final setup slack histogram:
[ -9.9e-09:   -9e-09)  25 (  2.7%) |***
[   -9e-09: -8.1e-09)   7 (  0.8%) |*
[ -8.1e-09: -7.1e-09)   0 (  0.0%) |
[ -7.1e-09: -6.2e-09)   0 (  0.0%) |
[ -6.2e-09: -5.2e-09)   0 (  0.0%) |
[ -5.2e-09: -4.3e-09)  68 (  7.3%) |********
[ -4.3e-09: -3.3e-09) 419 ( 45.1%) |***********************************************
[ -3.3e-09: -2.4e-09) 343 ( 36.9%) |**************************************
[ -2.4e-09: -1.4e-09)  30 (  3.2%) |***
[ -1.4e-09: -4.9e-10)  37 (  4.0%) |****

Final geomean non-virtual intra-domain period: 9.94969 ns (100.506 MHz)
Final fanout-weighted geomean non-virtual intra-domain period: 9.94969 ns (100.506 MHz)

Incr Slack updates 1 in 9.4409e-05 sec
Full Max Req/Worst Slack updates 1 in 2.7279e-05 sec
Incr Max Req/Worst Slack updates 0 in 0 sec
Incr Criticality updates 0 in 0 sec
Full Criticality updates 1 in 0.000256854 sec
Flow timing analysis took 0.793761 seconds (0.735173 STA, 0.0585882 slack) (112 full updates: 85 setup, 0 hold, 27 combined).
VPR succeeded
The entire flow of VPR took 4.64 seconds (max_rss 105.9 MiB)

