VPR FPGA Placement and Routing.
Version: 9.0.0-dev+v8.0.0-18248-g40f8d19708
Revision: v8.0.0-18248-g40f8d19708
Compiled: 2026-09-22T03:43:48
Compiler: GNU 13.3.0 on Linux-5.15.0-119-generic x86_64
Build Info: release IPO VTR_ASSERT_LEVEL=2

University of Toronto
verilogtorouting.org
vtr-users@googlegroups.com
This is free open source code under MIT license.

VPR was run with the following command-line:
/inspire/hdd/project/project-public/changshunjie-253114010247/changshunjie-253114010247/workspace/DAC2027/vtr/vtr-verilog-to-routing/vpr/vpr /inspire/hdd/project/project-public/changshunjie-253114010247/changshunjie-253114010247/workspace/DAC2027/vtr/vtr-verilog-to-routing/vtr_flow/arch/COFFE_22nm/k6FracN10LB_mem20K_complexDSP_customSB_22nm.xml /inspire/hdd/project/project-public/changshunjie-253114010247/changshunjie-253114010247/workspace/DAC2027/TailCompile/experiments/vtr/runs/pilot_v1/sha/full-seed1-w300/sha.pre-vpr.blif --analytical_place --route --analysis --ap_full_legalizer flat-recon --ap_detailed_placer annealer --seed 11 --route_chan_width 90 --write_flat_place /inspire/hdd/project/project-public/changshunjie-253114010247/changshunjie-253114010247/workspace/DAC2027/TailCompile/vtr_work/tailcompile_v3/sha/4x4/gnn_candidate-fp6a38156a-flat-recon-annealer-seed11-w90-devw14/post_route.fplace --write_legalized_flat_place /inspire/hdd/project/project-public/changshunjie-253114010247/changshunjie-253114010247/workspace/DAC2027/TailCompile/vtr_work/tailcompile_v3/sha/4x4/gnn_candidate-fp6a38156a-flat-recon-annealer-seed11-w90-devw14/post_legalizer.fplace --flat_place_verbosity 1 --device_width 14 --net_file /inspire/hdd/project/project-public/changshunjie-253114010247/changshunjie-253114010247/workspace/DAC2027/TailCompile/vtr_work/tailcompile_v3/sha/4x4/gnn_candidate-fp6a38156a-flat-recon-annealer-seed11-w90-devw14/sha.locked-input.net --read_flat_place /inspire/hdd/global_user/changshunjie-253114010247/workspace/DAC2027/TailCompile/experiments/vtr/tailcompile_v3/sha/4x4/pools/bootstrap_24/candidate_20_seed12047.fplace

Using up to 1 parallel worker(s)

Architecture file: /inspire/hdd/project/project-public/changshunjie-253114010247/changshunjie-253114010247/workspace/DAC2027/vtr/vtr-verilog-to-routing/vtr_flow/arch/COFFE_22nm/k6FracN10LB_mem20K_complexDSP_customSB_22nm.xml
Circuit name: sha.pre-vpr

# Loading Architecture Description
# Loading Architecture Description took 0.04 seconds (max_rss 19.0 MiB, delta_rss +0.0 MiB)

Timing analysis: ON
Circuit netlist file: /inspire/hdd/project/project-public/changshunjie-253114010247/changshunjie-253114010247/workspace/DAC2027/TailCompile/vtr_work/tailcompile_v3/sha/4x4/gnn_candidate-fp6a38156a-flat-recon-annealer-seed11-w90-devw14/sha.locked-input.net
Circuit placement file: sha.pre-vpr.place
Circuit routing file: sha.pre-vpr.route
Circuit SDC file: sha.pre-vpr.sdc
Vpr floorplanning constraints file: not specified

Packer: DISABLED
Placer: DISABLED
Analytical Placer: ENABLED
Router: ENABLED
Analysis: ENABLED

VPR was run with the following options:

netlist_opts.absorb_buffer_luts            : true
netlist_opts.sweep_dangling_primary_ios    : true
netlist_opts.sweep_dangling_nets           : true
netlist_opts.sweep_dangling_blocks         : true
netlist_opts.sweep_constant_primary_outputs: false
netlist_opts.netlist_verbosity             : 1
netlist_opts.const_gen_inference           : COMB_SEQ

AnalyticalPlacerOpts.analytical_solver_type: lp-b2b
AnalyticalPlacerOpts.partial_legalizer_type: bipartitioning
AnalyticalPlacerOpts.full_legalizer_type: flat-recon
AnalyticalPlacerOpts.detailed_placer_type: annealer
AnalyticalPlacerOpts.ap_timing_tradeoff: 0.500000
AnalyticalPlacerOpts.ap_high_fanout_threshold: 256
AnalyticalPlacerOpts.log_verbosity: 1
router_opts.route_type: DETAILED
router_opts.flat_routing: false
router_opts.choke_points: on
router_opts.router_algorithm: TIMING_DRIVEN
router_opts.base_cost_type: DELAY_NORMALIZED_LENGTH
router_opts.fixed_channel_width: 90
router_opts.check_route: FULL
router_opts.acc_fac: 1.000000
router_opts.bb_factor: 3
router_opts.bend_cost: 0.000000
router_opts.first_iter_pres_fac: 0.000000
router_opts.initial_pres_fac: 0.500000
router_opts.pres_fac_mult: 1.300000
router_opts.max_pres_fac: 1000.000000
router_opts.max_router_iterations: 50
router_opts.min_incremental_reroute_fanout: 16
router_opts.initial_acc_cost_chan_congestion_threshold: 0.500000
router_opts.initial_acc_cost_chan_congestion_weight: 0.500000
router_opts.do_check_rr_graph: true
router_opts.verify_binary_search: false
router_opts.min_channel_width_hint: 0
router_opts.read_rr_edge_metadata: false
router_opts.exit_after_first_routing_iteration: false
router_opts.astar_fac: 1.200000
router_opts.astar_offset: 0.000000
router_opts.router_profiler_astar_fac: 1.200000
router_opts.enable_parallel_connection_router: false
router_opts.post_target_prune_fac: 1.200000
router_opts.post_target_prune_offset: 0
router_opts.multi_queue_num_threads: 1
router_opts.multi_queue_num_queues: 2
router_opts.multi_queue_direct_draining: false
router_opts.criticality_exp: 1.000000
router_opts.max_criticality: 0.990000
router_opts.init_wirelength_abort_threshold: 0.850000
router_opts.incr_reroute_delay_ripup: AUTO
router_opts.save_routing_per_iteration: false
router_opts.congested_routing_iteration_threshold_frac: 1.000000
router_opts.high_fanout_threshold: 64
router_opts.router_debug_net: -2
router_opts.router_debug_sink_rr: -2
router_opts.router_debug_iteration: -2
router_opts.max_convergence_count: 1
router_opts.reconvergence_cpd_threshold: 0.990000
router_opts.update_lower_bound_delays: true
router_opts.first_iteration_timing_report_file: 
router_opts.route_bb_update: DYNAMIC
router_opts.lookahead_type: MAP
router_opts.initial_timing: LOOKAHEAD
router_opts.router_heap: FOUR_ARY_HEAP
router_opts.routing_failure_predictor = SAFE
router_opts.routing_predictor_min_history: 8
router_opts.routing_budgets_algorithm = DISABLE

analysis_opts.gen_post_synthesis_netlist: false
analysis_opts.gen_post_implementation_merged_netlist: false
analysis_opts.gen_post_implementation_sdc: false
analysis_opts.timing_report_npaths: 100
analysis_opts.timing_report_skew: false
analysis_opts.echo_dot_timing_graph_node: -1
analysis_opts.timing_report_detail: NETLIST
analysis_opts.post_synth_netlist_unconn_input_handling: UNCONNECTED
analysis_opts.post_synth_netlist_unconn_output_handling: UNCONNECTED
analysis_opts.post_synth_netlist_module_parameters: on

# Building complex block graph
# Building complex block graph took 0.10 seconds (max_rss 24.6 MiB, delta_rss +5.7 MiB)
Circuit file: /inspire/hdd/project/project-public/changshunjie-253114010247/changshunjie-253114010247/workspace/DAC2027/TailCompile/experiments/vtr/runs/pilot_v1/sha/full-seed1-w300/sha.pre-vpr.blif
# Load circuit
Found 3 constant generator(s) in the netlist (2 constant-zero, 1 constant-one) (run with --netlist_verbosity 2 to list names)
# Load circuit took 0.02 seconds (max_rss 28.3 MiB, delta_rss +3.7 MiB)
# Clean circuit
Absorbed 0 LUT buffers
Found 22 primitive output pin(s) driven only by constants; marked them as constants
Swept input(s)      : 0
Swept output(s)     : 0 (0 dangling, 0 constant)
Swept net(s)        : 22
Swept block(s)      : 0
Constant Pins Marked: 22
# Clean circuit took 0.00 seconds (max_rss 28.3 MiB, delta_rss +0.0 MiB)
# Compress circuit
# Compress circuit took 0.00 seconds (max_rss 28.3 MiB, delta_rss +0.0 MiB)
# Verify circuit
# Verify circuit took 0.00 seconds (max_rss 28.3 MiB, delta_rss +0.0 MiB)
Circuit Statistics:
  Blocks: 2491
    .input :      38
    .latch :     893
    .names :    1215
        0-LUT:       2
        1-LUT:       1
        2-LUT:      63
        3-LUT:     106
        4-LUT:      88
        5-LUT:     314
        6-LUT:     641
    .output:      36
    adder  :     309
  Nets  : 2742
    Avg Fanout:     3.3
    Max Fanout:   893.0
    Min Fanout:     1.0
  Netlist Clocks: 1
# Build Timing Graph
  Timing Graph Nodes: 11695
  Timing Graph Edges: 18725
  Timing Graph Levels: 84
# Build Timing Graph took 0.01 seconds (max_rss 31.7 MiB, delta_rss +3.1 MiB)
Netlist contains 1 clocks
  Netlist Clock 'clk_i' Fanout: 893 pins (7.6%), 893 blocks (35.8%)
# Load Timing Constraints

SDC file 'sha.pre-vpr.sdc' not found
Setting default timing constraints:
   * constrain all primary inputs and primary outputs on netlist clock 'clk_i'
   * optimize netlist clock to run as fast as possible
Timing constraints created 1 clocks
  Constrained Clock 'clk_i' Source: 'clk_i.inpad[0]'

# Load Timing Constraints took 0.00 seconds (max_rss 31.7 MiB, delta_rss +0.0 MiB)
# Analytical Placement
## Prepacker

There is one chain in this architecture called "chain" with the following starting points:
	clb[0]/lab[0]/fle[0]/ble5[0]/arithmetic[0]/adder[0].cin[0]

## Prepacker took 0.00 seconds (max_rss 32.0 MiB, delta_rss +0.3 MiB)
## Initializing Pre-Cluster Timing
Using inter-cluster delay: 2.1832e-09
## Initializing Pre-Cluster Timing took 0.20 seconds (max_rss 32.6 MiB, delta_rss +0.6 MiB)
## Estimate Device Size
Device layout 'auto' with fixed width 14.
FPGA sized to 14 x 14: 196 grid tiles (auto)
## Estimate Device Size took 0.00 seconds (max_rss 32.6 MiB, delta_rss +0.0 MiB)
## Ram Mapper
Flat Placement is provided, skipping the RAM mapping.
## Ram Mapper took 0.00 seconds (max_rss 32.6 MiB, delta_rss +0.0 MiB)
## Read Atom Netlist to AP Netlist
## Read Atom Netlist to AP Netlist took 0.01 seconds (max_rss 36.4 MiB, delta_rss +3.8 MiB)
Analytical Placement Netlist Statistics:
	AP Blocks: 1315
		Moveable AP Blocks: 1315
		Fixed AP Blocks: 0
	AP Nets: 1563
		Average Fanout: 4.51
		Highest Fanout: 194
	AP Pins: 11695

## Computing placement delta delay look-up
### Build routing resource graph
### Build routing resource graph took 0.09 seconds (max_rss 45.9 MiB, delta_rss +9.5 MiB)
  RR Graph Nodes: 32024
  RR Graph Edges: 208292
### Computing router lookahead map
#### Computing wire lookahead
#### Computing wire lookahead took 0.03 seconds (max_rss 46.5 MiB, delta_rss +0.0 MiB)
#### Computing src/opin lookahead
Warning 1: Found no more sample locations for SOURCE in io
Warning 2: Found no more sample locations for OPIN in io
Warning 3: Found no more sample locations for SOURCE in clb
Warning 4: Found no more sample locations for OPIN in clb
Warning 5: Found no more sample locations for SOURCE in dsp_top
Warning 6: Found no more sample locations for OPIN in dsp_top
Warning 7: Found no more sample locations for SOURCE in memory
Warning 8: Found no more sample locations for OPIN in memory
#### Computing src/opin lookahead took 0.00 seconds (max_rss 46.7 MiB, delta_rss +0.3 MiB)
### Computing router lookahead map took 0.04 seconds (max_rss 46.7 MiB, delta_rss +0.3 MiB)
Serial Connection Router is being destroyed. Time spent on path search: 0.000 seconds.
## Computing placement delta delay look-up took 0.14 seconds (max_rss 46.7 MiB, delta_rss +10.3 MiB)
Flat Placement is provided in the AP flow, skipping the Global Placement.
0 of 1315 molecules placed at device center (no atoms of these molecules found in flat placement).
## AP Full Legalizer
### Creating Clusters
Device (width, height): (14,14)
#### Sorting and Grouping Blocks by Tile
#### Sorting and Grouping Blocks by Tile took 0.00 seconds (max_rss 46.7 MiB, delta_rss +0.0 MiB)
#### Reconstruction Pass Clustering
#### Reconstruction Pass Clustering took 2.09 seconds (max_rss 50.4 MiB, delta_rss +3.6 MiB)
#### Orphan Window Clustering with search radius 8
#### Orphan Window Clustering with search radius 8 took 0.01 seconds (max_rss 50.4 MiB, delta_rss +0.0 MiB)
FPGA sized to 14 x 14: 196 grid tiles (auto)
Device Utilization: 0.62 (target 1.00)
	Block Utilization: 0.19 Type: io
	Block Utilization: 0.93 Type: clb

----------------------------------------------------------------
                       Clustering Summary                       
----------------------------------------------------------------
Clusters created (Self Clustering)                       : 185
    clb        : 111
    io         : 74
Clusters created (Orphan Window Clustering)              : 1
    clb        : 1
Total clusters                                           : 186
Percent of clusters created in Orphan Window Clustering  : 0.54%
Molecules clustered in each stage breakdown  : (Total of 1315)
	Self Clustering          (0.996958)  : 1311
 	Neighbor Clustering      (0.000000)  : 0
	Orphan Window Clustering (0.003042)  : 4
----------------------------------------------------------------

Final Clustering Statistics: 
----------   --------   ------------------------------------   --------------------------
Block Type   # Blocks   Avg. # of input clocks and pins used   Avg. # of output pins used
----------   --------   ------------------------------------   --------------------------
     EMPTY          0                                      0                            0   
        io         74                               0.486486                     0.513514   
       clb        112                                25.4196                      8.98214   
   dsp_top          0                                      0                            0   
    memory          0                                      0                            0   
Absorbed logical nets 1698 out of 2742 nets, 1044 nets not absorbed.
#### Load packing
##### Loading packed FPGA netlist file.
Netlist generated from file '/inspire/hdd/project/project-public/changshunjie-253114010247/changshunjie-253114010247/workspace/DAC2027/TailCompile/vtr_work/tailcompile_v3/sha/4x4/gnn_candidate-fp6a38156a-flat-recon-annealer-seed11-w90-devw14/sha.locked-input.net'.
Detected 2 constant generators (to see names run with higher pack verbosity)
##### Loading packed FPGA netlist file. took 0.18 seconds (max_rss 63.2 MiB, delta_rss +6.9 MiB)
Warning 9: Treated 2 constant nets as global which will not be routed (to see net names increase packer verbosity).
Netlist contains 33 global net to non-global architecture pin connections
Completed clustering consistency check successfully.
Cluster level netlist and block usage statistics
Netlist num_nets: 1044
Netlist num_blocks: 186
Netlist EMPTY blocks: 0.
Netlist io blocks: 74.
Netlist clb blocks: 112.
Netlist dsp_top blocks: 0.
Netlist memory blocks: 0.
Netlist inputs pins: 38
Netlist output pins: 36

Pb types usage...
  io               : 74
   inpad           : 38
   outpad          : 36
  clb              : 112
   lab             : 112
    fle            : 1086
     ble5          : 882
      flut5        : 573
       lut5        : 573
        lut        : 573
       ff          : 353
      arithmetic   : 309
       adder       : 309
     ble6          : 642
      lut6         : 642
       lut         : 642
      ff           : 540

#### Load packing took 0.26 seconds (max_rss 98.1 MiB, delta_rss +41.8 MiB)
Netlist contains 33 global net to non-global architecture pin connections
Cluster level netlist and block usage statistics
Netlist num_nets: 1044
Netlist num_blocks: 186
Netlist EMPTY blocks: 0.
Netlist io blocks: 74.
Netlist clb blocks: 112.
Netlist dsp_top blocks: 0.
Netlist memory blocks: 0.
Netlist inputs pins: 38
Netlist output pins: 36
### Creating Clusters took 2.46 seconds (max_rss 98.1 MiB, delta_rss +51.4 MiB)
Completed clustering consistency check successfully.
FPGA sized to 14 x 14: 196 grid tiles (auto)
### Compressed grid construction
### Compressed grid construction took 0.00 seconds (max_rss 98.1 MiB, delta_rss +0.0 MiB)
### Initial Placement
Placing clusters that are part of larger macros...
Number of blocks to be placed: 18
Max distance on device: 28
---- ---------- ---------- -------------
Pass Max Displ. Num Blocks Num Blocks   
     Threshold  Placed     Left Unplaced
---- ---------- ---------- -------------
   0          0         12             6
   1          1          4             2
   2          2          2             0

Placing general clusters...
Number of blocks to be placed: 168
Max distance on device: 28
---- ---------- ---------- -------------
Pass Max Displ. Num Blocks Num Blocks   
     Threshold  Placed     Left Unplaced
---- ---------- ---------- -------------
   0          0        158            10
   1          1          3             7
   2          2          1             6
   3          4          3             3
   4          8          3             0

### Initial Placement took 0.00 seconds (max_rss 98.1 MiB, delta_rss +0.0 MiB)
Flat Placement Reconstruction Info:
	Percent of clusters with reconstruction errors: 0.537634
	Total displacement of initial placement from flat placement: 1591.000000
	Average atom displacement of initial placement from flat placement: 0.638699
	Max atom displacement of initial placement from flat placement: 9.000000
	Percent of atoms misplaced from the flat placement: 20.594139
## AP Full Legalizer took 2.46 seconds (max_rss 98.1 MiB, delta_rss +51.4 MiB)

Resource usage...
	Netlist
		74	blocks of type: io
	Architecture
		384	blocks of type: io
	Netlist
		112	blocks of type: clb
	Architecture
		120	blocks of type: clb
	Netlist
		0	blocks of type: dsp_top
	Architecture
		3	blocks of type: dsp_top
	Netlist
		0	blocks of type: memory
	Architecture
		6	blocks of type: memory

Device Utilization: 0.62 (target 1.00)
	Physical Tile io:
	Block Utilization: 0.19 Logical Block: io
	Physical Tile clb:
	Block Utilization: 0.93 Logical Block: clb
	Physical Tile dsp_top:
	Block Utilization: 0.00 Logical Block: dsp_top
	Physical Tile memory:
	Block Utilization: 0.00 Logical Block: memory

## Computing placement delta delay look-up
RR graph channel widths unchanged, skipping RR graph rebuild
Serial Connection Router is being destroyed. Time spent on path search: 0.000 seconds.
## Computing placement delta delay look-up took 0.00 seconds (max_rss 98.1 MiB, delta_rss +0.0 MiB)
Using simple RL 'Softmax agent' for choosing move and block types

Completed placement consistency check successfully.
Initial placement cost: 1 bb_cost: 125.94 td_cost: 6.46679e-07
Initial placement BB estimate of wirelength: 11309.2
Initial placement estimated Critical Path Delay (CPD): 11.2672 ns
Initial placement estimated setup Total Negative Slack (sTNS): -3053.54 ns
Initial placement estimated setup Worst Negative Slack (sWNS): -11.2672 ns

Initial placement estimated setup slack histogram:
[ -1.1e-08:   -1e-08)  18 (  1.9%) |**
[   -1e-08: -9.2e-09)  14 (  1.5%) |*
[ -9.2e-09: -8.1e-09)   0 (  0.0%) |
[ -8.1e-09: -7.1e-09)   0 (  0.0%) |
[ -7.1e-09:   -6e-09)   0 (  0.0%) |
[   -6e-09:   -5e-09)   0 (  0.0%) |
[   -5e-09: -3.9e-09) 122 ( 13.1%) |***********
[ -3.9e-09: -2.9e-09) 543 ( 58.4%) |***********************************************
[ -2.9e-09: -1.9e-09) 167 ( 18.0%) |**************
[ -1.9e-09:   -8e-10)  65 (  7.0%) |******
Placement contains 9 placement macros involving 18 blocks (average macro size 2.000000)

Moves per temperature: 530
## AP Detailed Placer

---- ------ ------- ------- ---------- ---------- ------- ---------- -------- ------- ------- ------ -------- --------- ------
Tnum  Time     T    AvCost  Av BB Cost Av TD Cost   CPD      sTNS      sWNS   AcRate  StdDev  R lim  CritExp  TotMoves  Alpha 
     (sec)                                          (ns)     (ns)      (ns)                                                   
---- ------ ------- ------- ---------- ---------- ------- ---------- -------- ------- ------- ------ -------- --------- ------
   1    0.0 3.8e-03   1.016     118.18 6.6643e-07   9.838  -3.02e+03   -9.838   0.677  0.0089   13.0     1.00        530  1.000
   2    0.0 3.6e-03   1.008     121.66 6.528e-07   10.569  -3.28e+03  -10.569   0.711  0.0110   13.0     1.00       1060  0.950
   3    0.0 3.4e-03   1.012     124.73 6.7739e-07  10.385  -3.31e+03  -10.385   0.730  0.0157   13.0     1.00       1590  0.950
   4    0.0 3.2e-03   0.965     125.68 6.4671e-07  11.548  -3.51e+03  -11.548   0.666  0.0171   13.0     1.00       2120  0.950
   5    0.0 3.1e-03   0.996     124.23 6.7022e-07  10.494  -3.37e+03  -10.494   0.645  0.0103   13.0     1.00       2650  0.950
   6    0.0 2.9e-03   0.994     120.92 6.5671e-07  10.561  -3.18e+03  -10.561   0.621  0.0061   13.0     1.00       3180  0.950
   7    0.0 2.8e-03   1.003     120.30 6.8061e-07  10.005  -3.15e+03  -10.005   0.696  0.0061   13.0     1.00       3710  0.950
   8    0.0 2.6e-03   0.990     118.91 6.4052e-07  10.718  -3.21e+03  -10.718   0.625  0.0098   13.0     1.00       4240  0.950
   9    0.0 2.5e-03   1.005     117.84 6.2979e-07  10.611  -3.14e+03  -10.611   0.625  0.0053   13.0     1.00       4770  0.950
  10    0.0 2.4e-03   1.000     119.36 6.4643e-07  10.409  -3.33e+03  -10.409   0.606  0.0102   13.0     1.00       5300  0.950
  11    0.0 2.3e-03   1.004     116.67 6.434e-07   10.347  -3.19e+03  -10.347   0.642  0.0117   13.0     1.00       5830  0.950
  12    0.0 2.1e-03   1.000     113.38 6.4545e-07  10.533  -3.32e+03  -10.533   0.606  0.0048   13.0     1.00       6360  0.950
  13    0.0 2.0e-03   0.973     110.34 6.2597e-07  10.548  -3.29e+03  -10.548   0.596  0.0130   13.0     1.00       6890  0.950
  14    0.0 1.9e-03   1.004     109.74 6.4292e-07   9.943  -3.21e+03   -9.943   0.598  0.0031   13.0     1.00       7420  0.950
  15    0.0 1.8e-03   0.996     109.30 6.3469e-07  10.153  -3.18e+03  -10.153   0.583  0.0065   13.0     1.00       7950  0.950
  16    0.0 1.7e-03   0.993     108.89 6.3441e-07   9.984  -3.01e+03   -9.984   0.575  0.0064   13.0     1.00       8480  0.950
  17    0.0 1.7e-03   0.989     107.28 6.192e-07   10.097  -3.02e+03  -10.097   0.575  0.0060   13.0     1.00       9010  0.950
  18    0.0 1.6e-03   0.999     108.17 6.2736e-07   9.659  -2.87e+03   -9.659   0.604  0.0059   13.0     1.00       9540  0.950
  19    0.0 1.5e-03   0.978     106.63 6.2629e-07   9.944  -3.05e+03   -9.944   0.583  0.0171   13.0     1.00      10070  0.950
  20    0.0 1.4e-03   1.004     105.47 6.0422e-07  10.214  -3.04e+03  -10.214   0.562  0.0036   13.0     1.00      10600  0.950
  21    0.0 1.4e-03   0.995     104.84 6.1283e-07  10.035  -2.96e+03  -10.035   0.506  0.0035   13.0     1.00      11130  0.950
  22    0.0 1.3e-03   1.012     105.24 6.1444e-07  10.305  -3.18e+03  -10.305   0.562  0.0086   13.0     1.00      11660  0.950
  23    0.0 1.2e-03   0.991     104.30 5.9327e-07  10.764  -3.24e+03  -10.764   0.557  0.0056   13.0     1.00      12190  0.950
  24    0.0 1.2e-03   0.987     103.27 5.9306e-07  10.432  -3.08e+03  -10.432   0.517  0.0064   13.0     1.00      12720  0.950
  25    0.0 1.1e-03   0.998     104.11 6.0299e-07  10.282   -3.1e+03  -10.282   0.517  0.0036   13.0     1.00      13250  0.950
  26    0.0 1.0e-03   0.991     103.48 6.332e-07   10.061  -3.25e+03  -10.061   0.506  0.0058   13.0     1.00      13780  0.950
  27    0.0 9.9e-04   0.989     102.07 6.1598e-07  10.096  -3.06e+03  -10.096   0.502  0.0041   13.0     1.00      14310  0.950
  28    0.0 9.4e-04   0.995     101.44 6.2714e-07   9.743  -2.95e+03   -9.743   0.466  0.0031   13.0     1.00      14840  0.950
  29    0.0 9.0e-04   1.000     101.47 5.9997e-07  10.159  -2.99e+03  -10.159   0.470  0.0035   13.0     1.00      15370  0.950
  30    0.0 8.5e-04   0.997     101.08 5.9102e-07  10.562  -3.06e+03  -10.562   0.466  0.0021   13.0     1.00      15900  0.950
  31    0.0 8.1e-04   0.985      99.12 5.7885e-07  10.996  -3.24e+03  -10.996   0.438  0.0050   13.0     1.00      16430  0.950
  32    0.0 7.7e-04   0.999      98.99 5.9699e-07  10.148  -3.12e+03  -10.148   0.443  0.0016   13.0     1.02      16960  0.950
  33    0.0 7.3e-04   0.996      98.31 6.3985e-07   9.508  -3.16e+03   -9.508   0.404  0.0025   13.0     1.00      17490  0.950
  34    0.0 6.9e-04   0.999      99.57 4.8421e-07   9.718  -3.06e+03   -9.718   0.419  0.0030   12.5     1.27      18020  0.950
  35    0.0 6.6e-04   0.999      99.56 4.2498e-07   9.591  -2.91e+03   -9.591   0.383  0.0022   12.3     1.43      18550  0.950
  36    0.0 6.3e-04   0.989      97.21 3.1846e-07   9.656  -2.96e+03   -9.656   0.457  0.0051   11.6     1.84      19080  0.950
  37    0.0 6.0e-04   1.000      96.47 3.4501e-07   9.575  -2.96e+03   -9.575   0.396  0.0022   11.8     1.72      19610  0.950
  38    0.0 5.7e-04   1.001      96.61 2.8805e-07   9.530  -2.98e+03   -9.530   0.392  0.0018   11.2     2.03      20140  0.950
  39    0.0 5.4e-04   0.996      96.29 2.4348e-07   9.712  -2.99e+03   -9.712   0.375  0.0018   10.7     2.34      20670  0.950
  40    0.0 5.1e-04   1.002      96.92 2.0943e-07   9.504  -2.98e+03   -9.504   0.364  0.0010   10.0     2.74      21200  0.950
  41    0.0 4.9e-04   0.996      96.59 1.81e-07     9.504  -2.95e+03   -9.504   0.391  0.0025    9.3     3.18      21730  0.950
  42    0.0 4.6e-04   0.999      96.37 1.7187e-07   9.411  -3.04e+03   -9.411   0.343  0.0017    8.8     3.45      22260  0.950
  43    0.0 4.4e-04   0.998      95.88 1.5714e-07   9.308  -2.98e+03   -9.308   0.375  0.0024    7.9     3.95      22790  0.950
  44    0.0 4.2e-04   1.000      94.83 1.5078e-07   9.287  -2.97e+03   -9.287   0.317  0.0013    7.4     4.25      23320  0.950
  45    0.0 4.0e-04   1.003      95.05 1.3934e-07   9.371     -3e+03   -9.371   0.343  0.0015    6.5     4.78      23850  0.950
  46    0.0 3.8e-04   0.997      93.96 1.3489e-07   9.332  -2.95e+03   -9.332   0.355  0.0015    5.9     5.15      24380  0.950
  47    0.0 3.6e-04   0.998      94.26 1.3158e-07   9.332  -2.97e+03   -9.332   0.340  0.0020    5.4     5.44      24910  0.950
  48    0.0 3.4e-04   0.996      92.92 1.3037e-07   9.166  -2.97e+03   -9.166   0.362  0.0032    4.8     5.76      25440  0.950
  49    0.0 3.2e-04   0.997      91.75 1.2786e-07   9.166  -2.99e+03   -9.166   0.283  0.0019    4.5     5.97      25970  0.950
  50    0.0 3.1e-04   1.002      91.57 1.2483e-07   9.166  -3.02e+03   -9.166   0.368  0.0010    3.8     6.38      26500  0.950
  51    0.0 2.9e-04   0.997      90.76 1.2381e-07   9.166  -3.02e+03   -9.166   0.279  0.0012    3.5     6.54      27030  0.950
  52    0.0 2.8e-04   0.998      90.13 1.2207e-07   9.166  -2.99e+03   -9.166   0.262  0.0014    2.9     6.87      27560  0.950
  53    0.0 2.6e-04   0.998      89.77 1.1944e-07   9.166  -3.02e+03   -9.166   0.317  0.0019    2.4     7.18      28090  0.950
  54    0.0 2.5e-04   1.000      89.35 1.1931e-07   9.150  -3.01e+03   -9.150   0.304  0.0010    2.1     7.35      28620  0.950
  55    0.0 2.4e-04   0.998      88.63 1.1762e-07   9.267  -3.01e+03   -9.267   0.364  0.0021    1.8     7.52      29150  0.950
  56    0.0 2.2e-04   1.000      88.63 1.1844e-07   9.236     -3e+03   -9.236   0.340  0.0008    1.7     7.60      29680  0.950
  57    0.0 2.1e-04   0.996      88.20 1.1658e-07   9.278     -3e+03   -9.278   0.321  0.0018    1.5     7.70      30210  0.950
  58    0.0 2.0e-04   1.001      88.35 1.1158e-07   9.435  -3.01e+03   -9.435   0.325  0.0008    1.3     7.80      30740  0.950
  59    0.0 1.9e-04   0.997      87.77 1.1527e-07   9.278     -3e+03   -9.278   0.340  0.0015    1.2     7.89      31270  0.950
  60    0.0 1.8e-04   0.999      87.31 1.1524e-07   9.278  -2.99e+03   -9.278   0.292  0.0007    1.1     7.96      31800  0.950
  61    0.0 1.7e-04   0.997      86.77 1.1514e-07   9.278  -2.98e+03   -9.278   0.285  0.0011    1.0     8.00      32330  0.950
  62    0.0 1.7e-04   0.998      86.29 1.1492e-07   9.279  -2.97e+03   -9.279   0.260  0.0006    1.0     8.00      32860  0.950
  63    0.0 1.6e-04   0.999      86.13 1.1536e-07   9.267  -2.96e+03   -9.267   0.272  0.0009    1.0     8.00      33390  0.950
  64    0.0 1.5e-04   1.001      86.11 1.1492e-07   9.276  -2.96e+03   -9.276   0.211  0.0005    1.0     8.00      33920  0.950
  65    0.0 1.4e-04   1.000      86.22 1.127e-07    9.371  -2.99e+03   -9.371   0.228  0.0005    1.0     8.00      34450  0.950
  66    0.0 1.3e-04   1.000      86.09 1.1521e-07   9.287  -2.98e+03   -9.287   0.230  0.0004    1.0     8.00      34980  0.950
  67    0.0 1.3e-04   1.000      86.08 1.1536e-07   9.267  -2.98e+03   -9.267   0.194  0.0005    1.0     8.00      35510  0.950
  68    0.0 1.2e-04   1.000      86.01 1.1474e-07   9.276  -2.98e+03   -9.276   0.230  0.0003    1.0     8.00      36040  0.950
  69    0.0 1.2e-04   0.999      85.84 1.1495e-07   9.267  -2.99e+03   -9.267   0.192  0.0004    1.0     8.00      36570  0.950
  70    0.0 1.1e-04   0.998      85.36 1.1546e-07   9.255  -2.99e+03   -9.255   0.183  0.0007    1.0     8.00      37100  0.950
  71    0.0 1.0e-04   1.000      85.12 1.1198e-07   9.424     -3e+03   -9.424   0.192  0.0003    1.0     8.00      37630  0.950
  72    0.0 9.9e-05   1.000      85.41 1.1101e-07   9.424  -2.99e+03   -9.424   0.198  0.0003    1.0     8.00      38160  0.950
  73    0.0 9.4e-05   0.999      85.26 1.1321e-07   9.330  -2.96e+03   -9.330   0.196  0.0007    1.0     8.00      38690  0.950
  74    0.0 8.9e-05   0.999      84.91 1.1134e-07   9.424  -2.99e+03   -9.424   0.149  0.0004    1.0     8.00      39220  0.950
Agent's 2nd state: 
  75    0.0 7.1e-05   0.999      84.81 1.1219e-07   9.386  -2.98e+03   -9.386   0.147  0.0005    1.0     8.00      39750  0.800
Checkpoint saved: bb_costs=84.7583, TD costs=1.11766e-07, CPD=  9.424 (ns) 
  76    0.0 5.7e-05   0.999      84.67 1.1175e-07   9.424  -2.99e+03   -9.424   0.100  0.0005    1.0     8.00      40280  0.800
  77    0.0 4.6e-05   0.999      84.48 1.1147e-07   9.424  -2.99e+03   -9.424   0.070  0.0001    1.0     8.00      40810  0.800
  78    0.0 3.7e-05   1.000      84.45 1.1149e-07   9.424  -2.99e+03   -9.424   0.064  0.0001    1.0     8.00      41340  0.800
  79    0.0 2.9e-05   1.000      84.39 1.1142e-07   9.424  -2.99e+03   -9.424   0.064  0.0002    1.0     8.00      41870  0.800
  80    0.0 2.3e-05   1.000      84.37 1.1146e-07   9.424  -2.99e+03   -9.424   0.051  0.0001    1.0     8.00      42400  0.800
  81    0.0 1.9e-05   1.000      84.32 1.1115e-07   9.424  -2.99e+03   -9.424   0.066  0.0003    1.0     8.00      42930  0.800
  82    0.0 1.5e-05   1.000      84.28 1.114e-07    9.424  -2.99e+03   -9.424   0.034  0.0000    1.0     8.00      43460  0.800
  83    0.0 1.2e-05   1.000      84.27 1.1136e-07   9.424  -2.99e+03   -9.424   0.051  0.0001    1.0     8.00      43990  0.800
  84    0.0 9.6e-06   1.000      84.26 1.1139e-07   9.424  -2.99e+03   -9.424   0.034  0.0000    1.0     8.00      44520  0.800
  85    0.0 7.7e-06   1.000      84.23 1.1139e-07   9.424  -2.99e+03   -9.424   0.047  0.0000    1.0     8.00      45050  0.800
  86    0.0 6.1e-06   1.000      84.20 1.114e-07    9.424  -2.99e+03   -9.424   0.038  0.0001    1.0     8.00      45580  0.800
  87    0.0 4.9e-06   1.000      84.16 1.1139e-07   9.424  -2.99e+03   -9.424   0.047  0.0001    1.0     8.00      46110  0.800
  88    0.0 0.0e+00   1.000      84.13 1.1144e-07   9.424  -2.99e+03   -9.424   0.032  0.0000    1.0     8.00      46640  0.800
### Placement Quench took 0.01 seconds (max_rss 99.7 MiB)
post-quench CPD = 9.42369 (ns) 

Completed placement consistency check successfully.

Swaps called: 46826

Aborted Move Reasons:
  duplicate block move to location: 10
  macro move to location illegal: 6
  macro_from swap to location illegal: 344

BB estimate of min-dist (placement) wire length: 7543

Placement estimated critical path delay (least slack): 9.42369 ns, Fmax: 106.116 MHz
Placement estimated critical path skew: -0.04243 ns
Placement estimated setup Worst Negative Slack (sWNS): -9.42369 ns
Placement estimated setup Total Negative Slack (sTNS): -2986.56 ns
Placement estimated setup Worst Skew (sWS): -0.04243 ns

Placement estimated setup slack histogram:
[ -9.4e-09: -8.6e-09)  15 (  1.6%) |*
[ -8.6e-09: -7.7e-09)  17 (  1.8%) |*
[ -7.7e-09: -6.8e-09)   0 (  0.0%) |
[ -6.8e-09: -5.9e-09)   0 (  0.0%) |
[ -5.9e-09: -5.1e-09)   0 (  0.0%) |
[ -5.1e-09: -4.2e-09)  73 (  7.9%) |******
[ -4.2e-09: -3.3e-09)  97 ( 10.4%) |********
[ -3.3e-09: -2.4e-09) 604 ( 65.0%) |***********************************************
[ -2.4e-09: -1.6e-09)  74 (  8.0%) |******
[ -1.6e-09:   -7e-10)  49 (  5.3%) |****

Placement estimated geomean non-virtual intra-domain period: 9.42369 ns (106.116 MHz)
Placement estimated fanout-weighted geomean non-virtual intra-domain period: 9.42369 ns (106.116 MHz)

Placement cost: 0.999934, bb_cost: 84.1281, td_cost: 1.11438e-07, 

Placement resource usage:
  io  implemented as io : 74
  clb implemented as clb: 112

Placement number of temperatures: 88
Placement total # of swap attempts: 46826
	Swaps accepted: 17096 (36.5 %)
	Swaps rejected: 29020 (62.0 %)
	Swaps aborted:   710 ( 1.5 %)


Placement perturbation distribution by block and move type: 
------------------ ----------------- ---------------- ---------------- --------------- ------------ 
    Block Type         Move Type       (%) of Total      Accepted(%)     Rejected(%)    Aborted(%)
------------------ ----------------- ---------------- ---------------- --------------- ------------ 
io                 Uniform                9.56             62.68           37.32          0.00         
                   Median                 8.80             61.71           33.63          4.66         
                   Centroid               9.08             66.16           33.79          0.05         
                   W. Centroid            9.27             66.08           33.82          0.09         
                   W. Median              0.84             19.08           76.08          4.83         

clb                Uniform                15.11            17.51           80.90          1.58         
                   Median                 14.16            27.30           70.23          2.47         
                   Centroid               13.48            22.47           76.00          1.54         
                   W. Centroid            14.20            22.65           75.71          1.64         
                   W. Median              1.29             1.99            96.19          1.82         
                   Crit. Uniform          2.06             0.21            99.79          0.00         
                   Feasible Region        2.16             0.20            99.80          0.00         


Placement Quench timing analysis took 0.0036733 seconds (0.00332192 STA, 0.000351382 slack) (1 full updates: 1 setup, 0 hold, 0 combined).
Placement Total  timing analysis took 0.369232 seconds (0.331033 STA, 0.038199 slack) (90 full updates: 90 setup, 0 hold, 0 combined).
update_td_costs: connections 0.0021133 nets 0 sum_nets 0.00121525 total 0.00340064
## AP Detailed Placer took 0.84 seconds (max_rss 99.9 MiB, delta_rss +0.3 MiB)
Incr Slack updates 90 in 0.010461 sec
Full Max Req/Worst Slack updates 40 in 0.0010724 sec
Incr Max Req/Worst Slack updates 50 in 0.00174041 sec
Incr Criticality updates 23 in 0.00532108 sec
Full Criticality updates 67 in 0.0161794 sec
Incr Slack updates 1 in 9.3457e-05 sec
Full Max Req/Worst Slack updates 1 in 3.259e-05 sec
Incr Max Req/Worst Slack updates 0 in 0 sec
Incr Criticality updates 0 in 0 sec
Full Criticality updates 1 in 0.0002495 sec
# Analytical Placement took 3.72 seconds (max_rss 99.9 MiB, delta_rss +68.2 MiB)


# Routing
RR graph channel widths unchanged, skipping RR graph rebuild
## Initializing router criticalities
Initial Net Connection Criticality Histogram:
[        0:      0.1) 245 (  8.5%) |**************
[      0.1:      0.2) 779 ( 27.0%) |********************************************
[      0.2:      0.3) 525 ( 18.2%) |*****************************
[      0.3:      0.4) 841 ( 29.2%) |***********************************************
[      0.4:      0.5)  85 (  2.9%) |*****
[      0.5:      0.6)  66 (  2.3%) |****
[      0.6:      0.7)  57 (  2.0%) |***
[      0.7:      0.8)  35 (  1.2%) |**
[      0.8:      0.9)  42 (  1.5%) |**
[      0.9:        1) 208 (  7.2%) |************
## Initializing router criticalities took 0.05 seconds (max_rss 99.9 MiB, delta_rss +0.0 MiB)
---- ------ ------- ---- ------- ------- ------- ----------------- --------------- -------- ---------- ---------- ---------- ---------- --------
Iter   Time    pres  BBs    Heap  Re-Rtd  Re-Rtd Overused RR Nodes      Wirelength      CPD       sTNS       sWNS       hTNS       hWNS Est Succ
      (sec)     fac Updt    push    Nets   Conns                                       (ns)       (ns)       (ns)       (ns)       (ns)     Iter
---- ------ ------- ---- ------- ------- ------- ----------------- --------------- -------- ---------- ---------- ---------- ---------- --------
   1    0.0     0.0    0  106780    1041    2751    1132 ( 3.535%)   11384 (40.5%)    8.821     -2977.     -8.821      0.000      0.000      N/A
   2    0.0     0.5    0  100169     797    2382     820 ( 2.561%)   11461 (40.8%)    8.821     -2996.     -8.821      0.000      0.000      N/A
   3    0.0     0.6    0   90107     690    1895     736 ( 2.298%)   11793 (42.0%)    8.821     -3065.     -8.821      0.000      0.000      N/A
   4    0.0     0.8    0   87811     616    1708     627 ( 1.958%)   12009 (42.8%)    8.821     -3021.     -8.821      0.000      0.000      N/A
   5    0.0     1.1    0   89806     543    1660     523 ( 1.633%)   12217 (43.5%)    8.821     -3177.     -8.821      0.000      0.000      N/A
   6    0.0     1.4    0   76972     472    1306     417 ( 1.302%)   12454 (44.4%)    8.821     -3265.     -8.821      0.000      0.000      N/A
   7    0.0     1.9    0   76012     420    1189     342 ( 1.068%)   12762 (45.4%)    8.821     -3226.     -8.821      0.000      0.000      N/A
   8    0.0     2.4    0   68744     343     937     284 ( 0.887%)   12988 (46.3%)    8.821     -3245.     -8.821      0.000      0.000      N/A
   9    0.0     3.1    0   69072     296     758     210 ( 0.656%)   13381 (47.7%)    8.821     -3300.     -8.821      0.000      0.000       33
  10    0.0     4.1    0   55087     237     597     160 ( 0.500%)   13624 (48.5%)    8.821     -3320.     -8.821      0.000      0.000       31
  11    0.0     5.3    0   48332     203     472     118 ( 0.368%)   13851 (49.3%)    8.899     -3339.     -8.899      0.000      0.000       30
  12    0.0     6.9    0   58205     173     596      92 ( 0.287%)   14158 (50.4%)    8.821     -3532.     -8.821      0.000      0.000       29
  13    0.0     9.0    0   33894     132     318      67 ( 0.209%)   14334 (51.0%)    8.821     -3537.     -8.821      0.000      0.000       28
  14    0.0    11.6    0   36122     103     186      55 ( 0.172%)   14575 (51.9%)    8.821     -3539.     -8.821      0.000      0.000       28
  15    0.0    15.1    0   23333      93     171      41 ( 0.128%)   14673 (52.3%)    9.058     -3548.     -9.058      0.000      0.000       28
  16    0.0    19.7    0   26753      73     145      39 ( 0.122%)   14840 (52.8%)    9.048     -3553.     -9.048      0.000      0.000       30
  17    0.0    25.6    0   31052      77     152      34 ( 0.106%)   14902 (53.1%)    9.042     -3549.     -9.042      0.000      0.000       31
  18    0.0    33.3    0   30519      68     134      28 ( 0.087%)   14994 (53.4%)    9.048     -3558.     -9.048      0.000      0.000       33
  19    0.0    43.3    0   35426      60     128      34 ( 0.106%)   15139 (53.9%)    9.672     -3568.     -9.672      0.000      0.000       36
  20    0.0    56.2    0   41391      66     140      27 ( 0.084%)   15256 (54.3%)    9.250     -3564.     -9.250      0.000      0.000       40
  21    0.0    73.1    0   36381      54     149      17 ( 0.053%)   15377 (54.8%)   10.069     -3627.    -10.069      0.000      0.000       39
  22    0.0    95.0    0   25920      44     111      13 ( 0.041%)   15536 (55.3%)   10.069     -3804.    -10.069      0.000      0.000       39
  23    0.0   123.5    0   21548      39     113       9 ( 0.028%)   15609 (55.6%)   10.069     -3806.    -10.069      0.000      0.000       37
  24    0.0   160.6    0    7167      37      85       6 ( 0.019%)   15642 (55.7%)   10.069     -3806.    -10.069      0.000      0.000       35
  25    0.0   208.8    0    5324      33      77       5 ( 0.016%)   15621 (55.6%)   10.069     -3806.    -10.069      0.000      0.000       34
  26    0.0   271.4    0    5255      32      75       5 ( 0.016%)   15633 (55.7%)   10.069     -3806.    -10.069      0.000      0.000       34
  27    0.0   352.8    0    7751      34      80       5 ( 0.016%)   15640 (55.7%)   10.069     -3806.    -10.069      0.000      0.000       34
  28    0.0   458.7    0   18303      34      84       5 ( 0.016%)   15728 (56.0%)   10.069     -3807.    -10.069      0.000      0.000       35
  29    0.0   596.3    0    7147      34      80       6 ( 0.019%)   15764 (56.1%)   11.421     -3823.    -11.421      0.000      0.000       36
  30    0.0   775.1    0    9916      28      75       7 ( 0.022%)   15723 (56.0%)   10.069     -3807.    -10.069      0.000      0.000       38
  31    0.0  1000.0    0   16459      37      88       5 ( 0.016%)   15752 (56.1%)   10.069     -3808.    -10.069      0.000      0.000       39
  32    0.0  1000.0    0    7930      32      76       5 ( 0.016%)   15784 (56.2%)   10.382     -3812.    -10.382      0.000      0.000       40
  33    0.0  1000.0    0   11338      35      85       4 ( 0.012%)   15930 (56.7%)   10.382     -3844.    -10.382      0.000      0.000       41
  34    0.0  1000.0    0   10519      34      91       4 ( 0.012%)   15952 (56.8%)   10.382     -3844.    -10.382      0.000      0.000       43
  35    0.0  1000.0    0    6111      31      78       2 ( 0.006%)   15954 (56.8%)   10.382     -3844.    -10.382      0.000      0.000       42
  36    0.0  1000.0    0    5184      29      75       2 ( 0.006%)   15972 (56.9%)   10.382     -3844.    -10.382      0.000      0.000       42
  37    0.0  1000.0    0    9588      30      78       2 ( 0.006%)   15970 (56.9%)   10.382     -3844.    -10.382      0.000      0.000       42
  38    0.0  1000.0    0    7885      29      76       2 ( 0.006%)   15997 (57.0%)   10.382     -3844.    -10.382      0.000      0.000       44
  39    0.0  1000.0    0    4925      29      73       1 ( 0.003%)   15986 (56.9%)   10.382     -3844.    -10.382      0.000      0.000       42
  40    0.0  1000.0    0    4784      29      73       3 ( 0.009%)   15975 (56.9%)   10.382     -3844.    -10.382      0.000      0.000       45
  41    0.0  1000.0    0    7360      28      79       2 ( 0.006%)   16012 (57.0%)   10.648     -3861.    -10.648      0.000      0.000       46
  42    0.0  1000.0    0    4342      25      68       0 ( 0.000%)   16033 (57.1%)   10.648     -3864.    -10.648      0.000      0.000      N/A
Restoring best routing
Critical path: 10.6475 ns
Successfully routed after 42 routing iterations.
Final Net Connection Criticality Histogram:
[        0:      0.1) 407 ( 14.1%) |***************************
[      0.1:      0.2) 493 ( 17.1%) |*********************************
[      0.2:      0.3) 531 ( 18.4%) |************************************
[      0.3:      0.4) 702 ( 24.3%) |***********************************************
[      0.4:      0.5) 310 ( 10.8%) |*********************
[      0.5:      0.6) 110 (  3.8%) |*******
[      0.6:      0.7)  45 (  1.6%) |***
[      0.7:      0.8)  62 (  2.2%) |****
[      0.8:      0.9)  92 (  3.2%) |******
[      0.9:        1) 131 (  4.5%) |*********
Router Stats: total_nets_routed: 7240 total_connections_routed: 19494 total_heap_pushes: 1426724 total_heap_pops: 403485 
Serial Connection Router is being destroyed. Time spent on path search: 0.194 seconds.
# Routing took 0.67 seconds (max_rss 99.9 MiB, delta_rss +0.0 MiB)

Checking to ensure routing is legal...
# Checking to ensure non-configurable edges are legal
# Checking to ensure non-configurable edges are legal took 0.00 seconds (max_rss 99.9 MiB, delta_rss +0.0 MiB)
Completed routing consistency check successfully.

Serial number (magic cookie) for the routing is: -133834176
Circuit successfully routed with a channel width factor of 90.
Incr Slack updates 43 in 0.00414198 sec
Full Max Req/Worst Slack updates 7 in 0.000203535 sec
Incr Max Req/Worst Slack updates 36 in 0.00130472 sec
Incr Criticality updates 28 in 0.00616298 sec
Full Criticality updates 15 in 0.00410177 sec
# Synchronize the packed netlist to routing optimization
## Annotating rr_node with routed nets
## Annotating rr_node with routed nets took 0.00 seconds (max_rss 99.9 MiB, delta_rss +0.0 MiB)
Found 3948 mismatches between routing and packing results.
Fixed 2558 routing traces due to mismatch between routing and packing results.
# Synchronize the packed netlist to routing optimization took 0.03 seconds (max_rss 99.9 MiB, delta_rss +0.0 MiB)
Final Clustering Statistics: 
----------   --------   ------------------------------------   --------------------------
Block Type   # Blocks   Avg. # of input clocks and pins used   Avg. # of output pins used
----------   --------   ------------------------------------   --------------------------
     EMPTY          0                                      0                            0   
        io         74                               0.486486                     0.513514   
       clb        112                                25.4196                      8.98214   
   dsp_top          0                                      0                            0   
    memory          0                                      0                            0   
Absorbed logical nets 1698 out of 2742 nets, 1044 nets not absorbed.


Average number of bends per net: 2.00288  Maximum # of bends: 93

Number of global nets: 3
Number of routed nets (nonglobal): 1041
Wire length results (in units of 1 clb segments)...
	Total wirelength: 16033, average net length: 15.4015
	Maximum net length: 632

Wire length results in terms of physical segments...
	Total wiring segments used: 4399, average wire segments per net: 4.22574
	Maximum segments used by a net: 182
	Total local nets with reserved CLB opins: 0
Total number of nets absorbed: 9

Routing channel utilization histogram:
[        1:      inf)   0 (  0.0%) |
[      0.9:        1)  14 (  4.1%) |******
[      0.8:      0.9)  31 (  9.2%) |**************
[      0.7:      0.8) 107 ( 31.7%) |***********************************************
[      0.5:      0.6)  39 ( 11.5%) |*****************
[      0.4:      0.5)  37 ( 10.9%) |****************
[      0.3:      0.4)  43 ( 12.7%) |*******************
[      0.2:      0.3)  29 (  8.6%) |*************
[      0.1:      0.2)  12 (  3.6%) |*****
[        0:      0.1)  26 (  7.7%) |***********
Maximum routing channel utilization:         1 at (8,0)

X - Directed channels: layer   y   max occ   ave occ   ave cap
                        ----- ---- -------- -------- --------
                            0    0       90   71.417       90
                            0    1       82   58.417       90
                            0    2       83   64.083       90
                            0    3       80   62.500       90
                            0    4       81   59.083       90
                            0    5       74   57.167       90
                            0    6       74   53.500       90
                            0    7       62   47.083       90
                            0    8       67   48.417       90
                            0    9       59   44.417       90
                            0   10       56   40.167       90
                            0   11       42   27.500       90
                            0   12       63   41.833       90
Y - Directed channels: layer   x   max occ   ave occ   ave cap
                        ----- ---- -------- -------- --------
                            0    0       38   27.250       90
                            0    1       31   25.667       90
                            0    2       42   30.000       90
                            0    3       57   43.417       90
                            0    4       64   48.750       90
                            0    5       64   49.083       90
                            0    6       65   51.833       90
                            0    7       73   62.000       90
                            0    8       75   62.167       90
                            0    9       75   62.000       90
                            0   10       78   64.500       90
                            0   11       79   62.500       90
                            0   12       87   71.333       90

Total existing wires segments: CHANX     14040, CHANY     14040, CHANZ         0, ALL     28080
Total used wires segments:     CHANX      8107, CHANY      7926, CHANZ         0, ALL     16033
Usage percentage:              CHANX     57.7%, CHANY     56.5%, CHANZ      0.0%, ALL     57.1%

Logic area (in minimum width transistor areas, excludes I/Os and empty grid tiles)...
	Total logic block area (Warning, need to add pitch of routing to blocks with height > 3): 4.93594e+06
	Total used logic block area: 3.12536e+06

Routing area (in minimum width transistor areas)...
	Total routing area: 1.30597e+06, per logic tile: 6663.10

Total Number of Wiring Segments by Direction: direction length number
                                              --------- ------ -------
                                                      X      4   3802
                                                      Y      4   3802
                                                      X     16    270
                                                      Y     16    270

X - Directed Wiring Segment usage by length: length utilization
                                             ------ -----------
                                             4       0.558
                                            16       0.356

Y - Directed Wiring Segment usage by length: length utilization
                                             ------ -----------
                                             4       0.557
                                            16       0.241

Segment occupancy by length: Length Occupancy Capacity Utilization
                             ------ --------- -------- -----------
                             L4          4238     7604       0.557
                             L16          161      540       0.298

Segment occupancy by type: name type utilization
                           ---- ---- -----------
                             L4    0       0.557
                            L16    1       0.298

Final hold Worst Negative Slack (hWNS): 0 ns
Final hold Total Negative Slack (hTNS): 0 ns
Final hold Worst Skew (hWS): 0 ns

Final hold slack histogram:
[  1.9e-10:  4.7e-10) 829 ( 89.2%) |***********************************************
[  4.7e-10:  7.5e-10)  42 (  4.5%) |**
[  7.5e-10:    1e-09)  41 (  4.4%) |**
[    1e-09:  1.3e-09)   6 (  0.6%) |
[  1.3e-09:  1.6e-09)   5 (  0.5%) |
[  1.6e-09:  1.9e-09)   3 (  0.3%) |
[  1.9e-09:  2.1e-09)   0 (  0.0%) |
[  2.1e-09:  2.4e-09)   1 (  0.1%) |
[  2.4e-09:  2.7e-09)   1 (  0.1%) |
[  2.7e-09:    3e-09)   1 (  0.1%) |

Final critical path delay (least slack): 10.6475 ns, Fmax: 93.9184 MHz
Final critical path skew: -0.04243 ns
Final setup Worst Negative Slack (sWNS): -10.6475 ns
Final setup Total Negative Slack (sTNS): -3863.53 ns
Final setup Worst Skew (sWS): -0.04243 ns

Final setup slack histogram:
[ -1.1e-08: -9.6e-09)  18 (  1.9%) |**
[ -9.6e-09: -8.6e-09)   5 (  0.5%) |*
[ -8.6e-09: -7.6e-09)   8 (  0.9%) |*
[ -7.6e-09: -6.6e-09)   1 (  0.1%) |
[ -6.6e-09: -5.6e-09)  33 (  3.6%) |****
[ -5.6e-09: -4.6e-09) 203 ( 21.9%) |************************
[ -4.6e-09: -3.5e-09) 406 ( 43.7%) |***********************************************
[ -3.5e-09: -2.5e-09) 212 ( 22.8%) |*************************
[ -2.5e-09: -1.5e-09)  12 (  1.3%) |*
[ -1.5e-09: -4.9e-10)  31 (  3.3%) |****

Final geomean non-virtual intra-domain period: 10.6475 ns (93.9184 MHz)
Final fanout-weighted geomean non-virtual intra-domain period: 10.6475 ns (93.9184 MHz)

Incr Slack updates 1 in 9.3711e-05 sec
Full Max Req/Worst Slack updates 1 in 2.8002e-05 sec
Incr Max Req/Worst Slack updates 0 in 0 sec
Incr Criticality updates 0 in 0 sec
Full Criticality updates 1 in 0.000262331 sec
Flow timing analysis took 0.923207 seconds (0.846903 STA, 0.0763044 slack) (135 full updates: 91 setup, 0 hold, 44 combined).
VPR succeeded
The entire flow of VPR took 4.80 seconds (max_rss 99.9 MiB)

