VPR FPGA Placement and Routing.
Version: 9.0.0-dev+v8.0.0-18248-g40f8d19708
Revision: v8.0.0-18248-g40f8d19708
Compiled: 2026-09-22T03:43:48
Compiler: GNU 13.3.0 on Linux-5.15.0-119-generic x86_64
Build Info: release IPO VTR_ASSERT_LEVEL=2

University of Toronto
verilogtorouting.org
vtr-users@googlegroups.com
This is free open source code under MIT license.

VPR was run with the following command-line:
/inspire/hdd/project/project-public/changshunjie-253114010247/changshunjie-253114010247/workspace/DAC2027/vtr/vtr-verilog-to-routing/vpr/vpr /inspire/hdd/project/project-public/changshunjie-253114010247/changshunjie-253114010247/workspace/DAC2027/vtr/vtr-verilog-to-routing/vtr_flow/arch/COFFE_22nm/k6FracN10LB_mem20K_complexDSP_customSB_22nm.xml /inspire/hdd/project/project-public/changshunjie-253114010247/changshunjie-253114010247/workspace/DAC2027/TailCompile/experiments/vtr/runs/pilot_v1/attention_layer/full-seed1-w300/attention_layer.pre-vpr.blif --analytical_place --route --analysis --ap_full_legalizer flat-recon --ap_detailed_placer annealer --seed 12 --route_chan_width 180 --write_flat_place /inspire/hdd/project/project-public/changshunjie-253114010247/changshunjie-253114010247/workspace/DAC2027/TailCompile/vtr_work/tailcompile_v3/attention_layer/4x4/gnn_candidate-fp2344ff25-flat-recon-annealer-seed12-w180-devw88/post_route.fplace --write_legalized_flat_place /inspire/hdd/project/project-public/changshunjie-253114010247/changshunjie-253114010247/workspace/DAC2027/TailCompile/vtr_work/tailcompile_v3/attention_layer/4x4/gnn_candidate-fp2344ff25-flat-recon-annealer-seed12-w180-devw88/post_legalizer.fplace --flat_place_verbosity 1 --device_width 88 --net_file /inspire/hdd/project/project-public/changshunjie-253114010247/changshunjie-253114010247/workspace/DAC2027/TailCompile/vtr_work/tailcompile_v3/attention_layer/4x4/gnn_candidate-fp2344ff25-flat-recon-annealer-seed12-w180-devw88/attention_layer.locked-input.net --read_flat_place /inspire/hdd/global_user/changshunjie-253114010247/workspace/DAC2027/TailCompile/experiments/vtr/tailcompile_v3/attention_layer/4x4/pools/bootstrap_24/candidate_22_seed13049.fplace

Using up to 1 parallel worker(s)

Architecture file: /inspire/hdd/project/project-public/changshunjie-253114010247/changshunjie-253114010247/workspace/DAC2027/vtr/vtr-verilog-to-routing/vtr_flow/arch/COFFE_22nm/k6FracN10LB_mem20K_complexDSP_customSB_22nm.xml
Circuit name: attention_layer.pre-vpr

# Loading Architecture Description
# Loading Architecture Description took 0.03 seconds (max_rss 31.6 MiB, delta_rss +0.0 MiB)

Timing analysis: ON
Circuit netlist file: /inspire/hdd/project/project-public/changshunjie-253114010247/changshunjie-253114010247/workspace/DAC2027/TailCompile/vtr_work/tailcompile_v3/attention_layer/4x4/gnn_candidate-fp2344ff25-flat-recon-annealer-seed12-w180-devw88/attention_layer.locked-input.net
Circuit placement file: attention_layer.pre-vpr.place
Circuit routing file: attention_layer.pre-vpr.route
Circuit SDC file: attention_layer.pre-vpr.sdc
Vpr floorplanning constraints file: not specified

Packer: DISABLED
Placer: DISABLED
Analytical Placer: ENABLED
Router: ENABLED
Analysis: ENABLED

VPR was run with the following options:

netlist_opts.absorb_buffer_luts            : true
netlist_opts.sweep_dangling_primary_ios    : true
netlist_opts.sweep_dangling_nets           : true
netlist_opts.sweep_dangling_blocks         : true
netlist_opts.sweep_constant_primary_outputs: false
netlist_opts.netlist_verbosity             : 1
netlist_opts.const_gen_inference           : COMB_SEQ

AnalyticalPlacerOpts.analytical_solver_type: lp-b2b
AnalyticalPlacerOpts.partial_legalizer_type: bipartitioning
AnalyticalPlacerOpts.full_legalizer_type: flat-recon
AnalyticalPlacerOpts.detailed_placer_type: annealer
AnalyticalPlacerOpts.ap_timing_tradeoff: 0.500000
AnalyticalPlacerOpts.ap_high_fanout_threshold: 256
AnalyticalPlacerOpts.log_verbosity: 1
router_opts.route_type: DETAILED
router_opts.flat_routing: false
router_opts.choke_points: on
router_opts.router_algorithm: TIMING_DRIVEN
router_opts.base_cost_type: DELAY_NORMALIZED_LENGTH
router_opts.fixed_channel_width: 180
router_opts.check_route: FULL
router_opts.acc_fac: 1.000000
router_opts.bb_factor: 3
router_opts.bend_cost: 0.000000
router_opts.first_iter_pres_fac: 0.000000
router_opts.initial_pres_fac: 0.500000
router_opts.pres_fac_mult: 1.300000
router_opts.max_pres_fac: 1000.000000
router_opts.max_router_iterations: 50
router_opts.min_incremental_reroute_fanout: 16
router_opts.initial_acc_cost_chan_congestion_threshold: 0.500000
router_opts.initial_acc_cost_chan_congestion_weight: 0.500000
router_opts.do_check_rr_graph: true
router_opts.verify_binary_search: false
router_opts.min_channel_width_hint: 0
router_opts.read_rr_edge_metadata: false
router_opts.exit_after_first_routing_iteration: false
router_opts.astar_fac: 1.200000
router_opts.astar_offset: 0.000000
router_opts.router_profiler_astar_fac: 1.200000
router_opts.enable_parallel_connection_router: false
router_opts.post_target_prune_fac: 1.200000
router_opts.post_target_prune_offset: 0
router_opts.multi_queue_num_threads: 1
router_opts.multi_queue_num_queues: 2
router_opts.multi_queue_direct_draining: false
router_opts.criticality_exp: 1.000000
router_opts.max_criticality: 0.990000
router_opts.init_wirelength_abort_threshold: 0.850000
router_opts.incr_reroute_delay_ripup: AUTO
router_opts.save_routing_per_iteration: false
router_opts.congested_routing_iteration_threshold_frac: 1.000000
router_opts.high_fanout_threshold: 64
router_opts.router_debug_net: -2
router_opts.router_debug_sink_rr: -2
router_opts.router_debug_iteration: -2
router_opts.max_convergence_count: 1
router_opts.reconvergence_cpd_threshold: 0.990000
router_opts.update_lower_bound_delays: true
router_opts.first_iteration_timing_report_file: 
router_opts.route_bb_update: DYNAMIC
router_opts.lookahead_type: MAP
router_opts.initial_timing: LOOKAHEAD
router_opts.router_heap: FOUR_ARY_HEAP
router_opts.routing_failure_predictor = SAFE
router_opts.routing_predictor_min_history: 8
router_opts.routing_budgets_algorithm = DISABLE

analysis_opts.gen_post_synthesis_netlist: false
analysis_opts.gen_post_implementation_merged_netlist: false
analysis_opts.gen_post_implementation_sdc: false
analysis_opts.timing_report_npaths: 100
analysis_opts.timing_report_skew: false
analysis_opts.echo_dot_timing_graph_node: -1
analysis_opts.timing_report_detail: NETLIST
analysis_opts.post_synth_netlist_unconn_input_handling: UNCONNECTED
analysis_opts.post_synth_netlist_unconn_output_handling: UNCONNECTED
analysis_opts.post_synth_netlist_module_parameters: on

# Building complex block graph
# Building complex block graph took 0.08 seconds (max_rss 31.6 MiB, delta_rss +0.0 MiB)
Circuit file: /inspire/hdd/project/project-public/changshunjie-253114010247/changshunjie-253114010247/workspace/DAC2027/TailCompile/experiments/vtr/runs/pilot_v1/attention_layer/full-seed1-w300/attention_layer.pre-vpr.blif
# Load circuit
Found 4 constant generator(s) in the netlist (2 constant-zero, 2 constant-one) (run with --netlist_verbosity 2 to list names)
# Load circuit took 0.54 seconds (max_rss 134.2 MiB, delta_rss +102.7 MiB)
# Clean circuit
Absorbed 7975 LUT buffers
Found 1090 primitive output pin(s) driven only by constants; marked them as constants
Swept input(s)      : 7
Swept output(s)     : 0 (0 dangling, 0 constant)
Swept net(s)        : 10126
Swept block(s)      : 33
Constant Pins Marked: 1090
# Clean circuit took 0.13 seconds (max_rss 134.2 MiB, delta_rss +0.0 MiB)
# Compress circuit
# Compress circuit took 0.07 seconds (max_rss 134.2 MiB, delta_rss +0.0 MiB)
# Verify circuit
# Verify circuit took 0.02 seconds (max_rss 134.2 MiB, delta_rss +0.0 MiB)
Circuit Statistics:
  Blocks: 40113
    .input            :    1052
    .latch            :    8844
    .names            :   17218
        0-LUT:       3
        1-LUT:    5989
        2-LUT:     920
        3-LUT:    4530
        4-LUT:    3023
        5-LUT:    1163
        6-LUT:    1590
    .output           :      32
    adder             :    9150
    addition_fp_clk_16:       1
    dual_port_ram     :    3680
    multiply          :     136
  Nets  : 50065
    Avg Fanout:     2.9
    Max Fanout: 12525.0
    Min Fanout:     1.0
  Netlist Clocks: 1
# Build Timing Graph
  Timing Graph Nodes: 245193
  Timing Graph Edges: 446068
  Timing Graph Levels: 66
# Build Timing Graph took 0.26 seconds (max_rss 202.4 MiB, delta_rss +63.7 MiB)
Netlist contains 1 clocks
  Netlist Clock 'clk' Fanout: 12525 pins (6.5%), 12525 blocks (31.2%)
# Load Timing Constraints

SDC file 'attention_layer.pre-vpr.sdc' not found
Setting default timing constraints:
   * constrain all primary inputs and primary outputs on netlist clock 'clk'
   * optimize netlist clock to run as fast as possible
Timing constraints created 1 clocks
  Constrained Clock 'clk' Source: 'clk.inpad[0]'

# Load Timing Constraints took 0.00 seconds (max_rss 202.4 MiB, delta_rss +0.0 MiB)
# Analytical Placement
## Prepacker

There is one chain in this architecture called "chain" with the following starting points:
	clb[0]/lab[0]/fle[0]/ble5[0]/arithmetic[0]/adder[0].cin[0]

## Prepacker took 0.04 seconds (max_rss 202.4 MiB, delta_rss +0.0 MiB)
## Initializing Pre-Cluster Timing
Using inter-cluster delay: 2.1832e-09
## Initializing Pre-Cluster Timing took 0.39 seconds (max_rss 207.8 MiB, delta_rss +5.4 MiB)
## Estimate Device Size
Device layout 'auto' with fixed width 88.
FPGA sized to 88 x 88: 7744 grid tiles (auto)
## Estimate Device Size took 0.00 seconds (max_rss 207.8 MiB, delta_rss +0.0 MiB)
## Ram Mapper
Flat Placement is provided, skipping the RAM mapping.
## Ram Mapper took 0.00 seconds (max_rss 207.8 MiB, delta_rss +0.0 MiB)
## Read Atom Netlist to AP Netlist
## Read Atom Netlist to AP Netlist took 0.30 seconds (max_rss 276.7 MiB, delta_rss +68.9 MiB)
Analytical Placement Netlist Statistics:
	AP Blocks: 25061
		Moveable AP Blocks: 25061
		Fixed AP Blocks: 0
	AP Nets: 34982
		Average Fanout: 2.94
		Highest Fanout: 257
	AP Pins: 193913

## Computing placement delta delay look-up
### Build routing resource graph
### Build routing resource graph took 6.50 seconds (max_rss 824.4 MiB, delta_rss +547.7 MiB)
  RR Graph Nodes: 1754700
  RR Graph Edges: 19490640
### Computing router lookahead map
#### Computing wire lookahead
#### Computing wire lookahead took 7.06 seconds (max_rss 824.4 MiB, delta_rss +0.0 MiB)
#### Computing src/opin lookahead
Warning 1: Found no more sample locations for SOURCE in io
Warning 2: Found no more sample locations for OPIN in io
Warning 3: Found no more sample locations for SOURCE in clb
Warning 4: Found no more sample locations for OPIN in clb
Warning 5: Found no more sample locations for SOURCE in dsp_top
Warning 6: Found no more sample locations for OPIN in dsp_top
Warning 7: Found no more sample locations for SOURCE in memory
Warning 8: Found no more sample locations for OPIN in memory
#### Computing src/opin lookahead took 0.22 seconds (max_rss 824.4 MiB, delta_rss +0.0 MiB)
### Computing router lookahead map took 7.31 seconds (max_rss 824.4 MiB, delta_rss +0.0 MiB)
Serial Connection Router is being destroyed. Time spent on path search: 0.000 seconds.
## Computing placement delta delay look-up took 14.17 seconds (max_rss 824.4 MiB, delta_rss +547.7 MiB)
Flat Placement is provided in the AP flow, skipping the Global Placement.
0 of 25061 molecules placed at device center (no atoms of these molecules found in flat placement).
## AP Full Legalizer
### Creating Clusters
Device (width, height): (88,88)
#### Sorting and Grouping Blocks by Tile
#### Sorting and Grouping Blocks by Tile took 0.01 seconds (max_rss 824.4 MiB, delta_rss +0.0 MiB)
#### Reconstruction Pass Clustering
#### Reconstruction Pass Clustering took 57.96 seconds (max_rss 824.4 MiB, delta_rss +0.0 MiB)
#### Orphan Window Clustering with search radius 8
#### Orphan Window Clustering with search radius 8 took 0.02 seconds (max_rss 824.4 MiB, delta_rss +0.0 MiB)
FPGA sized to 88 x 88: 7744 grid tiles (auto)
Device Utilization: 0.28 (target 1.00)
	Block Utilization: 0.39 Type: io
	Block Utilization: 0.19 Type: clb
	Block Utilization: 0.85 Type: dsp_top
	Block Utilization: 0.75 Type: memory

----------------------------------------------------------------
                       Clustering Summary                       
----------------------------------------------------------------
Clusters created (Self Clustering)                       : 2605
    dsp_top    : 107
    memory     : 194
    clb        : 1220
    io         : 1084
Clusters created (Orphan Window Clustering)              : 14
    clb        : 14
Total clusters                                           : 2619
Percent of clusters created in Orphan Window Clustering  : 0.53%
Molecules clustered in each stage breakdown  : (Total of 25061)
	Self Clustering          (0.998963)  : 25035
 	Neighbor Clustering      (0.000000)  : 0
	Orphan Window Clustering (0.001037)  : 26
----------------------------------------------------------------

Final Clustering Statistics: 
----------   --------   ------------------------------------   --------------------------
Block Type   # Blocks   Avg. # of input clocks and pins used   Avg. # of output pins used
----------   --------   ------------------------------------   --------------------------
     EMPTY          0                                      0                            0   
        io       1084                              0.0295203                      0.97048   
       clb       1234                                27.9692                      15.3752   
   dsp_top        107                                40.9813                      20.1869   
    memory        194                                49.6598                      18.9691   
Absorbed logical nets 24200 out of 50065 nets, 25865 nets not absorbed.
#### Load packing
##### Loading packed FPGA netlist file.
Netlist generated from file '/inspire/hdd/project/project-public/changshunjie-253114010247/changshunjie-253114010247/workspace/DAC2027/TailCompile/vtr_work/tailcompile_v3/attention_layer/4x4/gnn_candidate-fp2344ff25-flat-recon-annealer-seed12-w180-devw88/attention_layer.locked-input.net'.
Detected 3 constant generators (to see names run with higher pack verbosity)
##### Loading packed FPGA netlist file. took 2.11 seconds (max_rss 831.1 MiB, delta_rss +6.7 MiB)
Warning 9: Treated 2 constant nets as global which will not be routed (to see net names increase packer verbosity).
Netlist contains 5542 global net to non-global architecture pin connections
Found 2 logic block(s) with only 1 output pin and no inputs; they may be constant generators (run with --pack_verbosity 3 to list them)
Completed clustering consistency check successfully.
Cluster level netlist and block usage statistics
Netlist num_nets: 25865
Netlist num_blocks: 2619
Netlist EMPTY blocks: 0.
Netlist io blocks: 1084.
Netlist clb blocks: 1234.
Netlist dsp_top blocks: 107.
Netlist memory blocks: 194.
Netlist inputs pins: 1052
Netlist output pins: 32

Pb types usage...
  io                   : 1084
   inpad               : 1052
   outpad              : 32
  clb                  : 1234
   lab                 : 1234
    fle                : 11238
     ble5              : 19054
      flut5            : 9904
       lut5            : 9613
        lut            : 9613
       ff              : 8130
      arithmetic       : 9150
       lut4            : 6015
        lut            : 6015
       adder           : 9150
     ble6              : 1590
      lut6             : 1590
       lut             : 1590
      ff               : 714
  dsp_top              : 107
   dsp                 : 107
    dsp_pb             : 107
     two_mult_18x19    : 136
      mult_18x19       : 136
     adder_fp16        : 1
  memory               : 194
   mem_1024x20_dp      : 194
    memory_slice       : 3680

#### Load packing took 2.47 seconds (max_rss 831.1 MiB, delta_rss +6.7 MiB)
Netlist contains 5542 global net to non-global architecture pin connections
Found 2 logic block(s) with only 1 output pin and no inputs; they may be constant generators (run with --pack_verbosity 3 to list them)
Cluster level netlist and block usage statistics
Netlist num_nets: 25865
Netlist num_blocks: 2619
Netlist EMPTY blocks: 0.
Netlist io blocks: 1084.
Netlist clb blocks: 1234.
Netlist dsp_top blocks: 107.
Netlist memory blocks: 194.
Netlist inputs pins: 1052
Netlist output pins: 32
### Creating Clusters took 61.64 seconds (max_rss 831.1 MiB, delta_rss +6.7 MiB)
Completed clustering consistency check successfully.
FPGA sized to 88 x 88: 7744 grid tiles (auto)
### Compressed grid construction
### Compressed grid construction took 0.00 seconds (max_rss 831.1 MiB, delta_rss +0.0 MiB)
### Initial Placement
Placing clusters that are part of larger macros...
Number of blocks to be placed: 16
Max distance on device: 176
---- ---------- ---------- -------------
Pass Max Displ. Num Blocks Num Blocks   
     Threshold  Placed     Left Unplaced
---- ---------- ---------- -------------
   0          0         16             0

Placing general clusters...
Number of blocks to be placed: 2603
Max distance on device: 176
---- ---------- ---------- -------------
Pass Max Displ. Num Blocks Num Blocks   
     Threshold  Placed     Left Unplaced
---- ---------- ---------- -------------
   0          0       2588            15
   1          1          5            10
   2          2          3             7
   3          4          5             2
   4          8          2             0

### Initial Placement took 0.01 seconds (max_rss 831.1 MiB, delta_rss +0.0 MiB)
Flat Placement Reconstruction Info:
	Percent of clusters with reconstruction errors: 0.305460
	Total displacement of initial placement from flat placement: 15420.000000
	Average atom displacement of initial placement from flat placement: 0.384414
	Max atom displacement of initial placement from flat placement: 65.000000
	Percent of atoms misplaced from the flat placement: 1.520704
## AP Full Legalizer took 61.95 seconds (max_rss 831.1 MiB, delta_rss +6.7 MiB)

Resource usage...
	Netlist
		1084	blocks of type: io
	Architecture
		2752	blocks of type: io
	Netlist
		1234	blocks of type: clb
	Architecture
		6376	blocks of type: clb
	Netlist
		107	blocks of type: dsp_top
	Architecture
		126	blocks of type: dsp_top
	Netlist
		194	blocks of type: memory
	Architecture
		258	blocks of type: memory

Device Utilization: 0.28 (target 1.00)
	Physical Tile io:
	Block Utilization: 0.39 Logical Block: io
	Physical Tile clb:
	Block Utilization: 0.19 Logical Block: clb
	Physical Tile dsp_top:
	Block Utilization: 0.85 Logical Block: dsp_top
	Physical Tile memory:
	Block Utilization: 0.75 Logical Block: memory

## Computing placement delta delay look-up
RR graph channel widths unchanged, skipping RR graph rebuild
Serial Connection Router is being destroyed. Time spent on path search: 0.000 seconds.
## Computing placement delta delay look-up took 0.02 seconds (max_rss 831.1 MiB, delta_rss +0.0 MiB)
Using simple RL 'Softmax agent' for choosing move and block types

Completed placement consistency check successfully.
Initial placement cost: 1 bb_cost: 5818.51 td_cost: 1.61581e-05
Initial placement BB estimate of wirelength: 1.0467e+06
Initial placement estimated Critical Path Delay (CPD): 17.0424 ns
Initial placement estimated setup Total Negative Slack (sTNS): -129948 ns
Initial placement estimated setup Worst Negative Slack (sWNS): -17.0424 ns

Initial placement estimated setup slack histogram:
[ -1.7e-08: -1.5e-08)     1 (  0.0%) |
[ -1.5e-08: -1.4e-08)    14 (  0.0%) |
[ -1.4e-08: -1.2e-08)    43 (  0.1%) |
[ -1.2e-08:   -1e-08)    91 (  0.2%) |
[   -1e-08: -8.6e-09)   261 (  0.5%) |
[ -8.6e-09: -6.9e-09)   765 (  1.4%) |*
[ -6.9e-09: -5.2e-09)  1433 (  2.7%) |**
[ -5.2e-09: -3.6e-09)  3319 (  6.3%) |*****
[ -3.6e-09: -1.9e-09) 27689 ( 52.5%) |*********************************************
[ -1.9e-09: -1.9e-10) 19146 ( 36.3%) |*******************************
Placement contains 8 placement macros involving 16 blocks (average macro size 2.000000)

Moves per temperature: 18045
## AP Detailed Placer

---- ------ ------- ------- ---------- ---------- ------- ---------- -------- ------- ------- ------ -------- --------- ------
Tnum  Time     T    AvCost  Av BB Cost Av TD Cost   CPD      sTNS      sWNS   AcRate  StdDev  R lim  CritExp  TotMoves  Alpha 
     (sec)                                          (ns)     (ns)      (ns)                                                   
---- ------ ------- ------- ---------- ---------- ------- ---------- -------- ------- ------- ------ -------- --------- ------
   1    0.2 7.7e-04   1.007    4918.67 1.7381e-05  12.297  -1.22e+05  -12.297   0.832  0.0114   87.0     1.00      18045  1.000
   2    0.2 6.9e-04   0.963    4665.92 1.5884e-05  13.308  -1.15e+05  -13.308   0.824  0.0166   87.0     1.00      36090  0.900
   3    0.2 6.2e-04   0.978    4592.83 1.6969e-05  12.217  -1.19e+05  -12.217   0.817  0.0103   87.0     1.00      54135  0.900
   4    0.2 5.6e-04   0.960    4383.90 1.562e-05   12.843  -1.15e+05  -12.843   0.799  0.0129   87.0     1.00      72180  0.900
   5    0.2 5.3e-04   0.953    4132.23 1.802e-05   10.713  -1.18e+05  -10.713   0.784  0.0204   87.0     1.00      90225  0.950
   6    0.2 5.1e-04   0.973    3909.44 1.4608e-05  12.592  -1.16e+05  -12.592   0.769  0.0113   87.0     1.00     108270  0.950
   7    0.2 4.8e-04   0.969    3816.27 1.4384e-05  12.666  -1.12e+05  -12.666   0.759  0.0178   87.0     1.00     126315  0.950
   8    0.2 4.6e-04   0.971    3619.81 1.609e-05   10.882  -1.14e+05  -10.882   0.754  0.0133   87.0     1.00     144360  0.950
   9    0.2 4.3e-04   0.974    3441.72 1.4163e-05  11.969  -1.11e+05  -11.969   0.741  0.0130   87.0     1.00     162405  0.950
  10    0.2 4.1e-04   0.964    3292.85 1.5894e-05  10.389  -1.12e+05  -10.389   0.734  0.0159   87.0     1.00     180450  0.950
  11    0.2 3.9e-04   0.961    3111.81 1.3963e-05  11.482  -1.11e+05  -11.482   0.727  0.0144   87.0     1.00     198495  0.950
  12    0.2 3.7e-04   0.978    2986.95 1.3323e-05  11.781  -1.09e+05  -11.781   0.713  0.0128   87.0     1.00     216540  0.950
  13    0.2 3.5e-04   0.983    2885.64 1.327e-05   11.416  -1.11e+05  -11.416   0.701  0.0065   87.0     1.00     234585  0.950
  14    0.2 3.4e-04   0.979    2781.11 1.413e-05   10.537  -1.11e+05  -10.537   0.691  0.0105   87.0     1.00     252630  0.950
  15    0.2 3.2e-04   0.972    2666.59 1.3258e-05  11.028  -1.09e+05  -11.028   0.682  0.0114   87.0     1.00     270675  0.950
  16    0.2 3.0e-04   0.974    2567.88 1.3562e-05  10.539  -1.07e+05  -10.539   0.679  0.0102   87.0     1.00     288720  0.950
  17    0.2 2.9e-04   0.981    2501.87 1.4631e-05   9.582  -1.08e+05   -9.582   0.666  0.0083   87.0     1.00     306765  0.950
  18    0.2 2.7e-04   0.982    2408.15 1.2368e-05  11.167  -1.07e+05  -11.167   0.657  0.0068   87.0     1.00     324810  0.950
  19    0.2 2.6e-04   0.977    2327.23 1.1487e-05  11.907  -1.11e+05  -11.907   0.651  0.0095   87.0     1.00     342855  0.950
  20    0.2 2.5e-04   0.982    2293.97 1.366e-05    9.748  -1.07e+05   -9.748   0.639  0.0078   87.0     1.00     360900  0.950
  21    0.2 2.3e-04   0.988    2255.96 1.4293e-05   9.201  -1.06e+05   -9.201   0.629  0.0063   87.0     1.00     378945  0.950
  22    0.2 2.2e-04   0.986    2211.47 1.3599e-05   9.616  -1.06e+05   -9.616   0.630  0.0076   87.0     1.00     396990  0.950
  23    0.2 2.1e-04   0.986    2172.26 1.3266e-05   9.714  -1.08e+05   -9.714   0.615  0.0077   87.0     1.00     415035  0.950
  24    0.2 2.0e-04   0.989    2134.04 1.3803e-05   9.214  -1.05e+05   -9.214   0.605  0.0034   87.0     1.00     433080  0.950
  25    0.2 1.9e-04   0.988    2104.13 1.3582e-05   9.303  -1.05e+05   -9.303   0.595  0.0063   87.0     1.00     451125  0.950
  26    0.2 1.8e-04   0.982    2057.66 1.4611e-05   8.537  -1.07e+05   -8.537   0.578  0.0082   87.0     1.00     469170  0.950
  27    0.2 1.7e-04   0.993    2046.13 1.4094e-05   8.783  -1.05e+05   -8.783   0.580  0.0041   87.0     1.00     487215  0.950
  28    0.2 1.6e-04   0.986    2017.60 1.3069e-05   9.437  -1.05e+05   -9.437   0.564  0.0064   87.0     1.00     505260  0.950
  29    0.2 1.6e-04   0.990    1981.27 1.2959e-05   9.391  -1.03e+05   -9.391   0.555  0.0039   87.0     1.00     523305  0.950
  30    0.2 1.5e-04   0.989    1959.94 1.3595e-05   8.863  -1.03e+05   -8.863   0.546  0.0043   87.0     1.00     541350  0.950
  31    0.2 1.4e-04   0.993    1938.58 1.3137e-05   9.124  -1.03e+05   -9.124   0.535  0.0024   87.0     1.00     559395  0.950
  32    0.2 1.3e-04   0.986    1910.78 1.3697e-05   8.707  -1.04e+05   -8.707   0.525  0.0049   87.0     1.00     577440  0.950
  33    0.2 1.3e-04   0.984    1890.15 1.3673e-05   8.660  -1.04e+05   -8.660   0.510  0.0051   87.0     1.00     595485  0.950
  34    0.2 1.2e-04   0.993    1873.44 1.3893e-05   8.426  -1.03e+05   -8.426   0.501  0.0045   87.0     1.00     613530  0.950
  35    0.5 1.1e-04   0.988    1847.25 1.2596e-05   9.272  -1.04e+05   -9.272   0.499  0.0052   87.0     1.00     631575  0.950
  36    0.4 1.1e-04   0.989    1824.43 1.3061e-05   8.853  -1.02e+05   -8.853   0.488  0.0044   87.0     1.00     649620  0.950
  37    0.3 1.0e-04   0.991    1806.06 1.2802e-05   8.976  -1.04e+05   -8.976   0.474  0.0026   87.0     1.00     667665  0.950
  38    0.5 9.8e-05   0.991    1799.87 1.2317e-05   9.291  -1.02e+05   -9.291   0.460  0.0038   87.0     1.00     685710  0.950
  39    0.5 9.3e-05   0.993    1782.55 1.3399e-05   8.457  -1.03e+05   -8.457   0.449  0.0033   87.0     1.00     703755  0.950
  40    0.5 8.9e-05   0.990    1757.63 1.2586e-05   8.929  -1.03e+05   -8.929   0.438  0.0042   87.0     1.00     721800  0.950
  41    0.5 8.4e-05   0.992    1747.35 1.2175e-05   9.033  -1.03e+05   -9.033   0.427  0.0023   86.8     1.01     739845  0.950
  42    0.5 8.0e-05   0.990    1725.93 1.1041e-05   9.101  -1.01e+05   -9.101   0.412  0.0034   85.7     1.11     757890  0.950
  43    0.5 7.6e-05   0.992    1717.56 9.3349e-06   9.036  -1.02e+05   -9.036   0.412  0.0037   83.3     1.30     775935  0.950
  44    0.5 7.2e-05   0.991    1700.08 8.4983e-06   8.580  -1.02e+05   -8.580   0.402  0.0044   80.9     1.49     793980  0.950
  45    0.5 6.8e-05   0.992    1696.17 7.2418e-06   8.451  -1.02e+05   -8.451   0.388  0.0030   77.9     1.74     812025  0.950
  46    0.5 6.5e-05   0.993    1687.57 5.4783e-06   8.633  -1.02e+05   -8.633   0.383  0.0031   73.9     2.07     830070  0.950
  47    0.4 6.2e-05   0.990    1661.22 4.6573e-06   8.358  -1.03e+05   -8.358   0.365  0.0038   69.6     2.41     848115  0.950
  48    0.5 5.9e-05   0.990    1644.36 3.6452e-06   8.305  -1.06e+05   -8.305   0.356  0.0042   64.4     2.84     866160  0.950
  49    0.4 5.6e-05   0.993    1640.51 3.0321e-06   8.137  -1.04e+05   -8.137   0.346  0.0036   59.0     3.28     884205  0.950
  50    0.5 5.3e-05   0.989    1614.84 2.3512e-06   8.158  -1.05e+05   -8.158   0.336  0.0049   53.5     3.73     902250  0.950
  51    0.4 5.0e-05   0.996    1604.89 1.8537e-06   8.183  -1.07e+05   -8.183   0.325  0.0024   47.9     4.18     920295  0.950
  52    0.5 4.8e-05   0.992    1593.81 1.785e-06    7.873  -1.03e+05   -7.873   0.326  0.0021   42.4     4.63     938340  0.950
  53    0.5 4.5e-05   0.993    1582.64 1.1759e-06   8.271  -1.03e+05   -8.271   0.315  0.0030   37.6     5.02     956385  0.950
  54    0.2 4.3e-05   0.996    1572.10 1.2531e-06   7.873  -1.06e+05   -7.873   0.312  0.0028   32.9     5.41     974430  0.950
  55    0.5 4.1e-05   0.995    1559.34 1.0809e-06   7.873  -1.09e+05   -7.873   0.300  0.0023   28.7     5.75     992475  0.950
  56    0.5 3.9e-05   0.994    1551.39 9.358e-07    7.873  -1.08e+05   -7.873   0.292  0.0027   24.6     6.08    1010520  0.950
  57    0.4 3.7e-05   0.995    1541.22 8.6187e-07   7.843  -1.09e+05   -7.843   0.289  0.0021   21.0     6.37    1028565  0.950
  58    0.5 3.5e-05   0.993    1530.92 7.8561e-07   7.843  -1.07e+05   -7.843   0.292  0.0030   17.8     6.63    1046610  0.950
  59    0.2 3.3e-05   0.994    1520.28 7.0811e-07   7.843  -1.07e+05   -7.843   0.282  0.0026   15.2     6.85    1064655  0.950
  60    0.5 3.2e-05   0.990    1501.73 6.6575e-07   7.843  -1.07e+05   -7.843   0.289  0.0042   12.8     7.04    1082700  0.950
  61    0.5 3.0e-05   0.996    1488.70 5.0628e-07   8.026  -1.06e+05   -8.026   0.283  0.0025   10.9     7.20    1100745  0.950
  62    0.4 2.9e-05   0.995    1477.82 4.8512e-07   8.026  -1.06e+05   -8.026   0.269  0.0029    9.2     7.34    1118790  0.950
  63    0.4 2.7e-05   0.997    1468.79 4.7947e-07   7.932  -1.06e+05   -7.932   0.268  0.0016    7.6     7.46    1136835  0.950
  64    0.4 2.6e-05   0.996    1461.02 4.5696e-07   7.932  -1.05e+05   -7.932   0.261  0.0020    6.3     7.57    1154880  0.950
  65    0.5 2.5e-05   0.995    1450.94 4.3621e-07   7.932  -1.05e+05   -7.932   0.255  0.0018    5.2     7.66    1172925  0.950
  66    0.5 2.3e-05   0.997    1443.52 4.2663e-07   7.903  -1.04e+05   -7.903   0.252  0.0015    4.2     7.74    1190970  0.950
  67    0.5 2.2e-05   0.997    1435.62 4.1374e-07   7.903  -1.04e+05   -7.903   0.248  0.0019    3.4     7.80    1209015  0.950
  68    0.4 2.1e-05   0.997    1427.57 4.1415e-07   7.903  -1.05e+05   -7.903   0.256  0.0013    2.8     7.86    1227060  0.950
  69    0.5 2.0e-05   0.998    1424.23 3.8277e-07   7.932  -1.05e+05   -7.932   0.250  0.0008    2.3     7.90    1245105  0.950
  70    0.4 1.9e-05   0.996    1418.44 3.7682e-07   7.932  -1.04e+05   -7.932   0.261  0.0016    1.8     7.93    1263150  0.950
  71    0.5 1.8e-05   0.998    1413.56 3.6568e-07   7.932  -1.04e+05   -7.932   0.246  0.0006    1.5     7.96    1281195  0.950
  72    0.5 1.7e-05   0.999    1413.53 3.7404e-07   7.903  -1.04e+05   -7.903   0.243  0.0004    1.2     7.98    1299240  0.950
  73    0.5 1.6e-05   0.998    1410.12 3.5871e-07   7.932  -1.04e+05   -7.932   0.244  0.0007    1.0     8.00    1317285  0.950
  74    0.5 1.5e-05   0.997    1406.96 3.6804e-07   7.903  -1.04e+05   -7.903   0.229  0.0009    1.0     8.00    1335330  0.950
  75    0.5 1.5e-05   0.999    1405.71 3.5308e-07   7.932  -1.04e+05   -7.932   0.226  0.0005    1.0     8.00    1353375  0.950
  76    0.4 1.4e-05   0.999    1403.16 3.5482e-07   7.932  -1.04e+05   -7.932   0.220  0.0007    1.0     8.00    1371420  0.950
  77    0.5 1.3e-05   0.999    1399.62 3.6212e-07   7.903  -1.04e+05   -7.903   0.207  0.0005    1.0     8.00    1389465  0.950
  78    0.5 1.3e-05   0.999    1398.05 3.5438e-07   7.932  -1.04e+05   -7.932   0.208  0.0003    1.0     8.00    1407510  0.950
  79    0.5 1.2e-05   0.999    1398.69 3.6362e-07   7.903  -1.04e+05   -7.903   0.197  0.0007    1.0     8.00    1425555  0.950
  80    0.5 1.1e-05   0.999    1397.23 3.4921e-07   7.932  -1.04e+05   -7.932   0.199  0.0004    1.0     8.00    1443600  0.950
  81    0.5 1.1e-05   0.999    1394.86 3.5347e-07   7.932  -1.03e+05   -7.932   0.194  0.0004    1.0     8.00    1461645  0.950
  82    0.3 1.0e-05   0.999    1393.77 3.5479e-07   7.932  -1.03e+05   -7.932   0.193  0.0004    1.0     8.00    1479690  0.950
  83    0.4 9.8e-06   0.999    1392.47 3.4959e-07   7.932  -1.03e+05   -7.932   0.188  0.0002    1.0     8.00    1497735  0.950
  84    0.5 9.3e-06   0.999    1391.26 3.4995e-07   7.932  -1.03e+05   -7.932   0.184  0.0004    1.0     8.00    1515780  0.950
  85    0.5 8.8e-06   0.999    1388.93 3.5217e-07   7.932  -1.04e+05   -7.932   0.184  0.0005    1.0     8.00    1533825  0.950
  86    0.5 8.4e-06   0.999    1387.19 3.5899e-07   7.903  -1.03e+05   -7.903   0.182  0.0004    1.0     8.00    1551870  0.950
  87    0.4 7.9e-06   0.999    1385.05 3.4926e-07   7.932  -1.04e+05   -7.932   0.176  0.0003    1.0     8.00    1569915  0.950
  88    0.2 7.5e-06   0.999    1383.02 3.4962e-07   7.932  -1.04e+05   -7.932   0.175  0.0005    1.0     8.00    1587960  0.950
  89    0.2 7.2e-06   0.999    1381.55 3.4872e-07   7.932  -1.03e+05   -7.932   0.168  0.0002    1.0     8.00    1606005  0.950
  90    0.2 6.8e-06   0.999    1380.94 3.4903e-07   7.932  -1.04e+05   -7.932   0.169  0.0003    1.0     8.00    1624050  0.950
  91    0.2 6.5e-06   0.999    1380.79 3.4793e-07   7.932  -1.04e+05   -7.932   0.165  0.0002    1.0     8.00    1642095  0.950
  92    0.2 6.1e-06   0.999    1379.54 3.4774e-07   7.932  -1.04e+05   -7.932   0.164  0.0004    1.0     8.00    1660140  0.950
  93    0.2 5.8e-06   0.999    1378.15 3.4786e-07   7.932  -1.05e+05   -7.932   0.158  0.0002    1.0     8.00    1678185  0.950
  94    0.2 5.5e-06   1.000    1377.42 3.473e-07    7.932  -1.05e+05   -7.932   0.161  0.0002    1.0     8.00    1696230  0.950
  95    0.2 5.3e-06   1.000    1376.83 3.4618e-07   7.932  -1.04e+05   -7.932   0.162  0.0002    1.0     8.00    1714275  0.950
  96    0.2 5.0e-06   1.000    1376.20 3.472e-07    7.932  -1.04e+05   -7.932   0.158  0.0002    1.0     8.00    1732320  0.950
  97    0.2 4.8e-06   0.999    1375.55 3.4647e-07   7.932  -1.04e+05   -7.932   0.156  0.0002    1.0     8.00    1750365  0.950
  98    0.2 4.5e-06   1.000    1375.30 3.467e-07    7.932  -1.04e+05   -7.932   0.154  0.0002    1.0     8.00    1768410  0.950
  99    0.2 4.3e-06   0.999    1374.77 3.4525e-07   7.932  -1.05e+05   -7.932   0.154  0.0003    1.0     8.00    1786455  0.950
 100    0.2 4.1e-06   1.000    1373.91 3.4515e-07   7.932  -1.04e+05   -7.932   0.151  0.0002    1.0     8.00    1804500  0.950
 101    0.2 3.9e-06   1.000    1373.40 3.4545e-07   7.932  -1.04e+05   -7.932   0.151  0.0002    1.0     8.00    1822545  0.950
 102    0.2 3.7e-06   1.000    1373.14 3.5372e-07   7.903  -1.04e+05   -7.903   0.150  0.0002    1.0     8.00    1840590  0.950
Agent's 2nd state: 
 103    0.2 2.9e-06   1.000    1372.77 3.4398e-07   7.932  -1.04e+05   -7.932   0.148  0.0002    1.0     8.00    1858635  0.800
Checkpoint saved: bb_costs=1372.51, TD costs=3.54962e-07, CPD=  7.903 (ns) 
 104    0.2 2.4e-06   0.999    1372.06 3.5472e-07   7.903  -1.04e+05   -7.903   0.098  0.0002    1.0     8.00    1876680  0.800
 105    0.2 1.9e-06   1.000    1371.64 3.441e-07    7.932  -1.04e+05   -7.932   0.132  0.0001    1.0     8.00    1894725  0.800
 106    0.2 1.5e-06   1.000    1371.62 3.5367e-07   7.903  -1.05e+05   -7.903   0.095  0.0001    1.0     8.00    1912770  0.800
 107    0.2 1.2e-06   1.000    1371.19 3.4328e-07   7.932  -1.04e+05   -7.932   0.116  0.0002    1.0     8.00    1930815  0.800
 108    0.2 9.6e-07   1.000    1371.12 3.5441e-07   7.903  -1.04e+05   -7.903   0.090  0.0001    1.0     8.00    1948860  0.800
 109    0.2 7.7e-07   1.000    1370.89 3.4276e-07   7.932  -1.05e+05   -7.932   0.095  0.0002    1.0     8.00    1966905  0.800
 110    0.2 6.2e-07   1.000    1370.75 3.5361e-07   7.903  -1.05e+05   -7.903   0.089  0.0001    1.0     8.00    1984950  0.800
 111    0.2 4.9e-07   1.000    1370.52 3.4378e-07   7.932  -1.05e+05   -7.932   0.087  0.0001    1.0     8.00    2002995  0.800
 112    0.2 4.0e-07   1.000    1370.44 3.5351e-07   7.903  -1.04e+05   -7.903   0.086  0.0001    1.0     8.00    2021040  0.800
 113    0.2 3.2e-07   1.000    1370.28 3.4386e-07   7.932  -1.04e+05   -7.932   0.089  0.0001    1.0     8.00    2039085  0.800
 114    0.2 2.5e-07   1.000    1370.26 3.5268e-07   7.903  -1.04e+05   -7.903   0.083  0.0001    1.0     8.00    2057130  0.800
 115    0.2 2.0e-07   1.000    1370.18 3.429e-07    7.932  -1.04e+05   -7.932   0.088  0.0001    1.0     8.00    2075175  0.800
 116    0.2 0.0e+00   1.000    1369.90 3.534e-07    7.903  -1.04e+05   -7.903   0.050  0.0001    1.0     8.00    2093220  0.800
### Placement Quench took 0.19 seconds (max_rss 831.1 MiB)
post-quench CPD = 7.93232 (ns) 

Checkpoint restored

Completed placement consistency check successfully.

Swaps called: 2095839

Aborted Move Reasons:
  duplicate block move to location: 5
  macro move to location illegal: 2
  macro_from swap to location illegal: 1242

BB estimate of min-dist (placement) wire length: 246827

Placement estimated critical path delay (least slack): 7.90262 ns, Fmax: 126.54 MHz
Placement estimated critical path skew: -0.04243 ns
Placement estimated setup Worst Negative Slack (sWNS): -7.90262 ns
Placement estimated setup Total Negative Slack (sTNS): -103961 ns
Placement estimated setup Worst Skew (sWS): -0.04243 ns

Placement estimated setup slack histogram:
[ -7.9e-09: -7.1e-09)     5 (  0.0%) |
[ -7.1e-09: -6.4e-09)    57 (  0.1%) |
[ -6.4e-09: -5.6e-09)   195 (  0.4%) |
[ -5.6e-09: -4.8e-09)   508 (  1.0%) |*
[ -4.8e-09:   -4e-09)   561 (  1.1%) |*
[   -4e-09: -3.3e-09)  2096 (  4.0%) |*****
[ -3.3e-09: -2.5e-09)  6464 ( 12.3%) |***************
[ -2.5e-09: -1.7e-09) 18917 ( 35.9%) |*********************************************
[ -1.7e-09: -9.6e-10) 18199 ( 34.5%) |*******************************************
[ -9.6e-10: -1.9e-10)  5760 ( 10.9%) |**************

Placement estimated geomean non-virtual intra-domain period: 7.90262 ns (126.54 MHz)
Placement estimated fanout-weighted geomean non-virtual intra-domain period: 7.90262 ns (126.54 MHz)

Placement cost: 1, bb_cost: 1372.51, td_cost: 3.54962e-07, 

Placement resource usage:
  io      implemented as io     : 1084
  clb     implemented as clb    : 1234
  dsp_top implemented as dsp_top: 107
  memory  implemented as memory : 194

Placement number of temperatures: 116
Placement total # of swap attempts: 2095839
	Swaps accepted:  760972 (36.3 %)
	Swaps rejected: 1321050 (63.0 %)
	Swaps aborted:   13817 ( 0.7 %)


Placement perturbation distribution by block and move type: 
------------------ ----------------- ---------------- ---------------- --------------- ------------ 
    Block Type         Move Type       (%) of Total      Accepted(%)     Rejected(%)    Aborted(%)
------------------ ----------------- ---------------- ---------------- --------------- ------------ 
io                 Uniform                9.90             53.66           46.34          0.00         
                   Median                 9.81             59.70           39.51          0.79         
                   Centroid               9.83             60.08           39.92          0.00         
                   W. Centroid            9.82             60.08           39.92          0.01         
                   W. Median              0.66             25.72           73.50          0.79         

clb                Uniform                11.16            6.74            93.14          0.12         
                   Median                 11.24            34.77           64.44          0.79         
                   Centroid               11.19            32.70           67.18          0.12         
                   W. Centroid            11.29            33.43           66.45          0.12         
                   W. Median              0.75             2.07            97.14          0.79         
                   Crit. Uniform          1.60             0.70            99.30          0.00         
                   Feasible Region        1.60             2.58            97.42          0.00         

dsp_top            Uniform                0.96             1.82            98.18          0.00         
                   Median                 0.96             4.59            88.08          7.33         
                   Centroid               0.97             4.19            88.66          7.15         
                   W. Centroid            0.97             4.45            88.31          7.25         
                   W. Median              0.07             0.34            83.40          16.26        

memory             Uniform                1.77             7.73            92.27          0.00         
                   Median                 1.76             15.28           78.26          6.47         
                   Centroid               1.77             12.37           82.84          4.79         
                   W. Centroid            1.76             12.54           87.46          0.00         
                   W. Median              0.12             2.96            81.88          15.17        


Placement Quench timing analysis took 0.04671 seconds (0.0378912 STA, 0.00881881 slack) (1 full updates: 1 setup, 0 hold, 0 combined).
Placement Total  timing analysis took 10.945 seconds (8.4056 STA, 2.53939 slack) (119 full updates: 119 setup, 0 hold, 0 combined).
update_td_costs: connections 0.0566477 nets 0 sum_nets 0.0226138 total 0.203196
## AP Detailed Placer took 36.47 seconds (max_rss 839.5 MiB, delta_rss +8.4 MiB)
Incr Slack updates 119 in 0.65298 sec
Full Max Req/Worst Slack updates 50 in 0.0561286 sec
Incr Max Req/Worst Slack updates 69 in 0.167647 sec
Incr Criticality updates 32 in 0.17248 sec
Full Criticality updates 87 in 0.966082 sec
Incr Slack updates 1 in 0.0025521 sec
Full Max Req/Worst Slack updates 1 in 0.00143137 sec
Incr Max Req/Worst Slack updates 0 in 0 sec
Incr Criticality updates 0 in 0 sec
Full Criticality updates 1 in 0.0105397 sec
# Analytical Placement took 114.04 seconds (max_rss 839.5 MiB, delta_rss +637.2 MiB)


# Routing
RR graph channel widths unchanged, skipping RR graph rebuild
## Initializing router criticalities
Initial Net Connection Criticality Histogram:
[        0:      0.1) 7085 ( 14.6%) |***************************************
[      0.1:      0.2) 8290 ( 17.1%) |**********************************************
[      0.2:      0.3) 6959 ( 14.3%) |***************************************
[      0.3:      0.4) 3431 (  7.1%) |*******************
[      0.4:      0.5) 6800 ( 14.0%) |**************************************
[      0.5:      0.6) 7291 ( 15.0%) |****************************************
[      0.6:      0.7) 5801 ( 11.9%) |********************************
[      0.7:      0.8) 2257 (  4.6%) |*************
[      0.8:      0.9)  566 (  1.2%) |***
[      0.9:        1)   85 (  0.2%) |
## Initializing router criticalities took 0.64 seconds (max_rss 839.5 MiB, delta_rss +0.0 MiB)
---- ------ ------- ---- ------- ------- ------- ----------------- --------------- -------- ---------- ---------- ---------- ---------- --------
Iter   Time    pres  BBs    Heap  Re-Rtd  Re-Rtd Overused RR Nodes      Wirelength      CPD       sTNS       sWNS       hTNS       hWNS Est Succ
      (sec)     fac Updt    push    Nets   Conns                                       (ns)       (ns)       (ns)       (ns)       (ns)     Iter
---- ------ ------- ---- ------- ------- ------- ----------------- --------------- -------- ---------- ---------- ---------- ---------- --------
   1    1.0     0.0    0 6171130   25862   41715   20548 ( 1.171%)  394019 (14.6%)    8.821 -1.587e+05     -8.821      0.000      0.000      N/A
   2    0.9     0.5    0 5180508   17387   31282    8827 ( 0.503%)  392684 (14.6%)    7.359 -1.431e+05     -7.359      0.000      0.000      N/A
   3    0.6     0.6    0 3236948   10924   20844    6547 ( 0.373%)  396656 (14.7%)    7.256 -1.409e+05     -7.256      0.000      0.000      N/A
   4    0.5     0.8    0 2373995    8508   16759    4961 ( 0.283%)  398814 (14.8%)    7.256 -1.400e+05     -7.256      0.000      0.000      N/A
   5    0.4     1.1    0 1618504    6636   13407    3646 ( 0.208%)  401009 (14.9%)    7.256 -1.403e+05     -7.256      0.000      0.000      N/A
   6    0.3     1.4    0 1058464    5093   10613    2707 ( 0.154%)  403010 (15.0%)    7.185 -1.373e+05     -7.185      0.000      0.000      N/A
   7    0.3     1.9    0  756079    3938    8415    2001 ( 0.114%)  404841 (15.0%)    7.187 -1.375e+05     -7.187      0.000      0.000      N/A
   8    0.2     2.4    0  537457    2976    6470    1382 ( 0.079%)  406726 (15.1%)    7.185 -1.376e+05     -7.185      0.000      0.000      N/A
   9    0.2     3.1    0  400762    2090    4730     895 ( 0.051%)  408395 (15.2%)    7.185 -1.376e+05     -7.185      0.000      0.000       29
  10    0.2     4.1    0  265991    1323    3217     541 ( 0.031%)  410099 (15.2%)    7.185 -1.376e+05     -7.185      0.000      0.000       26
  11    0.2     5.3    0  173993     803    1860     291 ( 0.017%)  411046 (15.3%)    7.185 -1.377e+05     -7.185      0.000      0.000       24
  12    0.1     6.9    0  103273     426    1020     142 ( 0.008%)  411699 (15.3%)    7.185 -1.377e+05     -7.185      0.000      0.000       22
  13    0.1     9.0    0   61840     214     523      60 ( 0.003%)  412163 (15.3%)    7.185 -1.377e+05     -7.185      0.000      0.000       21
  14    0.1    11.6    0   29225      85     227      22 ( 0.001%)  412348 (15.3%)    7.185 -1.377e+05     -7.185      0.000      0.000       19
  15    0.1    15.1    0   11727      28     100       5 ( 0.000%)  412444 (15.3%)    7.185 -1.377e+05     -7.185      0.000      0.000       18
  16    0.1    19.7    0    5591       7      13       1 ( 0.000%)  412456 (15.3%)    7.185 -1.377e+05     -7.185      0.000      0.000       17
  17    0.1    25.6    0     735       2       2       1 ( 0.000%)  412456 (15.3%)    7.185 -1.377e+05     -7.185      0.000      0.000       17
  18    0.1    33.3    0     538       1       1       1 ( 0.000%)  412456 (15.3%)    7.185 -1.377e+05     -7.185      0.000      0.000       17
  19    0.1    43.3    0     521       1       1       0 ( 0.000%)  412468 (15.3%)    7.185 -1.377e+05     -7.185      0.000      0.000      N/A
Restoring best routing
Critical path: 7.1847 ns
Successfully routed after 19 routing iterations.
Final Net Connection Criticality Histogram:
[        0:      0.1) 7287 ( 15.0%) |************************************
[      0.1:      0.2) 4329 (  8.9%) |**********************
[      0.2:      0.3) 7570 ( 15.6%) |**************************************
[      0.3:      0.4) 4714 (  9.7%) |************************
[      0.4:      0.5) 3454 (  7.1%) |*****************
[      0.5:      0.6) 9219 ( 19.0%) |**********************************************
[      0.6:      0.7) 6544 ( 13.5%) |*********************************
[      0.7:      0.8) 3797 (  7.8%) |*******************
[      0.8:      0.9) 1254 (  2.6%) |******
[      0.9:        1)  397 (  0.8%) |**
Router Stats: total_nets_routed: 86304 total_connections_routed: 161199 total_heap_pushes: 21987281 total_heap_pops: 5998749 
Serial Connection Router is being destroyed. Time spent on path search: 2.786 seconds.
# Routing took 6.77 seconds (max_rss 864.0 MiB, delta_rss +24.5 MiB)

Checking to ensure routing is legal...
# Checking to ensure non-configurable edges are legal
# Checking to ensure non-configurable edges are legal took 0.09 seconds (max_rss 864.0 MiB, delta_rss +0.0 MiB)
Completed routing consistency check successfully.

Serial number (magic cookie) for the routing is: 499697974
Circuit successfully routed with a channel width factor of 180.
Incr Slack updates 20 in 0.0331015 sec
Full Max Req/Worst Slack updates 5 in 0.00578227 sec
Incr Max Req/Worst Slack updates 15 in 0.0228888 sec
Incr Criticality updates 13 in 0.0379883 sec
Full Criticality updates 7 in 0.0451455 sec
# Synchronize the packed netlist to routing optimization
## Annotating rr_node with routed nets
## Annotating rr_node with routed nets took 0.01 seconds (max_rss 864.0 MiB, delta_rss +0.0 MiB)
Found 43912 mismatches between routing and packing results.
Fixed 30704 routing traces due to mismatch between routing and packing results.
# Synchronize the packed netlist to routing optimization took 0.29 seconds (max_rss 864.0 MiB, delta_rss +0.0 MiB)
Final Clustering Statistics: 
----------   --------   ------------------------------------   --------------------------
Block Type   # Blocks   Avg. # of input clocks and pins used   Avg. # of output pins used
----------   --------   ------------------------------------   --------------------------
     EMPTY          0                                      0                            0   
        io       1084                              0.0295203                      0.97048   
       clb       1234                                27.9692                      15.3752   
   dsp_top        107                                40.9813                      20.1869   
    memory        194                                49.6598                      18.9691   
Absorbed logical nets 24200 out of 50065 nets, 25865 nets not absorbed.


Average number of bends per net: 1.53101  Maximum # of bends: 260

Number of global nets: 3
Number of routed nets (nonglobal): 25862
Wire length results (in units of 1 clb segments)...
	Total wirelength: 412468, average net length: 15.9488
	Maximum net length: 2385

Wire length results in terms of physical segments...
	Total wiring segments used: 92145, average wire segments per net: 3.56295
	Maximum segments used by a net: 503
	Total local nets with reserved CLB opins: 0
Total number of nets absorbed: 8

Routing channel utilization histogram:
[        1:      inf)    0 (  0.0%) |
[      0.9:        1)    0 (  0.0%) |
[      0.8:      0.9)    0 (  0.0%) |
[      0.7:      0.8)   22 (  0.1%) |
[      0.5:      0.6)  149 (  1.0%) |*
[      0.4:      0.5)  745 (  4.9%) |*****
[      0.3:      0.4) 1484 (  9.8%) |**********
[      0.2:      0.3) 2249 ( 14.9%) |**************
[      0.1:      0.2) 3307 ( 21.8%) |*********************
[        0:      0.1) 7182 ( 47.4%) |**********************************************
Maximum routing channel utilization:      0.68 at (37,51)

X - Directed channels: layer   y   max occ   ave occ   ave cap
                        ----- ---- -------- -------- --------
                            0    0       58   27.453      180
                            0    1        5    0.791      180
                            0    2       11    1.907      180
                            0    3       26    2.465      180
                            0    4       52    4.791      180
                            0    5       49    4.465      180
                            0    6       50    4.698      180
                            0    7       52    6.442      180
                            0    8       40    7.198      180
                            0    9       33    8.012      180
                            0   10       62   13.105      180
                            0   11       51   13.151      180
                            0   12       65   14.663      180
                            0   13       55   17.593      180
                            0   14       82   26.163      180
                            0   15       67   24.744      180
                            0   16       77   20.686      180
                            0   17       59   18.535      180
                            0   18       68   21.209      180
                            0   19       52   16.849      180
                            0   20       51   12.849      180
                            0   21       54   16.488      180
                            0   22       74   20.535      180
                            0   23       51   16.686      180
                            0   24       36   14.000      180
                            0   25       42   15.326      180
                            0   26       59   20.267      180
                            0   27       70   28.558      180
                            0   28       79   28.884      180
                            0   29       77   24.919      180
                            0   30      102   37.151      180
                            0   31       87   42.791      180
                            0   32       76   31.872      180
                            0   33       62   23.884      180
                            0   34       61   26.465      180
                            0   35       66   27.256      180
                            0   36       85   32.058      180
                            0   37       87   32.605      180
                            0   38       77   32.000      180
                            0   39       84   35.860      180
                            0   40       84   33.756      180
                            0   41       76   33.616      180
                            0   42       71   34.419      180
                            0   43       77   31.756      180
                            0   44       90   35.372      180
                            0   45       91   42.105      180
                            0   46       84   41.733      180
                            0   47       92   43.698      180
                            0   48       93   42.535      180
                            0   49       78   38.163      180
                            0   50       92   33.442      180
                            0   51      117   41.477      180
                            0   52      105   42.860      180
                            0   53       96   36.779      180
                            0   54       90   37.209      180
                            0   55       96   38.442      180
                            0   56       85   37.081      180
                            0   57       97   41.151      180
                            0   58       92   38.407      180
                            0   59       93   40.186      180
                            0   60       95   40.395      180
                            0   61       94   39.093      180
                            0   62       91   41.430      180
                            0   63      102   53.000      180
                            0   64      107   48.244      180
                            0   65       77   38.221      180
                            0   66       86   33.291      180
                            0   67       86   31.453      180
                            0   68       86   29.349      180
                            0   69       82   30.430      180
                            0   70       80   30.430      180
                            0   71       86   30.965      180
                            0   72       92   28.105      180
                            0   73       97   26.407      180
                            0   74       89   26.558      180
                            0   75       75   26.070      180
                            0   76       86   23.384      180
                            0   77       81   19.512      180
                            0   78       75   20.849      180
                            0   79       69   17.791      180
                            0   80       58   14.349      180
                            0   81       60   10.651      180
                            0   82       50   12.488      180
                            0   83       45   10.174      180
                            0   84       19    3.023      180
                            0   85        9    2.140      180
                            0   86       71   30.407      180
Y - Directed channels: layer   x   max occ   ave occ   ave cap
                        ----- ---- -------- -------- --------
                            0    0       81   22.977      180
                            0    1       45   23.267      180
                            0    2       57   30.686      180
                            0    3       45   11.291      180
                            0    4       61   20.256      180
                            0    5       82   32.558      180
                            0    6       78   31.198      180
                            0    7       65   17.012      180
                            0    8       57    9.872      180
                            0    9       21    4.279      180
                            0   10       26    2.884      180
                            0   11       12    2.663      180
                            0   12       24    2.674      180
                            0   13       30    8.407      180
                            0   14       50   13.767      180
                            0   15       42   13.756      180
                            0   16       49   19.802      180
                            0   17       71   45.977      180
                            0   18       90   52.721      180
                            0   19       79   26.988      180
                            0   20       87   35.349      180
                            0   21      111   61.035      180
                            0   22      104   59.186      180
                            0   23       77   33.570      180
                            0   24       74   33.116      180
                            0   25       80   28.488      180
                            0   26       88   22.814      180
                            0   27       83   21.302      180
                            0   28       82   21.605      180
                            0   29       92   30.686      180
                            0   30       91   40.360      180
                            0   31       88   40.105      180
                            0   32       93   41.593      180
                            0   33       98   64.512      180
                            0   34      107   69.895      180
                            0   35       94   47.581      180
                            0   36      100   54.733      180
                            0   37      122   72.698      180
                            0   38      122   65.453      180
                            0   39       80   38.081      180
                            0   40       62   27.267      180
                            0   41       88   32.291      180
                            0   42       80   28.709      180
                            0   43       75   19.884      180
                            0   44       72   19.198      180
                            0   45       52   21.221      180
                            0   46       40   25.035      180
                            0   47       40   16.000      180
                            0   48       50   23.233      180
                            0   49       84   50.105      180
                            0   50       82   55.686      180
                            0   51       73   31.256      180
                            0   52      103   45.349      180
                            0   53      106   56.279      180
                            0   54       92   42.256      180
                            0   55       80   18.093      180
                            0   56       75   17.116      180
                            0   57       69   12.419      180
                            0   58       80   11.209      180
                            0   59       77   10.267      180
                            0   60       56    8.651      180
                            0   61       56   10.512      180
                            0   62       36   15.698      180
                            0   63       28   12.802      180
                            0   64       21   13.756      180
                            0   65       68   44.105      180
                            0   66       83   54.919      180
                            0   67       81   35.965      180
                            0   68      104   47.860      180
                            0   69      114   58.349      180
                            0   70       95   40.988      180
                            0   71       65   22.930      180
                            0   72       39   12.070      180
                            0   73       44   12.686      180
                            0   74       42   13.907      180
                            0   75       16    7.093      180
                            0   76       13    5.547      180
                            0   77       22    8.000      180
                            0   78       27   15.860      180
                            0   79       33   17.221      180
                            0   80       41   19.279      180
                            0   81       73   44.163      180
                            0   82       91   51.686      180
                            0   83       78   34.640      180
                            0   84       69   33.384      180
                            0   85       70   33.581      180
                            0   86       47   24.651      180

Total existing wires segments: CHANX   1346760, CHANY   1346760, CHANZ         0, ALL   2693520
Total used wires segments:     CHANX    194168, CHANY    218300, CHANZ         0, ALL    412468
Usage percentage:              CHANX     14.4%, CHANY     16.2%, CHANZ      0.0%, ALL     15.3%

Logic area (in minimum width transistor areas, excludes I/Os and empty grid tiles)...
	Total logic block area (Warning, need to add pitch of routing to blocks with height > 3): 2.4541e+08
	Total used logic block area: 8.82956e+07

Routing area (in minimum width transistor areas)...
	Total routing area: 1.06814e+08, per logic tile: 13793.2

Total Number of Wiring Segments by Direction: direction length number
                                              --------- ------ -------
                                                      X      4 301976
                                                      Y      4 301976
                                                      X     16  13192
                                                      Y     16  13192

X - Directed Wiring Segment usage by length: length utilization
                                             ------ -----------
                                             4       0.142
                                            16       0.115

Y - Directed Wiring Segment usage by length: length utilization
                                             ------ -----------
                                             4        0.15
                                            16       0.186

Segment occupancy by length: Length Occupancy Capacity Utilization
                             ------ --------- -------- -----------
                             L4         88171   603952       0.146
                             L16         3974    26384       0.151

Segment occupancy by type: name type utilization
                           ---- ---- -----------
                             L4    0       0.146
                            L16    1       0.151

Final hold Worst Negative Slack (hWNS): 0 ns
Final hold Total Negative Slack (hTNS): 0 ns
Final hold Worst Skew (hWS): 0 ns

Final hold slack histogram:
[  4.1e-11:  5.6e-10) 3691 (  7.0%) |*******************
[  5.6e-10:  1.1e-09) 6960 ( 13.2%) |************************************
[  1.1e-09:  1.6e-09) 5868 ( 11.1%) |******************************
[  1.6e-09:  2.1e-09) 7892 ( 15.0%) |*****************************************
[  2.1e-09:  2.6e-09) 7958 ( 15.1%) |*****************************************
[  2.6e-09:  3.2e-09) 8929 ( 16.9%) |**********************************************
[  3.2e-09:  3.7e-09) 7234 ( 13.7%) |*************************************
[  3.7e-09:  4.2e-09) 2923 (  5.5%) |***************
[  4.2e-09:  4.7e-09)  987 (  1.9%) |*****
[  4.7e-09:  5.2e-09)  320 (  0.6%) |**

Final critical path delay (least slack): 7.1847 ns, Fmax: 139.185 MHz
Final critical path skew: -0.04243 ns
Final setup Worst Negative Slack (sWNS): -7.1847 ns
Final setup Total Negative Slack (sTNS): -137704 ns
Final setup Worst Skew (sWS): -0.04243 ns

Final setup slack histogram:
[ -7.2e-09: -6.5e-09)    58 (  0.1%) |
[ -6.5e-09: -5.8e-09)   159 (  0.3%) |*
[ -5.8e-09: -5.1e-09)   557 (  1.1%) |**
[ -5.1e-09: -4.4e-09)  1429 (  2.7%) |*****
[ -4.4e-09: -3.7e-09)  6318 ( 12.0%) |***********************
[ -3.7e-09:   -3e-09) 10768 ( 20.4%) |**************************************
[   -3e-09: -2.3e-09) 11671 ( 22.1%) |******************************************
[ -2.3e-09: -1.6e-09) 12636 ( 23.9%) |*********************************************
[ -1.6e-09: -8.9e-10)  8496 ( 16.1%) |******************************
[ -8.9e-10: -1.9e-10)   670 (  1.3%) |**

Final geomean non-virtual intra-domain period: 7.1847 ns (139.185 MHz)
Final fanout-weighted geomean non-virtual intra-domain period: 7.1847 ns (139.185 MHz)

Incr Slack updates 1 in 0.0017428 sec
Full Max Req/Worst Slack updates 1 in 0.00119319 sec
Incr Max Req/Worst Slack updates 0 in 0 sec
Incr Criticality updates 0 in 0 sec
Full Criticality updates 1 in 0.00663122 sec
Flow timing analysis took 14.3687 seconds (11.5062 STA, 2.8624 slack) (141 full updates: 120 setup, 0 hold, 21 combined).
VPR succeeded
The entire flow of VPR took 125.36 seconds (max_rss 864.0 MiB)

