VPR FPGA Placement and Routing.
Version: 9.0.0-dev+v8.0.0-18248-g40f8d19708
Revision: v8.0.0-18248-g40f8d19708
Compiled: 2026-09-22T03:43:48
Compiler: GNU 13.3.0 on Linux-5.15.0-119-generic x86_64
Build Info: release IPO VTR_ASSERT_LEVEL=2

University of Toronto
verilogtorouting.org
vtr-users@googlegroups.com
This is free open source code under MIT license.

VPR was run with the following command-line:
/inspire/hdd/project/project-public/changshunjie-253114010247/changshunjie-253114010247/workspace/DAC2027/vtr/vtr-verilog-to-routing/vpr/vpr /inspire/hdd/project/project-public/changshunjie-253114010247/changshunjie-253114010247/workspace/DAC2027/vtr/vtr-verilog-to-routing/vtr_flow/arch/COFFE_22nm/k6FracN10LB_mem20K_complexDSP_customSB_22nm.xml /inspire/hdd/project/project-public/changshunjie-253114010247/changshunjie-253114010247/workspace/DAC2027/TailCompile/experiments/vtr/runs/pilot_v1/attention_layer/full-seed1-w300/attention_layer.pre-vpr.blif --analytical_place --route --analysis --ap_full_legalizer flat-recon --ap_detailed_placer annealer --seed 11 --route_chan_width 180 --write_flat_place /inspire/hdd/project/project-public/changshunjie-253114010247/changshunjie-253114010247/workspace/DAC2027/TailCompile/vtr_work/tailcompile_v3/attention_layer/4x4/gnn_candidate-fp6a5d1219-flat-recon-annealer-seed11-w180-devw88/post_route.fplace --write_legalized_flat_place /inspire/hdd/project/project-public/changshunjie-253114010247/changshunjie-253114010247/workspace/DAC2027/TailCompile/vtr_work/tailcompile_v3/attention_layer/4x4/gnn_candidate-fp6a5d1219-flat-recon-annealer-seed11-w180-devw88/post_legalizer.fplace --flat_place_verbosity 1 --device_width 88 --net_file /inspire/hdd/project/project-public/changshunjie-253114010247/changshunjie-253114010247/workspace/DAC2027/TailCompile/vtr_work/tailcompile_v3/attention_layer/4x4/gnn_candidate-fp6a5d1219-flat-recon-annealer-seed11-w180-devw88/attention_layer.locked-input.net --read_flat_place /inspire/hdd/global_user/changshunjie-253114010247/workspace/DAC2027/TailCompile/experiments/vtr/tailcompile_v3/attention_layer/4x4/pools/bootstrap_24/candidate_23_seed13050.fplace

Using up to 1 parallel worker(s)

Architecture file: /inspire/hdd/project/project-public/changshunjie-253114010247/changshunjie-253114010247/workspace/DAC2027/vtr/vtr-verilog-to-routing/vtr_flow/arch/COFFE_22nm/k6FracN10LB_mem20K_complexDSP_customSB_22nm.xml
Circuit name: attention_layer.pre-vpr

# Loading Architecture Description
# Loading Architecture Description took 0.03 seconds (max_rss 31.6 MiB, delta_rss +0.0 MiB)

Timing analysis: ON
Circuit netlist file: /inspire/hdd/project/project-public/changshunjie-253114010247/changshunjie-253114010247/workspace/DAC2027/TailCompile/vtr_work/tailcompile_v3/attention_layer/4x4/gnn_candidate-fp6a5d1219-flat-recon-annealer-seed11-w180-devw88/attention_layer.locked-input.net
Circuit placement file: attention_layer.pre-vpr.place
Circuit routing file: attention_layer.pre-vpr.route
Circuit SDC file: attention_layer.pre-vpr.sdc
Vpr floorplanning constraints file: not specified

Packer: DISABLED
Placer: DISABLED
Analytical Placer: ENABLED
Router: ENABLED
Analysis: ENABLED

VPR was run with the following options:

netlist_opts.absorb_buffer_luts            : true
netlist_opts.sweep_dangling_primary_ios    : true
netlist_opts.sweep_dangling_nets           : true
netlist_opts.sweep_dangling_blocks         : true
netlist_opts.sweep_constant_primary_outputs: false
netlist_opts.netlist_verbosity             : 1
netlist_opts.const_gen_inference           : COMB_SEQ

AnalyticalPlacerOpts.analytical_solver_type: lp-b2b
AnalyticalPlacerOpts.partial_legalizer_type: bipartitioning
AnalyticalPlacerOpts.full_legalizer_type: flat-recon
AnalyticalPlacerOpts.detailed_placer_type: annealer
AnalyticalPlacerOpts.ap_timing_tradeoff: 0.500000
AnalyticalPlacerOpts.ap_high_fanout_threshold: 256
AnalyticalPlacerOpts.log_verbosity: 1
router_opts.route_type: DETAILED
router_opts.flat_routing: false
router_opts.choke_points: on
router_opts.router_algorithm: TIMING_DRIVEN
router_opts.base_cost_type: DELAY_NORMALIZED_LENGTH
router_opts.fixed_channel_width: 180
router_opts.check_route: FULL
router_opts.acc_fac: 1.000000
router_opts.bb_factor: 3
router_opts.bend_cost: 0.000000
router_opts.first_iter_pres_fac: 0.000000
router_opts.initial_pres_fac: 0.500000
router_opts.pres_fac_mult: 1.300000
router_opts.max_pres_fac: 1000.000000
router_opts.max_router_iterations: 50
router_opts.min_incremental_reroute_fanout: 16
router_opts.initial_acc_cost_chan_congestion_threshold: 0.500000
router_opts.initial_acc_cost_chan_congestion_weight: 0.500000
router_opts.do_check_rr_graph: true
router_opts.verify_binary_search: false
router_opts.min_channel_width_hint: 0
router_opts.read_rr_edge_metadata: false
router_opts.exit_after_first_routing_iteration: false
router_opts.astar_fac: 1.200000
router_opts.astar_offset: 0.000000
router_opts.router_profiler_astar_fac: 1.200000
router_opts.enable_parallel_connection_router: false
router_opts.post_target_prune_fac: 1.200000
router_opts.post_target_prune_offset: 0
router_opts.multi_queue_num_threads: 1
router_opts.multi_queue_num_queues: 2
router_opts.multi_queue_direct_draining: false
router_opts.criticality_exp: 1.000000
router_opts.max_criticality: 0.990000
router_opts.init_wirelength_abort_threshold: 0.850000
router_opts.incr_reroute_delay_ripup: AUTO
router_opts.save_routing_per_iteration: false
router_opts.congested_routing_iteration_threshold_frac: 1.000000
router_opts.high_fanout_threshold: 64
router_opts.router_debug_net: -2
router_opts.router_debug_sink_rr: -2
router_opts.router_debug_iteration: -2
router_opts.max_convergence_count: 1
router_opts.reconvergence_cpd_threshold: 0.990000
router_opts.update_lower_bound_delays: true
router_opts.first_iteration_timing_report_file: 
router_opts.route_bb_update: DYNAMIC
router_opts.lookahead_type: MAP
router_opts.initial_timing: LOOKAHEAD
router_opts.router_heap: FOUR_ARY_HEAP
router_opts.routing_failure_predictor = SAFE
router_opts.routing_predictor_min_history: 8
router_opts.routing_budgets_algorithm = DISABLE

analysis_opts.gen_post_synthesis_netlist: false
analysis_opts.gen_post_implementation_merged_netlist: false
analysis_opts.gen_post_implementation_sdc: false
analysis_opts.timing_report_npaths: 100
analysis_opts.timing_report_skew: false
analysis_opts.echo_dot_timing_graph_node: -1
analysis_opts.timing_report_detail: NETLIST
analysis_opts.post_synth_netlist_unconn_input_handling: UNCONNECTED
analysis_opts.post_synth_netlist_unconn_output_handling: UNCONNECTED
analysis_opts.post_synth_netlist_module_parameters: on

# Building complex block graph
# Building complex block graph took 0.08 seconds (max_rss 31.6 MiB, delta_rss +0.0 MiB)
Circuit file: /inspire/hdd/project/project-public/changshunjie-253114010247/changshunjie-253114010247/workspace/DAC2027/TailCompile/experiments/vtr/runs/pilot_v1/attention_layer/full-seed1-w300/attention_layer.pre-vpr.blif
# Load circuit
Found 4 constant generator(s) in the netlist (2 constant-zero, 2 constant-one) (run with --netlist_verbosity 2 to list names)
# Load circuit took 0.55 seconds (max_rss 134.2 MiB, delta_rss +102.7 MiB)
# Clean circuit
Absorbed 7975 LUT buffers
Found 1090 primitive output pin(s) driven only by constants; marked them as constants
Swept input(s)      : 7
Swept output(s)     : 0 (0 dangling, 0 constant)
Swept net(s)        : 10126
Swept block(s)      : 33
Constant Pins Marked: 1090
# Clean circuit took 0.13 seconds (max_rss 134.2 MiB, delta_rss +0.0 MiB)
# Compress circuit
# Compress circuit took 0.07 seconds (max_rss 134.2 MiB, delta_rss +0.0 MiB)
# Verify circuit
# Verify circuit took 0.02 seconds (max_rss 134.2 MiB, delta_rss +0.0 MiB)
Circuit Statistics:
  Blocks: 40113
    .input            :    1052
    .latch            :    8844
    .names            :   17218
        0-LUT:       3
        1-LUT:    5989
        2-LUT:     920
        3-LUT:    4530
        4-LUT:    3023
        5-LUT:    1163
        6-LUT:    1590
    .output           :      32
    adder             :    9150
    addition_fp_clk_16:       1
    dual_port_ram     :    3680
    multiply          :     136
  Nets  : 50065
    Avg Fanout:     2.9
    Max Fanout: 12525.0
    Min Fanout:     1.0
  Netlist Clocks: 1
# Build Timing Graph
  Timing Graph Nodes: 245193
  Timing Graph Edges: 446068
  Timing Graph Levels: 66
# Build Timing Graph took 0.23 seconds (max_rss 202.0 MiB, delta_rss +62.4 MiB)
Netlist contains 1 clocks
  Netlist Clock 'clk' Fanout: 12525 pins (6.5%), 12525 blocks (31.2%)
# Load Timing Constraints

SDC file 'attention_layer.pre-vpr.sdc' not found
Setting default timing constraints:
   * constrain all primary inputs and primary outputs on netlist clock 'clk'
   * optimize netlist clock to run as fast as possible
Timing constraints created 1 clocks
  Constrained Clock 'clk' Source: 'clk.inpad[0]'

# Load Timing Constraints took 0.00 seconds (max_rss 202.0 MiB, delta_rss +0.0 MiB)
# Analytical Placement
## Prepacker

There is one chain in this architecture called "chain" with the following starting points:
	clb[0]/lab[0]/fle[0]/ble5[0]/arithmetic[0]/adder[0].cin[0]

## Prepacker took 0.04 seconds (max_rss 202.0 MiB, delta_rss +0.0 MiB)
## Initializing Pre-Cluster Timing
Using inter-cluster delay: 2.1832e-09
## Initializing Pre-Cluster Timing took 0.38 seconds (max_rss 206.9 MiB, delta_rss +4.9 MiB)
## Estimate Device Size
Device layout 'auto' with fixed width 88.
FPGA sized to 88 x 88: 7744 grid tiles (auto)
## Estimate Device Size took 0.00 seconds (max_rss 206.9 MiB, delta_rss +0.0 MiB)
## Ram Mapper
Flat Placement is provided, skipping the RAM mapping.
## Ram Mapper took 0.00 seconds (max_rss 206.9 MiB, delta_rss +0.0 MiB)
## Read Atom Netlist to AP Netlist
## Read Atom Netlist to AP Netlist took 0.28 seconds (max_rss 274.5 MiB, delta_rss +67.6 MiB)
Analytical Placement Netlist Statistics:
	AP Blocks: 25061
		Moveable AP Blocks: 25061
		Fixed AP Blocks: 0
	AP Nets: 34982
		Average Fanout: 2.94
		Highest Fanout: 257
	AP Pins: 193913

## Computing placement delta delay look-up
### Build routing resource graph
### Build routing resource graph took 6.45 seconds (max_rss 821.9 MiB, delta_rss +547.4 MiB)
  RR Graph Nodes: 1754700
  RR Graph Edges: 19490640
### Computing router lookahead map
#### Computing wire lookahead
#### Computing wire lookahead took 6.97 seconds (max_rss 821.9 MiB, delta_rss +0.0 MiB)
#### Computing src/opin lookahead
Warning 1: Found no more sample locations for SOURCE in io
Warning 2: Found no more sample locations for OPIN in io
Warning 3: Found no more sample locations for SOURCE in clb
Warning 4: Found no more sample locations for OPIN in clb
Warning 5: Found no more sample locations for SOURCE in dsp_top
Warning 6: Found no more sample locations for OPIN in dsp_top
Warning 7: Found no more sample locations for SOURCE in memory
Warning 8: Found no more sample locations for OPIN in memory
#### Computing src/opin lookahead took 0.22 seconds (max_rss 821.9 MiB, delta_rss +0.0 MiB)
### Computing router lookahead map took 7.22 seconds (max_rss 821.9 MiB, delta_rss +0.0 MiB)
Serial Connection Router is being destroyed. Time spent on path search: 0.000 seconds.
## Computing placement delta delay look-up took 14.03 seconds (max_rss 821.9 MiB, delta_rss +547.4 MiB)
Flat Placement is provided in the AP flow, skipping the Global Placement.
0 of 25061 molecules placed at device center (no atoms of these molecules found in flat placement).
## AP Full Legalizer
### Creating Clusters
Device (width, height): (88,88)
#### Sorting and Grouping Blocks by Tile
#### Sorting and Grouping Blocks by Tile took 0.01 seconds (max_rss 821.9 MiB, delta_rss +0.0 MiB)
#### Reconstruction Pass Clustering
#### Reconstruction Pass Clustering took 57.89 seconds (max_rss 821.9 MiB, delta_rss +0.0 MiB)
#### Orphan Window Clustering with search radius 8
#### Orphan Window Clustering with search radius 8 took 0.02 seconds (max_rss 821.9 MiB, delta_rss +0.0 MiB)
FPGA sized to 88 x 88: 7744 grid tiles (auto)
Device Utilization: 0.28 (target 1.00)
	Block Utilization: 0.39 Type: io
	Block Utilization: 0.19 Type: clb
	Block Utilization: 0.85 Type: dsp_top
	Block Utilization: 0.75 Type: memory

----------------------------------------------------------------
                       Clustering Summary                       
----------------------------------------------------------------
Clusters created (Self Clustering)                       : 2605
    dsp_top    : 107
    memory     : 194
    clb        : 1220
    io         : 1084
Clusters created (Orphan Window Clustering)              : 15
    clb        : 15
Total clusters                                           : 2620
Percent of clusters created in Orphan Window Clustering  : 0.57%
Molecules clustered in each stage breakdown  : (Total of 25061)
	Self Clustering          (0.998963)  : 25035
 	Neighbor Clustering      (0.000000)  : 0
	Orphan Window Clustering (0.001037)  : 26
----------------------------------------------------------------

Final Clustering Statistics: 
----------   --------   ------------------------------------   --------------------------
Block Type   # Blocks   Avg. # of input clocks and pins used   Avg. # of output pins used
----------   --------   ------------------------------------   --------------------------
     EMPTY          0                                      0                            0   
        io       1084                              0.0295203                      0.97048   
       clb       1235                                27.9466                      15.3628   
   dsp_top        107                                40.9813                      20.1869   
    memory        194                                49.6598                      18.9691   
Absorbed logical nets 24200 out of 50065 nets, 25865 nets not absorbed.
#### Load packing
##### Loading packed FPGA netlist file.
Netlist generated from file '/inspire/hdd/project/project-public/changshunjie-253114010247/changshunjie-253114010247/workspace/DAC2027/TailCompile/vtr_work/tailcompile_v3/attention_layer/4x4/gnn_candidate-fp6a5d1219-flat-recon-annealer-seed11-w180-devw88/attention_layer.locked-input.net'.
Detected 3 constant generators (to see names run with higher pack verbosity)
##### Loading packed FPGA netlist file. took 2.05 seconds (max_rss 832.6 MiB, delta_rss +10.7 MiB)
Warning 9: Treated 2 constant nets as global which will not be routed (to see net names increase packer verbosity).
Netlist contains 5542 global net to non-global architecture pin connections
Found 2 logic block(s) with only 1 output pin and no inputs; they may be constant generators (run with --pack_verbosity 3 to list them)
Completed clustering consistency check successfully.
Cluster level netlist and block usage statistics
Netlist num_nets: 25865
Netlist num_blocks: 2620
Netlist EMPTY blocks: 0.
Netlist io blocks: 1084.
Netlist clb blocks: 1235.
Netlist dsp_top blocks: 107.
Netlist memory blocks: 194.
Netlist inputs pins: 1052
Netlist output pins: 32

Pb types usage...
  io                   : 1084
   inpad               : 1052
   outpad              : 32
  clb                  : 1235
   lab                 : 1235
    fle                : 11239
     ble5              : 19054
      flut5            : 9904
       lut5            : 9613
        lut            : 9613
       ff              : 8130
      arithmetic       : 9150
       lut4            : 6015
        lut            : 6015
       adder           : 9150
     ble6              : 1590
      lut6             : 1590
       lut             : 1590
      ff               : 714
  dsp_top              : 107
   dsp                 : 107
    dsp_pb             : 107
     two_mult_18x19    : 136
      mult_18x19       : 136
     adder_fp16        : 1
  memory               : 194
   mem_1024x20_dp      : 194
    memory_slice       : 3680

#### Load packing took 2.42 seconds (max_rss 832.6 MiB, delta_rss +10.7 MiB)
Netlist contains 5542 global net to non-global architecture pin connections
Found 2 logic block(s) with only 1 output pin and no inputs; they may be constant generators (run with --pack_verbosity 3 to list them)
Cluster level netlist and block usage statistics
Netlist num_nets: 25865
Netlist num_blocks: 2620
Netlist EMPTY blocks: 0.
Netlist io blocks: 1084.
Netlist clb blocks: 1235.
Netlist dsp_top blocks: 107.
Netlist memory blocks: 194.
Netlist inputs pins: 1052
Netlist output pins: 32
### Creating Clusters took 61.52 seconds (max_rss 832.6 MiB, delta_rss +10.7 MiB)
Completed clustering consistency check successfully.
FPGA sized to 88 x 88: 7744 grid tiles (auto)
### Compressed grid construction
### Compressed grid construction took 0.00 seconds (max_rss 832.6 MiB, delta_rss +0.0 MiB)
### Initial Placement
Placing clusters that are part of larger macros...
Number of blocks to be placed: 16
Max distance on device: 176
---- ---------- ---------- -------------
Pass Max Displ. Num Blocks Num Blocks   
     Threshold  Placed     Left Unplaced
---- ---------- ---------- -------------
   0          0         14             2
   1          1          2             0

Placing general clusters...
Number of blocks to be placed: 2604
Max distance on device: 176
---- ---------- ---------- -------------
Pass Max Displ. Num Blocks Num Blocks   
     Threshold  Placed     Left Unplaced
---- ---------- ---------- -------------
   0          0       2587            17
   1          1          6            11
   2          2         10             1
   3          4          1             0

### Initial Placement took 0.01 seconds (max_rss 832.6 MiB, delta_rss +0.0 MiB)
Flat Placement Reconstruction Info:
	Percent of clusters with reconstruction errors: 0.267176
	Total displacement of initial placement from flat placement: 13851.000000
	Average atom displacement of initial placement from flat placement: 0.345300
	Max atom displacement of initial placement from flat placement: 53.000000
	Percent of atoms misplaced from the flat placement: 1.822352
## AP Full Legalizer took 61.83 seconds (max_rss 832.6 MiB, delta_rss +10.7 MiB)

Resource usage...
	Netlist
		1084	blocks of type: io
	Architecture
		2752	blocks of type: io
	Netlist
		1235	blocks of type: clb
	Architecture
		6376	blocks of type: clb
	Netlist
		107	blocks of type: dsp_top
	Architecture
		126	blocks of type: dsp_top
	Netlist
		194	blocks of type: memory
	Architecture
		258	blocks of type: memory

Device Utilization: 0.28 (target 1.00)
	Physical Tile io:
	Block Utilization: 0.39 Logical Block: io
	Physical Tile clb:
	Block Utilization: 0.19 Logical Block: clb
	Physical Tile dsp_top:
	Block Utilization: 0.85 Logical Block: dsp_top
	Physical Tile memory:
	Block Utilization: 0.75 Logical Block: memory

## Computing placement delta delay look-up
RR graph channel widths unchanged, skipping RR graph rebuild
Serial Connection Router is being destroyed. Time spent on path search: 0.000 seconds.
## Computing placement delta delay look-up took 0.02 seconds (max_rss 832.6 MiB, delta_rss +0.0 MiB)
Using simple RL 'Softmax agent' for choosing move and block types

Completed placement consistency check successfully.
Initial placement cost: 1 bb_cost: 5859.27 td_cost: 1.6666e-05
Initial placement BB estimate of wirelength: 1.05423e+06
Initial placement estimated Critical Path Delay (CPD): 16.6557 ns
Initial placement estimated setup Total Negative Slack (sTNS): -130683 ns
Initial placement estimated setup Worst Negative Slack (sWNS): -16.6557 ns

Initial placement estimated setup slack histogram:
[ -1.7e-08: -1.5e-08)     2 (  0.0%) |
[ -1.5e-08: -1.3e-08)    12 (  0.0%) |
[ -1.3e-08: -1.2e-08)    49 (  0.1%) |
[ -1.2e-08:   -1e-08)   130 (  0.2%) |
[   -1e-08: -8.4e-09)   257 (  0.5%) |
[ -8.4e-09: -6.8e-09)   780 (  1.5%) |*
[ -6.8e-09: -5.1e-09)  1505 (  2.9%) |**
[ -5.1e-09: -3.5e-09)  3404 (  6.5%) |*****
[ -3.5e-09: -1.8e-09) 28002 ( 53.1%) |*********************************************
[ -1.8e-09: -1.9e-10) 18621 ( 35.3%) |******************************
Placement contains 8 placement macros involving 16 blocks (average macro size 2.000000)

Moves per temperature: 18054
## AP Detailed Placer

---- ------ ------- ------- ---------- ---------- ------- ---------- -------- ------- ------- ------ -------- --------- ------
Tnum  Time     T    AvCost  Av BB Cost Av TD Cost   CPD      sTNS      sWNS   AcRate  StdDev  R lim  CritExp  TotMoves  Alpha 
     (sec)                                          (ns)     (ns)      (ns)                                                   
---- ------ ------- ------- ---------- ---------- ------- ---------- -------- ------- ------- ------ -------- --------- ------
   1    0.2 6.9e-04   0.979    4932.45 1.4746e-05  14.962  -1.23e+05  -14.962   0.829  0.0250   87.0     1.00      18054  1.000
   2    0.2 6.2e-04   0.950    4527.65 1.6676e-05  12.391   -1.2e+05  -12.391   0.816  0.0285   87.0     1.00      36108  0.900
   3    0.2 5.6e-04   0.963    4257.29 1.708e-05   11.482   -1.2e+05  -11.482   0.790  0.0145   87.0     1.00      54162  0.900
   4    0.2 5.3e-04   0.961    4097.36 1.5388e-05  12.395  -1.15e+05  -12.395   0.785  0.0112   87.0     1.00      72216  0.950
   5    0.2 5.0e-04   0.970    3873.67 1.1697e-05  15.537  -1.16e+05  -15.537   0.765  0.0089   87.0     1.00      90270  0.950
   6    0.2 4.8e-04   0.953    3658.66 1.6454e-05  10.773  -1.13e+05  -10.773   0.756  0.0136   87.0     1.00     108324  0.950
   7    0.2 4.6e-04   0.951    3483.99 1.5335e-05  11.199  -1.13e+05  -11.199   0.739  0.0250   87.0     1.00     126378  0.950
   8    0.2 4.3e-04   0.971    3282.54 1.6532e-05   9.888   -1.1e+05   -9.888   0.737  0.0139   87.0     1.00     144432  0.950
   9    0.2 4.1e-04   0.984    3211.95 1.5418e-05  10.443   -1.1e+05  -10.443   0.727  0.0059   87.0     1.00     162486  0.950
  10    0.2 3.9e-04   0.972    3092.96 1.5219e-05  10.424  -1.12e+05  -10.424   0.721  0.0126   87.0     1.00     180540  0.950
  11    0.2 3.7e-04   0.975    2981.10 1.616e-05    9.562  -1.08e+05   -9.562   0.713  0.0089   87.0     1.00     198594  0.950
  12    0.2 3.5e-04   0.980    2892.96 1.562e-05    9.791  -1.11e+05   -9.791   0.707  0.0107   87.0     1.00     216648  0.950
  13    0.2 3.3e-04   0.980    2769.91 1.4718e-05  10.064  -1.07e+05  -10.064   0.698  0.0108   87.0     1.00     234702  0.950
  14    0.2 3.2e-04   0.979    2652.18 1.4686e-05   9.858  -1.09e+05   -9.858   0.689  0.0084   87.0     1.00     252756  0.950
  15    0.2 3.0e-04   0.983    2590.85 1.4633e-05   9.780  -1.08e+05   -9.780   0.680  0.0051   87.0     1.00     270810  0.950
  16    0.2 2.9e-04   0.979    2516.55 1.5158e-05   9.295  -1.09e+05   -9.295   0.678  0.0086   87.0     1.00     288864  0.950
  17    0.2 2.7e-04   0.988    2472.32 1.5325e-05   9.080  -1.08e+05   -9.080   0.669  0.0077   87.0     1.00     306918  0.950
  18    0.2 2.6e-04   0.976    2396.44 1.4388e-05   9.601  -1.09e+05   -9.601   0.656  0.0091   87.0     1.00     324972  0.950
  19    0.2 2.5e-04   0.980    2311.06 1.3989e-05   9.600  -1.06e+05   -9.600   0.643  0.0074   87.0     1.00     343026  0.950
  20    0.2 2.3e-04   0.985    2245.56 1.4347e-05   9.207  -1.07e+05   -9.207   0.635  0.0060   87.0     1.00     361080  0.950
  21    0.2 2.2e-04   0.982    2197.16 1.336e-05    9.759  -1.07e+05   -9.759   0.628  0.0062   87.0     1.00     379134  0.950
  22    0.2 2.1e-04   0.989    2175.38 1.264e-05   10.266  -1.06e+05  -10.266   0.617  0.0059   87.0     1.00     397188  0.950
  23    0.2 2.0e-04   0.987    2129.93 1.2773e-05  10.021  -1.04e+05  -10.021   0.605  0.0062   87.0     1.00     415242  0.950
  24    0.2 1.9e-04   0.993    2110.90 1.3504e-05   9.383  -1.04e+05   -9.383   0.594  0.0038   87.0     1.00     433296  0.950
  25    0.2 1.8e-04   0.988    2099.93 1.3527e-05   9.443  -1.05e+05   -9.443   0.584  0.0048   87.0     1.00     451350  0.950
  26    0.2 1.7e-04   0.994    2088.65 1.2478e-05  10.087  -1.04e+05  -10.087   0.590  0.0023   87.0     1.00     469404  0.950
  27    0.2 1.6e-04   0.984    2063.46 1.2283e-05  10.183  -1.05e+05  -10.183   0.581  0.0046   87.0     1.00     487458  0.950
  28    0.2 1.6e-04   0.990    2054.20 1.2637e-05   9.840  -1.06e+05   -9.840   0.566  0.0052   87.0     1.00     505512  0.950
  29    0.2 1.5e-04   0.989    2023.59 1.1713e-05  10.507  -1.05e+05  -10.507   0.561  0.0034   87.0     1.00     523566  0.950
  30    0.2 1.4e-04   0.988    2003.87 1.224e-05   10.018  -1.04e+05  -10.018   0.555  0.0045   87.0     1.00     541620  0.950
  31    0.2 1.3e-04   0.984    1984.05 1.2616e-05   9.698  -1.04e+05   -9.698   0.548  0.0067   87.0     1.00     559674  0.950
  32    0.2 1.3e-04   0.992    1955.51 1.2755e-05   9.460  -1.04e+05   -9.460   0.534  0.0035   87.0     1.00     577728  0.950
  33    0.2 1.2e-04   0.988    1933.17 1.2746e-05   9.381  -1.04e+05   -9.381   0.516  0.0050   87.0     1.00     595782  0.950
  34    0.2 1.1e-04   0.990    1907.72 1.2566e-05   9.389  -1.02e+05   -9.389   0.502  0.0037   87.0     1.00     613836  0.950
  35    0.2 1.1e-04   0.991    1890.50 1.3257e-05   8.903  -1.04e+05   -8.903   0.492  0.0045   87.0     1.00     631890  0.950
  36    0.2 1.0e-04   0.994    1877.03 1.3036e-05   8.978  -1.02e+05   -8.978   0.483  0.0028   87.0     1.00     649944  0.950
  37    0.2 9.8e-05   0.991    1872.83 1.1767e-05   9.911  -1.02e+05   -9.911   0.482  0.0051   87.0     1.00     667998  0.950
  38    0.2 9.3e-05   0.988    1847.74 1.1884e-05   9.705  -1.01e+05   -9.705   0.462  0.0048   87.0     1.00     686052  0.950
  39    0.2 8.8e-05   0.989    1819.85 1.2222e-05   9.319  -1.02e+05   -9.319   0.452  0.0045   87.0     1.00     704106  0.950
  40    0.2 8.4e-05   0.996    1807.70 1.1651e-05   9.735  -1.01e+05   -9.735   0.437  0.0039   87.0     1.00     722160  0.950
  41    0.2 8.0e-05   0.991    1789.10 1.1251e-05   9.798  -1.03e+05   -9.798   0.436  0.0034   86.7     1.02     740214  0.950
  42    0.2 7.6e-05   0.995    1773.26 1.075e-05    9.962  -9.97e+04   -9.962   0.417  0.0024   86.4     1.05     758268  0.950
  43    0.2 7.2e-05   0.991    1760.11 9.3897e-06   9.749  -1.04e+05   -9.749   0.404  0.0043   84.4     1.21     776322  0.950
  44    0.2 6.8e-05   0.995    1753.21 8.1468e-06   9.185     -1e+05   -9.185   0.397  0.0022   81.4     1.46     794376  0.950
  45    0.2 6.5e-05   0.990    1740.25 6.6809e-06   8.985  -1.03e+05   -8.985   0.398  0.0036   77.9     1.74     812430  0.950
  46    0.2 6.2e-05   0.994    1730.71 5.0431e-06   9.290  -1.02e+05   -9.290   0.379  0.0035   74.6     2.01     830484  0.950
  47    0.2 5.9e-05   0.992    1716.06 3.8868e-06   9.290  -1.02e+05   -9.290   0.378  0.0038   70.0     2.38     848538  0.950
  48    0.2 5.6e-05   0.989    1697.78 2.9403e-06   9.395  -1.02e+05   -9.395   0.361  0.0035   65.7     2.74     866592  0.950
  49    0.2 5.3e-05   0.992    1693.38 2.5202e-06   8.977  -1.05e+05   -8.977   0.362  0.0040   60.5     3.16     884646  0.950
  50    0.2 5.0e-05   0.994    1681.16 1.9658e-06   8.977  -1.03e+05   -8.977   0.339  0.0039   55.8     3.54     902700  0.950
  51    0.2 4.8e-05   0.998    1676.32 1.5634e-06   8.872  -1.02e+05   -8.872   0.339  0.0033   50.1     4.00     920754  0.950
  52    0.2 4.5e-05   0.995    1664.24 1.3535e-06   8.664  -1.05e+05   -8.664   0.337  0.0022   45.1     4.41     938808  0.950
  53    0.2 4.3e-05   0.992    1646.27 1.1149e-06   8.664  -1.05e+05   -8.664   0.321  0.0040   40.4     4.79     956862  0.950
  54    0.2 4.1e-05   0.986    1633.87 4.5697e-07   9.930  -1.09e+05   -9.930   0.314  0.0042   35.6     5.18     974916  0.950
  55    0.2 3.9e-05   0.996    1628.43 5.8292e-07   9.082  -1.08e+05   -9.082   0.315  0.0028   31.2     5.55     992970  0.950
  56    0.2 3.7e-05   0.976    1621.62 1.655e-07   10.973  -1.06e+05  -10.973   0.304  0.0075   27.2     5.86    1011024  0.950
  57    0.2 3.5e-05   0.990    1614.72 4.3343e-07   9.082  -1.08e+05   -9.082   0.294  0.0045   23.5     6.17    1029078  0.950
  58    0.2 3.3e-05   0.976    1608.61 1.2286e-07  10.871  -1.07e+05  -10.871   0.292  0.0082   20.1     6.44    1047132  0.950
  59    0.2 3.2e-05   0.989    1596.02 3.6425e-07   8.977  -1.08e+05   -8.977   0.288  0.0036   17.1     6.69    1065186  0.950
  60    0.2 3.0e-05   0.972    1584.95 8.632e-08   10.976  -1.06e+05  -10.976   0.283  0.0146   14.5     6.90    1083240  0.950
  61    0.2 2.9e-05   0.993    1567.16 4.5585e-07   8.410  -1.08e+05   -8.410   0.292  0.0032   12.3     7.08    1101294  0.950
  62    0.2 2.7e-05   0.994    1553.46 5.8032e-07   8.038  -1.06e+05   -8.038   0.286  0.0031   10.5     7.23    1119348  0.950
  63    0.2 2.6e-05   0.996    1541.10 5.5622e-07   7.996  -1.08e+05   -7.996   0.275  0.0022    8.8     7.36    1137402  0.950
  64    0.2 2.4e-05   0.997    1534.20 5.2157e-07   7.946  -1.07e+05   -7.946   0.260  0.0017    7.4     7.48    1155456  0.950
  65    0.2 2.3e-05   0.997    1528.60 4.9531e-07   7.946  -1.06e+05   -7.946   0.262  0.0013    6.1     7.59    1173510  0.950
  66    0.2 2.2e-05   0.996    1524.28 4.773e-07    7.946  -1.07e+05   -7.946   0.259  0.0015    5.0     7.68    1191564  0.950
  67    0.2 2.1e-05   0.997    1517.82 4.2133e-07   8.039  -1.07e+05   -8.039   0.252  0.0019    4.1     7.75    1209618  0.950
  68    0.2 2.0e-05   0.998    1512.02 4.442e-07    7.946  -1.07e+05   -7.946   0.252  0.0009    3.3     7.81    1227672  0.950
  69    0.2 1.9e-05   0.996    1504.90 4.4674e-07   7.946  -1.07e+05   -7.946   0.256  0.0016    2.7     7.86    1245726  0.950
  70    0.2 1.8e-05   0.998    1500.12 4.1585e-07   7.975  -1.06e+05   -7.975   0.252  0.0009    2.2     7.90    1263780  0.950
  71    0.2 1.7e-05   0.997    1491.28 4.096e-07    7.975  -1.06e+05   -7.975   0.266  0.0015    1.8     7.94    1281834  0.950
  72    0.2 1.6e-05   0.999    1487.58 4.0409e-07   7.966  -1.07e+05   -7.966   0.262  0.0004    1.5     7.96    1299888  0.950
  73    0.2 1.5e-05   0.998    1486.16 3.971e-07    7.966  -1.07e+05   -7.966   0.252  0.0009    1.2     7.98    1317942  0.950
  74    0.2 1.5e-05   0.999    1482.61 4.0479e-07   7.966  -1.05e+05   -7.966   0.245  0.0006    1.0     8.00    1335996  0.950
  75    0.2 1.4e-05   0.999    1481.31 3.9936e-07   7.966  -1.06e+05   -7.966   0.243  0.0008    1.0     8.00    1354050  0.950
  76    0.2 1.3e-05   0.999    1478.36 3.9954e-07   7.966  -1.06e+05   -7.966   0.229  0.0007    1.0     8.00    1372104  0.950
  77    0.2 1.3e-05   0.999    1474.79 3.9692e-07   7.966  -1.07e+05   -7.966   0.218  0.0007    1.0     8.00    1390158  0.950
  78    0.2 1.2e-05   0.999    1472.77 3.93e-07     7.966  -1.07e+05   -7.966   0.216  0.0006    1.0     8.00    1408212  0.950
  79    0.2 1.1e-05   0.999    1470.97 3.8816e-07   7.966  -1.06e+05   -7.966   0.214  0.0005    1.0     8.00    1426266  0.950
  80    0.2 1.1e-05   0.998    1468.47 3.8815e-07   7.966  -1.07e+05   -7.966   0.206  0.0007    1.0     8.00    1444320  0.950
  81    0.2 1.0e-05   0.999    1467.27 3.8858e-07   7.966  -1.07e+05   -7.966   0.201  0.0003    1.0     8.00    1462374  0.950
  82    0.2 9.7e-06   0.999    1466.79 3.8411e-07   7.966  -1.06e+05   -7.966   0.196  0.0005    1.0     8.00    1480428  0.950
  83    0.2 9.2e-06   0.999    1464.41 3.8506e-07   7.966  -1.05e+05   -7.966   0.190  0.0006    1.0     8.00    1498482  0.950
  84    0.2 8.8e-06   0.999    1462.90 3.8277e-07   7.966  -1.06e+05   -7.966   0.183  0.0003    1.0     8.00    1516536  0.950
  85    0.2 8.3e-06   0.999    1461.95 3.8344e-07   7.966  -1.06e+05   -7.966   0.184  0.0003    1.0     8.00    1534590  0.950
  86    0.2 7.9e-06   0.999    1460.79 3.8069e-07   7.966  -1.06e+05   -7.966   0.177  0.0003    1.0     8.00    1552644  0.950
  87    0.2 7.5e-06   0.999    1460.17 3.8049e-07   7.966  -1.06e+05   -7.966   0.176  0.0003    1.0     8.00    1570698  0.950
  88    0.2 7.1e-06   0.999    1459.74 3.8115e-07   7.966  -1.06e+05   -7.966   0.174  0.0003    1.0     8.00    1588752  0.950
  89    0.2 6.8e-06   0.999    1458.27 3.79e-07     7.966  -1.05e+05   -7.966   0.165  0.0002    1.0     8.00    1606806  0.950
  90    0.2 6.4e-06   0.999    1457.46 3.8088e-07   7.966  -1.06e+05   -7.966   0.167  0.0003    1.0     8.00    1624860  0.950
  91    0.2 6.1e-06   0.999    1456.44 3.7974e-07   7.966  -1.06e+05   -7.966   0.167  0.0002    1.0     8.00    1642914  0.950
  92    0.2 5.8e-06   1.000    1455.72 3.8005e-07   7.966  -1.06e+05   -7.966   0.166  0.0001    1.0     8.00    1660968  0.950
  93    0.2 5.5e-06   1.000    1455.14 3.8001e-07   7.966  -1.06e+05   -7.966   0.162  0.0002    1.0     8.00    1679022  0.950
  94    0.2 5.3e-06   0.999    1453.99 3.805e-07    7.966  -1.05e+05   -7.966   0.160  0.0003    1.0     8.00    1697076  0.950
  95    0.2 5.0e-06   1.000    1453.65 3.8034e-07   7.966  -1.05e+05   -7.966   0.163  0.0002    1.0     8.00    1715130  0.950
  96    0.2 4.7e-06   0.999    1452.74 3.7864e-07   7.966  -1.06e+05   -7.966   0.156  0.0003    1.0     8.00    1733184  0.950
  97    0.2 4.5e-06   0.999    1451.60 3.7781e-07   7.966  -1.06e+05   -7.966   0.154  0.0003    1.0     8.00    1751238  0.950
  98    0.2 4.3e-06   1.000    1450.68 3.7815e-07   7.966  -1.06e+05   -7.966   0.150  0.0002    1.0     8.00    1769292  0.950
Agent's 2nd state: 
  99    0.2 3.4e-06   0.999    1449.27 3.7876e-07   7.966  -1.06e+05   -7.966   0.144  0.0002    1.0     8.00    1787346  0.800
Checkpoint saved: bb_costs=1449.11, TD costs=3.78408e-07, CPD=  7.966 (ns) 
 100    0.2 2.7e-06   0.999    1450.18 3.7715e-07   7.966  -1.06e+05   -7.966   0.102  0.0005    1.0     8.00    1805400  0.800
 101    0.2 2.2e-06   0.960    1448.21 5.9221e-08  10.140  -1.06e+05  -10.140   0.098  0.0004    1.0     8.00    1823454  0.800
 102    0.2 1.8e-06   0.993    1459.33 1.4873e-07   9.082  -1.06e+05   -9.082   0.096  0.0017    1.0     8.00    1841508  0.800
 103    0.2 1.4e-06   0.964    1462.50 5.9857e-08  10.140  -1.06e+05  -10.140   0.091  0.0021    1.0     8.00    1859562  0.800
 104    0.2 1.1e-06   0.989    1462.66 1.5477e-07   9.082  -1.06e+05   -9.082   0.095  0.0018    1.0     8.00    1877616  0.800
 105    0.2 9.0e-07   0.963    1462.40 6.1684e-08  10.140  -1.06e+05  -10.140   0.093  0.0017    1.0     8.00    1895670  0.800
 106    0.2 7.2e-07   0.992    1468.64 1.6702e-07   8.977  -1.06e+05   -8.977   0.094  0.0015    1.0     8.00    1913724  0.800
 107    0.2 5.7e-07   0.978    1472.91 8.6988e-08   9.722  -1.06e+05   -9.722   0.086  0.0017    1.0     8.00    1931778  0.800
 108    0.2 4.6e-07   0.988    1472.14 1.6409e-07   9.082  -1.06e+05   -9.082   0.090  0.0016    1.0     8.00    1949832  0.800
 109    0.2 3.7e-07   0.967    1483.07 6.0197e-08  10.243  -1.07e+05  -10.243   0.088  0.0020    1.0     8.00    1967886  0.800
 110    0.2 2.9e-07   0.964    1481.87 1.7822e-07   9.082  -1.06e+05   -9.082   0.088  0.0037    1.0     8.00    1985940  0.800
 111    0.2 2.4e-07   0.963    1479.99 6.7782e-08  10.140  -1.06e+05  -10.140   0.086  0.0015    1.0     8.00    2003994  0.800
 112    0.2 1.9e-07   0.994    1489.07 1.8475e-07   8.977  -1.06e+05   -8.977   0.081  0.0006    1.0     8.00    2022048  0.800
 113    0.2 0.0e+00   0.955    1485.30 5.9145e-08  10.350  -1.06e+05  -10.350   0.049  0.0020    1.0     8.00    2040102  0.800
### Placement Quench took 0.16 seconds (max_rss 832.6 MiB)
post-quench CPD = 8.97664 (ns) 

Checkpoint restored

Completed placement consistency check successfully.

Swaps called: 2042722

Aborted Move Reasons:
  duplicate block move from location: 1
  duplicate block move to location: 16
  macro move to location illegal: 2
  macro_from swap to location illegal: 1026

BB estimate of min-dist (placement) wire length: 260494

Placement estimated critical path delay (least slack): 7.96626 ns, Fmax: 125.529 MHz
Placement estimated critical path skew: -0.04243 ns
Placement estimated setup Worst Negative Slack (sWNS): -7.96626 ns
Placement estimated setup Total Negative Slack (sTNS): -106347 ns
Placement estimated setup Worst Skew (sWS): -0.04243 ns

Placement estimated setup slack histogram:
[   -8e-09: -7.2e-09)    19 (  0.0%) |
[ -7.2e-09: -6.4e-09)    50 (  0.1%) |
[ -6.4e-09: -5.6e-09)   226 (  0.4%) |*
[ -5.6e-09: -4.9e-09)   512 (  1.0%) |*
[ -4.9e-09: -4.1e-09)   572 (  1.1%) |*
[ -4.1e-09: -3.3e-09)  1980 (  3.8%) |****
[ -3.3e-09: -2.5e-09)  7695 ( 14.6%) |*****************
[ -2.5e-09: -1.7e-09) 20067 ( 38.0%) |*********************************************
[ -1.7e-09: -9.7e-10) 15573 ( 29.5%) |***********************************
[ -9.7e-10: -1.9e-10)  6068 ( 11.5%) |**************

Placement estimated geomean non-virtual intra-domain period: 7.96626 ns (125.529 MHz)
Placement estimated fanout-weighted geomean non-virtual intra-domain period: 7.96626 ns (125.529 MHz)

Placement cost: 1, bb_cost: 1449.11, td_cost: 3.78408e-07, 

Placement resource usage:
  io      implemented as io     : 1084
  clb     implemented as clb    : 1235
  dsp_top implemented as dsp_top: 107
  memory  implemented as memory : 194

Placement number of temperatures: 113
Placement total # of swap attempts: 2042722
	Swaps accepted:  753036 (36.9 %)
	Swaps rejected: 1279644 (62.6 %)
	Swaps aborted:   10042 ( 0.5 %)


Placement perturbation distribution by block and move type: 
------------------ ----------------- ---------------- ---------------- --------------- ------------ 
    Block Type         Move Type       (%) of Total      Accepted(%)     Rejected(%)    Aborted(%)
------------------ ----------------- ---------------- ---------------- --------------- ------------ 
io                 Uniform                9.80             54.54           45.46          0.00         
                   Median                 9.75             61.34           37.84          0.82         
                   Centroid               9.79             61.65           38.35          0.00         
                   W. Centroid            9.81             61.73           38.27          0.00         
                   W. Median              0.73             25.54           73.67          0.79         

clb                Uniform                11.13            6.56            93.34          0.10         
                   Median                 11.17            35.78           63.43          0.78         
                   Centroid               11.13            33.44           66.46          0.10         
                   W. Centroid            11.21            34.25           65.64          0.11         
                   W. Median              0.84             2.58            96.52          0.90         
                   Crit. Uniform          1.76             0.19            99.81          0.00         
                   Feasible Region        1.78             0.35            99.65          0.00         

dsp_top            Uniform                0.97             1.59            98.41          0.00         
                   Median                 0.97             3.92            91.29          4.79         
                   Centroid               0.96             3.86            91.35          4.79         
                   W. Centroid            0.96             4.00            91.00          5.00         
                   W. Median              0.07             0.14            88.17          11.69        

memory             Uniform                1.77             7.18            92.82          0.00         
                   Median                 1.76             14.47           81.37          4.15         
                   Centroid               1.75             12.59           84.97          2.44         
                   W. Centroid            1.76             11.68           88.32          0.00         
                   W. Median              0.14             2.55            88.56          8.89         


Placement Quench timing analysis took 0.0499278 seconds (0.0393531 STA, 0.0105747 slack) (1 full updates: 1 setup, 0 hold, 0 combined).
Placement Total  timing analysis took 5.95985 seconds (4.90751 STA, 1.05234 slack) (116 full updates: 116 setup, 0 hold, 0 combined).
update_td_costs: connections 0.0485992 nets 0 sum_nets 0.021739 total 0.0705523
## AP Detailed Placer took 19.90 seconds (max_rss 837.8 MiB, delta_rss +5.1 MiB)
Incr Slack updates 116 in 0.197632 sec
Full Max Req/Worst Slack updates 58 in 0.064676 sec
Incr Max Req/Worst Slack updates 58 in 0.0853106 sec
Incr Criticality updates 35 in 0.115254 sec
Full Criticality updates 81 in 0.445594 sec
Incr Slack updates 1 in 0.001764 sec
Full Max Req/Worst Slack updates 1 in 0.00118091 sec
Incr Max Req/Worst Slack updates 0 in 0 sec
Incr Criticality updates 0 in 0 sec
Full Criticality updates 1 in 0.00607763 sec
# Analytical Placement took 97.17 seconds (max_rss 837.8 MiB, delta_rss +635.7 MiB)


# Routing
RR graph channel widths unchanged, skipping RR graph rebuild
## Initializing router criticalities
Initial Net Connection Criticality Histogram:
[        0:      0.1) 7107 ( 14.6%) |****************************************
[      0.1:      0.2) 8175 ( 16.8%) |**********************************************
[      0.2:      0.3) 7577 ( 15.6%) |*******************************************
[      0.3:      0.4) 3115 (  6.4%) |******************
[      0.4:      0.5) 7373 ( 15.2%) |*****************************************
[      0.5:      0.6) 7136 ( 14.7%) |****************************************
[      0.6:      0.7) 5518 ( 11.4%) |*******************************
[      0.7:      0.8) 2004 (  4.1%) |***********
[      0.8:      0.9)  447 (  0.9%) |***
[      0.9:        1)  113 (  0.2%) |*
## Initializing router criticalities took 0.64 seconds (max_rss 837.8 MiB, delta_rss +0.0 MiB)
---- ------ ------- ---- ------- ------- ------- ----------------- --------------- -------- ---------- ---------- ---------- ---------- --------
Iter   Time    pres  BBs    Heap  Re-Rtd  Re-Rtd Overused RR Nodes      Wirelength      CPD       sTNS       sWNS       hTNS       hWNS Est Succ
      (sec)     fac Updt    push    Nets   Conns                                       (ns)       (ns)       (ns)       (ns)       (ns)     Iter
---- ------ ------- ---- ------- ------- ------- ----------------- --------------- -------- ---------- ---------- ---------- ---------- --------
   1    1.0     0.0    0 6230318   25862   41715   20654 ( 1.177%)  409322 (15.2%)    9.442 -1.688e+05     -9.442      0.000      0.000      N/A
   2    0.9     0.5    0 5364273   17294   31463    8698 ( 0.496%)  407989 (15.1%)    8.303 -1.417e+05     -8.303      0.000      0.000      N/A
   3    0.7     0.6    0 3415289   10856   20811    6314 ( 0.360%)  412019 (15.3%)    8.303 -1.411e+05     -8.303      0.000      0.000      N/A
   4    0.5     0.8    0 2323620    8210   16301    4651 ( 0.265%)  413229 (15.3%)    8.303 -1.425e+05     -8.303      0.000      0.000      N/A
   5    0.4     1.1    0 1613143    6424   13110    3445 ( 0.196%)  415232 (15.4%)    8.303 -1.424e+05     -8.303      0.000      0.000      N/A
   6    0.3     1.4    0 1090916    4826   10201    2499 ( 0.142%)  417241 (15.5%)    8.303 -1.431e+05     -8.303      0.000      0.000      N/A
   7    0.3     1.9    0  736963    3611    8010    1769 ( 0.101%)  419105 (15.6%)    8.303 -1.434e+05     -8.303      0.000      0.000      N/A
   8    0.2     2.4    0  520475    2598    5957    1138 ( 0.065%)  420734 (15.6%)    8.303 -1.436e+05     -8.303      0.000      0.000      N/A
   9    0.2     3.1    0  325043    1674    3976     697 ( 0.040%)  422549 (15.7%)    8.303 -1.437e+05     -8.303      0.000      0.000       26
  10    0.2     4.1    0  228233    1036    2561     380 ( 0.022%)  423881 (15.7%)    8.303 -1.438e+05     -8.303      0.000      0.000       23
  11    0.2     5.3    0  146980     578    1534     200 ( 0.011%)  424608 (15.8%)    8.303 -1.438e+05     -8.303      0.000      0.000       22
  12    0.1     6.9    0   86810     267     762      75 ( 0.004%)  425270 (15.8%)    8.303 -1.438e+05     -8.303      0.000      0.000       19
  13    0.1     9.0    0   41263     106     302      22 ( 0.001%)  425504 (15.8%)    8.303 -1.438e+05     -8.303      0.000      0.000       18
  14    0.1    11.6    0    9940      30      59       7 ( 0.000%)  425629 (15.8%)    8.303 -1.438e+05     -8.303      0.000      0.000       17
  15    0.1    15.1    0    6202       9      13       0 ( 0.000%)  425669 (15.8%)    8.303 -1.438e+05     -8.303      0.000      0.000      N/A
Restoring best routing
Critical path: 8.30266 ns
Successfully routed after 15 routing iterations.
Final Net Connection Criticality Histogram:
[        0:      0.1) 7503 ( 15.4%) |****************************************
[      0.1:      0.2) 5802 ( 11.9%) |*******************************
[      0.2:      0.3) 8489 ( 17.5%) |*********************************************
[      0.3:      0.4) 3727 (  7.7%) |********************
[      0.4:      0.5) 7800 ( 16.1%) |*****************************************
[      0.5:      0.6) 8646 ( 17.8%) |**********************************************
[      0.6:      0.7) 4623 (  9.5%) |*************************
[      0.7:      0.8) 1447 (  3.0%) |********
[      0.8:      0.9)  450 (  0.9%) |**
[      0.9:        1)   78 (  0.2%) |
Router Stats: total_nets_routed: 83381 total_connections_routed: 156775 total_heap_pushes: 22139468 total_heap_pops: 5946056 
Serial Connection Router is being destroyed. Time spent on path search: 2.832 seconds.
# Routing took 6.28 seconds (max_rss 864.2 MiB, delta_rss +26.4 MiB)

Checking to ensure routing is legal...
# Checking to ensure non-configurable edges are legal
# Checking to ensure non-configurable edges are legal took 0.09 seconds (max_rss 864.2 MiB, delta_rss +0.0 MiB)
Completed routing consistency check successfully.

Serial number (magic cookie) for the routing is: 1660572707
Circuit successfully routed with a channel width factor of 180.
Incr Slack updates 16 in 0.0261412 sec
Full Max Req/Worst Slack updates 2 in 0.00240284 sec
Incr Max Req/Worst Slack updates 14 in 0.0212313 sec
Incr Criticality updates 13 in 0.0385903 sec
Full Criticality updates 3 in 0.0193479 sec
# Synchronize the packed netlist to routing optimization
## Annotating rr_node with routed nets
## Annotating rr_node with routed nets took 0.01 seconds (max_rss 864.2 MiB, delta_rss +0.0 MiB)
Found 44008 mismatches between routing and packing results.
Fixed 30782 routing traces due to mismatch between routing and packing results.
# Synchronize the packed netlist to routing optimization took 0.29 seconds (max_rss 864.2 MiB, delta_rss +0.0 MiB)
Final Clustering Statistics: 
----------   --------   ------------------------------------   --------------------------
Block Type   # Blocks   Avg. # of input clocks and pins used   Avg. # of output pins used
----------   --------   ------------------------------------   --------------------------
     EMPTY          0                                      0                            0   
        io       1084                              0.0295203                      0.97048   
       clb       1235                                27.9466                      15.3628   
   dsp_top        107                                40.9813                      20.1869   
    memory        194                                49.6598                      18.9691   
Absorbed logical nets 24200 out of 50065 nets, 25865 nets not absorbed.


Average number of bends per net: 1.56469  Maximum # of bends: 274

Number of global nets: 3
Number of routed nets (nonglobal): 25862
Wire length results (in units of 1 clb segments)...
	Total wirelength: 425669, average net length: 16.4592
	Maximum net length: 2399

Wire length results in terms of physical segments...
	Total wiring segments used: 94139, average wire segments per net: 3.64005
	Maximum segments used by a net: 521
	Total local nets with reserved CLB opins: 0
Total number of nets absorbed: 8

Routing channel utilization histogram:
[        1:      inf)    0 (  0.0%) |
[      0.9:        1)    0 (  0.0%) |
[      0.8:      0.9)    0 (  0.0%) |
[      0.7:      0.8)    7 (  0.0%) |
[      0.5:      0.6)  139 (  0.9%) |*
[      0.4:      0.5)  691 (  4.6%) |*****
[      0.3:      0.4) 1608 ( 10.6%) |***********
[      0.2:      0.3) 2350 ( 15.5%) |****************
[      0.1:      0.2) 3655 ( 24.1%) |*************************
[        0:      0.1) 6688 ( 44.2%) |**********************************************
Maximum routing channel utilization:      0.64 at (38,56)

X - Directed channels: layer   y   max occ   ave occ   ave cap
                        ----- ---- -------- -------- --------
                            0    0       60   31.977      180
                            0    1        6    0.698      180
                            0    2       11    1.860      180
                            0    3        9    2.372      180
                            0    4       42    7.767      180
                            0    5       47   11.000      180
                            0    6       63   14.093      180
                            0    7       27   10.558      180
                            0    8       38   12.837      180
                            0    9       60   13.488      180
                            0   10       61   21.256      180
                            0   11       63   19.198      180
                            0   12       58   18.233      180
                            0   13       51   13.895      180
                            0   14       60   23.291      180
                            0   15       55   25.919      180
                            0   16       45   24.837      180
                            0   17       52   22.395      180
                            0   18       68   30.174      180
                            0   19       68   25.151      180
                            0   20       54   21.721      180
                            0   21       56   18.977      180
                            0   22       70   22.302      180
                            0   23       49   18.093      180
                            0   24       60   18.860      180
                            0   25       70   22.988      180
                            0   26       53   20.733      180
                            0   27       56   21.453      180
                            0   28       74   24.116      180
                            0   29       67   24.884      180
                            0   30       72   28.384      180
                            0   31       70   28.651      180
                            0   32       77   31.047      180
                            0   33       78   33.279      180
                            0   34       85   37.256      180
                            0   35       77   35.977      180
                            0   36       64   33.407      180
                            0   37       70   31.000      180
                            0   38       87   42.186      180
                            0   39       91   42.907      180
                            0   40       77   31.023      180
                            0   41       77   28.721      180
                            0   42       94   32.791      180
                            0   43       93   32.860      180
                            0   44       90   37.709      180
                            0   45       92   40.570      180
                            0   46       83   33.872      180
                            0   47       83   38.663      180
                            0   48       91   40.535      180
                            0   49       99   45.407      180
                            0   50      106   44.744      180
                            0   51       87   44.965      180
                            0   52      100   47.616      180
                            0   53      104   51.279      180
                            0   54       92   42.593      180
                            0   55       99   38.372      180
                            0   56       87   38.140      180
                            0   57       80   39.047      180
                            0   58       86   37.523      180
                            0   59       99   41.233      180
                            0   60       94   46.116      180
                            0   61       93   49.384      180
                            0   62       96   43.535      180
                            0   63       88   39.814      180
                            0   64       95   44.430      180
                            0   65       93   49.058      180
                            0   66       73   40.081      180
                            0   67       82   35.965      180
                            0   68       83   31.558      180
                            0   69       75   25.267      180
                            0   70       83   32.256      180
                            0   71       84   26.128      180
                            0   72       61   21.884      180
                            0   73       64   20.535      180
                            0   74       66   24.640      180
                            0   75       75   25.372      180
                            0   76       82   20.919      180
                            0   77       72   21.814      180
                            0   78       64   22.163      180
                            0   79       53   16.233      180
                            0   80       63   12.081      180
                            0   81       73   11.058      180
                            0   82       70   11.279      180
                            0   83       48    8.360      180
                            0   84       17    3.674      180
                            0   85        7    1.070      180
                            0   86       66   29.035      180
Y - Directed channels: layer   x   max occ   ave occ   ave cap
                        ----- ---- -------- -------- --------
                            0    0       50   21.965      180
                            0    1       46   22.093      180
                            0    2       63   26.151      180
                            0    3       33    9.233      180
                            0    4       62   17.267      180
                            0    5       68   38.791      180
                            0    6       65   31.395      180
                            0    7       42   11.163      180
                            0    8       50   10.465      180
                            0    9       39   15.674      180
                            0   10       53   15.291      180
                            0   11       43    7.721      180
                            0   12       42   11.302      180
                            0   13       64   14.988      180
                            0   14       56   15.837      180
                            0   15       72   17.942      180
                            0   16       65   20.000      180
                            0   17       68   37.919      180
                            0   18      102   51.616      180
                            0   19       74   25.802      180
                            0   20       73   27.942      180
                            0   21       85   44.256      180
                            0   22       80   36.802      180
                            0   23       56   20.256      180
                            0   24       71   22.628      180
                            0   25       86   24.395      180
                            0   26       81   23.500      180
                            0   27       60   22.174      180
                            0   28       66   25.779      180
                            0   29       83   35.349      180
                            0   30       84   38.012      180
                            0   31       93   33.314      180
                            0   32       87   34.674      180
                            0   33       82   59.512      180
                            0   34       97   64.547      180
                            0   35       78   43.698      180
                            0   36       87   53.093      180
                            0   37      109   64.942      180
                            0   38      115   53.070      180
                            0   39       96   31.535      180
                            0   40       98   32.512      180
                            0   41       89   30.430      180
                            0   42       79   25.744      180
                            0   43       81   23.721      180
                            0   44       78   22.756      180
                            0   45       79   28.651      180
                            0   46       83   30.593      180
                            0   47       76   31.756      180
                            0   48       99   39.163      180
                            0   49      103   59.140      180
                            0   50       94   62.442      180
                            0   51       85   42.488      180
                            0   52       88   43.767      180
                            0   53      104   57.837      180
                            0   54      101   52.500      180
                            0   55       92   33.500      180
                            0   56       69   20.651      180
                            0   57       69   15.860      180
                            0   58       63   13.070      180
                            0   59       62   11.279      180
                            0   60       40   11.523      180
                            0   61       61   16.686      180
                            0   62       81   24.977      180
                            0   63       84   23.581      180
                            0   64       86   31.942      180
                            0   65       87   53.140      180
                            0   66       99   62.791      180
                            0   67       99   44.023      180
                            0   68      110   50.151      180
                            0   69      110   61.198      180
                            0   70       88   43.942      180
                            0   71       39   12.593      180
                            0   72       21    7.035      180
                            0   73       28    5.070      180
                            0   74       19    3.895      180
                            0   75        6    3.116      180
                            0   76        7    2.640      180
                            0   77       18    5.035      180
                            0   78       27   14.640      180
                            0   79       52   17.128      180
                            0   80       78   20.895      180
                            0   81       73   37.012      180
                            0   82       78   40.988      180
                            0   83       76   28.116      180
                            0   84       82   26.523      180
                            0   85       73   28.174      180
                            0   86       50   22.279      180

Total existing wires segments: CHANX   1346760, CHANY   1346760, CHANZ         0, ALL   2693520
Total used wires segments:     CHANX    205591, CHANY    220078, CHANZ         0, ALL    425669
Usage percentage:              CHANX     15.3%, CHANY     16.3%, CHANZ      0.0%, ALL     15.8%

Logic area (in minimum width transistor areas, excludes I/Os and empty grid tiles)...
	Total logic block area (Warning, need to add pitch of routing to blocks with height > 3): 2.4541e+08
	Total used logic block area: 8.83235e+07

Routing area (in minimum width transistor areas)...
	Total routing area: 1.06814e+08, per logic tile: 13793.2

Total Number of Wiring Segments by Direction: direction length number
                                              --------- ------ -------
                                                      X      4 301976
                                                      Y      4 301976
                                                      X     16  13192
                                                      Y     16  13192

X - Directed Wiring Segment usage by length: length utilization
                                             ------ -----------
                                             4       0.148
                                            16       0.136

Y - Directed Wiring Segment usage by length: length utilization
                                             ------ -----------
                                             4       0.149
                                            16       0.196

Segment occupancy by length: Length Occupancy Capacity Utilization
                             ------ --------- -------- -----------
                             L4         89754   603952       0.149
                             L16         4385    26384       0.166

Segment occupancy by type: name type utilization
                           ---- ---- -----------
                             L4    0       0.149
                            L16    1       0.166

Final hold Worst Negative Slack (hWNS): 0 ns
Final hold Total Negative Slack (hTNS): 0 ns
Final hold Worst Skew (hWS): 0 ns

Final hold slack histogram:
[  4.1e-11:  7.1e-10)  3622 (  6.9%) |**************
[  7.1e-10:  1.4e-09)  9901 ( 18.8%) |***************************************
[  1.4e-09:    2e-09)  8562 ( 16.2%) |*********************************
[    2e-09:  2.7e-09)  9644 ( 18.3%) |**************************************
[  2.7e-09:  3.4e-09) 11546 ( 21.9%) |*********************************************
[  3.4e-09:    4e-09)  5511 ( 10.4%) |*********************
[    4e-09:  4.7e-09)  2316 (  4.4%) |*********
[  4.7e-09:  5.4e-09)  1160 (  2.2%) |*****
[  5.4e-09:    6e-09)   420 (  0.8%) |**
[    6e-09:  6.7e-09)    80 (  0.2%) |

Final critical path delay (least slack): 8.30266 ns, Fmax: 120.443 MHz
Final critical path skew: -0.04243 ns
Final setup Worst Negative Slack (sWNS): -8.30266 ns
Final setup Total Negative Slack (sTNS): -143793 ns
Final setup Worst Skew (sWS): -0.04243 ns

Final setup slack histogram:
[ -8.3e-09: -7.5e-09)    16 (  0.0%) |
[ -7.5e-09: -6.7e-09)    80 (  0.2%) |
[ -6.7e-09: -5.9e-09)   276 (  0.5%) |*
[ -5.9e-09: -5.1e-09)  1409 (  2.7%) |*****
[ -5.1e-09: -4.2e-09)  3798 (  7.2%) |************
[ -4.2e-09: -3.4e-09)  7534 ( 14.3%) |************************
[ -3.4e-09: -2.6e-09) 14079 ( 26.7%) |*********************************************
[ -2.6e-09: -1.8e-09) 13608 ( 25.8%) |*******************************************
[ -1.8e-09:   -1e-09)  7065 ( 13.4%) |***********************
[   -1e-09: -1.9e-10)  4897 (  9.3%) |****************

Final geomean non-virtual intra-domain period: 8.30266 ns (120.443 MHz)
Final fanout-weighted geomean non-virtual intra-domain period: 8.30266 ns (120.443 MHz)

Incr Slack updates 1 in 0.00173934 sec
Full Max Req/Worst Slack updates 1 in 0.00117879 sec
Incr Max Req/Worst Slack updates 0 in 0 sec
Incr Criticality updates 0 in 0 sec
Full Criticality updates 1 in 0.00653487 sec
Flow timing analysis took 8.98245 seconds (7.68402 STA, 1.29843 slack) (134 full updates: 117 setup, 0 hold, 17 combined).
VPR succeeded
The entire flow of VPR took 107.99 seconds (max_rss 864.2 MiB)

