VPR FPGA Placement and Routing.
Version: 9.0.0-dev+v8.0.0-18248-g40f8d19708
Revision: v8.0.0-18248-g40f8d19708
Compiled: 2026-09-22T03:43:48
Compiler: GNU 13.3.0 on Linux-5.15.0-119-generic x86_64
Build Info: release IPO VTR_ASSERT_LEVEL=2

University of Toronto
verilogtorouting.org
vtr-users@googlegroups.com
This is free open source code under MIT license.

VPR was run with the following command-line:
/inspire/hdd/project/project-public/changshunjie-253114010247/changshunjie-253114010247/workspace/DAC2027/vtr/vtr-verilog-to-routing/vpr/vpr /inspire/hdd/project/project-public/changshunjie-253114010247/changshunjie-253114010247/workspace/DAC2027/vtr/vtr-verilog-to-routing/vtr_flow/arch/COFFE_22nm/k6FracN10LB_mem20K_complexDSP_customSB_22nm.xml /inspire/hdd/project/project-public/changshunjie-253114010247/changshunjie-253114010247/workspace/DAC2027/TailCompile/experiments/vtr/runs/pilot_v1/attention_layer/full-seed1-w300/attention_layer.pre-vpr.blif --analytical_place --route --analysis --ap_full_legalizer flat-recon --ap_detailed_placer annealer --seed 11 --route_chan_width 180 --write_flat_place /inspire/hdd/project/project-public/changshunjie-253114010247/changshunjie-253114010247/workspace/DAC2027/TailCompile/vtr_work/tailcompile_v3/attention_layer/4x4/gnn_candidate-fp1cc57048-flat-recon-annealer-seed11-w180-devw88/post_route.fplace --write_legalized_flat_place /inspire/hdd/project/project-public/changshunjie-253114010247/changshunjie-253114010247/workspace/DAC2027/TailCompile/vtr_work/tailcompile_v3/attention_layer/4x4/gnn_candidate-fp1cc57048-flat-recon-annealer-seed11-w180-devw88/post_legalizer.fplace --flat_place_verbosity 1 --device_width 88 --net_file /inspire/hdd/project/project-public/changshunjie-253114010247/changshunjie-253114010247/workspace/DAC2027/TailCompile/vtr_work/tailcompile_v3/attention_layer/4x4/gnn_candidate-fp1cc57048-flat-recon-annealer-seed11-w180-devw88/attention_layer.locked-input.net --read_flat_place /inspire/hdd/global_user/changshunjie-253114010247/workspace/DAC2027/TailCompile/experiments/vtr/tailcompile_v3/attention_layer/4x4/pools/bootstrap_24/candidate_16_seed13043.fplace

Using up to 1 parallel worker(s)

Architecture file: /inspire/hdd/project/project-public/changshunjie-253114010247/changshunjie-253114010247/workspace/DAC2027/vtr/vtr-verilog-to-routing/vtr_flow/arch/COFFE_22nm/k6FracN10LB_mem20K_complexDSP_customSB_22nm.xml
Circuit name: attention_layer.pre-vpr

# Loading Architecture Description
# Loading Architecture Description took 0.03 seconds (max_rss 32.5 MiB, delta_rss +0.0 MiB)

Timing analysis: ON
Circuit netlist file: /inspire/hdd/project/project-public/changshunjie-253114010247/changshunjie-253114010247/workspace/DAC2027/TailCompile/vtr_work/tailcompile_v3/attention_layer/4x4/gnn_candidate-fp1cc57048-flat-recon-annealer-seed11-w180-devw88/attention_layer.locked-input.net
Circuit placement file: attention_layer.pre-vpr.place
Circuit routing file: attention_layer.pre-vpr.route
Circuit SDC file: attention_layer.pre-vpr.sdc
Vpr floorplanning constraints file: not specified

Packer: DISABLED
Placer: DISABLED
Analytical Placer: ENABLED
Router: ENABLED
Analysis: ENABLED

VPR was run with the following options:

netlist_opts.absorb_buffer_luts            : true
netlist_opts.sweep_dangling_primary_ios    : true
netlist_opts.sweep_dangling_nets           : true
netlist_opts.sweep_dangling_blocks         : true
netlist_opts.sweep_constant_primary_outputs: false
netlist_opts.netlist_verbosity             : 1
netlist_opts.const_gen_inference           : COMB_SEQ

AnalyticalPlacerOpts.analytical_solver_type: lp-b2b
AnalyticalPlacerOpts.partial_legalizer_type: bipartitioning
AnalyticalPlacerOpts.full_legalizer_type: flat-recon
AnalyticalPlacerOpts.detailed_placer_type: annealer
AnalyticalPlacerOpts.ap_timing_tradeoff: 0.500000
AnalyticalPlacerOpts.ap_high_fanout_threshold: 256
AnalyticalPlacerOpts.log_verbosity: 1
router_opts.route_type: DETAILED
router_opts.flat_routing: false
router_opts.choke_points: on
router_opts.router_algorithm: TIMING_DRIVEN
router_opts.base_cost_type: DELAY_NORMALIZED_LENGTH
router_opts.fixed_channel_width: 180
router_opts.check_route: FULL
router_opts.acc_fac: 1.000000
router_opts.bb_factor: 3
router_opts.bend_cost: 0.000000
router_opts.first_iter_pres_fac: 0.000000
router_opts.initial_pres_fac: 0.500000
router_opts.pres_fac_mult: 1.300000
router_opts.max_pres_fac: 1000.000000
router_opts.max_router_iterations: 50
router_opts.min_incremental_reroute_fanout: 16
router_opts.initial_acc_cost_chan_congestion_threshold: 0.500000
router_opts.initial_acc_cost_chan_congestion_weight: 0.500000
router_opts.do_check_rr_graph: true
router_opts.verify_binary_search: false
router_opts.min_channel_width_hint: 0
router_opts.read_rr_edge_metadata: false
router_opts.exit_after_first_routing_iteration: false
router_opts.astar_fac: 1.200000
router_opts.astar_offset: 0.000000
router_opts.router_profiler_astar_fac: 1.200000
router_opts.enable_parallel_connection_router: false
router_opts.post_target_prune_fac: 1.200000
router_opts.post_target_prune_offset: 0
router_opts.multi_queue_num_threads: 1
router_opts.multi_queue_num_queues: 2
router_opts.multi_queue_direct_draining: false
router_opts.criticality_exp: 1.000000
router_opts.max_criticality: 0.990000
router_opts.init_wirelength_abort_threshold: 0.850000
router_opts.incr_reroute_delay_ripup: AUTO
router_opts.save_routing_per_iteration: false
router_opts.congested_routing_iteration_threshold_frac: 1.000000
router_opts.high_fanout_threshold: 64
router_opts.router_debug_net: -2
router_opts.router_debug_sink_rr: -2
router_opts.router_debug_iteration: -2
router_opts.max_convergence_count: 1
router_opts.reconvergence_cpd_threshold: 0.990000
router_opts.update_lower_bound_delays: true
router_opts.first_iteration_timing_report_file: 
router_opts.route_bb_update: DYNAMIC
router_opts.lookahead_type: MAP
router_opts.initial_timing: LOOKAHEAD
router_opts.router_heap: FOUR_ARY_HEAP
router_opts.routing_failure_predictor = SAFE
router_opts.routing_predictor_min_history: 8
router_opts.routing_budgets_algorithm = DISABLE

analysis_opts.gen_post_synthesis_netlist: false
analysis_opts.gen_post_implementation_merged_netlist: false
analysis_opts.gen_post_implementation_sdc: false
analysis_opts.timing_report_npaths: 100
analysis_opts.timing_report_skew: false
analysis_opts.echo_dot_timing_graph_node: -1
analysis_opts.timing_report_detail: NETLIST
analysis_opts.post_synth_netlist_unconn_input_handling: UNCONNECTED
analysis_opts.post_synth_netlist_unconn_output_handling: UNCONNECTED
analysis_opts.post_synth_netlist_module_parameters: on

# Building complex block graph
# Building complex block graph took 0.08 seconds (max_rss 32.5 MiB, delta_rss +0.0 MiB)
Circuit file: /inspire/hdd/project/project-public/changshunjie-253114010247/changshunjie-253114010247/workspace/DAC2027/TailCompile/experiments/vtr/runs/pilot_v1/attention_layer/full-seed1-w300/attention_layer.pre-vpr.blif
# Load circuit
Found 4 constant generator(s) in the netlist (2 constant-zero, 2 constant-one) (run with --netlist_verbosity 2 to list names)
# Load circuit took 0.55 seconds (max_rss 134.3 MiB, delta_rss +101.8 MiB)
# Clean circuit
Absorbed 7975 LUT buffers
Found 1090 primitive output pin(s) driven only by constants; marked them as constants
Swept input(s)      : 7
Swept output(s)     : 0 (0 dangling, 0 constant)
Swept net(s)        : 10126
Swept block(s)      : 33
Constant Pins Marked: 1090
# Clean circuit took 0.13 seconds (max_rss 134.3 MiB, delta_rss +0.0 MiB)
# Compress circuit
# Compress circuit took 0.06 seconds (max_rss 134.3 MiB, delta_rss +0.0 MiB)
# Verify circuit
# Verify circuit took 0.02 seconds (max_rss 134.3 MiB, delta_rss +0.0 MiB)
Circuit Statistics:
  Blocks: 40113
    .input            :    1052
    .latch            :    8844
    .names            :   17218
        0-LUT:       3
        1-LUT:    5989
        2-LUT:     920
        3-LUT:    4530
        4-LUT:    3023
        5-LUT:    1163
        6-LUT:    1590
    .output           :      32
    adder             :    9150
    addition_fp_clk_16:       1
    dual_port_ram     :    3680
    multiply          :     136
  Nets  : 50065
    Avg Fanout:     2.9
    Max Fanout: 12525.0
    Min Fanout:     1.0
  Netlist Clocks: 1
# Build Timing Graph
  Timing Graph Nodes: 245193
  Timing Graph Edges: 446068
  Timing Graph Levels: 66
# Build Timing Graph took 0.24 seconds (max_rss 201.7 MiB, delta_rss +62.8 MiB)
Netlist contains 1 clocks
  Netlist Clock 'clk' Fanout: 12525 pins (6.5%), 12525 blocks (31.2%)
# Load Timing Constraints

SDC file 'attention_layer.pre-vpr.sdc' not found
Setting default timing constraints:
   * constrain all primary inputs and primary outputs on netlist clock 'clk'
   * optimize netlist clock to run as fast as possible
Timing constraints created 1 clocks
  Constrained Clock 'clk' Source: 'clk.inpad[0]'

# Load Timing Constraints took 0.00 seconds (max_rss 201.7 MiB, delta_rss +0.0 MiB)
# Analytical Placement
## Prepacker

There is one chain in this architecture called "chain" with the following starting points:
	clb[0]/lab[0]/fle[0]/ble5[0]/arithmetic[0]/adder[0].cin[0]

## Prepacker took 0.04 seconds (max_rss 201.7 MiB, delta_rss +0.0 MiB)
## Initializing Pre-Cluster Timing
Using inter-cluster delay: 2.1832e-09
## Initializing Pre-Cluster Timing took 0.40 seconds (max_rss 216.8 MiB, delta_rss +15.1 MiB)
## Estimate Device Size
Device layout 'auto' with fixed width 88.
FPGA sized to 88 x 88: 7744 grid tiles (auto)
## Estimate Device Size took 0.00 seconds (max_rss 216.8 MiB, delta_rss +0.0 MiB)
## Ram Mapper
Flat Placement is provided, skipping the RAM mapping.
## Ram Mapper took 0.00 seconds (max_rss 216.8 MiB, delta_rss +0.0 MiB)
## Read Atom Netlist to AP Netlist
## Read Atom Netlist to AP Netlist took 0.29 seconds (max_rss 276.7 MiB, delta_rss +60.0 MiB)
Analytical Placement Netlist Statistics:
	AP Blocks: 25061
		Moveable AP Blocks: 25061
		Fixed AP Blocks: 0
	AP Nets: 34982
		Average Fanout: 2.94
		Highest Fanout: 257
	AP Pins: 193913

## Computing placement delta delay look-up
### Build routing resource graph
### Build routing resource graph took 6.42 seconds (max_rss 826.6 MiB, delta_rss +549.9 MiB)
  RR Graph Nodes: 1754700
  RR Graph Edges: 19490640
### Computing router lookahead map
#### Computing wire lookahead
#### Computing wire lookahead took 6.90 seconds (max_rss 826.6 MiB, delta_rss +0.0 MiB)
#### Computing src/opin lookahead
Warning 1: Found no more sample locations for SOURCE in io
Warning 2: Found no more sample locations for OPIN in io
Warning 3: Found no more sample locations for SOURCE in clb
Warning 4: Found no more sample locations for OPIN in clb
Warning 5: Found no more sample locations for SOURCE in dsp_top
Warning 6: Found no more sample locations for OPIN in dsp_top
Warning 7: Found no more sample locations for SOURCE in memory
Warning 8: Found no more sample locations for OPIN in memory
#### Computing src/opin lookahead took 0.22 seconds (max_rss 826.6 MiB, delta_rss +0.0 MiB)
### Computing router lookahead map took 7.15 seconds (max_rss 826.6 MiB, delta_rss +0.0 MiB)
Serial Connection Router is being destroyed. Time spent on path search: 0.000 seconds.
## Computing placement delta delay look-up took 13.91 seconds (max_rss 826.6 MiB, delta_rss +549.9 MiB)
Flat Placement is provided in the AP flow, skipping the Global Placement.
0 of 25061 molecules placed at device center (no atoms of these molecules found in flat placement).
## AP Full Legalizer
### Creating Clusters
Device (width, height): (88,88)
#### Sorting and Grouping Blocks by Tile
#### Sorting and Grouping Blocks by Tile took 0.01 seconds (max_rss 826.6 MiB, delta_rss +0.0 MiB)
#### Reconstruction Pass Clustering
#### Reconstruction Pass Clustering took 57.96 seconds (max_rss 826.6 MiB, delta_rss +0.0 MiB)
#### Orphan Window Clustering with search radius 8
#### Orphan Window Clustering with search radius 8 took 0.02 seconds (max_rss 826.6 MiB, delta_rss +0.0 MiB)
FPGA sized to 88 x 88: 7744 grid tiles (auto)
Device Utilization: 0.28 (target 1.00)
	Block Utilization: 0.39 Type: io
	Block Utilization: 0.19 Type: clb
	Block Utilization: 0.85 Type: dsp_top
	Block Utilization: 0.75 Type: memory

----------------------------------------------------------------
                       Clustering Summary                       
----------------------------------------------------------------
Clusters created (Self Clustering)                       : 2605
    dsp_top    : 107
    memory     : 194
    clb        : 1220
    io         : 1084
Clusters created (Orphan Window Clustering)              : 15
    clb        : 15
Total clusters                                           : 2620
Percent of clusters created in Orphan Window Clustering  : 0.57%
Molecules clustered in each stage breakdown  : (Total of 25061)
	Self Clustering          (0.998963)  : 25035
 	Neighbor Clustering      (0.000000)  : 0
	Orphan Window Clustering (0.001037)  : 26
----------------------------------------------------------------

Final Clustering Statistics: 
----------   --------   ------------------------------------   --------------------------
Block Type   # Blocks   Avg. # of input clocks and pins used   Avg. # of output pins used
----------   --------   ------------------------------------   --------------------------
     EMPTY          0                                      0                            0   
        io       1084                              0.0295203                      0.97048   
       clb       1235                                27.9466                      15.3628   
   dsp_top        107                                40.9813                      20.1869   
    memory        194                                49.6598                      18.9691   
Absorbed logical nets 24200 out of 50065 nets, 25865 nets not absorbed.
#### Load packing
##### Loading packed FPGA netlist file.
Netlist generated from file '/inspire/hdd/project/project-public/changshunjie-253114010247/changshunjie-253114010247/workspace/DAC2027/TailCompile/vtr_work/tailcompile_v3/attention_layer/4x4/gnn_candidate-fp1cc57048-flat-recon-annealer-seed11-w180-devw88/attention_layer.locked-input.net'.
Detected 3 constant generators (to see names run with higher pack verbosity)
##### Loading packed FPGA netlist file. took 2.05 seconds (max_rss 841.0 MiB, delta_rss +14.4 MiB)
Warning 9: Treated 2 constant nets as global which will not be routed (to see net names increase packer verbosity).
Netlist contains 5542 global net to non-global architecture pin connections
Found 2 logic block(s) with only 1 output pin and no inputs; they may be constant generators (run with --pack_verbosity 3 to list them)
Completed clustering consistency check successfully.
Cluster level netlist and block usage statistics
Netlist num_nets: 25865
Netlist num_blocks: 2620
Netlist EMPTY blocks: 0.
Netlist io blocks: 1084.
Netlist clb blocks: 1235.
Netlist dsp_top blocks: 107.
Netlist memory blocks: 194.
Netlist inputs pins: 1052
Netlist output pins: 32

Pb types usage...
  io                   : 1084
   inpad               : 1052
   outpad              : 32
  clb                  : 1235
   lab                 : 1235
    fle                : 11240
     ble5              : 19054
      flut5            : 9904
       lut5            : 9613
        lut            : 9613
       ff              : 8130
      arithmetic       : 9150
       lut4            : 6015
        lut            : 6015
       adder           : 9150
     ble6              : 1590
      lut6             : 1590
       lut             : 1590
      ff               : 714
  dsp_top              : 107
   dsp                 : 107
    dsp_pb             : 107
     two_mult_18x19    : 136
      mult_18x19       : 136
     adder_fp16        : 1
  memory               : 194
   mem_1024x20_dp      : 194
    memory_slice       : 3680

#### Load packing took 2.42 seconds (max_rss 841.0 MiB, delta_rss +14.4 MiB)
Netlist contains 5542 global net to non-global architecture pin connections
Found 2 logic block(s) with only 1 output pin and no inputs; they may be constant generators (run with --pack_verbosity 3 to list them)
Cluster level netlist and block usage statistics
Netlist num_nets: 25865
Netlist num_blocks: 2620
Netlist EMPTY blocks: 0.
Netlist io blocks: 1084.
Netlist clb blocks: 1235.
Netlist dsp_top blocks: 107.
Netlist memory blocks: 194.
Netlist inputs pins: 1052
Netlist output pins: 32
### Creating Clusters took 61.58 seconds (max_rss 841.0 MiB, delta_rss +14.4 MiB)
Completed clustering consistency check successfully.
FPGA sized to 88 x 88: 7744 grid tiles (auto)
### Compressed grid construction
### Compressed grid construction took 0.00 seconds (max_rss 841.0 MiB, delta_rss +0.0 MiB)
### Initial Placement
Placing clusters that are part of larger macros...
Number of blocks to be placed: 16
Max distance on device: 176
---- ---------- ---------- -------------
Pass Max Displ. Num Blocks Num Blocks   
     Threshold  Placed     Left Unplaced
---- ---------- ---------- -------------
   0          0         14             2
   1          1          2             0

Placing general clusters...
Number of blocks to be placed: 2604
Max distance on device: 176
---- ---------- ---------- -------------
Pass Max Displ. Num Blocks Num Blocks   
     Threshold  Placed     Left Unplaced
---- ---------- ---------- -------------
   0          0       2590            14
   1          1          7             7
   2          2          5             2
   3          4          2             0

### Initial Placement took 0.01 seconds (max_rss 841.0 MiB, delta_rss +0.0 MiB)
Flat Placement Reconstruction Info:
	Percent of clusters with reconstruction errors: 0.267176
	Total displacement of initial placement from flat placement: 15623.000000
	Average atom displacement of initial placement from flat placement: 0.389475
	Max atom displacement of initial placement from flat placement: 68.000000
	Percent of atoms misplaced from the flat placement: 1.333732
## AP Full Legalizer took 61.89 seconds (max_rss 841.0 MiB, delta_rss +14.4 MiB)

Resource usage...
	Netlist
		1084	blocks of type: io
	Architecture
		2752	blocks of type: io
	Netlist
		1235	blocks of type: clb
	Architecture
		6376	blocks of type: clb
	Netlist
		107	blocks of type: dsp_top
	Architecture
		126	blocks of type: dsp_top
	Netlist
		194	blocks of type: memory
	Architecture
		258	blocks of type: memory

Device Utilization: 0.28 (target 1.00)
	Physical Tile io:
	Block Utilization: 0.39 Logical Block: io
	Physical Tile clb:
	Block Utilization: 0.19 Logical Block: clb
	Physical Tile dsp_top:
	Block Utilization: 0.85 Logical Block: dsp_top
	Physical Tile memory:
	Block Utilization: 0.75 Logical Block: memory

## Computing placement delta delay look-up
RR graph channel widths unchanged, skipping RR graph rebuild
Serial Connection Router is being destroyed. Time spent on path search: 0.000 seconds.
## Computing placement delta delay look-up took 0.02 seconds (max_rss 841.0 MiB, delta_rss +0.0 MiB)
Using simple RL 'Softmax agent' for choosing move and block types

Completed placement consistency check successfully.
Initial placement cost: 1 bb_cost: 5863.6 td_cost: 1.71666e-05
Initial placement BB estimate of wirelength: 1.05476e+06
Initial placement estimated Critical Path Delay (CPD): 16.3116 ns
Initial placement estimated setup Total Negative Slack (sTNS): -126161 ns
Initial placement estimated setup Worst Negative Slack (sWNS): -16.3116 ns

Initial placement estimated setup slack histogram:
[ -1.6e-08: -1.5e-08)     3 (  0.0%) |
[ -1.5e-08: -1.3e-08)    11 (  0.0%) |
[ -1.3e-08: -1.1e-08)    41 (  0.1%) |
[ -1.1e-08: -9.9e-09)   181 (  0.3%) |
[ -9.9e-09: -8.3e-09)   341 (  0.6%) |*
[ -8.3e-09: -6.6e-09)   812 (  1.5%) |*
[ -6.6e-09:   -5e-09)  1373 (  2.6%) |**
[   -5e-09: -3.4e-09)  3117 (  5.9%) |*****
[ -3.4e-09: -1.8e-09) 29166 ( 55.3%) |*********************************************
[ -1.8e-09: -1.9e-10) 17717 ( 33.6%) |***************************
Placement contains 8 placement macros involving 16 blocks (average macro size 2.000000)

Moves per temperature: 18054
## AP Detailed Placer

---- ------ ------- ------- ---------- ---------- ------- ---------- -------- ------- ------- ------ -------- --------- ------
Tnum  Time     T    AvCost  Av BB Cost Av TD Cost   CPD      sTNS      sWNS   AcRate  StdDev  R lim  CritExp  TotMoves  Alpha 
     (sec)                                          (ns)     (ns)      (ns)                                                   
---- ------ ------- ------- ---------- ---------- ------- ---------- -------- ------- ------- ------ -------- --------- ------
   1    0.2 7.6e-04   0.993    4965.57 1.5143e-05  14.434  -1.17e+05  -14.434   0.839  0.0117   87.0     1.00      18054  1.000
   2    0.2 6.9e-04   0.950    4788.47 1.5723e-05  13.663  -1.14e+05  -13.663   0.829  0.0195   87.0     1.00      36108  0.900
   3    0.2 6.2e-04   0.964    4596.81 1.5269e-05  13.673   -1.2e+05  -13.673   0.817  0.0226   87.0     1.00      54162  0.900
   4    0.2 5.6e-04   0.969    4417.09 1.6844e-05  11.919  -1.16e+05  -11.919   0.791  0.0123   87.0     1.00      72216  0.900
   5    0.2 5.3e-04   0.951    4146.49 1.7695e-05  10.896  -1.17e+05  -10.896   0.783  0.0227   87.0     1.00      90270  0.950
   6    0.2 5.0e-04   0.957    3818.29 1.7645e-05  10.297  -1.16e+05  -10.297   0.771  0.0201   87.0     1.00     108324  0.950
   7    0.2 4.8e-04   0.959    3596.25 1.6836e-05  10.426  -1.15e+05  -10.426   0.758  0.0189   87.0     1.00     126378  0.950
   8    0.2 4.5e-04   0.989    3442.47 1.5764e-05  10.668  -1.16e+05  -10.668   0.738  0.0081   87.0     1.00     144432  0.950
   9    0.2 4.3e-04   0.975    3241.43 1.5433e-05  10.684  -1.13e+05  -10.684   0.733  0.0144   87.0     1.00     162486  0.950
  10    0.2 4.1e-04   0.976    3100.51 1.6165e-05   9.929  -1.13e+05   -9.929   0.724  0.0163   87.0     1.00     180540  0.950
  11    0.2 3.9e-04   0.976    2947.53 1.4945e-05  10.386   -1.1e+05  -10.386   0.717  0.0135   87.0     1.00     198594  0.950
  12    0.2 3.7e-04   0.981    2829.28 1.4756e-05  10.285  -1.12e+05  -10.285   0.711  0.0054   87.0     1.00     216648  0.950
  13    0.2 3.5e-04   0.981    2770.54 1.4357e-05  10.338  -1.09e+05  -10.338   0.699  0.0112   87.0     1.00     234702  0.950
  14    0.2 3.3e-04   0.980    2673.34 1.3885e-05  10.451  -1.09e+05  -10.451   0.695  0.0078   87.0     1.00     252756  0.950
  15    0.2 3.2e-04   0.983    2603.30 1.4008e-05  10.252  -1.08e+05  -10.252   0.677  0.0050   87.0     1.00     270810  0.950
  16    0.2 3.0e-04   0.978    2544.28 1.548e-05    9.143  -1.07e+05   -9.143   0.677  0.0079   87.0     1.00     288864  0.950
  17    0.2 2.9e-04   0.986    2456.07 1.3633e-05  10.207  -1.06e+05  -10.207   0.664  0.0045   87.0     1.00     306918  0.950
  18    0.2 2.7e-04   0.977    2375.00 1.3944e-05   9.818  -1.06e+05   -9.818   0.656  0.0085   87.0     1.00     324972  0.950
  19    0.2 2.6e-04   0.986    2328.26 1.3505e-05  10.064  -1.08e+05  -10.064   0.650  0.0107   87.0     1.00     343026  0.950
  20    0.2 2.5e-04   0.993    2263.77 1.538e-05    8.598  -1.06e+05   -8.598   0.635  0.0042   87.0     1.00     361080  0.950
  21    0.2 2.3e-04   0.992    2237.83 1.3712e-05   9.581  -1.05e+05   -9.581   0.627  0.0037   87.0     1.00     379134  0.950
  22    0.2 2.2e-04   0.986    2212.11 1.3683e-05   9.611  -1.06e+05   -9.611   0.626  0.0062   87.0     1.00     397188  0.950
  23    0.2 2.1e-04   0.985    2163.78 1.3125e-05   9.826  -1.05e+05   -9.826   0.620  0.0063   87.0     1.00     415242  0.950
  24    0.2 2.0e-04   0.997    2144.27 1.3394e-05   9.601  -1.04e+05   -9.601   0.603  0.0028   87.0     1.00     433296  0.950
  25    0.2 1.9e-04   0.996    2146.55 1.3631e-05   9.423  -1.05e+05   -9.423   0.601  0.0027   87.0     1.00     451350  0.950
  26    0.2 1.8e-04   0.983    2109.25 1.392e-05    9.148  -1.05e+05   -9.148   0.594  0.0056   87.0     1.00     469404  0.950
  27    0.2 1.7e-04   0.986    2072.39 1.2012e-05  10.510  -1.03e+05  -10.510   0.579  0.0046   87.0     1.00     487458  0.950
  28    0.2 1.6e-04   0.985    2046.74 1.367e-05    9.208  -1.04e+05   -9.208   0.575  0.0051   87.0     1.00     505512  0.950
  29    0.2 1.5e-04   0.984    2012.88 1.348e-05    9.192  -1.05e+05   -9.192   0.559  0.0067   87.0     1.00     523566  0.950
  30    0.2 1.5e-04   0.988    1978.58 1.3093e-05   9.397  -1.04e+05   -9.397   0.556  0.0058   87.0     1.00     541620  0.950
  31    0.2 1.4e-04   0.995    1954.71 1.329e-05    9.142  -1.04e+05   -9.142   0.541  0.0021   87.0     1.00     559674  0.950
  32    0.2 1.3e-04   0.989    1935.93 1.2585e-05   9.602  -1.04e+05   -9.602   0.539  0.0041   87.0     1.00     577728  0.950
  33    0.2 1.3e-04   0.982    1901.98 1.2742e-05   9.417  -1.05e+05   -9.417   0.524  0.0080   87.0     1.00     595782  0.950
  34    0.2 1.2e-04   0.991    1877.76 1.2651e-05   9.315  -1.05e+05   -9.315   0.500  0.0035   87.0     1.00     613836  0.950
  35    0.2 1.1e-04   0.991    1871.78 1.2467e-05   9.418  -1.03e+05   -9.418   0.493  0.0045   87.0     1.00     631890  0.950
  36    0.2 1.1e-04   0.990    1857.61 1.2991e-05   8.985  -1.02e+05   -8.985   0.487  0.0030   87.0     1.00     649944  0.950
  37    0.2 1.0e-04   0.990    1840.42 1.2887e-05   8.991  -1.02e+05   -8.991   0.477  0.0056   87.0     1.00     667998  0.950
  38    0.2 9.7e-05   0.990    1812.75 1.3012e-05   8.781  -1.02e+05   -8.781   0.467  0.0041   87.0     1.00     686052  0.950
  39    0.2 9.3e-05   0.990    1791.34 1.009e-05   11.284  -1.01e+05  -11.284   0.449  0.0029   87.0     1.00     704106  0.950
  40    0.2 8.8e-05   0.995    1782.63 1.2932e-05   8.707  -1.02e+05   -8.707   0.445  0.0057   87.0     1.00     722160  0.950
  41    0.2 8.4e-05   0.993    1763.24 1.2387e-05   9.046  -1.01e+05   -9.046   0.432  0.0035   87.0     1.00     740214  0.950
  42    0.2 7.9e-05   0.993    1745.74 1.0587e-05   9.963  -1.02e+05   -9.963   0.418  0.0039   86.3     1.06     758268  0.950
  43    0.2 7.5e-05   0.991    1730.24 1.0408e-05   8.897  -1.01e+05   -8.897   0.409  0.0030   84.3     1.22     776322  0.950
  44    0.2 7.2e-05   0.990    1714.60 6.7466e-06  10.632  -1.02e+05  -10.632   0.401  0.0046   81.8     1.43     794376  0.950
  45    0.2 6.8e-05   0.993    1704.74 7.1422e-06   8.792  -1.02e+05   -8.792   0.392  0.0035   78.6     1.68     812430  0.950
  46    0.2 6.5e-05   0.994    1692.74 5.9445e-06   8.584  -1.02e+05   -8.584   0.376  0.0027   74.9     1.99     830484  0.950
  47    0.2 6.1e-05   0.994    1684.68 4.8899e-06   8.376  -1.03e+05   -8.376   0.370  0.0032   70.1     2.38     848538  0.950
  48    0.2 5.8e-05   0.992    1671.78 3.4883e-06   8.689  -1.05e+05   -8.689   0.366  0.0045   65.2     2.77     866592  0.950
  49    0.2 5.5e-05   0.993    1654.19 3.0685e-06   8.381  -1.02e+05   -8.381   0.350  0.0020   60.4     3.17     884646  0.950
  50    0.2 5.3e-05   0.994    1655.00 2.2456e-06   8.584  -1.03e+05   -8.584   0.342  0.0030   54.9     3.61     902700  0.950
  51    0.2 5.0e-05   0.994    1639.51 1.9195e-06   8.444  -1.03e+05   -8.444   0.335  0.0032   49.6     4.05     920754  0.950
  52    0.2 4.8e-05   0.992    1618.82 1.357e-06    8.689  -1.02e+05   -8.689   0.327  0.0050   44.4     4.47     938808  0.950
  53    0.2 4.5e-05   0.994    1602.29 7.0165e-07   9.493  -1.04e+05   -9.493   0.319  0.0034   39.3     4.88     956862  0.950
  54    0.2 4.3e-05   0.998    1597.87 6.9333e-07   9.125  -1.05e+05   -9.125   0.312  0.0017   34.6     5.27     974916  0.950
  55    0.2 4.1e-05   0.990    1594.00 5.431e-07    9.210  -1.07e+05   -9.210   0.309  0.0053   30.2     5.63     992970  0.950
  56    0.2 3.9e-05   0.994    1581.81 8.2163e-07   8.299  -1.07e+05   -8.299   0.299  0.0023   26.2     5.95    1011024  0.950
  57    0.2 3.7e-05   0.992    1568.16 6.1744e-07   8.481  -1.06e+05   -8.481   0.295  0.0032   22.5     6.25    1029078  0.950
  58    0.2 3.5e-05   0.991    1560.05 3.222e-07    9.335  -1.05e+05   -9.335   0.285  0.0034   19.3     6.51    1047132  0.950
  59    0.2 3.3e-05   0.981    1556.45 1.7033e-07  10.254  -1.06e+05  -10.254   0.283  0.0163   16.3     6.76    1065186  0.950
  60    0.2 3.2e-05   0.991    1547.36 2.0369e-07   9.760  -1.05e+05   -9.760   0.285  0.0060   13.7     6.97    1083240  0.950
  61    0.2 3.0e-05   0.984    1531.70 2.0076e-07   9.658  -1.05e+05   -9.658   0.295  0.0074   11.6     7.14    1101294  0.950
  62    0.2 2.8e-05   0.996    1516.81 4.117e-07    8.481  -1.06e+05   -8.481   0.282  0.0024    9.9     7.27    1119348  0.950
  63    0.2 2.7e-05   0.994    1505.25 4.7039e-07   8.271  -1.03e+05   -8.271   0.274  0.0023    8.3     7.40    1137402  0.950
  64    0.2 2.6e-05   0.995    1494.57 5.3933e-07   8.069  -1.04e+05   -8.069   0.268  0.0027    7.0     7.51    1155456  0.950
  65    0.2 2.4e-05   0.995    1486.31 4.9769e-07   8.069  -1.03e+05   -8.069   0.262  0.0016    5.8     7.61    1173510  0.950
  66    0.2 2.3e-05   0.997    1481.85 4.6285e-07   8.069  -1.04e+05   -8.069   0.261  0.0015    4.7     7.70    1191564  0.950
  67    0.2 2.2e-05   0.998    1476.39 4.7999e-07   8.005  -1.03e+05   -8.005   0.254  0.0012    3.9     7.76    1209618  0.950
  68    0.2 2.1e-05   0.997    1471.24 4.633e-07    8.005  -1.03e+05   -8.005   0.249  0.0010    3.2     7.82    1227672  0.950
  69    0.2 2.0e-05   0.996    1466.81 4.2117e-07   8.069  -1.04e+05   -8.069   0.258  0.0015    2.6     7.87    1245726  0.950
  70    0.2 1.9e-05   0.997    1459.39 4.8015e-07   7.903  -1.02e+05   -7.903   0.244  0.0012    2.1     7.91    1263780  0.950
  71    0.2 1.8e-05   0.998    1455.30 4.7986e-07   7.903  -1.03e+05   -7.903   0.258  0.0009    1.7     7.94    1281834  0.950
  72    0.2 1.7e-05   0.998    1451.71 4.5278e-07   7.932  -1.03e+05   -7.932   0.251  0.0007    1.4     7.97    1299888  0.950
  73    0.2 1.6e-05   0.998    1446.87 4.4866e-07   7.932  -1.03e+05   -7.932   0.243  0.0010    1.1     7.99    1317942  0.950
  74    0.2 1.5e-05   0.999    1444.97 4.4239e-07   7.932  -1.03e+05   -7.932   0.233  0.0003    1.0     8.00    1335996  0.950
  75    0.2 1.5e-05   0.999    1444.32 4.4263e-07   7.932  -1.03e+05   -7.932   0.229  0.0005    1.0     8.00    1354050  0.950
  76    0.2 1.4e-05   0.999    1441.74 4.3945e-07   7.932  -1.02e+05   -7.932   0.219  0.0005    1.0     8.00    1372104  0.950
  77    0.2 1.3e-05   0.999    1439.82 4.5525e-07   7.903  -1.03e+05   -7.903   0.216  0.0005    1.0     8.00    1390158  0.950
  78    0.2 1.3e-05   0.999    1439.86 4.4084e-07   7.932  -1.03e+05   -7.932   0.209  0.0006    1.0     8.00    1408212  0.950
  79    0.2 1.2e-05   0.999    1438.33 4.3785e-07   7.932  -1.02e+05   -7.932   0.208  0.0003    1.0     8.00    1426266  0.950
  80    0.2 1.1e-05   0.999    1437.40 4.2432e-07   7.966  -1.02e+05   -7.966   0.205  0.0005    1.0     8.00    1444320  0.950
  81    0.2 1.1e-05   0.999    1435.54 4.3674e-07   7.932  -1.03e+05   -7.932   0.197  0.0005    1.0     8.00    1462374  0.950
  82    0.2 1.0e-05   0.999    1434.22 4.348e-07    7.932  -1.03e+05   -7.932   0.193  0.0003    1.0     8.00    1480428  0.950
  83    0.2 9.7e-06   0.999    1433.61 4.3788e-07   7.932  -1.03e+05   -7.932   0.190  0.0003    1.0     8.00    1498482  0.950
  84    0.2 9.2e-06   0.999    1432.24 4.3663e-07   7.932  -1.02e+05   -7.932   0.185  0.0004    1.0     8.00    1516536  0.950
  85    0.2 8.7e-06   0.999    1431.73 4.3466e-07   7.932  -1.03e+05   -7.932   0.181  0.0003    1.0     8.00    1534590  0.950
  86    0.2 8.3e-06   0.999    1430.18 4.3309e-07   7.932  -1.03e+05   -7.932   0.181  0.0003    1.0     8.00    1552644  0.950
  87    0.2 7.9e-06   0.999    1428.91 4.2969e-07   7.932  -1.02e+05   -7.932   0.171  0.0003    1.0     8.00    1570698  0.950
  88    0.2 7.5e-06   0.999    1428.43 4.3283e-07   7.932  -1.02e+05   -7.932   0.169  0.0003    1.0     8.00    1588752  0.950
  89    0.2 7.1e-06   0.999    1427.22 4.2933e-07   7.932  -1.02e+05   -7.932   0.171  0.0003    1.0     8.00    1606806  0.950
  90    0.2 6.8e-06   0.999    1425.76 4.2988e-07   7.932  -1.02e+05   -7.932   0.171  0.0003    1.0     8.00    1624860  0.950
  91    0.2 6.4e-06   1.000    1425.11 4.3051e-07   7.932  -1.02e+05   -7.932   0.167  0.0003    1.0     8.00    1642914  0.950
  92    0.2 6.1e-06   0.999    1424.67 4.3288e-07   7.932  -1.02e+05   -7.932   0.160  0.0003    1.0     8.00    1660968  0.950
  93    0.2 5.8e-06   0.999    1424.12 4.3012e-07   7.932  -1.02e+05   -7.932   0.163  0.0003    1.0     8.00    1679022  0.950
  94    0.2 5.5e-06   1.000    1423.30 4.3249e-07   7.932  -1.02e+05   -7.932   0.155  0.0001    1.0     8.00    1697076  0.950
  95    0.2 5.2e-06   0.999    1423.34 4.3179e-07   7.932  -1.02e+05   -7.932   0.155  0.0003    1.0     8.00    1715130  0.950
  96    0.2 5.0e-06   1.000    1422.23 4.3209e-07   7.932  -1.02e+05   -7.932   0.158  0.0002    1.0     8.00    1733184  0.950
  97    0.2 4.7e-06   1.000    1421.55 4.3161e-07   7.932  -1.01e+05   -7.932   0.156  0.0002    1.0     8.00    1751238  0.950
  98    0.2 4.5e-06   0.999    1420.87 4.3203e-07   7.932  -1.02e+05   -7.932   0.148  0.0002    1.0     8.00    1769292  0.950
Agent's 2nd state: 
  99    0.2 3.6e-06   1.000    1419.92 4.3122e-07   7.932  -1.02e+05   -7.932   0.148  0.0002    1.0     8.00    1787346  0.800
Checkpoint saved: bb_costs=1419.23, TD costs=4.30329e-07, CPD=  7.932 (ns) 
 100    0.2 2.9e-06   0.999    1419.23 4.2976e-07   7.932  -1.02e+05   -7.932   0.098  0.0003    1.0     8.00    1805400  0.800
 101    0.2 2.3e-06   0.993    1418.87 2.0332e-07   8.794  -1.03e+05   -8.794   0.096  0.0014    1.0     8.00    1823454  0.800
 102    0.2 1.8e-06   0.985    1418.34 1.1942e-07   9.523  -1.02e+05   -9.523   0.093  0.0032    1.0     8.00    1841508  0.800
 103    0.2 1.5e-06   0.985    1417.70 1.1458e-07   9.628  -1.02e+05   -9.628   0.096  0.0032    1.0     8.00    1859562  0.800
 104    0.2 1.2e-06   0.985    1419.48 1.1181e-07   9.628  -1.02e+05   -9.628   0.094  0.0031    1.0     8.00    1877616  0.800
 105    0.2 9.4e-07   0.981    1418.56 1.0308e-07   9.836  -1.02e+05   -9.836   0.092  0.0026    1.0     8.00    1895670  0.800
 106    0.2 7.5e-07   0.986    1427.37 1.129e-07    9.628  -1.02e+05   -9.628   0.090  0.0026    1.0     8.00    1913724  0.800
 107    0.2 6.0e-07   0.981    1426.45 1.0278e-07   9.836  -1.02e+05   -9.836   0.087  0.0014    1.0     8.00    1931778  0.800
 108    0.2 4.8e-07   0.982    1425.03 1.117e-07    9.616  -1.02e+05   -9.616   0.086  0.0028    1.0     8.00    1949832  0.800
 109    0.2 3.9e-07   0.980    1424.44 1.0076e-07   9.866  -1.02e+05   -9.866   0.088  0.0030    1.0     8.00    1967886  0.800
 110    0.2 3.1e-07   0.981    1422.85 1.0476e-07   9.721  -1.02e+05   -9.721   0.085  0.0012    1.0     8.00    1985940  0.800
 111    0.2 2.5e-07   0.973    1422.27 9.7555e-08   9.929  -1.02e+05   -9.929   0.094  0.0022    1.0     8.00    2003994  0.800
 112    0.2 2.0e-07   0.982    1427.10 1.0447e-07   9.721  -1.02e+05   -9.721   0.082  0.0018    1.0     8.00    2022048  0.800
 113    0.2 0.0e+00   0.978    1424.65 9.1294e-08  10.046  -1.02e+05  -10.046   0.050  0.0046    1.0     8.00    2040102  0.800
### Placement Quench took 0.17 seconds (max_rss 841.0 MiB)
post-quench CPD = 9.75104 (ns) 

Checkpoint restored

Completed placement consistency check successfully.

Swaps called: 2042722

Aborted Move Reasons:
  duplicate block move to location: 34
  macro move to location illegal: 2
  macro_from swap to location illegal: 1095

BB estimate of min-dist (placement) wire length: 255053

Placement estimated critical path delay (least slack): 7.93232 ns, Fmax: 126.067 MHz
Placement estimated critical path skew: -0.04243 ns
Placement estimated setup Worst Negative Slack (sWNS): -7.93232 ns
Placement estimated setup Total Negative Slack (sTNS): -102490 ns
Placement estimated setup Worst Skew (sWS): -0.04243 ns

Placement estimated setup slack histogram:
[ -7.9e-09: -7.2e-09)    35 (  0.1%) |
[ -7.2e-09: -6.4e-09)    57 (  0.1%) |
[ -6.4e-09: -5.6e-09)   213 (  0.4%) |
[ -5.6e-09: -4.8e-09)   483 (  0.9%) |*
[ -4.8e-09: -4.1e-09)   491 (  0.9%) |*
[ -4.1e-09: -3.3e-09)  2363 (  4.5%) |*****
[ -3.3e-09: -2.5e-09)  6235 ( 11.8%) |**************
[ -2.5e-09: -1.7e-09) 17342 ( 32.9%) |***************************************
[ -1.7e-09: -9.7e-10) 19898 ( 37.7%) |*********************************************
[ -9.7e-10: -1.9e-10)  5645 ( 10.7%) |*************

Placement estimated geomean non-virtual intra-domain period: 7.93232 ns (126.067 MHz)
Placement estimated fanout-weighted geomean non-virtual intra-domain period: 7.93232 ns (126.067 MHz)

Placement cost: 1, bb_cost: 1419.23, td_cost: 4.30329e-07, 

Placement resource usage:
  io      implemented as io     : 1084
  clb     implemented as clb    : 1235
  dsp_top implemented as dsp_top: 107
  memory  implemented as memory : 194

Placement number of temperatures: 113
Placement total # of swap attempts: 2042722
	Swaps accepted:  753882 (36.9 %)
	Swaps rejected: 1278164 (62.6 %)
	Swaps aborted:   10676 ( 0.5 %)


Placement perturbation distribution by block and move type: 
------------------ ----------------- ---------------- ---------------- --------------- ------------ 
    Block Type         Move Type       (%) of Total      Accepted(%)     Rejected(%)    Aborted(%)
------------------ ----------------- ---------------- ---------------- --------------- ------------ 
io                 Uniform                9.83             54.92           45.08          0.00         
                   Median                 9.77             60.11           39.05          0.84         
                   Centroid               9.79             60.73           39.27          0.00         
                   W. Centroid            9.78             60.47           39.53          0.00         
                   W. Median              0.72             24.07           74.95          0.98         

clb                Uniform                11.11            6.96            92.93          0.11         
                   Median                 11.19            36.32           62.91          0.77         
                   Centroid               11.13            34.40           65.49          0.11         
                   W. Centroid            11.21            34.86           65.03          0.11         
                   W. Median              0.84             3.13            96.01          0.86         
                   Crit. Uniform          1.78             0.39            99.61          0.00         
                   Feasible Region        1.76             0.83            99.17          0.00         

dsp_top            Uniform                0.96             1.87            98.13          0.00         
                   Median                 0.97             4.46            89.97          5.57         
                   Centroid               0.96             4.04            90.75          5.21         
                   W. Centroid            0.96             4.07            90.55          5.39         
                   W. Median              0.07             0.14            87.66          12.20        

memory             Uniform                1.76             7.77            92.23          0.00         
                   Median                 1.75             14.81           79.67          5.51         
                   Centroid               1.76             12.48           86.13          1.39         
                   W. Centroid            1.75             12.45           87.55          0.00         
                   W. Median              0.13             1.90            84.57          13.54        


Placement Quench timing analysis took 0.0478743 seconds (0.039054 STA, 0.00882023 slack) (1 full updates: 1 setup, 0 hold, 0 combined).
Placement Total  timing analysis took 5.90388 seconds (4.86669 STA, 1.03719 slack) (116 full updates: 116 setup, 0 hold, 0 combined).
update_td_costs: connections 0.0522914 nets 0 sum_nets 0.0221717 total 0.0746856
## AP Detailed Placer took 19.83 seconds (max_rss 842.1 MiB, delta_rss +1.1 MiB)
Incr Slack updates 116 in 0.195531 sec
Full Max Req/Worst Slack updates 49 in 0.054737 sec
Incr Max Req/Worst Slack updates 67 in 0.0980889 sec
Incr Criticality updates 29 in 0.0925415 sec
Full Criticality updates 87 in 0.465873 sec
Incr Slack updates 1 in 0.00182525 sec
Full Max Req/Worst Slack updates 1 in 0.00116795 sec
Incr Max Req/Worst Slack updates 0 in 0 sec
Incr Criticality updates 0 in 0 sec
Full Criticality updates 1 in 0.00659872 sec
# Analytical Placement took 97.05 seconds (max_rss 842.1 MiB, delta_rss +640.5 MiB)


# Routing
RR graph channel widths unchanged, skipping RR graph rebuild
## Initializing router criticalities
Initial Net Connection Criticality Histogram:
[        0:      0.1) 7054 ( 14.5%) |***************************************
[      0.1:      0.2) 8385 ( 17.3%) |**********************************************
[      0.2:      0.3) 7258 ( 14.9%) |****************************************
[      0.3:      0.4) 3209 (  6.6%) |******************
[      0.4:      0.5) 6723 ( 13.8%) |*************************************
[      0.5:      0.6) 6964 ( 14.3%) |**************************************
[      0.6:      0.7) 6002 ( 12.4%) |*********************************
[      0.7:      0.8) 2124 (  4.4%) |************
[      0.8:      0.9)  625 (  1.3%) |***
[      0.9:        1)  221 (  0.5%) |*
## Initializing router criticalities took 0.65 seconds (max_rss 842.1 MiB, delta_rss +0.0 MiB)
---- ------ ------- ---- ------- ------- ------- ----------------- --------------- -------- ---------- ---------- ---------- ---------- --------
Iter   Time    pres  BBs    Heap  Re-Rtd  Re-Rtd Overused RR Nodes      Wirelength      CPD       sTNS       sWNS       hTNS       hWNS Est Succ
      (sec)     fac Updt    push    Nets   Conns                                       (ns)       (ns)       (ns)       (ns)       (ns)     Iter
---- ------ ------- ---- ------- ------- ------- ----------------- --------------- -------- ---------- ---------- ---------- ---------- --------
   1    1.0     0.0    0 6175050   25862   41715   20553 ( 1.171%)  402584 (14.9%)    9.860 -1.729e+05     -9.860      0.000      0.000      N/A
   2    0.9     0.5    0 5237140   17089   31107    8342 ( 0.475%)  399869 (14.8%)    8.606 -1.471e+05     -8.606      0.000      0.000      N/A
   3    0.7     0.6    0 3263693   10415   20577    6176 ( 0.352%)  404278 (15.0%)    8.214 -1.483e+05     -8.214      0.000      0.000      N/A
   4    0.5     0.8    0 2232462    8091   16240    4635 ( 0.264%)  406271 (15.1%)    8.214 -1.480e+05     -8.214      0.000      0.000      N/A
   5    0.4     1.1    0 1609422    6333   13071    3414 ( 0.195%)  408210 (15.2%)    8.214 -1.448e+05     -8.214      0.000      0.000      N/A
   6    0.3     1.4    0 1089494    4856   10308    2547 ( 0.145%)  410484 (15.2%)    8.214 -1.430e+05     -8.214      0.000      0.000      N/A
   7    0.3     1.9    0  760274    3685    8056    1785 ( 0.102%)  412758 (15.3%)    8.242 -1.423e+05     -8.242      0.000      0.000      N/A
   8    0.2     2.4    0  511106    2611    5920    1187 ( 0.068%)  414458 (15.4%)    8.034 -1.423e+05     -8.034      0.000      0.000      N/A
   9    0.2     3.1    0  358158    1795    4200     755 ( 0.043%)  416329 (15.5%)    8.034 -1.420e+05     -8.034      0.000      0.000       27
  10    0.2     4.1    0  231028    1119    2681     427 ( 0.024%)  417579 (15.5%)    8.034 -1.424e+05     -8.034      0.000      0.000       24
  11    0.2     5.3    0  151574     628    1618     231 ( 0.013%)  418592 (15.5%)    8.034 -1.421e+05     -8.034      0.000      0.000       23
  12    0.1     6.9    0   88342     340     851      98 ( 0.006%)  419193 (15.6%)    8.034 -1.424e+05     -8.034      0.000      0.000       20
  13    0.1     9.0    0   55190     142     409      28 ( 0.002%)  419611 (15.6%)    8.034 -1.421e+05     -8.034      0.000      0.000       19
  14    0.1    11.6    0   17795      34      65       6 ( 0.000%)  419603 (15.6%)    8.034 -1.424e+05     -8.034      0.000      0.000       17
  15    0.1    15.1    0    7380      10      17       1 ( 0.000%)  419743 (15.6%)    8.034 -1.421e+05     -8.034      0.000      0.000       16
  16    0.1    19.7    0    1925       2       5       0 ( 0.000%)  419659 (15.6%)    8.034 -1.424e+05     -8.034      0.000      0.000      N/A
Restoring best routing
Critical path: 8.03412 ns
Successfully routed after 16 routing iterations.
Final Net Connection Criticality Histogram:
[        0:      0.1) 7343 ( 15.1%) |**********************************
[      0.1:      0.2) 5350 ( 11.0%) |*************************
[      0.2:      0.3) 8519 ( 17.5%) |****************************************
[      0.3:      0.4) 4018 (  8.3%) |*******************
[      0.4:      0.5) 5757 ( 11.9%) |***************************
[      0.5:      0.6) 9867 ( 20.3%) |**********************************************
[      0.6:      0.7) 5158 ( 10.6%) |************************
[      0.7:      0.8) 1849 (  3.8%) |*********
[      0.8:      0.9)  521 (  1.1%) |**
[      0.9:        1)  183 (  0.4%) |*
Router Stats: total_nets_routed: 83012 total_connections_routed: 156840 total_heap_pushes: 21790033 total_heap_pops: 5892730 
Serial Connection Router is being destroyed. Time spent on path search: 2.814 seconds.
# Routing took 6.40 seconds (max_rss 869.3 MiB, delta_rss +27.2 MiB)

Checking to ensure routing is legal...
# Checking to ensure non-configurable edges are legal
# Checking to ensure non-configurable edges are legal took 0.08 seconds (max_rss 869.3 MiB, delta_rss +0.0 MiB)
Completed routing consistency check successfully.

Serial number (magic cookie) for the routing is: 1527686245
Circuit successfully routed with a channel width factor of 180.
Incr Slack updates 17 in 0.0283584 sec
Full Max Req/Worst Slack updates 4 in 0.0047021 sec
Incr Max Req/Worst Slack updates 13 in 0.0196183 sec
Incr Criticality updates 11 in 0.0322046 sec
Full Criticality updates 6 in 0.0393642 sec
# Synchronize the packed netlist to routing optimization
## Annotating rr_node with routed nets
## Annotating rr_node with routed nets took 0.01 seconds (max_rss 869.3 MiB, delta_rss +0.0 MiB)
Found 44041 mismatches between routing and packing results.
Fixed 30834 routing traces due to mismatch between routing and packing results.
# Synchronize the packed netlist to routing optimization took 0.29 seconds (max_rss 869.3 MiB, delta_rss +0.0 MiB)
Final Clustering Statistics: 
----------   --------   ------------------------------------   --------------------------
Block Type   # Blocks   Avg. # of input clocks and pins used   Avg. # of output pins used
----------   --------   ------------------------------------   --------------------------
     EMPTY          0                                      0                            0   
        io       1084                              0.0295203                      0.97048   
       clb       1235                                27.9466                      15.3628   
   dsp_top        107                                40.9813                      20.1869   
    memory        194                                49.6598                      18.9691   
Absorbed logical nets 24200 out of 50065 nets, 25865 nets not absorbed.


Average number of bends per net: 1.57985  Maximum # of bends: 257

Number of global nets: 3
Number of routed nets (nonglobal): 25862
Wire length results (in units of 1 clb segments)...
	Total wirelength: 419659, average net length: 16.2269
	Maximum net length: 2407

Wire length results in terms of physical segments...
	Total wiring segments used: 93297, average wire segments per net: 3.60749
	Maximum segments used by a net: 518
	Total local nets with reserved CLB opins: 0
Total number of nets absorbed: 8

Routing channel utilization histogram:
[        1:      inf)    0 (  0.0%) |
[      0.9:        1)    0 (  0.0%) |
[      0.8:      0.9)    0 (  0.0%) |
[      0.7:      0.8)    4 (  0.0%) |
[      0.5:      0.6)  143 (  0.9%) |*
[      0.4:      0.5)  643 (  4.2%) |****
[      0.3:      0.4) 1475 (  9.7%) |**********
[      0.2:      0.3) 2548 ( 16.8%) |*****************
[      0.1:      0.2) 3543 ( 23.4%) |************************
[        0:      0.1) 6782 ( 44.8%) |**********************************************
Maximum routing channel utilization:      0.66 at (37,56)

X - Directed channels: layer   y   max occ   ave occ   ave cap
                        ----- ---- -------- -------- --------
                            0    0       54   35.372      180
                            0    1        2    0.465      180
                            0    2        9    1.930      180
                            0    3       21    2.930      180
                            0    4       33    5.895      180
                            0    5       29    4.186      180
                            0    6       59    7.767      180
                            0    7       65   11.314      180
                            0    8       70   13.663      180
                            0    9       58   13.349      180
                            0   10       63   18.465      180
                            0   11       62   18.651      180
                            0   12       62   15.186      180
                            0   13       45   13.581      180
                            0   14       39   13.965      180
                            0   15       56   18.907      180
                            0   16       73   25.593      180
                            0   17       85   24.093      180
                            0   18       70   28.163      180
                            0   19       65   24.953      180
                            0   20       39   19.605      180
                            0   21       41   21.093      180
                            0   22       51   25.779      180
                            0   23       59   26.767      180
                            0   24       61   23.895      180
                            0   25       63   25.744      180
                            0   26      100   33.140      180
                            0   27       86   27.151      180
                            0   28       86   24.640      180
                            0   29       79   22.872      180
                            0   30       73   22.198      180
                            0   31       74   21.395      180
                            0   32       76   24.407      180
                            0   33       91   26.314      180
                            0   34       67   26.814      180
                            0   35       83   27.151      180
                            0   36       84   30.012      180
                            0   37       83   31.116      180
                            0   38       92   37.535      180
                            0   39       85   41.279      180
                            0   40       97   44.314      180
                            0   41       75   39.209      180
                            0   42       71   33.674      180
                            0   43       68   36.721      180
                            0   44       90   41.488      180
                            0   45       83   38.686      180
                            0   46      106   42.221      180
                            0   47       88   39.442      180
                            0   48       86   39.570      180
                            0   49       93   39.733      180
                            0   50       82   34.163      180
                            0   51       93   43.465      180
                            0   52       95   45.279      180
                            0   53      103   40.930      180
                            0   54      101   38.860      180
                            0   55       93   43.349      180
                            0   56      106   40.721      180
                            0   57       94   36.849      180
                            0   58       95   43.616      180
                            0   59       89   39.581      180
                            0   60       76   31.267      180
                            0   61       70   30.942      180
                            0   62       70   34.884      180
                            0   63       75   36.826      180
                            0   64       85   36.523      180
                            0   65       78   36.395      180
                            0   66       86   40.407      180
                            0   67       82   35.698      180
                            0   68       69   28.570      180
                            0   69       67   30.826      180
                            0   70       85   37.756      180
                            0   71       76   34.977      180
                            0   72       69   29.512      180
                            0   73       78   33.023      180
                            0   74       80   33.837      180
                            0   75       91   30.884      180
                            0   76       84   29.826      180
                            0   77       83   26.733      180
                            0   78       83   24.384      180
                            0   79       72   13.430      180
                            0   80       53    7.581      180
                            0   81       46    5.860      180
                            0   82       21    4.465      180
                            0   83       13    3.721      180
                            0   84        5    1.395      180
                            0   85        8    1.302      180
                            0   86       49   31.791      180
Y - Directed channels: layer   x   max occ   ave occ   ave cap
                        ----- ---- -------- -------- --------
                            0    0       70   22.419      180
                            0    1       48   28.419      180
                            0    2       66   36.058      180
                            0    3       45   16.081      180
                            0    4       75   28.465      180
                            0    5       85   39.791      180
                            0    6       76   32.942      180
                            0    7       54   20.023      180
                            0    8       55   16.581      180
                            0    9       53   10.488      180
                            0   10       49   10.512      180
                            0   11       51    7.616      180
                            0   12       49    7.953      180
                            0   13       30    7.326      180
                            0   14       21   11.244      180
                            0   15       23   11.081      180
                            0   16       22   12.802      180
                            0   17       58   39.279      180
                            0   18       76   48.116      180
                            0   19       56   26.384      180
                            0   20       81   38.581      180
                            0   21      101   60.791      180
                            0   22       98   52.919      180
                            0   23       94   35.488      180
                            0   24       70   26.698      180
                            0   25       62   21.651      180
                            0   26       41   14.512      180
                            0   27       64   15.814      180
                            0   28       61   22.070      180
                            0   29       71   19.674      180
                            0   30       85   26.093      180
                            0   31       90   29.651      180
                            0   32       83   36.256      180
                            0   33       81   53.477      180
                            0   34       93   57.116      180
                            0   35      103   46.163      180
                            0   36      104   48.860      180
                            0   37      118   64.616      180
                            0   38       95   48.895      180
                            0   39       76   34.663      180
                            0   40       79   29.674      180
                            0   41       81   23.686      180
                            0   42       86   19.058      180
                            0   43       67   20.953      180
                            0   44       50   19.698      180
                            0   45       81   22.663      180
                            0   46       98   37.349      180
                            0   47       97   38.674      180
                            0   48       90   35.965      180
                            0   49       84   51.430      180
                            0   50       97   64.535      180
                            0   51       80   41.605      180
                            0   52       97   51.500      180
                            0   53      107   69.651      180
                            0   54       96   59.640      180
                            0   55       83   38.779      180
                            0   56       81   31.791      180
                            0   57       58   18.872      180
                            0   58       63   17.105      180
                            0   59       46   13.884      180
                            0   60       48   15.570      180
                            0   61       47   12.628      180
                            0   62       59   20.663      180
                            0   63       67   23.000      180
                            0   64       65   21.942      180
                            0   65       65   43.023      180
                            0   66       87   53.988      180
                            0   67       81   32.186      180
                            0   68       89   37.209      180
                            0   69       93   48.140      180
                            0   70       74   36.372      180
                            0   71       50   11.372      180
                            0   72       39    7.767      180
                            0   73       18    4.523      180
                            0   74       23    5.337      180
                            0   75       37    9.977      180
                            0   76       29    9.860      180
                            0   77       42   11.593      180
                            0   78       46   18.221      180
                            0   79       51   22.372      180
                            0   80       51   17.570      180
                            0   81       67   40.919      180
                            0   82       83   47.233      180
                            0   83       60   23.186      180
                            0   84       66   26.174      180
                            0   85       71   31.651      180
                            0   86       44   21.174      180

Total existing wires segments: CHANX   1346760, CHANY   1346760, CHANZ         0, ALL   2693520
Total used wires segments:     CHANX    200554, CHANY    219105, CHANZ         0, ALL    419659
Usage percentage:              CHANX     14.9%, CHANY     16.3%, CHANZ      0.0%, ALL     15.6%

Logic area (in minimum width transistor areas, excludes I/Os and empty grid tiles)...
	Total logic block area (Warning, need to add pitch of routing to blocks with height > 3): 2.4541e+08
	Total used logic block area: 8.83235e+07

Routing area (in minimum width transistor areas)...
	Total routing area: 1.06814e+08, per logic tile: 13793.2

Total Number of Wiring Segments by Direction: direction length number
                                              --------- ------ -------
                                                      X      4 301976
                                                      Y      4 301976
                                                      X     16  13192
                                                      Y     16  13192

X - Directed Wiring Segment usage by length: length utilization
                                             ------ -----------
                                             4       0.145
                                            16       0.133

Y - Directed Wiring Segment usage by length: length utilization
                                             ------ -----------
                                             4        0.15
                                            16       0.186

Segment occupancy by length: Length Occupancy Capacity Utilization
                             ------ --------- -------- -----------
                             L4         89092   603952       0.148
                             L16         4205    26384       0.159

Segment occupancy by type: name type utilization
                           ---- ---- -----------
                             L4    0       0.148
                            L16    1       0.159

Final hold Worst Negative Slack (hWNS): 0 ns
Final hold Total Negative Slack (hTNS): 0 ns
Final hold Worst Skew (hWS): 0 ns

Final hold slack histogram:
[  4.1e-11:  7.6e-10)  5040 (  9.6%) |*******************
[  7.6e-10:  1.5e-09)  9434 ( 17.9%) |************************************
[  1.5e-09:  2.2e-09) 10502 ( 19.9%) |****************************************
[  2.2e-09:  2.9e-09) 11722 ( 22.2%) |*********************************************
[  2.9e-09:  3.7e-09)  9896 ( 18.8%) |**************************************
[  3.7e-09:  4.4e-09)  3624 (  6.9%) |**************
[  4.4e-09:  5.1e-09)  1520 (  2.9%) |******
[  5.1e-09:  5.8e-09)   624 (  1.2%) |**
[  5.8e-09:  6.5e-09)   200 (  0.4%) |*
[  6.5e-09:  7.3e-09)   200 (  0.4%) |*

Final critical path delay (least slack): 8.03412 ns, Fmax: 124.469 MHz
Final critical path skew: -0.04243 ns
Final setup Worst Negative Slack (sWNS): -8.03412 ns
Final setup Total Negative Slack (sTNS): -142402 ns
Final setup Worst Skew (sWS): -0.04243 ns

Final setup slack histogram:
[   -8e-09: -7.3e-09)   117 (  0.2%) |
[ -7.3e-09: -6.5e-09)   239 (  0.5%) |*
[ -6.5e-09: -5.7e-09)   658 (  1.2%) |**
[ -5.7e-09: -4.9e-09)  1204 (  2.3%) |****
[ -4.9e-09: -4.1e-09)  4241 (  8.0%) |**************
[ -4.1e-09: -3.3e-09)  7318 ( 13.9%) |************************
[ -3.3e-09: -2.5e-09) 13535 ( 25.7%) |********************************************
[ -2.5e-09: -1.8e-09) 13946 ( 26.4%) |*********************************************
[ -1.8e-09: -9.8e-10)  6696 ( 12.7%) |**********************
[ -9.8e-10: -1.9e-10)  4808 (  9.1%) |****************

Final geomean non-virtual intra-domain period: 8.03412 ns (124.469 MHz)
Final fanout-weighted geomean non-virtual intra-domain period: 8.03412 ns (124.469 MHz)

Incr Slack updates 1 in 0.00171928 sec
Full Max Req/Worst Slack updates 1 in 0.00119891 sec
Incr Max Req/Worst Slack updates 0 in 0 sec
Incr Criticality updates 0 in 0 sec
Full Criticality updates 1 in 0.00663077 sec
Flow timing analysis took 9.04729 seconds (7.73861 STA, 1.30869 slack) (135 full updates: 117 setup, 0 hold, 18 combined).
VPR succeeded
The entire flow of VPR took 107.95 seconds (max_rss 869.3 MiB)

