VPR FPGA Placement and Routing.
Version: 9.0.0-dev+v8.0.0-18248-g40f8d19708
Revision: v8.0.0-18248-g40f8d19708
Compiled: 2026-09-22T03:43:48
Compiler: GNU 13.3.0 on Linux-5.15.0-119-generic x86_64
Build Info: release IPO VTR_ASSERT_LEVEL=2

University of Toronto
verilogtorouting.org
vtr-users@googlegroups.com
This is free open source code under MIT license.

VPR was run with the following command-line:
/inspire/hdd/project/project-public/changshunjie-253114010247/changshunjie-253114010247/workspace/DAC2027/vtr/vtr-verilog-to-routing/vpr/vpr /inspire/hdd/project/project-public/changshunjie-253114010247/changshunjie-253114010247/workspace/DAC2027/vtr/vtr-verilog-to-routing/vtr_flow/arch/COFFE_22nm/k6FracN10LB_mem20K_complexDSP_customSB_22nm.xml /inspire/hdd/project/project-public/changshunjie-253114010247/changshunjie-253114010247/workspace/DAC2027/TailCompile/experiments/vtr/runs/pilot_v1/attention_layer/full-seed1-w300/attention_layer.pre-vpr.blif --analytical_place --route --analysis --ap_full_legalizer flat-recon --ap_detailed_placer annealer --seed 12 --route_chan_width 180 --write_flat_place /inspire/hdd/project/project-public/changshunjie-253114010247/changshunjie-253114010247/workspace/DAC2027/TailCompile/vtr_work/tailcompile_v3/attention_layer/4x4/gnn_candidate-fp06f3cd95-flat-recon-annealer-seed12-w180-devw88/post_route.fplace --write_legalized_flat_place /inspire/hdd/project/project-public/changshunjie-253114010247/changshunjie-253114010247/workspace/DAC2027/TailCompile/vtr_work/tailcompile_v3/attention_layer/4x4/gnn_candidate-fp06f3cd95-flat-recon-annealer-seed12-w180-devw88/post_legalizer.fplace --flat_place_verbosity 1 --device_width 88 --net_file /inspire/hdd/project/project-public/changshunjie-253114010247/changshunjie-253114010247/workspace/DAC2027/TailCompile/vtr_work/tailcompile_v3/attention_layer/4x4/gnn_candidate-fp06f3cd95-flat-recon-annealer-seed12-w180-devw88/attention_layer.locked-input.net --read_flat_place /inspire/hdd/global_user/changshunjie-253114010247/workspace/DAC2027/TailCompile/experiments/vtr/tailcompile_v3/attention_layer/4x4/pools/bootstrap_24/candidate_04_seed13031.fplace

Using up to 1 parallel worker(s)

Architecture file: /inspire/hdd/project/project-public/changshunjie-253114010247/changshunjie-253114010247/workspace/DAC2027/vtr/vtr-verilog-to-routing/vtr_flow/arch/COFFE_22nm/k6FracN10LB_mem20K_complexDSP_customSB_22nm.xml
Circuit name: attention_layer.pre-vpr

# Loading Architecture Description
# Loading Architecture Description took 0.04 seconds (max_rss 31.1 MiB, delta_rss +0.0 MiB)

Timing analysis: ON
Circuit netlist file: /inspire/hdd/project/project-public/changshunjie-253114010247/changshunjie-253114010247/workspace/DAC2027/TailCompile/vtr_work/tailcompile_v3/attention_layer/4x4/gnn_candidate-fp06f3cd95-flat-recon-annealer-seed12-w180-devw88/attention_layer.locked-input.net
Circuit placement file: attention_layer.pre-vpr.place
Circuit routing file: attention_layer.pre-vpr.route
Circuit SDC file: attention_layer.pre-vpr.sdc
Vpr floorplanning constraints file: not specified

Packer: DISABLED
Placer: DISABLED
Analytical Placer: ENABLED
Router: ENABLED
Analysis: ENABLED

VPR was run with the following options:

netlist_opts.absorb_buffer_luts            : true
netlist_opts.sweep_dangling_primary_ios    : true
netlist_opts.sweep_dangling_nets           : true
netlist_opts.sweep_dangling_blocks         : true
netlist_opts.sweep_constant_primary_outputs: false
netlist_opts.netlist_verbosity             : 1
netlist_opts.const_gen_inference           : COMB_SEQ

AnalyticalPlacerOpts.analytical_solver_type: lp-b2b
AnalyticalPlacerOpts.partial_legalizer_type: bipartitioning
AnalyticalPlacerOpts.full_legalizer_type: flat-recon
AnalyticalPlacerOpts.detailed_placer_type: annealer
AnalyticalPlacerOpts.ap_timing_tradeoff: 0.500000
AnalyticalPlacerOpts.ap_high_fanout_threshold: 256
AnalyticalPlacerOpts.log_verbosity: 1
router_opts.route_type: DETAILED
router_opts.flat_routing: false
router_opts.choke_points: on
router_opts.router_algorithm: TIMING_DRIVEN
router_opts.base_cost_type: DELAY_NORMALIZED_LENGTH
router_opts.fixed_channel_width: 180
router_opts.check_route: FULL
router_opts.acc_fac: 1.000000
router_opts.bb_factor: 3
router_opts.bend_cost: 0.000000
router_opts.first_iter_pres_fac: 0.000000
router_opts.initial_pres_fac: 0.500000
router_opts.pres_fac_mult: 1.300000
router_opts.max_pres_fac: 1000.000000
router_opts.max_router_iterations: 50
router_opts.min_incremental_reroute_fanout: 16
router_opts.initial_acc_cost_chan_congestion_threshold: 0.500000
router_opts.initial_acc_cost_chan_congestion_weight: 0.500000
router_opts.do_check_rr_graph: true
router_opts.verify_binary_search: false
router_opts.min_channel_width_hint: 0
router_opts.read_rr_edge_metadata: false
router_opts.exit_after_first_routing_iteration: false
router_opts.astar_fac: 1.200000
router_opts.astar_offset: 0.000000
router_opts.router_profiler_astar_fac: 1.200000
router_opts.enable_parallel_connection_router: false
router_opts.post_target_prune_fac: 1.200000
router_opts.post_target_prune_offset: 0
router_opts.multi_queue_num_threads: 1
router_opts.multi_queue_num_queues: 2
router_opts.multi_queue_direct_draining: false
router_opts.criticality_exp: 1.000000
router_opts.max_criticality: 0.990000
router_opts.init_wirelength_abort_threshold: 0.850000
router_opts.incr_reroute_delay_ripup: AUTO
router_opts.save_routing_per_iteration: false
router_opts.congested_routing_iteration_threshold_frac: 1.000000
router_opts.high_fanout_threshold: 64
router_opts.router_debug_net: -2
router_opts.router_debug_sink_rr: -2
router_opts.router_debug_iteration: -2
router_opts.max_convergence_count: 1
router_opts.reconvergence_cpd_threshold: 0.990000
router_opts.update_lower_bound_delays: true
router_opts.first_iteration_timing_report_file: 
router_opts.route_bb_update: DYNAMIC
router_opts.lookahead_type: MAP
router_opts.initial_timing: LOOKAHEAD
router_opts.router_heap: FOUR_ARY_HEAP
router_opts.routing_failure_predictor = SAFE
router_opts.routing_predictor_min_history: 8
router_opts.routing_budgets_algorithm = DISABLE

analysis_opts.gen_post_synthesis_netlist: false
analysis_opts.gen_post_implementation_merged_netlist: false
analysis_opts.gen_post_implementation_sdc: false
analysis_opts.timing_report_npaths: 100
analysis_opts.timing_report_skew: false
analysis_opts.echo_dot_timing_graph_node: -1
analysis_opts.timing_report_detail: NETLIST
analysis_opts.post_synth_netlist_unconn_input_handling: UNCONNECTED
analysis_opts.post_synth_netlist_unconn_output_handling: UNCONNECTED
analysis_opts.post_synth_netlist_module_parameters: on

# Building complex block graph
# Building complex block graph took 0.10 seconds (max_rss 31.1 MiB, delta_rss +0.0 MiB)
Circuit file: /inspire/hdd/project/project-public/changshunjie-253114010247/changshunjie-253114010247/workspace/DAC2027/TailCompile/experiments/vtr/runs/pilot_v1/attention_layer/full-seed1-w300/attention_layer.pre-vpr.blif
# Load circuit
Found 4 constant generator(s) in the netlist (2 constant-zero, 2 constant-one) (run with --netlist_verbosity 2 to list names)
# Load circuit took 0.68 seconds (max_rss 134.5 MiB, delta_rss +103.4 MiB)
# Clean circuit
Absorbed 7975 LUT buffers
Found 1090 primitive output pin(s) driven only by constants; marked them as constants
Swept input(s)      : 7
Swept output(s)     : 0 (0 dangling, 0 constant)
Swept net(s)        : 10126
Swept block(s)      : 33
Constant Pins Marked: 1090
# Clean circuit took 0.16 seconds (max_rss 134.5 MiB, delta_rss +0.0 MiB)
# Compress circuit
# Compress circuit took 0.08 seconds (max_rss 134.5 MiB, delta_rss +0.0 MiB)
# Verify circuit
# Verify circuit took 0.02 seconds (max_rss 134.5 MiB, delta_rss +0.0 MiB)
Circuit Statistics:
  Blocks: 40113
    .input            :    1052
    .latch            :    8844
    .names            :   17218
        0-LUT:       3
        1-LUT:    5989
        2-LUT:     920
        3-LUT:    4530
        4-LUT:    3023
        5-LUT:    1163
        6-LUT:    1590
    .output           :      32
    adder             :    9150
    addition_fp_clk_16:       1
    dual_port_ram     :    3680
    multiply          :     136
  Nets  : 50065
    Avg Fanout:     2.9
    Max Fanout: 12525.0
    Min Fanout:     1.0
  Netlist Clocks: 1
# Build Timing Graph
  Timing Graph Nodes: 245193
  Timing Graph Edges: 446068
  Timing Graph Levels: 66
# Build Timing Graph took 0.28 seconds (max_rss 193.9 MiB, delta_rss +57.3 MiB)
Netlist contains 1 clocks
  Netlist Clock 'clk' Fanout: 12525 pins (6.5%), 12525 blocks (31.2%)
# Load Timing Constraints

SDC file 'attention_layer.pre-vpr.sdc' not found
Setting default timing constraints:
   * constrain all primary inputs and primary outputs on netlist clock 'clk'
   * optimize netlist clock to run as fast as possible
Timing constraints created 1 clocks
  Constrained Clock 'clk' Source: 'clk.inpad[0]'

# Load Timing Constraints took 0.00 seconds (max_rss 193.9 MiB, delta_rss +0.0 MiB)
# Analytical Placement
## Prepacker

There is one chain in this architecture called "chain" with the following starting points:
	clb[0]/lab[0]/fle[0]/ble5[0]/arithmetic[0]/adder[0].cin[0]

## Prepacker took 0.06 seconds (max_rss 193.9 MiB, delta_rss +0.0 MiB)
## Initializing Pre-Cluster Timing
Using inter-cluster delay: 2.1832e-09
## Initializing Pre-Cluster Timing took 0.54 seconds (max_rss 199.1 MiB, delta_rss +5.1 MiB)
## Estimate Device Size
Device layout 'auto' with fixed width 88.
FPGA sized to 88 x 88: 7744 grid tiles (auto)
## Estimate Device Size took 0.00 seconds (max_rss 199.1 MiB, delta_rss +0.0 MiB)
## Ram Mapper
Flat Placement is provided, skipping the RAM mapping.
## Ram Mapper took 0.00 seconds (max_rss 199.1 MiB, delta_rss +0.0 MiB)
## Read Atom Netlist to AP Netlist
## Read Atom Netlist to AP Netlist took 0.34 seconds (max_rss 269.7 MiB, delta_rss +70.6 MiB)
Analytical Placement Netlist Statistics:
	AP Blocks: 25061
		Moveable AP Blocks: 25061
		Fixed AP Blocks: 0
	AP Nets: 34982
		Average Fanout: 2.94
		Highest Fanout: 257
	AP Pins: 193913

## Computing placement delta delay look-up
### Build routing resource graph
### Build routing resource graph took 8.12 seconds (max_rss 807.1 MiB, delta_rss +537.4 MiB)
  RR Graph Nodes: 1754700
  RR Graph Edges: 19490640
### Computing router lookahead map
#### Computing wire lookahead
#### Computing wire lookahead took 8.57 seconds (max_rss 807.1 MiB, delta_rss +0.0 MiB)
#### Computing src/opin lookahead
Warning 1: Found no more sample locations for SOURCE in io
Warning 2: Found no more sample locations for OPIN in io
Warning 3: Found no more sample locations for SOURCE in clb
Warning 4: Found no more sample locations for OPIN in clb
Warning 5: Found no more sample locations for SOURCE in dsp_top
Warning 6: Found no more sample locations for OPIN in dsp_top
Warning 7: Found no more sample locations for SOURCE in memory
Warning 8: Found no more sample locations for OPIN in memory
#### Computing src/opin lookahead took 0.32 seconds (max_rss 807.1 MiB, delta_rss +0.0 MiB)
### Computing router lookahead map took 8.92 seconds (max_rss 807.1 MiB, delta_rss +0.0 MiB)
Serial Connection Router is being destroyed. Time spent on path search: 0.000 seconds.
## Computing placement delta delay look-up took 17.50 seconds (max_rss 807.1 MiB, delta_rss +537.4 MiB)
Flat Placement is provided in the AP flow, skipping the Global Placement.
0 of 25061 molecules placed at device center (no atoms of these molecules found in flat placement).
## AP Full Legalizer
### Creating Clusters
Device (width, height): (88,88)
#### Sorting and Grouping Blocks by Tile
#### Sorting and Grouping Blocks by Tile took 0.01 seconds (max_rss 807.1 MiB, delta_rss +0.0 MiB)
#### Reconstruction Pass Clustering
#### Reconstruction Pass Clustering took 68.92 seconds (max_rss 807.1 MiB, delta_rss +0.0 MiB)
#### Orphan Window Clustering with search radius 8
#### Orphan Window Clustering with search radius 8 took 0.02 seconds (max_rss 807.1 MiB, delta_rss +0.0 MiB)
FPGA sized to 88 x 88: 7744 grid tiles (auto)
Device Utilization: 0.28 (target 1.00)
	Block Utilization: 0.39 Type: io
	Block Utilization: 0.19 Type: clb
	Block Utilization: 0.85 Type: dsp_top
	Block Utilization: 0.75 Type: memory

----------------------------------------------------------------
                       Clustering Summary                       
----------------------------------------------------------------
Clusters created (Self Clustering)                       : 2605
    dsp_top    : 107
    memory     : 194
    clb        : 1220
    io         : 1084
Clusters created (Orphan Window Clustering)              : 14
    clb        : 14
Total clusters                                           : 2619
Percent of clusters created in Orphan Window Clustering  : 0.53%
Molecules clustered in each stage breakdown  : (Total of 25061)
	Self Clustering          (0.998963)  : 25035
 	Neighbor Clustering      (0.000000)  : 0
	Orphan Window Clustering (0.001037)  : 26
----------------------------------------------------------------

Final Clustering Statistics: 
----------   --------   ------------------------------------   --------------------------
Block Type   # Blocks   Avg. # of input clocks and pins used   Avg. # of output pins used
----------   --------   ------------------------------------   --------------------------
     EMPTY          0                                      0                            0   
        io       1084                              0.0295203                      0.97048   
       clb       1234                                27.9692                      15.3752   
   dsp_top        107                                40.9813                      20.1869   
    memory        194                                49.6598                      18.9691   
Absorbed logical nets 24200 out of 50065 nets, 25865 nets not absorbed.
#### Load packing
##### Loading packed FPGA netlist file.
Netlist generated from file '/inspire/hdd/project/project-public/changshunjie-253114010247/changshunjie-253114010247/workspace/DAC2027/TailCompile/vtr_work/tailcompile_v3/attention_layer/4x4/gnn_candidate-fp06f3cd95-flat-recon-annealer-seed12-w180-devw88/attention_layer.locked-input.net'.
Detected 3 constant generators (to see names run with higher pack verbosity)
##### Loading packed FPGA netlist file. took 2.64 seconds (max_rss 808.5 MiB, delta_rss +1.4 MiB)
Warning 9: Treated 2 constant nets as global which will not be routed (to see net names increase packer verbosity).
Netlist contains 5542 global net to non-global architecture pin connections
Found 2 logic block(s) with only 1 output pin and no inputs; they may be constant generators (run with --pack_verbosity 3 to list them)
Completed clustering consistency check successfully.
Cluster level netlist and block usage statistics
Netlist num_nets: 25865
Netlist num_blocks: 2619
Netlist EMPTY blocks: 0.
Netlist io blocks: 1084.
Netlist clb blocks: 1234.
Netlist dsp_top blocks: 107.
Netlist memory blocks: 194.
Netlist inputs pins: 1052
Netlist output pins: 32

Pb types usage...
  io                   : 1084
   inpad               : 1052
   outpad              : 32
  clb                  : 1234
   lab                 : 1234
    fle                : 11239
     ble5              : 19054
      flut5            : 9904
       lut5            : 9613
        lut            : 9613
       ff              : 8130
      arithmetic       : 9150
       lut4            : 6015
        lut            : 6015
       adder           : 9150
     ble6              : 1590
      lut6             : 1590
       lut             : 1590
      ff               : 714
  dsp_top              : 107
   dsp                 : 107
    dsp_pb             : 107
     two_mult_18x19    : 136
      mult_18x19       : 136
     adder_fp16        : 1
  memory               : 194
   mem_1024x20_dp      : 194
    memory_slice       : 3680

#### Load packing took 3.07 seconds (max_rss 808.5 MiB, delta_rss +1.4 MiB)
Netlist contains 5542 global net to non-global architecture pin connections
Found 2 logic block(s) with only 1 output pin and no inputs; they may be constant generators (run with --pack_verbosity 3 to list them)
Cluster level netlist and block usage statistics
Netlist num_nets: 25865
Netlist num_blocks: 2619
Netlist EMPTY blocks: 0.
Netlist io blocks: 1084.
Netlist clb blocks: 1234.
Netlist dsp_top blocks: 107.
Netlist memory blocks: 194.
Netlist inputs pins: 1052
Netlist output pins: 32
### Creating Clusters took 73.45 seconds (max_rss 808.5 MiB, delta_rss +1.4 MiB)
Completed clustering consistency check successfully.
FPGA sized to 88 x 88: 7744 grid tiles (auto)
### Compressed grid construction
### Compressed grid construction took 0.00 seconds (max_rss 808.5 MiB, delta_rss +0.0 MiB)
### Initial Placement
Placing clusters that are part of larger macros...
Number of blocks to be placed: 16
Max distance on device: 176
---- ---------- ---------- -------------
Pass Max Displ. Num Blocks Num Blocks   
     Threshold  Placed     Left Unplaced
---- ---------- ---------- -------------
   0          0         12             4
   1          1          4             0

Placing general clusters...
Number of blocks to be placed: 2603
Max distance on device: 176
---- ---------- ---------- -------------
Pass Max Displ. Num Blocks Num Blocks   
     Threshold  Placed     Left Unplaced
---- ---------- ---------- -------------
   0          0       2585            18
   1          1          4            14
   2          2         10             4
   3          4          4             0

### Initial Placement took 0.01 seconds (max_rss 808.5 MiB, delta_rss +0.0 MiB)
Flat Placement Reconstruction Info:
	Percent of clusters with reconstruction errors: 0.305460
	Total displacement of initial placement from flat placement: 17065.000000
	Average atom displacement of initial placement from flat placement: 0.425423
	Max atom displacement of initial placement from flat placement: 68.000000
	Percent of atoms misplaced from the flat placement: 2.016803
## AP Full Legalizer took 73.84 seconds (max_rss 808.5 MiB, delta_rss +1.4 MiB)

Resource usage...
	Netlist
		1084	blocks of type: io
	Architecture
		2752	blocks of type: io
	Netlist
		1234	blocks of type: clb
	Architecture
		6376	blocks of type: clb
	Netlist
		107	blocks of type: dsp_top
	Architecture
		126	blocks of type: dsp_top
	Netlist
		194	blocks of type: memory
	Architecture
		258	blocks of type: memory

Device Utilization: 0.28 (target 1.00)
	Physical Tile io:
	Block Utilization: 0.39 Logical Block: io
	Physical Tile clb:
	Block Utilization: 0.19 Logical Block: clb
	Physical Tile dsp_top:
	Block Utilization: 0.85 Logical Block: dsp_top
	Physical Tile memory:
	Block Utilization: 0.75 Logical Block: memory

## Computing placement delta delay look-up
RR graph channel widths unchanged, skipping RR graph rebuild
Serial Connection Router is being destroyed. Time spent on path search: 0.000 seconds.
## Computing placement delta delay look-up took 0.02 seconds (max_rss 808.5 MiB, delta_rss +0.0 MiB)
Using simple RL 'Softmax agent' for choosing move and block types

Completed placement consistency check successfully.
Initial placement cost: 1 bb_cost: 5862.27 td_cost: 1.60857e-05
Initial placement BB estimate of wirelength: 1.05477e+06
Initial placement estimated Critical Path Delay (CPD): 17.5632 ns
Initial placement estimated setup Total Negative Slack (sTNS): -126777 ns
Initial placement estimated setup Worst Negative Slack (sWNS): -17.5632 ns

Initial placement estimated setup slack histogram:
[ -1.8e-08: -1.6e-08)     3 (  0.0%) |
[ -1.6e-08: -1.4e-08)     9 (  0.0%) |
[ -1.4e-08: -1.2e-08)    28 (  0.1%) |
[ -1.2e-08: -1.1e-08)    89 (  0.2%) |
[ -1.1e-08: -8.9e-09)   276 (  0.5%) |
[ -8.9e-09: -7.1e-09)   670 (  1.3%) |*
[ -7.1e-09: -5.4e-09)  1308 (  2.5%) |**
[ -5.4e-09: -3.7e-09)  2447 (  4.6%) |****
[ -3.7e-09: -1.9e-09) 26994 ( 51.2%) |*********************************************
[ -1.9e-09: -1.9e-10) 20938 ( 39.7%) |***********************************
Placement contains 8 placement macros involving 16 blocks (average macro size 2.000000)

Moves per temperature: 18045
## AP Detailed Placer

---- ------ ------- ------- ---------- ---------- ------- ---------- -------- ------- ------- ------ -------- --------- ------
Tnum  Time     T    AvCost  Av BB Cost Av TD Cost   CPD      sTNS      sWNS   AcRate  StdDev  R lim  CritExp  TotMoves  Alpha 
     (sec)                                          (ns)     (ns)      (ns)                                                   
---- ------ ------- ------- ---------- ---------- ------- ---------- -------- ------- ------- ------ -------- --------- ------
   1    0.2 7.0e-04   0.972    4917.29 1.533e-05   14.131  -1.16e+05  -14.131   0.826  0.0213   87.0     1.00      18045  1.000
   2    0.2 6.3e-04   0.957    4582.51 1.7113e-05  12.253  -1.19e+05  -12.253   0.820  0.0149   87.0     1.00      36090  0.900
   3    0.2 5.6e-04   0.954    4326.12 1.7314e-05  11.583  -1.17e+05  -11.583   0.798  0.0165   87.0     1.00      54135  0.900
   4    0.2 5.4e-04   0.962    4245.19 1.5407e-05  12.618  -1.16e+05  -12.618   0.785  0.0141   87.0     1.00      72180  0.950
   5    0.2 5.1e-04   0.965    4028.22 1.6885e-05  11.165  -1.19e+05  -11.165   0.776  0.0166   87.0     1.00      90225  0.950
   6    0.2 4.8e-04   0.977    3840.54 1.6408e-05  11.018  -1.16e+05  -11.018   0.764  0.0106   87.0     1.00     108270  0.950
   7    0.2 4.6e-04   0.955    3542.57 1.6622e-05  10.409  -1.14e+05  -10.409   0.747  0.0154   87.0     1.00     126315  0.950
   8    0.2 4.4e-04   0.964    3319.29 1.6335e-05  10.085  -1.12e+05  -10.085   0.738  0.0183   87.0     1.00     144360  0.950
   9    0.2 4.1e-04   0.971    3199.54 1.5278e-05  10.549  -1.13e+05  -10.549   0.728  0.0137   87.0     1.00     162405  0.950
  10    0.2 3.9e-04   0.966    3028.83 1.4272e-05  10.963  -1.12e+05  -10.963   0.721  0.0152   87.0     1.00     180450  0.950
  11    0.2 3.7e-04   0.981    2904.71 1.5527e-05   9.794   -1.1e+05   -9.794   0.710  0.0072   87.0     1.00     198495  0.950
  12    0.2 3.6e-04   0.971    2835.58 1.5002e-05  10.019  -1.07e+05  -10.019   0.702  0.0135   87.0     1.00     216540  0.950
  13    0.2 3.4e-04   0.983    2737.66 1.3749e-05  10.734  -1.09e+05  -10.734   0.690  0.0052   87.0     1.00     234585  0.950
  14    0.2 3.2e-04   0.974    2636.37 1.489e-05    9.716   -1.1e+05   -9.716   0.687  0.0122   87.0     1.00     252630  0.950
  15    0.2 3.0e-04   0.984    2527.85 1.5078e-05   9.331  -1.09e+05   -9.331   0.674  0.0076   87.0     1.00     270675  0.950
  16    0.2 2.9e-04   0.975    2457.43 1.4264e-05   9.747   -1.1e+05   -9.747   0.667  0.0092   87.0     1.00     288720  0.950
  17    0.2 2.7e-04   0.982    2385.92 1.3806e-05   9.892   -1.1e+05   -9.892   0.657  0.0059   87.0     1.00     306765  0.950
  18    0.2 2.6e-04   0.985    2340.54 1.4819e-05   9.119  -1.07e+05   -9.119   0.651  0.0052   87.0     1.00     324810  0.950
  19    0.2 2.5e-04   0.988    2288.26 1.465e-05    9.131  -1.09e+05   -9.131   0.643  0.0068   87.0     1.00     342855  0.950
  20    0.2 2.4e-04   0.987    2236.93 1.4277e-05   9.173  -1.05e+05   -9.173   0.638  0.0074   87.0     1.00     360900  0.950
  21    0.2 2.2e-04   0.988    2194.87 1.4525e-05   8.907  -1.07e+05   -8.907   0.624  0.0050   87.0     1.00     378945  0.950
  22    0.2 2.1e-04   0.989    2145.31 1.2732e-05  10.121  -1.06e+05  -10.121   0.616  0.0043   87.0     1.00     396990  0.950
  23    0.2 2.0e-04   0.994    2139.85 1.4211e-05   8.953  -1.05e+05   -8.953   0.609  0.0032   87.0     1.00     415035  0.950
  24    0.2 1.9e-04   0.984    2117.23 1.417e-05    8.976  -1.05e+05   -8.976   0.594  0.0072   87.0     1.00     433080  0.950
  25    0.2 1.8e-04   0.991    2071.92 1.3777e-05   9.098  -1.06e+05   -9.098   0.590  0.0039   87.0     1.00     451125  0.950
  26    0.2 1.7e-04   0.987    2075.07 1.3888e-05   9.002  -1.06e+05   -9.002   0.584  0.0046   87.0     1.00     469170  0.950
  27    0.2 1.6e-04   0.984    2045.59 1.3198e-05   9.407  -1.04e+05   -9.407   0.579  0.0058   87.0     1.00     487215  0.950
  28    0.2 1.6e-04   0.982    2015.74 1.3935e-05   8.870  -1.06e+05   -8.870   0.565  0.0070   87.0     1.00     505260  0.950
  29    0.2 1.5e-04   0.989    1981.54 1.4248e-05   8.547  -1.05e+05   -8.547   0.554  0.0046   87.0     1.00     523305  0.950
  30    0.2 1.4e-04   0.989    1955.42 1.2928e-05   9.390  -1.04e+05   -9.390   0.545  0.0055   87.0     1.00     541350  0.950
  31    0.2 1.3e-04   0.989    1929.30 1.3116e-05   9.206  -1.05e+05   -9.206   0.530  0.0037   87.0     1.00     559395  0.950
  32    0.2 1.3e-04   0.992    1919.11 1.2898e-05   9.244  -1.04e+05   -9.244   0.530  0.0052   87.0     1.00     577440  0.950
  33    0.2 1.2e-04   0.991    1901.51 1.3959e-05   8.475  -1.04e+05   -8.475   0.517  0.0034   87.0     1.00     595485  0.950
  34    0.2 1.1e-04   0.992    1889.29 1.3695e-05   8.608  -1.02e+05   -8.608   0.513  0.0038   87.0     1.00     613530  0.950
  35    0.2 1.1e-04   0.989    1869.47 1.3098e-05   8.976  -1.04e+05   -8.976   0.491  0.0026   87.0     1.00     631575  0.950
  36    0.2 1.0e-04   0.985    1840.88 1.2642e-05   9.205  -1.04e+05   -9.205   0.480  0.0065   87.0     1.00     649620  0.950
  37    0.2 9.8e-05   0.992    1825.08 1.2599e-05   9.152  -1.02e+05   -9.152   0.468  0.0040   87.0     1.00     667665  0.950
  38    0.2 9.4e-05   0.989    1812.65 1.3131e-05   8.730  -1.04e+05   -8.730   0.455  0.0043   87.0     1.00     685710  0.950
  39    0.2 8.9e-05   0.993    1800.33 1.3577e-05   8.340  -1.01e+05   -8.340   0.454  0.0033   87.0     1.00     703755  0.950
  40    0.2 8.4e-05   0.988    1772.99 1.3208e-05   8.562  -1.03e+05   -8.562   0.425  0.0048   87.0     1.00     721800  0.950
  41    0.2 8.0e-05   0.989    1752.86 1.1819e-05   8.684  -1.02e+05   -8.684   0.418  0.0028   85.7     1.10     739845  0.950
  42    0.2 7.6e-05   0.991    1746.18 9.9198e-06   9.004  -1.03e+05   -9.004   0.421  0.0041   83.8     1.26     757890  0.950
  43    0.2 7.2e-05   0.989    1724.77 9.7947e-06   8.333  -1.01e+05   -8.333   0.403  0.0053   82.2     1.39     775935  0.950
  44    0.2 6.9e-05   0.992    1703.31 7.325e-06    8.880  -1.02e+05   -8.880   0.387  0.0031   79.2     1.64     793980  0.950
  45    0.2 6.5e-05   0.989    1684.59 6.0574e-06   8.577  -1.01e+05   -8.577   0.378  0.0054   75.0     1.98     812025  0.950
  46    0.2 6.2e-05   0.994    1678.08 4.8503e-06   8.483  -1.02e+05   -8.483   0.369  0.0021   70.4     2.36     830070  0.950
  47    0.2 5.9e-05   0.991    1665.36 3.9658e-06   8.339  -1.03e+05   -8.339   0.358  0.0035   65.3     2.76     848115  0.950
  48    0.2 5.6e-05   0.990    1660.85 2.7514e-06   8.612  -1.05e+05   -8.612   0.356  0.0049   60.0     3.20     866160  0.950
  49    0.2 5.3e-05   0.994    1644.29 2.3046e-06   8.475  -1.03e+05   -8.475   0.342  0.0022   54.9     3.61     884205  0.950
  50    0.2 5.1e-05   0.991    1630.60 2.0425e-06   8.246  -1.04e+05   -8.246   0.338  0.0043   49.6     4.05     902250  0.950
  51    0.2 4.8e-05   0.996    1621.08 1.5573e-06   8.299  -1.06e+05   -8.299   0.331  0.0016   44.5     4.46     920295  0.950
  52    0.2 4.6e-05   0.993    1606.36 1.3192e-06   8.262  -1.04e+05   -8.262   0.326  0.0037   39.6     4.86     938340  0.950
  53    0.2 4.3e-05   0.994    1591.19 1.1383e-06   8.262  -1.05e+05   -8.262   0.310  0.0032   35.1     5.22     956385  0.950
  54    0.2 4.1e-05   0.995    1580.08 1.1794e-06   7.937  -1.05e+05   -7.937   0.293  0.0031   30.5     5.60     974430  0.950
  55    0.2 3.9e-05   0.996    1567.55 1.0032e-06   7.966  -1.05e+05   -7.966   0.289  0.0022   26.0     5.96     992475  0.950
  56    0.2 3.7e-05   0.990    1561.71 6.1652e-07   8.479  -1.04e+05   -8.479   0.286  0.0062   22.1     6.28    1010520  0.950
  57    0.2 3.5e-05   0.992    1552.10 6.3414e-07   8.299  -1.06e+05   -8.299   0.286  0.0045   18.7     6.56    1028565  0.950
  58    0.2 3.4e-05   0.991    1547.82 4.7385e-07   8.472  -1.06e+05   -8.472   0.282  0.0041   15.8     6.79    1046610  0.950
  59    0.2 3.2e-05   0.993    1540.67 4.2894e-07   8.509  -1.07e+05   -8.509   0.278  0.0025   13.3     7.00    1064655  0.950
  60    0.2 3.0e-05   0.991    1526.60 2.1007e-07   9.306  -1.06e+05   -9.306   0.284  0.0050   11.2     7.17    1082700  0.950
  61    0.2 2.9e-05   0.994    1508.47 5.5618e-07   7.975  -1.05e+05   -7.975   0.274  0.0031    9.4     7.31    1100745  0.950
  62    0.2 2.7e-05   0.997    1496.76 5.2305e-07   7.975  -1.08e+05   -7.975   0.258  0.0016    7.9     7.44    1118790  0.950
  63    0.2 2.6e-05   0.998    1494.18 4.9334e-07   7.975  -1.05e+05   -7.975   0.262  0.0010    6.4     7.56    1136835  0.950
  64    0.2 2.5e-05   0.997    1489.18 4.653e-07    7.975  -1.06e+05   -7.975   0.263  0.0016    5.3     7.65    1154880  0.950
  65    0.2 2.3e-05   0.997    1479.98 4.6037e-07   7.975  -1.05e+05   -7.975   0.255  0.0012    4.4     7.73    1172925  0.950
  66    0.2 2.2e-05   0.997    1475.52 4.5113e-07   7.975  -1.03e+05   -7.975   0.265  0.0012    3.5     7.79    1190970  0.950
  67    0.2 2.1e-05   0.997    1469.60 4.3342e-07   7.975  -1.04e+05   -7.975   0.264  0.0011    2.9     7.84    1209015  0.950
  68    0.2 2.0e-05   0.998    1463.89 4.2875e-07   7.975  -1.03e+05   -7.975   0.261  0.0015    2.4     7.89    1227060  0.950
  69    0.2 1.9e-05   0.998    1456.95 4.1393e-07   7.975  -1.02e+05   -7.975   0.266  0.0008    2.0     7.92    1245105  0.950
  70    0.2 1.8e-05   0.998    1453.32 4.0668e-07   7.975  -1.04e+05   -7.975   0.256  0.0009    1.6     7.95    1263150  0.950
  71    0.2 1.7e-05   0.998    1448.82 4.016e-07    7.975  -1.03e+05   -7.975   0.249  0.0007    1.3     7.97    1281195  0.950
  72    0.2 1.6e-05   0.998    1445.18 3.963e-07    7.975  -1.02e+05   -7.975   0.245  0.0006    1.1     7.99    1299240  0.950
  73    0.2 1.6e-05   0.999    1445.51 3.8718e-07   7.975  -1.03e+05   -7.975   0.241  0.0006    1.0     8.00    1317285  0.950
  74    0.2 1.5e-05   0.999    1444.62 3.9117e-07   7.975  -1.03e+05   -7.975   0.232  0.0004    1.0     8.00    1335330  0.950
  75    0.2 1.4e-05   0.998    1441.19 3.8629e-07   7.975  -1.02e+05   -7.975   0.222  0.0010    1.0     8.00    1353375  0.950
  76    0.2 1.3e-05   0.998    1436.39 3.886e-07    7.975  -1.03e+05   -7.975   0.219  0.0008    1.0     8.00    1371420  0.950
  77    0.2 1.3e-05   0.999    1434.83 3.8584e-07   7.975  -1.02e+05   -7.975   0.216  0.0006    1.0     8.00    1389465  0.950
  78    0.2 1.2e-05   0.999    1432.15 3.8356e-07   7.975  -1.02e+05   -7.975   0.208  0.0005    1.0     8.00    1407510  0.950
  79    0.2 1.1e-05   1.000    1431.48 3.8546e-07   7.975  -1.02e+05   -7.975   0.209  0.0002    1.0     8.00    1425555  0.950
  80    0.2 1.1e-05   0.999    1429.71 3.8351e-07   7.975  -1.02e+05   -7.975   0.204  0.0007    1.0     8.00    1443600  0.950
  81    0.2 1.0e-05   0.999    1426.90 3.8594e-07   7.975  -1.02e+05   -7.975   0.195  0.0003    1.0     8.00    1461645  0.950
  82    0.2 9.8e-06   0.999    1425.83 3.8506e-07   7.975  -1.02e+05   -7.975   0.189  0.0004    1.0     8.00    1479690  0.950
  83    0.2 9.3e-06   0.999    1424.60 3.8402e-07   7.975  -1.02e+05   -7.975   0.188  0.0006    1.0     8.00    1497735  0.950
  84    0.2 8.8e-06   0.999    1424.12 3.8101e-07   7.975  -1.01e+05   -7.975   0.187  0.0004    1.0     8.00    1515780  0.950
  85    0.2 8.4e-06   0.999    1421.90 3.7955e-07   7.975  -1.02e+05   -7.975   0.186  0.0002    1.0     8.00    1533825  0.950
  86    0.2 8.0e-06   0.999    1421.17 3.7907e-07   7.975  -1.02e+05   -7.975   0.182  0.0005    1.0     8.00    1551870  0.950
  87    0.2 7.6e-06   0.999    1420.03 3.7663e-07   7.975  -1.02e+05   -7.975   0.183  0.0003    1.0     8.00    1569915  0.950
  88    0.2 7.2e-06   0.999    1418.66 3.7565e-07   7.975  -1.02e+05   -7.975   0.181  0.0003    1.0     8.00    1587960  0.950
  89    0.2 6.8e-06   0.999    1418.42 3.7636e-07   7.975  -1.02e+05   -7.975   0.178  0.0003    1.0     8.00    1606005  0.950
  90    0.2 6.5e-06   0.999    1417.72 3.7624e-07   7.975  -1.02e+05   -7.975   0.173  0.0003    1.0     8.00    1624050  0.950
  91    0.2 6.2e-06   0.999    1416.74 3.7496e-07   7.975  -1.02e+05   -7.975   0.167  0.0003    1.0     8.00    1642095  0.950
  92    0.2 5.9e-06   1.000    1415.85 3.7504e-07   7.975  -1.02e+05   -7.975   0.166  0.0002    1.0     8.00    1660140  0.950
  93    0.2 5.6e-06   0.999    1415.18 3.7272e-07   7.975  -1.02e+05   -7.975   0.167  0.0002    1.0     8.00    1678185  0.950
  94    0.2 5.3e-06   1.000    1414.44 3.7508e-07   7.975  -1.02e+05   -7.975   0.158  0.0002    1.0     8.00    1696230  0.950
  95    0.2 5.0e-06   1.000    1413.24 3.7286e-07   7.975  -1.02e+05   -7.975   0.158  0.0001    1.0     8.00    1714275  0.950
  96    0.2 4.8e-06   1.000    1412.90 3.7372e-07   7.975  -1.02e+05   -7.975   0.159  0.0001    1.0     8.00    1732320  0.950
  97    0.2 4.5e-06   1.000    1412.81 3.7369e-07   7.975  -1.02e+05   -7.975   0.154  0.0001    1.0     8.00    1750365  0.950
  98    0.2 4.3e-06   1.000    1412.17 3.7301e-07   7.975  -1.02e+05   -7.975   0.153  0.0002    1.0     8.00    1768410  0.950
  99    0.2 4.1e-06   1.000    1411.63 3.7268e-07   7.975  -1.02e+05   -7.975   0.150  0.0003    1.0     8.00    1786455  0.950
 100    0.2 3.9e-06   1.000    1411.07 3.7164e-07   7.975  -1.03e+05   -7.975   0.153  0.0002    1.0     8.00    1804500  0.950
 101    0.2 3.7e-06   1.000    1410.67 3.7159e-07   7.975  -1.02e+05   -7.975   0.147  0.0002    1.0     8.00    1822545  0.950
Agent's 2nd state: 
 102    0.2 3.0e-06   1.000    1410.23 3.707e-07    7.975  -1.01e+05   -7.975   0.145  0.0001    1.0     8.00    1840590  0.800
Checkpoint saved: bb_costs=1409.85, TD costs=3.71631e-07, CPD=  7.975 (ns) 
 103    0.2 2.4e-06   1.000    1409.56 3.7153e-07   7.975  -1.02e+05   -7.975   0.101  0.0001    1.0     8.00    1858635  0.800
 104    0.2 1.9e-06   1.000    1409.21 3.7162e-07   7.975  -1.02e+05   -7.975   0.101  0.0001    1.0     8.00    1876680  0.800
 105    0.2 1.5e-06   1.000    1408.91 3.7156e-07   7.975  -1.02e+05   -7.975   0.094  0.0001    1.0     8.00    1894725  0.800
 106    0.2 1.2e-06   1.000    1408.75 3.7039e-07   7.975  -1.02e+05   -7.975   0.095  0.0001    1.0     8.00    1912770  0.800
 107    0.2 9.7e-07   1.000    1408.55 3.7036e-07   7.975  -1.02e+05   -7.975   0.095  0.0001    1.0     8.00    1930815  0.800
 108    0.2 7.8e-07   1.000    1408.34 3.7e-07      7.975  -1.01e+05   -7.975   0.092  0.0001    1.0     8.00    1948860  0.800
 109    0.2 6.2e-07   1.000    1408.05 3.6937e-07   7.975  -1.01e+05   -7.975   0.091  0.0001    1.0     8.00    1966905  0.800
 110    0.2 5.0e-07   1.000    1407.60 3.7025e-07   7.975  -1.02e+05   -7.975   0.090  0.0000    1.0     8.00    1984950  0.800
 111    0.2 4.0e-07   1.000    1407.50 3.7029e-07   7.975  -1.02e+05   -7.975   0.090  0.0001    1.0     8.00    2002995  0.800
 112    0.2 3.2e-07   1.000    1407.41 3.6953e-07   7.975  -1.02e+05   -7.975   0.089  0.0001    1.0     8.00    2021040  0.800
 113    0.2 2.5e-07   1.000    1407.24 3.7058e-07   7.975  -1.02e+05   -7.975   0.091  0.0001    1.0     8.00    2039085  0.800
 114    0.2 2.0e-07   1.000    1407.14 3.7002e-07   7.975  -1.02e+05   -7.975   0.090  0.0000    1.0     8.00    2057130  0.800
 115    0.2 0.0e+00   1.000    1407.04 3.701e-07    7.975  -1.02e+05   -7.975   0.046  0.0000    1.0     8.00    2075175  0.800
### Placement Quench took 0.22 seconds (max_rss 808.5 MiB)
post-quench CPD = 7.97535 (ns) 

Completed placement consistency check successfully.

Swaps called: 2077794

Aborted Move Reasons:
  duplicate block move to location: 9
  macro move to location illegal: 4
  macro_from swap to location illegal: 1109

BB estimate of min-dist (placement) wire length: 253177

Placement estimated critical path delay (least slack): 7.97535 ns, Fmax: 125.386 MHz
Placement estimated critical path skew: -0.04243 ns
Placement estimated setup Worst Negative Slack (sWNS): -7.97535 ns
Placement estimated setup Total Negative Slack (sTNS): -101725 ns
Placement estimated setup Worst Skew (sWS): -0.04243 ns

Placement estimated setup slack histogram:
[   -8e-09: -7.2e-09)     5 (  0.0%) |
[ -7.2e-09: -6.4e-09)    75 (  0.1%) |
[ -6.4e-09: -5.6e-09)   195 (  0.4%) |
[ -5.6e-09: -4.9e-09)   511 (  1.0%) |*
[ -4.9e-09: -4.1e-09)   637 (  1.2%) |*
[ -4.1e-09: -3.3e-09)  2007 (  3.8%) |*****
[ -3.3e-09: -2.5e-09)  6163 ( 11.7%) |**************
[ -2.5e-09: -1.8e-09) 17698 ( 33.5%) |******************************************
[ -1.8e-09: -9.7e-10) 19163 ( 36.3%) |*********************************************
[ -9.7e-10: -1.9e-10)  6308 ( 12.0%) |***************

Placement estimated geomean non-virtual intra-domain period: 7.97535 ns (125.386 MHz)
Placement estimated fanout-weighted geomean non-virtual intra-domain period: 7.97535 ns (125.386 MHz)

Placement cost: 0.99988, bb_cost: 1407.11, td_cost: 3.6989e-07, 

Placement resource usage:
  io      implemented as io     : 1084
  clb     implemented as clb    : 1234
  dsp_top implemented as dsp_top: 107
  memory  implemented as memory : 194

Placement number of temperatures: 115
Placement total # of swap attempts: 2077794
	Swaps accepted:  752270 (36.2 %)
	Swaps rejected: 1315355 (63.3 %)
	Swaps aborted:   10169 ( 0.5 %)


Placement perturbation distribution by block and move type: 
------------------ ----------------- ---------------- ---------------- --------------- ------------ 
    Block Type         Move Type       (%) of Total      Accepted(%)     Rejected(%)    Aborted(%)
------------------ ----------------- ---------------- ---------------- --------------- ------------ 
io                 Uniform                9.89             53.38           46.62          0.00         
                   Median                 9.83             59.60           39.54          0.86         
                   Centroid               9.82             60.00           40.00          0.00         
                   W. Centroid            9.85             59.69           40.31          0.00         
                   W. Median              0.66             26.75           72.36          0.89         

clb                Uniform                11.20            6.80            93.10          0.11         
                   Median                 11.27            34.83           64.34          0.82         
                   Centroid               11.16            32.87           67.03          0.11         
                   W. Centroid            11.22            33.62           66.26          0.11         
                   W. Median              0.75             1.86            97.22          0.92         
                   Crit. Uniform          1.62             0.52            99.48          0.00         
                   Feasible Region        1.62             0.31            99.69          0.00         

dsp_top            Uniform                0.97             1.43            98.57          0.00         
                   Median                 0.96             3.80            92.24          3.96         
                   Centroid               0.97             4.06            92.13          3.81         
                   W. Centroid            0.97             3.57            92.12          4.32         
                   W. Median              0.07             0.00            90.25          9.75         

memory             Uniform                1.78             7.41            92.59          0.00         
                   Median                 1.75             15.25           80.25          4.50         
                   Centroid               1.75             12.66           84.57          2.77         
                   W. Centroid            1.76             12.28           87.72          0.00         
                   W. Median              0.12             3.83            87.18          8.99         


Placement Quench timing analysis took 0.060373 seconds (0.0519681 STA, 0.00840482 slack) (1 full updates: 1 setup, 0 hold, 0 combined).
Placement Total  timing analysis took 7.64046 seconds (6.4474 STA, 1.19305 slack) (117 full updates: 117 setup, 0 hold, 0 combined).
update_td_costs: connections 0.0430823 nets 0 sum_nets 0.0224228 total 0.0657675
## AP Detailed Placer took 26.03 seconds (max_rss 818.4 MiB, delta_rss +9.8 MiB)
Incr Slack updates 117 in 0.240424 sec
Full Max Req/Worst Slack updates 38 in 0.0608839 sec
Incr Max Req/Worst Slack updates 79 in 0.161857 sec
Incr Criticality updates 55 in 0.233487 sec
Full Criticality updates 62 in 0.357144 sec
Incr Slack updates 1 in 0.00229005 sec
Full Max Req/Worst Slack updates 1 in 0.00156763 sec
Incr Max Req/Worst Slack updates 0 in 0 sec
Incr Criticality updates 0 in 0 sec
Full Criticality updates 1 in 0.00848664 sec
# Analytical Placement took 119.13 seconds (max_rss 818.4 MiB, delta_rss +624.4 MiB)


# Routing
RR graph channel widths unchanged, skipping RR graph rebuild
## Initializing router criticalities
Initial Net Connection Criticality Histogram:
[        0:      0.1) 7066 ( 14.5%) |**************************************
[      0.1:      0.2) 8620 ( 17.7%) |**********************************************
[      0.2:      0.3) 7188 ( 14.8%) |**************************************
[      0.3:      0.4) 3039 (  6.3%) |****************
[      0.4:      0.5) 6159 ( 12.7%) |*********************************
[      0.5:      0.6) 7811 ( 16.1%) |******************************************
[      0.6:      0.7) 5717 ( 11.8%) |*******************************
[      0.7:      0.8) 2276 (  4.7%) |************
[      0.8:      0.9)  540 (  1.1%) |***
[      0.9:        1)  149 (  0.3%) |*
## Initializing router criticalities took 0.72 seconds (max_rss 818.4 MiB, delta_rss +0.0 MiB)
---- ------ ------- ---- ------- ------- ------- ----------------- --------------- -------- ---------- ---------- ---------- ---------- --------
Iter   Time    pres  BBs    Heap  Re-Rtd  Re-Rtd Overused RR Nodes      Wirelength      CPD       sTNS       sWNS       hTNS       hWNS Est Succ
      (sec)     fac Updt    push    Nets   Conns                                       (ns)       (ns)       (ns)       (ns)       (ns)     Iter
---- ------ ------- ---- ------- ------- ------- ----------------- --------------- -------- ---------- ---------- ---------- ---------- --------
   1    1.2     0.0    0 6147521   25862   41715   20503 ( 1.168%)  400247 (14.9%)    9.031 -1.581e+05     -9.031      0.000      0.000      N/A
   2    1.1     0.5    0 5203197   17194   31095    8650 ( 0.493%)  399653 (14.8%)    7.679 -1.397e+05     -7.679      0.000      0.000      N/A
   3    0.8     0.6    0 3289615   10741   20827    6143 ( 0.350%)  402610 (14.9%)    8.615 -1.416e+05     -8.615      0.000      0.000      N/A
   4    0.6     0.8    0 2157879    8052   16023    4367 ( 0.249%)  404639 (15.0%)    7.679 -1.399e+05     -7.679      0.000      0.000      N/A
   5    0.5     1.1    0 1509228    6120   12515    3284 ( 0.187%)  406294 (15.1%)    7.679 -1.401e+05     -7.679      0.000      0.000      N/A
   6    0.3     1.4    0  977027    4759    9928    2477 ( 0.141%)  408219 (15.2%)    7.679 -1.402e+05     -7.679      0.000      0.000      N/A
   7    0.3     1.9    0  713835    3646    7808    1775 ( 0.101%)  410223 (15.2%)    7.679 -1.398e+05     -7.679      0.000      0.000      N/A
   8    0.2     2.4    0  475936    2621    5859    1179 ( 0.067%)  412324 (15.3%)    7.679 -1.401e+05     -7.679      0.000      0.000      N/A
   9    0.2     3.1    0  342914    1825    4221     775 ( 0.044%)  413773 (15.4%)    7.679 -1.403e+05     -7.679      0.000      0.000       27
  10    0.2     4.1    0  235994    1153    2729     426 ( 0.024%)  415417 (15.4%)    7.679 -1.399e+05     -7.679      0.000      0.000       24
  11    0.2     5.3    0  139432     621    1479     214 ( 0.012%)  416323 (15.5%)    7.679 -1.402e+05     -7.679      0.000      0.000       22
  12    0.2     6.9    0   90409     332     790      97 ( 0.006%)  416931 (15.5%)    7.679 -1.404e+05     -7.679      0.000      0.000       20
  13    0.1     9.0    0   52471     144     345      35 ( 0.002%)  417302 (15.5%)    7.679 -1.399e+05     -7.679      0.000      0.000       19
  14    0.1    11.6    0   22494      50     117      12 ( 0.001%)  417448 (15.5%)    7.679 -1.402e+05     -7.679      0.000      0.000       18
  15    0.1    15.1    0   12511      18      43       2 ( 0.000%)  417468 (15.5%)    7.679 -1.404e+05     -7.679      0.000      0.000       17
  16    0.1    19.7    0    3895       5      16       1 ( 0.000%)  417452 (15.5%)    7.679 -1.400e+05     -7.679      0.000      0.000       16
  17    0.1    25.6    0    5650       3      14       1 ( 0.000%)  417480 (15.5%)    7.679 -1.403e+05     -7.679      0.000      0.000       16
  18    0.1    33.3    0    4171       3      14       1 ( 0.000%)  417472 (15.5%)    7.679 -1.404e+05     -7.679      0.000      0.000       17
  19    0.1    43.3    0    5288       2      13       0 ( 0.000%)  417502 (15.5%)    7.679 -1.399e+05     -7.679      0.000      0.000      N/A
Restoring best routing
Critical path: 7.67869 ns
Successfully routed after 19 routing iterations.
Final Net Connection Criticality Histogram:
[        0:      0.1) 7427 ( 15.3%) |************************************
[      0.1:      0.2) 4973 ( 10.2%) |************************
[      0.2:      0.3) 8484 ( 17.5%) |*****************************************
[      0.3:      0.4) 3981 (  8.2%) |*******************
[      0.4:      0.5) 4303 (  8.9%) |*********************
[      0.5:      0.6) 9564 ( 19.7%) |**********************************************
[      0.6:      0.7) 6064 ( 12.5%) |*****************************
[      0.7:      0.8) 2756 (  5.7%) |*************
[      0.8:      0.9)  858 (  1.8%) |****
[      0.9:        1)  155 (  0.3%) |*
Router Stats: total_nets_routed: 83151 total_connections_routed: 155551 total_heap_pushes: 21389467 total_heap_pops: 5784569 
Serial Connection Router is being destroyed. Time spent on path search: 3.310 seconds.
# Routing took 7.89 seconds (max_rss 844.6 MiB, delta_rss +26.2 MiB)

Checking to ensure routing is legal...
# Checking to ensure non-configurable edges are legal
# Checking to ensure non-configurable edges are legal took 0.12 seconds (max_rss 844.6 MiB, delta_rss +0.0 MiB)
Completed routing consistency check successfully.

Serial number (magic cookie) for the routing is: 891617886
Circuit successfully routed with a channel width factor of 180.
Incr Slack updates 20 in 0.03844 sec
Full Max Req/Worst Slack updates 3 in 0.0047331 sec
Incr Max Req/Worst Slack updates 17 in 0.036128 sec
Incr Criticality updates 15 in 0.0590759 sec
Full Criticality updates 5 in 0.0383706 sec
# Synchronize the packed netlist to routing optimization
## Annotating rr_node with routed nets
## Annotating rr_node with routed nets took 0.00 seconds (max_rss 844.6 MiB, delta_rss +0.0 MiB)
Found 44059 mismatches between routing and packing results.
Fixed 30803 routing traces due to mismatch between routing and packing results.
# Synchronize the packed netlist to routing optimization took 0.34 seconds (max_rss 844.6 MiB, delta_rss +0.0 MiB)
Final Clustering Statistics: 
----------   --------   ------------------------------------   --------------------------
Block Type   # Blocks   Avg. # of input clocks and pins used   Avg. # of output pins used
----------   --------   ------------------------------------   --------------------------
     EMPTY          0                                      0                            0   
        io       1084                              0.0295203                      0.97048   
       clb       1234                                27.9692                      15.3752   
   dsp_top        107                                40.9813                      20.1869   
    memory        194                                49.6598                      18.9691   
Absorbed logical nets 24200 out of 50065 nets, 25865 nets not absorbed.


Average number of bends per net: 1.54110  Maximum # of bends: 271

Number of global nets: 3
Number of routed nets (nonglobal): 25862
Wire length results (in units of 1 clb segments)...
	Total wirelength: 417502, average net length: 16.1435
	Maximum net length: 2359

Wire length results in terms of physical segments...
	Total wiring segments used: 92813, average wire segments per net: 3.58878
	Maximum segments used by a net: 497
	Total local nets with reserved CLB opins: 0
Total number of nets absorbed: 8

Routing channel utilization histogram:
[        1:      inf)    0 (  0.0%) |
[      0.9:        1)    0 (  0.0%) |
[      0.8:      0.9)    0 (  0.0%) |
[      0.7:      0.8)    3 (  0.0%) |
[      0.5:      0.6)  132 (  0.9%) |*
[      0.4:      0.5)  588 (  3.9%) |****
[      0.3:      0.4) 1558 ( 10.3%) |**********
[      0.2:      0.3) 2599 ( 17.2%) |*****************
[      0.1:      0.2) 3419 ( 22.6%) |***********************
[        0:      0.1) 6839 ( 45.2%) |**********************************************
Maximum routing channel utilization:      0.62 at (53,29)

X - Directed channels: layer   y   max occ   ave occ   ave cap
                        ----- ---- -------- -------- --------
                            0    0       71   36.570      180
                            0    1       14    2.047      180
                            0    2       22    4.535      180
                            0    3       29    6.930      180
                            0    4       59    9.907      180
                            0    5       45   12.698      180
                            0    6       60   18.047      180
                            0    7       41   17.070      180
                            0    8       65   17.442      180
                            0    9       70   20.977      180
                            0   10       66   17.442      180
                            0   11       50   17.581      180
                            0   12       60   25.942      180
                            0   13       74   22.337      180
                            0   14       57   15.512      180
                            0   15       42   15.105      180
                            0   16       63   22.360      180
                            0   17       57   20.953      180
                            0   18       58   19.558      180
                            0   19       63   19.977      180
                            0   20       60   21.512      180
                            0   21       64   23.430      180
                            0   22       52   20.930      180
                            0   23       56   23.872      180
                            0   24       80   24.128      180
                            0   25       65   23.488      180
                            0   26       72   26.174      180
                            0   27       73   25.209      180
                            0   28       65   21.465      180
                            0   29       83   24.000      180
                            0   30       93   30.919      180
                            0   31      103   32.605      180
                            0   32       86   34.919      180
                            0   33      111   41.070      180
                            0   34       78   42.721      180
                            0   35       93   47.535      180
                            0   36      110   50.663      180
                            0   37       90   43.965      180
                            0   38      103   40.616      180
                            0   39      104   44.070      180
                            0   40       89   41.128      180
                            0   41       85   40.721      180
                            0   42       88   40.186      180
                            0   43       96   43.070      180
                            0   44       73   30.337      180
                            0   45       92   36.558      180
                            0   46       81   38.942      180
                            0   47      102   40.384      180
                            0   48       92   37.372      180
                            0   49       96   41.674      180
                            0   50      100   44.744      180
                            0   51      103   45.907      180
                            0   52       96   42.977      180
                            0   53       95   42.337      180
                            0   54       86   38.698      180
                            0   55       93   36.000      180
                            0   56       94   33.826      180
                            0   57       91   32.616      180
                            0   58       76   32.686      180
                            0   59       65   28.802      180
                            0   60       87   28.953      180
                            0   61       90   33.012      180
                            0   62       81   24.372      180
                            0   63       60   23.593      180
                            0   64       66   25.547      180
                            0   65       85   28.709      180
                            0   66       79   28.558      180
                            0   67       69   26.314      180
                            0   68       83   27.686      180
                            0   69       70   29.453      180
                            0   70       75   31.221      180
                            0   71       74   27.314      180
                            0   72       83   24.919      180
                            0   73       85   34.826      180
                            0   74       97   43.360      180
                            0   75       77   31.570      180
                            0   76       78   26.581      180
                            0   77       77   27.360      180
                            0   78       71   19.558      180
                            0   79       47    9.930      180
                            0   80       32    5.093      180
                            0   81       32    3.860      180
                            0   82       11    1.326      180
                            0   83        7    1.384      180
                            0   84        3    0.721      180
                            0   85        2    0.233      180
                            0   86       50   21.930      180
Y - Directed channels: layer   x   max occ   ave occ   ave cap
                        ----- ---- -------- -------- --------
                            0    0       69   29.198      180
                            0    1       49   26.465      180
                            0    2       68   34.372      180
                            0    3       34   10.221      180
                            0    4       62   18.965      180
                            0    5       66   35.651      180
                            0    6       70   31.023      180
                            0    7       62   11.523      180
                            0    8       29    8.302      180
                            0    9       40    7.953      180
                            0   10       60   10.884      180
                            0   11       67   12.988      180
                            0   12       68   11.244      180
                            0   13       45   11.000      180
                            0   14       37   18.942      180
                            0   15       36   15.012      180
                            0   16       32   15.907      180
                            0   17       61   44.826      180
                            0   18       76   49.360      180
                            0   19       53   25.663      180
                            0   20       69   35.372      180
                            0   21       85   51.791      180
                            0   22      100   47.023      180
                            0   23       82   27.581      180
                            0   24       63   23.605      180
                            0   25       63   18.872      180
                            0   26       67   19.733      180
                            0   27       57   17.651      180
                            0   28       66   17.395      180
                            0   29       62   18.884      180
                            0   30       66   25.953      180
                            0   31       79   28.686      180
                            0   32       97   38.256      180
                            0   33       87   53.384      180
                            0   34      100   54.907      180
                            0   35       88   40.570      180
                            0   36       98   47.081      180
                            0   37      103   61.453      180
                            0   38      102   57.477      180
                            0   39       85   37.488      180
                            0   40       85   34.291      180
                            0   41       80   35.407      180
                            0   42       91   37.953      180
                            0   43       82   36.860      180
                            0   44       77   29.465      180
                            0   45       80   26.942      180
                            0   46       86   36.314      180
                            0   47       94   33.860      180
                            0   48       94   34.593      180
                            0   49       91   59.105      180
                            0   50      102   65.802      180
                            0   51      101   48.849      180
                            0   52      104   52.116      180
                            0   53      112   65.081      180
                            0   54      106   55.674      180
                            0   55       84   31.756      180
                            0   56       71   23.337      180
                            0   57       53   14.640      180
                            0   58       52   12.814      180
                            0   59       39    9.988      180
                            0   60       59    9.523      180
                            0   61       67   11.547      180
                            0   62       79   21.698      180
                            0   63       73   21.814      180
                            0   64       69   23.837      180
                            0   65       70   46.663      180
                            0   66       95   56.116      180
                            0   67       73   33.326      180
                            0   68       71   37.488      180
                            0   69       92   44.814      180
                            0   70       90   34.477      180
                            0   71       82   13.640      180
                            0   72       78   11.488      180
                            0   73       66   10.174      180
                            0   74       28    5.628      180
                            0   75       41    4.279      180
                            0   76       35    4.372      180
                            0   77        7    3.221      180
                            0   78       17    9.651      180
                            0   79       40   13.453      180
                            0   80       51   18.709      180
                            0   81       78   35.884      180
                            0   82       75   38.512      180
                            0   83       65   25.663      180
                            0   84       87   27.535      180
                            0   85       72   29.500      180
                            0   86       53   21.523      180

Total existing wires segments: CHANX   1346760, CHANY   1346760, CHANZ         0, ALL   2693520
Total used wires segments:     CHANX    201466, CHANY    216036, CHANZ         0, ALL    417502
Usage percentage:              CHANX     15.0%, CHANY     16.0%, CHANZ      0.0%, ALL     15.5%

Logic area (in minimum width transistor areas, excludes I/Os and empty grid tiles)...
	Total logic block area (Warning, need to add pitch of routing to blocks with height > 3): 2.4541e+08
	Total used logic block area: 8.82956e+07

Routing area (in minimum width transistor areas)...
	Total routing area: 1.06814e+08, per logic tile: 13793.2

Total Number of Wiring Segments by Direction: direction length number
                                              --------- ------ -------
                                                      X      4 301976
                                                      Y      4 301976
                                                      X     16  13192
                                                      Y     16  13192

X - Directed Wiring Segment usage by length: length utilization
                                             ------ -----------
                                             4       0.145
                                            16       0.132

Y - Directed Wiring Segment usage by length: length utilization
                                             ------ -----------
                                             4       0.148
                                            16       0.184

Segment occupancy by length: Length Occupancy Capacity Utilization
                             ------ --------- -------- -----------
                             L4         88647   603952       0.147
                             L16         4166    26384       0.158

Segment occupancy by type: name type utilization
                           ---- ---- -----------
                             L4    0       0.147
                            L16    1       0.158

Final hold Worst Negative Slack (hWNS): 0 ns
Final hold Total Negative Slack (hTNS): 0 ns
Final hold Worst Skew (hWS): 0 ns

Final hold slack histogram:
[  4.1e-11:  7.8e-10)  5545 ( 10.5%) |*********************
[  7.8e-10:  1.5e-09) 10268 ( 19.5%) |**************************************
[  1.5e-09:  2.3e-09) 12133 ( 23.0%) |*********************************************
[  2.3e-09:    3e-09) 10730 ( 20.3%) |****************************************
[    3e-09:  3.8e-09)  8117 ( 15.4%) |******************************
[  3.8e-09:  4.5e-09)  4067 (  7.7%) |***************
[  4.5e-09:  5.2e-09)  1242 (  2.4%) |*****
[  5.2e-09:    6e-09)   520 (  1.0%) |**
[    6e-09:  6.7e-09)   100 (  0.2%) |
[  6.7e-09:  7.5e-09)    40 (  0.1%) |

Final critical path delay (least slack): 7.67869 ns, Fmax: 130.231 MHz
Final critical path skew: -0.04243 ns
Final setup Worst Negative Slack (sWNS): -7.67869 ns
Final setup Total Negative Slack (sTNS): -139925 ns
Final setup Worst Skew (sWS): -0.04243 ns

Final setup slack histogram:
[ -7.7e-09: -6.9e-09)    65 (  0.1%) |
[ -6.9e-09: -6.2e-09)   188 (  0.4%) |*
[ -6.2e-09: -5.4e-09)   769 (  1.5%) |**
[ -5.4e-09: -4.7e-09)  1690 (  3.2%) |*****
[ -4.7e-09: -3.9e-09)  5170 (  9.8%) |****************
[ -3.9e-09: -3.2e-09)  8229 ( 15.6%) |**************************
[ -3.2e-09: -2.4e-09) 11665 ( 22.1%) |*************************************
[ -2.4e-09: -1.7e-09) 14271 ( 27.0%) |*********************************************
[ -1.7e-09: -9.4e-10)  5568 ( 10.6%) |******************
[ -9.4e-10: -1.9e-10)  5147 (  9.8%) |****************

Final geomean non-virtual intra-domain period: 7.67869 ns (130.231 MHz)
Final fanout-weighted geomean non-virtual intra-domain period: 7.67869 ns (130.231 MHz)

Incr Slack updates 1 in 0.00216279 sec
Full Max Req/Worst Slack updates 1 in 0.00152463 sec
Incr Max Req/Worst Slack updates 0 in 0 sec
Incr Criticality updates 0 in 0 sec
Full Criticality updates 1 in 0.00841683 sec
Flow timing analysis took 11.8267 seconds (10.277 STA, 1.54975 slack) (139 full updates: 118 setup, 0 hold, 21 combined).
VPR succeeded
The entire flow of VPR took 138.55 seconds (max_rss 844.6 MiB)

