VPR FPGA Placement and Routing.
Version: 9.0.0-dev+v8.0.0-18248-g40f8d19708
Revision: v8.0.0-18248-g40f8d19708
Compiled: 2026-09-22T03:43:48
Compiler: GNU 13.3.0 on Linux-5.15.0-119-generic x86_64
Build Info: release IPO VTR_ASSERT_LEVEL=2

University of Toronto
verilogtorouting.org
vtr-users@googlegroups.com
This is free open source code under MIT license.

VPR was run with the following command-line:
/inspire/hdd/project/project-public/changshunjie-253114010247/changshunjie-253114010247/workspace/DAC2027/vtr/vtr-verilog-to-routing/vpr/vpr /inspire/hdd/project/project-public/changshunjie-253114010247/changshunjie-253114010247/workspace/DAC2027/vtr/vtr-verilog-to-routing/vtr_flow/arch/COFFE_22nm/k6FracN10LB_mem20K_complexDSP_customSB_22nm.xml /inspire/hdd/project/project-public/changshunjie-253114010247/changshunjie-253114010247/workspace/DAC2027/TailCompile/experiments/vtr/runs/pilot_v1/attention_layer/full-seed1-w300/attention_layer.pre-vpr.blif --analytical_place --route --analysis --ap_full_legalizer flat-recon --ap_detailed_placer annealer --seed 12 --route_chan_width 120 --write_flat_place /inspire/hdd/project/project-public/changshunjie-253114010247/changshunjie-253114010247/workspace/DAC2027/TailCompile/vtr_work/tailcompile_v3/attention_layer/4x4/gnn_candidate-fp41f5f7e7-flat-recon-annealer-seed12-w120-devw88/post_route.fplace --write_legalized_flat_place /inspire/hdd/project/project-public/changshunjie-253114010247/changshunjie-253114010247/workspace/DAC2027/TailCompile/vtr_work/tailcompile_v3/attention_layer/4x4/gnn_candidate-fp41f5f7e7-flat-recon-annealer-seed12-w120-devw88/post_legalizer.fplace --flat_place_verbosity 1 --device_width 88 --net_file /inspire/hdd/project/project-public/changshunjie-253114010247/changshunjie-253114010247/workspace/DAC2027/TailCompile/vtr_work/tailcompile_v3/attention_layer/4x4/gnn_candidate-fp41f5f7e7-flat-recon-annealer-seed12-w120-devw88/attention_layer.locked-input.net --read_flat_place /inspire/hdd/global_user/changshunjie-253114010247/workspace/DAC2027/TailCompile/experiments/vtr/tailcompile_v3/attention_layer/4x4/pools/bootstrap_24/candidate_10_seed13037.fplace

Using up to 1 parallel worker(s)

Architecture file: /inspire/hdd/project/project-public/changshunjie-253114010247/changshunjie-253114010247/workspace/DAC2027/vtr/vtr-verilog-to-routing/vtr_flow/arch/COFFE_22nm/k6FracN10LB_mem20K_complexDSP_customSB_22nm.xml
Circuit name: attention_layer.pre-vpr

# Loading Architecture Description
# Loading Architecture Description took 0.03 seconds (max_rss 32.1 MiB, delta_rss +0.0 MiB)

Timing analysis: ON
Circuit netlist file: /inspire/hdd/project/project-public/changshunjie-253114010247/changshunjie-253114010247/workspace/DAC2027/TailCompile/vtr_work/tailcompile_v3/attention_layer/4x4/gnn_candidate-fp41f5f7e7-flat-recon-annealer-seed12-w120-devw88/attention_layer.locked-input.net
Circuit placement file: attention_layer.pre-vpr.place
Circuit routing file: attention_layer.pre-vpr.route
Circuit SDC file: attention_layer.pre-vpr.sdc
Vpr floorplanning constraints file: not specified

Packer: DISABLED
Placer: DISABLED
Analytical Placer: ENABLED
Router: ENABLED
Analysis: ENABLED

VPR was run with the following options:

netlist_opts.absorb_buffer_luts            : true
netlist_opts.sweep_dangling_primary_ios    : true
netlist_opts.sweep_dangling_nets           : true
netlist_opts.sweep_dangling_blocks         : true
netlist_opts.sweep_constant_primary_outputs: false
netlist_opts.netlist_verbosity             : 1
netlist_opts.const_gen_inference           : COMB_SEQ

AnalyticalPlacerOpts.analytical_solver_type: lp-b2b
AnalyticalPlacerOpts.partial_legalizer_type: bipartitioning
AnalyticalPlacerOpts.full_legalizer_type: flat-recon
AnalyticalPlacerOpts.detailed_placer_type: annealer
AnalyticalPlacerOpts.ap_timing_tradeoff: 0.500000
AnalyticalPlacerOpts.ap_high_fanout_threshold: 256
AnalyticalPlacerOpts.log_verbosity: 1
router_opts.route_type: DETAILED
router_opts.flat_routing: false
router_opts.choke_points: on
router_opts.router_algorithm: TIMING_DRIVEN
router_opts.base_cost_type: DELAY_NORMALIZED_LENGTH
router_opts.fixed_channel_width: 120
router_opts.check_route: FULL
router_opts.acc_fac: 1.000000
router_opts.bb_factor: 3
router_opts.bend_cost: 0.000000
router_opts.first_iter_pres_fac: 0.000000
router_opts.initial_pres_fac: 0.500000
router_opts.pres_fac_mult: 1.300000
router_opts.max_pres_fac: 1000.000000
router_opts.max_router_iterations: 50
router_opts.min_incremental_reroute_fanout: 16
router_opts.initial_acc_cost_chan_congestion_threshold: 0.500000
router_opts.initial_acc_cost_chan_congestion_weight: 0.500000
router_opts.do_check_rr_graph: true
router_opts.verify_binary_search: false
router_opts.min_channel_width_hint: 0
router_opts.read_rr_edge_metadata: false
router_opts.exit_after_first_routing_iteration: false
router_opts.astar_fac: 1.200000
router_opts.astar_offset: 0.000000
router_opts.router_profiler_astar_fac: 1.200000
router_opts.enable_parallel_connection_router: false
router_opts.post_target_prune_fac: 1.200000
router_opts.post_target_prune_offset: 0
router_opts.multi_queue_num_threads: 1
router_opts.multi_queue_num_queues: 2
router_opts.multi_queue_direct_draining: false
router_opts.criticality_exp: 1.000000
router_opts.max_criticality: 0.990000
router_opts.init_wirelength_abort_threshold: 0.850000
router_opts.incr_reroute_delay_ripup: AUTO
router_opts.save_routing_per_iteration: false
router_opts.congested_routing_iteration_threshold_frac: 1.000000
router_opts.high_fanout_threshold: 64
router_opts.router_debug_net: -2
router_opts.router_debug_sink_rr: -2
router_opts.router_debug_iteration: -2
router_opts.max_convergence_count: 1
router_opts.reconvergence_cpd_threshold: 0.990000
router_opts.update_lower_bound_delays: true
router_opts.first_iteration_timing_report_file: 
router_opts.route_bb_update: DYNAMIC
router_opts.lookahead_type: MAP
router_opts.initial_timing: LOOKAHEAD
router_opts.router_heap: FOUR_ARY_HEAP
router_opts.routing_failure_predictor = SAFE
router_opts.routing_predictor_min_history: 8
router_opts.routing_budgets_algorithm = DISABLE

analysis_opts.gen_post_synthesis_netlist: false
analysis_opts.gen_post_implementation_merged_netlist: false
analysis_opts.gen_post_implementation_sdc: false
analysis_opts.timing_report_npaths: 100
analysis_opts.timing_report_skew: false
analysis_opts.echo_dot_timing_graph_node: -1
analysis_opts.timing_report_detail: NETLIST
analysis_opts.post_synth_netlist_unconn_input_handling: UNCONNECTED
analysis_opts.post_synth_netlist_unconn_output_handling: UNCONNECTED
analysis_opts.post_synth_netlist_module_parameters: on

# Building complex block graph
# Building complex block graph took 0.09 seconds (max_rss 32.1 MiB, delta_rss +0.0 MiB)
Circuit file: /inspire/hdd/project/project-public/changshunjie-253114010247/changshunjie-253114010247/workspace/DAC2027/TailCompile/experiments/vtr/runs/pilot_v1/attention_layer/full-seed1-w300/attention_layer.pre-vpr.blif
# Load circuit
Found 4 constant generator(s) in the netlist (2 constant-zero, 2 constant-one) (run with --netlist_verbosity 2 to list names)
# Load circuit took 0.55 seconds (max_rss 134.2 MiB, delta_rss +102.2 MiB)
# Clean circuit
Absorbed 7975 LUT buffers
Found 1090 primitive output pin(s) driven only by constants; marked them as constants
Swept input(s)      : 7
Swept output(s)     : 0 (0 dangling, 0 constant)
Swept net(s)        : 10126
Swept block(s)      : 33
Constant Pins Marked: 1090
# Clean circuit took 0.13 seconds (max_rss 134.2 MiB, delta_rss +0.0 MiB)
# Compress circuit
# Compress circuit took 0.07 seconds (max_rss 134.2 MiB, delta_rss +0.0 MiB)
# Verify circuit
# Verify circuit took 0.02 seconds (max_rss 134.2 MiB, delta_rss +0.0 MiB)
Circuit Statistics:
  Blocks: 40113
    .input            :    1052
    .latch            :    8844
    .names            :   17218
        0-LUT:       3
        1-LUT:    5989
        2-LUT:     920
        3-LUT:    4530
        4-LUT:    3023
        5-LUT:    1163
        6-LUT:    1590
    .output           :      32
    adder             :    9150
    addition_fp_clk_16:       1
    dual_port_ram     :    3680
    multiply          :     136
  Nets  : 50065
    Avg Fanout:     2.9
    Max Fanout: 12525.0
    Min Fanout:     1.0
  Netlist Clocks: 1
# Build Timing Graph
  Timing Graph Nodes: 245193
  Timing Graph Edges: 446068
  Timing Graph Levels: 66
# Build Timing Graph took 0.24 seconds (max_rss 201.3 MiB, delta_rss +62.1 MiB)
Netlist contains 1 clocks
  Netlist Clock 'clk' Fanout: 12525 pins (6.5%), 12525 blocks (31.2%)
# Load Timing Constraints

SDC file 'attention_layer.pre-vpr.sdc' not found
Setting default timing constraints:
   * constrain all primary inputs and primary outputs on netlist clock 'clk'
   * optimize netlist clock to run as fast as possible
Timing constraints created 1 clocks
  Constrained Clock 'clk' Source: 'clk.inpad[0]'

# Load Timing Constraints took 0.00 seconds (max_rss 201.3 MiB, delta_rss +0.0 MiB)
# Analytical Placement
## Prepacker

There is one chain in this architecture called "chain" with the following starting points:
	clb[0]/lab[0]/fle[0]/ble5[0]/arithmetic[0]/adder[0].cin[0]

## Prepacker took 0.04 seconds (max_rss 201.3 MiB, delta_rss +0.0 MiB)
## Initializing Pre-Cluster Timing
Using inter-cluster delay: 2.1832e-09
## Initializing Pre-Cluster Timing took 0.39 seconds (max_rss 206.1 MiB, delta_rss +4.8 MiB)
## Estimate Device Size
Device layout 'auto' with fixed width 88.
FPGA sized to 88 x 88: 7744 grid tiles (auto)
## Estimate Device Size took 0.00 seconds (max_rss 206.1 MiB, delta_rss +0.0 MiB)
## Ram Mapper
Flat Placement is provided, skipping the RAM mapping.
## Ram Mapper took 0.00 seconds (max_rss 206.1 MiB, delta_rss +0.0 MiB)
## Read Atom Netlist to AP Netlist
## Read Atom Netlist to AP Netlist took 0.29 seconds (max_rss 275.7 MiB, delta_rss +69.6 MiB)
Analytical Placement Netlist Statistics:
	AP Blocks: 25061
		Moveable AP Blocks: 25061
		Fixed AP Blocks: 0
	AP Nets: 34982
		Average Fanout: 2.94
		Highest Fanout: 257
	AP Pins: 193913

## Computing placement delta delay look-up
### Build routing resource graph
### Build routing resource graph took 4.28 seconds (max_rss 683.9 MiB, delta_rss +408.2 MiB)
  RR Graph Nodes: 1544620
  RR Graph Edges: 13178036
### Computing router lookahead map
#### Computing wire lookahead
#### Computing wire lookahead took 4.96 seconds (max_rss 683.9 MiB, delta_rss +0.0 MiB)
#### Computing src/opin lookahead
Warning 1: Found no more sample locations for SOURCE in io
Warning 2: Found no more sample locations for OPIN in io
Warning 3: Found no more sample locations for SOURCE in clb
Warning 4: Found no more sample locations for OPIN in clb
Warning 5: Found no more sample locations for SOURCE in dsp_top
Warning 6: Found no more sample locations for OPIN in dsp_top
Warning 7: Found no more sample locations for SOURCE in memory
Warning 8: Found no more sample locations for OPIN in memory
#### Computing src/opin lookahead took 0.18 seconds (max_rss 683.9 MiB, delta_rss +0.0 MiB)
### Computing router lookahead map took 5.15 seconds (max_rss 683.9 MiB, delta_rss +0.0 MiB)
Serial Connection Router is being destroyed. Time spent on path search: 0.000 seconds.
## Computing placement delta delay look-up took 9.70 seconds (max_rss 683.9 MiB, delta_rss +408.2 MiB)
Flat Placement is provided in the AP flow, skipping the Global Placement.
0 of 25061 molecules placed at device center (no atoms of these molecules found in flat placement).
## AP Full Legalizer
### Creating Clusters
Device (width, height): (88,88)
#### Sorting and Grouping Blocks by Tile
#### Sorting and Grouping Blocks by Tile took 0.01 seconds (max_rss 683.9 MiB, delta_rss +0.0 MiB)
#### Reconstruction Pass Clustering
#### Reconstruction Pass Clustering took 57.98 seconds (max_rss 683.9 MiB, delta_rss +0.0 MiB)
#### Orphan Window Clustering with search radius 8
#### Orphan Window Clustering with search radius 8 took 0.02 seconds (max_rss 683.9 MiB, delta_rss +0.0 MiB)
FPGA sized to 88 x 88: 7744 grid tiles (auto)
Device Utilization: 0.28 (target 1.00)
	Block Utilization: 0.39 Type: io
	Block Utilization: 0.19 Type: clb
	Block Utilization: 0.85 Type: dsp_top
	Block Utilization: 0.75 Type: memory

----------------------------------------------------------------
                       Clustering Summary                       
----------------------------------------------------------------
Clusters created (Self Clustering)                       : 2605
    memory     : 194
    dsp_top    : 107
    clb        : 1220
    io         : 1084
Clusters created (Orphan Window Clustering)              : 14
    clb        : 14
Total clusters                                           : 2619
Percent of clusters created in Orphan Window Clustering  : 0.53%
Molecules clustered in each stage breakdown  : (Total of 25061)
	Self Clustering          (0.998963)  : 25035
 	Neighbor Clustering      (0.000000)  : 0
	Orphan Window Clustering (0.001037)  : 26
----------------------------------------------------------------

Final Clustering Statistics: 
----------   --------   ------------------------------------   --------------------------
Block Type   # Blocks   Avg. # of input clocks and pins used   Avg. # of output pins used
----------   --------   ------------------------------------   --------------------------
     EMPTY          0                                      0                            0   
        io       1084                              0.0295203                      0.97048   
       clb       1234                                27.9692                      15.3752   
   dsp_top        107                                40.9813                      20.1869   
    memory        194                                49.6598                      18.9691   
Absorbed logical nets 24200 out of 50065 nets, 25865 nets not absorbed.
#### Load packing
##### Loading packed FPGA netlist file.
Netlist generated from file '/inspire/hdd/project/project-public/changshunjie-253114010247/changshunjie-253114010247/workspace/DAC2027/TailCompile/vtr_work/tailcompile_v3/attention_layer/4x4/gnn_candidate-fp41f5f7e7-flat-recon-annealer-seed12-w120-devw88/attention_layer.locked-input.net'.
Detected 3 constant generators (to see names run with higher pack verbosity)
##### Loading packed FPGA netlist file. took 2.04 seconds (max_rss 750.9 MiB, delta_rss +67.0 MiB)
Warning 9: Treated 2 constant nets as global which will not be routed (to see net names increase packer verbosity).
Netlist contains 5542 global net to non-global architecture pin connections
Found 2 logic block(s) with only 1 output pin and no inputs; they may be constant generators (run with --pack_verbosity 3 to list them)
Completed clustering consistency check successfully.
Cluster level netlist and block usage statistics
Netlist num_nets: 25865
Netlist num_blocks: 2619
Netlist EMPTY blocks: 0.
Netlist io blocks: 1084.
Netlist clb blocks: 1234.
Netlist dsp_top blocks: 107.
Netlist memory blocks: 194.
Netlist inputs pins: 1052
Netlist output pins: 32

Pb types usage...
  io                   : 1084
   inpad               : 1052
   outpad              : 32
  clb                  : 1234
   lab                 : 1234
    fle                : 11239
     ble5              : 19054
      flut5            : 9904
       lut5            : 9613
        lut            : 9613
       ff              : 8130
      arithmetic       : 9150
       lut4            : 6015
        lut            : 6015
       adder           : 9150
     ble6              : 1590
      lut6             : 1590
       lut             : 1590
      ff               : 714
  dsp_top              : 107
   dsp                 : 107
    dsp_pb             : 107
     two_mult_18x19    : 136
      mult_18x19       : 136
     adder_fp16        : 1
  memory               : 194
   mem_1024x20_dp      : 194
    memory_slice       : 3680

#### Load packing took 2.41 seconds (max_rss 750.9 MiB, delta_rss +67.0 MiB)
Netlist contains 5542 global net to non-global architecture pin connections
Found 2 logic block(s) with only 1 output pin and no inputs; they may be constant generators (run with --pack_verbosity 3 to list them)
Cluster level netlist and block usage statistics
Netlist num_nets: 25865
Netlist num_blocks: 2619
Netlist EMPTY blocks: 0.
Netlist io blocks: 1084.
Netlist clb blocks: 1234.
Netlist dsp_top blocks: 107.
Netlist memory blocks: 194.
Netlist inputs pins: 1052
Netlist output pins: 32
### Creating Clusters took 61.60 seconds (max_rss 750.9 MiB, delta_rss +67.0 MiB)
Completed clustering consistency check successfully.
FPGA sized to 88 x 88: 7744 grid tiles (auto)
### Compressed grid construction
### Compressed grid construction took 0.00 seconds (max_rss 750.9 MiB, delta_rss +0.0 MiB)
### Initial Placement
Placing clusters that are part of larger macros...
Number of blocks to be placed: 16
Max distance on device: 176
---- ---------- ---------- -------------
Pass Max Displ. Num Blocks Num Blocks   
     Threshold  Placed     Left Unplaced
---- ---------- ---------- -------------
   0          0         12             4
   1          1          2             2
   2          2          2             0

Placing general clusters...
Number of blocks to be placed: 2603
Max distance on device: 176
---- ---------- ---------- -------------
Pass Max Displ. Num Blocks Num Blocks   
     Threshold  Placed     Left Unplaced
---- ---------- ---------- -------------
   0          0       2591            12
   1          1          5             7
   2          2          4             3
   3          4          3             0

### Initial Placement took 0.01 seconds (max_rss 750.9 MiB, delta_rss +0.0 MiB)
Flat Placement Reconstruction Info:
	Percent of clusters with reconstruction errors: 0.305460
	Total displacement of initial placement from flat placement: 15218.000000
	Average atom displacement of initial placement from flat placement: 0.379378
	Max atom displacement of initial placement from flat placement: 64.000000
	Percent of atoms misplaced from the flat placement: 1.341211
## AP Full Legalizer took 61.91 seconds (max_rss 750.9 MiB, delta_rss +67.0 MiB)

Resource usage...
	Netlist
		1084	blocks of type: io
	Architecture
		2752	blocks of type: io
	Netlist
		1234	blocks of type: clb
	Architecture
		6376	blocks of type: clb
	Netlist
		107	blocks of type: dsp_top
	Architecture
		126	blocks of type: dsp_top
	Netlist
		194	blocks of type: memory
	Architecture
		258	blocks of type: memory

Device Utilization: 0.28 (target 1.00)
	Physical Tile io:
	Block Utilization: 0.39 Logical Block: io
	Physical Tile clb:
	Block Utilization: 0.19 Logical Block: clb
	Physical Tile dsp_top:
	Block Utilization: 0.85 Logical Block: dsp_top
	Physical Tile memory:
	Block Utilization: 0.75 Logical Block: memory

## Computing placement delta delay look-up
RR graph channel widths unchanged, skipping RR graph rebuild
Serial Connection Router is being destroyed. Time spent on path search: 0.000 seconds.
## Computing placement delta delay look-up took 0.02 seconds (max_rss 750.9 MiB, delta_rss +0.0 MiB)
Using simple RL 'Softmax agent' for choosing move and block types

Completed placement consistency check successfully.
Initial placement cost: 1 bb_cost: 8909.69 td_cost: 1.69119e-05
Initial placement BB estimate of wirelength: 1.06873e+06
Initial placement estimated Critical Path Delay (CPD): 17.1804 ns
Initial placement estimated setup Total Negative Slack (sTNS): -127512 ns
Initial placement estimated setup Worst Negative Slack (sWNS): -17.1804 ns

Initial placement estimated setup slack histogram:
[ -1.7e-08: -1.5e-08)     2 (  0.0%) |
[ -1.5e-08: -1.4e-08)    12 (  0.0%) |
[ -1.4e-08: -1.2e-08)    36 (  0.1%) |
[ -1.2e-08:   -1e-08)   108 (  0.2%) |
[   -1e-08: -8.7e-09)   301 (  0.6%) |*
[ -8.7e-09:   -7e-09)   750 (  1.4%) |*
[   -7e-09: -5.3e-09)  1382 (  2.6%) |**
[ -5.3e-09: -3.6e-09)  3249 (  6.2%) |******
[ -3.6e-09: -1.9e-09) 25863 ( 49.0%) |*********************************************
[ -1.9e-09: -1.9e-10) 21059 ( 39.9%) |*************************************
Placement contains 8 placement macros involving 16 blocks (average macro size 2.000000)

Moves per temperature: 18045
## AP Detailed Placer

---- ------ ------- ------- ---------- ---------- ------- ---------- -------- ------- ------- ------ -------- --------- ------
Tnum  Time     T    AvCost  Av BB Cost Av TD Cost   CPD      sTNS      sWNS   AcRate  StdDev  R lim  CritExp  TotMoves  Alpha 
     (sec)                                          (ns)     (ns)      (ns)                                                   
---- ------ ------- ------- ---------- ---------- ------- ---------- -------- ------- ------- ------ -------- --------- ------
   1    0.2 7.7e-04   0.992    7480.88 1.6212e-05  13.799   -1.2e+05  -13.799   0.840  0.0116   87.0     1.00      18045  1.000
   2    0.2 6.9e-04   0.953    7245.28 1.561e-05   14.406  -1.23e+05  -14.406   0.832  0.0194   87.0     1.00      36090  0.900
   3    0.2 6.2e-04   0.945    6876.73 1.5931e-05  13.380  -1.17e+05  -13.380   0.813  0.0168   87.0     1.00      54135  0.900
   4    0.2 5.6e-04   0.951    6496.35 1.6058e-05  12.768  -1.16e+05  -12.768   0.793  0.0166   87.0     1.00      72180  0.900
   5    0.2 5.3e-04   0.978    6298.43 1.4675e-05  13.474  -1.19e+05  -13.474   0.784  0.0181   87.0     1.00      90225  0.950
   6    0.2 5.1e-04   0.982    5871.93 1.4032e-05  13.318  -1.17e+05  -13.318   0.767  0.0149   87.0     1.00     108270  0.950
   7    0.2 4.8e-04   0.980    5637.20 1.5001e-05  12.202  -1.14e+05  -12.202   0.755  0.0104   87.0     1.00     126315  0.950
   8    0.2 4.6e-04   0.974    5448.48 1.5791e-05  11.301  -1.19e+05  -11.301   0.754  0.0231   87.0     1.00     144360  0.950
   9    0.2 4.3e-04   0.975    5125.74 1.3517e-05  12.593  -1.12e+05  -12.593   0.742  0.0135   87.0     1.00     162405  0.950
  10    0.2 4.1e-04   0.986    4887.80 1.5027e-05  10.945  -1.12e+05  -10.945   0.733  0.0097   87.0     1.00     180450  0.950
  11    0.2 3.9e-04   0.968    4657.26 1.6005e-05  10.185  -1.14e+05  -10.185   0.719  0.0127   87.0     1.00     198495  0.950
  12    0.2 3.7e-04   0.954    4478.32 1.4327e-05  11.206  -1.11e+05  -11.206   0.715  0.0159   87.0     1.00     216540  0.950
  13    0.2 3.5e-04   0.976    4264.98 1.4239e-05  10.735  -1.09e+05  -10.735   0.702  0.0105   87.0     1.00     234585  0.950
  14    0.2 3.4e-04   0.983    4100.63 1.3533e-05  11.112  -1.13e+05  -11.112   0.701  0.0073   87.0     1.00     252630  0.950
  15    0.2 3.2e-04   0.976    3937.13 1.4824e-05   9.881  -1.08e+05   -9.881   0.688  0.0124   87.0     1.00     270675  0.950
  16    0.2 3.0e-04   0.988    3876.20 1.5213e-05   9.463  -1.09e+05   -9.463   0.679  0.0063   87.0     1.00     288720  0.950
  17    0.2 2.9e-04   0.976    3797.22 1.4505e-05   9.847  -1.09e+05   -9.847   0.669  0.0088   87.0     1.00     306765  0.950
  18    0.2 2.7e-04   0.976    3669.45 1.4734e-05   9.541  -1.08e+05   -9.541   0.662  0.0097   87.0     1.00     324810  0.950
  19    0.2 2.6e-04   0.990    3587.04 1.4385e-05   9.576  -1.09e+05   -9.576   0.650  0.0038   87.0     1.00     342855  0.950
  20    0.2 2.5e-04   0.985    3536.12 1.5239e-05   8.975  -1.09e+05   -8.975   0.649  0.0062   87.0     1.00     360900  0.950
  21    0.2 2.3e-04   0.984    3433.23 1.4839e-05   9.132  -1.07e+05   -9.132   0.636  0.0061   87.0     1.00     378945  0.950
  22    0.2 2.2e-04   0.983    3336.52 1.3308e-05  10.021  -1.07e+05  -10.021   0.624  0.0060   87.0     1.00     396990  0.950
  23    0.2 2.1e-04   0.984    3247.89 1.3682e-05   9.622  -1.09e+05   -9.622   0.617  0.0056   87.0     1.00     415035  0.950
  24    0.2 2.0e-04   0.983    3211.67 1.2888e-05  10.125  -1.06e+05  -10.125   0.609  0.0060   87.0     1.00     433080  0.950
  25    0.2 1.9e-04   0.989    3164.05 1.4473e-05   8.846  -1.05e+05   -8.846   0.598  0.0045   87.0     1.00     451125  0.950
  26    0.2 1.8e-04   0.988    3123.80 1.3849e-05   9.232  -1.07e+05   -9.232   0.584  0.0028   87.0     1.00     469170  0.950
  27    0.2 1.7e-04   0.984    3090.99 1.3488e-05   9.412  -1.06e+05   -9.412   0.586  0.0063   87.0     1.00     487215  0.950
  28    0.2 1.6e-04   0.988    3028.36 1.4434e-05   8.719  -1.06e+05   -8.719   0.571  0.0039   87.0     1.00     505260  0.950
  29    0.2 1.6e-04   0.990    3012.23 1.3587e-05   9.151  -1.06e+05   -9.151   0.556  0.0046   87.0     1.00     523305  0.950
  30    0.2 1.5e-04   0.988    2986.19 1.4307e-05   8.652  -1.04e+05   -8.652   0.557  0.0049   87.0     1.00     541350  0.950
  31    0.2 1.4e-04   0.985    2944.80 1.4057e-05   8.789  -1.06e+05   -8.789   0.553  0.0056   87.0     1.00     559395  0.950
  32    0.2 1.3e-04   0.986    2903.83 1.4178e-05   8.598  -1.06e+05   -8.598   0.535  0.0056   87.0     1.00     577440  0.950
  33    0.2 1.3e-04   0.995    2884.38 1.2897e-05   9.337  -1.07e+05   -9.337   0.514  0.0026   87.0     1.00     595485  0.950
  34    0.2 1.2e-04   0.988    2850.78 1.423e-05    8.421  -1.04e+05   -8.421   0.515  0.0046   87.0     1.00     613530  0.950
  35    0.2 1.1e-04   0.990    2816.34 1.3233e-05   9.027  -1.04e+05   -9.027   0.506  0.0037   87.0     1.00     631575  0.950
  36    0.2 1.1e-04   0.988    2777.02 1.3337e-05   8.858  -1.04e+05   -8.858   0.495  0.0056   87.0     1.00     649620  0.950
  37    0.2 1.0e-04   0.992    2763.32 1.3282e-05   8.775  -1.03e+05   -8.775   0.476  0.0025   87.0     1.00     667665  0.950
  38    0.2 9.8e-05   0.988    2747.24 1.3613e-05   8.527  -1.04e+05   -8.527   0.472  0.0062   87.0     1.00     685710  0.950
  39    0.2 9.3e-05   0.996    2708.48 1.3872e-05   8.343  -1.04e+05   -8.343   0.459  0.0027   87.0     1.00     703755  0.950
  40    0.2 8.9e-05   0.985    2681.41 1.3247e-05   8.653  -1.05e+05   -8.653   0.439  0.0050   87.0     1.00     721800  0.950
  41    0.2 8.4e-05   0.990    2668.26 1.3489e-05   8.381  -1.03e+05   -8.381   0.437  0.0030   86.9     1.01     739845  0.950
  42    0.2 8.0e-05   0.991    2658.72 1.2425e-05   8.887  -1.02e+05   -8.887   0.424  0.0032   86.7     1.03     757890  0.950
  43    0.2 7.6e-05   0.990    2631.76 1.1325e-05   8.833  -1.02e+05   -8.833   0.408  0.0050   85.3     1.14     775935  0.950
  44    0.2 7.2e-05   0.992    2593.78 9.9203e-06   8.421  -1.03e+05   -8.421   0.395  0.0033   82.6     1.36     793980  0.950
  45    0.2 6.8e-05   0.991    2595.12 7.9e-06      8.466  -1.03e+05   -8.466   0.397  0.0046   78.8     1.67     812025  0.950
  46    0.2 6.5e-05   0.990    2572.40 6.1143e-06   8.689  -1.04e+05   -8.689   0.379  0.0046   75.4     1.94     830070  0.950
  47    0.2 6.2e-05   0.991    2549.80 5.0671e-06   8.403  -1.03e+05   -8.403   0.374  0.0027   70.8     2.32     848115  0.950
  48    0.2 5.9e-05   0.988    2519.06 4.4238e-06   8.130  -1.04e+05   -8.130   0.364  0.0043   66.2     2.70     866160  0.950
  49    0.2 5.6e-05   0.991    2504.94 3.6701e-06   8.007  -1.02e+05   -8.007   0.350  0.0031   61.1     3.11     884205  0.950
  50    0.2 5.3e-05   0.990    2485.15 2.7511e-06   8.150  -1.08e+05   -8.150   0.348  0.0034   55.6     3.55     902250  0.950
  51    0.2 5.0e-05   0.991    2459.94 2.2946e-06   8.076  -1.04e+05   -8.076   0.342  0.0041   50.5     3.97     920295  0.950
  52    0.2 4.8e-05   0.995    2448.71 1.8488e-06   8.144  -1.06e+05   -8.144   0.335  0.0023   45.6     4.37     938340  0.950
  53    0.2 4.5e-05   0.993    2436.64 1.674e-06    7.973  -1.06e+05   -7.973   0.322  0.0033   40.8     4.76     956385  0.950
  54    0.2 4.3e-05   0.995    2423.98 1.3835e-06   8.007  -1.06e+05   -8.007   0.312  0.0016   35.9     5.16     974430  0.950
  55    0.2 4.1e-05   0.993    2405.25 1.0417e-06   8.169  -1.06e+05   -8.169   0.302  0.0034   31.4     5.53     992475  0.950
  56    0.2 3.9e-05   0.996    2381.01 9.6959e-07   8.067  -1.09e+05   -8.067   0.292  0.0017   27.0     5.88    1010520  0.950
  57    0.2 3.7e-05   0.996    2375.73 8.4685e-07   8.067  -1.09e+05   -8.067   0.292  0.0014   23.0     6.21    1028565  0.950
  58    0.2 3.5e-05   0.994    2364.76 7.7695e-07   8.067  -1.07e+05   -8.067   0.285  0.0024   19.6     6.48    1046610  0.950
  59    0.2 3.3e-05   0.994    2352.08 6.0703e-07   8.258  -1.08e+05   -8.258   0.290  0.0023   16.6     6.73    1064655  0.950
  60    0.2 3.2e-05   0.993    2339.14 5.074e-07    8.397  -1.08e+05   -8.397   0.280  0.0026   14.1     6.93    1082700  0.950
  61    0.2 3.0e-05   0.992    2314.25 5.9095e-07   8.101  -1.08e+05   -8.101   0.296  0.0040   11.8     7.12    1100745  0.950
  62    0.2 2.9e-05   0.997    2303.25 6.1767e-07   7.957  -1.06e+05   -7.957   0.285  0.0014   10.1     7.26    1118790  0.950
  63    0.2 2.7e-05   0.996    2292.92 5.8129e-07   7.957  -1.07e+05   -7.957   0.285  0.0018    8.6     7.38    1136835  0.950
  64    0.2 2.6e-05   0.997    2277.38 5.9001e-07   7.884  -1.05e+05   -7.884   0.274  0.0016    7.2     7.49    1154880  0.950
  65    0.2 2.5e-05   0.996    2262.34 5.2749e-07   7.944  -1.06e+05   -7.944   0.263  0.0014    6.0     7.59    1172925  0.950
  66    0.2 2.3e-05   0.996    2248.55 5.2861e-07   7.914  -1.06e+05   -7.914   0.264  0.0019    5.0     7.68    1190970  0.950
  67    0.2 2.2e-05   0.997    2237.94 5.0596e-07   7.914  -1.05e+05   -7.914   0.251  0.0013    4.1     7.75    1209015  0.950
  68    0.2 2.1e-05   0.996    2224.45 4.8391e-07   7.944  -1.07e+05   -7.944   0.249  0.0016    3.3     7.81    1227060  0.950
  69    0.2 2.0e-05   0.997    2215.35 4.6643e-07   7.944  -1.06e+05   -7.944   0.262  0.0009    2.7     7.86    1245105  0.950
  70    0.2 1.9e-05   0.997    2209.14 4.6092e-07   7.944  -1.07e+05   -7.944   0.260  0.0012    2.2     7.90    1263150  0.950
  71    0.2 1.8e-05   0.997    2199.90 4.6437e-07   7.914  -1.06e+05   -7.914   0.263  0.0011    1.8     7.93    1281195  0.950
  72    0.2 1.7e-05   0.997    2192.22 4.5519e-07   7.914  -1.07e+05   -7.914   0.255  0.0012    1.5     7.96    1299240  0.950
  73    0.2 1.6e-05   0.999    2185.87 4.4872e-07   7.914  -1.07e+05   -7.914   0.250  0.0005    1.2     7.98    1317285  0.950
  74    0.2 1.5e-05   0.999    2183.42 4.3934e-07   7.914  -1.06e+05   -7.914   0.246  0.0005    1.0     8.00    1335330  0.950
  75    0.2 1.5e-05   0.999    2180.01 4.4363e-07   7.914  -1.07e+05   -7.914   0.236  0.0005    1.0     8.00    1353375  0.950
  76    0.2 1.4e-05   0.998    2174.06 4.439e-07    7.914  -1.06e+05   -7.914   0.222  0.0009    1.0     8.00    1371420  0.950
  77    0.2 1.3e-05   0.999    2169.75 4.4472e-07   7.914  -1.06e+05   -7.914   0.225  0.0007    1.0     8.00    1389465  0.950
  78    0.2 1.3e-05   0.999    2165.46 4.4443e-07   7.914  -1.06e+05   -7.914   0.213  0.0007    1.0     8.00    1407510  0.950
  79    0.2 1.2e-05   0.999    2163.25 4.3887e-07   7.914  -1.06e+05   -7.914   0.209  0.0006    1.0     8.00    1425555  0.950
  80    0.2 1.1e-05   0.999    2160.58 4.3621e-07   7.914  -1.06e+05   -7.914   0.203  0.0003    1.0     8.00    1443600  0.950
  81    0.2 1.1e-05   0.999    2158.78 4.3373e-07   7.914  -1.06e+05   -7.914   0.201  0.0005    1.0     8.00    1461645  0.950
  82    0.2 1.0e-05   0.999    2154.04 4.3724e-07   7.914  -1.05e+05   -7.914   0.196  0.0005    1.0     8.00    1479690  0.950
  83    0.2 9.8e-06   0.999    2152.39 4.3738e-07   7.914  -1.06e+05   -7.914   0.191  0.0004    1.0     8.00    1497735  0.950
  84    0.2 9.3e-06   0.999    2151.01 4.3779e-07   7.914  -1.06e+05   -7.914   0.184  0.0005    1.0     8.00    1515780  0.950
  85    0.2 8.8e-06   0.999    2149.74 4.3071e-07   7.914  -1.06e+05   -7.914   0.183  0.0002    1.0     8.00    1533825  0.950
  86    0.2 8.4e-06   0.999    2148.03 4.3604e-07   7.914  -1.05e+05   -7.914   0.175  0.0004    1.0     8.00    1551870  0.950
  87    0.2 7.9e-06   0.999    2146.25 4.3359e-07   7.914  -1.05e+05   -7.914   0.181  0.0004    1.0     8.00    1569915  0.950
  88    0.2 7.5e-06   0.999    2144.25 4.3241e-07   7.914  -1.06e+05   -7.914   0.177  0.0003    1.0     8.00    1587960  0.950
  89    0.2 7.2e-06   0.999    2142.48 4.3047e-07   7.914  -1.05e+05   -7.914   0.173  0.0003    1.0     8.00    1606005  0.950
  90    0.2 6.8e-06   0.999    2140.01 4.3022e-07   7.914  -1.06e+05   -7.914   0.170  0.0003    1.0     8.00    1624050  0.950
  91    0.2 6.5e-06   1.000    2138.78 4.3101e-07   7.914  -1.06e+05   -7.914   0.169  0.0003    1.0     8.00    1642095  0.950
  92    0.2 6.1e-06   1.000    2137.36 4.2866e-07   7.914  -1.05e+05   -7.914   0.166  0.0002    1.0     8.00    1660140  0.950
  93    0.2 5.8e-06   0.999    2136.33 4.2975e-07   7.914  -1.06e+05   -7.914   0.167  0.0002    1.0     8.00    1678185  0.950
  94    0.2 5.5e-06   1.000    2134.26 4.3048e-07   7.914  -1.07e+05   -7.914   0.161  0.0002    1.0     8.00    1696230  0.950
  95    0.2 5.3e-06   1.000    2133.66 4.306e-07    7.914  -1.05e+05   -7.914   0.158  0.0002    1.0     8.00    1714275  0.950
  96    0.2 5.0e-06   1.000    2133.61 4.3129e-07   7.914  -1.06e+05   -7.914   0.163  0.0002    1.0     8.00    1732320  0.950
  97    0.2 4.8e-06   1.000    2132.26 4.3044e-07   7.914  -1.06e+05   -7.914   0.154  0.0003    1.0     8.00    1750365  0.950
  98    0.2 4.5e-06   1.000    2130.80 4.2991e-07   7.914  -1.06e+05   -7.914   0.151  0.0002    1.0     8.00    1768410  0.950
  99    0.2 4.3e-06   1.000    2130.31 4.2961e-07   7.914  -1.06e+05   -7.914   0.150  0.0001    1.0     8.00    1786455  0.950
 100    0.2 4.1e-06   1.000    2130.44 4.2748e-07   7.914  -1.06e+05   -7.914   0.151  0.0001    1.0     8.00    1804500  0.950
 101    0.2 3.9e-06   1.000    2129.57 4.269e-07    7.914  -1.06e+05   -7.914   0.156  0.0002    1.0     8.00    1822545  0.950
 102    0.2 3.7e-06   1.000    2128.46 4.2566e-07   7.914  -1.06e+05   -7.914   0.152  0.0002    1.0     8.00    1840590  0.950
 103    0.2 3.5e-06   1.000    2128.00 4.2873e-07   7.914  -1.05e+05   -7.914   0.144  0.0002    1.0     8.00    1858635  0.950
Agent's 2nd state: 
 104    0.2 2.8e-06   0.999    2126.62 4.257e-07    7.914  -1.06e+05   -7.914   0.148  0.0002    1.0     8.00    1876680  0.800
Checkpoint saved: bb_costs=2126.43, TD costs=4.2795e-07, CPD=  7.914 (ns) 
 105    0.2 2.2e-06   1.000    2125.67 4.2788e-07   7.914  -1.06e+05   -7.914   0.102  0.0001    1.0     8.00    1894725  0.800
 106    0.2 1.8e-06   1.000    2125.22 4.2572e-07   7.914  -1.05e+05   -7.914   0.099  0.0001    1.0     8.00    1912770  0.800
 107    0.2 1.4e-06   1.000    2124.66 4.2671e-07   7.914  -1.06e+05   -7.914   0.093  0.0001    1.0     8.00    1930815  0.800
 108    0.2 1.1e-06   1.000    2124.21 4.2766e-07   7.914  -1.06e+05   -7.914   0.095  0.0001    1.0     8.00    1948860  0.800
 109    0.2 9.2e-07   1.000    2123.61 4.2547e-07   7.914  -1.06e+05   -7.914   0.089  0.0001    1.0     8.00    1966905  0.800
 110    0.2 7.3e-07   1.000    2123.24 4.278e-07    7.914  -1.06e+05   -7.914   0.091  0.0001    1.0     8.00    1984950  0.800
 111    0.2 5.9e-07   1.000    2122.99 4.254e-07    7.914  -1.06e+05   -7.914   0.094  0.0001    1.0     8.00    2002995  0.800
 112    0.2 4.7e-07   1.000    2122.83 4.2719e-07   7.914  -1.06e+05   -7.914   0.086  0.0001    1.0     8.00    2021040  0.800
 113    0.2 3.8e-07   1.000    2122.81 4.251e-07    7.914  -1.05e+05   -7.914   0.088  0.0001    1.0     8.00    2039085  0.800
 114    0.2 3.0e-07   1.000    2122.51 4.26e-07     7.914  -1.05e+05   -7.914   0.090  0.0001    1.0     8.00    2057130  0.800
 115    0.2 2.4e-07   1.000    2122.39 4.2481e-07   7.914  -1.05e+05   -7.914   0.087  0.0001    1.0     8.00    2075175  0.800
 116    0.2 0.0e+00   1.000    2122.05 4.2586e-07   7.914  -1.06e+05   -7.914   0.048  0.0000    1.0     8.00    2093220  0.800
### Placement Quench took 0.18 seconds (max_rss 750.9 MiB)
post-quench CPD = 7.91405 (ns) 

Completed placement consistency check successfully.

Swaps called: 2095839

Aborted Move Reasons:
  duplicate block move to location: 14
  macro_from swap to location illegal: 1064

BB estimate of min-dist (placement) wire length: 254429

Placement estimated critical path delay (least slack): 7.91405 ns, Fmax: 126.358 MHz
Placement estimated critical path skew: -0.04243 ns
Placement estimated setup Worst Negative Slack (sWNS): -7.91405 ns
Placement estimated setup Total Negative Slack (sTNS): -105425 ns
Placement estimated setup Worst Skew (sWS): -0.04243 ns

Placement estimated setup slack histogram:
[ -7.9e-09: -7.1e-09)    11 (  0.0%) |
[ -7.1e-09: -6.4e-09)   105 (  0.2%) |
[ -6.4e-09: -5.6e-09)   222 (  0.4%) |
[ -5.6e-09: -4.8e-09)   466 (  0.9%) |*
[ -4.8e-09: -4.1e-09)   551 (  1.0%) |*
[ -4.1e-09: -3.3e-09)  1965 (  3.7%) |****
[ -3.3e-09: -2.5e-09)  7178 ( 13.6%) |****************
[ -2.5e-09: -1.7e-09) 20551 ( 39.0%) |*********************************************
[ -1.7e-09: -9.7e-10) 15824 ( 30.0%) |***********************************
[ -9.7e-10: -1.9e-10)  5889 ( 11.2%) |*************

Placement estimated geomean non-virtual intra-domain period: 7.91405 ns (126.358 MHz)
Placement estimated fanout-weighted geomean non-virtual intra-domain period: 7.91405 ns (126.358 MHz)

Placement cost: 0.999818, bb_cost: 2121.95, td_cost: 4.25621e-07, 

Placement resource usage:
  io      implemented as io     : 1084
  clb     implemented as clb    : 1234
  dsp_top implemented as dsp_top: 107
  memory  implemented as memory : 194

Placement number of temperatures: 116
Placement total # of swap attempts: 2095839
	Swaps accepted:  769258 (36.7 %)
	Swaps rejected: 1314067 (62.7 %)
	Swaps aborted:   12514 ( 0.6 %)


Placement perturbation distribution by block and move type: 
------------------ ----------------- ---------------- ---------------- --------------- ------------ 
    Block Type         Move Type       (%) of Total      Accepted(%)     Rejected(%)    Aborted(%)
------------------ ----------------- ---------------- ---------------- --------------- ------------ 
io                 Uniform                9.90             53.76           46.24          0.00         
                   Median                 9.83             59.95           39.25          0.80         
                   Centroid               9.87             60.36           39.63          0.00         
                   W. Centroid            9.86             60.47           39.53          0.00         
                   W. Median              0.62             25.39           73.75          0.86         

clb                Uniform                11.21            6.97            92.92          0.11         
                   Median                 11.31            35.52           63.72          0.76         
                   Centroid               11.26            33.53           66.37          0.09         
                   W. Centroid            11.32            33.92           65.97          0.11         
                   W. Median              0.69             2.69            96.34          0.97         
                   Crit. Uniform          1.48             0.37            99.63          0.00         
                   Feasible Region        1.48             0.24            99.76          0.00         

dsp_top            Uniform                0.98             1.75            98.25          0.00         
                   Median                 0.97             4.28            88.87          6.85         
                   Centroid               0.98             3.97            89.51          6.52         
                   W. Centroid            0.96             3.90            89.52          6.58         
                   W. Median              0.06             0.00            84.14          15.86        

memory             Uniform                1.78             7.47            92.53          0.00         
                   Median                 1.77             15.05           78.72          6.23         
                   Centroid               1.77             12.12           84.78          3.09         
                   W. Centroid            1.77             12.01           87.86          0.13         
                   W. Median              0.11             2.08            84.24          13.68        


Placement Quench timing analysis took 0.0463531 seconds (0.0398201 STA, 0.00653303 slack) (1 full updates: 1 setup, 0 hold, 0 combined).
Placement Total  timing analysis took 5.9712 seconds (4.97319 STA, 0.998015 slack) (118 full updates: 118 setup, 0 hold, 0 combined).
update_td_costs: connections 0.0421186 nets 0 sum_nets 0.0214607 total 0.0638404
## AP Detailed Placer took 20.16 seconds (max_rss 759.6 MiB, delta_rss +8.8 MiB)
Incr Slack updates 118 in 0.199856 sec
Full Max Req/Worst Slack updates 40 in 0.0452762 sec
Incr Max Req/Worst Slack updates 78 in 0.115555 sec
Incr Criticality updates 52 in 0.165 sec
Full Criticality updates 66 in 0.354706 sec
Incr Slack updates 1 in 0.00172751 sec
Full Max Req/Worst Slack updates 1 in 0.00120178 sec
Incr Max Req/Worst Slack updates 0 in 0 sec
Incr Criticality updates 0 in 0 sec
Full Criticality updates 1 in 0.00623954 sec
# Analytical Placement took 93.18 seconds (max_rss 759.6 MiB, delta_rss +558.3 MiB)


# Routing
RR graph channel widths unchanged, skipping RR graph rebuild
## Initializing router criticalities
Initial Net Connection Criticality Histogram:
[        0:      0.1) 7099 ( 14.6%) |****************************************
[      0.1:      0.2) 8109 ( 16.7%) |**********************************************
[      0.2:      0.3) 7167 ( 14.8%) |*****************************************
[      0.3:      0.4) 3423 (  7.0%) |*******************
[      0.4:      0.5) 6042 ( 12.4%) |**********************************
[      0.5:      0.6) 7714 ( 15.9%) |********************************************
[      0.6:      0.7) 5672 ( 11.7%) |********************************
[      0.7:      0.8) 2474 (  5.1%) |**************
[      0.8:      0.9)  620 (  1.3%) |****
[      0.9:        1)  245 (  0.5%) |*
## Initializing router criticalities took 0.64 seconds (max_rss 759.6 MiB, delta_rss +0.0 MiB)
---- ------ ------- ---- ------- ------- ------- ----------------- --------------- -------- ---------- ---------- ---------- ---------- --------
Iter   Time    pres  BBs    Heap  Re-Rtd  Re-Rtd Overused RR Nodes      Wirelength      CPD       sTNS       sWNS       hTNS       hWNS Est Succ
      (sec)     fac Updt    push    Nets   Conns                                       (ns)       (ns)       (ns)       (ns)       (ns)     Iter
---- ------ ------- ---- ------- ------- ------- ----------------- --------------- -------- ---------- ---------- ---------- ---------- --------
   1    1.0     0.0    0 5778166   25862   41715   23159 ( 1.499%)  405147 (22.6%)    9.860 -1.782e+05     -9.860      0.000      0.000      N/A
   2    1.0     0.5    0 5588402   19423   34071   12876 ( 0.834%)  403899 (22.5%)    8.013 -1.477e+05     -8.013      0.000      0.000      N/A
   3    0.8     0.6    0 4638900   14463   26425   10922 ( 0.707%)  410885 (22.9%)    8.013 -1.483e+05     -8.013      0.000      0.000      N/A
   4    0.8     0.8    0 4123254   12332   23026    8598 ( 0.557%)  416645 (23.2%)    8.013 -1.456e+05     -8.013      0.000      0.000      N/A
   5    0.7     1.1    0 3307850   10201   19560    6440 ( 0.417%)  421727 (23.5%)    8.013 -1.457e+05     -8.013      0.000      0.000      N/A
   6    0.6     1.4    0 2521287    8079   16103    4749 ( 0.307%)  425962 (23.7%)    8.013 -1.461e+05     -8.013      0.000      0.000      N/A
   7    0.4     1.9    0 1720777    6149   12766    3360 ( 0.218%)  430341 (24.0%)    7.910 -1.463e+05     -7.910      0.000      0.000      N/A
   8    0.3     2.4    0 1142995    4515    9686    2360 ( 0.153%)  433903 (24.2%)    7.910 -1.460e+05     -7.910      0.000      0.000      N/A
   9    0.3     3.1    0  759367    3285    7337    1572 ( 0.102%)  437523 (24.4%)    7.910 -1.462e+05     -7.910      0.000      0.000       30
  10    0.2     4.1    0  534263    2224    5140     996 ( 0.064%)  440530 (24.5%)    7.910 -1.463e+05     -7.910      0.000      0.000       28
  11    0.2     5.3    0  389010    1455    3380     604 ( 0.039%)  442867 (24.7%)    7.910 -1.466e+05     -7.910      0.000      0.000       27
  12    0.2     6.9    0  242345     870    2048     318 ( 0.021%)  444755 (24.8%)    7.910 -1.467e+05     -7.910      0.000      0.000       25
  13    0.2     9.0    0  167490     470    1110     169 ( 0.011%)  445881 (24.8%)    7.914 -1.467e+05     -7.914      0.000      0.000       24
  14    0.1    11.6    0  115366     265     660      87 ( 0.006%)  446587 (24.9%)    7.914 -1.467e+05     -7.914      0.000      0.000       22
  15    0.1    15.1    0   82061     136     304      46 ( 0.003%)  447085 (24.9%)    7.914 -1.468e+05     -7.914      0.000      0.000       22
  16    0.1    19.7    0   41341      69     173      19 ( 0.001%)  447274 (24.9%)    7.914 -1.468e+05     -7.914      0.000      0.000       21
  17    0.1    25.6    0   15309      27      70       3 ( 0.000%)  447382 (24.9%)    8.118 -1.468e+05     -8.118      0.000      0.000       20
  18    0.1    33.3    0    2665      10      18       2 ( 0.000%)  447394 (24.9%)    8.118 -1.468e+05     -8.118      0.000      0.000       19
  19    0.1    43.3    0    2226      11      19       1 ( 0.000%)  447418 (24.9%)    8.118 -1.468e+05     -8.118      0.000      0.000       19
  20    0.1    56.2    0    3879      10      21       1 ( 0.000%)  447462 (24.9%)    8.118 -1.468e+05     -8.118      0.000      0.000       19
  21    0.1    73.1    0    1084       8      15       1 ( 0.000%)  447462 (24.9%)    8.118 -1.468e+05     -8.118      0.000      0.000       20
  22    0.1    95.0    0    1243       7      14       0 ( 0.000%)  447474 (24.9%)    8.118 -1.468e+05     -8.118      0.000      0.000      N/A
Restoring best routing
Critical path: 8.11822 ns
Successfully routed after 22 routing iterations.
Final Net Connection Criticality Histogram:
[        0:      0.1) 7399 ( 15.2%) |***********************************
[      0.1:      0.2) 5423 ( 11.2%) |**************************
[      0.2:      0.3) 7635 ( 15.7%) |************************************
[      0.3:      0.4) 4563 (  9.4%) |*********************
[      0.4:      0.5) 4809 (  9.9%) |***********************
[      0.5:      0.6) 9769 ( 20.1%) |**********************************************
[      0.6:      0.7) 5806 ( 12.0%) |***************************
[      0.7:      0.8) 2161 (  4.4%) |**********
[      0.8:      0.9)  781 (  1.6%) |****
[      0.9:        1)  219 (  0.5%) |*
Router Stats: total_nets_routed: 109871 total_connections_routed: 203661 total_heap_pushes: 31179280 total_heap_pops: 8758477 
Serial Connection Router is being destroyed. Time spent on path search: 4.121 seconds.
# Routing took 8.70 seconds (max_rss 787.9 MiB, delta_rss +28.3 MiB)

Checking to ensure routing is legal...
# Checking to ensure non-configurable edges are legal
# Checking to ensure non-configurable edges are legal took 0.07 seconds (max_rss 787.9 MiB, delta_rss +0.0 MiB)
Completed routing consistency check successfully.

Serial number (magic cookie) for the routing is: 729803730
Circuit successfully routed with a channel width factor of 120.
Incr Slack updates 23 in 0.0381232 sec
Full Max Req/Worst Slack updates 3 in 0.00351957 sec
Incr Max Req/Worst Slack updates 20 in 0.0302403 sec
Incr Criticality updates 17 in 0.0513378 sec
Full Criticality updates 6 in 0.038694 sec
# Synchronize the packed netlist to routing optimization
## Annotating rr_node with routed nets
## Annotating rr_node with routed nets took 0.01 seconds (max_rss 787.9 MiB, delta_rss +0.0 MiB)
Found 43984 mismatches between routing and packing results.
Fixed 30800 routing traces due to mismatch between routing and packing results.
# Synchronize the packed netlist to routing optimization took 0.29 seconds (max_rss 787.9 MiB, delta_rss +0.0 MiB)
Final Clustering Statistics: 
----------   --------   ------------------------------------   --------------------------
Block Type   # Blocks   Avg. # of input clocks and pins used   Avg. # of output pins used
----------   --------   ------------------------------------   --------------------------
     EMPTY          0                                      0                            0   
        io       1084                              0.0295203                      0.97048   
       clb       1234                                27.9692                      15.3752   
   dsp_top        107                                40.9813                      20.1869   
    memory        194                                49.6598                      18.9691   
Absorbed logical nets 24200 out of 50065 nets, 25865 nets not absorbed.


Average number of bends per net: 1.81258  Maximum # of bends: 265

Number of global nets: 3
Number of routed nets (nonglobal): 25862
Wire length results (in units of 1 clb segments)...
	Total wirelength: 447474, average net length: 17.3024
	Maximum net length: 2443

Wire length results in terms of physical segments...
	Total wiring segments used: 101583, average wire segments per net: 3.92789
	Maximum segments used by a net: 542
	Total local nets with reserved CLB opins: 0
Total number of nets absorbed: 8

Routing channel utilization histogram:
[        1:      inf)    0 (  0.0%) |
[      0.9:        1)    0 (  0.0%) |
[      0.8:      0.9)   13 (  0.1%) |
[      0.7:      0.8)  761 (  5.0%) |********
[      0.5:      0.6) 1062 (  7.0%) |***********
[      0.4:      0.5) 1459 (  9.6%) |***************
[      0.3:      0.4) 1982 ( 13.1%) |*********************
[      0.2:      0.3) 2321 ( 15.3%) |************************
[      0.1:      0.2) 3153 ( 20.8%) |*********************************
[        0:      0.1) 4387 ( 29.0%) |**********************************************
Maximum routing channel utilization:      0.88 at (22,48)

X - Directed channels: layer   y   max occ   ave occ   ave cap
                        ----- ---- -------- -------- --------
                            0    0       55   25.826      120
                            0    1        9    1.442      120
                            0    2       10    1.419      120
                            0    3       18    4.384      120
                            0    4       31    5.721      120
                            0    5       53    8.186      120
                            0    6       42   15.349      120
                            0    7       55   16.930      120
                            0    8       54   16.186      120
                            0    9       51   14.581      120
                            0   10       63   14.093      120
                            0   11       55   12.628      120
                            0   12       55   12.895      120
                            0   13       62   12.884      120
                            0   14       65   13.721      120
                            0   15       62   19.767      120
                            0   16       51   19.302      120
                            0   17       49   21.977      120
                            0   18       51   23.953      120
                            0   19       51   25.651      120
                            0   20       60   29.791      120
                            0   21       73   31.023      120
                            0   22       67   30.721      120
                            0   23       67   30.267      120
                            0   24       73   33.151      120
                            0   25       76   31.128      120
                            0   26       63   29.849      120
                            0   27       61   29.628      120
                            0   28       57   29.407      120
                            0   29       54   27.512      120
                            0   30       73   37.105      120
                            0   31       74   38.267      120
                            0   32       77   35.674      120
                            0   33       73   34.256      120
                            0   34       88   41.012      120
                            0   35       82   44.419      120
                            0   36       66   31.709      120
                            0   37       71   37.093      120
                            0   38       84   40.791      120
                            0   39       76   34.837      120
                            0   40       78   38.186      120
                            0   41       74   37.942      120
                            0   42       64   30.674      120
                            0   43       55   30.767      120
                            0   44       72   28.442      120
                            0   45       89   33.105      120
                            0   46       80   33.791      120
                            0   47       78   31.663      120
                            0   48       86   35.395      120
                            0   49       88   39.047      120
                            0   50       86   42.558      120
                            0   51       79   40.628      120
                            0   52       90   43.651      120
                            0   53      103   48.826      120
                            0   54       90   44.767      120
                            0   55       91   42.814      120
                            0   56       95   43.965      120
                            0   57       88   42.884      120
                            0   58       85   45.616      120
                            0   59       84   41.000      120
                            0   60       88   43.000      120
                            0   61       90   43.488      120
                            0   62       88   45.570      120
                            0   63       88   42.523      120
                            0   64       93   42.907      120
                            0   65       95   41.605      120
                            0   66       92   43.337      120
                            0   67       85   42.430      120
                            0   68       80   40.174      120
                            0   69       91   35.884      120
                            0   70       75   37.360      120
                            0   71       70   32.384      120
                            0   72       72   25.047      120
                            0   73       63   24.023      120
                            0   74       67   25.395      120
                            0   75       67   25.988      120
                            0   76       86   26.802      120
                            0   77       78   25.012      120
                            0   78       66   20.349      120
                            0   79       60   19.337      120
                            0   80       62   14.593      120
                            0   81       46   11.442      120
                            0   82       42    9.256      120
                            0   83       34    5.814      120
                            0   84       22    3.163      120
                            0   85       12    2.907      120
                            0   86       60   28.907      120
Y - Directed channels: layer   x   max occ   ave occ   ave cap
                        ----- ---- -------- -------- --------
                            0    0       70   28.744      120
                            0    1       49   27.756      120
                            0    2       65   37.163      120
                            0    3       50   21.965      120
                            0    4       70   28.651      120
                            0    5       76   40.837      120
                            0    6       71   38.093      120
                            0    7       69   23.547      120
                            0    8       46   18.605      120
                            0    9       56   13.442      120
                            0   10       36    8.279      120
                            0   11       31    7.174      120
                            0   12       29    4.070      120
                            0   13       34    7.977      120
                            0   14       51   11.628      120
                            0   15       55   12.233      120
                            0   16       50   15.814      120
                            0   17       74   37.477      120
                            0   18       66   42.291      120
                            0   19       52   25.035      120
                            0   20       86   31.035      120
                            0   21      101   51.453      120
                            0   22      105   46.826      120
                            0   23       76   27.802      120
                            0   24       73   24.965      120
                            0   25       82   25.988      120
                            0   26       85   23.733      120
                            0   27       80   20.733      120
                            0   28       82   21.953      120
                            0   29       84   27.709      120
                            0   30       76   36.151      120
                            0   31       72   35.081      120
                            0   32       92   39.895      120
                            0   33       95   55.965      120
                            0   34       89   60.605      120
                            0   35       92   45.488      120
                            0   36       91   50.628      120
                            0   37      101   62.000      120
                            0   38       89   57.605      120
                            0   39       90   49.977      120
                            0   40       89   39.616      120
                            0   41       77   29.802      120
                            0   42       89   38.942      120
                            0   43       78   38.779      120
                            0   44       74   30.023      120
                            0   45       79   31.384      120
                            0   46       83   36.081      120
                            0   47       81   36.721      120
                            0   48       90   39.977      120
                            0   49       92   56.360      120
                            0   50       84   59.151      120
                            0   51       76   42.140      120
                            0   52       94   45.744      120
                            0   53       92   54.360      120
                            0   54       85   50.523      120
                            0   55       74   32.163      120
                            0   56       71   22.523      120
                            0   57       73   22.128      120
                            0   58       75   22.709      120
                            0   59       85   19.314      120
                            0   60       58   12.163      120
                            0   61       56   16.512      120
                            0   62       65   23.581      120
                            0   63       58   22.767      120
                            0   64       71   26.744      120
                            0   65       73   44.884      120
                            0   66       84   56.140      120
                            0   67       73   39.233      120
                            0   68       89   41.547      120
                            0   69       98   48.767      120
                            0   70       69   35.674      120
                            0   71       39   16.349      120
                            0   72       48   12.570      120
                            0   73       46    9.233      120
                            0   74       24    8.419      120
                            0   75       31   11.349      120
                            0   76       33   10.756      120
                            0   77       28   11.907      120
                            0   78       36   15.058      120
                            0   79       39   17.349      120
                            0   80       59   19.616      120
                            0   81       62   37.244      120
                            0   82       67   40.756      120
                            0   83       56   28.372      120
                            0   84       73   32.128      120
                            0   85       79   37.965      120
                            0   86       71   32.337      120

Total existing wires segments: CHANX    897840, CHANY    897840, CHANZ         0, ALL   1795680
Total used wires segments:     CHANX    214910, CHANY    232564, CHANZ         0, ALL    447474
Usage percentage:              CHANX     23.9%, CHANY     25.9%, CHANZ      0.0%, ALL     24.9%

Logic area (in minimum width transistor areas, excludes I/Os and empty grid tiles)...
	Total logic block area (Warning, need to add pitch of routing to blocks with height > 3): 2.4541e+08
	Total used logic block area: 8.82956e+07

Routing area (in minimum width transistor areas)...
	Total routing area: 7.57549e+07, per logic tile: 9782.39

Total Number of Wiring Segments by Direction: direction length number
                                              --------- ------ -------
                                                      X      4 201318
                                                      Y      4 201318
                                                      X     16   8810
                                                      Y     16   8810

X - Directed Wiring Segment usage by length: length utilization
                                             ------ -----------
                                             4        0.24
                                            16       0.174

Y - Directed Wiring Segment usage by length: length utilization
                                             ------ -----------
                                             4       0.246
                                            16       0.259

Segment occupancy by length: Length Occupancy Capacity Utilization
                             ------ --------- -------- -----------
                             L4         97761   402636       0.243
                             L16         3822    17620       0.217

Segment occupancy by type: name type utilization
                           ---- ---- -----------
                             L4    0       0.243
                            L16    1       0.217

Final hold Worst Negative Slack (hWNS): 0 ns
Final hold Total Negative Slack (hTNS): 0 ns
Final hold Worst Skew (hWS): 0 ns

Final hold slack histogram:
[  4.1e-11:  6.9e-10)  3565 (  6.8%) |***************
[  6.9e-10:  1.3e-09)  9261 ( 17.6%) |**************************************
[  1.3e-09:    2e-09)  7748 ( 14.7%) |********************************
[    2e-09:  2.6e-09)  9282 ( 17.6%) |**************************************
[  2.6e-09:  3.3e-09) 10968 ( 20.8%) |*********************************************
[  3.3e-09:  3.9e-09)  7637 ( 14.5%) |*******************************
[  3.9e-09:  4.6e-09)  2081 (  3.9%) |*********
[  4.6e-09:  5.2e-09)  1216 (  2.3%) |*****
[  5.2e-09:  5.9e-09)   604 (  1.1%) |**
[  5.9e-09:  6.5e-09)   400 (  0.8%) |**

Final critical path delay (least slack): 8.11822 ns, Fmax: 123.18 MHz
Final critical path skew: -0.04243 ns
Final setup Worst Negative Slack (sWNS): -8.11822 ns
Final setup Total Negative Slack (sTNS): -146806 ns
Final setup Worst Skew (sWS): -0.04243 ns

Final setup slack histogram:
[ -8.1e-09: -7.3e-09)    39 (  0.1%) |
[ -7.3e-09: -6.5e-09)   179 (  0.3%) |*
[ -6.5e-09: -5.7e-09)   834 (  1.6%) |***
[ -5.7e-09: -4.9e-09)  1626 (  3.1%) |******
[ -4.9e-09: -4.2e-09)  3519 (  6.7%) |************
[ -4.2e-09: -3.4e-09)  9609 ( 18.2%) |*********************************
[ -3.4e-09: -2.6e-09) 13172 ( 25.0%) |*********************************************
[ -2.6e-09: -1.8e-09) 12655 ( 24.0%) |*******************************************
[ -1.8e-09: -9.9e-10)  6410 ( 12.1%) |**********************
[ -9.9e-10: -1.9e-10)  4719 (  8.9%) |****************

Final geomean non-virtual intra-domain period: 8.11822 ns (123.18 MHz)
Final fanout-weighted geomean non-virtual intra-domain period: 8.11822 ns (123.18 MHz)

Incr Slack updates 1 in 0.00169031 sec
Full Max Req/Worst Slack updates 1 in 0.00119114 sec
Incr Max Req/Worst Slack updates 0 in 0 sec
Incr Criticality updates 0 in 0 sec
Full Criticality updates 1 in 0.00662427 sec
Flow timing analysis took 9.65443 seconds (8.30802 STA, 1.34641 slack) (143 full updates: 119 setup, 0 hold, 24 combined).
VPR succeeded
The entire flow of VPR took 106.34 seconds (max_rss 787.9 MiB)

