VPR FPGA Placement and Routing.
Version: 9.0.0-dev+v8.0.0-18248-g40f8d19708
Revision: v8.0.0-18248-g40f8d19708
Compiled: 2026-09-22T03:43:48
Compiler: GNU 13.3.0 on Linux-5.15.0-119-generic x86_64
Build Info: release IPO VTR_ASSERT_LEVEL=2

University of Toronto
verilogtorouting.org
vtr-users@googlegroups.com
This is free open source code under MIT license.

VPR was run with the following command-line:
/inspire/hdd/project/project-public/changshunjie-253114010247/changshunjie-253114010247/workspace/DAC2027/vtr/vtr-verilog-to-routing/vpr/vpr /inspire/hdd/project/project-public/changshunjie-253114010247/changshunjie-253114010247/workspace/DAC2027/vtr/vtr-verilog-to-routing/vtr_flow/arch/COFFE_22nm/k6FracN10LB_mem20K_complexDSP_customSB_22nm.xml /inspire/hdd/project/project-public/changshunjie-253114010247/changshunjie-253114010247/workspace/DAC2027/TailCompile/experiments/vtr/runs/pilot_v1/sha/full-seed1-w300/sha.pre-vpr.blif --analytical_place --route --analysis --ap_full_legalizer flat-recon --ap_detailed_placer annealer --seed 12 --route_chan_width 100 --write_flat_place /inspire/hdd/project/project-public/changshunjie-253114010247/changshunjie-253114010247/workspace/DAC2027/TailCompile/vtr_work/tailcompile_v3/sha/4x4/gnn_candidate-fp3fb64e57-flat-recon-annealer-seed12-w100-devw14/post_route.fplace --write_legalized_flat_place /inspire/hdd/project/project-public/changshunjie-253114010247/changshunjie-253114010247/workspace/DAC2027/TailCompile/vtr_work/tailcompile_v3/sha/4x4/gnn_candidate-fp3fb64e57-flat-recon-annealer-seed12-w100-devw14/post_legalizer.fplace --flat_place_verbosity 1 --device_width 14 --net_file /inspire/hdd/project/project-public/changshunjie-253114010247/changshunjie-253114010247/workspace/DAC2027/TailCompile/vtr_work/tailcompile_v3/sha/4x4/gnn_candidate-fp3fb64e57-flat-recon-annealer-seed12-w100-devw14/sha.locked-input.net --read_flat_place /inspire/hdd/global_user/changshunjie-253114010247/workspace/DAC2027/TailCompile/experiments/vtr/tailcompile_v3/sha/4x4/pools/bootstrap_24/candidate_01_seed12028.fplace

Using up to 1 parallel worker(s)

Architecture file: /inspire/hdd/project/project-public/changshunjie-253114010247/changshunjie-253114010247/workspace/DAC2027/vtr/vtr-verilog-to-routing/vtr_flow/arch/COFFE_22nm/k6FracN10LB_mem20K_complexDSP_customSB_22nm.xml
Circuit name: sha.pre-vpr

# Loading Architecture Description
# Loading Architecture Description took 0.04 seconds (max_rss 18.9 MiB, delta_rss +0.0 MiB)

Timing analysis: ON
Circuit netlist file: /inspire/hdd/project/project-public/changshunjie-253114010247/changshunjie-253114010247/workspace/DAC2027/TailCompile/vtr_work/tailcompile_v3/sha/4x4/gnn_candidate-fp3fb64e57-flat-recon-annealer-seed12-w100-devw14/sha.locked-input.net
Circuit placement file: sha.pre-vpr.place
Circuit routing file: sha.pre-vpr.route
Circuit SDC file: sha.pre-vpr.sdc
Vpr floorplanning constraints file: not specified

Packer: DISABLED
Placer: DISABLED
Analytical Placer: ENABLED
Router: ENABLED
Analysis: ENABLED

VPR was run with the following options:

netlist_opts.absorb_buffer_luts            : true
netlist_opts.sweep_dangling_primary_ios    : true
netlist_opts.sweep_dangling_nets           : true
netlist_opts.sweep_dangling_blocks         : true
netlist_opts.sweep_constant_primary_outputs: false
netlist_opts.netlist_verbosity             : 1
netlist_opts.const_gen_inference           : COMB_SEQ

AnalyticalPlacerOpts.analytical_solver_type: lp-b2b
AnalyticalPlacerOpts.partial_legalizer_type: bipartitioning
AnalyticalPlacerOpts.full_legalizer_type: flat-recon
AnalyticalPlacerOpts.detailed_placer_type: annealer
AnalyticalPlacerOpts.ap_timing_tradeoff: 0.500000
AnalyticalPlacerOpts.ap_high_fanout_threshold: 256
AnalyticalPlacerOpts.log_verbosity: 1
router_opts.route_type: DETAILED
router_opts.flat_routing: false
router_opts.choke_points: on
router_opts.router_algorithm: TIMING_DRIVEN
router_opts.base_cost_type: DELAY_NORMALIZED_LENGTH
router_opts.fixed_channel_width: 100
router_opts.check_route: FULL
router_opts.acc_fac: 1.000000
router_opts.bb_factor: 3
router_opts.bend_cost: 0.000000
router_opts.first_iter_pres_fac: 0.000000
router_opts.initial_pres_fac: 0.500000
router_opts.pres_fac_mult: 1.300000
router_opts.max_pres_fac: 1000.000000
router_opts.max_router_iterations: 50
router_opts.min_incremental_reroute_fanout: 16
router_opts.initial_acc_cost_chan_congestion_threshold: 0.500000
router_opts.initial_acc_cost_chan_congestion_weight: 0.500000
router_opts.do_check_rr_graph: true
router_opts.verify_binary_search: false
router_opts.min_channel_width_hint: 0
router_opts.read_rr_edge_metadata: false
router_opts.exit_after_first_routing_iteration: false
router_opts.astar_fac: 1.200000
router_opts.astar_offset: 0.000000
router_opts.router_profiler_astar_fac: 1.200000
router_opts.enable_parallel_connection_router: false
router_opts.post_target_prune_fac: 1.200000
router_opts.post_target_prune_offset: 0
router_opts.multi_queue_num_threads: 1
router_opts.multi_queue_num_queues: 2
router_opts.multi_queue_direct_draining: false
router_opts.criticality_exp: 1.000000
router_opts.max_criticality: 0.990000
router_opts.init_wirelength_abort_threshold: 0.850000
router_opts.incr_reroute_delay_ripup: AUTO
router_opts.save_routing_per_iteration: false
router_opts.congested_routing_iteration_threshold_frac: 1.000000
router_opts.high_fanout_threshold: 64
router_opts.router_debug_net: -2
router_opts.router_debug_sink_rr: -2
router_opts.router_debug_iteration: -2
router_opts.max_convergence_count: 1
router_opts.reconvergence_cpd_threshold: 0.990000
router_opts.update_lower_bound_delays: true
router_opts.first_iteration_timing_report_file: 
router_opts.route_bb_update: DYNAMIC
router_opts.lookahead_type: MAP
router_opts.initial_timing: LOOKAHEAD
router_opts.router_heap: FOUR_ARY_HEAP
router_opts.routing_failure_predictor = SAFE
router_opts.routing_predictor_min_history: 8
router_opts.routing_budgets_algorithm = DISABLE

analysis_opts.gen_post_synthesis_netlist: false
analysis_opts.gen_post_implementation_merged_netlist: false
analysis_opts.gen_post_implementation_sdc: false
analysis_opts.timing_report_npaths: 100
analysis_opts.timing_report_skew: false
analysis_opts.echo_dot_timing_graph_node: -1
analysis_opts.timing_report_detail: NETLIST
analysis_opts.post_synth_netlist_unconn_input_handling: UNCONNECTED
analysis_opts.post_synth_netlist_unconn_output_handling: UNCONNECTED
analysis_opts.post_synth_netlist_module_parameters: on

# Building complex block graph
# Building complex block graph took 0.11 seconds (max_rss 24.5 MiB, delta_rss +5.6 MiB)
Circuit file: /inspire/hdd/project/project-public/changshunjie-253114010247/changshunjie-253114010247/workspace/DAC2027/TailCompile/experiments/vtr/runs/pilot_v1/sha/full-seed1-w300/sha.pre-vpr.blif
# Load circuit
Found 3 constant generator(s) in the netlist (2 constant-zero, 1 constant-one) (run with --netlist_verbosity 2 to list names)
# Load circuit took 0.02 seconds (max_rss 28.2 MiB, delta_rss +3.7 MiB)
# Clean circuit
Absorbed 0 LUT buffers
Found 22 primitive output pin(s) driven only by constants; marked them as constants
Swept input(s)      : 0
Swept output(s)     : 0 (0 dangling, 0 constant)
Swept net(s)        : 22
Swept block(s)      : 0
Constant Pins Marked: 22
# Clean circuit took 0.00 seconds (max_rss 28.2 MiB, delta_rss +0.0 MiB)
# Compress circuit
# Compress circuit took 0.00 seconds (max_rss 28.2 MiB, delta_rss +0.0 MiB)
# Verify circuit
# Verify circuit took 0.00 seconds (max_rss 28.2 MiB, delta_rss +0.0 MiB)
Circuit Statistics:
  Blocks: 2491
    .input :      38
    .latch :     893
    .names :    1215
        0-LUT:       2
        1-LUT:       1
        2-LUT:      63
        3-LUT:     106
        4-LUT:      88
        5-LUT:     314
        6-LUT:     641
    .output:      36
    adder  :     309
  Nets  : 2742
    Avg Fanout:     3.3
    Max Fanout:   893.0
    Min Fanout:     1.0
  Netlist Clocks: 1
# Build Timing Graph
  Timing Graph Nodes: 11695
  Timing Graph Edges: 18725
  Timing Graph Levels: 84
# Build Timing Graph took 0.01 seconds (max_rss 31.5 MiB, delta_rss +3.1 MiB)
Netlist contains 1 clocks
  Netlist Clock 'clk_i' Fanout: 893 pins (7.6%), 893 blocks (35.8%)
# Load Timing Constraints

SDC file 'sha.pre-vpr.sdc' not found
Setting default timing constraints:
   * constrain all primary inputs and primary outputs on netlist clock 'clk_i'
   * optimize netlist clock to run as fast as possible
Timing constraints created 1 clocks
  Constrained Clock 'clk_i' Source: 'clk_i.inpad[0]'

# Load Timing Constraints took 0.00 seconds (max_rss 31.5 MiB, delta_rss +0.0 MiB)
# Analytical Placement
## Prepacker

There is one chain in this architecture called "chain" with the following starting points:
	clb[0]/lab[0]/fle[0]/ble5[0]/arithmetic[0]/adder[0].cin[0]

## Prepacker took 0.00 seconds (max_rss 31.9 MiB, delta_rss +0.3 MiB)
## Initializing Pre-Cluster Timing
Using inter-cluster delay: 2.1832e-09
## Initializing Pre-Cluster Timing took 0.20 seconds (max_rss 32.5 MiB, delta_rss +0.6 MiB)
## Estimate Device Size
Device layout 'auto' with fixed width 14.
FPGA sized to 14 x 14: 196 grid tiles (auto)
## Estimate Device Size took 0.00 seconds (max_rss 32.5 MiB, delta_rss +0.0 MiB)
## Ram Mapper
Flat Placement is provided, skipping the RAM mapping.
## Ram Mapper took 0.00 seconds (max_rss 32.5 MiB, delta_rss +0.0 MiB)
## Read Atom Netlist to AP Netlist
## Read Atom Netlist to AP Netlist took 0.02 seconds (max_rss 36.3 MiB, delta_rss +3.8 MiB)
Analytical Placement Netlist Statistics:
	AP Blocks: 1315
		Moveable AP Blocks: 1315
		Fixed AP Blocks: 0
	AP Nets: 1563
		Average Fanout: 4.51
		Highest Fanout: 194
	AP Pins: 11695

## Computing placement delta delay look-up
### Build routing resource graph
### Build routing resource graph took 0.10 seconds (max_rss 45.8 MiB, delta_rss +9.5 MiB)
  RR Graph Nodes: 32900
  RR Graph Edges: 234890
### Computing router lookahead map
#### Computing wire lookahead
#### Computing wire lookahead took 0.04 seconds (max_rss 46.1 MiB, delta_rss +0.0 MiB)
#### Computing src/opin lookahead
Warning 1: Found no more sample locations for SOURCE in io
Warning 2: Found no more sample locations for OPIN in io
Warning 3: Found no more sample locations for SOURCE in clb
Warning 4: Found no more sample locations for OPIN in clb
Warning 5: Found no more sample locations for SOURCE in dsp_top
Warning 6: Found no more sample locations for OPIN in dsp_top
Warning 7: Found no more sample locations for SOURCE in memory
Warning 8: Found no more sample locations for OPIN in memory
#### Computing src/opin lookahead took 0.00 seconds (max_rss 46.1 MiB, delta_rss +0.0 MiB)
### Computing router lookahead map took 0.04 seconds (max_rss 46.1 MiB, delta_rss +0.0 MiB)
Serial Connection Router is being destroyed. Time spent on path search: 0.000 seconds.
## Computing placement delta delay look-up took 0.15 seconds (max_rss 46.1 MiB, delta_rss +9.8 MiB)
Flat Placement is provided in the AP flow, skipping the Global Placement.
0 of 1315 molecules placed at device center (no atoms of these molecules found in flat placement).
## AP Full Legalizer
### Creating Clusters
Device (width, height): (14,14)
#### Sorting and Grouping Blocks by Tile
#### Sorting and Grouping Blocks by Tile took 0.00 seconds (max_rss 46.3 MiB, delta_rss +0.0 MiB)
#### Reconstruction Pass Clustering
#### Reconstruction Pass Clustering took 2.11 seconds (max_rss 50.2 MiB, delta_rss +3.9 MiB)
#### Orphan Window Clustering with search radius 8
#### Orphan Window Clustering with search radius 8 took 0.01 seconds (max_rss 50.2 MiB, delta_rss +0.0 MiB)
FPGA sized to 14 x 14: 196 grid tiles (auto)
Device Utilization: 0.62 (target 1.00)
	Block Utilization: 0.19 Type: io
	Block Utilization: 0.93 Type: clb

----------------------------------------------------------------
                       Clustering Summary                       
----------------------------------------------------------------
Clusters created (Self Clustering)                       : 185
    clb        : 111
    io         : 74
Clusters created (Orphan Window Clustering)              : 1
    clb        : 1
Total clusters                                           : 186
Percent of clusters created in Orphan Window Clustering  : 0.54%
Molecules clustered in each stage breakdown  : (Total of 1315)
	Self Clustering          (0.996958)  : 1311
 	Neighbor Clustering      (0.000000)  : 0
	Orphan Window Clustering (0.003042)  : 4
----------------------------------------------------------------

Final Clustering Statistics: 
----------   --------   ------------------------------------   --------------------------
Block Type   # Blocks   Avg. # of input clocks and pins used   Avg. # of output pins used
----------   --------   ------------------------------------   --------------------------
     EMPTY          0                                      0                            0   
        io         74                               0.486486                     0.513514   
       clb        112                                25.4196                      8.98214   
   dsp_top          0                                      0                            0   
    memory          0                                      0                            0   
Absorbed logical nets 1698 out of 2742 nets, 1044 nets not absorbed.
#### Load packing
##### Loading packed FPGA netlist file.
Netlist generated from file '/inspire/hdd/project/project-public/changshunjie-253114010247/changshunjie-253114010247/workspace/DAC2027/TailCompile/vtr_work/tailcompile_v3/sha/4x4/gnn_candidate-fp3fb64e57-flat-recon-annealer-seed12-w100-devw14/sha.locked-input.net'.
Detected 2 constant generators (to see names run with higher pack verbosity)
##### Loading packed FPGA netlist file. took 0.18 seconds (max_rss 61.7 MiB, delta_rss +5.5 MiB)
Warning 9: Treated 2 constant nets as global which will not be routed (to see net names increase packer verbosity).
Netlist contains 33 global net to non-global architecture pin connections
Completed clustering consistency check successfully.
Cluster level netlist and block usage statistics
Netlist num_nets: 1044
Netlist num_blocks: 186
Netlist EMPTY blocks: 0.
Netlist io blocks: 74.
Netlist clb blocks: 112.
Netlist dsp_top blocks: 0.
Netlist memory blocks: 0.
Netlist inputs pins: 38
Netlist output pins: 36

Pb types usage...
  io               : 74
   inpad           : 38
   outpad          : 36
  clb              : 112
   lab             : 112
    fle            : 1086
     ble5          : 882
      flut5        : 573
       lut5        : 573
        lut        : 573
       ff          : 353
      arithmetic   : 309
       adder       : 309
     ble6          : 642
      lut6         : 642
       lut         : 642
      ff           : 540

#### Load packing took 0.25 seconds (max_rss 96.5 MiB, delta_rss +40.2 MiB)
Netlist contains 33 global net to non-global architecture pin connections
Cluster level netlist and block usage statistics
Netlist num_nets: 1044
Netlist num_blocks: 186
Netlist EMPTY blocks: 0.
Netlist io blocks: 74.
Netlist clb blocks: 112.
Netlist dsp_top blocks: 0.
Netlist memory blocks: 0.
Netlist inputs pins: 38
Netlist output pins: 36
### Creating Clusters took 2.49 seconds (max_rss 96.5 MiB, delta_rss +50.1 MiB)
Completed clustering consistency check successfully.
FPGA sized to 14 x 14: 196 grid tiles (auto)
### Compressed grid construction
### Compressed grid construction took 0.00 seconds (max_rss 96.5 MiB, delta_rss +0.0 MiB)
### Initial Placement
Placing clusters that are part of larger macros...
Number of blocks to be placed: 18
Max distance on device: 28
---- ---------- ---------- -------------
Pass Max Displ. Num Blocks Num Blocks   
     Threshold  Placed     Left Unplaced
---- ---------- ---------- -------------
   0          0         10             8
   1          1          6             2
   2          2          2             0

Placing general clusters...
Number of blocks to be placed: 168
Max distance on device: 28
---- ---------- ---------- -------------
Pass Max Displ. Num Blocks Num Blocks   
     Threshold  Placed     Left Unplaced
---- ---------- ---------- -------------
   0          0        160             8
   1          1          0             8
   2          2          2             6
   3          4          3             3
   4          8          2             1
   5         16          1             0

### Initial Placement took 0.00 seconds (max_rss 96.5 MiB, delta_rss +0.0 MiB)
Flat Placement Reconstruction Info:
	Percent of clusters with reconstruction errors: 0.537634
	Total displacement of initial placement from flat placement: 1596.000000
	Average atom displacement of initial placement from flat placement: 0.640707
	Max atom displacement of initial placement from flat placement: 11.000000
	Percent of atoms misplaced from the flat placement: 18.466480
## AP Full Legalizer took 2.49 seconds (max_rss 96.5 MiB, delta_rss +50.1 MiB)

Resource usage...
	Netlist
		74	blocks of type: io
	Architecture
		384	blocks of type: io
	Netlist
		112	blocks of type: clb
	Architecture
		120	blocks of type: clb
	Netlist
		0	blocks of type: dsp_top
	Architecture
		3	blocks of type: dsp_top
	Netlist
		0	blocks of type: memory
	Architecture
		6	blocks of type: memory

Device Utilization: 0.62 (target 1.00)
	Physical Tile io:
	Block Utilization: 0.19 Logical Block: io
	Physical Tile clb:
	Block Utilization: 0.93 Logical Block: clb
	Physical Tile dsp_top:
	Block Utilization: 0.00 Logical Block: dsp_top
	Physical Tile memory:
	Block Utilization: 0.00 Logical Block: memory

## Computing placement delta delay look-up
RR graph channel widths unchanged, skipping RR graph rebuild
Serial Connection Router is being destroyed. Time spent on path search: 0.000 seconds.
## Computing placement delta delay look-up took 0.00 seconds (max_rss 96.6 MiB, delta_rss +0.0 MiB)
Using simple RL 'Softmax agent' for choosing move and block types

Completed placement consistency check successfully.
Initial placement cost: 1 bb_cost: 112.34 td_cost: 6.6865e-07
Initial placement BB estimate of wirelength: 11210.1
Initial placement estimated Critical Path Delay (CPD): 11.1298 ns
Initial placement estimated setup Total Negative Slack (sTNS): -3115.92 ns
Initial placement estimated setup Worst Negative Slack (sWNS): -11.1298 ns

Initial placement estimated setup slack histogram:
[ -1.1e-08:   -1e-08)  12 (  1.3%) |*
[   -1e-08:   -9e-09)  20 (  2.2%) |**
[   -9e-09:   -8e-09)   0 (  0.0%) |
[   -8e-09:   -7e-09)   0 (  0.0%) |
[   -7e-09: -5.9e-09)   0 (  0.0%) |
[ -5.9e-09: -4.9e-09)   1 (  0.1%) |
[ -4.9e-09: -3.8e-09) 128 ( 13.8%) |**********
[ -3.8e-09: -2.8e-09) 610 ( 65.7%) |***********************************************
[ -2.8e-09: -1.7e-09)  98 ( 10.5%) |********
[ -1.7e-09:   -7e-10)  60 (  6.5%) |*****
Placement contains 9 placement macros involving 18 blocks (average macro size 2.000000)

Moves per temperature: 530
## AP Detailed Placer

---- ------ ------- ------- ---------- ---------- ------- ---------- -------- ------- ------- ------ -------- --------- ------
Tnum  Time     T    AvCost  Av BB Cost Av TD Cost   CPD      sTNS      sWNS   AcRate  StdDev  R lim  CritExp  TotMoves  Alpha 
     (sec)                                          (ns)     (ns)      (ns)                                                   
---- ------ ------- ------- ---------- ---------- ------- ---------- -------- ------- ------- ------ -------- --------- ------
   1    0.0 3.6e-03   1.024     109.24 6.7343e-07  10.532   -3.1e+03  -10.532   0.702  0.0144   13.0     1.00        530  1.000
   2    0.0 3.4e-03   1.001     109.56 6.8245e-07  10.541  -3.31e+03  -10.541   0.687  0.0088   13.0     1.00       1060  0.950
   3    0.0 3.2e-03   1.001     108.20 6.3396e-07  10.845   -3.1e+03  -10.845   0.681  0.0094   13.0     1.00       1590  0.950
   4    0.0 3.1e-03   0.987     110.25 6.8591e-07  10.367  -3.24e+03  -10.367   0.655  0.0125   13.0     1.00       2120  0.950
   5    0.0 2.9e-03   0.976     104.75 6.7592e-07  10.491  -3.36e+03  -10.491   0.628  0.0138   13.0     1.00       2650  0.950
   6    0.0 2.8e-03   0.981     104.55 6.8028e-07  10.701  -3.59e+03  -10.701   0.653  0.0063   13.0     1.00       3180  0.950
   7    0.0 2.6e-03   0.994     104.64 6.672e-07   10.170  -3.11e+03  -10.170   0.651  0.0083   13.0     1.00       3710  0.950
   8    0.0 2.5e-03   1.001     103.68 6.5385e-07  10.440  -3.09e+03  -10.440   0.638  0.0045   13.0     1.00       4240  0.950
   9    0.0 2.4e-03   0.982     102.10 6.5726e-07  10.432  -3.24e+03  -10.432   0.602  0.0111   13.0     1.00       4770  0.950
  10    0.0 2.2e-03   0.990     101.72 6.4897e-07  10.369  -3.09e+03  -10.369   0.611  0.0090   13.0     1.00       5300  0.950
  11    0.0 2.1e-03   0.991     100.69 6.5119e-07  10.119  -3.09e+03  -10.119   0.608  0.0069   13.0     1.00       5830  0.950
  12    0.0 2.0e-03   0.984      98.54 6.317e-07   10.327  -3.09e+03  -10.327   0.579  0.0100   13.0     1.00       6360  0.950
  13    0.0 1.9e-03   1.000     100.68 6.3257e-07  10.541  -3.15e+03  -10.541   0.585  0.0049   13.0     1.00       6890  0.950
  14    0.0 1.8e-03   0.986      96.91 6.2772e-07  10.367  -3.06e+03  -10.367   0.570  0.0068   13.0     1.00       7420  0.950
  15    0.0 1.7e-03   1.001      96.85 6.3855e-07   9.995  -3.14e+03   -9.995   0.566  0.0061   13.0     1.00       7950  0.950
  16    0.0 1.6e-03   1.001      96.00 6.4825e-07   9.892  -3.02e+03   -9.892   0.549  0.0043   13.0     1.00       8480  0.950
  17    0.0 1.6e-03   0.985      94.83 6.5364e-07   9.709  -3.04e+03   -9.709   0.547  0.0073   13.0     1.00       9010  0.950
  18    0.0 1.5e-03   0.994      93.15 6.3431e-07   9.908  -2.97e+03   -9.908   0.543  0.0066   13.0     1.00       9540  0.950
  19    0.0 1.4e-03   0.991      90.67 6.1549e-07  10.076  -2.98e+03  -10.076   0.521  0.0039   13.0     1.00      10070  0.950
  20    0.0 1.3e-03   0.997      91.89 6.3532e-07   9.681     -3e+03   -9.681   0.500  0.0085   13.0     1.00      10600  0.950
  21    0.0 1.3e-03   1.005      91.46 6.2721e-07   9.758  -2.95e+03   -9.758   0.523  0.0045   13.0     1.00      11130  0.950
  22    0.0 1.2e-03   0.996      91.39 6.2177e-07   9.931     -3e+03   -9.931   0.475  0.0048   13.0     1.00      11660  0.950
  23    0.0 1.2e-03   0.996      90.87 6.1352e-07   9.736  -2.86e+03   -9.736   0.532  0.0046   13.0     1.00      12190  0.950
  24    0.0 1.1e-03   0.996      89.66 6.3446e-07   9.532  -3.07e+03   -9.532   0.472  0.0028   13.0     1.00      12720  0.950
  25    0.0 1.0e-03   0.994      89.85 6.2444e-07   9.663  -3.01e+03   -9.663   0.483  0.0035   13.0     1.00      13250  0.950
  26    0.0 9.9e-04   0.990      88.82 6.1358e-07   9.663  -2.94e+03   -9.663   0.443  0.0049   13.0     1.00      13780  0.950
  27    0.0 9.4e-04   0.993      86.75 6.1951e-07   9.609  -2.96e+03   -9.609   0.455  0.0044   13.0     1.00      14310  0.950
  28    0.0 8.9e-04   0.996      86.56 6.2936e-07   9.465  -2.98e+03   -9.465   0.447  0.0032   13.0     1.00      14840  0.950
  29    0.0 8.5e-04   0.999      86.90 6.0007e-07  10.132  -3.05e+03  -10.132   0.415  0.0033   13.0     1.00      15370  0.950
  30    0.0 8.0e-04   0.991      86.15 5.0143e-07  10.219  -3.04e+03  -10.219   0.453  0.0043   12.7     1.19      15900  0.950
  31    0.0 7.6e-04   0.995      85.22 5.555e-07   10.139  -3.03e+03  -10.139   0.411  0.0046   12.8     1.09      16430  0.950
  32    0.0 7.3e-04   1.001      85.20 4.5967e-07   9.800  -2.91e+03   -9.800   0.415  0.0022   12.5     1.31      16960  0.950
  33    0.0 6.9e-04   0.992      84.68 3.9652e-07   9.741  -2.94e+03   -9.741   0.406  0.0033   12.2     1.49      17490  0.950
  34    0.0 6.6e-04   0.995      84.14 3.3093e-07   9.778  -2.87e+03   -9.778   0.394  0.0024   11.7     1.73      18020  0.950
  35    0.0 6.2e-04   0.996      84.03 2.7576e-07   9.823  -2.97e+03   -9.823   0.402  0.0031   11.2     2.05      18550  0.950
  36    0.0 5.9e-04   0.995      83.10 2.4216e-07   9.868  -2.98e+03   -9.868   0.374  0.0027   10.8     2.30      19080  0.950
  37    0.0 5.6e-04   0.998      83.39 2.0309e-07   9.868     -3e+03   -9.868   0.377  0.0028   10.1     2.71      19610  0.950
  38    0.0 5.3e-04   1.000      83.63 1.8497e-07   9.601  -2.89e+03   -9.601   0.381  0.0020    9.4     3.08      20140  0.950
  39    0.0 5.1e-04   1.001      84.79 1.7008e-07   9.601   -2.9e+03   -9.601   0.383  0.0016    8.9     3.40      20670  0.950
  40    0.0 4.8e-04   1.000      84.18 1.5957e-07   9.601  -2.87e+03   -9.601   0.381  0.0011    8.4     3.70      21200  0.950
  41    0.0 4.6e-04   0.994      82.92 1.5299e-07   9.601     -3e+03   -9.601   0.336  0.0037    7.9     3.99      21730  0.950
  42    0.0 4.3e-04   1.001      83.17 1.4293e-07   9.556  -3.01e+03   -9.556   0.355  0.0015    7.1     4.47      22260  0.950
  43    0.0 4.1e-04   0.996      83.14 1.3534e-07   9.549  -2.88e+03   -9.549   0.355  0.0029    6.5     4.82      22790  0.950
  44    0.0 3.9e-04   1.002      83.13 1.3157e-07   9.473  -2.88e+03   -9.473   0.342  0.0016    5.9     5.14      23320  0.950
  45    0.0 3.7e-04   0.995      82.04 1.2935e-07   9.345  -2.87e+03   -9.345   0.343  0.0021    5.3     5.48      23850  0.950
  46    0.0 3.5e-04   0.998      81.01 1.2634e-07   9.444  -2.92e+03   -9.444   0.311  0.0008    4.8     5.78      24380  0.950
  47    0.0 3.4e-04   1.003      81.16 1.2447e-07   9.495  -2.91e+03   -9.495   0.308  0.0013    4.2     6.14      24910  0.950
  48    0.0 3.2e-04   0.994      80.83 1.2379e-07   9.443  -2.84e+03   -9.443   0.328  0.0032    3.6     6.46      25440  0.950
  49    0.0 3.0e-04   1.002      80.77 1.1558e-07   9.578  -2.86e+03   -9.578   0.283  0.0012    3.2     6.70      25970  0.950
  50    0.0 2.9e-04   0.994      79.59 1.1707e-07   9.431  -2.86e+03   -9.431   0.345  0.0038    2.7     7.00      26500  0.950
  51    0.0 2.7e-04   1.000      78.75 1.166e-07    9.473  -2.87e+03   -9.473   0.304  0.0010    2.5     7.15      27030  0.950
  52    0.0 2.6e-04   0.999      78.21 1.1692e-07   9.417  -2.88e+03   -9.417   0.277  0.0011    2.1     7.34      27560  0.950
  53    0.0 2.5e-04   0.998      78.65 1.1497e-07   9.371  -2.91e+03   -9.371   0.377  0.0012    1.8     7.54      28090  0.950
  54    0.0 2.3e-04   0.996      77.89 1.1479e-07   9.417  -2.92e+03   -9.417   0.374  0.0017    1.7     7.61      28620  0.950
  55    0.0 2.2e-04   0.998      77.75 1.1396e-07   9.417  -2.88e+03   -9.417   0.338  0.0021    1.6     7.67      29150  0.950
  56    0.0 2.1e-04   1.000      77.49 1.144e-07    9.274   -2.9e+03   -9.274   0.279  0.0007    1.4     7.77      29680  0.950
  57    0.0 2.0e-04   0.998      77.66 1.1368e-07   9.270  -2.87e+03   -9.270   0.309  0.0009    1.2     7.90      30210  0.950
  58    0.0 1.9e-04   0.997      77.26 1.1779e-07   9.114  -2.97e+03   -9.114   0.300  0.0010    1.0     7.99      30740  0.950
  59    0.0 1.8e-04   0.999      77.03 1.1582e-07   9.179  -2.98e+03   -9.179   0.289  0.0008    1.0     8.00      31270  0.950
  60    0.0 1.7e-04   1.000      77.21 1.161e-07    9.165  -2.97e+03   -9.165   0.291  0.0011    1.0     8.00      31800  0.950
  61    0.0 1.6e-04   0.997      76.87 1.1772e-07   9.114  -2.97e+03   -9.114   0.287  0.0015    1.0     8.00      32330  0.950
  62    0.0 1.6e-04   0.998      76.26 1.1736e-07   9.114  -2.91e+03   -9.114   0.251  0.0010    1.0     8.00      32860  0.950
  63    0.0 1.5e-04   1.000      76.36 1.1756e-07   9.118  -2.95e+03   -9.118   0.211  0.0008    1.0     8.00      33390  0.950
  64    0.0 1.4e-04   0.999      76.35 1.1743e-07   9.118  -2.92e+03   -9.118   0.238  0.0010    1.0     8.00      33920  0.950
  65    0.0 1.3e-04   1.000      76.00 1.1594e-07   9.165  -2.92e+03   -9.165   0.247  0.0003    1.0     8.00      34450  0.950
  66    0.0 1.3e-04   0.999      75.84 1.1584e-07   9.165   -2.9e+03   -9.165   0.211  0.0006    1.0     8.00      34980  0.950
  67    0.0 1.2e-04   1.000      75.86 1.1584e-07   9.165   -2.9e+03   -9.165   0.225  0.0006    1.0     8.00      35510  0.950
  68    0.0 1.1e-04   0.999      75.69 1.1744e-07   9.118  -2.91e+03   -9.118   0.192  0.0006    1.0     8.00      36040  0.950
  69    0.0 1.1e-04   1.000      75.67 1.1716e-07   9.114  -2.91e+03   -9.114   0.162  0.0004    1.0     8.00      36570  0.950
  70    0.0 1.0e-04   1.000      75.82 1.1697e-07   9.114  -2.87e+03   -9.114   0.185  0.0003    1.0     8.00      37100  0.950
  71    0.0 9.8e-05   1.000      75.91 1.1694e-07   9.114  -2.88e+03   -9.114   0.172  0.0004    1.0     8.00      37630  0.950
  72    0.0 9.3e-05   1.001      76.01 1.1697e-07   9.114  -2.88e+03   -9.114   0.185  0.0004    1.0     8.00      38160  0.950
  73    0.0 8.9e-05   0.999      75.72 1.1711e-07   9.114  -2.91e+03   -9.114   0.157  0.0003    1.0     8.00      38690  0.950
  74    0.0 8.4e-05   0.999      75.58 1.1741e-07   9.114  -2.89e+03   -9.114   0.147  0.0004    1.0     8.00      39220  0.950
Agent's 2nd state: 
  75    0.0 6.7e-05   0.999      75.41 1.1713e-07   9.114  -2.89e+03   -9.114   0.117  0.0003    1.0     8.00      39750  0.800
Checkpoint saved: bb_costs=75.3781, TD costs=1.1575e-07, CPD=  9.165 (ns) 
  76    0.0 5.4e-05   0.999      75.30 1.1567e-07   9.165  -2.89e+03   -9.165   0.098  0.0005    1.0     8.00      40280  0.800
Checkpoint saved: bb_costs=75.2442, TD costs=1.17394e-07, CPD=  9.114 (ns) 
  77    0.0 4.3e-05   1.000      75.25 1.1737e-07   9.114   -2.9e+03   -9.114   0.072  0.0002    1.0     8.00      40810  0.800
  78    0.0 3.4e-05   1.000      75.16 1.1739e-07   9.114  -2.91e+03   -9.114   0.066  0.0003    1.0     8.00      41340  0.800
  79    0.0 2.8e-05   0.999      75.05 1.1248e-07   9.270  -2.92e+03   -9.270   0.064  0.0006    1.0     8.00      41870  0.800
  80    0.0 2.2e-05   1.000      74.95 1.174e-07    9.114  -2.91e+03   -9.114   0.045  0.0002    1.0     8.00      42400  0.800
  81    0.0 1.8e-05   1.000      74.86 1.1147e-07   9.315  -2.92e+03   -9.315   0.053  0.0001    1.0     8.00      42930  0.800
  82    0.0 1.4e-05   1.000      74.83 1.1143e-07   9.315  -2.92e+03   -9.315   0.032  0.0001    1.0     8.00      43460  0.800
  83    0.0 1.1e-05   1.000      74.83 1.1143e-07   9.315  -2.92e+03   -9.315   0.045  0.0001    1.0     8.00      43990  0.800
  84    0.0 9.0e-06   1.000      74.80 1.1147e-07   9.315  -2.92e+03   -9.315   0.043  0.0000    1.0     8.00      44520  0.800
  85    0.0 7.2e-06   1.000      74.80 1.1144e-07   9.315  -2.92e+03   -9.315   0.030  0.0000    1.0     8.00      45050  0.800
  86    0.0 5.8e-06   1.000      74.78 1.1144e-07   9.315  -2.92e+03   -9.315   0.049  0.0001    1.0     8.00      45580  0.800
  87    0.0 0.0e+00   1.000      74.73 1.1153e-07   9.315  -2.92e+03   -9.315   0.023  0.0000    1.0     8.00      46110  0.800
### Placement Quench took 0.01 seconds (max_rss 97.8 MiB)
post-quench CPD = 9.31522 (ns) 

Checkpoint restored

Completed placement consistency check successfully.

Swaps called: 46296

Aborted Move Reasons:
  duplicate block move to location: 70
  macro move to location illegal: 10
  macro_from swap to location illegal: 349

BB estimate of min-dist (placement) wire length: 7484

Placement estimated critical path delay (least slack): 9.11367 ns, Fmax: 109.725 MHz
Placement estimated critical path skew: -0.04243 ns
Placement estimated setup Worst Negative Slack (sWNS): -9.11367 ns
Placement estimated setup Total Negative Slack (sTNS): -2901.37 ns
Placement estimated setup Worst Skew (sWS): -0.04243 ns

Placement estimated setup slack histogram:
[ -9.1e-09: -8.3e-09)  18 (  1.9%) |*
[ -8.3e-09: -7.4e-09)  14 (  1.5%) |*
[ -7.4e-09: -6.6e-09)   0 (  0.0%) |
[ -6.6e-09: -5.7e-09)   0 (  0.0%) |
[ -5.7e-09: -4.9e-09)   0 (  0.0%) |
[ -4.9e-09: -4.1e-09)  91 (  9.8%) |*******
[ -4.1e-09: -3.2e-09)  69 (  7.4%) |*****
[ -3.2e-09: -2.4e-09) 609 ( 65.6%) |***********************************************
[ -2.4e-09: -1.5e-09)  78 (  8.4%) |******
[ -1.5e-09:   -7e-10)  50 (  5.4%) |****

Placement estimated geomean non-virtual intra-domain period: 9.11367 ns (109.725 MHz)
Placement estimated fanout-weighted geomean non-virtual intra-domain period: 9.11367 ns (109.725 MHz)

Placement cost: 1, bb_cost: 75.2442, td_cost: 1.17394e-07, 

Placement resource usage:
  io  implemented as io : 74
  clb implemented as clb: 112

Placement number of temperatures: 87
Placement total # of swap attempts: 46296
	Swaps accepted: 16361 (35.3 %)
	Swaps rejected: 29182 (63.0 %)
	Swaps aborted:   753 ( 1.6 %)


Placement perturbation distribution by block and move type: 
------------------ ----------------- ---------------- ---------------- --------------- ------------ 
    Block Type         Move Type       (%) of Total      Accepted(%)     Rejected(%)    Aborted(%)
------------------ ----------------- ---------------- ---------------- --------------- ------------ 
io                 Uniform                9.80             61.99           38.01          0.00         
                   Median                 9.00             59.79           35.05          5.16         
                   Centroid               8.96             62.69           37.24          0.07         
                   W. Centroid            9.24             65.45           34.48          0.07         
                   W. Median              0.75             12.36           83.91          3.74         

clb                Uniform                15.35            16.90           81.60          1.49         
                   Median                 14.22            25.33           72.22          2.45         
                   Centroid               13.33            20.99           77.61          1.39         
                   W. Centroid            14.35            21.54           77.04          1.42         
                   W. Median              1.23             2.63            94.05          3.33         
                   Crit. Uniform          1.87             0.35            99.65          0.00         
                   Feasible Region        1.91             0.11            93.89          6.00         


Placement Quench timing analysis took 0.003684 seconds (0.00332299 STA, 0.000361018 slack) (1 full updates: 1 setup, 0 hold, 0 combined).
Placement Total  timing analysis took 0.371588 seconds (0.33304 STA, 0.0385482 slack) (90 full updates: 90 setup, 0 hold, 0 combined).
update_td_costs: connections 0.0020426 nets 0 sum_nets 0.00127683 total 0.00339955
## AP Detailed Placer took 0.84 seconds (max_rss 97.8 MiB, delta_rss +0.0 MiB)
Incr Slack updates 90 in 0.0104782 sec
Full Max Req/Worst Slack updates 44 in 0.0011905 sec
Incr Max Req/Worst Slack updates 46 in 0.00158104 sec
Incr Criticality updates 24 in 0.00560484 sec
Full Criticality updates 66 in 0.0162224 sec
Incr Slack updates 1 in 0.000108664 sec
Full Max Req/Worst Slack updates 1 in 3.526e-05 sec
Incr Max Req/Worst Slack updates 0 in 0 sec
Incr Criticality updates 0 in 0 sec
Full Criticality updates 1 in 0.000301727 sec
# Analytical Placement took 3.77 seconds (max_rss 98.1 MiB, delta_rss +66.5 MiB)


# Routing
RR graph channel widths unchanged, skipping RR graph rebuild
## Initializing router criticalities
Initial Net Connection Criticality Histogram:
[        0:      0.1) 229 (  7.9%) |*************
[      0.1:      0.2) 793 ( 27.5%) |********************************************
[      0.2:      0.3) 525 ( 18.2%) |*****************************
[      0.3:      0.4) 850 ( 29.5%) |***********************************************
[      0.4:      0.5) 104 (  3.6%) |******
[      0.5:      0.6)  31 (  1.1%) |**
[      0.6:      0.7)  57 (  2.0%) |***
[      0.7:      0.8)  42 (  1.5%) |**
[      0.8:      0.9)  52 (  1.8%) |***
[      0.9:        1) 200 (  6.9%) |***********
## Initializing router criticalities took 0.05 seconds (max_rss 98.1 MiB, delta_rss +0.0 MiB)
---- ------ ------- ---- ------- ------- ------- ----------------- --------------- -------- ---------- ---------- ---------- ---------- --------
Iter   Time    pres  BBs    Heap  Re-Rtd  Re-Rtd Overused RR Nodes      Wirelength      CPD       sTNS       sWNS       hTNS       hWNS Est Succ
      (sec)     fac Updt    push    Nets   Conns                                       (ns)       (ns)       (ns)       (ns)       (ns)     Iter
---- ------ ------- ---- ------- ------- ------- ----------------- --------------- -------- ---------- ---------- ---------- ---------- --------
   1    0.0     0.0    0  114591    1041    2751    1103 ( 3.353%)   11730 (37.6%)    9.022     -2633.     -9.022      0.000      0.000      N/A
   2    0.0     0.5    0  105302     787    2296     742 ( 2.255%)   11748 (37.7%)    9.022     -2649.     -9.022      0.000      0.000      N/A
   3    0.0     0.6    0   83293     611    1594     632 ( 1.921%)   11951 (38.3%)    9.022     -2689.     -9.022      0.000      0.000      N/A
   4    0.0     0.8    0   88115     583    1556     561 ( 1.705%)   12437 (39.9%)    9.022     -2745.     -9.022      0.000      0.000      N/A
   5    0.0     1.1    0   83900     496    1415     463 ( 1.407%)   12471 (40.0%)    9.022     -2721.     -9.022      0.000      0.000      N/A
   6    0.0     1.4    0   78765     411    1224     326 ( 0.991%)   12616 (40.4%)    9.022     -2792.     -9.022      0.000      0.000      N/A
   7    0.0     1.9    0   67741     346     975     269 ( 0.818%)   12976 (41.6%)    9.022     -2812.     -9.022      0.000      0.000      N/A
   8    0.0     2.4    0   54515     285     681     197 ( 0.599%)   13165 (42.2%)    9.022     -2832.     -9.022      0.000      0.000      N/A
   9    0.0     3.1    0   50252     230     589     139 ( 0.422%)   13472 (43.2%)    9.022     -2828.     -9.022      0.000      0.000       26
  10    0.0     4.1    0   38076     182     379     108 ( 0.328%)   13699 (43.9%)    9.022     -2833.     -9.022      0.000      0.000       26
  11    0.0     5.3    0   26814     137     244      75 ( 0.228%)   13863 (44.4%)    9.022     -2836.     -9.022      0.000      0.000       26
  12    0.0     6.9    0   27843     109     192      47 ( 0.143%)   14028 (45.0%)    9.419     -2846.     -9.419      0.000      0.000       24
  13    0.0     9.0    0   16973      72     121      34 ( 0.103%)   14144 (45.3%)    9.428     -2852.     -9.428      0.000      0.000       23
  14    0.0    11.6    0   13726      64     107      37 ( 0.112%)   14167 (45.4%)    9.419     -2846.     -9.419      0.000      0.000       25
  15    0.0    15.1    0   10723      51      80      22 ( 0.067%)   14297 (45.8%)    9.470     -2859.     -9.470      0.000      0.000       25
  16    0.0    19.7    0   11007      49      76      21 ( 0.064%)   14344 (46.0%)    9.419     -2850.     -9.419      0.000      0.000       26
  17    0.0    25.6    0   10913      37      61      21 ( 0.064%)   14397 (46.1%)    9.854     -2872.     -9.854      0.000      0.000       28
  18    0.0    33.3    0   12222      39      61       4 ( 0.012%)   14482 (46.4%)   10.138     -2867.    -10.138      0.000      0.000       25
  19    0.0    43.3    0    5672      28      40       5 ( 0.015%)   14535 (46.6%)   10.657     -2870.    -10.657      0.000      0.000       24
  20    0.0    56.2    0    4972      21      33       5 ( 0.015%)   14465 (46.4%)    9.968     -2862.     -9.968      0.000      0.000       25
  21    0.0    73.1    0    4617      25      41       1 ( 0.003%)   14521 (46.5%)    9.892     -2867.     -9.892      0.000      0.000       23
  22    0.0    95.0    0    1751      22      33       2 ( 0.006%)   14500 (46.5%)    9.627     -2865.     -9.627      0.000      0.000       23
  23    0.0   123.5    0    1973      23      33       1 ( 0.003%)   14519 (46.5%)    9.825     -2863.     -9.825      0.000      0.000       23
  24    0.0   160.6    0    1826      21      31       2 ( 0.006%)   14508 (46.5%)    9.835     -2863.     -9.835      0.000      0.000       24
  25    0.0   208.8    0    1878      21      31       0 ( 0.000%)   14523 (46.5%)    9.835     -2866.     -9.835      0.000      0.000      N/A
Restoring best routing
Critical path: 9.83451 ns
Successfully routed after 25 routing iterations.
Final Net Connection Criticality Histogram:
[        0:      0.1) 394 ( 13.7%) |***********************
[      0.1:      0.2) 587 ( 20.4%) |**********************************
[      0.2:      0.3) 816 ( 28.3%) |***********************************************
[      0.3:      0.4) 583 ( 20.2%) |**********************************
[      0.4:      0.5) 127 (  4.4%) |*******
[      0.5:      0.6)  20 (  0.7%) |*
[      0.6:      0.7)  56 (  1.9%) |***
[      0.7:      0.8)  53 (  1.8%) |***
[      0.8:      0.9)  67 (  2.3%) |****
[      0.9:        1) 180 (  6.2%) |**********
Router Stats: total_nets_routed: 5691 total_connections_routed: 14644 total_heap_pushes: 917460 total_heap_pops: 227176 
Serial Connection Router is being destroyed. Time spent on path search: 0.102 seconds.
# Routing took 0.42 seconds (max_rss 98.1 MiB, delta_rss +0.0 MiB)

Checking to ensure routing is legal...
# Checking to ensure non-configurable edges are legal
# Checking to ensure non-configurable edges are legal took 0.00 seconds (max_rss 98.1 MiB, delta_rss +0.0 MiB)
Completed routing consistency check successfully.

Serial number (magic cookie) for the routing is: -144591196
Circuit successfully routed with a channel width factor of 100.
Incr Slack updates 26 in 0.00262022 sec
Full Max Req/Worst Slack updates 7 in 0.000191675 sec
Incr Max Req/Worst Slack updates 19 in 0.00066793 sec
Incr Criticality updates 11 in 0.00254501 sec
Full Criticality updates 15 in 0.0039897 sec
# Synchronize the packed netlist to routing optimization
## Annotating rr_node with routed nets
## Annotating rr_node with routed nets took 0.00 seconds (max_rss 98.1 MiB, delta_rss +0.0 MiB)
Found 3944 mismatches between routing and packing results.
Fixed 2540 routing traces due to mismatch between routing and packing results.
# Synchronize the packed netlist to routing optimization took 0.03 seconds (max_rss 98.1 MiB, delta_rss +0.0 MiB)
Final Clustering Statistics: 
----------   --------   ------------------------------------   --------------------------
Block Type   # Blocks   Avg. # of input clocks and pins used   Avg. # of output pins used
----------   --------   ------------------------------------   --------------------------
     EMPTY          0                                      0                            0   
        io         74                               0.486486                     0.513514   
       clb        112                                25.4196                      8.98214   
   dsp_top          0                                      0                            0   
    memory          0                                      0                            0   
Absorbed logical nets 1698 out of 2742 nets, 1044 nets not absorbed.


Average number of bends per net: 1.66859  Maximum # of bends: 37

Number of global nets: 3
Number of routed nets (nonglobal): 1041
Wire length results (in units of 1 clb segments)...
	Total wirelength: 14523, average net length: 13.9510
	Maximum net length: 380

Wire length results in terms of physical segments...
	Total wiring segments used: 4004, average wire segments per net: 3.84630
	Maximum segments used by a net: 115
	Total local nets with reserved CLB opins: 0
Total number of nets absorbed: 9

Routing channel utilization histogram:
[        1:      inf)  0 (  0.0%) |
[      0.9:        1)  1 (  0.3%) |*
[      0.8:      0.9)  3 (  0.9%) |**
[      0.7:      0.8) 84 ( 24.9%) |************************************************
[      0.5:      0.6) 44 ( 13.0%) |*************************
[      0.4:      0.5) 51 ( 15.1%) |*****************************
[      0.3:      0.4) 42 ( 12.4%) |************************
[      0.2:      0.3) 60 ( 17.8%) |**********************************
[      0.1:      0.2) 26 (  7.7%) |***************
[        0:      0.1) 27 (  8.0%) |***************
Maximum routing channel utilization:      0.91 at (7,0)

X - Directed channels: layer   y   max occ   ave occ   ave cap
                        ----- ---- -------- -------- --------
                            0    0       91   64.667      100
                            0    1       78   56.417      100
                            0    2       80   62.167      100
                            0    3       80   61.250      100
                            0    4       75   57.833      100
                            0    5       77   56.750      100
                            0    6       72   53.167      100
                            0    7       63   45.417      100
                            0    8       57   40.000      100
                            0    9       50   34.417      100
                            0   10       45   34.500      100
                            0   11       35   25.583      100
                            0   12       50   33.417      100
Y - Directed channels: layer   x   max occ   ave occ   ave cap
                        ----- ---- -------- -------- --------
                            0    0       28   21.667      100
                            0    1       27   20.250      100
                            0    2       38   25.667      100
                            0    3       55   37.333      100
                            0    4       74   52.000      100
                            0    5       62   45.167      100
                            0    6       72   49.917      100
                            0    7       77   55.750      100
                            0    8       78   59.583      100
                            0    9       76   60.000      100
                            0   10       78   58.167      100
                            0   11       62   45.417      100
                            0   12       78   53.750      100

Total existing wires segments: CHANX     15600, CHANY     15600, CHANZ         0, ALL     31200
Total used wires segments:     CHANX      7507, CHANY      7016, CHANZ         0, ALL     14523
Usage percentage:              CHANX     48.1%, CHANY     45.0%, CHANZ      0.0%, ALL     46.5%

Logic area (in minimum width transistor areas, excludes I/Os and empty grid tiles)...
	Total logic block area (Warning, need to add pitch of routing to blocks with height > 3): 4.93594e+06
	Total used logic block area: 3.12536e+06

Routing area (in minimum width transistor areas)...
	Total routing area: 1.44594e+06, per logic tile: 7377.25

Total Number of Wiring Segments by Direction: direction length number
                                              --------- ------ -------
                                                      X      4   4192
                                                      Y      4   4192
                                                      X     16    318
                                                      Y     16    318

X - Directed Wiring Segment usage by length: length utilization
                                             ------ -----------
                                             4       0.479
                                            16       0.107

Y - Directed Wiring Segment usage by length: length utilization
                                             ------ -----------
                                             4       0.462
                                            16      0.0881

Segment occupancy by length: Length Occupancy Capacity Utilization
                             ------ --------- -------- -----------
                             L4          3942     8384        0.47
                             L16           62      636      0.0975

Segment occupancy by type: name type utilization
                           ---- ---- -----------
                             L4    0        0.47
                            L16    1      0.0975

Final hold Worst Negative Slack (hWNS): 0 ns
Final hold Total Negative Slack (hTNS): 0 ns
Final hold Worst Skew (hWS): 0 ns

Final hold slack histogram:
[  1.9e-10:  4.3e-10) 828 ( 89.1%) |***********************************************
[  4.3e-10:  6.7e-10)  34 (  3.7%) |**
[  6.7e-10:    9e-10)  44 (  4.7%) |**
[    9e-10:  1.1e-09)  10 (  1.1%) |*
[  1.1e-09:  1.4e-09)   7 (  0.8%) |
[  1.4e-09:  1.6e-09)   2 (  0.2%) |
[  1.6e-09:  1.8e-09)   0 (  0.0%) |
[  1.8e-09:  2.1e-09)   3 (  0.3%) |
[  2.1e-09:  2.3e-09)   0 (  0.0%) |
[  2.3e-09:  2.6e-09)   1 (  0.1%) |

Final critical path delay (least slack): 9.83451 ns, Fmax: 101.683 MHz
Final critical path skew: -0.04243 ns
Final setup Worst Negative Slack (sWNS): -9.83451 ns
Final setup Total Negative Slack (sTNS): -2865.89 ns
Final setup Worst Skew (sWS): -0.04243 ns

Final setup slack histogram:
[ -9.8e-09: -8.9e-09)  17 (  1.8%) |*
[ -8.9e-09:   -8e-09)  11 (  1.2%) |*
[   -8e-09:   -7e-09)   4 (  0.4%) |
[   -7e-09: -6.1e-09)   0 (  0.0%) |
[ -6.1e-09: -5.2e-09)   0 (  0.0%) |
[ -5.2e-09: -4.2e-09)  39 (  4.2%) |***
[ -4.2e-09: -3.3e-09) 134 ( 14.4%) |***********
[ -3.3e-09: -2.4e-09) 569 ( 61.2%) |***********************************************
[ -2.4e-09: -1.4e-09) 122 ( 13.1%) |**********
[ -1.4e-09: -4.9e-10)  33 (  3.6%) |***

Final geomean non-virtual intra-domain period: 9.83451 ns (101.683 MHz)
Final fanout-weighted geomean non-virtual intra-domain period: 9.83451 ns (101.683 MHz)

Incr Slack updates 1 in 9.7359e-05 sec
Full Max Req/Worst Slack updates 1 in 3.0547e-05 sec
Incr Max Req/Worst Slack updates 0 in 0 sec
Incr Criticality updates 0 in 0 sec
Full Criticality updates 1 in 0.000265179 sec
Flow timing analysis took 0.824807 seconds (0.762481 STA, 0.0623262 slack) (118 full updates: 91 setup, 0 hold, 27 combined).
VPR succeeded
The entire flow of VPR took 4.61 seconds (max_rss 98.1 MiB)

