VPR FPGA Placement and Routing.
Version: 9.0.0-dev+v8.0.0-18248-g40f8d19708
Revision: v8.0.0-18248-g40f8d19708
Compiled: 2026-09-22T03:43:48
Compiler: GNU 13.3.0 on Linux-5.15.0-119-generic x86_64
Build Info: release IPO VTR_ASSERT_LEVEL=2

University of Toronto
verilogtorouting.org
vtr-users@googlegroups.com
This is free open source code under MIT license.

VPR was run with the following command-line:
/inspire/hdd/project/project-public/changshunjie-253114010247/changshunjie-253114010247/workspace/DAC2027/vtr/vtr-verilog-to-routing/vpr/vpr /inspire/hdd/project/project-public/changshunjie-253114010247/changshunjie-253114010247/workspace/DAC2027/vtr/vtr-verilog-to-routing/vtr_flow/arch/COFFE_22nm/k6FracN10LB_mem20K_complexDSP_customSB_22nm.xml /inspire/hdd/project/project-public/changshunjie-253114010247/changshunjie-253114010247/workspace/DAC2027/TailCompile/experiments/vtr/runs/pilot_v1/sha/full-seed1-w300/sha.pre-vpr.blif --analytical_place --route --analysis --ap_full_legalizer flat-recon --ap_detailed_placer annealer --seed 11 --route_chan_width 80 --write_flat_place /inspire/hdd/project/project-public/changshunjie-253114010247/changshunjie-253114010247/workspace/DAC2027/TailCompile/vtr_work/tailcompile_v3/sha/4x4/gnn_candidate-fpb4925346-flat-recon-annealer-seed11-w80-devw14/post_route.fplace --write_legalized_flat_place /inspire/hdd/project/project-public/changshunjie-253114010247/changshunjie-253114010247/workspace/DAC2027/TailCompile/vtr_work/tailcompile_v3/sha/4x4/gnn_candidate-fpb4925346-flat-recon-annealer-seed11-w80-devw14/post_legalizer.fplace --flat_place_verbosity 1 --device_width 14 --net_file /inspire/hdd/project/project-public/changshunjie-253114010247/changshunjie-253114010247/workspace/DAC2027/TailCompile/vtr_work/tailcompile_v3/sha/4x4/gnn_candidate-fpb4925346-flat-recon-annealer-seed11-w80-devw14/sha.locked-input.net --read_flat_place /inspire/hdd/global_user/changshunjie-253114010247/workspace/DAC2027/TailCompile/experiments/vtr/tailcompile_v3/sha/4x4/pools/bootstrap_24/candidate_03_seed12030.fplace

Using up to 1 parallel worker(s)

Architecture file: /inspire/hdd/project/project-public/changshunjie-253114010247/changshunjie-253114010247/workspace/DAC2027/vtr/vtr-verilog-to-routing/vtr_flow/arch/COFFE_22nm/k6FracN10LB_mem20K_complexDSP_customSB_22nm.xml
Circuit name: sha.pre-vpr

# Loading Architecture Description
# Loading Architecture Description took 0.04 seconds (max_rss 18.9 MiB, delta_rss +0.0 MiB)

Timing analysis: ON
Circuit netlist file: /inspire/hdd/project/project-public/changshunjie-253114010247/changshunjie-253114010247/workspace/DAC2027/TailCompile/vtr_work/tailcompile_v3/sha/4x4/gnn_candidate-fpb4925346-flat-recon-annealer-seed11-w80-devw14/sha.locked-input.net
Circuit placement file: sha.pre-vpr.place
Circuit routing file: sha.pre-vpr.route
Circuit SDC file: sha.pre-vpr.sdc
Vpr floorplanning constraints file: not specified

Packer: DISABLED
Placer: DISABLED
Analytical Placer: ENABLED
Router: ENABLED
Analysis: ENABLED

VPR was run with the following options:

netlist_opts.absorb_buffer_luts            : true
netlist_opts.sweep_dangling_primary_ios    : true
netlist_opts.sweep_dangling_nets           : true
netlist_opts.sweep_dangling_blocks         : true
netlist_opts.sweep_constant_primary_outputs: false
netlist_opts.netlist_verbosity             : 1
netlist_opts.const_gen_inference           : COMB_SEQ

AnalyticalPlacerOpts.analytical_solver_type: lp-b2b
AnalyticalPlacerOpts.partial_legalizer_type: bipartitioning
AnalyticalPlacerOpts.full_legalizer_type: flat-recon
AnalyticalPlacerOpts.detailed_placer_type: annealer
AnalyticalPlacerOpts.ap_timing_tradeoff: 0.500000
AnalyticalPlacerOpts.ap_high_fanout_threshold: 256
AnalyticalPlacerOpts.log_verbosity: 1
router_opts.route_type: DETAILED
router_opts.flat_routing: false
router_opts.choke_points: on
router_opts.router_algorithm: TIMING_DRIVEN
router_opts.base_cost_type: DELAY_NORMALIZED_LENGTH
router_opts.fixed_channel_width: 80
router_opts.check_route: FULL
router_opts.acc_fac: 1.000000
router_opts.bb_factor: 3
router_opts.bend_cost: 0.000000
router_opts.first_iter_pres_fac: 0.000000
router_opts.initial_pres_fac: 0.500000
router_opts.pres_fac_mult: 1.300000
router_opts.max_pres_fac: 1000.000000
router_opts.max_router_iterations: 50
router_opts.min_incremental_reroute_fanout: 16
router_opts.initial_acc_cost_chan_congestion_threshold: 0.500000
router_opts.initial_acc_cost_chan_congestion_weight: 0.500000
router_opts.do_check_rr_graph: true
router_opts.verify_binary_search: false
router_opts.min_channel_width_hint: 0
router_opts.read_rr_edge_metadata: false
router_opts.exit_after_first_routing_iteration: false
router_opts.astar_fac: 1.200000
router_opts.astar_offset: 0.000000
router_opts.router_profiler_astar_fac: 1.200000
router_opts.enable_parallel_connection_router: false
router_opts.post_target_prune_fac: 1.200000
router_opts.post_target_prune_offset: 0
router_opts.multi_queue_num_threads: 1
router_opts.multi_queue_num_queues: 2
router_opts.multi_queue_direct_draining: false
router_opts.criticality_exp: 1.000000
router_opts.max_criticality: 0.990000
router_opts.init_wirelength_abort_threshold: 0.850000
router_opts.incr_reroute_delay_ripup: AUTO
router_opts.save_routing_per_iteration: false
router_opts.congested_routing_iteration_threshold_frac: 1.000000
router_opts.high_fanout_threshold: 64
router_opts.router_debug_net: -2
router_opts.router_debug_sink_rr: -2
router_opts.router_debug_iteration: -2
router_opts.max_convergence_count: 1
router_opts.reconvergence_cpd_threshold: 0.990000
router_opts.update_lower_bound_delays: true
router_opts.first_iteration_timing_report_file: 
router_opts.route_bb_update: DYNAMIC
router_opts.lookahead_type: MAP
router_opts.initial_timing: LOOKAHEAD
router_opts.router_heap: FOUR_ARY_HEAP
router_opts.routing_failure_predictor = SAFE
router_opts.routing_predictor_min_history: 8
router_opts.routing_budgets_algorithm = DISABLE

analysis_opts.gen_post_synthesis_netlist: false
analysis_opts.gen_post_implementation_merged_netlist: false
analysis_opts.gen_post_implementation_sdc: false
analysis_opts.timing_report_npaths: 100
analysis_opts.timing_report_skew: false
analysis_opts.echo_dot_timing_graph_node: -1
analysis_opts.timing_report_detail: NETLIST
analysis_opts.post_synth_netlist_unconn_input_handling: UNCONNECTED
analysis_opts.post_synth_netlist_unconn_output_handling: UNCONNECTED
analysis_opts.post_synth_netlist_module_parameters: on

# Building complex block graph
# Building complex block graph took 0.10 seconds (max_rss 24.5 MiB, delta_rss +5.6 MiB)
Circuit file: /inspire/hdd/project/project-public/changshunjie-253114010247/changshunjie-253114010247/workspace/DAC2027/TailCompile/experiments/vtr/runs/pilot_v1/sha/full-seed1-w300/sha.pre-vpr.blif
# Load circuit
Found 3 constant generator(s) in the netlist (2 constant-zero, 1 constant-one) (run with --netlist_verbosity 2 to list names)
# Load circuit took 0.02 seconds (max_rss 28.2 MiB, delta_rss +3.7 MiB)
# Clean circuit
Absorbed 0 LUT buffers
Found 22 primitive output pin(s) driven only by constants; marked them as constants
Swept input(s)      : 0
Swept output(s)     : 0 (0 dangling, 0 constant)
Swept net(s)        : 22
Swept block(s)      : 0
Constant Pins Marked: 22
# Clean circuit took 0.00 seconds (max_rss 28.2 MiB, delta_rss +0.0 MiB)
# Compress circuit
# Compress circuit took 0.00 seconds (max_rss 28.2 MiB, delta_rss +0.0 MiB)
# Verify circuit
# Verify circuit took 0.00 seconds (max_rss 28.2 MiB, delta_rss +0.0 MiB)
Circuit Statistics:
  Blocks: 2491
    .input :      38
    .latch :     893
    .names :    1215
        0-LUT:       2
        1-LUT:       1
        2-LUT:      63
        3-LUT:     106
        4-LUT:      88
        5-LUT:     314
        6-LUT:     641
    .output:      36
    adder  :     309
  Nets  : 2742
    Avg Fanout:     3.3
    Max Fanout:   893.0
    Min Fanout:     1.0
  Netlist Clocks: 1
# Build Timing Graph
  Timing Graph Nodes: 11695
  Timing Graph Edges: 18725
  Timing Graph Levels: 84
# Build Timing Graph took 0.01 seconds (max_rss 31.6 MiB, delta_rss +3.1 MiB)
Netlist contains 1 clocks
  Netlist Clock 'clk_i' Fanout: 893 pins (7.6%), 893 blocks (35.8%)
# Load Timing Constraints

SDC file 'sha.pre-vpr.sdc' not found
Setting default timing constraints:
   * constrain all primary inputs and primary outputs on netlist clock 'clk_i'
   * optimize netlist clock to run as fast as possible
Timing constraints created 1 clocks
  Constrained Clock 'clk_i' Source: 'clk_i.inpad[0]'

# Load Timing Constraints took 0.00 seconds (max_rss 31.6 MiB, delta_rss +0.0 MiB)
# Analytical Placement
## Prepacker

There is one chain in this architecture called "chain" with the following starting points:
	clb[0]/lab[0]/fle[0]/ble5[0]/arithmetic[0]/adder[0].cin[0]

## Prepacker took 0.00 seconds (max_rss 31.9 MiB, delta_rss +0.3 MiB)
## Initializing Pre-Cluster Timing
Using inter-cluster delay: 2.1832e-09
## Initializing Pre-Cluster Timing took 0.19 seconds (max_rss 32.5 MiB, delta_rss +0.6 MiB)
## Estimate Device Size
Device layout 'auto' with fixed width 14.
FPGA sized to 14 x 14: 196 grid tiles (auto)
## Estimate Device Size took 0.00 seconds (max_rss 32.5 MiB, delta_rss +0.0 MiB)
## Ram Mapper
Flat Placement is provided, skipping the RAM mapping.
## Ram Mapper took 0.00 seconds (max_rss 32.5 MiB, delta_rss +0.0 MiB)
## Read Atom Netlist to AP Netlist
## Read Atom Netlist to AP Netlist took 0.01 seconds (max_rss 36.3 MiB, delta_rss +3.8 MiB)
Analytical Placement Netlist Statistics:
	AP Blocks: 1315
		Moveable AP Blocks: 1315
		Fixed AP Blocks: 0
	AP Nets: 1563
		Average Fanout: 4.51
		Highest Fanout: 194
	AP Pins: 11695

## Computing placement delta delay look-up
### Build routing resource graph
### Build routing resource graph took 0.09 seconds (max_rss 45.8 MiB, delta_rss +9.5 MiB)
  RR Graph Nodes: 31124
  RR Graph Edges: 189472
### Computing router lookahead map
#### Computing wire lookahead
#### Computing wire lookahead took 0.03 seconds (max_rss 46.1 MiB, delta_rss +0.3 MiB)
#### Computing src/opin lookahead
Warning 1: Found no more sample locations for SOURCE in io
Warning 2: Found no more sample locations for OPIN in io
Warning 3: Found no more sample locations for SOURCE in clb
Warning 4: Found no more sample locations for OPIN in clb
Warning 5: Found no more sample locations for SOURCE in dsp_top
Warning 6: Found no more sample locations for OPIN in dsp_top
Warning 7: Found no more sample locations for SOURCE in memory
Warning 8: Found no more sample locations for OPIN in memory
#### Computing src/opin lookahead took 0.00 seconds (max_rss 46.1 MiB, delta_rss +0.0 MiB)
### Computing router lookahead map took 0.04 seconds (max_rss 46.1 MiB, delta_rss +0.3 MiB)
Serial Connection Router is being destroyed. Time spent on path search: 0.000 seconds.
## Computing placement delta delay look-up took 0.13 seconds (max_rss 46.1 MiB, delta_rss +9.8 MiB)
Flat Placement is provided in the AP flow, skipping the Global Placement.
0 of 1315 molecules placed at device center (no atoms of these molecules found in flat placement).
## AP Full Legalizer
### Creating Clusters
Device (width, height): (14,14)
#### Sorting and Grouping Blocks by Tile
#### Sorting and Grouping Blocks by Tile took 0.00 seconds (max_rss 46.1 MiB, delta_rss +0.0 MiB)
#### Reconstruction Pass Clustering
#### Reconstruction Pass Clustering took 2.09 seconds (max_rss 49.8 MiB, delta_rss +3.7 MiB)
#### Orphan Window Clustering with search radius 8
#### Orphan Window Clustering with search radius 8 took 0.01 seconds (max_rss 49.8 MiB, delta_rss +0.0 MiB)
FPGA sized to 14 x 14: 196 grid tiles (auto)
Device Utilization: 0.62 (target 1.00)
	Block Utilization: 0.19 Type: io
	Block Utilization: 0.93 Type: clb

----------------------------------------------------------------
                       Clustering Summary                       
----------------------------------------------------------------
Clusters created (Self Clustering)                       : 185
    clb        : 111
    io         : 74
Clusters created (Orphan Window Clustering)              : 1
    clb        : 1
Total clusters                                           : 186
Percent of clusters created in Orphan Window Clustering  : 0.54%
Molecules clustered in each stage breakdown  : (Total of 1315)
	Self Clustering          (0.996958)  : 1311
 	Neighbor Clustering      (0.000000)  : 0
	Orphan Window Clustering (0.003042)  : 4
----------------------------------------------------------------

Final Clustering Statistics: 
----------   --------   ------------------------------------   --------------------------
Block Type   # Blocks   Avg. # of input clocks and pins used   Avg. # of output pins used
----------   --------   ------------------------------------   --------------------------
     EMPTY          0                                      0                            0   
        io         74                               0.486486                     0.513514   
       clb        112                                25.4196                      8.98214   
   dsp_top          0                                      0                            0   
    memory          0                                      0                            0   
Absorbed logical nets 1698 out of 2742 nets, 1044 nets not absorbed.
#### Load packing
##### Loading packed FPGA netlist file.
Netlist generated from file '/inspire/hdd/project/project-public/changshunjie-253114010247/changshunjie-253114010247/workspace/DAC2027/TailCompile/vtr_work/tailcompile_v3/sha/4x4/gnn_candidate-fpb4925346-flat-recon-annealer-seed11-w80-devw14/sha.locked-input.net'.
Detected 2 constant generators (to see names run with higher pack verbosity)
##### Loading packed FPGA netlist file. took 0.17 seconds (max_rss 62.7 MiB, delta_rss +7.0 MiB)
Warning 9: Treated 2 constant nets as global which will not be routed (to see net names increase packer verbosity).
Netlist contains 33 global net to non-global architecture pin connections
Completed clustering consistency check successfully.
Cluster level netlist and block usage statistics
Netlist num_nets: 1044
Netlist num_blocks: 186
Netlist EMPTY blocks: 0.
Netlist io blocks: 74.
Netlist clb blocks: 112.
Netlist dsp_top blocks: 0.
Netlist memory blocks: 0.
Netlist inputs pins: 38
Netlist output pins: 36

Pb types usage...
  io               : 74
   inpad           : 38
   outpad          : 36
  clb              : 112
   lab             : 112
    fle            : 1086
     ble5          : 882
      flut5        : 573
       lut5        : 573
        lut        : 573
       ff          : 353
      arithmetic   : 309
       adder       : 309
     ble6          : 642
      lut6         : 642
       lut         : 642
      ff           : 540

#### Load packing took 0.25 seconds (max_rss 97.4 MiB, delta_rss +41.7 MiB)
Netlist contains 33 global net to non-global architecture pin connections
Cluster level netlist and block usage statistics
Netlist num_nets: 1044
Netlist num_blocks: 186
Netlist EMPTY blocks: 0.
Netlist io blocks: 74.
Netlist clb blocks: 112.
Netlist dsp_top blocks: 0.
Netlist memory blocks: 0.
Netlist inputs pins: 38
Netlist output pins: 36
### Creating Clusters took 2.46 seconds (max_rss 97.4 MiB, delta_rss +51.3 MiB)
Completed clustering consistency check successfully.
FPGA sized to 14 x 14: 196 grid tiles (auto)
### Compressed grid construction
### Compressed grid construction took 0.00 seconds (max_rss 97.4 MiB, delta_rss +0.0 MiB)
### Initial Placement
Placing clusters that are part of larger macros...
Number of blocks to be placed: 18
Max distance on device: 28
---- ---------- ---------- -------------
Pass Max Displ. Num Blocks Num Blocks   
     Threshold  Placed     Left Unplaced
---- ---------- ---------- -------------
   0          0         10             8
   1          1          8             0

Placing general clusters...
Number of blocks to be placed: 168
Max distance on device: 28
---- ---------- ---------- -------------
Pass Max Displ. Num Blocks Num Blocks   
     Threshold  Placed     Left Unplaced
---- ---------- ---------- -------------
   0          0        158            10
   1          1          2             8
   2          2          4             4
   3          4          1             3
   4          8          2             1
   5         16          1             0

### Initial Placement took 0.00 seconds (max_rss 97.4 MiB, delta_rss +0.0 MiB)
Flat Placement Reconstruction Info:
	Percent of clusters with reconstruction errors: 0.537634
	Total displacement of initial placement from flat placement: 1551.000000
	Average atom displacement of initial placement from flat placement: 0.622642
	Max atom displacement of initial placement from flat placement: 12.000000
	Percent of atoms misplaced from the flat placement: 19.791248
## AP Full Legalizer took 2.47 seconds (max_rss 97.4 MiB, delta_rss +51.3 MiB)

Resource usage...
	Netlist
		74	blocks of type: io
	Architecture
		384	blocks of type: io
	Netlist
		112	blocks of type: clb
	Architecture
		120	blocks of type: clb
	Netlist
		0	blocks of type: dsp_top
	Architecture
		3	blocks of type: dsp_top
	Netlist
		0	blocks of type: memory
	Architecture
		6	blocks of type: memory

Device Utilization: 0.62 (target 1.00)
	Physical Tile io:
	Block Utilization: 0.19 Logical Block: io
	Physical Tile clb:
	Block Utilization: 0.93 Logical Block: clb
	Physical Tile dsp_top:
	Block Utilization: 0.00 Logical Block: dsp_top
	Physical Tile memory:
	Block Utilization: 0.00 Logical Block: memory

## Computing placement delta delay look-up
RR graph channel widths unchanged, skipping RR graph rebuild
Serial Connection Router is being destroyed. Time spent on path search: 0.000 seconds.
## Computing placement delta delay look-up took 0.00 seconds (max_rss 97.6 MiB, delta_rss +0.0 MiB)
Using simple RL 'Softmax agent' for choosing move and block types

Completed placement consistency check successfully.
Initial placement cost: 1 bb_cost: 138.805 td_cost: 6.2921e-07
Initial placement BB estimate of wirelength: 11079.4
Initial placement estimated Critical Path Delay (CPD): 10.7637 ns
Initial placement estimated setup Total Negative Slack (sTNS): -3084.95 ns
Initial placement estimated setup Worst Negative Slack (sWNS): -10.7637 ns

Initial placement estimated setup slack histogram:
[ -1.1e-08: -9.8e-09)  16 (  1.7%) |*
[ -9.8e-09: -8.8e-09)  16 (  1.7%) |*
[ -8.8e-09: -7.8e-09)   0 (  0.0%) |
[ -7.8e-09: -6.8e-09)   0 (  0.0%) |
[ -6.8e-09: -5.7e-09)   0 (  0.0%) |
[ -5.7e-09: -4.7e-09)   0 (  0.0%) |
[ -4.7e-09: -3.7e-09) 128 ( 13.8%) |**********
[ -3.7e-09: -2.7e-09) 630 ( 67.8%) |***********************************************
[ -2.7e-09: -1.7e-09)  78 (  8.4%) |******
[ -1.7e-09: -7.3e-10)  61 (  6.6%) |*****
Placement contains 9 placement macros involving 18 blocks (average macro size 2.000000)

Moves per temperature: 530
## AP Detailed Placer

---- ------ ------- ------- ---------- ---------- ------- ---------- -------- ------- ------- ------ -------- --------- ------
Tnum  Time     T    AvCost  Av BB Cost Av TD Cost   CPD      sTNS      sWNS   AcRate  StdDev  R lim  CritExp  TotMoves  Alpha 
     (sec)                                          (ns)     (ns)      (ns)                                                   
---- ------ ------- ------- ---------- ---------- ------- ---------- -------- ------- ------- ------ -------- --------- ------
   1    0.0 3.2e-03   1.009     129.69 6.2074e-07  10.302  -3.01e+03  -10.302   0.651  0.0105   13.0     1.00        530  1.000
   2    0.0 3.1e-03   1.015     136.19 6.3147e-07  10.485   -3.2e+03  -10.485   0.740  0.0082   13.0     1.00       1060  0.950
   3    0.0 2.9e-03   1.008     140.13 6.5354e-07  10.157  -3.13e+03  -10.157   0.706  0.0056   13.0     1.00       1590  0.950
   4    0.0 2.8e-03   0.988     138.32 6.4327e-07  10.292  -3.08e+03  -10.292   0.664  0.0067   13.0     1.00       2120  0.950
   5    0.0 2.6e-03   0.982     137.06 6.3173e-07  10.693  -3.18e+03  -10.693   0.643  0.0084   13.0     1.00       2650  0.950
   6    0.0 2.5e-03   0.999     134.92 6.3333e-07  10.435  -3.19e+03  -10.435   0.681  0.0058   13.0     1.00       3180  0.950
   7    0.0 2.4e-03   0.980     132.01 6.4435e-07  10.355  -3.23e+03  -10.355   0.662  0.0092   13.0     1.00       3710  0.950
   8    0.0 2.3e-03   0.982     130.67 6.6642e-07   9.880  -3.24e+03   -9.880   0.630  0.0060   13.0     1.00       4240  0.950
   9    0.0 2.1e-03   0.983     127.33 6.1887e-07  10.823  -3.41e+03  -10.823   0.598  0.0104   13.0     1.00       4770  0.950
  10    0.0 2.0e-03   0.983     121.15 6.2144e-07  10.595  -3.21e+03  -10.595   0.596  0.0078   13.0     1.00       5300  0.950
  11    0.0 1.9e-03   0.994     121.29 6.1781e-07  10.277  -3.13e+03  -10.277   0.609  0.0058   13.0     1.00       5830  0.950
  12    0.0 1.8e-03   0.996     120.48 6.1943e-07  10.363  -3.22e+03  -10.363   0.568  0.0066   13.0     1.00       6360  0.950
  13    0.0 1.7e-03   0.989     120.93 6.3342e-07   9.769  -3.08e+03   -9.769   0.617  0.0066   13.0     1.00       6890  0.950
  14    0.0 1.7e-03   0.991     119.12 6.1043e-07   9.964  -2.97e+03   -9.964   0.566  0.0081   13.0     1.00       7420  0.950
  15    0.0 1.6e-03   1.004     117.59 6.0013e-07  10.142     -3e+03  -10.142   0.553  0.0089   13.0     1.00       7950  0.950
  16    0.0 1.5e-03   0.995     120.94 5.9081e-07  10.570  -3.11e+03  -10.570   0.526  0.0051   13.0     1.00       8480  0.950
  17    0.0 1.4e-03   1.010     121.61 6.081e-07   10.279  -3.11e+03  -10.279   0.572  0.0054   13.0     1.00       9010  0.950
  18    0.0 1.3e-03   0.998     122.07 6.2034e-07  10.003  -3.04e+03  -10.003   0.579  0.0027   13.0     1.00       9540  0.950
  19    0.0 1.3e-03   0.979     118.25 6.117e-07   10.162  -3.17e+03  -10.162   0.525  0.0094   13.0     1.00      10070  0.950
  20    0.0 1.2e-03   0.993     116.54 6.1854e-07   9.681     -3e+03   -9.681   0.528  0.0057   13.0     1.00      10600  0.950
  21    0.0 1.2e-03   0.996     115.44 5.9455e-07  10.001  -2.89e+03  -10.001   0.494  0.0045   13.0     1.00      11130  0.950
  22    0.0 1.1e-03   0.985     113.46 6.1527e-07   9.540  -2.94e+03   -9.540   0.504  0.0093   13.0     1.00      11660  0.950
  23    0.0 1.0e-03   1.007     112.74 6.0951e-07   9.633  -2.98e+03   -9.633   0.468  0.0035   13.0     1.00      12190  0.950
  24    0.0 9.9e-04   0.988     111.76 5.8821e-07  10.106  -2.97e+03  -10.106   0.457  0.0065   13.0     1.00      12720  0.950
  25    0.0 9.4e-04   0.995     109.98 5.904e-07    9.917   -2.9e+03   -9.917   0.449  0.0035   13.0     1.00      13250  0.950
  26    0.0 8.9e-04   0.991     108.08 5.8885e-07   9.904  -2.88e+03   -9.904   0.457  0.0043   13.0     1.00      13780  0.950
  27    0.0 8.5e-04   1.000     108.00 5.9826e-07   9.844  -2.98e+03   -9.844   0.453  0.0044   13.0     1.00      14310  0.950
  28    0.0 8.1e-04   0.995     108.24 5.9264e-07   9.910  -2.94e+03   -9.910   0.408  0.0019   13.0     1.00      14840  0.950
  29    0.0 7.7e-04   1.006     108.75 4.7171e-07   9.987  -2.95e+03   -9.987   0.423  0.0034   12.6     1.25      15370  0.950
  30    0.0 7.3e-04   0.997     108.00 4.3331e-07   9.805  -2.97e+03   -9.805   0.460  0.0035   12.4     1.37      15900  0.950
  31    0.0 6.9e-04   1.001     108.12 4.9033e-07   9.805  -2.95e+03   -9.805   0.425  0.0023   12.6     1.23      16430  0.950
  32    0.0 6.6e-04   1.002     108.06 4.4426e-07   9.814  -2.96e+03   -9.814   0.417  0.0030   12.4     1.34      16960  0.950
  33    0.0 6.2e-04   0.997     106.28 3.8741e-07   9.990  -3.08e+03   -9.990   0.385  0.0013   12.1     1.51      17490  0.950
  34    0.0 5.9e-04   0.995     105.90 3.0118e-07   9.942  -3.12e+03   -9.942   0.400  0.0034   11.5     1.90      18020  0.950
  35    0.0 5.6e-04   0.997     105.21 2.5803e-07   9.860  -3.06e+03   -9.860   0.404  0.0024   11.0     2.16      18550  0.950
  36    0.0 5.4e-04   0.995     102.95 2.2988e-07   9.926  -3.06e+03   -9.926   0.372  0.0021   10.6     2.40      19080  0.950
  37    0.0 5.1e-04   0.992     101.20 1.9689e-07   9.926  -3.14e+03   -9.926   0.370  0.0041    9.9     2.82      19610  0.950
  38    0.0 4.8e-04   1.003     101.67 1.7464e-07   9.926  -3.12e+03   -9.926   0.347  0.0015    9.2     3.22      20140  0.950
  39    0.0 4.6e-04   0.998     102.03 1.5521e-07   9.926  -3.04e+03   -9.926   0.311  0.0013    8.3     3.72      20670  0.950
  40    0.0 4.4e-04   0.998     101.29 1.4189e-07   9.926   -3.1e+03   -9.926   0.362  0.0011    7.3     4.35      21200  0.950
  41    0.0 4.1e-04   0.999     101.59 1.3721e-07   9.926   -3.1e+03   -9.926   0.368  0.0012    6.7     4.68      21730  0.950
  42    0.0 3.9e-04   1.001     101.68 1.3349e-07   9.926  -3.14e+03   -9.926   0.328  0.0012    6.2     4.96      22260  0.950
  43    0.0 3.7e-04   0.999     101.32 1.2845e-07   9.926  -3.11e+03   -9.926   0.317  0.0016    5.5     5.36      22790  0.950
  44    0.0 3.6e-04   0.998     100.09 1.2884e-07   9.760  -3.05e+03   -9.760   0.353  0.0012    4.8     5.76      23320  0.950
  45    0.0 3.4e-04   0.996      99.30 1.232e-07    9.900  -3.06e+03   -9.900   0.321  0.0021    4.4     6.01      23850  0.950
  46    0.0 3.2e-04   1.000      99.22 1.2061e-07   9.900  -3.06e+03   -9.900   0.306  0.0006    3.9     6.31      24380  0.950
  47    0.0 3.0e-04   0.999      99.76 1.177e-07    9.900  -2.94e+03   -9.900   0.294  0.0006    3.4     6.62      24910  0.950
  48    0.0 2.9e-04   0.995      98.62 1.1741e-07   9.574  -2.97e+03   -9.574   0.311  0.0025    2.9     6.90      25440  0.950
  49    0.0 2.8e-04   1.001      98.06 1.1635e-07   9.574  -2.96e+03   -9.574   0.291  0.0011    2.5     7.12      25970  0.950
  50    0.0 2.6e-04   0.998      97.55 1.1444e-07   9.549  -2.94e+03   -9.549   0.317  0.0011    2.1     7.34      26500  0.950
  51    0.0 2.5e-04   0.996      97.28 1.1677e-07   9.680     -3e+03   -9.680   0.347  0.0024    1.9     7.49      27030  0.950
  52    0.0 2.4e-04   0.998      96.51 1.1587e-07   9.460   -2.9e+03   -9.460   0.334  0.0010    1.7     7.59      27560  0.950
  53    0.0 2.2e-04   0.999      96.39 1.1589e-07   9.418  -2.91e+03   -9.418   0.319  0.0013    1.5     7.70      28090  0.950
  54    0.0 2.1e-04   1.000      96.19 1.1294e-07   9.495  -2.91e+03   -9.495   0.298  0.0008    1.3     7.81      28620  0.950
  55    0.0 2.0e-04   0.998      96.55 1.1233e-07   9.495  -2.92e+03   -9.495   0.325  0.0012    1.1     7.92      29150  0.950
  56    0.0 1.9e-04   1.000      96.20 1.1154e-07   9.473  -2.94e+03   -9.473   0.306  0.0016    1.0     7.99      29680  0.950
  57    0.0 1.8e-04   0.999      95.07 1.1509e-07   9.396  -2.95e+03   -9.396   0.274  0.0012    1.0     8.00      30210  0.950
  58    0.0 1.7e-04   0.999      94.77 1.1529e-07   9.396  -2.94e+03   -9.396   0.242  0.0007    1.0     8.00      30740  0.950
  59    0.0 1.6e-04   1.000      94.54 1.1524e-07   9.396  -2.96e+03   -9.396   0.243  0.0005    1.0     8.00      31270  0.950
  60    0.0 1.6e-04   1.001      94.56 1.1538e-07   9.396  -2.94e+03   -9.396   0.243  0.0007    1.0     8.00      31800  0.950
  61    0.0 1.5e-04   0.998      94.14 1.1241e-07   9.534  -2.95e+03   -9.534   0.194  0.0007    1.0     8.00      32330  0.950
  62    0.0 1.4e-04   1.000      93.87 1.1163e-07   9.538  -2.97e+03   -9.538   0.221  0.0005    1.0     8.00      32860  0.950
  63    0.0 1.3e-04   0.998      93.83 1.1324e-07   9.473  -2.95e+03   -9.473   0.217  0.0006    1.0     8.00      33390  0.950
  64    0.0 1.3e-04   1.000      93.72 1.1546e-07   9.396  -2.95e+03   -9.396   0.194  0.0007    1.0     8.00      33920  0.950
  65    0.0 1.2e-04   0.999      93.69 1.1268e-07   9.534  -2.96e+03   -9.534   0.204  0.0007    1.0     8.00      34450  0.950
  66    0.0 1.1e-04   1.000      93.44 1.1543e-07   9.396  -2.95e+03   -9.396   0.200  0.0004    1.0     8.00      34980  0.950
  67    0.0 1.1e-04   0.999      93.35 1.1542e-07   9.396  -2.93e+03   -9.396   0.177  0.0003    1.0     8.00      35510  0.950
  68    0.0 1.0e-04   0.999      93.26 1.1544e-07   9.396  -2.95e+03   -9.396   0.153  0.0004    1.0     8.00      36040  0.950
  69    0.0 9.9e-05   1.000      93.42 1.1274e-07   9.495  -2.95e+03   -9.495   0.194  0.0004    1.0     8.00      36570  0.950
  70    0.0 9.4e-05   0.999      93.17 1.1262e-07   9.495  -2.96e+03   -9.495   0.168  0.0011    1.0     8.00      37100  0.950
  71    0.0 8.9e-05   1.000      92.83 1.1263e-07   9.495  -2.96e+03   -9.495   0.119  0.0003    1.0     8.00      37630  0.950
Agent's 2nd state: 
  72    0.0 7.1e-05   1.000      92.91 1.1471e-07   9.418  -2.96e+03   -9.418   0.102  0.0002    1.0     8.00      38160  0.800
Checkpoint saved: bb_costs=92.9732, TD costs=1.12572e-07, CPD=  9.495 (ns) 
  73    0.0 5.7e-05   1.000      92.92 1.1257e-07   9.495  -2.96e+03   -9.495   0.083  0.0003    1.0     8.00      38690  0.800
Checkpoint saved: bb_costs=92.87, TD costs=1.14627e-07, CPD=  9.418 (ns) 
  74    0.0 4.6e-05   0.999      92.77 1.1455e-07   9.418  -2.96e+03   -9.418   0.058  0.0008    1.0     8.00      39220  0.800
Checkpoint saved: bb_costs=92.5131, TD costs=1.15108e-07, CPD=  9.396 (ns) 
  75    0.0 3.6e-05   1.000      92.50 1.151e-07    9.396  -2.95e+03   -9.396   0.060  0.0001    1.0     8.00      39750  0.800
  76    0.0 2.9e-05   1.000      92.48 1.151e-07    9.396  -2.95e+03   -9.396   0.053  0.0001    1.0     8.00      40280  0.800
  77    0.0 2.3e-05   1.000      92.39 1.1508e-07   9.396  -2.95e+03   -9.396   0.040  0.0002    1.0     8.00      40810  0.800
  78    0.0 1.9e-05   1.000      92.35 1.1507e-07   9.396  -2.95e+03   -9.396   0.051  0.0000    1.0     8.00      41340  0.800
  79    0.0 1.5e-05   1.000      92.27 1.1509e-07   9.396  -2.95e+03   -9.396   0.043  0.0001    1.0     8.00      41870  0.800
  80    0.0 1.2e-05   1.000      92.25 1.1508e-07   9.396  -2.95e+03   -9.396   0.038  0.0000    1.0     8.00      42400  0.800
  81    0.0 9.6e-06   1.000      92.22 1.1507e-07   9.396  -2.95e+03   -9.396   0.036  0.0001    1.0     8.00      42930  0.800
  82    0.0 7.6e-06   1.000      92.20 1.1506e-07   9.396  -2.95e+03   -9.396   0.045  0.0000    1.0     8.00      43460  0.800
  83    0.0 6.1e-06   1.000      92.18 1.1507e-07   9.396  -2.95e+03   -9.396   0.049  0.0000    1.0     8.00      43990  0.800
  84    0.0 4.9e-06   1.000      92.19 1.1507e-07   9.396  -2.95e+03   -9.396   0.026  0.0000    1.0     8.00      44520  0.800
  85    0.0 0.0e+00   1.000      92.18 1.1506e-07   9.396  -2.95e+03   -9.396   0.019  0.0000    1.0     8.00      45050  0.800
### Placement Quench took 0.01 seconds (max_rss 98.8 MiB)
post-quench CPD = 9.396 (ns) 

Completed placement consistency check successfully.

Swaps called: 45236

Aborted Move Reasons:
  duplicate block move to location: 54
  macro move to location illegal: 6
  macro_from swap to location illegal: 268

BB estimate of min-dist (placement) wire length: 7347

Placement estimated critical path delay (least slack): 9.396 ns, Fmax: 106.428 MHz
Placement estimated critical path skew: -0.04243 ns
Placement estimated setup Worst Negative Slack (sWNS): -9.396 ns
Placement estimated setup Total Negative Slack (sTNS): -2954.27 ns
Placement estimated setup Worst Skew (sWS): -0.04243 ns

Placement estimated setup slack histogram:
[ -9.4e-09: -8.5e-09)  16 (  1.7%) |*
[ -8.5e-09: -7.7e-09)  16 (  1.7%) |*
[ -7.7e-09: -6.8e-09)   0 (  0.0%) |
[ -6.8e-09: -5.9e-09)   0 (  0.0%) |
[ -5.9e-09:   -5e-09)   0 (  0.0%) |
[   -5e-09: -4.2e-09)  27 (  2.9%) |**
[ -4.2e-09: -3.3e-09) 161 ( 17.3%) |*************
[ -3.3e-09: -2.4e-09) 589 ( 63.4%) |***********************************************
[ -2.4e-09: -1.6e-09)  69 (  7.4%) |******
[ -1.6e-09:   -7e-10)  51 (  5.5%) |****

Placement estimated geomean non-virtual intra-domain period: 9.396 ns (106.428 MHz)
Placement estimated fanout-weighted geomean non-virtual intra-domain period: 9.396 ns (106.428 MHz)

Placement cost: 0.999919, bb_cost: 92.1758, td_cost: 1.15062e-07, 

Placement resource usage:
  io  implemented as io : 74
  clb implemented as clb: 112

Placement number of temperatures: 85
Placement total # of swap attempts: 45236
	Swaps accepted: 15679 (34.7 %)
	Swaps rejected: 28936 (64.0 %)
	Swaps aborted:   621 ( 1.4 %)


Placement perturbation distribution by block and move type: 
------------------ ----------------- ---------------- ---------------- --------------- ------------ 
    Block Type         Move Type       (%) of Total      Accepted(%)     Rejected(%)    Aborted(%)
------------------ ----------------- ---------------- ---------------- --------------- ------------ 
io                 Uniform                9.53             61.22           38.78          0.00         
                   Median                 8.90             60.72           34.43          4.84         
                   Centroid               8.74             63.69           36.23          0.08         
                   W. Centroid            9.35             63.71           36.24          0.05         
                   W. Median              0.86             14.32           80.56          5.12         

clb                Uniform                14.72            15.70           82.71          1.59         
                   Median                 14.13            24.91           73.41          1.67         
                   Centroid               13.56            21.28           77.58          1.14         
                   W. Centroid            14.41            21.12           77.53          1.35         
                   W. Median              1.37             0.97            95.97          3.06         
                   Crit. Uniform          2.21             0.00            100.00         0.00         
                   Feasible Region        2.22             0.10            98.80          1.10         


Placement Quench timing analysis took 0.00367424 seconds (0.00332717 STA, 0.000347062 slack) (1 full updates: 1 setup, 0 hold, 0 combined).
Placement Total  timing analysis took 0.364103 seconds (0.327351 STA, 0.0367523 slack) (87 full updates: 87 setup, 0 hold, 0 combined).
update_td_costs: connections 0.00195776 nets 0 sum_nets 0.00116974 total 0.00319791
## AP Detailed Placer took 0.82 seconds (max_rss 98.9 MiB, delta_rss +0.2 MiB)
Incr Slack updates 87 in 0.010118 sec
Full Max Req/Worst Slack updates 33 in 0.000883784 sec
Incr Max Req/Worst Slack updates 54 in 0.00185828 sec
Incr Criticality updates 30 in 0.00704481 sec
Full Criticality updates 57 in 0.0138284 sec
Incr Slack updates 1 in 9.4379e-05 sec
Full Max Req/Worst Slack updates 1 in 3.3949e-05 sec
Incr Max Req/Worst Slack updates 0 in 0 sec
Incr Criticality updates 0 in 0 sec
Full Criticality updates 1 in 0.000251212 sec
# Analytical Placement took 3.71 seconds (max_rss 99.0 MiB, delta_rss +67.5 MiB)


# Routing
RR graph channel widths unchanged, skipping RR graph rebuild
## Initializing router criticalities
Initial Net Connection Criticality Histogram:
[        0:      0.1) 227 (  7.9%) |************
[      0.1:      0.2) 813 ( 28.2%) |*********************************************
[      0.2:      0.3) 480 ( 16.6%) |**************************
[      0.3:      0.4) 856 ( 29.7%) |***********************************************
[      0.4:      0.5) 125 (  4.3%) |*******
[      0.5:      0.6)  30 (  1.0%) |**
[      0.6:      0.7)  60 (  2.1%) |***
[      0.7:      0.8)  35 (  1.2%) |**
[      0.8:      0.9)  46 (  1.6%) |***
[      0.9:        1) 211 (  7.3%) |************
## Initializing router criticalities took 0.05 seconds (max_rss 99.0 MiB, delta_rss +0.0 MiB)
---- ------ ------- ---- ------- ------- ------- ----------------- --------------- -------- ---------- ---------- ---------- ---------- --------
Iter   Time    pres  BBs    Heap  Re-Rtd  Re-Rtd Overused RR Nodes      Wirelength      CPD       sTNS       sWNS       hTNS       hWNS Est Succ
      (sec)     fac Updt    push    Nets   Conns                                       (ns)       (ns)       (ns)       (ns)       (ns)     Iter
---- ------ ------- ---- ------- ------- ------- ----------------- --------------- -------- ---------- ---------- ---------- ---------- --------
   1    0.0     0.0    0  101597    1041    2751    1170 ( 3.759%)   11505 (46.1%)    8.991     -3002.     -8.991      0.000      0.000      N/A
   2    0.0     0.5    0   94507     815    2317     896 ( 2.879%)   11630 (46.6%)    8.991     -3002.     -8.991      0.000      0.000      N/A
   3    0.0     0.6    0   96740     723    1978     863 ( 2.773%)   12252 (49.1%)    8.991     -3106.     -8.991      0.000      0.000      N/A
   4    0.0     0.8    0  101417     677    1853     796 ( 2.558%)   12646 (50.7%)    8.991     -3144.     -8.991      0.000      0.000      N/A
   5    0.0     1.1    0  112113     632    1845     666 ( 2.140%)   13185 (52.8%)    8.991     -3181.     -8.991      0.000      0.000      N/A
   6    0.0     1.4    0  116882     551    1594     571 ( 1.835%)   13460 (53.9%)    8.991     -3242.     -8.991      0.000      0.000      N/A
   7    0.0     1.9    0  112848     509    1284     467 ( 1.500%)   13902 (55.7%)    8.991     -3360.     -8.991      0.000      0.000      N/A
   8    0.0     2.4    0  136110     466    1429     460 ( 1.478%)   14199 (56.9%)    8.991     -3418.     -8.991      0.000      0.000      N/A
   9    0.0     3.1    0  138633     435    1316     376 ( 1.208%)   14742 (59.1%)    8.991     -3406.     -8.991      0.000      0.000       53
  10    0.0     4.1    0  133372     393    1011     325 ( 1.044%)   14970 (60.0%)    8.991     -3390.     -8.991      0.000      0.000       53
  11    0.0     5.3    0  136240     356     853     278 ( 0.893%)   15663 (62.8%)    8.991     -3534.     -8.991      0.000      0.000       51
  12    0.0     6.9    0  177092     332     794     254 ( 0.816%)   16160 (64.7%)    8.991     -3531.     -8.991      0.000      0.000       53
  13    0.0     9.0    0  142024     291     656     211 ( 0.678%)   16438 (65.9%)    9.154     -3572.     -9.154      0.000      0.000       52
  14    0.0    11.6    0  176193     272     710     231 ( 0.742%)   16998 (68.1%)    9.778     -3730.     -9.778      0.000      0.000       57
  15    0.0    15.1    0  205719     262     640     201 ( 0.646%)   17348 (69.5%)   10.603     -3968.    -10.603      0.000      0.000       61
  16    0.1    19.7    0  217888     257     601     189 ( 0.607%)   17711 (71.0%)    9.976     -4045.     -9.976      0.000      0.000       71
  17    0.1    25.6    0  340678     244     611     172 ( 0.553%)   18015 (72.2%)   10.084     -4076.    -10.084      0.000      0.000       73
  18    0.1    33.3    0  353395     227     516     166 ( 0.533%)   18372 (73.6%)   10.600     -4118.    -10.600      0.000      0.000       82
  19    0.1    43.3    0  396748     232     526     161 ( 0.517%)   18500 (74.1%)   10.395     -4300.    -10.395      0.000      0.000       86
  20    0.1    56.2    0  396598     226     533     161 ( 0.517%)   18581 (74.4%)   10.913     -4323.    -10.913      0.000      0.000      101
  21    0.1    73.1    0  429879     224     575     164 ( 0.527%)   18879 (75.6%)   11.587     -4394.    -11.587      0.000      0.000      111
  22    0.1    95.0    0  448942     226     541     169 ( 0.543%)   19264 (77.2%)   11.380     -4331.    -11.380      0.000      0.000      139
  23    0.1   123.5    0  438762     207     506     160 ( 0.514%)   19345 (77.5%)   11.241     -4355.    -11.241      0.000      0.000      152
Routing aborted, the predicted iteration for a successful route (151.9) is too high (abort threshold 150.0, 160 overused nodes, log-overuse slope -0.03883 over iterations 12-23).
Routing failed.

Failed routing attempt
Total number of overused nodes: 160
Total number of overused nodes is larger than the logging limit (20).
Displaying the first 20 entries.
Routing Failure Diagnostics: Printing Overused Nodes Information
------ ------- ---------- --------- -------- ------------ ------- ------- ------- ------- ------- ------- -------
   No.  NodeId  Occupancy  Capacity  RR Node    Direction    Side     PTC   Block    Xlow    Ylow   Xhigh   Yhigh
                                        type                          NUM    Name                                 
------ ------- ---------- --------- -------- ------------ ------- ------- ------- ------- ------- ------- -------
     0    9220          2         1     IPIN          N/A   RIGHT       5     clb       5      11       5      11
     1   14237          2         1     IPIN          N/A  BOTTOM      18     clb       8       3       8       3
     2   14277          2         1     IPIN          N/A  BOTTOM      58     clb       8       3       8       3
     3   14375          2         1     IPIN          N/A  BOTTOM       6     clb       8       4       8       4
     4   14388          2         1     IPIN          N/A    LEFT      19     clb       8       4       8       4
     5   14417          2         1     IPIN          N/A     TOP      48     clb       8       4       8       4
     6   14551          2         1     IPIN          N/A     TOP      32     clb       8       5       8       5
     7   14557          2         1     IPIN          N/A  BOTTOM      38     clb       8       5       8       5
     8   14722          2         1     IPIN          N/A   RIGHT      53     clb       8       6       8       6
     9   14725          2         1     IPIN          N/A     TOP      56     clb       8       6       8       6
    10   14727          2         1     IPIN          N/A  BOTTOM      58     clb       8       6       8       6
    11   14864          2         1     IPIN          N/A   RIGHT      45     clb       8       7       8       7
    12   14989          2         1     IPIN          N/A     TOP      20     clb       8       8       8       8
    13   15004          2         1     IPIN          N/A    LEFT      35     clb       8       8       8       8
    14   15014          2         1     IPIN          N/A   RIGHT      45     clb       8       8       8       8
    15   15828          2         1     IPIN          N/A   RIGHT      13     clb       9       1       9       1
    16   15969          2         1     IPIN          N/A     TOP       4     clb       9       2       9       2
    17   15971          2         1     IPIN          N/A  BOTTOM       6     clb       9       2       9       2
    18   16118          2         1     IPIN          N/A    LEFT       3     clb       9       3       9       3
    19   16143          2         1     IPIN          N/A     TOP      28     clb       9       3       9       3

Final Net Connection Criticality Histogram:
[        0:      0.1) 415 ( 14.4%) |********************************
[      0.1:      0.2) 458 ( 15.9%) |***********************************
[      0.2:      0.3) 448 ( 15.5%) |**********************************
[      0.3:      0.4) 615 ( 21.3%) |***********************************************
[      0.4:      0.5) 468 ( 16.2%) |************************************
[      0.5:      0.6) 144 (  5.0%) |***********
[      0.6:      0.7)  55 (  1.9%) |****
[      0.7:      0.8)  38 (  1.3%) |***
[      0.8:      0.9)  67 (  2.3%) |*****
[      0.9:        1) 175 (  6.1%) |*************
Router Stats: total_nets_routed: 9598 total_connections_routed: 25440 total_heap_pushes: 5004377 total_heap_pops: 1968169 
Serial Connection Router is being destroyed. Time spent on path search: 0.931 seconds.
# Routing took 1.30 seconds (max_rss 99.0 MiB, delta_rss +0.0 MiB)
Circuit is unroutable with a channel width factor of 80.
For a detailed report on the RR node overuse information (report_overused_nodes.rpt), specify --generate_rr_node_overuse_report on.
Incr Slack updates 24 in 0.00274013 sec
Full Max Req/Worst Slack updates 6 in 0.000165658 sec
Incr Max Req/Worst Slack updates 18 in 0.000636102 sec
Incr Criticality updates 11 in 0.00267023 sec
Full Criticality updates 13 in 0.00346617 sec

*****************************************************************************************
Warning 10: The following analysis results are for an illegal circuit implementation
*****************************************************************************************
Warning 11: Synchronization between packing and routing results was not applied due to illegal circuit implementation


Average number of bends per net: 2.64745  Maximum # of bends: 75

Number of global nets: 3
Number of routed nets (nonglobal): 1041
Wire length results (in units of 1 clb segments)...
	Total wirelength: 19345, average net length: 18.5831
	Maximum net length: 623

Wire length results in terms of physical segments...
	Total wiring segments used: 5364, average wire segments per net: 5.15274
	Maximum segments used by a net: 168
	Total local nets with reserved CLB opins: 0
Total number of nets absorbed: 9

Routing channel utilization histogram:
[        1:      inf)  10 (  3.0%) |*****
[      0.9:        1)  63 ( 18.6%) |*****************************
[      0.8:      0.9)  83 ( 24.6%) |***************************************
[      0.7:      0.8) 101 ( 29.9%) |***********************************************
[      0.5:      0.6)  37 ( 10.9%) |*****************
[      0.4:      0.5)  14 (  4.1%) |*******
[      0.3:      0.4)   2 (  0.6%) |*
[      0.2:      0.3)   2 (  0.6%) |*
[      0.1:      0.2)   0 (  0.0%) |
[        0:      0.1)  26 (  7.7%) |************
Maximum routing channel utilization:       1.1 at (8,0)

X - Directed channels: layer   y   max occ   ave occ   ave cap
                        ----- ---- -------- -------- --------
                            0    0       85   74.417       80
                            0    1       75   62.917       80
                            0    2       75   60.917       80
                            0    3       74   64.000       80
                            0    4       81   64.750       80
                            0    5       75   61.083       80
                            0    6       80   61.500       80
                            0    7       73   59.167       80
                            0    8       69   56.500       80
                            0    9       65   55.333       80
                            0   10       72   60.083       80
                            0   11       67   52.667       80
                            0   12       82   69.333       80
Y - Directed channels: layer   x   max occ   ave occ   ave cap
                        ----- ---- -------- -------- --------
                            0    0       72   64.083       80
                            0    1       49   40.417       80
                            0    2       52   42.333       80
                            0    3       67   53.833       80
                            0    4       72   61.833       80
                            0    5       68   59.417       80
                            0    6       67   60.583       80
                            0    7       76   66.750       80
                            0    8       76   69.250       80
                            0    9       79   72.583       80
                            0   10       80   72.583       80
                            0   11       77   69.500       80
                            0   12       82   76.250       80

Total existing wires segments: CHANX     12480, CHANY     12480, CHANZ         0, ALL     24960
Total used wires segments:     CHANX      9632, CHANY      9713, CHANZ         0, ALL     19345
Usage percentage:              CHANX     77.2%, CHANY     77.8%, CHANZ      0.0%, ALL     77.5%

Logic area (in minimum width transistor areas, excludes I/Os and empty grid tiles)...
	Total logic block area (Warning, need to add pitch of routing to blocks with height > 3): 4.93594e+06
	Total used logic block area: 3.12536e+06

Routing area (in minimum width transistor areas)...
	Total routing area: 1.20987e+06, per logic tile: 6172.79

Total Number of Wiring Segments by Direction: direction length number
                                              --------- ------ -------
                                                      X      4   3412
                                                      Y      4   3412
                                                      X     16    210
                                                      Y     16    210

X - Directed Wiring Segment usage by length: length utilization
                                             ------ -----------
                                             4       0.738
                                            16       0.652

Y - Directed Wiring Segment usage by length: length utilization
                                             ------ -----------
                                             4       0.755
                                            16       0.624

Segment occupancy by length: Length Occupancy Capacity Utilization
                             ------ --------- -------- -----------
                             L4          5096     6824       0.747
                             L16          268      420       0.638

Segment occupancy by type: name type utilization
                           ---- ---- -----------
                             L4    0       0.747
                            L16    1       0.638

Final hold Worst Negative Slack (hWNS): 0 ns
Final hold Total Negative Slack (hTNS): 0 ns
Final hold Worst Skew (hWS): 0 ns

Final hold slack histogram:
[  1.9e-10:  4.6e-10) 828 ( 89.1%) |***********************************************
[  4.6e-10:  7.3e-10)  32 (  3.4%) |**
[  7.3e-10:    1e-09)  27 (  2.9%) |**
[    1e-09:  1.3e-09)  22 (  2.4%) |*
[  1.3e-09:  1.5e-09)   5 (  0.5%) |
[  1.5e-09:  1.8e-09)   4 (  0.4%) |
[  1.8e-09:  2.1e-09)   4 (  0.4%) |
[  2.1e-09:  2.4e-09)   3 (  0.3%) |
[  2.4e-09:  2.6e-09)   2 (  0.2%) |
[  2.6e-09:  2.9e-09)   2 (  0.2%) |

Final critical path delay (least slack): 11.2407 ns, Fmax: 88.9622 MHz
Final critical path skew: -0.04243 ns
Final setup Worst Negative Slack (sWNS): -11.2407 ns
Final setup Total Negative Slack (sTNS): -4355.35 ns
Final setup Worst Skew (sWS): -0.04243 ns

Final setup slack histogram:
[ -1.1e-08:   -1e-08)  23 (  2.5%) |***
[   -1e-08: -9.1e-09)   9 (  1.0%) |*
[ -9.1e-09:   -8e-09)   0 (  0.0%) |
[   -8e-09: -6.9e-09)   7 (  0.8%) |*
[ -6.9e-09: -5.9e-09)  69 (  7.4%) |*********
[ -5.9e-09: -4.8e-09) 275 ( 29.6%) |***********************************
[ -4.8e-09: -3.7e-09) 366 ( 39.4%) |***********************************************
[ -3.7e-09: -2.6e-09) 139 ( 15.0%) |******************
[ -2.6e-09: -1.6e-09)  11 (  1.2%) |*
[ -1.6e-09: -4.9e-10)  30 (  3.2%) |****

Final geomean non-virtual intra-domain period: 11.2407 ns (88.9622 MHz)
Final fanout-weighted geomean non-virtual intra-domain period: 11.2407 ns (88.9622 MHz)

Incr Slack updates 1 in 9.5413e-05 sec
Full Max Req/Worst Slack updates 1 in 2.8232e-05 sec
Incr Max Req/Worst Slack updates 0 in 0 sec
Incr Criticality updates 0 in 0 sec
Full Criticality updates 1 in 0.000265088 sec
VPR failed to implement circuit
The entire flow of VPR took 5.35 seconds (max_rss 99.0 MiB)

