VPR FPGA Placement and Routing.
Version: 9.0.0-dev+v8.0.0-18248-g40f8d19708
Revision: v8.0.0-18248-g40f8d19708
Compiled: 2026-09-22T03:43:48
Compiler: GNU 13.3.0 on Linux-5.15.0-119-generic x86_64
Build Info: release IPO VTR_ASSERT_LEVEL=2

University of Toronto
verilogtorouting.org
vtr-users@googlegroups.com
This is free open source code under MIT license.

VPR was run with the following command-line:
/inspire/hdd/project/project-public/changshunjie-253114010247/changshunjie-253114010247/workspace/DAC2027/vtr/vtr-verilog-to-routing/vpr/vpr /inspire/hdd/project/project-public/changshunjie-253114010247/changshunjie-253114010247/workspace/DAC2027/vtr/vtr-verilog-to-routing/vtr_flow/arch/COFFE_22nm/k6FracN10LB_mem20K_complexDSP_customSB_22nm.xml /inspire/hdd/project/project-public/changshunjie-253114010247/changshunjie-253114010247/workspace/DAC2027/TailCompile/experiments/vtr/runs/pilot_v1/sha/full-seed1-w300/sha.pre-vpr.blif --analytical_place --route --analysis --ap_full_legalizer flat-recon --ap_detailed_placer annealer --seed 11 --route_chan_width 110 --write_flat_place /inspire/hdd/project/project-public/changshunjie-253114010247/changshunjie-253114010247/workspace/DAC2027/TailCompile/vtr_work/tailcompile_v3/sha/4x4/gnn_candidate-fp3f5fe7a8-flat-recon-annealer-seed11-w110-devw14/post_route.fplace --write_legalized_flat_place /inspire/hdd/project/project-public/changshunjie-253114010247/changshunjie-253114010247/workspace/DAC2027/TailCompile/vtr_work/tailcompile_v3/sha/4x4/gnn_candidate-fp3f5fe7a8-flat-recon-annealer-seed11-w110-devw14/post_legalizer.fplace --flat_place_verbosity 1 --device_width 14 --net_file /inspire/hdd/project/project-public/changshunjie-253114010247/changshunjie-253114010247/workspace/DAC2027/TailCompile/vtr_work/tailcompile_v3/sha/4x4/gnn_candidate-fp3f5fe7a8-flat-recon-annealer-seed11-w110-devw14/sha.locked-input.net --read_flat_place /inspire/hdd/global_user/changshunjie-253114010247/workspace/DAC2027/TailCompile/experiments/vtr/tailcompile_v3/sha/4x4/pools/bootstrap_24/candidate_02_seed12029.fplace

Using up to 1 parallel worker(s)

Architecture file: /inspire/hdd/project/project-public/changshunjie-253114010247/changshunjie-253114010247/workspace/DAC2027/vtr/vtr-verilog-to-routing/vtr_flow/arch/COFFE_22nm/k6FracN10LB_mem20K_complexDSP_customSB_22nm.xml
Circuit name: sha.pre-vpr

# Loading Architecture Description
# Loading Architecture Description took 0.04 seconds (max_rss 19.0 MiB, delta_rss +0.0 MiB)

Timing analysis: ON
Circuit netlist file: /inspire/hdd/project/project-public/changshunjie-253114010247/changshunjie-253114010247/workspace/DAC2027/TailCompile/vtr_work/tailcompile_v3/sha/4x4/gnn_candidate-fp3f5fe7a8-flat-recon-annealer-seed11-w110-devw14/sha.locked-input.net
Circuit placement file: sha.pre-vpr.place
Circuit routing file: sha.pre-vpr.route
Circuit SDC file: sha.pre-vpr.sdc
Vpr floorplanning constraints file: not specified

Packer: DISABLED
Placer: DISABLED
Analytical Placer: ENABLED
Router: ENABLED
Analysis: ENABLED

VPR was run with the following options:

netlist_opts.absorb_buffer_luts            : true
netlist_opts.sweep_dangling_primary_ios    : true
netlist_opts.sweep_dangling_nets           : true
netlist_opts.sweep_dangling_blocks         : true
netlist_opts.sweep_constant_primary_outputs: false
netlist_opts.netlist_verbosity             : 1
netlist_opts.const_gen_inference           : COMB_SEQ

AnalyticalPlacerOpts.analytical_solver_type: lp-b2b
AnalyticalPlacerOpts.partial_legalizer_type: bipartitioning
AnalyticalPlacerOpts.full_legalizer_type: flat-recon
AnalyticalPlacerOpts.detailed_placer_type: annealer
AnalyticalPlacerOpts.ap_timing_tradeoff: 0.500000
AnalyticalPlacerOpts.ap_high_fanout_threshold: 256
AnalyticalPlacerOpts.log_verbosity: 1
router_opts.route_type: DETAILED
router_opts.flat_routing: false
router_opts.choke_points: on
router_opts.router_algorithm: TIMING_DRIVEN
router_opts.base_cost_type: DELAY_NORMALIZED_LENGTH
router_opts.fixed_channel_width: 110
router_opts.check_route: FULL
router_opts.acc_fac: 1.000000
router_opts.bb_factor: 3
router_opts.bend_cost: 0.000000
router_opts.first_iter_pres_fac: 0.000000
router_opts.initial_pres_fac: 0.500000
router_opts.pres_fac_mult: 1.300000
router_opts.max_pres_fac: 1000.000000
router_opts.max_router_iterations: 50
router_opts.min_incremental_reroute_fanout: 16
router_opts.initial_acc_cost_chan_congestion_threshold: 0.500000
router_opts.initial_acc_cost_chan_congestion_weight: 0.500000
router_opts.do_check_rr_graph: true
router_opts.verify_binary_search: false
router_opts.min_channel_width_hint: 0
router_opts.read_rr_edge_metadata: false
router_opts.exit_after_first_routing_iteration: false
router_opts.astar_fac: 1.200000
router_opts.astar_offset: 0.000000
router_opts.router_profiler_astar_fac: 1.200000
router_opts.enable_parallel_connection_router: false
router_opts.post_target_prune_fac: 1.200000
router_opts.post_target_prune_offset: 0
router_opts.multi_queue_num_threads: 1
router_opts.multi_queue_num_queues: 2
router_opts.multi_queue_direct_draining: false
router_opts.criticality_exp: 1.000000
router_opts.max_criticality: 0.990000
router_opts.init_wirelength_abort_threshold: 0.850000
router_opts.incr_reroute_delay_ripup: AUTO
router_opts.save_routing_per_iteration: false
router_opts.congested_routing_iteration_threshold_frac: 1.000000
router_opts.high_fanout_threshold: 64
router_opts.router_debug_net: -2
router_opts.router_debug_sink_rr: -2
router_opts.router_debug_iteration: -2
router_opts.max_convergence_count: 1
router_opts.reconvergence_cpd_threshold: 0.990000
router_opts.update_lower_bound_delays: true
router_opts.first_iteration_timing_report_file: 
router_opts.route_bb_update: DYNAMIC
router_opts.lookahead_type: MAP
router_opts.initial_timing: LOOKAHEAD
router_opts.router_heap: FOUR_ARY_HEAP
router_opts.routing_failure_predictor = SAFE
router_opts.routing_predictor_min_history: 8
router_opts.routing_budgets_algorithm = DISABLE

analysis_opts.gen_post_synthesis_netlist: false
analysis_opts.gen_post_implementation_merged_netlist: false
analysis_opts.gen_post_implementation_sdc: false
analysis_opts.timing_report_npaths: 100
analysis_opts.timing_report_skew: false
analysis_opts.echo_dot_timing_graph_node: -1
analysis_opts.timing_report_detail: NETLIST
analysis_opts.post_synth_netlist_unconn_input_handling: UNCONNECTED
analysis_opts.post_synth_netlist_unconn_output_handling: UNCONNECTED
analysis_opts.post_synth_netlist_module_parameters: on

# Building complex block graph
# Building complex block graph took 0.10 seconds (max_rss 24.6 MiB, delta_rss +5.6 MiB)
Circuit file: /inspire/hdd/project/project-public/changshunjie-253114010247/changshunjie-253114010247/workspace/DAC2027/TailCompile/experiments/vtr/runs/pilot_v1/sha/full-seed1-w300/sha.pre-vpr.blif
# Load circuit
Found 3 constant generator(s) in the netlist (2 constant-zero, 1 constant-one) (run with --netlist_verbosity 2 to list names)
# Load circuit took 0.02 seconds (max_rss 28.3 MiB, delta_rss +3.7 MiB)
# Clean circuit
Absorbed 0 LUT buffers
Found 22 primitive output pin(s) driven only by constants; marked them as constants
Swept input(s)      : 0
Swept output(s)     : 0 (0 dangling, 0 constant)
Swept net(s)        : 22
Swept block(s)      : 0
Constant Pins Marked: 22
# Clean circuit took 0.00 seconds (max_rss 28.3 MiB, delta_rss +0.0 MiB)
# Compress circuit
# Compress circuit took 0.00 seconds (max_rss 28.3 MiB, delta_rss +0.0 MiB)
# Verify circuit
# Verify circuit took 0.00 seconds (max_rss 28.3 MiB, delta_rss +0.0 MiB)
Circuit Statistics:
  Blocks: 2491
    .input :      38
    .latch :     893
    .names :    1215
        0-LUT:       2
        1-LUT:       1
        2-LUT:      63
        3-LUT:     106
        4-LUT:      88
        5-LUT:     314
        6-LUT:     641
    .output:      36
    adder  :     309
  Nets  : 2742
    Avg Fanout:     3.3
    Max Fanout:   893.0
    Min Fanout:     1.0
  Netlist Clocks: 1
# Build Timing Graph
  Timing Graph Nodes: 11695
  Timing Graph Edges: 18725
  Timing Graph Levels: 84
# Build Timing Graph took 0.01 seconds (max_rss 31.6 MiB, delta_rss +3.1 MiB)
Netlist contains 1 clocks
  Netlist Clock 'clk_i' Fanout: 893 pins (7.6%), 893 blocks (35.8%)
# Load Timing Constraints

SDC file 'sha.pre-vpr.sdc' not found
Setting default timing constraints:
   * constrain all primary inputs and primary outputs on netlist clock 'clk_i'
   * optimize netlist clock to run as fast as possible
Timing constraints created 1 clocks
  Constrained Clock 'clk_i' Source: 'clk_i.inpad[0]'

# Load Timing Constraints took 0.00 seconds (max_rss 31.6 MiB, delta_rss +0.0 MiB)
# Analytical Placement
## Prepacker

There is one chain in this architecture called "chain" with the following starting points:
	clb[0]/lab[0]/fle[0]/ble5[0]/arithmetic[0]/adder[0].cin[0]

## Prepacker took 0.00 seconds (max_rss 31.9 MiB, delta_rss +0.3 MiB)
## Initializing Pre-Cluster Timing
Using inter-cluster delay: 2.1832e-09
## Initializing Pre-Cluster Timing took 0.20 seconds (max_rss 32.5 MiB, delta_rss +0.6 MiB)
## Estimate Device Size
Device layout 'auto' with fixed width 14.
FPGA sized to 14 x 14: 196 grid tiles (auto)
## Estimate Device Size took 0.00 seconds (max_rss 32.5 MiB, delta_rss +0.0 MiB)
## Ram Mapper
Flat Placement is provided, skipping the RAM mapping.
## Ram Mapper took 0.00 seconds (max_rss 32.5 MiB, delta_rss +0.0 MiB)
## Read Atom Netlist to AP Netlist
## Read Atom Netlist to AP Netlist took 0.01 seconds (max_rss 36.4 MiB, delta_rss +3.8 MiB)
Analytical Placement Netlist Statistics:
	AP Blocks: 1315
		Moveable AP Blocks: 1315
		Fixed AP Blocks: 0
	AP Nets: 1563
		Average Fanout: 4.51
		Highest Fanout: 194
	AP Pins: 11695

## Computing placement delta delay look-up
### Build routing resource graph
### Build routing resource graph took 0.11 seconds (max_rss 47.5 MiB, delta_rss +11.1 MiB)
  RR Graph Nodes: 33828
  RR Graph Edges: 257320
### Computing router lookahead map
#### Computing wire lookahead
#### Computing wire lookahead took 0.04 seconds (max_rss 48.2 MiB, delta_rss +0.5 MiB)
#### Computing src/opin lookahead
Warning 1: Found no more sample locations for SOURCE in io
Warning 2: Found no more sample locations for OPIN in io
Warning 3: Found no more sample locations for SOURCE in clb
Warning 4: Found no more sample locations for OPIN in clb
Warning 5: Found no more sample locations for SOURCE in dsp_top
Warning 6: Found no more sample locations for OPIN in dsp_top
Warning 7: Found no more sample locations for SOURCE in memory
Warning 8: Found no more sample locations for OPIN in memory
#### Computing src/opin lookahead took 0.01 seconds (max_rss 48.2 MiB, delta_rss +0.0 MiB)
### Computing router lookahead map took 0.05 seconds (max_rss 48.2 MiB, delta_rss +0.5 MiB)
Serial Connection Router is being destroyed. Time spent on path search: 0.000 seconds.
## Computing placement delta delay look-up took 0.17 seconds (max_rss 48.2 MiB, delta_rss +11.9 MiB)
Flat Placement is provided in the AP flow, skipping the Global Placement.
0 of 1315 molecules placed at device center (no atoms of these molecules found in flat placement).
## AP Full Legalizer
### Creating Clusters
Device (width, height): (14,14)
#### Sorting and Grouping Blocks by Tile
#### Sorting and Grouping Blocks by Tile took 0.00 seconds (max_rss 48.2 MiB, delta_rss +0.0 MiB)
#### Reconstruction Pass Clustering
#### Reconstruction Pass Clustering took 2.10 seconds (max_rss 50.1 MiB, delta_rss +1.9 MiB)
#### Orphan Window Clustering with search radius 8
#### Orphan Window Clustering with search radius 8 took 0.01 seconds (max_rss 50.1 MiB, delta_rss +0.0 MiB)
FPGA sized to 14 x 14: 196 grid tiles (auto)
Device Utilization: 0.62 (target 1.00)
	Block Utilization: 0.19 Type: io
	Block Utilization: 0.93 Type: clb

----------------------------------------------------------------
                       Clustering Summary                       
----------------------------------------------------------------
Clusters created (Self Clustering)                       : 185
    clb        : 111
    io         : 74
Clusters created (Orphan Window Clustering)              : 1
    clb        : 1
Total clusters                                           : 186
Percent of clusters created in Orphan Window Clustering  : 0.54%
Molecules clustered in each stage breakdown  : (Total of 1315)
	Self Clustering          (0.996958)  : 1311
 	Neighbor Clustering      (0.000000)  : 0
	Orphan Window Clustering (0.003042)  : 4
----------------------------------------------------------------

Final Clustering Statistics: 
----------   --------   ------------------------------------   --------------------------
Block Type   # Blocks   Avg. # of input clocks and pins used   Avg. # of output pins used
----------   --------   ------------------------------------   --------------------------
     EMPTY          0                                      0                            0   
        io         74                               0.486486                     0.513514   
       clb        112                                25.4196                      8.98214   
   dsp_top          0                                      0                            0   
    memory          0                                      0                            0   
Absorbed logical nets 1698 out of 2742 nets, 1044 nets not absorbed.
#### Load packing
##### Loading packed FPGA netlist file.
Netlist generated from file '/inspire/hdd/project/project-public/changshunjie-253114010247/changshunjie-253114010247/workspace/DAC2027/TailCompile/vtr_work/tailcompile_v3/sha/4x4/gnn_candidate-fp3f5fe7a8-flat-recon-annealer-seed11-w110-devw14/sha.locked-input.net'.
Detected 2 constant generators (to see names run with higher pack verbosity)
##### Loading packed FPGA netlist file. took 0.17 seconds (max_rss 61.8 MiB, delta_rss +7.1 MiB)
Warning 9: Treated 2 constant nets as global which will not be routed (to see net names increase packer verbosity).
Netlist contains 33 global net to non-global architecture pin connections
Completed clustering consistency check successfully.
Cluster level netlist and block usage statistics
Netlist num_nets: 1044
Netlist num_blocks: 186
Netlist EMPTY blocks: 0.
Netlist io blocks: 74.
Netlist clb blocks: 112.
Netlist dsp_top blocks: 0.
Netlist memory blocks: 0.
Netlist inputs pins: 38
Netlist output pins: 36

Pb types usage...
  io               : 74
   inpad           : 38
   outpad          : 36
  clb              : 112
   lab             : 112
    fle            : 1086
     ble5          : 882
      flut5        : 573
       lut5        : 573
        lut        : 573
       ff          : 353
      arithmetic   : 309
       adder       : 309
     ble6          : 642
      lut6         : 642
       lut         : 642
      ff           : 540

#### Load packing took 0.25 seconds (max_rss 100.4 MiB, delta_rss +45.7 MiB)
Netlist contains 33 global net to non-global architecture pin connections
Cluster level netlist and block usage statistics
Netlist num_nets: 1044
Netlist num_blocks: 186
Netlist EMPTY blocks: 0.
Netlist io blocks: 74.
Netlist clb blocks: 112.
Netlist dsp_top blocks: 0.
Netlist memory blocks: 0.
Netlist inputs pins: 38
Netlist output pins: 36
### Creating Clusters took 2.48 seconds (max_rss 100.4 MiB, delta_rss +52.1 MiB)
Completed clustering consistency check successfully.
FPGA sized to 14 x 14: 196 grid tiles (auto)
### Compressed grid construction
### Compressed grid construction took 0.00 seconds (max_rss 100.4 MiB, delta_rss +0.0 MiB)
### Initial Placement
Placing clusters that are part of larger macros...
Number of blocks to be placed: 18
Max distance on device: 28
---- ---------- ---------- -------------
Pass Max Displ. Num Blocks Num Blocks   
     Threshold  Placed     Left Unplaced
---- ---------- ---------- -------------
   0          0         12             6
   1          1          6             0

Placing general clusters...
Number of blocks to be placed: 168
Max distance on device: 28
---- ---------- ---------- -------------
Pass Max Displ. Num Blocks Num Blocks   
     Threshold  Placed     Left Unplaced
---- ---------- ---------- -------------
   0          0        160             8
   1          1          1             7
   2          2          2             5
   3          4          2             3
   4          8          3             0

### Initial Placement took 0.00 seconds (max_rss 100.4 MiB, delta_rss +0.0 MiB)
Flat Placement Reconstruction Info:
	Percent of clusters with reconstruction errors: 0.537634
	Total displacement of initial placement from flat placement: 1590.000000
	Average atom displacement of initial placement from flat placement: 0.638298
	Max atom displacement of initial placement from flat placement: 9.000000
	Percent of atoms misplaced from the flat placement: 20.032116
## AP Full Legalizer took 2.48 seconds (max_rss 100.4 MiB, delta_rss +52.1 MiB)

Resource usage...
	Netlist
		74	blocks of type: io
	Architecture
		384	blocks of type: io
	Netlist
		112	blocks of type: clb
	Architecture
		120	blocks of type: clb
	Netlist
		0	blocks of type: dsp_top
	Architecture
		3	blocks of type: dsp_top
	Netlist
		0	blocks of type: memory
	Architecture
		6	blocks of type: memory

Device Utilization: 0.62 (target 1.00)
	Physical Tile io:
	Block Utilization: 0.19 Logical Block: io
	Physical Tile clb:
	Block Utilization: 0.93 Logical Block: clb
	Physical Tile dsp_top:
	Block Utilization: 0.00 Logical Block: dsp_top
	Physical Tile memory:
	Block Utilization: 0.00 Logical Block: memory

## Computing placement delta delay look-up
RR graph channel widths unchanged, skipping RR graph rebuild
Serial Connection Router is being destroyed. Time spent on path search: 0.000 seconds.
## Computing placement delta delay look-up took 0.00 seconds (max_rss 100.5 MiB, delta_rss +0.0 MiB)
Using simple RL 'Softmax agent' for choosing move and block types

Completed placement consistency check successfully.
Initial placement cost: 1 bb_cost: 101.843 td_cost: 6.44424e-07
Initial placement BB estimate of wirelength: 11178
Initial placement estimated Critical Path Delay (CPD): 10.5934 ns
Initial placement estimated setup Total Negative Slack (sTNS): -3068.82 ns
Initial placement estimated setup Worst Negative Slack (sWNS): -10.5934 ns

Initial placement estimated setup slack histogram:
[ -1.1e-08: -9.6e-09)  23 (  2.5%) |**
[ -9.6e-09: -8.6e-09)   9 (  1.0%) |*
[ -8.6e-09: -7.6e-09)   0 (  0.0%) |
[ -7.6e-09: -6.6e-09)   0 (  0.0%) |
[ -6.6e-09: -5.7e-09)   0 (  0.0%) |
[ -5.7e-09: -4.7e-09)   2 (  0.2%) |
[ -4.7e-09: -3.7e-09) 126 ( 13.6%) |*********
[ -3.7e-09: -2.7e-09) 629 ( 67.7%) |***********************************************
[ -2.7e-09: -1.7e-09)  78 (  8.4%) |******
[ -1.7e-09: -7.3e-10)  62 (  6.7%) |*****
Placement contains 9 placement macros involving 18 blocks (average macro size 2.000000)

Moves per temperature: 530
## AP Detailed Placer

---- ------ ------- ------- ---------- ---------- ------- ---------- -------- ------- ------- ------ -------- --------- ------
Tnum  Time     T    AvCost  Av BB Cost Av TD Cost   CPD      sTNS      sWNS   AcRate  StdDev  R lim  CritExp  TotMoves  Alpha 
     (sec)                                          (ns)     (ns)      (ns)                                                   
---- ------ ------- ------- ---------- ---------- ------- ---------- -------- ------- ------- ------ -------- --------- ------
   1    0.0 4.1e-03   1.018      94.03 6.1903e-07  10.691  -3.14e+03  -10.691   0.670  0.0145   13.0     1.00        530  1.000
   2    0.0 3.9e-03   1.031      96.70 6.301e-07   10.680  -3.15e+03  -10.680   0.672  0.0145   13.0     1.00       1060  0.950
   3    0.0 3.7e-03   1.007      99.92 6.3445e-07  10.953  -3.17e+03  -10.953   0.713  0.0126   13.0     1.00       1590  0.950
   4    0.0 3.5e-03   0.991      99.21 6.2759e-07  11.371  -3.35e+03  -11.371   0.645  0.0134   13.0     1.00       2120  0.950
   5    0.0 3.3e-03   1.006     101.02 6.5221e-07  10.586  -3.32e+03  -10.586   0.681  0.0093   13.0     1.00       2650  0.950
   6    0.0 3.1e-03   0.981     100.83 6.6096e-07  10.397  -3.24e+03  -10.397   0.670  0.0083   13.0     1.00       3180  0.950
   7    0.0 3.0e-03   0.981     100.52 6.7113e-07  10.028  -3.07e+03  -10.028   0.677  0.0096   13.0     1.00       3710  0.950
   8    0.0 2.8e-03   1.026     102.85 6.3367e-07  10.993   -3.3e+03  -10.993   0.662  0.0081   13.0     1.00       4240  0.950
   9    0.0 2.7e-03   0.983     100.89 6.7758e-07  10.129  -3.09e+03  -10.129   0.625  0.0068   13.0     1.00       4770  0.950
  10    0.0 2.6e-03   0.988      99.50 6.6532e-07  10.324  -3.34e+03  -10.324   0.643  0.0119   13.0     1.00       5300  0.950
  11    0.0 2.4e-03   0.993      99.09 6.5825e-07  10.447  -3.23e+03  -10.447   0.581  0.0063   13.0     1.00       5830  0.950
  12    0.0 2.3e-03   0.992      98.12 6.5538e-07  10.122  -3.05e+03  -10.122   0.604  0.0095   13.0     1.00       6360  0.950
  13    0.0 2.2e-03   0.998      97.56 6.3882e-07  10.535  -3.17e+03  -10.535   0.640  0.0079   13.0     1.00       6890  0.950
  14    0.0 2.1e-03   0.989      95.82 6.4884e-07  10.296  -3.24e+03  -10.296   0.583  0.0122   13.0     1.00       7420  0.950
  15    0.0 2.0e-03   0.998      92.80 6.6208e-07   9.949  -3.27e+03   -9.949   0.604  0.0046   13.0     1.00       7950  0.950
  16    0.0 1.9e-03   0.987      93.12 6.3727e-07  10.478  -3.29e+03  -10.478   0.613  0.0072   13.0     1.00       8480  0.950
  17    0.0 1.8e-03   0.975      88.22 6.1778e-07  10.480  -3.19e+03  -10.480   0.575  0.0085   13.0     1.00       9010  0.950
  18    0.0 1.7e-03   1.004      88.57 6.3808e-07   9.736  -3.03e+03   -9.736   0.564  0.0032   13.0     1.00       9540  0.950
  19    0.0 1.6e-03   0.995      88.29 6.3948e-07   9.821  -3.14e+03   -9.821   0.568  0.0046   13.0     1.00      10070  0.950
  20    0.0 1.5e-03   0.998      87.07 6.364e-07    9.953  -3.11e+03   -9.953   0.545  0.0052   13.0     1.00      10600  0.950
  21    0.0 1.5e-03   0.992      85.65 6.4662e-07   9.696  -3.11e+03   -9.696   0.494  0.0062   13.0     1.00      11130  0.950
  22    0.0 1.4e-03   1.002      85.19 6.3176e-07   9.713  -3.04e+03   -9.713   0.521  0.0042   13.0     1.00      11660  0.950
  23    0.0 1.3e-03   0.992      84.04 6.1693e-07  10.052  -3.03e+03  -10.052   0.513  0.0059   13.0     1.00      12190  0.950
  24    0.0 1.2e-03   0.997      83.11 6.1921e-07   9.716  -2.98e+03   -9.716   0.508  0.0024   13.0     1.00      12720  0.950
  25    0.0 1.2e-03   1.003      83.18 6.1715e-07   9.808  -2.98e+03   -9.808   0.508  0.0037   13.0     1.00      13250  0.950
  26    0.0 1.1e-03   0.990      83.21 6.3496e-07   9.640   -3.1e+03   -9.640   0.502  0.0086   13.0     1.00      13780  0.950
  27    0.0 1.1e-03   0.999      81.17 6.1846e-07   9.810     -3e+03   -9.810   0.462  0.0031   13.0     1.00      14310  0.950
  28    0.0 1.0e-03   0.995      80.28 6.0714e-07  10.028  -2.95e+03  -10.028   0.438  0.0040   13.0     1.00      14840  0.950
  29    0.0 9.7e-04   1.009      80.97 5.9446e-07   9.969  -2.96e+03   -9.969   0.511  0.0065   13.0     1.02      15370  0.950
  30    0.0 9.2e-04   0.987      81.51 6.0885e-07   9.744  -2.88e+03   -9.744   0.462  0.0044   13.0     1.00      15900  0.950
  31    0.0 8.7e-04   0.991      80.37 6.2192e-07   9.558  -2.91e+03   -9.558   0.432  0.0032   13.0     1.00      16430  0.950
  32    0.0 8.3e-04   0.999      80.41 5.9339e-07   9.475  -2.95e+03   -9.475   0.442  0.0036   12.9     1.06      16960  0.950
  33    0.0 7.9e-04   0.995      79.03 6.0067e-07   9.475     -3e+03   -9.475   0.421  0.0038   12.9     1.05      17490  0.950
  34    0.0 7.5e-04   1.001      78.70 5.23e-07     9.485  -2.99e+03   -9.485   0.417  0.0026   12.7     1.19      18020  0.950
  35    0.0 7.1e-04   0.996      79.38 4.5752e-07   9.461     -3e+03   -9.461   0.419  0.0029   12.4     1.36      18550  0.950
  36    0.0 6.7e-04   0.993      78.67 4.0597e-07   9.392  -2.97e+03   -9.392   0.423  0.0036   12.1     1.52      19080  0.950
  37    0.0 6.4e-04   0.990      77.14 3.779e-07    9.358  -3.03e+03   -9.358   0.415  0.0066   11.9     1.64      19610  0.950
  38    0.0 6.1e-04   0.997      76.70 3.3193e-07   9.461     -3e+03   -9.461   0.391  0.0023   11.6     1.81      20140  0.950
  39    0.0 5.8e-04   1.000      76.86 2.7036e-07   9.470  -2.98e+03   -9.470   0.398  0.0017   11.0     2.15      20670  0.950
  40    0.0 5.5e-04   0.997      76.46 2.3646e-07   9.471   -2.9e+03   -9.471   0.432  0.0014   10.6     2.42      21200  0.950
  41    0.0 5.2e-04   0.999      75.89 2.2987e-07   9.530  -2.93e+03   -9.530   0.362  0.0014   10.5     2.47      21730  0.950
  42    0.0 5.0e-04   1.001      76.05 1.9678e-07   9.530  -2.94e+03   -9.530   0.330  0.0007    9.7     2.94      22260  0.950
  43    0.0 4.7e-04   0.997      75.75 1.685e-07    9.530  -2.96e+03   -9.530   0.364  0.0034    8.6     3.56      22790  0.950
  44    0.0 4.5e-04   0.997      75.81 1.5656e-07   9.418  -2.88e+03   -9.418   0.355  0.0037    8.0     3.94      23320  0.950
  45    0.0 4.2e-04   0.997      74.86 1.4678e-07   9.450  -2.92e+03   -9.450   0.306  0.0017    7.3     4.34      23850  0.950
  46    0.0 4.0e-04   1.004      75.91 1.3626e-07   9.450   -2.9e+03   -9.450   0.353  0.0011    6.3     4.91      24380  0.950
  47    0.0 3.8e-04   1.000      75.83 1.3432e-07   9.330  -2.97e+03   -9.330   0.368  0.0026    5.8     5.23      24910  0.950
  48    0.0 3.6e-04   0.997      75.18 1.2937e-07   9.390  -3.06e+03   -9.390   0.321  0.0019    5.3     5.47      25440  0.950
  49    0.0 3.5e-04   1.000      74.35 1.2593e-07   9.390  -2.98e+03   -9.390   0.306  0.0023    4.7     5.84      25970  0.950
  50    0.0 3.3e-04   1.001      74.24 1.232e-07    9.364  -2.98e+03   -9.364   0.313  0.0011    4.1     6.21      26500  0.950
  51    0.0 3.1e-04   0.997      73.83 1.2064e-07   9.364  -3.01e+03   -9.364   0.317  0.0015    3.6     6.51      27030  0.950
  52    0.0 3.0e-04   0.997      72.93 1.2026e-07   9.291  -2.96e+03   -9.291   0.277  0.0019    3.1     6.77      27560  0.950
  53    0.0 2.8e-04   0.998      72.51 1.199e-07    9.244  -2.92e+03   -9.244   0.325  0.0024    2.6     7.06      28090  0.950
  54    0.0 2.7e-04   1.000      72.11 1.1687e-07   9.395   -2.9e+03   -9.395   0.274  0.0009    2.3     7.24      28620  0.950
  55    0.0 2.5e-04   0.997      71.41 1.1518e-07   9.450  -2.87e+03   -9.450   0.364  0.0019    1.9     7.46      29150  0.950
  56    0.0 2.4e-04   1.003      71.50 1.1686e-07   9.321  -2.86e+03   -9.321   0.358  0.0017    1.8     7.55      29680  0.950
  57    0.0 2.3e-04   0.997      71.15 1.141e-07    9.452  -2.84e+03   -9.452   0.368  0.0015    1.6     7.63      30210  0.950
  58    0.0 2.2e-04   0.999      70.87 1.1603e-07   9.335  -2.86e+03   -9.335   0.311  0.0013    1.5     7.70      30740  0.950
  59    0.0 2.1e-04   0.999      70.40 1.1489e-07   9.344  -2.85e+03   -9.344   0.287  0.0007    1.3     7.81      31270  0.950
  60    0.0 2.0e-04   1.001      70.41 1.1287e-07   9.382  -2.83e+03   -9.382   0.323  0.0008    1.1     7.93      31800  0.950
  61    0.0 1.9e-04   0.999      70.29 1.1419e-07   9.245  -2.85e+03   -9.245   0.300  0.0011    1.0     8.00      32330  0.950
  62    0.0 1.8e-04   1.000      70.23 1.1589e-07   9.239  -2.84e+03   -9.239   0.302  0.0012    1.0     8.00      32860  0.950
  63    0.0 1.7e-04   1.000      70.20 1.1448e-07   9.213  -2.82e+03   -9.213   0.294  0.0008    1.0     8.00      33390  0.950
  64    0.0 1.6e-04   0.997      69.67 1.1461e-07   9.267  -2.83e+03   -9.267   0.262  0.0012    1.0     8.00      33920  0.950
  65    0.0 1.5e-04   1.000      69.56 1.1468e-07   9.267  -2.85e+03   -9.267   0.228  0.0005    1.0     8.00      34450  0.950
  66    0.0 1.4e-04   0.999      69.55 1.1458e-07   9.267  -2.85e+03   -9.267   0.245  0.0005    1.0     8.00      34980  0.950
  67    0.0 1.4e-04   1.000      69.59 1.1429e-07   9.267  -2.85e+03   -9.267   0.221  0.0006    1.0     8.00      35510  0.950
  68    0.0 1.3e-04   1.000      69.28 1.1463e-07   9.267  -2.83e+03   -9.267   0.225  0.0004    1.0     8.00      36040  0.950
  69    0.0 1.2e-04   1.000      69.35 1.1418e-07   9.269  -2.83e+03   -9.269   0.213  0.0005    1.0     8.00      36570  0.950
  70    0.0 1.2e-04   0.998      69.24 1.1382e-07   9.269  -2.86e+03   -9.269   0.232  0.0008    1.0     8.00      37100  0.950
  71    0.0 1.1e-04   1.000      69.14 1.1449e-07   9.267  -2.85e+03   -9.267   0.174  0.0003    1.0     8.00      37630  0.950
  72    0.0 1.1e-04   1.000      69.09 1.1438e-07   9.269  -2.82e+03   -9.269   0.206  0.0003    1.0     8.00      38160  0.950
  73    0.0 1.0e-04   1.000      69.09 1.144e-07    9.269  -2.82e+03   -9.269   0.177  0.0003    1.0     8.00      38690  0.950
  74    0.0 9.6e-05   1.000      68.93 1.1442e-07   9.269  -2.84e+03   -9.269   0.157  0.0003    1.0     8.00      39220  0.950
  75    0.0 9.1e-05   0.999      68.90 1.1439e-07   9.269  -2.83e+03   -9.269   0.179  0.0005    1.0     8.00      39750  0.950
  76    0.0 8.7e-05   1.000      68.76 1.1433e-07   9.269  -2.83e+03   -9.269   0.175  0.0003    1.0     8.00      40280  0.950
  77    0.0 8.2e-05   1.000      68.73 1.1433e-07   9.269  -2.83e+03   -9.269   0.183  0.0007    1.0     8.00      40810  0.950
  78    0.0 7.8e-05   1.000      68.61 1.1432e-07   9.267  -2.83e+03   -9.267   0.166  0.0002    1.0     8.00      41340  0.950
  79    0.0 7.4e-05   0.999      68.58 1.1423e-07   9.267  -2.83e+03   -9.267   0.151  0.0003    1.0     8.00      41870  0.950
  80    0.0 7.1e-05   1.000      68.44 1.1447e-07   9.267  -2.82e+03   -9.267   0.130  0.0002    1.0     8.00      42400  0.950
Agent's 2nd state: 
  81    0.0 5.6e-05   1.000      68.41 1.1711e-07   9.167  -2.82e+03   -9.167   0.125  0.0001    1.0     8.00      42930  0.800
Checkpoint saved: bb_costs=68.5523, TD costs=1.15559e-07, CPD=  9.218 (ns) 
  82    0.0 4.5e-05   1.000      68.51 1.1557e-07   9.218  -2.82e+03   -9.218   0.081  0.0002    1.0     8.00      43460  0.800
  83    0.0 3.6e-05   1.000      68.46 1.1557e-07   9.218  -2.82e+03   -9.218   0.075  0.0002    1.0     8.00      43990  0.800
  84    0.0 2.9e-05   1.000      68.43 1.1557e-07   9.218  -2.82e+03   -9.218   0.064  0.0001    1.0     8.00      44520  0.800
  85    0.0 2.3e-05   1.000      68.38 1.1556e-07   9.218  -2.82e+03   -9.218   0.053  0.0001    1.0     8.00      45050  0.800
  86    0.0 1.8e-05   1.000      68.33 1.1561e-07   9.218  -2.82e+03   -9.218   0.055  0.0001    1.0     8.00      45580  0.800
  87    0.0 1.5e-05   1.000      68.23 1.1454e-07   9.267  -2.82e+03   -9.267   0.047  0.0002    1.0     8.00      46110  0.800
Checkpoint saved: bb_costs=68.2048, TD costs=1.17125e-07, CPD=  9.167 (ns) 
  88    0.0 1.2e-05   1.000      68.28 1.1697e-07   9.167  -2.82e+03   -9.167   0.032  0.0001    1.0     8.00      46640  0.800
  89    0.0 9.5e-06   1.000      68.25 1.1564e-07   9.218  -2.82e+03   -9.218   0.038  0.0000    1.0     8.00      47170  0.800
  90    0.0 7.6e-06   1.000      68.30 1.1418e-07   9.267  -2.82e+03   -9.267   0.055  0.0001    1.0     8.00      47700  0.800
  91    0.0 6.1e-06   1.000      68.27 1.1418e-07   9.267  -2.82e+03   -9.267   0.038  0.0000    1.0     8.00      48230  0.800
  92    0.0 4.8e-06   1.000      68.26 1.1418e-07   9.267  -2.82e+03   -9.267   0.040  0.0000    1.0     8.00      48760  0.800
  93    0.0 0.0e+00   1.000      68.24 1.1422e-07   9.267  -2.82e+03   -9.267   0.023  0.0000    1.0     8.00      49290  0.800
### Placement Quench took 0.01 seconds (max_rss 103.2 MiB)
post-quench CPD = 9.26656 (ns) 

Checkpoint restored

Completed placement consistency check successfully.

Swaps called: 49476

Aborted Move Reasons:
  duplicate block move to location: 97
  macro move to location illegal: 10
  macro_from swap to location illegal: 359

BB estimate of min-dist (placement) wire length: 7464

Placement estimated critical path delay (least slack): 9.16686 ns, Fmax: 109.089 MHz
Placement estimated critical path skew: -0.04243 ns
Placement estimated setup Worst Negative Slack (sWNS): -9.16686 ns
Placement estimated setup Total Negative Slack (sTNS): -2818.6 ns
Placement estimated setup Worst Skew (sWS): -0.04243 ns

Placement estimated setup slack histogram:
[ -9.2e-09: -8.3e-09)  18 (  1.9%) |*
[ -8.3e-09: -7.5e-09)  14 (  1.5%) |*
[ -7.5e-09: -6.6e-09)   0 (  0.0%) |
[ -6.6e-09: -5.8e-09)   0 (  0.0%) |
[ -5.8e-09: -4.9e-09)   0 (  0.0%) |
[ -4.9e-09: -4.1e-09)  13 (  1.4%) |*
[ -4.1e-09: -3.2e-09) 123 ( 13.2%) |*********
[ -3.2e-09: -2.4e-09) 625 ( 67.3%) |***********************************************
[ -2.4e-09: -1.5e-09)  86 (  9.3%) |******
[ -1.5e-09:   -7e-10)  50 (  5.4%) |****

Placement estimated geomean non-virtual intra-domain period: 9.16686 ns (109.089 MHz)
Placement estimated fanout-weighted geomean non-virtual intra-domain period: 9.16686 ns (109.089 MHz)

Placement cost: 1, bb_cost: 68.2048, td_cost: 1.17125e-07, 

Placement resource usage:
  io  implemented as io : 74
  clb implemented as clb: 112

Placement number of temperatures: 93
Placement total # of swap attempts: 49476
	Swaps accepted: 17649 (35.7 %)
	Swaps rejected: 31044 (62.7 %)
	Swaps aborted:   783 ( 1.6 %)


Placement perturbation distribution by block and move type: 
------------------ ----------------- ---------------- ---------------- --------------- ------------ 
    Block Type         Move Type       (%) of Total      Accepted(%)     Rejected(%)    Aborted(%)
------------------ ----------------- ---------------- ---------------- --------------- ------------ 
io                 Uniform                9.70             62.16           37.84          0.00         
                   Median                 8.93             61.05           33.42          5.52         
                   Centroid               9.01             63.44           36.44          0.11         
                   W. Centroid            8.99             64.08           35.81          0.11         
                   W. Median              0.69             11.37           83.97          4.66         

clb                Uniform                15.08            18.02           80.27          1.72         
                   Median                 14.43            26.64           71.54          1.82         
                   Centroid               13.70            20.89           77.73          1.39         
                   W. Centroid            14.68            21.61           77.27          1.13         
                   W. Median              1.16             3.15            95.28          1.57         
                   Crit. Uniform          1.87             0.32            99.68          0.00         
                   Feasible Region        1.77             0.00            91.99          8.01         


Placement Quench timing analysis took 0.00372708 seconds (0.00335592 STA, 0.000371155 slack) (1 full updates: 1 setup, 0 hold, 0 combined).
Placement Total  timing analysis took 0.393558 seconds (0.353006 STA, 0.0405526 slack) (96 full updates: 96 setup, 0 hold, 0 combined).
update_td_costs: connections 0.0021831 nets 0 sum_nets 0.00133499 total 0.00359019
## AP Detailed Placer took 0.88 seconds (max_rss 103.5 MiB, delta_rss +0.2 MiB)
Incr Slack updates 96 in 0.01101 sec
Full Max Req/Worst Slack updates 37 in 0.000990757 sec
Incr Max Req/Worst Slack updates 59 in 0.0020333 sec
Incr Criticality updates 26 in 0.00614674 sec
Full Criticality updates 70 in 0.0169687 sec
Incr Slack updates 1 in 0.000101252 sec
Full Max Req/Worst Slack updates 1 in 3.4158e-05 sec
Incr Max Req/Worst Slack updates 0 in 0 sec
Incr Criticality updates 0 in 0 sec
Full Criticality updates 1 in 0.000283311 sec
# Analytical Placement took 3.81 seconds (max_rss 103.6 MiB, delta_rss +72.0 MiB)


# Routing
RR graph channel widths unchanged, skipping RR graph rebuild
## Initializing router criticalities
Initial Net Connection Criticality Histogram:
[        0:      0.1) 237 (  8.2%) |*************
[      0.1:      0.2) 779 ( 27.0%) |********************************************
[      0.2:      0.3) 530 ( 18.4%) |******************************
[      0.3:      0.4) 826 ( 28.7%) |***********************************************
[      0.4:      0.5) 131 (  4.5%) |*******
[      0.5:      0.6)  29 (  1.0%) |**
[      0.6:      0.7)  61 (  2.1%) |***
[      0.7:      0.8)  35 (  1.2%) |**
[      0.8:      0.9)  46 (  1.6%) |***
[      0.9:        1) 209 (  7.2%) |************
## Initializing router criticalities took 0.05 seconds (max_rss 104.1 MiB, delta_rss +0.2 MiB)
---- ------ ------- ---- ------- ------- ------- ----------------- --------------- -------- ---------- ---------- ---------- ---------- --------
Iter   Time    pres  BBs    Heap  Re-Rtd  Re-Rtd Overused RR Nodes      Wirelength      CPD       sTNS       sWNS       hTNS       hWNS Est Succ
      (sec)     fac Updt    push    Nets   Conns                                       (ns)       (ns)       (ns)       (ns)       (ns)     Iter
---- ------ ------- ---- ------- ------- ------- ----------------- --------------- -------- ---------- ---------- ---------- ---------- --------
   1    0.0     0.0    0  113290    1041    2751    1076 ( 3.181%)   11853 (34.5%)    8.856     -2639.     -8.856      0.000      0.000      N/A
   2    0.0     0.5    0   98194     769    2252     726 ( 2.146%)   11807 (34.4%)    8.856     -2677.     -8.856      0.000      0.000      N/A
   3    0.0     0.6    0   86398     633    1827     611 ( 1.806%)   11900 (34.7%)    8.856     -2673.     -8.856      0.000      0.000      N/A
   4    0.0     0.8    0   84023     553    1546     509 ( 1.505%)   12319 (35.9%)    8.856     -2733.     -8.856      0.000      0.000      N/A
   5    0.0     1.1    0   73272     472    1328     407 ( 1.203%)   12487 (36.4%)    8.856     -2765.     -8.856      0.000      0.000      N/A
   6    0.0     1.4    0   66169     386    1119     315 ( 0.931%)   12672 (36.9%)    8.856     -2798.     -8.856      0.000      0.000      N/A
   7    0.0     1.9    0   52008     319     860     213 ( 0.630%)   12888 (37.6%)    8.856     -2856.     -8.856      0.000      0.000      N/A
   8    0.0     2.4    0   40826     250     610     164 ( 0.485%)   13056 (38.0%)    8.856     -2866.     -8.856      0.000      0.000      N/A
   9    0.0     3.1    0   42496     218     670     132 ( 0.390%)   13168 (38.4%)    8.856     -2866.     -8.856      0.000      0.000       26
  10    0.0     4.1    0   28947     166     414      84 ( 0.248%)   13381 (39.0%)    9.054     -2888.     -9.054      0.000      0.000       24
  11    0.0     5.3    0   16170     116     204      61 ( 0.180%)   13490 (39.3%)    8.856     -2931.     -8.856      0.000      0.000       24
  12    0.0     6.9    0   13653      87     143      38 ( 0.112%)   13636 (39.7%)    8.856     -2888.     -8.856      0.000      0.000       23
  13    0.0     9.0    0    7849      63      91      28 ( 0.083%)   13752 (40.1%)    8.856     -2889.     -8.856      0.000      0.000       23
  14    0.0    11.6    0    5639      47      75      21 ( 0.062%)   13820 (40.3%)    8.856     -2890.     -8.856      0.000      0.000       22
  15    0.0    15.1    0    3682      36      52      21 ( 0.062%)   13848 (40.3%)    8.856     -2891.     -8.856      0.000      0.000       24
  16    0.0    19.7    0    4543      31      52      15 ( 0.044%)   13895 (40.5%)    8.856     -2915.     -8.856      0.000      0.000       24
  17    0.0    25.6    0    3711      24      37       7 ( 0.021%)   13915 (40.5%)    8.856     -2915.     -8.856      0.000      0.000       24
  18    0.0    33.3    0    1030      17      23       9 ( 0.027%)   13911 (40.5%)    8.856     -2915.     -8.856      0.000      0.000       25
  19    0.0    43.3    0    1551      16      22       5 ( 0.015%)   13959 (40.7%)    9.376     -2918.     -9.376      0.000      0.000       25
  20    0.0    56.2    0    1931      25      35       5 ( 0.015%)   13948 (40.6%)    9.054     -2922.     -9.054      0.000      0.000       25
  21    0.0    73.1    0    2565      26      37       4 ( 0.012%)   13969 (40.7%)    9.678     -2932.     -9.678      0.000      0.000       26
  22    0.0    95.0    0    2961      24      34       1 ( 0.003%)   13993 (40.8%)    9.783     -2936.     -9.783      0.000      0.000       24
  23    0.0   123.5    0    1668      20      30       1 ( 0.003%)   13971 (40.7%)    9.470     -2931.     -9.470      0.000      0.000       24
  24    0.0   160.6    0    1520      20      28       1 ( 0.003%)   13972 (40.7%)    9.470     -2927.     -9.470      0.000      0.000       24
  25    0.0   208.8    0    1638      20      28       1 ( 0.003%)   13980 (40.7%)    9.678     -2937.     -9.678      0.000      0.000       24
  26    0.0   271.4    0    1812      21      29       0 ( 0.000%)   14001 (40.8%)   10.916     -2965.    -10.916      0.000      0.000      N/A
Restoring best routing
Critical path: 10.9156 ns
Successfully routed after 26 routing iterations.
Final Net Connection Criticality Histogram:
[        0:      0.1)  465 ( 16.1%) |*********************
[      0.1:      0.2)  661 ( 22.9%) |******************************
[      0.2:      0.3) 1004 ( 34.8%) |**********************************************
[      0.3:      0.4)  350 ( 12.1%) |****************
[      0.4:      0.5)   40 (  1.4%) |**
[      0.5:      0.6)   57 (  2.0%) |***
[      0.6:      0.7)   42 (  1.5%) |**
[      0.7:      0.8)   61 (  2.1%) |***
[      0.8:      0.9)  102 (  3.5%) |*****
[      0.9:        1)  101 (  3.5%) |*****
Router Stats: total_nets_routed: 5400 total_connections_routed: 14297 total_heap_pushes: 757546 total_heap_pops: 199069 
Serial Connection Router is being destroyed. Time spent on path search: 0.082 seconds.
# Routing took 0.41 seconds (max_rss 106.0 MiB, delta_rss +2.3 MiB)

Checking to ensure routing is legal...
# Checking to ensure non-configurable edges are legal
# Checking to ensure non-configurable edges are legal took 0.00 seconds (max_rss 106.0 MiB, delta_rss +0.0 MiB)
Completed routing consistency check successfully.

Serial number (magic cookie) for the routing is: -176854123
Circuit successfully routed with a channel width factor of 110.
Incr Slack updates 27 in 0.00266685 sec
Full Max Req/Worst Slack updates 5 in 0.000139343 sec
Incr Max Req/Worst Slack updates 22 in 0.00077421 sec
Incr Criticality updates 16 in 0.00358568 sec
Full Criticality updates 11 in 0.00292182 sec
# Synchronize the packed netlist to routing optimization
## Annotating rr_node with routed nets
## Annotating rr_node with routed nets took 0.00 seconds (max_rss 106.0 MiB, delta_rss +0.0 MiB)
Found 3934 mismatches between routing and packing results.
Fixed 2545 routing traces due to mismatch between routing and packing results.
# Synchronize the packed netlist to routing optimization took 0.03 seconds (max_rss 106.2 MiB, delta_rss +0.2 MiB)
Final Clustering Statistics: 
----------   --------   ------------------------------------   --------------------------
Block Type   # Blocks   Avg. # of input clocks and pins used   Avg. # of output pins used
----------   --------   ------------------------------------   --------------------------
     EMPTY          0                                      0                            0   
        io         74                               0.486486                     0.513514   
       clb        112                                25.4196                      8.98214   
   dsp_top          0                                      0                            0   
    memory          0                                      0                            0   
Absorbed logical nets 1698 out of 2742 nets, 1044 nets not absorbed.


Average number of bends per net: 1.53026  Maximum # of bends: 48

Number of global nets: 3
Number of routed nets (nonglobal): 1041
Wire length results (in units of 1 clb segments)...
	Total wirelength: 14001, average net length: 13.4496
	Maximum net length: 439

Wire length results in terms of physical segments...
	Total wiring segments used: 3864, average wire segments per net: 3.71182
	Maximum segments used by a net: 129
	Total local nets with reserved CLB opins: 0
Total number of nets absorbed: 9

Routing channel utilization histogram:
[        1:      inf)  0 (  0.0%) |
[      0.9:        1)  0 (  0.0%) |
[      0.8:      0.9)  2 (  0.6%) |**
[      0.7:      0.8) 58 ( 17.2%) |************************************************
[      0.5:      0.6) 49 ( 14.5%) |*****************************************
[      0.4:      0.5) 43 ( 12.7%) |************************************
[      0.3:      0.4) 49 ( 14.5%) |*****************************************
[      0.2:      0.3) 54 ( 16.0%) |*********************************************
[      0.1:      0.2) 46 ( 13.6%) |**************************************
[        0:      0.1) 37 ( 10.9%) |*******************************
Maximum routing channel utilization:      0.85 at (7,0)

X - Directed channels: layer   y   max occ   ave occ   ave cap
                        ----- ---- -------- -------- --------
                            0    0       93   65.250      110
                            0    1       77   56.417      110
                            0    2       83   61.083      110
                            0    3       77   57.667      110
                            0    4       68   53.667      110
                            0    5       79   53.833      110
                            0    6       76   53.167      110
                            0    7       66   48.167      110
                            0    8       50   37.750      110
                            0    9       51   35.750      110
                            0   10       40   27.167      110
                            0   11       37   27.333      110
                            0   12       40   27.750      110
Y - Directed channels: layer   x   max occ   ave occ   ave cap
                        ----- ---- -------- -------- --------
                            0    0       26   18.500      110
                            0    1       16   12.333      110
                            0    2       33   22.500      110
                            0    3       63   45.583      110
                            0    4       77   49.250      110
                            0    5       64   43.167      110
                            0    6       57   39.167      110
                            0    7       83   62.667      110
                            0    8       79   60.333      110
                            0    9       79   60.500      110
                            0   10       69   53.500      110
                            0   11       59   43.000      110
                            0   12       70   51.250      110

Total existing wires segments: CHANX     17160, CHANY     17160, CHANZ         0, ALL     34320
Total used wires segments:     CHANX      7260, CHANY      6741, CHANZ         0, ALL     14001
Usage percentage:              CHANX     42.3%, CHANY     39.3%, CHANZ      0.0%, ALL     40.8%

Logic area (in minimum width transistor areas, excludes I/Os and empty grid tiles)...
	Total logic block area (Warning, need to add pitch of routing to blocks with height > 3): 4.93594e+06
	Total used logic block area: 3.12536e+06

Routing area (in minimum width transistor areas)...
	Total routing area: 1.57405e+06, per logic tile: 8030.86

Total Number of Wiring Segments by Direction: direction length number
                                              --------- ------ -------
                                                      X      4   4680
                                                      Y      4   4680
                                                      X     16    294
                                                      Y     16    294

X - Directed Wiring Segment usage by length: length utilization
                                             ------ -----------
                                             4       0.418
                                            16      0.0646

Y - Directed Wiring Segment usage by length: length utilization
                                             ------ -----------
                                             4       0.402
                                            16      0.0306

Segment occupancy by length: Length Occupancy Capacity Utilization
                             ------ --------- -------- -----------
                             L4          3836     9360        0.41
                             L16           28      588      0.0476

Segment occupancy by type: name type utilization
                           ---- ---- -----------
                             L4    0        0.41
                            L16    1      0.0476

Final hold Worst Negative Slack (hWNS): 0 ns
Final hold Total Negative Slack (hTNS): 0 ns
Final hold Worst Skew (hWS): 0 ns

Final hold slack histogram:
[  1.9e-10:  3.9e-10) 825 ( 88.8%) |***********************************************
[  3.9e-10:  5.8e-10)  23 (  2.5%) |*
[  5.8e-10:  7.8e-10)  28 (  3.0%) |**
[  7.8e-10:  9.7e-10)  16 (  1.7%) |*
[  9.7e-10:  1.2e-09)  18 (  1.9%) |*
[  1.2e-09:  1.4e-09)   8 (  0.9%) |
[  1.4e-09:  1.6e-09)   5 (  0.5%) |
[  1.6e-09:  1.7e-09)   3 (  0.3%) |
[  1.7e-09:  1.9e-09)   1 (  0.1%) |
[  1.9e-09:  2.1e-09)   2 (  0.2%) |

Final critical path delay (least slack): 10.9156 ns, Fmax: 91.6119 MHz
Final critical path skew: -0.04243 ns
Final setup Worst Negative Slack (sWNS): -10.9156 ns
Final setup Total Negative Slack (sTNS): -2965.41 ns
Final setup Worst Skew (sWS): -0.04243 ns

Final setup slack histogram:
[ -1.1e-08: -9.9e-09)  24 (  2.6%) |**
[ -9.9e-09: -8.8e-09)   2 (  0.2%) |
[ -8.8e-09: -7.8e-09)   4 (  0.4%) |
[ -7.8e-09: -6.7e-09)   2 (  0.2%) |
[ -6.7e-09: -5.7e-09)   0 (  0.0%) |
[ -5.7e-09: -4.7e-09)   0 (  0.0%) |
[ -4.7e-09: -3.6e-09) 127 ( 13.7%) |************
[ -3.6e-09: -2.6e-09) 515 ( 55.4%) |***********************************************
[ -2.6e-09: -1.5e-09) 223 ( 24.0%) |********************
[ -1.5e-09: -4.9e-10)  32 (  3.4%) |***

Final geomean non-virtual intra-domain period: 10.9156 ns (91.6119 MHz)
Final fanout-weighted geomean non-virtual intra-domain period: 10.9156 ns (91.6119 MHz)

Incr Slack updates 1 in 0.00010491 sec
Full Max Req/Worst Slack updates 1 in 2.8428e-05 sec
Incr Max Req/Worst Slack updates 0 in 0 sec
Incr Criticality updates 0 in 0 sec
Full Criticality updates 1 in 0.000275578 sec
Flow timing analysis took 0.848334 seconds (0.783588 STA, 0.0647466 slack) (125 full updates: 97 setup, 0 hold, 28 combined).
VPR succeeded
The entire flow of VPR took 4.64 seconds (max_rss 106.2 MiB)

