VPR FPGA Placement and Routing.
Version: 9.0.0-dev+v8.0.0-18248-g40f8d19708
Revision: v8.0.0-18248-g40f8d19708
Compiled: 2026-09-22T03:43:48
Compiler: GNU 13.3.0 on Linux-5.15.0-119-generic x86_64
Build Info: release IPO VTR_ASSERT_LEVEL=2

University of Toronto
verilogtorouting.org
vtr-users@googlegroups.com
This is free open source code under MIT license.

VPR was run with the following command-line:
/inspire/hdd/project/project-public/changshunjie-253114010247/changshunjie-253114010247/workspace/DAC2027/vtr/vtr-verilog-to-routing/vpr/vpr /inspire/hdd/project/project-public/changshunjie-253114010247/changshunjie-253114010247/workspace/DAC2027/vtr/vtr-verilog-to-routing/vtr_flow/arch/COFFE_22nm/k6FracN10LB_mem20K_complexDSP_customSB_22nm.xml /inspire/hdd/project/project-public/changshunjie-253114010247/changshunjie-253114010247/workspace/DAC2027/TailCompile/experiments/vtr/runs/pilot_v1/sha/full-seed1-w300/sha.pre-vpr.blif --analytical_place --route --analysis --ap_full_legalizer flat-recon --ap_detailed_placer annealer --seed 12 --route_chan_width 90 --write_flat_place /inspire/hdd/project/project-public/changshunjie-253114010247/changshunjie-253114010247/workspace/DAC2027/TailCompile/vtr_work/tailcompile_v3/sha/4x4/gnn_candidate-fp44835ad3-flat-recon-annealer-seed12-w90-devw14/post_route.fplace --write_legalized_flat_place /inspire/hdd/project/project-public/changshunjie-253114010247/changshunjie-253114010247/workspace/DAC2027/TailCompile/vtr_work/tailcompile_v3/sha/4x4/gnn_candidate-fp44835ad3-flat-recon-annealer-seed12-w90-devw14/post_legalizer.fplace --flat_place_verbosity 1 --device_width 14 --net_file /inspire/hdd/project/project-public/changshunjie-253114010247/changshunjie-253114010247/workspace/DAC2027/TailCompile/vtr_work/tailcompile_v3/sha/4x4/gnn_candidate-fp44835ad3-flat-recon-annealer-seed12-w90-devw14/sha.locked-input.net --read_flat_place /inspire/hdd/global_user/changshunjie-253114010247/workspace/DAC2027/TailCompile/experiments/vtr/tailcompile_v3/sha/4x4/pools/bootstrap_24/candidate_18_seed12045.fplace

Using up to 1 parallel worker(s)

Architecture file: /inspire/hdd/project/project-public/changshunjie-253114010247/changshunjie-253114010247/workspace/DAC2027/vtr/vtr-verilog-to-routing/vtr_flow/arch/COFFE_22nm/k6FracN10LB_mem20K_complexDSP_customSB_22nm.xml
Circuit name: sha.pre-vpr

# Loading Architecture Description
# Loading Architecture Description took 0.04 seconds (max_rss 18.9 MiB, delta_rss +0.0 MiB)

Timing analysis: ON
Circuit netlist file: /inspire/hdd/project/project-public/changshunjie-253114010247/changshunjie-253114010247/workspace/DAC2027/TailCompile/vtr_work/tailcompile_v3/sha/4x4/gnn_candidate-fp44835ad3-flat-recon-annealer-seed12-w90-devw14/sha.locked-input.net
Circuit placement file: sha.pre-vpr.place
Circuit routing file: sha.pre-vpr.route
Circuit SDC file: sha.pre-vpr.sdc
Vpr floorplanning constraints file: not specified

Packer: DISABLED
Placer: DISABLED
Analytical Placer: ENABLED
Router: ENABLED
Analysis: ENABLED

VPR was run with the following options:

netlist_opts.absorb_buffer_luts            : true
netlist_opts.sweep_dangling_primary_ios    : true
netlist_opts.sweep_dangling_nets           : true
netlist_opts.sweep_dangling_blocks         : true
netlist_opts.sweep_constant_primary_outputs: false
netlist_opts.netlist_verbosity             : 1
netlist_opts.const_gen_inference           : COMB_SEQ

AnalyticalPlacerOpts.analytical_solver_type: lp-b2b
AnalyticalPlacerOpts.partial_legalizer_type: bipartitioning
AnalyticalPlacerOpts.full_legalizer_type: flat-recon
AnalyticalPlacerOpts.detailed_placer_type: annealer
AnalyticalPlacerOpts.ap_timing_tradeoff: 0.500000
AnalyticalPlacerOpts.ap_high_fanout_threshold: 256
AnalyticalPlacerOpts.log_verbosity: 1
router_opts.route_type: DETAILED
router_opts.flat_routing: false
router_opts.choke_points: on
router_opts.router_algorithm: TIMING_DRIVEN
router_opts.base_cost_type: DELAY_NORMALIZED_LENGTH
router_opts.fixed_channel_width: 90
router_opts.check_route: FULL
router_opts.acc_fac: 1.000000
router_opts.bb_factor: 3
router_opts.bend_cost: 0.000000
router_opts.first_iter_pres_fac: 0.000000
router_opts.initial_pres_fac: 0.500000
router_opts.pres_fac_mult: 1.300000
router_opts.max_pres_fac: 1000.000000
router_opts.max_router_iterations: 50
router_opts.min_incremental_reroute_fanout: 16
router_opts.initial_acc_cost_chan_congestion_threshold: 0.500000
router_opts.initial_acc_cost_chan_congestion_weight: 0.500000
router_opts.do_check_rr_graph: true
router_opts.verify_binary_search: false
router_opts.min_channel_width_hint: 0
router_opts.read_rr_edge_metadata: false
router_opts.exit_after_first_routing_iteration: false
router_opts.astar_fac: 1.200000
router_opts.astar_offset: 0.000000
router_opts.router_profiler_astar_fac: 1.200000
router_opts.enable_parallel_connection_router: false
router_opts.post_target_prune_fac: 1.200000
router_opts.post_target_prune_offset: 0
router_opts.multi_queue_num_threads: 1
router_opts.multi_queue_num_queues: 2
router_opts.multi_queue_direct_draining: false
router_opts.criticality_exp: 1.000000
router_opts.max_criticality: 0.990000
router_opts.init_wirelength_abort_threshold: 0.850000
router_opts.incr_reroute_delay_ripup: AUTO
router_opts.save_routing_per_iteration: false
router_opts.congested_routing_iteration_threshold_frac: 1.000000
router_opts.high_fanout_threshold: 64
router_opts.router_debug_net: -2
router_opts.router_debug_sink_rr: -2
router_opts.router_debug_iteration: -2
router_opts.max_convergence_count: 1
router_opts.reconvergence_cpd_threshold: 0.990000
router_opts.update_lower_bound_delays: true
router_opts.first_iteration_timing_report_file: 
router_opts.route_bb_update: DYNAMIC
router_opts.lookahead_type: MAP
router_opts.initial_timing: LOOKAHEAD
router_opts.router_heap: FOUR_ARY_HEAP
router_opts.routing_failure_predictor = SAFE
router_opts.routing_predictor_min_history: 8
router_opts.routing_budgets_algorithm = DISABLE

analysis_opts.gen_post_synthesis_netlist: false
analysis_opts.gen_post_implementation_merged_netlist: false
analysis_opts.gen_post_implementation_sdc: false
analysis_opts.timing_report_npaths: 100
analysis_opts.timing_report_skew: false
analysis_opts.echo_dot_timing_graph_node: -1
analysis_opts.timing_report_detail: NETLIST
analysis_opts.post_synth_netlist_unconn_input_handling: UNCONNECTED
analysis_opts.post_synth_netlist_unconn_output_handling: UNCONNECTED
analysis_opts.post_synth_netlist_module_parameters: on

# Building complex block graph
# Building complex block graph took 0.10 seconds (max_rss 24.6 MiB, delta_rss +5.7 MiB)
Circuit file: /inspire/hdd/project/project-public/changshunjie-253114010247/changshunjie-253114010247/workspace/DAC2027/TailCompile/experiments/vtr/runs/pilot_v1/sha/full-seed1-w300/sha.pre-vpr.blif
# Load circuit
Found 3 constant generator(s) in the netlist (2 constant-zero, 1 constant-one) (run with --netlist_verbosity 2 to list names)
# Load circuit took 0.02 seconds (max_rss 28.3 MiB, delta_rss +3.7 MiB)
# Clean circuit
Absorbed 0 LUT buffers
Found 22 primitive output pin(s) driven only by constants; marked them as constants
Swept input(s)      : 0
Swept output(s)     : 0 (0 dangling, 0 constant)
Swept net(s)        : 22
Swept block(s)      : 0
Constant Pins Marked: 22
# Clean circuit took 0.00 seconds (max_rss 28.3 MiB, delta_rss +0.0 MiB)
# Compress circuit
# Compress circuit took 0.00 seconds (max_rss 28.3 MiB, delta_rss +0.0 MiB)
# Verify circuit
# Verify circuit took 0.00 seconds (max_rss 28.3 MiB, delta_rss +0.0 MiB)
Circuit Statistics:
  Blocks: 2491
    .input :      38
    .latch :     893
    .names :    1215
        0-LUT:       2
        1-LUT:       1
        2-LUT:      63
        3-LUT:     106
        4-LUT:      88
        5-LUT:     314
        6-LUT:     641
    .output:      36
    adder  :     309
  Nets  : 2742
    Avg Fanout:     3.3
    Max Fanout:   893.0
    Min Fanout:     1.0
  Netlist Clocks: 1
# Build Timing Graph
  Timing Graph Nodes: 11695
  Timing Graph Edges: 18725
  Timing Graph Levels: 84
# Build Timing Graph took 0.01 seconds (max_rss 31.6 MiB, delta_rss +3.1 MiB)
Netlist contains 1 clocks
  Netlist Clock 'clk_i' Fanout: 893 pins (7.6%), 893 blocks (35.8%)
# Load Timing Constraints

SDC file 'sha.pre-vpr.sdc' not found
Setting default timing constraints:
   * constrain all primary inputs and primary outputs on netlist clock 'clk_i'
   * optimize netlist clock to run as fast as possible
Timing constraints created 1 clocks
  Constrained Clock 'clk_i' Source: 'clk_i.inpad[0]'

# Load Timing Constraints took 0.00 seconds (max_rss 31.6 MiB, delta_rss +0.0 MiB)
# Analytical Placement
## Prepacker

There is one chain in this architecture called "chain" with the following starting points:
	clb[0]/lab[0]/fle[0]/ble5[0]/arithmetic[0]/adder[0].cin[0]

## Prepacker took 0.00 seconds (max_rss 31.9 MiB, delta_rss +0.3 MiB)
## Initializing Pre-Cluster Timing
Using inter-cluster delay: 2.1832e-09
## Initializing Pre-Cluster Timing took 0.20 seconds (max_rss 32.6 MiB, delta_rss +0.6 MiB)
## Estimate Device Size
Device layout 'auto' with fixed width 14.
FPGA sized to 14 x 14: 196 grid tiles (auto)
## Estimate Device Size took 0.00 seconds (max_rss 32.6 MiB, delta_rss +0.0 MiB)
## Ram Mapper
Flat Placement is provided, skipping the RAM mapping.
## Ram Mapper took 0.00 seconds (max_rss 32.6 MiB, delta_rss +0.0 MiB)
## Read Atom Netlist to AP Netlist
## Read Atom Netlist to AP Netlist took 0.02 seconds (max_rss 36.4 MiB, delta_rss +3.8 MiB)
Analytical Placement Netlist Statistics:
	AP Blocks: 1315
		Moveable AP Blocks: 1315
		Fixed AP Blocks: 0
	AP Nets: 1563
		Average Fanout: 4.51
		Highest Fanout: 194
	AP Pins: 11695

## Computing placement delta delay look-up
### Build routing resource graph
### Build routing resource graph took 0.09 seconds (max_rss 45.9 MiB, delta_rss +9.5 MiB)
  RR Graph Nodes: 32024
  RR Graph Edges: 208292
### Computing router lookahead map
#### Computing wire lookahead
#### Computing wire lookahead took 0.03 seconds (max_rss 46.4 MiB, delta_rss +0.0 MiB)
#### Computing src/opin lookahead
Warning 1: Found no more sample locations for SOURCE in io
Warning 2: Found no more sample locations for OPIN in io
Warning 3: Found no more sample locations for SOURCE in clb
Warning 4: Found no more sample locations for OPIN in clb
Warning 5: Found no more sample locations for SOURCE in dsp_top
Warning 6: Found no more sample locations for OPIN in dsp_top
Warning 7: Found no more sample locations for SOURCE in memory
Warning 8: Found no more sample locations for OPIN in memory
#### Computing src/opin lookahead took 0.00 seconds (max_rss 46.7 MiB, delta_rss +0.3 MiB)
### Computing router lookahead map took 0.04 seconds (max_rss 46.7 MiB, delta_rss +0.3 MiB)
Serial Connection Router is being destroyed. Time spent on path search: 0.000 seconds.
## Computing placement delta delay look-up took 0.14 seconds (max_rss 46.7 MiB, delta_rss +10.3 MiB)
Flat Placement is provided in the AP flow, skipping the Global Placement.
0 of 1315 molecules placed at device center (no atoms of these molecules found in flat placement).
## AP Full Legalizer
### Creating Clusters
Device (width, height): (14,14)
#### Sorting and Grouping Blocks by Tile
#### Sorting and Grouping Blocks by Tile took 0.00 seconds (max_rss 46.7 MiB, delta_rss +0.0 MiB)
#### Reconstruction Pass Clustering
#### Reconstruction Pass Clustering took 2.10 seconds (max_rss 50.4 MiB, delta_rss +3.7 MiB)
#### Orphan Window Clustering with search radius 8
#### Orphan Window Clustering with search radius 8 took 0.01 seconds (max_rss 50.4 MiB, delta_rss +0.0 MiB)
FPGA sized to 14 x 14: 196 grid tiles (auto)
Device Utilization: 0.62 (target 1.00)
	Block Utilization: 0.19 Type: io
	Block Utilization: 0.93 Type: clb

----------------------------------------------------------------
                       Clustering Summary                       
----------------------------------------------------------------
Clusters created (Self Clustering)                       : 185
    clb        : 111
    io         : 74
Clusters created (Orphan Window Clustering)              : 1
    clb        : 1
Total clusters                                           : 186
Percent of clusters created in Orphan Window Clustering  : 0.54%
Molecules clustered in each stage breakdown  : (Total of 1315)
	Self Clustering          (0.996958)  : 1311
 	Neighbor Clustering      (0.000000)  : 0
	Orphan Window Clustering (0.003042)  : 4
----------------------------------------------------------------

Final Clustering Statistics: 
----------   --------   ------------------------------------   --------------------------
Block Type   # Blocks   Avg. # of input clocks and pins used   Avg. # of output pins used
----------   --------   ------------------------------------   --------------------------
     EMPTY          0                                      0                            0   
        io         74                               0.486486                     0.513514   
       clb        112                                25.4196                      8.98214   
   dsp_top          0                                      0                            0   
    memory          0                                      0                            0   
Absorbed logical nets 1698 out of 2742 nets, 1044 nets not absorbed.
#### Load packing
##### Loading packed FPGA netlist file.
Netlist generated from file '/inspire/hdd/project/project-public/changshunjie-253114010247/changshunjie-253114010247/workspace/DAC2027/TailCompile/vtr_work/tailcompile_v3/sha/4x4/gnn_candidate-fp44835ad3-flat-recon-annealer-seed12-w90-devw14/sha.locked-input.net'.
Detected 2 constant generators (to see names run with higher pack verbosity)
##### Loading packed FPGA netlist file. took 0.18 seconds (max_rss 63.2 MiB, delta_rss +6.8 MiB)
Warning 9: Treated 2 constant nets as global which will not be routed (to see net names increase packer verbosity).
Netlist contains 33 global net to non-global architecture pin connections
Completed clustering consistency check successfully.
Cluster level netlist and block usage statistics
Netlist num_nets: 1044
Netlist num_blocks: 186
Netlist EMPTY blocks: 0.
Netlist io blocks: 74.
Netlist clb blocks: 112.
Netlist dsp_top blocks: 0.
Netlist memory blocks: 0.
Netlist inputs pins: 38
Netlist output pins: 36

Pb types usage...
  io               : 74
   inpad           : 38
   outpad          : 36
  clb              : 112
   lab             : 112
    fle            : 1086
     ble5          : 882
      flut5        : 573
       lut5        : 573
        lut        : 573
       ff          : 353
      arithmetic   : 309
       adder       : 309
     ble6          : 642
      lut6         : 642
       lut         : 642
      ff           : 540

#### Load packing took 0.26 seconds (max_rss 98.0 MiB, delta_rss +41.6 MiB)
Netlist contains 33 global net to non-global architecture pin connections
Cluster level netlist and block usage statistics
Netlist num_nets: 1044
Netlist num_blocks: 186
Netlist EMPTY blocks: 0.
Netlist io blocks: 74.
Netlist clb blocks: 112.
Netlist dsp_top blocks: 0.
Netlist memory blocks: 0.
Netlist inputs pins: 38
Netlist output pins: 36
### Creating Clusters took 2.48 seconds (max_rss 98.0 MiB, delta_rss +51.3 MiB)
Completed clustering consistency check successfully.
FPGA sized to 14 x 14: 196 grid tiles (auto)
### Compressed grid construction
### Compressed grid construction took 0.00 seconds (max_rss 98.0 MiB, delta_rss +0.0 MiB)
### Initial Placement
Placing clusters that are part of larger macros...
Number of blocks to be placed: 18
Max distance on device: 28
---- ---------- ---------- -------------
Pass Max Displ. Num Blocks Num Blocks   
     Threshold  Placed     Left Unplaced
---- ---------- ---------- -------------
   0          0          8            10
   1          1          8             2
   2          2          2             0

Placing general clusters...
Number of blocks to be placed: 168
Max distance on device: 28
---- ---------- ---------- -------------
Pass Max Displ. Num Blocks Num Blocks   
     Threshold  Placed     Left Unplaced
---- ---------- ---------- -------------
   0          0        159             9
   1          1          1             8
   2          2          4             4
   3          4          1             3
   4          8          2             1
   5         16          1             0

### Initial Placement took 0.00 seconds (max_rss 98.0 MiB, delta_rss +0.0 MiB)
Flat Placement Reconstruction Info:
	Percent of clusters with reconstruction errors: 0.537634
	Total displacement of initial placement from flat placement: 1520.000000
	Average atom displacement of initial placement from flat placement: 0.610197
	Max atom displacement of initial placement from flat placement: 11.000000
	Percent of atoms misplaced from the flat placement: 21.918907
## AP Full Legalizer took 2.49 seconds (max_rss 98.0 MiB, delta_rss +51.3 MiB)

Resource usage...
	Netlist
		74	blocks of type: io
	Architecture
		384	blocks of type: io
	Netlist
		112	blocks of type: clb
	Architecture
		120	blocks of type: clb
	Netlist
		0	blocks of type: dsp_top
	Architecture
		3	blocks of type: dsp_top
	Netlist
		0	blocks of type: memory
	Architecture
		6	blocks of type: memory

Device Utilization: 0.62 (target 1.00)
	Physical Tile io:
	Block Utilization: 0.19 Logical Block: io
	Physical Tile clb:
	Block Utilization: 0.93 Logical Block: clb
	Physical Tile dsp_top:
	Block Utilization: 0.00 Logical Block: dsp_top
	Physical Tile memory:
	Block Utilization: 0.00 Logical Block: memory

## Computing placement delta delay look-up
RR graph channel widths unchanged, skipping RR graph rebuild
Serial Connection Router is being destroyed. Time spent on path search: 0.000 seconds.
## Computing placement delta delay look-up took 0.00 seconds (max_rss 98.1 MiB, delta_rss +0.0 MiB)
Using simple RL 'Softmax agent' for choosing move and block types

Completed placement consistency check successfully.
Initial placement cost: 1 bb_cost: 123.389 td_cost: 6.46142e-07
Initial placement BB estimate of wirelength: 11081.6
Initial placement estimated Critical Path Delay (CPD): 10.783 ns
Initial placement estimated setup Total Negative Slack (sTNS): -2908.41 ns
Initial placement estimated setup Worst Negative Slack (sWNS): -10.783 ns

Initial placement estimated setup slack histogram:
[ -1.1e-08: -9.8e-09)  10 (  1.1%) |*
[ -9.8e-09: -8.8e-09)  21 (  2.3%) |**
[ -8.8e-09: -7.8e-09)   1 (  0.1%) |
[ -7.8e-09: -6.8e-09)   0 (  0.0%) |
[ -6.8e-09: -5.7e-09)   0 (  0.0%) |
[ -5.7e-09: -4.7e-09)   1 (  0.1%) |
[ -4.7e-09: -3.7e-09) 128 ( 13.8%) |***********
[ -3.7e-09: -2.7e-09) 539 ( 58.0%) |***********************************************
[ -2.7e-09: -1.7e-09) 165 ( 17.8%) |**************
[ -1.7e-09:   -7e-10)  64 (  6.9%) |******
Placement contains 9 placement macros involving 18 blocks (average macro size 2.000000)

Moves per temperature: 530
## AP Detailed Placer

---- ------ ------- ------- ---------- ---------- ------- ---------- -------- ------- ------- ------ -------- --------- ------
Tnum  Time     T    AvCost  Av BB Cost Av TD Cost   CPD      sTNS      sWNS   AcRate  StdDev  R lim  CritExp  TotMoves  Alpha 
     (sec)                                          (ns)     (ns)      (ns)                                                   
---- ------ ------- ------- ---------- ---------- ------- ---------- -------- ------- ------- ------ -------- --------- ------
   1    0.0 3.0e-03   1.000     115.60 6.2319e-07  10.955  -3.05e+03  -10.955   0.634  0.0057   13.0     1.00        530  1.000
   2    0.0 2.8e-03   1.020     121.54 6.2756e-07  11.330  -3.48e+03  -11.330   0.679  0.0103   13.0     1.00       1060  0.950
   3    0.0 2.7e-03   0.988     120.28 6.4822e-07  10.682   -3.2e+03  -10.682   0.625  0.0078   13.0     1.00       1590  0.950
   4    0.0 2.5e-03   0.985     118.50 6.4718e-07  10.455  -3.23e+03  -10.455   0.619  0.0112   13.0     1.00       2120  0.950
   5    0.0 2.4e-03   1.024     119.48 6.6218e-07  10.092  -3.15e+03  -10.092   0.575  0.0118   13.0     1.00       2650  0.950
   6    0.0 2.3e-03   0.980     113.40 6.3274e-07  10.560  -3.19e+03  -10.560   0.575  0.0132   13.0     1.00       3180  0.950
   7    0.0 2.2e-03   0.991     110.32 6.4002e-07  10.015  -2.99e+03  -10.015   0.564  0.0058   13.0     1.00       3710  0.950
   8    0.0 2.1e-03   0.995     112.83 6.3984e-07  10.349  -3.26e+03  -10.349   0.583  0.0048   13.0     1.00       4240  0.950
   9    0.0 2.0e-03   0.978     109.69 6.3332e-07  10.471  -3.32e+03  -10.471   0.538  0.0103   13.0     1.00       4770  0.950
  10    0.0 1.9e-03   0.992     106.60 6.3721e-07   9.849  -3.04e+03   -9.849   0.557  0.0041   13.0     1.00       5300  0.950
  11    0.0 1.8e-03   1.012     109.94 6.351e-07   10.272   -3.2e+03  -10.272   0.568  0.0052   13.0     1.00       5830  0.950
  12    0.0 1.7e-03   0.997     110.04 6.3079e-07  10.311   -3.2e+03  -10.311   0.530  0.0049   13.0     1.00       6360  0.950
  13    0.0 1.6e-03   0.996     110.07 6.5254e-07   9.904  -3.28e+03   -9.904   0.553  0.0043   13.0     1.00       6890  0.950
  14    0.0 1.5e-03   1.002     110.90 6.3606e-07  10.129  -3.21e+03  -10.129   0.547  0.0047   13.0     1.00       7420  0.950
  15    0.0 1.4e-03   0.987     109.98 6.3146e-07  10.129  -3.03e+03  -10.129   0.532  0.0041   13.0     1.00       7950  0.950
  16    0.0 1.4e-03   0.981     108.56 6.1839e-07  10.216  -3.01e+03  -10.216   0.551  0.0080   13.0     1.00       8480  0.950
  17    0.0 1.3e-03   0.991     106.25 6.1971e-07  10.013  -2.86e+03  -10.013   0.523  0.0042   13.0     1.00       9010  0.950
  18    0.0 1.2e-03   0.998     105.16 6.3379e-07  10.030  -3.11e+03  -10.030   0.489  0.0039   13.0     1.00       9540  0.950
  19    0.0 1.2e-03   0.989     103.06 6.1525e-07   9.923  -2.95e+03   -9.923   0.489  0.0078   13.0     1.00      10070  0.950
  20    0.0 1.1e-03   1.002     103.21 6.0159e-07  10.087  -2.93e+03  -10.087   0.517  0.0024   13.0     1.00      10600  0.950
  21    0.0 1.1e-03   1.004     103.49 5.9633e-07  10.337  -2.96e+03  -10.337   0.475  0.0033   13.0     1.00      11130  0.950
  22    0.0 1.0e-03   0.992     102.29 6.1938e-07  10.102  -3.14e+03  -10.102   0.474  0.0029   13.0     1.00      11660  0.950
  23    0.0 9.6e-04   0.996     101.34 6.2104e-07  10.102  -3.13e+03  -10.102   0.485  0.0038   13.0     1.00      12190  0.950
  24    0.0 9.1e-04   0.994     101.15 6.2374e-07   9.883  -3.11e+03   -9.883   0.464  0.0025   13.0     1.00      12720  0.950
  25    0.0 8.6e-04   0.991      99.25 6.14e-07    10.072  -3.09e+03  -10.072   0.436  0.0024   13.0     1.00      13250  0.950
  26    0.0 8.2e-04   1.002      98.97 5.8903e-07  10.315  -3.12e+03  -10.315   0.426  0.0045   12.9     1.03      13780  0.950
  27    0.0 7.8e-04   0.995      99.14 5.2489e-07  10.410  -3.06e+03  -10.410   0.426  0.0047   12.8     1.13      14310  0.950
  28    0.0 7.4e-04   0.996      98.38 4.8472e-07  10.181  -3.03e+03  -10.181   0.443  0.0027   12.6     1.24      14840  0.950
  29    0.0 7.0e-04   0.995      97.76 5.0025e-07  10.181  -3.07e+03  -10.181   0.443  0.0023   12.6     1.21      15370  0.950
  30    0.0 6.7e-04   1.001      97.58 5.0437e-07  10.154  -3.02e+03  -10.154   0.440  0.0017   12.7     1.19      15900  0.950
  31    0.0 6.3e-04   0.991      95.88 5.1134e-07   9.882  -2.96e+03   -9.882   0.434  0.0044   12.7     1.19      16430  0.950
  32    0.0 6.0e-04   0.997      94.76 4.8273e-07  10.046  -2.95e+03  -10.046   0.385  0.0018   12.6     1.23      16960  0.950
  33    0.0 5.7e-04   0.999      94.78 3.515e-07   10.046  -2.88e+03  -10.046   0.436  0.0018   11.9     1.64      17490  0.950
  34    0.0 5.4e-04   0.989      93.71 3.5092e-07   9.933  -2.95e+03   -9.933   0.328  0.0043   11.9     1.67      18020  0.950
  35    0.0 5.2e-04   0.998      92.99 2.3143e-07   9.999  -3.03e+03   -9.999   0.351  0.0015   10.5     2.44      18550  0.950
  36    0.0 4.9e-04   0.994      93.05 1.8478e-07  10.181  -3.03e+03  -10.181   0.336  0.0034    9.6     2.99      19080  0.950
  37    0.0 4.7e-04   1.000      92.82 1.6494e-07   9.846  -2.97e+03   -9.846   0.364  0.0010    8.6     3.57      19610  0.950
  38    0.0 4.4e-04   0.994      91.84 1.5413e-07   9.846  -3.06e+03   -9.846   0.353  0.0024    7.9     3.95      20140  0.950
  39    0.0 4.2e-04   0.999      91.16 1.4757e-07   9.756  -3.06e+03   -9.756   0.321  0.0024    7.3     4.35      20670  0.950
  40    0.0 4.0e-04   1.001      91.47 1.3915e-07   9.783  -3.06e+03   -9.783   0.349  0.0019    6.4     4.86      21200  0.950
  41    0.0 3.8e-04   1.000      91.27 1.2922e-07  10.000  -3.08e+03  -10.000   0.325  0.0010    5.8     5.20      21730  0.950
  42    0.0 3.6e-04   1.002      91.83 1.2745e-07   9.781  -3.11e+03   -9.781   0.349  0.0023    5.1     5.59      22260  0.950
  43    0.0 3.4e-04   0.998      90.93 1.2451e-07   9.792  -3.04e+03   -9.792   0.326  0.0010    4.7     5.86      22790  0.950
  44    0.0 3.3e-04   0.999      90.67 1.2192e-07   9.792  -3.03e+03   -9.792   0.311  0.0016    4.1     6.17      23320  0.950
  45    0.0 3.1e-04   0.999      90.12 1.1928e-07   9.792  -3.05e+03   -9.792   0.306  0.0011    3.6     6.48      23850  0.950
  46    0.0 2.9e-04   0.997      90.06 1.175e-07    9.792  -3.05e+03   -9.792   0.311  0.0015    3.1     6.76      24380  0.950
  47    0.0 2.8e-04   0.997      89.55 1.1563e-07   9.792  -3.02e+03   -9.792   0.338  0.0016    2.7     7.00      24910  0.950
  48    0.0 2.7e-04   0.997      89.11 1.1861e-07   9.575     -3e+03   -9.575   0.277  0.0016    2.4     7.16      25440  0.950
  49    0.0 2.5e-04   1.001      88.77 1.1754e-07   9.575  -2.98e+03   -9.575   0.272  0.0011    2.0     7.39      25970  0.950
  50    0.0 2.4e-04   0.995      88.32 1.1653e-07   9.575  -2.99e+03   -9.575   0.392  0.0030    1.7     7.59      26500  0.950
  51    0.0 2.3e-04   0.999      87.37 1.1717e-07   9.524  -3.04e+03   -9.524   0.372  0.0014    1.6     7.64      27030  0.950
  52    0.0 2.2e-04   1.001      87.21 1.1662e-07   9.524  -2.99e+03   -9.524   0.311  0.0007    1.5     7.70      27560  0.950
  53    0.0 2.1e-04   1.000      87.02 1.1599e-07   9.524  -3.07e+03   -9.524   0.291  0.0011    1.3     7.82      28090  0.950
  54    0.0 1.9e-04   1.000      86.96 1.1515e-07   9.548  -3.12e+03   -9.548   0.321  0.0010    1.1     7.93      28620  0.950
  55    0.0 1.9e-04   0.999      86.92 1.1515e-07   9.524  -3.11e+03   -9.524   0.302  0.0007    1.0     8.00      29150  0.950
  56    0.0 1.8e-04   0.999      86.67 1.151e-07    9.524  -3.12e+03   -9.524   0.266  0.0007    1.0     8.00      29680  0.950
  57    0.0 1.7e-04   0.999      86.47 1.155e-07    9.524  -3.11e+03   -9.524   0.238  0.0005    1.0     8.00      30210  0.950
  58    0.0 1.6e-04   1.000      86.61 1.1504e-07   9.524  -3.12e+03   -9.524   0.230  0.0005    1.0     8.00      30740  0.950
  59    0.0 1.5e-04   1.000      86.72 1.1496e-07   9.524  -3.11e+03   -9.524   0.226  0.0004    1.0     8.00      31270  0.950
  60    0.0 1.4e-04   0.999      86.45 1.1496e-07   9.524  -3.12e+03   -9.524   0.196  0.0008    1.0     8.00      31800  0.950
  61    0.0 1.4e-04   0.998      85.96 1.1517e-07   9.524  -3.13e+03   -9.524   0.238  0.0007    1.0     8.00      32330  0.950
  62    0.0 1.3e-04   1.001      85.99 1.1438e-07   9.549  -3.11e+03   -9.549   0.238  0.0005    1.0     8.00      32860  0.950
  63    0.0 1.2e-04   1.000      86.10 1.1452e-07   9.549  -3.05e+03   -9.549   0.202  0.0005    1.0     8.00      33390  0.950
  64    0.0 1.2e-04   1.000      86.00 1.1449e-07   9.549  -3.02e+03   -9.549   0.232  0.0003    1.0     8.00      33920  0.950
  65    0.0 1.1e-04   1.001      86.16 1.1407e-07   9.575  -3.07e+03   -9.575   0.221  0.0008    1.0     8.00      34450  0.950
  66    0.0 1.1e-04   0.999      86.06 1.1516e-07   9.524  -3.03e+03   -9.524   0.221  0.0003    1.0     8.00      34980  0.950
  67    0.0 1.0e-04   0.998      85.67 1.1416e-07   9.575  -3.05e+03   -9.575   0.179  0.0008    1.0     8.00      35510  0.950
  68    0.0 9.5e-05   1.000      85.51 1.1415e-07   9.575  -3.04e+03   -9.575   0.191  0.0003    1.0     8.00      36040  0.950
  69    0.0 9.0e-05   1.000      85.49 1.1407e-07   9.575  -3.05e+03   -9.575   0.175  0.0003    1.0     8.00      36570  0.950
  70    0.0 8.6e-05   1.000      85.43 1.1404e-07   9.575  -3.04e+03   -9.575   0.172  0.0004    1.0     8.00      37100  0.950
  71    0.0 8.1e-05   0.999      85.36 1.1487e-07   9.524  -3.04e+03   -9.524   0.158  0.0002    1.0     8.00      37630  0.950
  72    0.0 7.7e-05   1.000      85.36 1.1485e-07   9.524  -3.07e+03   -9.524   0.162  0.0002    1.0     8.00      38160  0.950
  73    0.0 7.4e-05   1.000      85.26 1.1484e-07   9.524  -3.05e+03   -9.524   0.155  0.0002    1.0     8.00      38690  0.950
  74    0.0 7.0e-05   1.000      85.34 1.1487e-07   9.524  -3.06e+03   -9.524   0.128  0.0002    1.0     8.00      39220  0.950
Agent's 2nd state: 
  75    0.0 5.6e-05   0.999      85.24 1.1489e-07   9.524  -3.06e+03   -9.524   0.145  0.0005    1.0     8.00      39750  0.800
Checkpoint saved: bb_costs=85.1187, TD costs=1.1484e-07, CPD=  9.524 (ns) 
  76    0.0 4.5e-05   1.000      85.08 1.1485e-07   9.524  -3.05e+03   -9.524   0.100  0.0001    1.0     8.00      40280  0.800
  77    0.0 3.6e-05   1.000      85.03 1.1489e-07   9.524  -3.06e+03   -9.524   0.081  0.0001    1.0     8.00      40810  0.800
  78    0.0 2.9e-05   1.000      84.93 1.1489e-07   9.524  -3.05e+03   -9.524   0.064  0.0002    1.0     8.00      41340  0.800
  79    0.0 2.3e-05   1.000      84.87 1.149e-07    9.524  -3.06e+03   -9.524   0.045  0.0001    1.0     8.00      41870  0.800
  80    0.0 1.8e-05   1.000      84.78 1.149e-07    9.524  -3.06e+03   -9.524   0.055  0.0002    1.0     8.00      42400  0.800
  81    0.0 1.5e-05   1.000      84.74 1.149e-07    9.524  -3.06e+03   -9.524   0.045  0.0000    1.0     8.00      42930  0.800
  82    0.0 1.2e-05   1.000      84.73 1.1489e-07   9.524  -3.06e+03   -9.524   0.043  0.0000    1.0     8.00      43460  0.800
  83    0.0 9.4e-06   1.000      84.72 1.149e-07    9.524  -3.06e+03   -9.524   0.045  0.0000    1.0     8.00      43990  0.800
  84    0.0 7.5e-06   1.000      84.71 1.149e-07    9.524  -3.06e+03   -9.524   0.062  0.0000    1.0     8.00      44520  0.800
  85    0.0 6.0e-06   1.000      84.67 1.149e-07    9.524  -3.06e+03   -9.524   0.045  0.0002    1.0     8.00      45050  0.800
  86    0.0 4.8e-06   1.000      84.60 1.1488e-07   9.524  -3.06e+03   -9.524   0.040  0.0005    1.0     8.00      45580  0.800
  87    0.0 0.0e+00   1.000      84.41 1.1488e-07   9.524  -3.05e+03   -9.524   0.017  0.0000    1.0     8.00      46110  0.800
### Placement Quench took 0.01 seconds (max_rss 99.4 MiB)
post-quench CPD = 9.52361 (ns) 

Completed placement consistency check successfully.

Swaps called: 46296

Aborted Move Reasons:
  duplicate block move to location: 24
  macro move to location illegal: 2
  macro_from swap to location illegal: 321

BB estimate of min-dist (placement) wire length: 7558

Placement estimated critical path delay (least slack): 9.52361 ns, Fmax: 105.002 MHz
Placement estimated critical path skew: -0.04243 ns
Placement estimated setup Worst Negative Slack (sWNS): -9.52361 ns
Placement estimated setup Total Negative Slack (sTNS): -3051.77 ns
Placement estimated setup Worst Skew (sWS): -0.04243 ns

Placement estimated setup slack histogram:
[ -9.5e-09: -8.6e-09)  16 (  1.7%) |*
[ -8.6e-09: -7.8e-09)  16 (  1.7%) |*
[ -7.8e-09: -6.9e-09)   0 (  0.0%) |
[ -6.9e-09:   -6e-09)   0 (  0.0%) |
[   -6e-09: -5.1e-09)   0 (  0.0%) |
[ -5.1e-09: -4.2e-09) 114 ( 12.3%) |*********
[ -4.2e-09: -3.3e-09)  93 ( 10.0%) |********
[ -3.3e-09: -2.5e-09) 569 ( 61.2%) |***********************************************
[ -2.5e-09: -1.6e-09)  70 (  7.5%) |******
[ -1.6e-09:   -7e-10)  51 (  5.5%) |****

Placement estimated geomean non-virtual intra-domain period: 9.52361 ns (105.002 MHz)
Placement estimated fanout-weighted geomean non-virtual intra-domain period: 9.52361 ns (105.002 MHz)

Placement cost: 1, bb_cost: 84.4088, td_cost: 1.14878e-07, 

Placement resource usage:
  io  implemented as io : 74
  clb implemented as clb: 112

Placement number of temperatures: 87
Placement total # of swap attempts: 46296
	Swaps accepted: 15354 (33.2 %)
	Swaps rejected: 30210 (65.3 %)
	Swaps aborted:   732 ( 1.6 %)


Placement perturbation distribution by block and move type: 
------------------ ----------------- ---------------- ---------------- --------------- ------------ 
    Block Type         Move Type       (%) of Total      Accepted(%)     Rejected(%)    Aborted(%)
------------------ ----------------- ---------------- ---------------- --------------- ------------ 
io                 Uniform                9.71             61.13           38.87          0.00         
                   Median                 9.13             59.25           35.60          5.16         
                   Centroid               9.21             61.07           38.90          0.02         
                   W. Centroid            9.28             62.95           37.05          0.00         
                   W. Median              0.78             13.33           80.83          5.83         

clb                Uniform                14.62            13.40           84.99          1.61         
                   Median                 14.37            22.70           74.20          3.10         
                   Centroid               13.65            17.85           80.98          1.17         
                   W. Centroid            14.06            18.17           80.64          1.20         
                   W. Median              1.21             3.03            92.69          4.28         
                   Crit. Uniform          1.90             0.00            100.00         0.00         
                   Feasible Region        2.08             0.00            99.90          0.10         


Placement Quench timing analysis took 0.00367345 seconds (0.00331878 STA, 0.000354676 slack) (1 full updates: 1 setup, 0 hold, 0 combined).
Placement Total  timing analysis took 0.366916 seconds (0.329444 STA, 0.0374715 slack) (89 full updates: 89 setup, 0 hold, 0 combined).
update_td_costs: connections 0.00172636 nets 0 sum_nets 0.00122682 total 0.00302619
## AP Detailed Placer took 0.83 seconds (max_rss 99.5 MiB, delta_rss +0.1 MiB)
Incr Slack updates 89 in 0.0103557 sec
Full Max Req/Worst Slack updates 23 in 0.000619115 sec
Incr Max Req/Worst Slack updates 66 in 0.00227334 sec
Incr Criticality updates 40 in 0.00933264 sec
Full Criticality updates 49 in 0.0121488 sec
Incr Slack updates 1 in 0.00039348 sec
Full Max Req/Worst Slack updates 1 in 6.488e-05 sec
Incr Max Req/Worst Slack updates 0 in 0 sec
Incr Criticality updates 0 in 0 sec
Full Criticality updates 1 in 0.000768656 sec
# Analytical Placement took 3.74 seconds (max_rss 99.7 MiB, delta_rss +68.0 MiB)


# Routing
RR graph channel widths unchanged, skipping RR graph rebuild
## Initializing router criticalities
Initial Net Connection Criticality Histogram:
[        0:      0.1) 236 (  8.2%) |**************
[      0.1:      0.2) 805 ( 27.9%) |***********************************************
[      0.2:      0.3) 517 ( 17.9%) |******************************
[      0.3:      0.4) 806 ( 28.0%) |***********************************************
[      0.4:      0.5) 116 (  4.0%) |*******
[      0.5:      0.6)  49 (  1.7%) |***
[      0.6:      0.7)  65 (  2.3%) |****
[      0.7:      0.8)  35 (  1.2%) |**
[      0.8:      0.9)  37 (  1.3%) |**
[      0.9:        1) 217 (  7.5%) |*************
## Initializing router criticalities took 0.05 seconds (max_rss 99.7 MiB, delta_rss +0.0 MiB)
---- ------ ------- ---- ------- ------- ------- ----------------- --------------- -------- ---------- ---------- ---------- ---------- --------
Iter   Time    pres  BBs    Heap  Re-Rtd  Re-Rtd Overused RR Nodes      Wirelength      CPD       sTNS       sWNS       hTNS       hWNS Est Succ
      (sec)     fac Updt    push    Nets   Conns                                       (ns)       (ns)       (ns)       (ns)       (ns)     Iter
---- ------ ------- ---- ------- ------- ------- ----------------- --------------- -------- ---------- ---------- ---------- ---------- --------
   1    0.0     0.0    0  106166    1041    2751    1141 ( 3.563%)   11663 (41.5%)    8.840     -2886.     -8.840      0.000      0.000      N/A
   2    0.0     0.5    0   97737     811    2346     841 ( 2.626%)   11517 (41.0%)    8.840     -2855.     -8.840      0.000      0.000      N/A
   3    0.0     0.6    0   90670     701    1942     788 ( 2.461%)   11928 (42.5%)    8.840     -2927.     -8.840      0.000      0.000      N/A
   4    0.0     0.8    0   90909     615    1743     626 ( 1.955%)   12282 (43.7%)    8.840     -2980.     -8.840      0.000      0.000      N/A
   5    0.0     1.1    0   84290     550    1483     501 ( 1.564%)   12573 (44.8%)    8.840     -2989.     -8.840      0.000      0.000      N/A
   6    0.0     1.4    0   74506     475    1208     397 ( 1.240%)   12803 (45.6%)    8.840     -3015.     -8.840      0.000      0.000      N/A
   7    0.0     1.9    0   71796     452    1103     339 ( 1.059%)   13021 (46.4%)    8.840     -2998.     -8.840      0.000      0.000      N/A
   8    0.0     2.4    0   62565     371     836     275 ( 0.859%)   13291 (47.3%)    8.840     -3011.     -8.840      0.000      0.000      N/A
   9    0.0     3.1    0   52657     317     647     206 ( 0.643%)   13610 (48.5%)    8.898     -3177.     -8.898      0.000      0.000       34
  10    0.0     4.1    0   58157     269     657     182 ( 0.568%)   14096 (50.2%)    9.087     -3061.     -9.087      0.000      0.000       35
  11    0.0     5.3    0   51338     226     491     141 ( 0.440%)   14293 (50.9%)    9.097     -3095.     -9.097      0.000      0.000       35
  12    0.0     6.9    0   55447     186     406     110 ( 0.343%)   14575 (51.9%)    9.237     -3449.     -9.237      0.000      0.000       33
  13    0.0     9.0    0   40450     151     297      79 ( 0.247%)   14935 (53.2%)    9.171     -3112.     -9.171      0.000      0.000       32
  14    0.0    11.6    0   37979     119     220      59 ( 0.184%)   15115 (53.8%)    9.286     -3114.     -9.286      0.000      0.000       30
  15    0.0    15.1    0   31819      92     197      47 ( 0.147%)   15421 (54.9%)    9.785     -3475.     -9.785      0.000      0.000       30
  16    0.0    19.7    0   31765      86     188      33 ( 0.103%)   15688 (55.9%)    9.541     -3474.     -9.541      0.000      0.000       29
  17    0.0    25.6    0   48375      71     162      27 ( 0.084%)   15907 (56.6%)    9.445     -3377.     -9.445      0.000      0.000       29
  18    0.0    33.3    0   30855      75     139      20 ( 0.062%)   15953 (56.8%)    9.445     -3441.     -9.445      0.000      0.000       29
  19    0.0    43.3    0   21182      59     106      13 ( 0.041%)   16061 (57.2%)    9.745     -3441.     -9.745      0.000      0.000       28
  20    0.0    56.2    0   20557      53      97       9 ( 0.028%)   16152 (57.5%)   10.828     -3462.    -10.828      0.000      0.000       28
  21    0.0    73.1    0   13436      37      65       8 ( 0.025%)   16226 (57.8%)   10.882     -3448.    -10.882      0.000      0.000       28
  22    0.0    95.0    0   15977      47      87       8 ( 0.025%)   16330 (58.2%)    9.550     -3446.     -9.550      0.000      0.000       29
  23    0.0   123.5    0   12436      43      78       5 ( 0.016%)   16360 (58.3%)   10.886     -3458.    -10.886      0.000      0.000       29
  24    0.0   160.6    0   20082      35      70       6 ( 0.019%)   16392 (58.4%)   10.521     -3455.    -10.521      0.000      0.000       30
  25    0.0   208.8    0   21026      44      87       4 ( 0.012%)   16367 (58.3%)   10.164     -3467.    -10.164      0.000      0.000       30
  26    0.0   271.4    0    9084      38      68       2 ( 0.006%)   16411 (58.4%)   10.931     -3471.    -10.931      0.000      0.000       30
  27    0.0   352.8    0   13747      37      73       4 ( 0.012%)   16418 (58.5%)   10.818     -3468.    -10.818      0.000      0.000       31
  28    0.0   458.7    0   11923      32      64       2 ( 0.006%)   16437 (58.5%)   12.285     -3507.    -12.285      0.000      0.000       31
  29    0.0   596.3    0   10827      19      38       2 ( 0.006%)   16458 (58.6%)   11.244     -3482.    -11.244      0.000      0.000       31
  30    0.0   775.1    0    4820      27      48       1 ( 0.003%)   16448 (58.6%)   11.244     -3482.    -11.244      0.000      0.000       31
  31    0.0  1000.0    0    2490      24      44       0 ( 0.000%)   16459 (58.6%)   11.244     -3482.    -11.244      0.000      0.000      N/A
Restoring best routing
Critical path: 11.2436 ns
Successfully routed after 31 routing iterations.
Final Net Connection Criticality Histogram:
[        0:      0.1) 480 ( 16.6%) |*********************************
[      0.1:      0.2) 540 ( 18.7%) |*************************************
[      0.2:      0.3) 677 ( 23.5%) |***********************************************
[      0.3:      0.4) 641 ( 22.2%) |*********************************************
[      0.4:      0.5) 154 (  5.3%) |***********
[      0.5:      0.6)  67 (  2.3%) |*****
[      0.6:      0.7)  39 (  1.4%) |***
[      0.7:      0.8)  77 (  2.7%) |*****
[      0.8:      0.9) 116 (  4.0%) |********
[      0.9:        1)  92 (  3.2%) |******
Router Stats: total_nets_routed: 7103 total_connections_routed: 17741 total_heap_pushes: 1295068 total_heap_pops: 349945 
Serial Connection Router is being destroyed. Time spent on path search: 0.166 seconds.
# Routing took 0.55 seconds (max_rss 99.7 MiB, delta_rss +0.0 MiB)

Checking to ensure routing is legal...
# Checking to ensure non-configurable edges are legal
# Checking to ensure non-configurable edges are legal took 0.00 seconds (max_rss 99.7 MiB, delta_rss +0.0 MiB)
Completed routing consistency check successfully.

Serial number (magic cookie) for the routing is: -251711129
Circuit successfully routed with a channel width factor of 90.
Incr Slack updates 32 in 0.00319381 sec
Full Max Req/Worst Slack updates 11 in 0.000302207 sec
Incr Max Req/Worst Slack updates 21 in 0.000737844 sec
Incr Criticality updates 10 in 0.00229511 sec
Full Criticality updates 22 in 0.00575106 sec
# Synchronize the packed netlist to routing optimization
## Annotating rr_node with routed nets
## Annotating rr_node with routed nets took 0.00 seconds (max_rss 99.7 MiB, delta_rss +0.0 MiB)
Found 3931 mismatches between routing and packing results.
Fixed 2545 routing traces due to mismatch between routing and packing results.
# Synchronize the packed netlist to routing optimization took 0.03 seconds (max_rss 99.7 MiB, delta_rss +0.0 MiB)
Final Clustering Statistics: 
----------   --------   ------------------------------------   --------------------------
Block Type   # Blocks   Avg. # of input clocks and pins used   Avg. # of output pins used
----------   --------   ------------------------------------   --------------------------
     EMPTY          0                                      0                            0   
        io         74                               0.486486                     0.513514   
       clb        112                                25.4196                      8.98214   
   dsp_top          0                                      0                            0   
    memory          0                                      0                            0   
Absorbed logical nets 1698 out of 2742 nets, 1044 nets not absorbed.


Average number of bends per net: 2.07685  Maximum # of bends: 60

Number of global nets: 3
Number of routed nets (nonglobal): 1041
Wire length results (in units of 1 clb segments)...
	Total wirelength: 16459, average net length: 15.8108
	Maximum net length: 489

Wire length results in terms of physical segments...
	Total wiring segments used: 4510, average wire segments per net: 4.33237
	Maximum segments used by a net: 144
	Total local nets with reserved CLB opins: 0
Total number of nets absorbed: 9

Routing channel utilization histogram:
[        1:      inf)   0 (  0.0%) |
[      0.9:        1)   5 (  1.5%) |**
[      0.8:      0.9)  36 ( 10.7%) |***************
[      0.7:      0.8) 112 ( 33.1%) |***********************************************
[      0.5:      0.6)  52 ( 15.4%) |**********************
[      0.4:      0.5)  45 ( 13.3%) |*******************
[      0.3:      0.4)  34 ( 10.1%) |**************
[      0.2:      0.3)  20 (  5.9%) |********
[      0.1:      0.2)   7 (  2.1%) |***
[        0:      0.1)  27 (  8.0%) |***********
Maximum routing channel utilization:      0.99 at (8,0)

X - Directed channels: layer   y   max occ   ave occ   ave cap
                        ----- ---- -------- -------- --------
                            0    0       89   70.167       90
                            0    1       74   54.833       90
                            0    2       77   56.583       90
                            0    3       76   57.500       90
                            0    4       81   59.083       90
                            0    5       83   63.833       90
                            0    6       79   60.083       90
                            0    7       71   52.750       90
                            0    8       65   48.583       90
                            0    9       65   49.083       90
                            0   10       63   46.083       90
                            0   11       48   35.333       90
                            0   12       55   38.667       90
Y - Directed channels: layer   x   max occ   ave occ   ave cap
                        ----- ---- -------- -------- --------
                            0    0       51   36.750       90
                            0    1       38   23.917       90
                            0    2       51   37.417       90
                            0    3       57   46.750       90
                            0    4       67   51.750       90
                            0    5       65   50.167       90
                            0    6       73   56.250       90
                            0    7       77   65.917       90
                            0    8       78   66.833       90
                            0    9       73   60.250       90
                            0   10       70   61.500       90
                            0   11       70   56.000       90
                            0   12       81   65.500       90

Total existing wires segments: CHANX     14040, CHANY     14040, CHANZ         0, ALL     28080
Total used wires segments:     CHANX      8311, CHANY      8148, CHANZ         0, ALL     16459
Usage percentage:              CHANX     59.2%, CHANY     58.0%, CHANZ      0.0%, ALL     58.6%

Logic area (in minimum width transistor areas, excludes I/Os and empty grid tiles)...
	Total logic block area (Warning, need to add pitch of routing to blocks with height > 3): 4.93594e+06
	Total used logic block area: 3.12536e+06

Routing area (in minimum width transistor areas)...
	Total routing area: 1.30597e+06, per logic tile: 6663.10

Total Number of Wiring Segments by Direction: direction length number
                                              --------- ------ -------
                                                      X      4   3802
                                                      Y      4   3802
                                                      X     16    270
                                                      Y     16    270

X - Directed Wiring Segment usage by length: length utilization
                                             ------ -----------
                                             4       0.572
                                            16         0.3

Y - Directed Wiring Segment usage by length: length utilization
                                             ------ -----------
                                             4       0.578
                                            16       0.207

Segment occupancy by length: Length Occupancy Capacity Utilization
                             ------ --------- -------- -----------
                             L4          4373     7604       0.575
                             L16          137      540       0.254

Segment occupancy by type: name type utilization
                           ---- ---- -----------
                             L4    0       0.575
                            L16    1       0.254

Final hold Worst Negative Slack (hWNS): 0 ns
Final hold Total Negative Slack (hTNS): 0 ns
Final hold Worst Skew (hWS): 0 ns

Final hold slack histogram:
[  1.9e-10:  4.2e-10) 828 ( 89.1%) |***********************************************
[  4.2e-10:  6.5e-10)  32 (  3.4%) |**
[  6.5e-10:  8.8e-10)  27 (  2.9%) |**
[  8.8e-10:  1.1e-09)  24 (  2.6%) |*
[  1.1e-09:  1.3e-09)   9 (  1.0%) |*
[  1.3e-09:  1.6e-09)   6 (  0.6%) |
[  1.6e-09:  1.8e-09)   1 (  0.1%) |
[  1.8e-09:    2e-09)   1 (  0.1%) |
[    2e-09:  2.2e-09)   0 (  0.0%) |
[  2.2e-09:  2.5e-09)   1 (  0.1%) |

Final critical path delay (least slack): 11.2436 ns, Fmax: 88.9399 MHz
Final critical path skew: -0.04243 ns
Final setup Worst Negative Slack (sWNS): -11.2436 ns
Final setup Total Negative Slack (sTNS): -3482.07 ns
Final setup Worst Skew (sWS): -0.04243 ns

Final setup slack histogram:
[ -1.1e-08:   -1e-08)   7 (  0.8%) |*
[   -1e-08: -9.1e-09)  18 (  1.9%) |**
[ -9.1e-09:   -8e-09)   3 (  0.3%) |
[   -8e-09: -6.9e-09)   4 (  0.4%) |
[ -6.9e-09: -5.9e-09)   1 (  0.1%) |
[ -5.9e-09: -4.8e-09)  47 (  5.1%) |****
[ -4.8e-09: -3.7e-09) 273 ( 29.4%) |**************************
[ -3.7e-09: -2.6e-09) 495 ( 53.3%) |***********************************************
[ -2.6e-09: -1.6e-09)  44 (  4.7%) |****
[ -1.6e-09: -4.9e-10)  37 (  4.0%) |****

Final geomean non-virtual intra-domain period: 11.2436 ns (88.9399 MHz)
Final fanout-weighted geomean non-virtual intra-domain period: 11.2436 ns (88.9399 MHz)

Incr Slack updates 1 in 9.464e-05 sec
Full Max Req/Worst Slack updates 1 in 2.8256e-05 sec
Incr Max Req/Worst Slack updates 0 in 0 sec
Incr Criticality updates 0 in 0 sec
Full Criticality updates 1 in 0.000259005 sec
Flow timing analysis took 0.855838 seconds (0.788467 STA, 0.0673719 slack) (123 full updates: 90 setup, 0 hold, 33 combined).
VPR succeeded
The entire flow of VPR took 4.71 seconds (max_rss 99.7 MiB)

