VPR FPGA Placement and Routing.
Version: 9.0.0-dev+v8.0.0-18248-g40f8d19708
Revision: v8.0.0-18248-g40f8d19708
Compiled: 2026-09-22T03:43:48
Compiler: GNU 13.3.0 on Linux-5.15.0-119-generic x86_64
Build Info: release IPO VTR_ASSERT_LEVEL=2

University of Toronto
verilogtorouting.org
vtr-users@googlegroups.com
This is free open source code under MIT license.

VPR was run with the following command-line:
/inspire/hdd/project/project-public/changshunjie-253114010247/changshunjie-253114010247/workspace/DAC2027/vtr/vtr-verilog-to-routing/vpr/vpr /inspire/hdd/project/project-public/changshunjie-253114010247/changshunjie-253114010247/workspace/DAC2027/vtr/vtr-verilog-to-routing/vtr_flow/arch/COFFE_22nm/k6FracN10LB_mem20K_complexDSP_customSB_22nm.xml /inspire/hdd/project/project-public/changshunjie-253114010247/changshunjie-253114010247/workspace/DAC2027/TailCompile/experiments/vtr/runs/pilot_v1/attention_layer/full-seed1-w300/attention_layer.pre-vpr.blif --analytical_place --route --analysis --ap_full_legalizer flat-recon --ap_detailed_placer annealer --seed 12 --route_chan_width 140 --write_flat_place /inspire/hdd/project/project-public/changshunjie-253114010247/changshunjie-253114010247/workspace/DAC2027/TailCompile/vtr_work/tailcompile_v3/attention_layer/4x4/gnn_candidate-fp5a2949bf-flat-recon-annealer-seed12-w140-devw88/post_route.fplace --write_legalized_flat_place /inspire/hdd/project/project-public/changshunjie-253114010247/changshunjie-253114010247/workspace/DAC2027/TailCompile/vtr_work/tailcompile_v3/attention_layer/4x4/gnn_candidate-fp5a2949bf-flat-recon-annealer-seed12-w140-devw88/post_legalizer.fplace --flat_place_verbosity 1 --device_width 88 --net_file /inspire/hdd/project/project-public/changshunjie-253114010247/changshunjie-253114010247/workspace/DAC2027/TailCompile/vtr_work/tailcompile_v3/attention_layer/4x4/gnn_candidate-fp5a2949bf-flat-recon-annealer-seed12-w140-devw88/attention_layer.locked-input.net --read_flat_place /inspire/hdd/global_user/changshunjie-253114010247/workspace/DAC2027/TailCompile/experiments/vtr/tailcompile_v3/attention_layer/4x4/pools/bootstrap_24/candidate_20_seed13047.fplace

Using up to 1 parallel worker(s)

Architecture file: /inspire/hdd/project/project-public/changshunjie-253114010247/changshunjie-253114010247/workspace/DAC2027/vtr/vtr-verilog-to-routing/vtr_flow/arch/COFFE_22nm/k6FracN10LB_mem20K_complexDSP_customSB_22nm.xml
Circuit name: attention_layer.pre-vpr

# Loading Architecture Description
# Loading Architecture Description took 0.03 seconds (max_rss 31.2 MiB, delta_rss +0.0 MiB)

Timing analysis: ON
Circuit netlist file: /inspire/hdd/project/project-public/changshunjie-253114010247/changshunjie-253114010247/workspace/DAC2027/TailCompile/vtr_work/tailcompile_v3/attention_layer/4x4/gnn_candidate-fp5a2949bf-flat-recon-annealer-seed12-w140-devw88/attention_layer.locked-input.net
Circuit placement file: attention_layer.pre-vpr.place
Circuit routing file: attention_layer.pre-vpr.route
Circuit SDC file: attention_layer.pre-vpr.sdc
Vpr floorplanning constraints file: not specified

Packer: DISABLED
Placer: DISABLED
Analytical Placer: ENABLED
Router: ENABLED
Analysis: ENABLED

VPR was run with the following options:

netlist_opts.absorb_buffer_luts            : true
netlist_opts.sweep_dangling_primary_ios    : true
netlist_opts.sweep_dangling_nets           : true
netlist_opts.sweep_dangling_blocks         : true
netlist_opts.sweep_constant_primary_outputs: false
netlist_opts.netlist_verbosity             : 1
netlist_opts.const_gen_inference           : COMB_SEQ

AnalyticalPlacerOpts.analytical_solver_type: lp-b2b
AnalyticalPlacerOpts.partial_legalizer_type: bipartitioning
AnalyticalPlacerOpts.full_legalizer_type: flat-recon
AnalyticalPlacerOpts.detailed_placer_type: annealer
AnalyticalPlacerOpts.ap_timing_tradeoff: 0.500000
AnalyticalPlacerOpts.ap_high_fanout_threshold: 256
AnalyticalPlacerOpts.log_verbosity: 1
router_opts.route_type: DETAILED
router_opts.flat_routing: false
router_opts.choke_points: on
router_opts.router_algorithm: TIMING_DRIVEN
router_opts.base_cost_type: DELAY_NORMALIZED_LENGTH
router_opts.fixed_channel_width: 140
router_opts.check_route: FULL
router_opts.acc_fac: 1.000000
router_opts.bb_factor: 3
router_opts.bend_cost: 0.000000
router_opts.first_iter_pres_fac: 0.000000
router_opts.initial_pres_fac: 0.500000
router_opts.pres_fac_mult: 1.300000
router_opts.max_pres_fac: 1000.000000
router_opts.max_router_iterations: 50
router_opts.min_incremental_reroute_fanout: 16
router_opts.initial_acc_cost_chan_congestion_threshold: 0.500000
router_opts.initial_acc_cost_chan_congestion_weight: 0.500000
router_opts.do_check_rr_graph: true
router_opts.verify_binary_search: false
router_opts.min_channel_width_hint: 0
router_opts.read_rr_edge_metadata: false
router_opts.exit_after_first_routing_iteration: false
router_opts.astar_fac: 1.200000
router_opts.astar_offset: 0.000000
router_opts.router_profiler_astar_fac: 1.200000
router_opts.enable_parallel_connection_router: false
router_opts.post_target_prune_fac: 1.200000
router_opts.post_target_prune_offset: 0
router_opts.multi_queue_num_threads: 1
router_opts.multi_queue_num_queues: 2
router_opts.multi_queue_direct_draining: false
router_opts.criticality_exp: 1.000000
router_opts.max_criticality: 0.990000
router_opts.init_wirelength_abort_threshold: 0.850000
router_opts.incr_reroute_delay_ripup: AUTO
router_opts.save_routing_per_iteration: false
router_opts.congested_routing_iteration_threshold_frac: 1.000000
router_opts.high_fanout_threshold: 64
router_opts.router_debug_net: -2
router_opts.router_debug_sink_rr: -2
router_opts.router_debug_iteration: -2
router_opts.max_convergence_count: 1
router_opts.reconvergence_cpd_threshold: 0.990000
router_opts.update_lower_bound_delays: true
router_opts.first_iteration_timing_report_file: 
router_opts.route_bb_update: DYNAMIC
router_opts.lookahead_type: MAP
router_opts.initial_timing: LOOKAHEAD
router_opts.router_heap: FOUR_ARY_HEAP
router_opts.routing_failure_predictor = SAFE
router_opts.routing_predictor_min_history: 8
router_opts.routing_budgets_algorithm = DISABLE

analysis_opts.gen_post_synthesis_netlist: false
analysis_opts.gen_post_implementation_merged_netlist: false
analysis_opts.gen_post_implementation_sdc: false
analysis_opts.timing_report_npaths: 100
analysis_opts.timing_report_skew: false
analysis_opts.echo_dot_timing_graph_node: -1
analysis_opts.timing_report_detail: NETLIST
analysis_opts.post_synth_netlist_unconn_input_handling: UNCONNECTED
analysis_opts.post_synth_netlist_unconn_output_handling: UNCONNECTED
analysis_opts.post_synth_netlist_module_parameters: on

# Building complex block graph
# Building complex block graph took 0.08 seconds (max_rss 31.2 MiB, delta_rss +0.0 MiB)
Circuit file: /inspire/hdd/project/project-public/changshunjie-253114010247/changshunjie-253114010247/workspace/DAC2027/TailCompile/experiments/vtr/runs/pilot_v1/attention_layer/full-seed1-w300/attention_layer.pre-vpr.blif
# Load circuit
Found 4 constant generator(s) in the netlist (2 constant-zero, 2 constant-one) (run with --netlist_verbosity 2 to list names)
# Load circuit took 0.56 seconds (max_rss 135.3 MiB, delta_rss +104.1 MiB)
# Clean circuit
Absorbed 7975 LUT buffers
Found 1090 primitive output pin(s) driven only by constants; marked them as constants
Swept input(s)      : 7
Swept output(s)     : 0 (0 dangling, 0 constant)
Swept net(s)        : 10126
Swept block(s)      : 33
Constant Pins Marked: 1090
# Clean circuit took 0.13 seconds (max_rss 135.3 MiB, delta_rss +0.0 MiB)
# Compress circuit
# Compress circuit took 0.06 seconds (max_rss 135.3 MiB, delta_rss +0.0 MiB)
# Verify circuit
# Verify circuit took 0.02 seconds (max_rss 135.3 MiB, delta_rss +0.0 MiB)
Circuit Statistics:
  Blocks: 40113
    .input            :    1052
    .latch            :    8844
    .names            :   17218
        0-LUT:       3
        1-LUT:    5989
        2-LUT:     920
        3-LUT:    4530
        4-LUT:    3023
        5-LUT:    1163
        6-LUT:    1590
    .output           :      32
    adder             :    9150
    addition_fp_clk_16:       1
    dual_port_ram     :    3680
    multiply          :     136
  Nets  : 50065
    Avg Fanout:     2.9
    Max Fanout: 12525.0
    Min Fanout:     1.0
  Netlist Clocks: 1
# Build Timing Graph
  Timing Graph Nodes: 245193
  Timing Graph Edges: 446068
  Timing Graph Levels: 66
# Build Timing Graph took 0.23 seconds (max_rss 198.8 MiB, delta_rss +60.1 MiB)
Netlist contains 1 clocks
  Netlist Clock 'clk' Fanout: 12525 pins (6.5%), 12525 blocks (31.2%)
# Load Timing Constraints

SDC file 'attention_layer.pre-vpr.sdc' not found
Setting default timing constraints:
   * constrain all primary inputs and primary outputs on netlist clock 'clk'
   * optimize netlist clock to run as fast as possible
Timing constraints created 1 clocks
  Constrained Clock 'clk' Source: 'clk.inpad[0]'

# Load Timing Constraints took 0.00 seconds (max_rss 198.8 MiB, delta_rss +0.0 MiB)
# Analytical Placement
## Prepacker

There is one chain in this architecture called "chain" with the following starting points:
	clb[0]/lab[0]/fle[0]/ble5[0]/arithmetic[0]/adder[0].cin[0]

## Prepacker took 0.04 seconds (max_rss 198.8 MiB, delta_rss +0.0 MiB)
## Initializing Pre-Cluster Timing
Using inter-cluster delay: 2.1832e-09
## Initializing Pre-Cluster Timing took 0.39 seconds (max_rss 204.3 MiB, delta_rss +5.5 MiB)
## Estimate Device Size
Device layout 'auto' with fixed width 88.
FPGA sized to 88 x 88: 7744 grid tiles (auto)
## Estimate Device Size took 0.00 seconds (max_rss 204.3 MiB, delta_rss +0.0 MiB)
## Ram Mapper
Flat Placement is provided, skipping the RAM mapping.
## Ram Mapper took 0.00 seconds (max_rss 204.3 MiB, delta_rss +0.0 MiB)
## Read Atom Netlist to AP Netlist
## Read Atom Netlist to AP Netlist took 0.29 seconds (max_rss 276.0 MiB, delta_rss +71.8 MiB)
Analytical Placement Netlist Statistics:
	AP Blocks: 25061
		Moveable AP Blocks: 25061
		Fixed AP Blocks: 0
	AP Nets: 34982
		Average Fanout: 2.94
		Highest Fanout: 257
	AP Pins: 193913

## Computing placement delta delay look-up
### Build routing resource graph
### Build routing resource graph took 5.03 seconds (max_rss 739.0 MiB, delta_rss +462.9 MiB)
  RR Graph Nodes: 1616436
  RR Graph Edges: 15321730
### Computing router lookahead map
#### Computing wire lookahead
#### Computing wire lookahead took 5.84 seconds (max_rss 739.0 MiB, delta_rss +0.0 MiB)
#### Computing src/opin lookahead
Warning 1: Found no more sample locations for SOURCE in io
Warning 2: Found no more sample locations for OPIN in io
Warning 3: Found no more sample locations for SOURCE in clb
Warning 4: Found no more sample locations for OPIN in clb
Warning 5: Found no more sample locations for SOURCE in dsp_top
Warning 6: Found no more sample locations for OPIN in dsp_top
Warning 7: Found no more sample locations for SOURCE in memory
Warning 8: Found no more sample locations for OPIN in memory
#### Computing src/opin lookahead took 0.19 seconds (max_rss 739.0 MiB, delta_rss +0.0 MiB)
### Computing router lookahead map took 6.05 seconds (max_rss 739.0 MiB, delta_rss +0.0 MiB)
Serial Connection Router is being destroyed. Time spent on path search: 0.000 seconds.
## Computing placement delta delay look-up took 11.38 seconds (max_rss 739.0 MiB, delta_rss +462.9 MiB)
Flat Placement is provided in the AP flow, skipping the Global Placement.
0 of 25061 molecules placed at device center (no atoms of these molecules found in flat placement).
## AP Full Legalizer
### Creating Clusters
Device (width, height): (88,88)
#### Sorting and Grouping Blocks by Tile
#### Sorting and Grouping Blocks by Tile took 0.01 seconds (max_rss 739.0 MiB, delta_rss +0.0 MiB)
#### Reconstruction Pass Clustering
#### Reconstruction Pass Clustering took 57.97 seconds (max_rss 739.0 MiB, delta_rss +0.0 MiB)
#### Orphan Window Clustering with search radius 8
#### Orphan Window Clustering with search radius 8 took 0.02 seconds (max_rss 739.0 MiB, delta_rss +0.0 MiB)
FPGA sized to 88 x 88: 7744 grid tiles (auto)
Device Utilization: 0.28 (target 1.00)
	Block Utilization: 0.39 Type: io
	Block Utilization: 0.19 Type: clb
	Block Utilization: 0.85 Type: dsp_top
	Block Utilization: 0.75 Type: memory

----------------------------------------------------------------
                       Clustering Summary                       
----------------------------------------------------------------
Clusters created (Self Clustering)                       : 2605
    dsp_top    : 107
    memory     : 194
    clb        : 1220
    io         : 1084
Clusters created (Orphan Window Clustering)              : 14
    clb        : 14
Total clusters                                           : 2619
Percent of clusters created in Orphan Window Clustering  : 0.53%
Molecules clustered in each stage breakdown  : (Total of 25061)
	Self Clustering          (0.998963)  : 25035
 	Neighbor Clustering      (0.000000)  : 0
	Orphan Window Clustering (0.001037)  : 26
----------------------------------------------------------------

Final Clustering Statistics: 
----------   --------   ------------------------------------   --------------------------
Block Type   # Blocks   Avg. # of input clocks and pins used   Avg. # of output pins used
----------   --------   ------------------------------------   --------------------------
     EMPTY          0                                      0                            0   
        io       1084                              0.0295203                      0.97048   
       clb       1234                                27.9692                      15.3752   
   dsp_top        107                                40.9813                      20.1869   
    memory        194                                49.6598                      18.9691   
Absorbed logical nets 24200 out of 50065 nets, 25865 nets not absorbed.
#### Load packing
##### Loading packed FPGA netlist file.
Netlist generated from file '/inspire/hdd/project/project-public/changshunjie-253114010247/changshunjie-253114010247/workspace/DAC2027/TailCompile/vtr_work/tailcompile_v3/attention_layer/4x4/gnn_candidate-fp5a2949bf-flat-recon-annealer-seed12-w140-devw88/attention_layer.locked-input.net'.
Detected 3 constant generators (to see names run with higher pack verbosity)
##### Loading packed FPGA netlist file. took 2.04 seconds (max_rss 777.0 MiB, delta_rss +38.0 MiB)
Warning 9: Treated 2 constant nets as global which will not be routed (to see net names increase packer verbosity).
Netlist contains 5542 global net to non-global architecture pin connections
Found 2 logic block(s) with only 1 output pin and no inputs; they may be constant generators (run with --pack_verbosity 3 to list them)
Completed clustering consistency check successfully.
Cluster level netlist and block usage statistics
Netlist num_nets: 25865
Netlist num_blocks: 2619
Netlist EMPTY blocks: 0.
Netlist io blocks: 1084.
Netlist clb blocks: 1234.
Netlist dsp_top blocks: 107.
Netlist memory blocks: 194.
Netlist inputs pins: 1052
Netlist output pins: 32

Pb types usage...
  io                   : 1084
   inpad               : 1052
   outpad              : 32
  clb                  : 1234
   lab                 : 1234
    fle                : 11240
     ble5              : 19054
      flut5            : 9904
       lut5            : 9613
        lut            : 9613
       ff              : 8130
      arithmetic       : 9150
       lut4            : 6015
        lut            : 6015
       adder           : 9150
     ble6              : 1590
      lut6             : 1590
       lut             : 1590
      ff               : 714
  dsp_top              : 107
   dsp                 : 107
    dsp_pb             : 107
     two_mult_18x19    : 136
      mult_18x19       : 136
     adder_fp16        : 1
  memory               : 194
   mem_1024x20_dp      : 194
    memory_slice       : 3680

#### Load packing took 2.41 seconds (max_rss 777.0 MiB, delta_rss +38.0 MiB)
Netlist contains 5542 global net to non-global architecture pin connections
Found 2 logic block(s) with only 1 output pin and no inputs; they may be constant generators (run with --pack_verbosity 3 to list them)
Cluster level netlist and block usage statistics
Netlist num_nets: 25865
Netlist num_blocks: 2619
Netlist EMPTY blocks: 0.
Netlist io blocks: 1084.
Netlist clb blocks: 1234.
Netlist dsp_top blocks: 107.
Netlist memory blocks: 194.
Netlist inputs pins: 1052
Netlist output pins: 32
### Creating Clusters took 61.60 seconds (max_rss 777.0 MiB, delta_rss +38.0 MiB)
Completed clustering consistency check successfully.
FPGA sized to 88 x 88: 7744 grid tiles (auto)
### Compressed grid construction
### Compressed grid construction took 0.00 seconds (max_rss 777.0 MiB, delta_rss +0.0 MiB)
### Initial Placement
Placing clusters that are part of larger macros...
Number of blocks to be placed: 16
Max distance on device: 176
---- ---------- ---------- -------------
Pass Max Displ. Num Blocks Num Blocks   
     Threshold  Placed     Left Unplaced
---- ---------- ---------- -------------
   0          0         12             4
   1          1          4             0

Placing general clusters...
Number of blocks to be placed: 2603
Max distance on device: 176
---- ---------- ---------- -------------
Pass Max Displ. Num Blocks Num Blocks   
     Threshold  Placed     Left Unplaced
---- ---------- ---------- -------------
   0          0       2589            14
   1          1          9             5
   2          2          2             3
   3          4          3             0

### Initial Placement took 0.01 seconds (max_rss 777.0 MiB, delta_rss +0.0 MiB)
Flat Placement Reconstruction Info:
	Percent of clusters with reconstruction errors: 0.267278
	Total displacement of initial placement from flat placement: 15302.000000
	Average atom displacement of initial placement from flat placement: 0.381472
	Max atom displacement of initial placement from flat placement: 62.000000
	Percent of atoms misplaced from the flat placement: 1.819859
## AP Full Legalizer took 61.91 seconds (max_rss 777.0 MiB, delta_rss +38.0 MiB)

Resource usage...
	Netlist
		1084	blocks of type: io
	Architecture
		2752	blocks of type: io
	Netlist
		1234	blocks of type: clb
	Architecture
		6376	blocks of type: clb
	Netlist
		107	blocks of type: dsp_top
	Architecture
		126	blocks of type: dsp_top
	Netlist
		194	blocks of type: memory
	Architecture
		258	blocks of type: memory

Device Utilization: 0.28 (target 1.00)
	Physical Tile io:
	Block Utilization: 0.39 Logical Block: io
	Physical Tile clb:
	Block Utilization: 0.19 Logical Block: clb
	Physical Tile dsp_top:
	Block Utilization: 0.85 Logical Block: dsp_top
	Physical Tile memory:
	Block Utilization: 0.75 Logical Block: memory

## Computing placement delta delay look-up
RR graph channel widths unchanged, skipping RR graph rebuild
Serial Connection Router is being destroyed. Time spent on path search: 0.000 seconds.
## Computing placement delta delay look-up took 0.02 seconds (max_rss 777.0 MiB, delta_rss +0.0 MiB)
Using simple RL 'Softmax agent' for choosing move and block types

Completed placement consistency check successfully.
Initial placement cost: 1 bb_cost: 7518.82 td_cost: 1.68921e-05
Initial placement BB estimate of wirelength: 1.0522e+06
Initial placement estimated Critical Path Delay (CPD): 16.6577 ns
Initial placement estimated setup Total Negative Slack (sTNS): -128013 ns
Initial placement estimated setup Worst Negative Slack (sWNS): -16.6577 ns

Initial placement estimated setup slack histogram:
[ -1.7e-08: -1.5e-08)     7 (  0.0%) |
[ -1.5e-08: -1.3e-08)     8 (  0.0%) |
[ -1.3e-08: -1.2e-08)    24 (  0.0%) |
[ -1.2e-08:   -1e-08)   156 (  0.3%) |
[   -1e-08: -8.4e-09)   265 (  0.5%) |
[ -8.4e-09: -6.8e-09)   835 (  1.6%) |*
[ -6.8e-09: -5.1e-09)  1321 (  2.5%) |**
[ -5.1e-09: -3.5e-09)  3171 (  6.0%) |*****
[ -3.5e-09: -1.8e-09) 26991 ( 51.2%) |*********************************************
[ -1.8e-09: -1.9e-10) 19984 ( 37.9%) |*********************************
Placement contains 8 placement macros involving 16 blocks (average macro size 2.000000)

Moves per temperature: 18045
## AP Detailed Placer

---- ------ ------- ------- ---------- ---------- ------- ---------- -------- ------- ------- ------ -------- --------- ------
Tnum  Time     T    AvCost  Av BB Cost Av TD Cost   CPD      sTNS      sWNS   AcRate  StdDev  R lim  CritExp  TotMoves  Alpha 
     (sec)                                          (ns)     (ns)      (ns)                                                   
---- ------ ------- ------- ---------- ---------- ------- ---------- -------- ------- ------- ------ -------- --------- ------
   1    0.2 6.1e-04   0.947    6178.04 1.7623e-05  12.301  -1.14e+05  -12.301   0.817  0.0267   87.0     1.00      18045  1.000
   2    0.2 5.5e-04   0.957    5697.42 1.6271e-05  12.510  -1.15e+05  -12.510   0.794  0.0122   87.0     1.00      36090  0.900
   3    0.2 5.2e-04   0.951    5335.31 1.5539e-05  12.580  -1.17e+05  -12.580   0.787  0.0151   87.0     1.00      54135  0.950
   4    0.2 4.9e-04   0.956    4971.53 1.4493e-05  12.826  -1.14e+05  -12.826   0.765  0.0189   87.0     1.00      72180  0.950
   5    0.2 4.7e-04   0.972    4610.28 1.6593e-05  10.431  -1.14e+05  -10.431   0.752  0.0091   87.0     1.00      90225  0.950
   6    0.2 4.4e-04   0.983    4456.70 1.6173e-05  10.479  -1.14e+05  -10.479   0.740  0.0138   87.0     1.00     108270  0.950
   7    0.2 4.2e-04   0.962    4168.82 1.4857e-05  11.036   -1.1e+05  -11.036   0.733  0.0212   87.0     1.00     126315  0.950
   8    0.2 4.0e-04   0.973    3890.00 1.427e-05   11.032  -1.11e+05  -11.032   0.725  0.0108   87.0     1.00     144360  0.950
   9    0.2 3.8e-04   0.975    3768.61 1.5753e-05   9.697  -1.09e+05   -9.697   0.712  0.0101   87.0     1.00     162405  0.950
  10    0.2 3.6e-04   0.981    3629.49 1.3864e-05  10.808  -1.09e+05  -10.808   0.701  0.0090   87.0     1.00     180450  0.950
  11    0.2 3.4e-04   0.982    3542.62 1.4499e-05  10.175  -1.12e+05  -10.175   0.698  0.0085   87.0     1.00     198495  0.950
  12    0.2 3.3e-04   0.969    3426.93 1.5702e-05   9.317   -1.1e+05   -9.317   0.693  0.0112   87.0     1.00     216540  0.950
  13    0.2 3.1e-04   0.981    3300.70 1.3888e-05  10.326  -1.09e+05  -10.326   0.683  0.0071   87.0     1.00     234585  0.950
  14    0.2 3.0e-04   0.973    3211.90 1.3636e-05  10.316  -1.07e+05  -10.316   0.665  0.0096   87.0     1.00     252630  0.950
  15    0.2 2.8e-04   0.985    3161.63 1.4217e-05   9.708  -1.07e+05   -9.708   0.668  0.0050   87.0     1.00     270675  0.950
  16    0.2 2.7e-04   0.983    3092.30 1.4405e-05   9.422  -1.07e+05   -9.422   0.652  0.0071   87.0     1.00     288720  0.950
  17    0.2 2.5e-04   0.985    3034.44 1.2941e-05  10.484  -1.09e+05  -10.484   0.647  0.0057   87.0     1.00     306765  0.950
  18    0.2 2.4e-04   0.988    3013.83 1.2798e-05  10.456  -1.07e+05  -10.456   0.647  0.0039   87.0     1.00     324810  0.950
  19    0.2 2.3e-04   0.980    2940.31 1.295e-05   10.233  -1.04e+05  -10.233   0.628  0.0095   87.0     1.00     342855  0.950
  20    0.2 2.2e-04   0.992    2911.52 1.4131e-05   9.343  -1.08e+05   -9.343   0.633  0.0030   87.0     1.00     360900  0.950
  21    0.2 2.1e-04   0.988    2888.06 1.2749e-05  10.240  -1.06e+05  -10.240   0.616  0.0041   87.0     1.00     378945  0.950
  22    0.2 2.0e-04   0.980    2847.51 1.3524e-05   9.544  -1.06e+05   -9.544   0.610  0.0078   87.0     1.00     396990  0.950
  23    0.2 1.9e-04   0.984    2776.89 1.4301e-05   8.847  -1.06e+05   -8.847   0.603  0.0053   87.0     1.00     415035  0.950
  24    0.2 1.8e-04   0.988    2768.36 1.2968e-05   9.767  -1.05e+05   -9.767   0.597  0.0075   87.0     1.00     433080  0.950
  25    0.2 1.7e-04   0.990    2708.45 1.4414e-05   8.663  -1.06e+05   -8.663   0.577  0.0038   87.0     1.00     451125  0.950
  26    0.2 1.6e-04   0.987    2666.37 1.4093e-05   8.797  -1.05e+05   -8.797   0.568  0.0048   87.0     1.00     469170  0.950
  27    0.2 1.5e-04   0.985    2616.65 1.3673e-05   8.986  -1.03e+05   -8.986   0.561  0.0049   87.0     1.00     487215  0.950
  28    0.2 1.4e-04   0.986    2585.01 1.3635e-05   8.923  -1.02e+05   -8.923   0.551  0.0041   87.0     1.00     505260  0.950
  29    0.2 1.4e-04   0.989    2546.92 1.2915e-05   9.351  -1.05e+05   -9.351   0.545  0.0060   87.0     1.00     523305  0.950
  30    0.2 1.3e-04   0.993    2506.36 1.2512e-05   9.557  -1.02e+05   -9.557   0.534  0.0029   87.0     1.00     541350  0.950
  31    0.2 1.2e-04   0.988    2494.29 1.3131e-05   9.087  -1.05e+05   -9.087   0.528  0.0053   87.0     1.00     559395  0.950
  32    0.2 1.2e-04   0.987    2459.32 1.3278e-05   8.889  -1.03e+05   -8.889   0.517  0.0035   87.0     1.00     577440  0.950
  33    0.2 1.1e-04   0.990    2441.01 1.3755e-05   8.546  -1.03e+05   -8.546   0.498  0.0045   87.0     1.00     595485  0.950
  34    0.2 1.1e-04   0.990    2419.46 1.3357e-05   8.728  -1.03e+05   -8.728   0.491  0.0041   87.0     1.00     613530  0.950
  35    0.2 1.0e-04   0.992    2399.28 1.2565e-05   9.182  -1.04e+05   -9.182   0.473  0.0025   87.0     1.00     631575  0.950
  36    0.2 9.5e-05   0.989    2378.19 1.3123e-05   8.758  -1.03e+05   -8.758   0.469  0.0054   87.0     1.00     649620  0.950
  37    0.2 9.1e-05   0.990    2351.22 1.3014e-05   8.783  -1.04e+05   -8.783   0.458  0.0027   87.0     1.00     667665  0.950
  38    0.2 8.6e-05   0.992    2347.35 1.1689e-05   9.735  -1.01e+05   -9.735   0.446  0.0025   87.0     1.00     685710  0.950
  39    0.2 8.2e-05   0.988    2319.86 1.3043e-05   8.657  -1.02e+05   -8.657   0.432  0.0061   87.0     1.00     703755  0.950
  40    0.2 7.8e-05   0.990    2291.07 1.2264e-05   8.715  -1.02e+05   -8.715   0.429  0.0041   86.3     1.06     721800  0.950
  41    0.2 7.4e-05   0.991    2271.24 1.1376e-05   8.742  -1.02e+05   -8.742   0.416  0.0021   85.4     1.13     739845  0.950
  42    0.2 7.0e-05   0.990    2257.25 8.8973e-06   9.438  -1.02e+05   -9.438   0.400  0.0033   83.3     1.30     757890  0.950
  43    0.2 6.7e-05   0.988    2225.99 7.698e-06    8.853  -1.01e+05   -8.853   0.391  0.0038   80.0     1.57     775935  0.950
  44    0.2 6.3e-05   0.992    2220.39 6.4378e-06   8.554  -1.02e+05   -8.554   0.374  0.0022   76.1     1.89     793980  0.950
  45    0.2 6.0e-05   0.987    2209.05 5.3816e-06   8.188  -1.01e+05   -8.188   0.376  0.0047   71.1     2.29     812025  0.950
  46    0.2 5.7e-05   0.991    2184.84 3.9081e-06   8.463  -1.01e+05   -8.463   0.356  0.0037   66.6     2.66     830070  0.950
  47    0.2 5.4e-05   0.993    2174.45 3.1917e-06   8.307  -1.04e+05   -8.307   0.350  0.0028   60.9     3.12     848115  0.950
  48    0.2 5.2e-05   0.991    2160.62 2.3738e-06   8.381  -1.05e+05   -8.381   0.341  0.0028   55.5     3.57     866160  0.950
  49    0.2 4.9e-05   0.993    2144.26 2.0833e-06   8.130  -1.03e+05   -8.130   0.335  0.0031   50.0     4.01     884205  0.950
  50    0.2 4.7e-05   0.993    2128.86 1.7867e-06   8.041  -1.05e+05   -8.041   0.321  0.0034   44.7     4.44     902250  0.950
  51    0.2 4.4e-05   0.996    2124.74 1.5651e-06   7.939  -1.06e+05   -7.939   0.321  0.0028   39.4     4.87     920295  0.950
  52    0.2 4.2e-05   0.994    2106.46 1.2616e-06   8.011  -1.07e+05   -8.011   0.313  0.0036   34.7     5.26     938340  0.950
  53    0.2 4.0e-05   0.995    2081.27 1.0665e-06   8.011  -1.07e+05   -8.011   0.305  0.0017   30.3     5.62     956385  0.950
  54    0.2 3.8e-05   0.995    2072.28 9.5775e-07   7.982  -1.06e+05   -7.982   0.300  0.0021   26.2     5.95     974430  0.950
  55    0.2 3.6e-05   0.995    2058.56 7.7913e-07   8.045  -1.07e+05   -8.045   0.298  0.0032   22.5     6.25     992475  0.950
  56    0.2 3.4e-05   0.995    2042.00 7.0264e-07   8.045  -1.07e+05   -8.045   0.286  0.0028   19.3     6.51    1010520  0.950
  57    0.2 3.3e-05   0.997    2026.52 6.3969e-07   8.045  -1.07e+05   -8.045   0.279  0.0015   16.4     6.75    1028565  0.950
  58    0.2 3.1e-05   0.996    2016.88 5.6088e-07   8.091  -1.08e+05   -8.091   0.274  0.0024   13.7     6.96    1046610  0.950
  59    0.2 2.9e-05   0.993    1990.63 5.1833e-07   8.028  -1.09e+05   -8.028   0.279  0.0029   11.4     7.15    1064655  0.950
  60    0.2 2.8e-05   0.997    1976.54 4.6263e-07   8.091  -1.08e+05   -8.091   0.277  0.0024    9.6     7.30    1082700  0.950
  61    0.2 2.6e-05   0.996    1963.28 4.7518e-07   7.982  -1.06e+05   -7.982   0.271  0.0023    8.0     7.43    1100745  0.950
  62    0.2 2.5e-05   0.998    1949.50 4.5118e-07   7.982  -1.05e+05   -7.982   0.264  0.0013    6.7     7.54    1118790  0.950
  63    0.2 2.4e-05   0.997    1941.43 4.3467e-07   7.982  -1.06e+05   -7.982   0.260  0.0014    5.5     7.63    1136835  0.950
  64    0.2 2.3e-05   0.997    1935.82 4.2292e-07   7.982  -1.04e+05   -7.982   0.250  0.0016    4.5     7.71    1154880  0.950
  65    0.2 2.2e-05   0.997    1927.59 4.0008e-07   7.982  -1.05e+05   -7.982   0.246  0.0014    3.7     7.78    1172925  0.950
  66    0.2 2.0e-05   0.997    1922.79 4.1949e-07   7.879  -1.05e+05   -7.879   0.258  0.0012    2.9     7.84    1190970  0.950
  67    0.2 1.9e-05   0.996    1912.90 4.0699e-07   7.879  -1.06e+05   -7.879   0.247  0.0016    2.4     7.89    1209015  0.950
  68    0.2 1.8e-05   0.998    1907.31 3.9631e-07   7.879  -1.06e+05   -7.879   0.252  0.0011    1.9     7.92    1227060  0.950
  69    0.2 1.8e-05   0.999    1903.33 3.8851e-07   7.879  -1.04e+05   -7.879   0.250  0.0007    1.6     7.95    1245105  0.950
  70    0.2 1.7e-05   0.998    1899.66 3.8773e-07   7.879  -1.04e+05   -7.879   0.249  0.0007    1.3     7.98    1263150  0.950
  71    0.2 1.6e-05   0.998    1894.34 3.7401e-07   7.909  -1.04e+05   -7.909   0.237  0.0010    1.0     8.00    1281195  0.950
  72    0.2 1.5e-05   0.998    1891.22 3.8178e-07   7.879  -1.04e+05   -7.879   0.229  0.0007    1.0     8.00    1299240  0.950
  73    0.2 1.4e-05   0.999    1891.89 3.7867e-07   7.879  -1.04e+05   -7.879   0.220  0.0007    1.0     8.00    1317285  0.950
  74    0.2 1.4e-05   0.999    1890.31 3.7426e-07   7.879  -1.04e+05   -7.879   0.215  0.0006    1.0     8.00    1335330  0.950
  75    0.2 1.3e-05   0.998    1884.87 3.7777e-07   7.879  -1.05e+05   -7.879   0.208  0.0008    1.0     8.00    1353375  0.950
  76    0.2 1.2e-05   0.999    1883.06 3.7219e-07   7.879  -1.05e+05   -7.879   0.206  0.0006    1.0     8.00    1371420  0.950
  77    0.2 1.2e-05   0.999    1878.91 3.713e-07    7.879  -1.04e+05   -7.879   0.198  0.0006    1.0     8.00    1389465  0.950
  78    0.2 1.1e-05   0.999    1876.50 3.7105e-07   7.879  -1.04e+05   -7.879   0.196  0.0006    1.0     8.00    1407510  0.950
  79    0.2 1.1e-05   1.000    1875.51 3.7014e-07   7.879  -1.04e+05   -7.879   0.189  0.0003    1.0     8.00    1425555  0.950
  80    0.2 1.0e-05   0.999    1873.71 3.6903e-07   7.879  -1.05e+05   -7.879   0.182  0.0003    1.0     8.00    1443600  0.950
  81    0.2 9.5e-06   0.999    1872.35 3.6855e-07   7.879  -1.04e+05   -7.879   0.177  0.0004    1.0     8.00    1461645  0.950
  82    0.2 9.0e-06   0.999    1870.69 3.6677e-07   7.879  -1.05e+05   -7.879   0.176  0.0003    1.0     8.00    1479690  0.950
  83    0.2 8.6e-06   0.999    1869.45 3.6363e-07   7.879  -1.05e+05   -7.879   0.177  0.0002    1.0     8.00    1497735  0.950
  84    0.2 8.1e-06   0.999    1868.43 3.6461e-07   7.879  -1.04e+05   -7.879   0.168  0.0003    1.0     8.00    1515780  0.950
  85    0.2 7.7e-06   0.999    1866.08 3.6366e-07   7.879  -1.05e+05   -7.879   0.163  0.0003    1.0     8.00    1533825  0.950
  86    0.2 7.3e-06   0.999    1864.88 3.6528e-07   7.879  -1.04e+05   -7.879   0.166  0.0003    1.0     8.00    1551870  0.950
  87    0.2 7.0e-06   0.999    1863.09 3.6481e-07   7.879  -1.05e+05   -7.879   0.162  0.0003    1.0     8.00    1569915  0.950
  88    0.2 6.6e-06   1.000    1862.39 3.6374e-07   7.879  -1.05e+05   -7.879   0.161  0.0002    1.0     8.00    1587960  0.950
  89    0.2 6.3e-06   1.000    1860.77 3.6489e-07   7.879  -1.05e+05   -7.879   0.152  0.0002    1.0     8.00    1606005  0.950
  90    0.2 6.0e-06   0.999    1859.56 3.6676e-07   7.879  -1.06e+05   -7.879   0.151  0.0002    1.0     8.00    1624050  0.950
  91    0.2 5.7e-06   1.000    1859.09 3.6272e-07   7.879  -1.05e+05   -7.879   0.154  0.0003    1.0     8.00    1642095  0.950
  92    0.2 5.4e-06   0.999    1858.30 3.6214e-07   7.879  -1.05e+05   -7.879   0.152  0.0003    1.0     8.00    1660140  0.950
  93    0.2 5.1e-06   1.000    1857.89 3.5981e-07   7.879  -1.06e+05   -7.879   0.148  0.0002    1.0     8.00    1678185  0.950
Agent's 2nd state: 
  94    0.2 4.1e-06   1.000    1856.65 3.6339e-07   7.879  -1.05e+05   -7.879   0.147  0.0002    1.0     8.00    1696230  0.800
Checkpoint saved: bb_costs=1856.25, TD costs=3.64236e-07, CPD=  7.879 (ns) 
  95    0.2 3.3e-06   1.000    1855.74 3.6409e-07   7.879  -1.05e+05   -7.879   0.100  0.0002    1.0     8.00    1714275  0.800
  96    0.2 2.6e-06   1.000    1855.30 3.6361e-07   7.879  -1.05e+05   -7.879   0.098  0.0002    1.0     8.00    1732320  0.800
  97    0.2 2.1e-06   1.000    1854.37 3.6348e-07   7.879  -1.05e+05   -7.879   0.095  0.0001    1.0     8.00    1750365  0.800
  98    0.2 1.7e-06   1.000    1854.20 3.6159e-07   7.879  -1.06e+05   -7.879   0.095  0.0001    1.0     8.00    1768410  0.800
  99    0.2 1.3e-06   1.000    1853.81 3.6142e-07   7.879  -1.05e+05   -7.879   0.091  0.0001    1.0     8.00    1786455  0.800
 100    0.2 1.1e-06   1.000    1853.54 3.6247e-07   7.879  -1.05e+05   -7.879   0.086  0.0001    1.0     8.00    1804500  0.800
 101    0.2 8.6e-07   1.000    1852.96 3.6215e-07   7.879  -1.05e+05   -7.879   0.086  0.0001    1.0     8.00    1822545  0.800
 102    0.2 6.9e-07   1.000    1852.54 3.6239e-07   7.879  -1.05e+05   -7.879   0.087  0.0001    1.0     8.00    1840590  0.800
 103    0.2 5.5e-07   1.000    1852.41 3.6235e-07   7.879  -1.05e+05   -7.879   0.087  0.0001    1.0     8.00    1858635  0.800
 104    0.2 4.4e-07   1.000    1852.31 3.6037e-07   7.879  -1.05e+05   -7.879   0.086  0.0000    1.0     8.00    1876680  0.800
 105    0.2 3.5e-07   1.000    1852.21 3.5902e-07   7.879  -1.05e+05   -7.879   0.086  0.0001    1.0     8.00    1894725  0.800
 106    0.2 2.8e-07   1.000    1851.74 3.5968e-07   7.879  -1.05e+05   -7.879   0.083  0.0001    1.0     8.00    1912770  0.800
 107    0.2 2.3e-07   1.000    1851.88 3.5902e-07   7.879  -1.05e+05   -7.879   0.083  0.0001    1.0     8.00    1930815  0.800
 108    0.2 0.0e+00   1.000    1851.82 3.5856e-07   7.879  -1.04e+05   -7.879   0.045  0.0000    1.0     8.00    1948860  0.800
### Placement Quench took 0.17 seconds (max_rss 777.0 MiB)
post-quench CPD = 7.87918 (ns) 

Completed placement consistency check successfully.

Swaps called: 1951479

Aborted Move Reasons:
  duplicate block move to location: 17
  macro_from swap to location illegal: 998

BB estimate of min-dist (placement) wire length: 259095

Placement estimated critical path delay (least slack): 7.87918 ns, Fmax: 126.917 MHz
Placement estimated critical path skew: -0.04243 ns
Placement estimated setup Worst Negative Slack (sWNS): -7.87918 ns
Placement estimated setup Total Negative Slack (sTNS): -104296 ns
Placement estimated setup Worst Skew (sWS): -0.04243 ns

Placement estimated setup slack histogram:
[ -7.9e-09: -7.1e-09)     6 (  0.0%) |
[ -7.1e-09: -6.3e-09)    48 (  0.1%) |
[ -6.3e-09: -5.6e-09)   223 (  0.4%) |
[ -5.6e-09: -4.8e-09)   497 (  0.9%) |*
[ -4.8e-09:   -4e-09)   682 (  1.3%) |*
[   -4e-09: -3.3e-09)  2175 (  4.1%) |*****
[ -3.3e-09: -2.5e-09)  6539 ( 12.4%) |**************
[ -2.5e-09: -1.7e-09) 21460 ( 40.7%) |*********************************************
[ -1.7e-09: -9.6e-10) 15152 ( 28.7%) |********************************
[ -9.6e-10: -1.9e-10)  5980 ( 11.3%) |*************

Placement estimated geomean non-virtual intra-domain period: 7.87918 ns (126.917 MHz)
Placement estimated fanout-weighted geomean non-virtual intra-domain period: 7.87918 ns (126.917 MHz)

Placement cost: 0.999857, bb_cost: 1851.8, td_cost: 3.59029e-07, 

Placement resource usage:
  io      implemented as io     : 1084
  clb     implemented as clb    : 1234
  dsp_top implemented as dsp_top: 107
  memory  implemented as memory : 194

Placement number of temperatures: 108
Placement total # of swap attempts: 1951479
	Swaps accepted:  710757 (36.4 %)
	Swaps rejected: 1230114 (63.0 %)
	Swaps aborted:   10608 ( 0.5 %)


Placement perturbation distribution by block and move type: 
------------------ ----------------- ---------------- ---------------- --------------- ------------ 
    Block Type         Move Type       (%) of Total      Accepted(%)     Rejected(%)    Aborted(%)
------------------ ----------------- ---------------- ---------------- --------------- ------------ 
io                 Uniform                9.77             53.34           46.66          0.00         
                   Median                 9.73             60.19           38.99          0.82         
                   Centroid               9.74             60.54           39.46          0.00         
                   W. Centroid            9.79             60.62           39.37          0.00         
                   W. Median              0.77             24.45           74.63          0.92         

clb                Uniform                11.08            6.51            93.37          0.11         
                   Median                 11.18            36.33           62.90          0.77         
                   Centroid               11.11            33.95           65.97          0.08         
                   W. Centroid            11.18            34.38           65.51          0.11         
                   W. Median              0.87             2.52            96.65          0.82         
                   Crit. Uniform          1.84             0.09            99.91          0.00         
                   Feasible Region        1.87             0.06            99.94          0.00         

dsp_top            Uniform                0.96             1.61            98.39          0.00         
                   Median                 0.96             3.68            91.15          5.16         
                   Centroid               0.97             3.71            91.28          5.01         
                   W. Centroid            0.95             3.79            91.08          5.14         
                   W. Median              0.07             0.43            86.96          12.61        

memory             Uniform                1.74             6.73            93.27          0.00         
                   Median                 1.76             14.52           80.65          4.83         
                   Centroid               1.77             11.78           84.40          3.82         
                   W. Centroid            1.75             11.41           88.40          0.19         
                   W. Median              0.14             3.92            85.05          11.02        


Placement Quench timing analysis took 0.0456294 seconds (0.0392237 STA, 0.00640574 slack) (1 full updates: 1 setup, 0 hold, 0 combined).
Placement Total  timing analysis took 5.66913 seconds (4.73628 STA, 0.932848 slack) (110 full updates: 110 setup, 0 hold, 0 combined).
update_td_costs: connections 0.0360838 nets 0 sum_nets 0.0197738 total 0.0560773
## AP Detailed Placer took 18.92 seconds (max_rss 786.4 MiB, delta_rss +9.5 MiB)
Incr Slack updates 110 in 0.197509 sec
Full Max Req/Worst Slack updates 39 in 0.0437008 sec
Incr Max Req/Worst Slack updates 71 in 0.105175 sec
Incr Criticality updates 48 in 0.15695 sec
Full Criticality updates 62 in 0.317052 sec
Incr Slack updates 1 in 0.00186557 sec
Full Max Req/Worst Slack updates 1 in 0.00118407 sec
Incr Max Req/Worst Slack updates 0 in 0 sec
Incr Criticality updates 0 in 0 sec
Full Criticality updates 1 in 0.00623609 sec
# Analytical Placement took 93.62 seconds (max_rss 786.4 MiB, delta_rss +587.6 MiB)


# Routing
RR graph channel widths unchanged, skipping RR graph rebuild
## Initializing router criticalities
Initial Net Connection Criticality Histogram:
[        0:      0.1) 7075 ( 14.6%) |****************************************
[      0.1:      0.2) 8156 ( 16.8%) |**********************************************
[      0.2:      0.3) 6981 ( 14.4%) |***************************************
[      0.3:      0.4) 3480 (  7.2%) |********************
[      0.4:      0.5) 6183 ( 12.7%) |***********************************
[      0.5:      0.6) 7633 ( 15.7%) |*******************************************
[      0.6:      0.7) 6058 ( 12.5%) |**********************************
[      0.7:      0.8) 2423 (  5.0%) |**************
[      0.8:      0.9)  511 (  1.1%) |***
[      0.9:        1)   65 (  0.1%) |
## Initializing router criticalities took 0.65 seconds (max_rss 786.4 MiB, delta_rss +0.0 MiB)
---- ------ ------- ---- ------- ------- ------- ----------------- --------------- -------- ---------- ---------- ---------- ---------- --------
Iter   Time    pres  BBs    Heap  Re-Rtd  Re-Rtd Overused RR Nodes      Wirelength      CPD       sTNS       sWNS       hTNS       hWNS Est Succ
      (sec)     fac Updt    push    Nets   Conns                                       (ns)       (ns)       (ns)       (ns)       (ns)     Iter
---- ------ ------- ---- ------- ------- ------- ----------------- --------------- -------- ---------- ---------- ---------- ---------- --------
   1    1.0     0.0    0 5967491   25862   41715   23359 ( 1.445%)  412203 (19.7%)   10.274 -1.751e+05    -10.274      0.000      0.000      N/A
   2    1.0     0.5    0 5526735   18926   33341   11069 ( 0.685%)  409791 (19.6%)    7.527 -1.452e+05     -7.527      0.000      0.000      N/A
   3    0.8     0.6    0 4231899   13111   24617    9294 ( 0.575%)  414454 (19.8%)    7.527 -1.411e+05     -7.527      0.000      0.000      N/A
   4    0.7     0.8    0 3534908   10948   20981    7108 ( 0.440%)  417765 (19.9%)    7.527 -1.408e+05     -7.527      0.000      0.000      N/A
   5    0.6     1.1    0 2609953    8838   17345    5190 ( 0.321%)  422127 (20.1%)    7.527 -1.397e+05     -7.527      0.000      0.000      N/A
   6    0.4     1.4    0 1727247    6905   13831    3861 ( 0.239%)  425181 (20.3%)    7.527 -1.399e+05     -7.527      0.000      0.000      N/A
   7    0.3     1.9    0 1241798    5248   10886    2699 ( 0.167%)  428251 (20.4%)    7.527 -1.402e+05     -7.527      0.000      0.000      N/A
   8    0.3     2.4    0  822536    3824    8191    1838 ( 0.114%)  430938 (20.6%)    7.527 -1.404e+05     -7.527      0.000      0.000      N/A
   9    0.2     3.1    0  555723    2595    5980    1197 ( 0.074%)  433636 (20.7%)    7.527 -1.404e+05     -7.527      0.000      0.000       28
  10    0.2     4.1    0  370869    1717    4076     712 ( 0.044%)  436028 (20.8%)    7.527 -1.404e+05     -7.527      0.000      0.000       26
  11    0.2     5.3    0  242585    1032    2515     386 ( 0.024%)  437472 (20.9%)    7.527 -1.405e+05     -7.527      0.000      0.000       24
  12    0.2     6.9    0  156157     585    1478     198 ( 0.012%)  438520 (20.9%)    7.527 -1.406e+05     -7.527      0.000      0.000       22
  13    0.1     9.0    0   96568     286     707      83 ( 0.005%)  439205 (21.0%)    7.527 -1.407e+05     -7.527      0.000      0.000       21
  14    0.1    11.6    0   47365     118     261      26 ( 0.002%)  439589 (21.0%)    7.527 -1.407e+05     -7.527      0.000      0.000       19
  15    0.1    15.1    0   14326      34      82       6 ( 0.000%)  439713 (21.0%)    7.527 -1.407e+05     -7.527      0.000      0.000       18
  16    0.1    19.7    0    5937       8      23       3 ( 0.000%)  439752 (21.0%)    7.527 -1.407e+05     -7.527      0.000      0.000       17
  17    0.1    25.6    0    1592       5       9       1 ( 0.000%)  439764 (21.0%)    7.527 -1.407e+05     -7.527      0.000      0.000       17
  18    0.1    33.3    0     320       1       5       0 ( 0.000%)  439768 (21.0%)    7.527 -1.407e+05     -7.527      0.000      0.000      N/A
Restoring best routing
Critical path: 7.52693 ns
Successfully routed after 18 routing iterations.
Final Net Connection Criticality Histogram:
[        0:      0.1) 7373 ( 15.2%) |************************************
[      0.1:      0.2) 4033 (  8.3%) |********************
[      0.2:      0.3) 7795 ( 16.1%) |***************************************
[      0.3:      0.4) 4713 (  9.7%) |***********************
[      0.4:      0.5) 3945 (  8.1%) |********************
[      0.5:      0.6) 9304 ( 19.2%) |**********************************************
[      0.6:      0.7) 6747 ( 13.9%) |*********************************
[      0.7:      0.8) 3402 (  7.0%) |*****************
[      0.8:      0.9) 1040 (  2.1%) |*****
[      0.9:        1)  213 (  0.4%) |*
Router Stats: total_nets_routed: 100043 total_connections_routed: 186043 total_heap_pushes: 27154009 total_heap_pops: 7549431 
Serial Connection Router is being destroyed. Time spent on path search: 3.524 seconds.
# Routing took 7.55 seconds (max_rss 812.1 MiB, delta_rss +25.7 MiB)

Checking to ensure routing is legal...
# Checking to ensure non-configurable edges are legal
# Checking to ensure non-configurable edges are legal took 0.07 seconds (max_rss 812.1 MiB, delta_rss +0.0 MiB)
Completed routing consistency check successfully.

Serial number (magic cookie) for the routing is: 349939864
Circuit successfully routed with a channel width factor of 140.
Incr Slack updates 19 in 0.0346857 sec
Full Max Req/Worst Slack updates 2 in 0.00234917 sec
Incr Max Req/Worst Slack updates 17 in 0.0259624 sec
Incr Criticality updates 16 in 0.0520468 sec
Full Criticality updates 3 in 0.0198983 sec
# Synchronize the packed netlist to routing optimization
## Annotating rr_node with routed nets
## Annotating rr_node with routed nets took 0.01 seconds (max_rss 812.1 MiB, delta_rss +0.0 MiB)
Found 44148 mismatches between routing and packing results.
Fixed 30890 routing traces due to mismatch between routing and packing results.
# Synchronize the packed netlist to routing optimization took 0.29 seconds (max_rss 812.1 MiB, delta_rss +0.0 MiB)
Final Clustering Statistics: 
----------   --------   ------------------------------------   --------------------------
Block Type   # Blocks   Avg. # of input clocks and pins used   Avg. # of output pins used
----------   --------   ------------------------------------   --------------------------
     EMPTY          0                                      0                            0   
        io       1084                              0.0295203                      0.97048   
       clb       1234                                27.9692                      15.3752   
   dsp_top        107                                40.9813                      20.1869   
    memory        194                                49.6598                      18.9691   
Absorbed logical nets 24200 out of 50065 nets, 25865 nets not absorbed.


Average number of bends per net: 1.68336  Maximum # of bends: 286

Number of global nets: 3
Number of routed nets (nonglobal): 25862
Wire length results (in units of 1 clb segments)...
	Total wirelength: 439768, average net length: 17.0044
	Maximum net length: 2439

Wire length results in terms of physical segments...
	Total wiring segments used: 98555, average wire segments per net: 3.81080
	Maximum segments used by a net: 528
	Total local nets with reserved CLB opins: 0
Total number of nets absorbed: 8

Routing channel utilization histogram:
[        1:      inf)    0 (  0.0%) |
[      0.9:        1)    0 (  0.0%) |
[      0.8:      0.9)    3 (  0.0%) |
[      0.7:      0.8)  198 (  1.3%) |**
[      0.5:      0.6)  666 (  4.4%) |******
[      0.4:      0.5) 1308 (  8.6%) |***********
[      0.3:      0.4) 1969 ( 13.0%) |*****************
[      0.2:      0.3) 2533 ( 16.7%) |**********************
[      0.1:      0.2) 3212 ( 21.2%) |****************************
[        0:      0.1) 5249 ( 34.7%) |**********************************************
Maximum routing channel utilization:      0.83 at (21,39)

X - Directed channels: layer   y   max occ   ave occ   ave cap
                        ----- ---- -------- -------- --------
                            0    0       62   34.128      140
                            0    1       14    3.628      140
                            0    2       19    4.140      140
                            0    3       39    8.372      140
                            0    4       63   11.977      140
                            0    5       45   11.814      140
                            0    6       54   16.186      140
                            0    7       51   15.256      140
                            0    8       46   12.872      140
                            0    9       54   16.977      140
                            0   10       61   19.442      140
                            0   11       49   16.105      140
                            0   12       49   20.756      140
                            0   13       64   27.535      140
                            0   14       70   30.965      140
                            0   15       73   26.500      140
                            0   16       72   20.384      140
                            0   17       56   17.860      140
                            0   18       67   21.721      140
                            0   19       68   24.965      140
                            0   20       54   20.500      140
                            0   21       53   22.884      140
                            0   22       60   24.605      140
                            0   23       67   27.616      140
                            0   24       61   25.919      140
                            0   25       77   30.558      140
                            0   26       75   32.000      140
                            0   27       78   33.186      140
                            0   28       91   38.605      140
                            0   29       85   38.140      140
                            0   30       80   37.477      140
                            0   31       88   38.453      140
                            0   32       83   30.930      140
                            0   33       71   35.895      140
                            0   34       82   37.035      140
                            0   35       71   32.733      140
                            0   36       76   30.744      140
                            0   37       91   35.802      140
                            0   38       90   42.116      140
                            0   39       89   44.767      140
                            0   40       97   46.233      140
                            0   41       85   46.256      140
                            0   42       86   45.674      140
                            0   43       94   40.895      140
                            0   44       93   36.826      140
                            0   45       99   40.035      140
                            0   46       83   36.174      140
                            0   47       68   30.326      140
                            0   48       66   34.674      140
                            0   49       87   39.047      140
                            0   50       75   37.779      140
                            0   51       68   36.814      140
                            0   52       76   40.640      140
                            0   53       91   42.500      140
                            0   54       96   43.733      140
                            0   55       88   39.372      140
                            0   56       82   37.128      140
                            0   57       82   35.570      140
                            0   58       87   34.267      140
                            0   59       81   31.360      140
                            0   60       99   32.035      140
                            0   61       90   34.116      140
                            0   62       69   31.523      140
                            0   63       84   31.814      140
                            0   64       92   35.523      140
                            0   65       84   34.384      140
                            0   66       84   35.953      140
                            0   67       87   32.744      140
                            0   68       74   27.058      140
                            0   69       77   29.174      140
                            0   70       73   34.081      140
                            0   71       83   30.779      140
                            0   72       79   24.314      140
                            0   73       81   26.023      140
                            0   74       71   26.302      140
                            0   75       76   27.279      140
                            0   76       65   25.744      140
                            0   77       68   26.930      140
                            0   78       61   20.930      140
                            0   79       65   19.628      140
                            0   80       49   11.023      140
                            0   81       58   11.814      140
                            0   82       39    8.442      140
                            0   83       32    5.186      140
                            0   84       19    2.791      140
                            0   85       10    1.674      140
                            0   86       59   30.302      140
Y - Directed channels: layer   x   max occ   ave occ   ave cap
                        ----- ---- -------- -------- --------
                            0    0       51   20.500      140
                            0    1       52   26.326      140
                            0    2       79   35.791      140
                            0    3       52   16.465      140
                            0    4       84   24.965      140
                            0    5       77   39.372      140
                            0    6       66   35.163      140
                            0    7       49   16.116      140
                            0    8       28   10.047      140
                            0    9       58   10.919      140
                            0   10       46   12.058      140
                            0   11       36   13.593      140
                            0   12       30    8.872      140
                            0   13       50   15.012      140
                            0   14       50   20.907      140
                            0   15       38   20.605      140
                            0   16       57   19.221      140
                            0   17       68   47.721      140
                            0   18       79   54.442      140
                            0   19       75   32.570      140
                            0   20       98   35.651      140
                            0   21      116   56.663      140
                            0   22       97   49.919      140
                            0   23       85   30.686      140
                            0   24       74   25.930      140
                            0   25       75   21.547      140
                            0   26       55   16.488      140
                            0   27       47   14.814      140
                            0   28       47   13.430      140
                            0   29       48   17.802      140
                            0   30       72   30.372      140
                            0   31       55   25.767      140
                            0   32       62   29.000      140
                            0   33       81   53.419      140
                            0   34       98   61.733      140
                            0   35       88   42.105      140
                            0   36       84   49.605      140
                            0   37      101   66.233      140
                            0   38       95   59.047      140
                            0   39       83   41.814      140
                            0   40       86   41.872      140
                            0   41       82   36.221      140
                            0   42       79   36.012      140
                            0   43       74   32.605      140
                            0   44       71   31.093      140
                            0   45       80   36.302      140
                            0   46       85   45.919      140
                            0   47       96   50.256      140
                            0   48       84   44.523      140
                            0   49       90   58.965      140
                            0   50       93   66.093      140
                            0   51       88   54.663      140
                            0   52      104   53.372      140
                            0   53      109   68.349      140
                            0   54       96   57.651      140
                            0   55       65   32.791      140
                            0   56       85   28.628      140
                            0   57       76   20.477      140
                            0   58       75   17.930      140
                            0   59       72   17.058      140
                            0   60       71   16.372      140
                            0   61       61   16.721      140
                            0   62       60   21.395      140
                            0   63       49   21.395      140
                            0   64       54   22.756      140
                            0   65       69   43.349      140
                            0   66       88   53.942      140
                            0   67       90   35.593      140
                            0   68       67   31.488      140
                            0   69       82   42.512      140
                            0   70       86   33.081      140
                            0   71       51   13.291      140
                            0   72       28    8.105      140
                            0   73       16    4.860      140
                            0   74       31    5.756      140
                            0   75       21    4.721      140
                            0   76        9    4.849      140
                            0   77       13    7.500      140
                            0   78       30   14.477      140
                            0   79       29   15.221      140
                            0   80       48   14.744      140
                            0   81       79   32.244      140
                            0   82       73   39.942      140
                            0   83       62   25.186      140
                            0   84       78   28.081      140
                            0   85       70   27.326      140
                            0   86       46   20.791      140

Total existing wires segments: CHANX   1047480, CHANY   1047480, CHANZ         0, ALL   2094960
Total used wires segments:     CHANX    211080, CHANY    228688, CHANZ         0, ALL    439768
Usage percentage:              CHANX     20.2%, CHANY     21.8%, CHANZ      0.0%, ALL     21.0%

Logic area (in minimum width transistor areas, excludes I/Os and empty grid tiles)...
	Total logic block area (Warning, need to add pitch of routing to blocks with height > 3): 2.4541e+08
	Total used logic block area: 8.82956e+07

Routing area (in minimum width transistor areas)...
	Total routing area: 8.67194e+07, per logic tile: 11198.3

Total Number of Wiring Segments by Direction: direction length number
                                              --------- ------ -------
                                                      X      4 236160
                                                      Y      4 236160
                                                      X     16   9876
                                                      Y     16   9876

X - Directed Wiring Segment usage by length: length utilization
                                             ------ -----------
                                             4       0.198
                                            16       0.165

Y - Directed Wiring Segment usage by length: length utilization
                                             ------ -----------
                                             4       0.202
                                            16       0.253

Segment occupancy by length: Length Occupancy Capacity Utilization
                             ------ --------- -------- -----------
                             L4         94421   472320         0.2
                             L16         4134    19752       0.209

Segment occupancy by type: name type utilization
                           ---- ---- -----------
                             L4    0         0.2
                            L16    1       0.209

Final hold Worst Negative Slack (hWNS): 0 ns
Final hold Total Negative Slack (hTNS): 0 ns
Final hold Worst Skew (hWS): 0 ns

Final hold slack histogram:
[  4.1e-11:  6.4e-10)  3504 (  6.6%) |***************
[  6.4e-10:  1.2e-09)  8547 ( 16.2%) |************************************
[  1.2e-09:  1.8e-09)  6878 ( 13.0%) |*****************************
[  1.8e-09:  2.4e-09)  9437 ( 17.9%) |****************************************
[  2.4e-09:    3e-09) 10608 ( 20.1%) |*********************************************
[    3e-09:  3.6e-09)  9101 ( 17.2%) |***************************************
[  3.6e-09:  4.2e-09)  3304 (  6.3%) |**************
[  4.2e-09:  4.8e-09)   939 (  1.8%) |****
[  4.8e-09:  5.4e-09)   384 (  0.7%) |**
[  5.4e-09:    6e-09)    60 (  0.1%) |

Final critical path delay (least slack): 7.52693 ns, Fmax: 132.856 MHz
Final critical path skew: -0.04243 ns
Final setup Worst Negative Slack (sWNS): -7.52693 ns
Final setup Total Negative Slack (sTNS): -140678 ns
Final setup Worst Skew (sWS): -0.04243 ns

Final setup slack histogram:
[ -7.5e-09: -6.8e-09)    34 (  0.1%) |
[ -6.8e-09: -6.1e-09)   150 (  0.3%) |
[ -6.1e-09: -5.3e-09)   501 (  0.9%) |**
[ -5.3e-09: -4.6e-09)  1412 (  2.7%) |*****
[ -4.6e-09: -3.9e-09)  4572 (  8.7%) |***************
[ -3.9e-09: -3.1e-09) 10029 ( 19.0%) |********************************
[ -3.1e-09: -2.4e-09) 14071 ( 26.7%) |*********************************************
[ -2.4e-09: -1.7e-09) 12124 ( 23.0%) |***************************************
[ -1.7e-09: -9.3e-10)  8856 ( 16.8%) |****************************
[ -9.3e-10: -1.9e-10)  1013 (  1.9%) |***

Final geomean non-virtual intra-domain period: 7.52693 ns (132.856 MHz)
Final fanout-weighted geomean non-virtual intra-domain period: 7.52693 ns (132.856 MHz)

Incr Slack updates 1 in 0.00187337 sec
Full Max Req/Worst Slack updates 1 in 0.00120142 sec
Incr Max Req/Worst Slack updates 0 in 0 sec
Incr Criticality updates 0 in 0 sec
Full Criticality updates 1 in 0.00680629 sec
Flow timing analysis took 9.02179 seconds (7.79156 STA, 1.23024 slack) (131 full updates: 111 setup, 0 hold, 20 combined).
VPR succeeded
The entire flow of VPR took 105.67 seconds (max_rss 812.1 MiB)

