VPR FPGA Placement and Routing.
Version: 9.0.0-dev+v8.0.0-18248-g40f8d19708
Revision: v8.0.0-18248-g40f8d19708
Compiled: 2026-09-22T03:43:48
Compiler: GNU 13.3.0 on Linux-5.15.0-119-generic x86_64
Build Info: release IPO VTR_ASSERT_LEVEL=2

University of Toronto
verilogtorouting.org
vtr-users@googlegroups.com
This is free open source code under MIT license.

VPR was run with the following command-line:
/inspire/hdd/project/project-public/changshunjie-253114010247/changshunjie-253114010247/workspace/DAC2027/vtr/vtr-verilog-to-routing/vpr/vpr /inspire/hdd/project/project-public/changshunjie-253114010247/changshunjie-253114010247/workspace/DAC2027/vtr/vtr-verilog-to-routing/vtr_flow/arch/COFFE_22nm/k6FracN10LB_mem20K_complexDSP_customSB_22nm.xml /inspire/hdd/project/project-public/changshunjie-253114010247/changshunjie-253114010247/workspace/DAC2027/TailCompile/experiments/vtr/runs/pilot_v1/sha/full-seed1-w300/sha.pre-vpr.blif --analytical_place --route --analysis --ap_full_legalizer flat-recon --ap_detailed_placer annealer --seed 11 --route_chan_width 110 --write_flat_place /inspire/hdd/project/project-public/changshunjie-253114010247/changshunjie-253114010247/workspace/DAC2027/TailCompile/vtr_work/tailcompile_v3/sha/4x4/gnn_candidate-fp8987ca35-flat-recon-annealer-seed11-w110-devw14/post_route.fplace --write_legalized_flat_place /inspire/hdd/project/project-public/changshunjie-253114010247/changshunjie-253114010247/workspace/DAC2027/TailCompile/vtr_work/tailcompile_v3/sha/4x4/gnn_candidate-fp8987ca35-flat-recon-annealer-seed11-w110-devw14/post_legalizer.fplace --flat_place_verbosity 1 --device_width 14 --net_file /inspire/hdd/project/project-public/changshunjie-253114010247/changshunjie-253114010247/workspace/DAC2027/TailCompile/vtr_work/tailcompile_v3/sha/4x4/gnn_candidate-fp8987ca35-flat-recon-annealer-seed11-w110-devw14/sha.locked-input.net --read_flat_place /inspire/hdd/global_user/changshunjie-253114010247/workspace/DAC2027/TailCompile/experiments/vtr/tailcompile_v3/sha/4x4/pools/bootstrap_24/candidate_05_seed12032.fplace

Using up to 1 parallel worker(s)

Architecture file: /inspire/hdd/project/project-public/changshunjie-253114010247/changshunjie-253114010247/workspace/DAC2027/vtr/vtr-verilog-to-routing/vtr_flow/arch/COFFE_22nm/k6FracN10LB_mem20K_complexDSP_customSB_22nm.xml
Circuit name: sha.pre-vpr

# Loading Architecture Description
# Loading Architecture Description took 0.04 seconds (max_rss 18.9 MiB, delta_rss +0.0 MiB)

Timing analysis: ON
Circuit netlist file: /inspire/hdd/project/project-public/changshunjie-253114010247/changshunjie-253114010247/workspace/DAC2027/TailCompile/vtr_work/tailcompile_v3/sha/4x4/gnn_candidate-fp8987ca35-flat-recon-annealer-seed11-w110-devw14/sha.locked-input.net
Circuit placement file: sha.pre-vpr.place
Circuit routing file: sha.pre-vpr.route
Circuit SDC file: sha.pre-vpr.sdc
Vpr floorplanning constraints file: not specified

Packer: DISABLED
Placer: DISABLED
Analytical Placer: ENABLED
Router: ENABLED
Analysis: ENABLED

VPR was run with the following options:

netlist_opts.absorb_buffer_luts            : true
netlist_opts.sweep_dangling_primary_ios    : true
netlist_opts.sweep_dangling_nets           : true
netlist_opts.sweep_dangling_blocks         : true
netlist_opts.sweep_constant_primary_outputs: false
netlist_opts.netlist_verbosity             : 1
netlist_opts.const_gen_inference           : COMB_SEQ

AnalyticalPlacerOpts.analytical_solver_type: lp-b2b
AnalyticalPlacerOpts.partial_legalizer_type: bipartitioning
AnalyticalPlacerOpts.full_legalizer_type: flat-recon
AnalyticalPlacerOpts.detailed_placer_type: annealer
AnalyticalPlacerOpts.ap_timing_tradeoff: 0.500000
AnalyticalPlacerOpts.ap_high_fanout_threshold: 256
AnalyticalPlacerOpts.log_verbosity: 1
router_opts.route_type: DETAILED
router_opts.flat_routing: false
router_opts.choke_points: on
router_opts.router_algorithm: TIMING_DRIVEN
router_opts.base_cost_type: DELAY_NORMALIZED_LENGTH
router_opts.fixed_channel_width: 110
router_opts.check_route: FULL
router_opts.acc_fac: 1.000000
router_opts.bb_factor: 3
router_opts.bend_cost: 0.000000
router_opts.first_iter_pres_fac: 0.000000
router_opts.initial_pres_fac: 0.500000
router_opts.pres_fac_mult: 1.300000
router_opts.max_pres_fac: 1000.000000
router_opts.max_router_iterations: 50
router_opts.min_incremental_reroute_fanout: 16
router_opts.initial_acc_cost_chan_congestion_threshold: 0.500000
router_opts.initial_acc_cost_chan_congestion_weight: 0.500000
router_opts.do_check_rr_graph: true
router_opts.verify_binary_search: false
router_opts.min_channel_width_hint: 0
router_opts.read_rr_edge_metadata: false
router_opts.exit_after_first_routing_iteration: false
router_opts.astar_fac: 1.200000
router_opts.astar_offset: 0.000000
router_opts.router_profiler_astar_fac: 1.200000
router_opts.enable_parallel_connection_router: false
router_opts.post_target_prune_fac: 1.200000
router_opts.post_target_prune_offset: 0
router_opts.multi_queue_num_threads: 1
router_opts.multi_queue_num_queues: 2
router_opts.multi_queue_direct_draining: false
router_opts.criticality_exp: 1.000000
router_opts.max_criticality: 0.990000
router_opts.init_wirelength_abort_threshold: 0.850000
router_opts.incr_reroute_delay_ripup: AUTO
router_opts.save_routing_per_iteration: false
router_opts.congested_routing_iteration_threshold_frac: 1.000000
router_opts.high_fanout_threshold: 64
router_opts.router_debug_net: -2
router_opts.router_debug_sink_rr: -2
router_opts.router_debug_iteration: -2
router_opts.max_convergence_count: 1
router_opts.reconvergence_cpd_threshold: 0.990000
router_opts.update_lower_bound_delays: true
router_opts.first_iteration_timing_report_file: 
router_opts.route_bb_update: DYNAMIC
router_opts.lookahead_type: MAP
router_opts.initial_timing: LOOKAHEAD
router_opts.router_heap: FOUR_ARY_HEAP
router_opts.routing_failure_predictor = SAFE
router_opts.routing_predictor_min_history: 8
router_opts.routing_budgets_algorithm = DISABLE

analysis_opts.gen_post_synthesis_netlist: false
analysis_opts.gen_post_implementation_merged_netlist: false
analysis_opts.gen_post_implementation_sdc: false
analysis_opts.timing_report_npaths: 100
analysis_opts.timing_report_skew: false
analysis_opts.echo_dot_timing_graph_node: -1
analysis_opts.timing_report_detail: NETLIST
analysis_opts.post_synth_netlist_unconn_input_handling: UNCONNECTED
analysis_opts.post_synth_netlist_unconn_output_handling: UNCONNECTED
analysis_opts.post_synth_netlist_module_parameters: on

# Building complex block graph
# Building complex block graph took 0.11 seconds (max_rss 24.6 MiB, delta_rss +5.7 MiB)
Circuit file: /inspire/hdd/project/project-public/changshunjie-253114010247/changshunjie-253114010247/workspace/DAC2027/TailCompile/experiments/vtr/runs/pilot_v1/sha/full-seed1-w300/sha.pre-vpr.blif
# Load circuit
Found 3 constant generator(s) in the netlist (2 constant-zero, 1 constant-one) (run with --netlist_verbosity 2 to list names)
# Load circuit took 0.02 seconds (max_rss 28.3 MiB, delta_rss +3.7 MiB)
# Clean circuit
Absorbed 0 LUT buffers
Found 22 primitive output pin(s) driven only by constants; marked them as constants
Swept input(s)      : 0
Swept output(s)     : 0 (0 dangling, 0 constant)
Swept net(s)        : 22
Swept block(s)      : 0
Constant Pins Marked: 22
# Clean circuit took 0.00 seconds (max_rss 28.3 MiB, delta_rss +0.0 MiB)
# Compress circuit
# Compress circuit took 0.00 seconds (max_rss 28.3 MiB, delta_rss +0.0 MiB)
# Verify circuit
# Verify circuit took 0.00 seconds (max_rss 28.3 MiB, delta_rss +0.0 MiB)
Circuit Statistics:
  Blocks: 2491
    .input :      38
    .latch :     893
    .names :    1215
        0-LUT:       2
        1-LUT:       1
        2-LUT:      63
        3-LUT:     106
        4-LUT:      88
        5-LUT:     314
        6-LUT:     641
    .output:      36
    adder  :     309
  Nets  : 2742
    Avg Fanout:     3.3
    Max Fanout:   893.0
    Min Fanout:     1.0
  Netlist Clocks: 1
# Build Timing Graph
  Timing Graph Nodes: 11695
  Timing Graph Edges: 18725
  Timing Graph Levels: 84
# Build Timing Graph took 0.01 seconds (max_rss 31.6 MiB, delta_rss +3.1 MiB)
Netlist contains 1 clocks
  Netlist Clock 'clk_i' Fanout: 893 pins (7.6%), 893 blocks (35.8%)
# Load Timing Constraints

SDC file 'sha.pre-vpr.sdc' not found
Setting default timing constraints:
   * constrain all primary inputs and primary outputs on netlist clock 'clk_i'
   * optimize netlist clock to run as fast as possible
Timing constraints created 1 clocks
  Constrained Clock 'clk_i' Source: 'clk_i.inpad[0]'

# Load Timing Constraints took 0.00 seconds (max_rss 31.6 MiB, delta_rss +0.0 MiB)
# Analytical Placement
## Prepacker

There is one chain in this architecture called "chain" with the following starting points:
	clb[0]/lab[0]/fle[0]/ble5[0]/arithmetic[0]/adder[0].cin[0]

## Prepacker took 0.00 seconds (max_rss 31.9 MiB, delta_rss +0.3 MiB)
## Initializing Pre-Cluster Timing
Using inter-cluster delay: 2.1832e-09
## Initializing Pre-Cluster Timing took 0.20 seconds (max_rss 32.6 MiB, delta_rss +0.7 MiB)
## Estimate Device Size
Device layout 'auto' with fixed width 14.
FPGA sized to 14 x 14: 196 grid tiles (auto)
## Estimate Device Size took 0.00 seconds (max_rss 32.6 MiB, delta_rss +0.0 MiB)
## Ram Mapper
Flat Placement is provided, skipping the RAM mapping.
## Ram Mapper took 0.00 seconds (max_rss 32.6 MiB, delta_rss +0.0 MiB)
## Read Atom Netlist to AP Netlist
## Read Atom Netlist to AP Netlist took 0.01 seconds (max_rss 36.4 MiB, delta_rss +3.8 MiB)
Analytical Placement Netlist Statistics:
	AP Blocks: 1315
		Moveable AP Blocks: 1315
		Fixed AP Blocks: 0
	AP Nets: 1563
		Average Fanout: 4.51
		Highest Fanout: 194
	AP Pins: 11695

## Computing placement delta delay look-up
### Build routing resource graph
### Build routing resource graph took 0.11 seconds (max_rss 47.5 MiB, delta_rss +11.1 MiB)
  RR Graph Nodes: 33828
  RR Graph Edges: 257320
### Computing router lookahead map
#### Computing wire lookahead
#### Computing wire lookahead took 0.04 seconds (max_rss 48.3 MiB, delta_rss +0.5 MiB)
#### Computing src/opin lookahead
Warning 1: Found no more sample locations for SOURCE in io
Warning 2: Found no more sample locations for OPIN in io
Warning 3: Found no more sample locations for SOURCE in clb
Warning 4: Found no more sample locations for OPIN in clb
Warning 5: Found no more sample locations for SOURCE in dsp_top
Warning 6: Found no more sample locations for OPIN in dsp_top
Warning 7: Found no more sample locations for SOURCE in memory
Warning 8: Found no more sample locations for OPIN in memory
#### Computing src/opin lookahead took 0.00 seconds (max_rss 48.3 MiB, delta_rss +0.0 MiB)
### Computing router lookahead map took 0.05 seconds (max_rss 48.3 MiB, delta_rss +0.5 MiB)
Serial Connection Router is being destroyed. Time spent on path search: 0.000 seconds.
## Computing placement delta delay look-up took 0.17 seconds (max_rss 48.3 MiB, delta_rss +11.9 MiB)
Flat Placement is provided in the AP flow, skipping the Global Placement.
0 of 1315 molecules placed at device center (no atoms of these molecules found in flat placement).
## AP Full Legalizer
### Creating Clusters
Device (width, height): (14,14)
#### Sorting and Grouping Blocks by Tile
#### Sorting and Grouping Blocks by Tile took 0.00 seconds (max_rss 48.3 MiB, delta_rss +0.0 MiB)
#### Reconstruction Pass Clustering
#### Reconstruction Pass Clustering took 2.10 seconds (max_rss 50.3 MiB, delta_rss +2.1 MiB)
#### Orphan Window Clustering with search radius 8
#### Orphan Window Clustering with search radius 8 took 0.01 seconds (max_rss 50.3 MiB, delta_rss +0.0 MiB)
FPGA sized to 14 x 14: 196 grid tiles (auto)
Device Utilization: 0.62 (target 1.00)
	Block Utilization: 0.19 Type: io
	Block Utilization: 0.93 Type: clb

----------------------------------------------------------------
                       Clustering Summary                       
----------------------------------------------------------------
Clusters created (Self Clustering)                       : 185
    clb        : 111
    io         : 74
Clusters created (Orphan Window Clustering)              : 1
    clb        : 1
Total clusters                                           : 186
Percent of clusters created in Orphan Window Clustering  : 0.54%
Molecules clustered in each stage breakdown  : (Total of 1315)
	Self Clustering          (0.996958)  : 1311
 	Neighbor Clustering      (0.000000)  : 0
	Orphan Window Clustering (0.003042)  : 4
----------------------------------------------------------------

Final Clustering Statistics: 
----------   --------   ------------------------------------   --------------------------
Block Type   # Blocks   Avg. # of input clocks and pins used   Avg. # of output pins used
----------   --------   ------------------------------------   --------------------------
     EMPTY          0                                      0                            0   
        io         74                               0.486486                     0.513514   
       clb        112                                25.4196                      8.98214   
   dsp_top          0                                      0                            0   
    memory          0                                      0                            0   
Absorbed logical nets 1698 out of 2742 nets, 1044 nets not absorbed.
#### Load packing
##### Loading packed FPGA netlist file.
Netlist generated from file '/inspire/hdd/project/project-public/changshunjie-253114010247/changshunjie-253114010247/workspace/DAC2027/TailCompile/vtr_work/tailcompile_v3/sha/4x4/gnn_candidate-fp8987ca35-flat-recon-annealer-seed11-w110-devw14/sha.locked-input.net'.
Detected 2 constant generators (to see names run with higher pack verbosity)
##### Loading packed FPGA netlist file. took 0.18 seconds (max_rss 61.7 MiB, delta_rss +6.9 MiB)
Warning 9: Treated 2 constant nets as global which will not be routed (to see net names increase packer verbosity).
Netlist contains 33 global net to non-global architecture pin connections
Completed clustering consistency check successfully.
Cluster level netlist and block usage statistics
Netlist num_nets: 1044
Netlist num_blocks: 186
Netlist EMPTY blocks: 0.
Netlist io blocks: 74.
Netlist clb blocks: 112.
Netlist dsp_top blocks: 0.
Netlist memory blocks: 0.
Netlist inputs pins: 38
Netlist output pins: 36

Pb types usage...
  io               : 74
   inpad           : 38
   outpad          : 36
  clb              : 112
   lab             : 112
    fle            : 1086
     ble5          : 882
      flut5        : 573
       lut5        : 573
        lut        : 573
       ff          : 353
      arithmetic   : 309
       adder       : 309
     ble6          : 642
      lut6         : 642
       lut         : 642
      ff           : 540

#### Load packing took 0.26 seconds (max_rss 100.2 MiB, delta_rss +45.5 MiB)
Netlist contains 33 global net to non-global architecture pin connections
Cluster level netlist and block usage statistics
Netlist num_nets: 1044
Netlist num_blocks: 186
Netlist EMPTY blocks: 0.
Netlist io blocks: 74.
Netlist clb blocks: 112.
Netlist dsp_top blocks: 0.
Netlist memory blocks: 0.
Netlist inputs pins: 38
Netlist output pins: 36
### Creating Clusters took 2.48 seconds (max_rss 100.2 MiB, delta_rss +51.9 MiB)
Completed clustering consistency check successfully.
FPGA sized to 14 x 14: 196 grid tiles (auto)
### Compressed grid construction
### Compressed grid construction took 0.00 seconds (max_rss 100.2 MiB, delta_rss +0.0 MiB)
### Initial Placement
Placing clusters that are part of larger macros...
Number of blocks to be placed: 18
Max distance on device: 28
---- ---------- ---------- -------------
Pass Max Displ. Num Blocks Num Blocks   
     Threshold  Placed     Left Unplaced
---- ---------- ---------- -------------
   0          0         10             8
   1          1          6             2
   2          2          2             0

Placing general clusters...
Number of blocks to be placed: 168
Max distance on device: 28
---- ---------- ---------- -------------
Pass Max Displ. Num Blocks Num Blocks   
     Threshold  Placed     Left Unplaced
---- ---------- ---------- -------------
   0          0        158            10
   1          1          2             8
   2          2          2             6
   3          4          2             4
   4          8          2             2
   5         16          2             0

### Initial Placement took 0.00 seconds (max_rss 100.2 MiB, delta_rss +0.0 MiB)
Flat Placement Reconstruction Info:
	Percent of clusters with reconstruction errors: 0.537634
	Total displacement of initial placement from flat placement: 1667.000000
	Average atom displacement of initial placement from flat placement: 0.669209
	Max atom displacement of initial placement from flat placement: 11.000000
	Percent of atoms misplaced from the flat placement: 21.878763
## AP Full Legalizer took 2.48 seconds (max_rss 100.2 MiB, delta_rss +51.9 MiB)

Resource usage...
	Netlist
		74	blocks of type: io
	Architecture
		384	blocks of type: io
	Netlist
		112	blocks of type: clb
	Architecture
		120	blocks of type: clb
	Netlist
		0	blocks of type: dsp_top
	Architecture
		3	blocks of type: dsp_top
	Netlist
		0	blocks of type: memory
	Architecture
		6	blocks of type: memory

Device Utilization: 0.62 (target 1.00)
	Physical Tile io:
	Block Utilization: 0.19 Logical Block: io
	Physical Tile clb:
	Block Utilization: 0.93 Logical Block: clb
	Physical Tile dsp_top:
	Block Utilization: 0.00 Logical Block: dsp_top
	Physical Tile memory:
	Block Utilization: 0.00 Logical Block: memory

## Computing placement delta delay look-up
RR graph channel widths unchanged, skipping RR graph rebuild
Serial Connection Router is being destroyed. Time spent on path search: 0.000 seconds.
## Computing placement delta delay look-up took 0.00 seconds (max_rss 100.4 MiB, delta_rss +0.3 MiB)
Using simple RL 'Softmax agent' for choosing move and block types

Completed placement consistency check successfully.
Initial placement cost: 1 bb_cost: 102.92 td_cost: 6.61311e-07
Initial placement BB estimate of wirelength: 11300
Initial placement estimated Critical Path Delay (CPD): 10.659 ns
Initial placement estimated setup Total Negative Slack (sTNS): -2978.71 ns
Initial placement estimated setup Worst Negative Slack (sWNS): -10.659 ns

Initial placement estimated setup slack histogram:
[ -1.1e-08: -9.7e-09)  23 (  2.5%) |**
[ -9.7e-09: -8.7e-09)   9 (  1.0%) |*
[ -8.7e-09: -7.7e-09)   0 (  0.0%) |
[ -7.7e-09: -6.7e-09)   0 (  0.0%) |
[ -6.7e-09: -5.7e-09)   0 (  0.0%) |
[ -5.7e-09: -4.7e-09)   2 (  0.2%) |
[ -4.7e-09: -3.7e-09) 126 ( 13.6%) |**********
[ -3.7e-09: -2.7e-09) 614 ( 66.1%) |***********************************************
[ -2.7e-09: -1.7e-09) 103 ( 11.1%) |********
[ -1.7e-09:   -7e-10)  52 (  5.6%) |****
Placement contains 9 placement macros involving 18 blocks (average macro size 2.000000)

Moves per temperature: 530
## AP Detailed Placer

---- ------ ------- ------- ---------- ---------- ------- ---------- -------- ------- ------- ------ -------- --------- ------
Tnum  Time     T    AvCost  Av BB Cost Av TD Cost   CPD      sTNS      sWNS   AcRate  StdDev  R lim  CritExp  TotMoves  Alpha 
     (sec)                                          (ns)     (ns)      (ns)                                                   
---- ------ ------- ------- ---------- ---------- ------- ---------- -------- ------- ------- ------ -------- --------- ------
   1    0.0 3.7e-03   1.016      97.14 6.4589e-07  10.613  -3.15e+03  -10.613   0.743  0.0075   13.0     1.00        530  1.000
   2    0.0 3.5e-03   1.015     101.79 6.4425e-07  10.588  -3.14e+03  -10.588   0.745  0.0100   13.0     1.00       1060  0.950
   3    0.0 3.3e-03   0.974      99.10 6.1887e-07  11.638  -3.48e+03  -11.638   0.706  0.0148   13.0     1.00       1590  0.950
   4    0.0 3.1e-03   0.998      97.14 6.4016e-07  10.983  -3.51e+03  -10.983   0.630  0.0088   13.0     1.00       2120  0.950
   5    0.0 3.0e-03   0.987      96.89 6.5344e-07  10.763   -3.6e+03  -10.763   0.653  0.0095   13.0     1.00       2650  0.950
   6    0.0 2.8e-03   0.989      95.05 6.1298e-07  10.955  -3.34e+03  -10.955   0.670  0.0096   13.0     1.00       3180  0.950
   7    0.0 2.7e-03   0.994      95.13 6.5292e-07  10.169  -3.27e+03  -10.169   0.647  0.0051   13.0     1.00       3710  0.950
   8    0.0 2.6e-03   0.998      96.17 6.4555e-07  10.016  -3.12e+03  -10.016   0.660  0.0081   13.0     1.00       4240  0.950
   9    0.0 2.4e-03   0.995      94.31 6.5097e-07   9.735  -3.03e+03   -9.735   0.615  0.0077   13.0     1.00       4770  0.950
  10    0.0 2.3e-03   0.981      91.23 6.132e-07   10.753  -3.34e+03  -10.753   0.604  0.0085   13.0     1.00       5300  0.950
  11    0.0 2.2e-03   1.009      90.45 6.3483e-07  10.107  -3.21e+03  -10.107   0.575  0.0082   13.0     1.00       5830  0.950
  12    0.0 2.1e-03   0.986      90.35 6.0983e-07  10.551  -3.13e+03  -10.551   0.611  0.0059   13.0     1.00       6360  0.950
  13    0.0 2.0e-03   0.999      91.25 6.2703e-07  10.002  -3.08e+03  -10.002   0.596  0.0078   13.0     1.00       6890  0.950
  14    0.0 1.9e-03   0.986      86.29 6.1898e-07   9.929  -2.99e+03   -9.929   0.557  0.0051   13.0     1.00       7420  0.950
  15    0.0 1.8e-03   0.990      83.63 6.0923e-07   9.922  -2.86e+03   -9.922   0.530  0.0057   13.0     1.00       7950  0.950
  16    0.0 1.7e-03   1.008      85.10 5.7842e-07  10.773  -3.16e+03  -10.773   0.596  0.0051   13.0     1.00       8480  0.950
  17    0.0 1.6e-03   1.009      88.71 6.0988e-07  10.067  -3.07e+03  -10.067   0.587  0.0038   13.0     1.00       9010  0.950
  18    0.0 1.5e-03   0.985      86.56 6.0501e-07  10.775  -3.46e+03  -10.775   0.568  0.0060   13.0     1.00       9540  0.950
  19    0.0 1.5e-03   0.998      86.43 6.2286e-07   9.835  -3.14e+03   -9.835   0.540  0.0091   13.0     1.00      10070  0.950
  20    0.0 1.4e-03   0.994      86.42 6.2023e-07  10.033  -3.13e+03  -10.033   0.566  0.0038   13.0     1.00      10600  0.950
  21    0.0 1.3e-03   0.995      84.44 6.3754e-07   9.727  -3.19e+03   -9.727   0.517  0.0045   13.0     1.00      11130  0.950
  22    0.0 1.2e-03   0.990      82.96 5.9867e-07  10.135  -3.04e+03  -10.135   0.528  0.0065   13.0     1.00      11660  0.950
  23    0.0 1.2e-03   1.001      82.33 6.0248e-07  10.134  -3.05e+03  -10.134   0.530  0.0020   13.0     1.00      12190  0.950
  24    0.0 1.1e-03   0.995      82.77 6.0316e-07  10.155  -2.99e+03  -10.155   0.528  0.0050   13.0     1.00      12720  0.950
  25    0.0 1.1e-03   0.997      82.59 5.8933e-07  10.330  -2.97e+03  -10.330   0.475  0.0026   13.0     1.00      13250  0.950
  26    0.0 1.0e-03   0.999      82.59 6.0785e-07  10.037  -3.13e+03  -10.037   0.513  0.0029   13.0     1.00      13780  0.950
  27    0.0 9.7e-04   0.985      81.34 6.1742e-07   9.609  -2.93e+03   -9.609   0.545  0.0077   13.0     1.00      14310  0.950
  28    0.0 9.2e-04   0.998      79.30 5.9023e-07  10.073  -3.01e+03  -10.073   0.453  0.0026   13.0     1.00      14840  0.950
  29    0.0 8.7e-04   0.998      78.68 5.9487e-07  10.056  -3.08e+03  -10.056   0.434  0.0021   13.0     1.00      15370  0.950
  30    0.0 8.3e-04   1.001      78.71 5.7449e-07   9.882  -3.05e+03   -9.882   0.481  0.0038   12.9     1.05      15900  0.950
  31    0.0 7.9e-04   0.994      78.49 6.1238e-07   9.732  -3.11e+03   -9.732   0.451  0.0031   13.0     1.00      16430  0.950
  32    0.0 7.5e-04   1.001      78.22 6.0344e-07   9.764  -2.97e+03   -9.764   0.389  0.0041   13.0     1.00      16960  0.950
  33    0.0 7.1e-04   1.001      78.80 4.2204e-07   9.918  -2.98e+03   -9.918   0.421  0.0024   12.3     1.39      17490  0.950
  34    0.0 6.8e-04   0.994      77.74 3.8063e-07   9.780  -2.97e+03   -9.780   0.404  0.0033   12.1     1.53      18020  0.950
  35    0.0 6.4e-04   1.000      77.30 3.2853e-07   9.544  -2.95e+03   -9.544   0.413  0.0016   11.7     1.78      18550  0.950
  36    0.0 6.1e-04   0.994      76.47 2.94e-07     9.600  -2.99e+03   -9.600   0.402  0.0030   11.3     1.97      19080  0.950
  37    0.0 5.8e-04   1.001      76.33 2.5342e-07   9.783  -3.06e+03   -9.783   0.391  0.0013   10.9     2.22      19610  0.950
  38    0.0 5.5e-04   0.994      75.40 2.1666e-07   9.859  -2.97e+03   -9.859   0.353  0.0031   10.4     2.53      20140  0.950
  39    0.0 5.2e-04   0.998      75.38 1.814e-07    9.859  -3.03e+03   -9.859   0.325  0.0020    9.5     3.06      20670  0.950
  40    0.0 5.0e-04   1.000      74.55 1.5973e-07   9.604  -2.97e+03   -9.604   0.368  0.0012    8.4     3.70      21200  0.950
  41    0.0 4.7e-04   0.998      74.75 1.4902e-07   9.655  -2.97e+03   -9.655   0.364  0.0017    7.8     4.05      21730  0.950
  42    0.0 4.5e-04   0.999      74.36 1.449e-07    9.553  -2.98e+03   -9.553   0.328  0.0011    7.2     4.39      22260  0.950
  43    0.0 4.3e-04   0.998      74.08 1.3309e-07   9.736  -2.97e+03   -9.736   0.319  0.0011    6.4     4.86      22790  0.950
  44    0.0 4.0e-04   0.996      73.86 1.2871e-07   9.598     -3e+03   -9.598   0.311  0.0040    5.6     5.31      23320  0.950
  45    0.0 3.8e-04   0.999      73.58 1.2905e-07   9.315  -2.96e+03   -9.315   0.360  0.0014    4.9     5.73      23850  0.950
  46    0.0 3.6e-04   0.997      73.13 1.2676e-07   9.315   -2.9e+03   -9.315   0.319  0.0018    4.5     5.96      24380  0.950
  47    0.0 3.5e-04   1.002      72.94 1.2428e-07   9.315  -2.91e+03   -9.315   0.338  0.0012    4.0     6.28      24910  0.950
  48    0.0 3.3e-04   0.999      72.56 1.2057e-07   9.417  -2.88e+03   -9.417   0.330  0.0013    3.5     6.51      25440  0.950
  49    0.0 3.1e-04   1.000      72.31 1.1871e-07   9.417  -2.93e+03   -9.417   0.315  0.0009    3.2     6.74      25970  0.950
  50    0.0 3.0e-04   0.998      71.94 1.17e-07     9.417  -2.92e+03   -9.417   0.349  0.0020    2.8     6.97      26500  0.950
  51    0.0 2.8e-04   0.997      71.24 1.162e-07    9.417  -2.91e+03   -9.417   0.340  0.0013    2.5     7.12      27030  0.950
  52    0.0 2.7e-04   1.000      71.12 1.1567e-07   9.417  -2.91e+03   -9.417   0.304  0.0007    2.3     7.26      27560  0.950
  53    0.0 2.5e-04   0.995      70.80 1.147e-07    9.417  -2.95e+03   -9.417   0.358  0.0014    2.0     7.44      28090  0.950
  54    0.0 2.4e-04   0.999      70.55 1.1443e-07   9.417  -2.93e+03   -9.417   0.362  0.0014    1.8     7.54      28620  0.950
  55    0.0 2.3e-04   0.997      69.78 1.1409e-07   9.417  -2.94e+03   -9.417   0.362  0.0016    1.7     7.62      29150  0.950
  56    0.0 2.2e-04   0.999      69.79 1.1342e-07   9.417  -2.93e+03   -9.417   0.379  0.0008    1.5     7.69      29680  0.950
  57    0.0 2.1e-04   0.995      69.39 1.1374e-07   9.461  -2.93e+03   -9.461   0.315  0.0018    1.4     7.75      30210  0.950
  58    0.0 2.0e-04   0.997      68.90 1.157e-07    9.277  -2.85e+03   -9.277   0.306  0.0018    1.3     7.85      30740  0.950
  59    0.0 1.9e-04   0.997      68.77 1.1444e-07   9.303  -2.91e+03   -9.303   0.272  0.0014    1.1     7.95      31270  0.950
  60    0.0 1.8e-04   1.000      68.61 1.144e-07    9.277   -2.9e+03   -9.277   0.260  0.0008    1.0     8.00      31800  0.950
  61    0.0 1.7e-04   1.000      68.55 1.1449e-07   9.277   -2.9e+03   -9.277   0.211  0.0007    1.0     8.00      32330  0.950
  62    0.0 1.6e-04   1.000      68.63 1.145e-07    9.277   -2.9e+03   -9.277   0.253  0.0006    1.0     8.00      32860  0.950
  63    0.0 1.5e-04   0.998      68.67 1.1439e-07   9.277  -2.88e+03   -9.277   0.251  0.0011    1.0     8.00      33390  0.950
  64    0.0 1.4e-04   0.999      68.28 1.1208e-07   9.366  -2.89e+03   -9.366   0.232  0.0007    1.0     8.00      33920  0.950
  65    0.0 1.4e-04   1.000      68.11 1.1204e-07   9.366  -2.89e+03   -9.366   0.230  0.0004    1.0     8.00      34450  0.950
  66    0.0 1.3e-04   0.999      68.04 1.158e-07    9.210  -2.87e+03   -9.210   0.270  0.0005    1.0     8.00      34980  0.950
  67    0.0 1.2e-04   0.999      67.93 1.1364e-07   9.303  -2.87e+03   -9.303   0.164  0.0003    1.0     8.00      35510  0.950
  68    0.0 1.2e-04   1.000      67.88 1.1377e-07   9.303  -2.87e+03   -9.303   0.230  0.0003    1.0     8.00      36040  0.950
  69    0.0 1.1e-04   0.998      67.89 1.1226e-07   9.366  -2.92e+03   -9.366   0.189  0.0008    1.0     8.00      36570  0.950
  70    0.0 1.1e-04   1.000      67.83 1.1368e-07   9.303  -2.88e+03   -9.303   0.208  0.0007    1.0     8.00      37100  0.950
  71    0.0 1.0e-04   1.000      67.64 1.1449e-07   9.277  -2.87e+03   -9.277   0.181  0.0004    1.0     8.00      37630  0.950
  72    0.0 9.6e-05   1.000      67.56 1.1431e-07   9.277  -2.87e+03   -9.277   0.130  0.0006    1.0     8.00      38160  0.950
Agent's 2nd state: 
  73    0.0 7.7e-05   1.000      67.49 1.142e-07    9.277  -2.87e+03   -9.277   0.155  0.0002    1.0     8.00      38690  0.800
Checkpoint saved: bb_costs=67.5245, TD costs=1.12362e-07, CPD=  9.366 (ns) 
  74    0.0 7.3e-05   1.000      67.51 1.1234e-07   9.366  -2.89e+03   -9.366   0.094  0.0002    1.0     8.00      39220  0.950
Checkpoint saved: bb_costs=67.5101, TD costs=1.1484e-07, CPD=  9.277 (ns) 
  75    0.0 5.8e-05   1.000      67.51 1.1478e-07   9.277  -2.86e+03   -9.277   0.106  0.0003    1.0     8.00      39750  0.800
  76    0.0 4.7e-05   0.999      67.37 1.1471e-07   9.277  -2.85e+03   -9.277   0.104  0.0009    1.0     8.00      40280  0.800
  77    0.0 3.7e-05   0.999      67.29 1.1327e-07   9.322  -2.89e+03   -9.322   0.072  0.0004    1.0     8.00      40810  0.800
  78    0.0 3.0e-05   1.000      67.16 1.1446e-07   9.277  -2.85e+03   -9.277   0.064  0.0003    1.0     8.00      41340  0.800
  79    0.0 2.4e-05   1.000      67.06 1.1446e-07   9.277  -2.85e+03   -9.277   0.058  0.0001    1.0     8.00      41870  0.800
  80    0.0 1.9e-05   1.000      67.01 1.144e-07    9.277  -2.86e+03   -9.277   0.047  0.0002    1.0     8.00      42400  0.800
  81    0.0 1.5e-05   1.000      67.00 1.1439e-07   9.277  -2.85e+03   -9.277   0.047  0.0000    1.0     8.00      42930  0.800
  82    0.0 1.2e-05   0.999      66.95 1.1349e-07   9.322  -2.89e+03   -9.322   0.042  0.0004    1.0     8.00      43460  0.800
  83    0.0 9.8e-06   1.000      66.91 1.1446e-07   9.277  -2.85e+03   -9.277   0.036  0.0000    1.0     8.00      43990  0.800
  84    0.0 7.8e-06   1.000      66.96 1.1436e-07   9.277  -2.85e+03   -9.277   0.047  0.0001    1.0     8.00      44520  0.800
  85    0.0 6.3e-06   1.000      66.95 1.1385e-07   9.303  -2.85e+03   -9.303   0.043  0.0001    1.0     8.00      45050  0.800
  86    0.0 5.0e-06   1.000      66.96 1.1433e-07   9.277  -2.85e+03   -9.277   0.028  0.0000    1.0     8.00      45580  0.800
  87    0.0 0.0e+00   1.000      66.90 1.1391e-07   9.303  -2.85e+03   -9.303   0.021  0.0001    1.0     8.00      46110  0.800
### Placement Quench took 0.01 seconds (max_rss 103.1 MiB)
post-quench CPD = 9.27748 (ns) 

Completed placement consistency check successfully.

Swaps called: 46296

Aborted Move Reasons:
  duplicate block move to location: 26
  macro move to location illegal: 2
  macro_from swap to location illegal: 305

BB estimate of min-dist (placement) wire length: 7337

Placement estimated critical path delay (least slack): 9.27748 ns, Fmax: 107.788 MHz
Placement estimated critical path skew: -0.04243 ns
Placement estimated setup Worst Negative Slack (sWNS): -9.27748 ns
Placement estimated setup Total Negative Slack (sTNS): -2851.54 ns
Placement estimated setup Worst Skew (sWS): -0.04243 ns

Placement estimated setup slack histogram:
[ -9.3e-09: -8.4e-09)  16 (  1.7%) |*
[ -8.4e-09: -7.6e-09)  16 (  1.7%) |*
[ -7.6e-09: -6.7e-09)   0 (  0.0%) |
[ -6.7e-09: -5.8e-09)   0 (  0.0%) |
[ -5.8e-09:   -5e-09)   0 (  0.0%) |
[   -5e-09: -4.1e-09)   1 (  0.1%) |
[ -4.1e-09: -3.3e-09) 190 ( 20.5%) |***************
[ -3.3e-09: -2.4e-09) 583 ( 62.8%) |***********************************************
[ -2.4e-09: -1.6e-09)  72 (  7.8%) |******
[ -1.6e-09:   -7e-10)  51 (  5.5%) |****

Placement estimated geomean non-virtual intra-domain period: 9.27748 ns (107.788 MHz)
Placement estimated fanout-weighted geomean non-virtual intra-domain period: 9.27748 ns (107.788 MHz)

Placement cost: 0.999764, bb_cost: 66.8897, td_cost: 1.14457e-07, 

Placement resource usage:
  io  implemented as io : 74
  clb implemented as clb: 112

Placement number of temperatures: 87
Placement total # of swap attempts: 46296
	Swaps accepted: 16723 (36.1 %)
	Swaps rejected: 28960 (62.6 %)
	Swaps aborted:   613 ( 1.3 %)


Placement perturbation distribution by block and move type: 
------------------ ----------------- ---------------- ---------------- --------------- ------------ 
    Block Type         Move Type       (%) of Total      Accepted(%)     Rejected(%)    Aborted(%)
------------------ ----------------- ---------------- ---------------- --------------- ------------ 
io                 Uniform                9.55             63.05           36.95          0.00         
                   Median                 9.02             62.54           32.05          5.41         
                   Centroid               8.91             67.00           32.78          0.22         
                   W. Centroid            9.29             66.06           33.94          0.00         
                   W. Median              0.95             16.17           78.36          5.47         

clb                Uniform                14.30            17.19           81.35          1.47         
                   Median                 14.14            26.55           71.99          1.47         
                   Centroid               13.58            21.01           77.65          1.34         
                   W. Centroid            14.27            21.40           77.52          1.07         
                   W. Median              1.40             3.40            95.67          0.93         
                   Crit. Uniform          2.17             0.60            99.40          0.00         
                   Feasible Region        2.40             0.45            99.55          0.00         


Placement Quench timing analysis took 0.00385596 seconds (0.00347094 STA, 0.000385024 slack) (1 full updates: 1 setup, 0 hold, 0 combined).
Placement Total  timing analysis took 0.376765 seconds (0.339146 STA, 0.0376187 slack) (89 full updates: 89 setup, 0 hold, 0 combined).
update_td_costs: connections 0.0022552 nets 0 sum_nets 0.00126624 total 0.00358402
## AP Detailed Placer took 0.86 seconds (max_rss 103.3 MiB, delta_rss +0.3 MiB)
Incr Slack updates 89 in 0.0103636 sec
Full Max Req/Worst Slack updates 37 in 0.000991618 sec
Incr Max Req/Worst Slack updates 52 in 0.00179189 sec
Incr Criticality updates 23 in 0.00550693 sec
Full Criticality updates 66 in 0.0157852 sec
Incr Slack updates 1 in 0.000100773 sec
Full Max Req/Worst Slack updates 1 in 3.4931e-05 sec
Incr Max Req/Worst Slack updates 0 in 0 sec
Incr Criticality updates 0 in 0 sec
Full Criticality updates 1 in 0.000269304 sec
# Analytical Placement took 3.79 seconds (max_rss 103.3 MiB, delta_rss +71.7 MiB)


# Routing
RR graph channel widths unchanged, skipping RR graph rebuild
## Initializing router criticalities
Initial Net Connection Criticality Histogram:
[        0:      0.1) 235 (  8.2%) |*************
[      0.1:      0.2) 782 ( 27.1%) |********************************************
[      0.2:      0.3) 544 ( 18.9%) |*******************************
[      0.3:      0.4) 836 ( 29.0%) |***********************************************
[      0.4:      0.5) 108 (  3.7%) |******
[      0.5:      0.6)  27 (  0.9%) |**
[      0.6:      0.7)  66 (  2.3%) |****
[      0.7:      0.8)  30 (  1.0%) |**
[      0.8:      0.9)  39 (  1.4%) |**
[      0.9:        1) 216 (  7.5%) |************
## Initializing router criticalities took 0.05 seconds (max_rss 103.9 MiB, delta_rss +0.0 MiB)
---- ------ ------- ---- ------- ------- ------- ----------------- --------------- -------- ---------- ---------- ---------- ---------- --------
Iter   Time    pres  BBs    Heap  Re-Rtd  Re-Rtd Overused RR Nodes      Wirelength      CPD       sTNS       sWNS       hTNS       hWNS Est Succ
      (sec)     fac Updt    push    Nets   Conns                                       (ns)       (ns)       (ns)       (ns)       (ns)     Iter
---- ------ ------- ---- ------- ------- ------- ----------------- --------------- -------- ---------- ---------- ---------- ---------- --------
   1    0.0     0.0    0  112019    1041    2751    1029 ( 3.042%)   11566 (33.7%)    8.823     -2768.     -8.823      0.000      0.000      N/A
   2    0.0     0.5    0   98089     784    2266     736 ( 2.176%)   11605 (33.8%)    9.031     -2808.     -9.031      0.000      0.000      N/A
   3    0.0     0.6    0   87753     613    1833     634 ( 1.874%)   11792 (34.4%)    9.031     -2813.     -9.031      0.000      0.000      N/A
   4    0.0     0.8    0   79045     557    1527     521 ( 1.540%)   12020 (35.0%)    9.031     -2936.     -9.031      0.000      0.000      N/A
   5    0.0     1.1    0   71664     476    1228     392 ( 1.159%)   12174 (35.5%)    9.031     -2952.     -9.031      0.000      0.000      N/A
   6    0.0     1.4    0   73817     421    1258     343 ( 1.014%)   12549 (36.6%)    9.031     -2969.     -9.031      0.000      0.000      N/A
   7    0.0     1.9    0   58909     346     907     250 ( 0.739%)   12711 (37.0%)    9.031     -2991.     -9.031      0.000      0.000      N/A
   8    0.0     2.4    0   55484     286     807     182 ( 0.538%)   12876 (37.5%)    9.031     -3007.     -9.031      0.000      0.000      N/A
   9    0.0     3.1    0   38118     214     490     140 ( 0.414%)   13079 (38.1%)    9.031     -3014.     -9.031      0.000      0.000       27
  10    0.0     4.1    0   35259     182     386     100 ( 0.296%)   13272 (38.7%)    9.031     -3016.     -9.031      0.000      0.000       25
  11    0.0     5.3    0   33778     150     312      71 ( 0.210%)   13449 (39.2%)    9.031     -3022.     -9.031      0.000      0.000       25
  12    0.0     6.9    0   26184     107     226      47 ( 0.139%)   13622 (39.7%)    9.031     -3020.     -9.031      0.000      0.000       24
  13    0.0     9.0    0   17484      80     150      30 ( 0.089%)   13724 (40.0%)    9.031     -3021.     -9.031      0.000      0.000       23
  14    0.0    11.6    0   14884      53     125      16 ( 0.047%)   13790 (40.2%)    9.031     -3035.     -9.031      0.000      0.000       21
  15    0.0    15.1    0    8805      38      65      14 ( 0.041%)   13836 (40.3%)    9.031     -3037.     -9.031      0.000      0.000       22
  16    0.0    19.7    0    4567      33      52       9 ( 0.027%)   13893 (40.5%)    9.031     -3035.     -9.031      0.000      0.000       21
  17    0.0    25.6    0    2440      24      38       7 ( 0.021%)   13901 (40.5%)    9.031     -3040.     -9.031      0.000      0.000       22
  18    0.0    33.3    0    4996      30      53      11 ( 0.033%)   13974 (40.7%)    9.455     -3056.     -9.455      0.000      0.000       23
  19    0.0    43.3    0    4932      28      58       5 ( 0.015%)   14031 (40.9%)    9.386     -3049.     -9.386      0.000      0.000       24
  20    0.0    56.2    0    4117      24      43       3 ( 0.009%)   14041 (40.9%)    9.445     -3056.     -9.445      0.000      0.000       24
  21    0.0    73.1    0    3456      22      34       2 ( 0.006%)   14068 (41.0%)    9.247     -3048.     -9.247      0.000      0.000       24
  22    0.0    95.0    0    3594      21      31       0 ( 0.000%)   14096 (41.1%)    9.995     -3055.     -9.995      0.000      0.000      N/A
Restoring best routing
Critical path: 9.99548 ns
Successfully routed after 22 routing iterations.
Final Net Connection Criticality Histogram:
[        0:      0.1) 383 ( 13.3%) |************************
[      0.1:      0.2) 651 ( 22.6%) |*****************************************
[      0.2:      0.3) 746 ( 25.9%) |***********************************************
[      0.3:      0.4) 629 ( 21.8%) |****************************************
[      0.4:      0.5) 100 (  3.5%) |******
[      0.5:      0.6)  27 (  0.9%) |**
[      0.6:      0.7)  57 (  2.0%) |****
[      0.7:      0.8)  60 (  2.1%) |****
[      0.8:      0.9)  89 (  3.1%) |******
[      0.9:        1) 141 (  4.9%) |*********
Router Stats: total_nets_routed: 5530 total_connections_routed: 14640 total_heap_pushes: 839394 total_heap_pops: 214672 
Serial Connection Router is being destroyed. Time spent on path search: 0.092 seconds.
# Routing took 0.39 seconds (max_rss 105.7 MiB, delta_rss +2.3 MiB)

Checking to ensure routing is legal...
# Checking to ensure non-configurable edges are legal
# Checking to ensure non-configurable edges are legal took 0.00 seconds (max_rss 105.9 MiB, delta_rss +0.0 MiB)
Completed routing consistency check successfully.

Serial number (magic cookie) for the routing is: -132914443
Circuit successfully routed with a channel width factor of 110.
Incr Slack updates 23 in 0.00227222 sec
Full Max Req/Worst Slack updates 4 in 0.000110072 sec
Incr Max Req/Worst Slack updates 19 in 0.000666598 sec
Incr Criticality updates 15 in 0.00332579 sec
Full Criticality updates 8 in 0.00206125 sec
# Synchronize the packed netlist to routing optimization
## Annotating rr_node with routed nets
## Annotating rr_node with routed nets took 0.00 seconds (max_rss 105.9 MiB, delta_rss +0.0 MiB)
Found 3921 mismatches between routing and packing results.
Fixed 2547 routing traces due to mismatch between routing and packing results.
# Synchronize the packed netlist to routing optimization took 0.03 seconds (max_rss 105.9 MiB, delta_rss +0.0 MiB)
Final Clustering Statistics: 
----------   --------   ------------------------------------   --------------------------
Block Type   # Blocks   Avg. # of input clocks and pins used   Avg. # of output pins used
----------   --------   ------------------------------------   --------------------------
     EMPTY          0                                      0                            0   
        io         74                               0.486486                     0.513514   
       clb        112                                25.4196                      8.98214   
   dsp_top          0                                      0                            0   
    memory          0                                      0                            0   
Absorbed logical nets 1698 out of 2742 nets, 1044 nets not absorbed.


Average number of bends per net: 1.61095  Maximum # of bends: 59

Number of global nets: 3
Number of routed nets (nonglobal): 1041
Wire length results (in units of 1 clb segments)...
	Total wirelength: 14096, average net length: 13.5408
	Maximum net length: 466

Wire length results in terms of physical segments...
	Total wiring segments used: 3898, average wire segments per net: 3.74448
	Maximum segments used by a net: 137
	Total local nets with reserved CLB opins: 0
Total number of nets absorbed: 9

Routing channel utilization histogram:
[        1:      inf)  0 (  0.0%) |
[      0.9:        1)  0 (  0.0%) |
[      0.8:      0.9)  6 (  1.8%) |*****
[      0.7:      0.8) 61 ( 18.0%) |************************************************
[      0.5:      0.6) 34 ( 10.1%) |***************************
[      0.4:      0.5) 50 ( 14.8%) |***************************************
[      0.3:      0.4) 43 ( 12.7%) |**********************************
[      0.2:      0.3) 61 ( 18.0%) |************************************************
[      0.1:      0.2) 47 ( 13.9%) |*************************************
[        0:      0.1) 36 ( 10.7%) |****************************
Maximum routing channel utilization:      0.85 at (11,5)

X - Directed channels: layer   y   max occ   ave occ   ave cap
                        ----- ---- -------- -------- --------
                            0    0       71   42.500      110
                            0    1       59   34.417      110
                            0    2       72   42.167      110
                            0    3       78   51.000      110
                            0    4       75   47.500      110
                            0    5       76   53.750      110
                            0    6       83   52.667      110
                            0    7       72   44.917      110
                            0    8       57   41.167      110
                            0    9       60   38.750      110
                            0   10       50   36.417      110
                            0   11       36   24.583      110
                            0   12       46   32.083      110
Y - Directed channels: layer   x   max occ   ave occ   ave cap
                        ----- ---- -------- -------- --------
                            0    0       26   20.417      110
                            0    1       30   18.333      110
                            0    2       30   21.833      110
                            0    3       52   35.333      110
                            0    4       60   45.667      110
                            0    5       55   42.667      110
                            0    6       64   44.917      110
                            0    7       82   60.000      110
                            0    8       90   68.583      110
                            0    9       90   70.583      110
                            0   10       88   69.250      110
                            0   11       93   67.000      110
                            0   12       91   68.167      110

Total existing wires segments: CHANX     17160, CHANY     17160, CHANZ         0, ALL     34320
Total used wires segments:     CHANX      6503, CHANY      7593, CHANZ         0, ALL     14096
Usage percentage:              CHANX     37.9%, CHANY     44.2%, CHANZ      0.0%, ALL     41.1%

Logic area (in minimum width transistor areas, excludes I/Os and empty grid tiles)...
	Total logic block area (Warning, need to add pitch of routing to blocks with height > 3): 4.93594e+06
	Total used logic block area: 3.12536e+06

Routing area (in minimum width transistor areas)...
	Total routing area: 1.57405e+06, per logic tile: 8030.86

Total Number of Wiring Segments by Direction: direction length number
                                              --------- ------ -------
                                                      X      4   4680
                                                      Y      4   4680
                                                      X     16    294
                                                      Y     16    294

X - Directed Wiring Segment usage by length: length utilization
                                             ------ -----------
                                             4       0.393
                                            16      0.0442

Y - Directed Wiring Segment usage by length: length utilization
                                             ------ -----------
                                             4        0.43
                                            16       0.112

Segment occupancy by length: Length Occupancy Capacity Utilization
                             ------ --------- -------- -----------
                             L4          3852     9360       0.412
                             L16           46      588      0.0782

Segment occupancy by type: name type utilization
                           ---- ---- -----------
                             L4    0       0.412
                            L16    1      0.0782

Final hold Worst Negative Slack (hWNS): 0 ns
Final hold Total Negative Slack (hTNS): 0 ns
Final hold Worst Skew (hWS): 0 ns

Final hold slack histogram:
[  1.9e-10:  4.3e-10) 827 ( 89.0%) |***********************************************
[  4.3e-10:  6.7e-10)  32 (  3.4%) |**
[  6.7e-10:    9e-10)  36 (  3.9%) |**
[    9e-10:  1.1e-09)  18 (  1.9%) |*
[  1.1e-09:  1.4e-09)  11 (  1.2%) |*
[  1.4e-09:  1.6e-09)   1 (  0.1%) |
[  1.6e-09:  1.8e-09)   0 (  0.0%) |
[  1.8e-09:  2.1e-09)   3 (  0.3%) |
[  2.1e-09:  2.3e-09)   0 (  0.0%) |
[  2.3e-09:  2.6e-09)   1 (  0.1%) |

Final critical path delay (least slack): 9.99548 ns, Fmax: 100.045 MHz
Final critical path skew: -0.04243 ns
Final setup Worst Negative Slack (sWNS): -9.99548 ns
Final setup Total Negative Slack (sTNS): -3055.02 ns
Final setup Worst Skew (sWS): -0.04243 ns

Final setup slack histogram:
[   -1e-08:   -9e-09)   9 (  1.0%) |*
[   -9e-09: -8.1e-09)  17 (  1.8%) |**
[ -8.1e-09: -7.1e-09)   6 (  0.6%) |*
[ -7.1e-09: -6.2e-09)   0 (  0.0%) |
[ -6.2e-09: -5.2e-09)   0 (  0.0%) |
[ -5.2e-09: -4.3e-09)  12 (  1.3%) |*
[ -4.3e-09: -3.3e-09) 367 ( 39.5%) |*******************************************
[ -3.3e-09: -2.4e-09) 405 ( 43.6%) |***********************************************
[ -2.4e-09: -1.4e-09)  80 (  8.6%) |*********
[ -1.4e-09: -4.9e-10)  33 (  3.6%) |****

Final geomean non-virtual intra-domain period: 9.99548 ns (100.045 MHz)
Final fanout-weighted geomean non-virtual intra-domain period: 9.99548 ns (100.045 MHz)

Incr Slack updates 1 in 9.4909e-05 sec
Full Max Req/Worst Slack updates 1 in 2.7437e-05 sec
Incr Max Req/Worst Slack updates 0 in 0 sec
Incr Criticality updates 0 in 0 sec
Full Criticality updates 1 in 0.000258513 sec
Flow timing analysis took 0.812592 seconds (0.754147 STA, 0.0584452 slack) (114 full updates: 90 setup, 0 hold, 24 combined).
VPR succeeded
The entire flow of VPR took 4.60 seconds (max_rss 105.9 MiB)

