VPR FPGA Placement and Routing.
Version: 9.0.0-dev+v8.0.0-18248-g40f8d19708
Revision: v8.0.0-18248-g40f8d19708
Compiled: 2026-09-22T03:43:48
Compiler: GNU 13.3.0 on Linux-5.15.0-119-generic x86_64
Build Info: release IPO VTR_ASSERT_LEVEL=2

University of Toronto
verilogtorouting.org
vtr-users@googlegroups.com
This is free open source code under MIT license.

VPR was run with the following command-line:
/inspire/hdd/project/project-public/changshunjie-253114010247/changshunjie-253114010247/workspace/DAC2027/vtr/vtr-verilog-to-routing/vpr/vpr /inspire/hdd/project/project-public/changshunjie-253114010247/changshunjie-253114010247/workspace/DAC2027/vtr/vtr-verilog-to-routing/vtr_flow/arch/COFFE_22nm/k6FracN10LB_mem20K_complexDSP_customSB_22nm.xml /inspire/hdd/project/project-public/changshunjie-253114010247/changshunjie-253114010247/workspace/DAC2027/TailCompile/experiments/vtr/runs/pilot_v1/sha/full-seed1-w300/sha.pre-vpr.blif --analytical_place --route --analysis --ap_full_legalizer flat-recon --ap_detailed_placer annealer --seed 11 --route_chan_width 100 --write_flat_place /inspire/hdd/project/project-public/changshunjie-253114010247/changshunjie-253114010247/workspace/DAC2027/TailCompile/vtr_work/tailcompile_v3/sha/4x4/gnn_candidate-fp6c8aa66f-flat-recon-annealer-seed11-w100-devw14/post_route.fplace --write_legalized_flat_place /inspire/hdd/project/project-public/changshunjie-253114010247/changshunjie-253114010247/workspace/DAC2027/TailCompile/vtr_work/tailcompile_v3/sha/4x4/gnn_candidate-fp6c8aa66f-flat-recon-annealer-seed11-w100-devw14/post_legalizer.fplace --flat_place_verbosity 1 --device_width 14 --net_file /inspire/hdd/project/project-public/changshunjie-253114010247/changshunjie-253114010247/workspace/DAC2027/TailCompile/vtr_work/tailcompile_v3/sha/4x4/gnn_candidate-fp6c8aa66f-flat-recon-annealer-seed11-w100-devw14/sha.locked-input.net --read_flat_place /inspire/hdd/global_user/changshunjie-253114010247/workspace/DAC2027/TailCompile/experiments/vtr/tailcompile_v3/sha/4x4/pools/bootstrap_24/candidate_09_seed12036.fplace

Using up to 1 parallel worker(s)

Architecture file: /inspire/hdd/project/project-public/changshunjie-253114010247/changshunjie-253114010247/workspace/DAC2027/vtr/vtr-verilog-to-routing/vtr_flow/arch/COFFE_22nm/k6FracN10LB_mem20K_complexDSP_customSB_22nm.xml
Circuit name: sha.pre-vpr

# Loading Architecture Description
# Loading Architecture Description took 0.04 seconds (max_rss 18.9 MiB, delta_rss +0.0 MiB)

Timing analysis: ON
Circuit netlist file: /inspire/hdd/project/project-public/changshunjie-253114010247/changshunjie-253114010247/workspace/DAC2027/TailCompile/vtr_work/tailcompile_v3/sha/4x4/gnn_candidate-fp6c8aa66f-flat-recon-annealer-seed11-w100-devw14/sha.locked-input.net
Circuit placement file: sha.pre-vpr.place
Circuit routing file: sha.pre-vpr.route
Circuit SDC file: sha.pre-vpr.sdc
Vpr floorplanning constraints file: not specified

Packer: DISABLED
Placer: DISABLED
Analytical Placer: ENABLED
Router: ENABLED
Analysis: ENABLED

VPR was run with the following options:

netlist_opts.absorb_buffer_luts            : true
netlist_opts.sweep_dangling_primary_ios    : true
netlist_opts.sweep_dangling_nets           : true
netlist_opts.sweep_dangling_blocks         : true
netlist_opts.sweep_constant_primary_outputs: false
netlist_opts.netlist_verbosity             : 1
netlist_opts.const_gen_inference           : COMB_SEQ

AnalyticalPlacerOpts.analytical_solver_type: lp-b2b
AnalyticalPlacerOpts.partial_legalizer_type: bipartitioning
AnalyticalPlacerOpts.full_legalizer_type: flat-recon
AnalyticalPlacerOpts.detailed_placer_type: annealer
AnalyticalPlacerOpts.ap_timing_tradeoff: 0.500000
AnalyticalPlacerOpts.ap_high_fanout_threshold: 256
AnalyticalPlacerOpts.log_verbosity: 1
router_opts.route_type: DETAILED
router_opts.flat_routing: false
router_opts.choke_points: on
router_opts.router_algorithm: TIMING_DRIVEN
router_opts.base_cost_type: DELAY_NORMALIZED_LENGTH
router_opts.fixed_channel_width: 100
router_opts.check_route: FULL
router_opts.acc_fac: 1.000000
router_opts.bb_factor: 3
router_opts.bend_cost: 0.000000
router_opts.first_iter_pres_fac: 0.000000
router_opts.initial_pres_fac: 0.500000
router_opts.pres_fac_mult: 1.300000
router_opts.max_pres_fac: 1000.000000
router_opts.max_router_iterations: 50
router_opts.min_incremental_reroute_fanout: 16
router_opts.initial_acc_cost_chan_congestion_threshold: 0.500000
router_opts.initial_acc_cost_chan_congestion_weight: 0.500000
router_opts.do_check_rr_graph: true
router_opts.verify_binary_search: false
router_opts.min_channel_width_hint: 0
router_opts.read_rr_edge_metadata: false
router_opts.exit_after_first_routing_iteration: false
router_opts.astar_fac: 1.200000
router_opts.astar_offset: 0.000000
router_opts.router_profiler_astar_fac: 1.200000
router_opts.enable_parallel_connection_router: false
router_opts.post_target_prune_fac: 1.200000
router_opts.post_target_prune_offset: 0
router_opts.multi_queue_num_threads: 1
router_opts.multi_queue_num_queues: 2
router_opts.multi_queue_direct_draining: false
router_opts.criticality_exp: 1.000000
router_opts.max_criticality: 0.990000
router_opts.init_wirelength_abort_threshold: 0.850000
router_opts.incr_reroute_delay_ripup: AUTO
router_opts.save_routing_per_iteration: false
router_opts.congested_routing_iteration_threshold_frac: 1.000000
router_opts.high_fanout_threshold: 64
router_opts.router_debug_net: -2
router_opts.router_debug_sink_rr: -2
router_opts.router_debug_iteration: -2
router_opts.max_convergence_count: 1
router_opts.reconvergence_cpd_threshold: 0.990000
router_opts.update_lower_bound_delays: true
router_opts.first_iteration_timing_report_file: 
router_opts.route_bb_update: DYNAMIC
router_opts.lookahead_type: MAP
router_opts.initial_timing: LOOKAHEAD
router_opts.router_heap: FOUR_ARY_HEAP
router_opts.routing_failure_predictor = SAFE
router_opts.routing_predictor_min_history: 8
router_opts.routing_budgets_algorithm = DISABLE

analysis_opts.gen_post_synthesis_netlist: false
analysis_opts.gen_post_implementation_merged_netlist: false
analysis_opts.gen_post_implementation_sdc: false
analysis_opts.timing_report_npaths: 100
analysis_opts.timing_report_skew: false
analysis_opts.echo_dot_timing_graph_node: -1
analysis_opts.timing_report_detail: NETLIST
analysis_opts.post_synth_netlist_unconn_input_handling: UNCONNECTED
analysis_opts.post_synth_netlist_unconn_output_handling: UNCONNECTED
analysis_opts.post_synth_netlist_module_parameters: on

# Building complex block graph
# Building complex block graph took 0.10 seconds (max_rss 24.5 MiB, delta_rss +5.6 MiB)
Circuit file: /inspire/hdd/project/project-public/changshunjie-253114010247/changshunjie-253114010247/workspace/DAC2027/TailCompile/experiments/vtr/runs/pilot_v1/sha/full-seed1-w300/sha.pre-vpr.blif
# Load circuit
Found 3 constant generator(s) in the netlist (2 constant-zero, 1 constant-one) (run with --netlist_verbosity 2 to list names)
# Load circuit took 0.02 seconds (max_rss 28.2 MiB, delta_rss +3.7 MiB)
# Clean circuit
Absorbed 0 LUT buffers
Found 22 primitive output pin(s) driven only by constants; marked them as constants
Swept input(s)      : 0
Swept output(s)     : 0 (0 dangling, 0 constant)
Swept net(s)        : 22
Swept block(s)      : 0
Constant Pins Marked: 22
# Clean circuit took 0.00 seconds (max_rss 28.2 MiB, delta_rss +0.0 MiB)
# Compress circuit
# Compress circuit took 0.00 seconds (max_rss 28.2 MiB, delta_rss +0.0 MiB)
# Verify circuit
# Verify circuit took 0.00 seconds (max_rss 28.2 MiB, delta_rss +0.0 MiB)
Circuit Statistics:
  Blocks: 2491
    .input :      38
    .latch :     893
    .names :    1215
        0-LUT:       2
        1-LUT:       1
        2-LUT:      63
        3-LUT:     106
        4-LUT:      88
        5-LUT:     314
        6-LUT:     641
    .output:      36
    adder  :     309
  Nets  : 2742
    Avg Fanout:     3.3
    Max Fanout:   893.0
    Min Fanout:     1.0
  Netlist Clocks: 1
# Build Timing Graph
  Timing Graph Nodes: 11695
  Timing Graph Edges: 18725
  Timing Graph Levels: 84
# Build Timing Graph took 0.01 seconds (max_rss 31.5 MiB, delta_rss +3.1 MiB)
Netlist contains 1 clocks
  Netlist Clock 'clk_i' Fanout: 893 pins (7.6%), 893 blocks (35.8%)
# Load Timing Constraints

SDC file 'sha.pre-vpr.sdc' not found
Setting default timing constraints:
   * constrain all primary inputs and primary outputs on netlist clock 'clk_i'
   * optimize netlist clock to run as fast as possible
Timing constraints created 1 clocks
  Constrained Clock 'clk_i' Source: 'clk_i.inpad[0]'

# Load Timing Constraints took 0.00 seconds (max_rss 31.5 MiB, delta_rss +0.0 MiB)
# Analytical Placement
## Prepacker

There is one chain in this architecture called "chain" with the following starting points:
	clb[0]/lab[0]/fle[0]/ble5[0]/arithmetic[0]/adder[0].cin[0]

## Prepacker took 0.00 seconds (max_rss 31.9 MiB, delta_rss +0.3 MiB)
## Initializing Pre-Cluster Timing
Using inter-cluster delay: 2.1832e-09
## Initializing Pre-Cluster Timing took 0.20 seconds (max_rss 32.5 MiB, delta_rss +0.6 MiB)
## Estimate Device Size
Device layout 'auto' with fixed width 14.
FPGA sized to 14 x 14: 196 grid tiles (auto)
## Estimate Device Size took 0.00 seconds (max_rss 32.5 MiB, delta_rss +0.0 MiB)
## Ram Mapper
Flat Placement is provided, skipping the RAM mapping.
## Ram Mapper took 0.00 seconds (max_rss 32.5 MiB, delta_rss +0.0 MiB)
## Read Atom Netlist to AP Netlist
## Read Atom Netlist to AP Netlist took 0.02 seconds (max_rss 36.3 MiB, delta_rss +3.8 MiB)
Analytical Placement Netlist Statistics:
	AP Blocks: 1315
		Moveable AP Blocks: 1315
		Fixed AP Blocks: 0
	AP Nets: 1563
		Average Fanout: 4.51
		Highest Fanout: 194
	AP Pins: 11695

## Computing placement delta delay look-up
### Build routing resource graph
### Build routing resource graph took 0.10 seconds (max_rss 45.8 MiB, delta_rss +9.5 MiB)
  RR Graph Nodes: 32900
  RR Graph Edges: 234890
### Computing router lookahead map
#### Computing wire lookahead
#### Computing wire lookahead took 0.04 seconds (max_rss 46.1 MiB, delta_rss +0.0 MiB)
#### Computing src/opin lookahead
Warning 1: Found no more sample locations for SOURCE in io
Warning 2: Found no more sample locations for OPIN in io
Warning 3: Found no more sample locations for SOURCE in clb
Warning 4: Found no more sample locations for OPIN in clb
Warning 5: Found no more sample locations for SOURCE in dsp_top
Warning 6: Found no more sample locations for OPIN in dsp_top
Warning 7: Found no more sample locations for SOURCE in memory
Warning 8: Found no more sample locations for OPIN in memory
#### Computing src/opin lookahead took 0.00 seconds (max_rss 46.1 MiB, delta_rss +0.0 MiB)
### Computing router lookahead map took 0.04 seconds (max_rss 46.1 MiB, delta_rss +0.0 MiB)
Serial Connection Router is being destroyed. Time spent on path search: 0.000 seconds.
## Computing placement delta delay look-up took 0.15 seconds (max_rss 46.1 MiB, delta_rss +9.8 MiB)
Flat Placement is provided in the AP flow, skipping the Global Placement.
0 of 1315 molecules placed at device center (no atoms of these molecules found in flat placement).
## AP Full Legalizer
### Creating Clusters
Device (width, height): (14,14)
#### Sorting and Grouping Blocks by Tile
#### Sorting and Grouping Blocks by Tile took 0.00 seconds (max_rss 46.3 MiB, delta_rss +0.0 MiB)
#### Reconstruction Pass Clustering
#### Reconstruction Pass Clustering took 2.10 seconds (max_rss 50.1 MiB, delta_rss +3.8 MiB)
#### Orphan Window Clustering with search radius 8
#### Orphan Window Clustering with search radius 8 took 0.01 seconds (max_rss 50.3 MiB, delta_rss +0.0 MiB)
FPGA sized to 14 x 14: 196 grid tiles (auto)
Device Utilization: 0.62 (target 1.00)
	Block Utilization: 0.19 Type: io
	Block Utilization: 0.93 Type: clb

----------------------------------------------------------------
                       Clustering Summary                       
----------------------------------------------------------------
Clusters created (Self Clustering)                       : 185
    clb        : 111
    io         : 74
Clusters created (Orphan Window Clustering)              : 1
    clb        : 1
Total clusters                                           : 186
Percent of clusters created in Orphan Window Clustering  : 0.54%
Molecules clustered in each stage breakdown  : (Total of 1315)
	Self Clustering          (0.996958)  : 1311
 	Neighbor Clustering      (0.000000)  : 0
	Orphan Window Clustering (0.003042)  : 4
----------------------------------------------------------------

Final Clustering Statistics: 
----------   --------   ------------------------------------   --------------------------
Block Type   # Blocks   Avg. # of input clocks and pins used   Avg. # of output pins used
----------   --------   ------------------------------------   --------------------------
     EMPTY          0                                      0                            0   
        io         74                               0.486486                     0.513514   
       clb        112                                25.4196                      8.98214   
   dsp_top          0                                      0                            0   
    memory          0                                      0                            0   
Absorbed logical nets 1698 out of 2742 nets, 1044 nets not absorbed.
#### Load packing
##### Loading packed FPGA netlist file.
Netlist generated from file '/inspire/hdd/project/project-public/changshunjie-253114010247/changshunjie-253114010247/workspace/DAC2027/TailCompile/vtr_work/tailcompile_v3/sha/4x4/gnn_candidate-fp6c8aa66f-flat-recon-annealer-seed11-w100-devw14/sha.locked-input.net'.
Detected 2 constant generators (to see names run with higher pack verbosity)
##### Loading packed FPGA netlist file. took 0.17 seconds (max_rss 61.8 MiB, delta_rss +5.5 MiB)
Warning 9: Treated 2 constant nets as global which will not be routed (to see net names increase packer verbosity).
Netlist contains 33 global net to non-global architecture pin connections
Completed clustering consistency check successfully.
Cluster level netlist and block usage statistics
Netlist num_nets: 1044
Netlist num_blocks: 186
Netlist EMPTY blocks: 0.
Netlist io blocks: 74.
Netlist clb blocks: 112.
Netlist dsp_top blocks: 0.
Netlist memory blocks: 0.
Netlist inputs pins: 38
Netlist output pins: 36

Pb types usage...
  io               : 74
   inpad           : 38
   outpad          : 36
  clb              : 112
   lab             : 112
    fle            : 1086
     ble5          : 882
      flut5        : 573
       lut5        : 573
        lut        : 573
       ff          : 353
      arithmetic   : 309
       adder       : 309
     ble6          : 642
      lut6         : 642
       lut         : 642
      ff           : 540

#### Load packing took 0.25 seconds (max_rss 96.5 MiB, delta_rss +40.2 MiB)
Netlist contains 33 global net to non-global architecture pin connections
Cluster level netlist and block usage statistics
Netlist num_nets: 1044
Netlist num_blocks: 186
Netlist EMPTY blocks: 0.
Netlist io blocks: 74.
Netlist clb blocks: 112.
Netlist dsp_top blocks: 0.
Netlist memory blocks: 0.
Netlist inputs pins: 38
Netlist output pins: 36
### Creating Clusters took 2.48 seconds (max_rss 96.5 MiB, delta_rss +50.2 MiB)
Completed clustering consistency check successfully.
FPGA sized to 14 x 14: 196 grid tiles (auto)
### Compressed grid construction
### Compressed grid construction took 0.00 seconds (max_rss 96.5 MiB, delta_rss +0.0 MiB)
### Initial Placement
Placing clusters that are part of larger macros...
Number of blocks to be placed: 18
Max distance on device: 28
---- ---------- ---------- -------------
Pass Max Displ. Num Blocks Num Blocks   
     Threshold  Placed     Left Unplaced
---- ---------- ---------- -------------
   0          0         12             6
   1          1          2             4
   2          2          4             0

Placing general clusters...
Number of blocks to be placed: 168
Max distance on device: 28
---- ---------- ---------- -------------
Pass Max Displ. Num Blocks Num Blocks   
     Threshold  Placed     Left Unplaced
---- ---------- ---------- -------------
   0          0        159             9
   1          1          3             6
   2          2          1             5
   3          4          3             2
   4          8          2             0

### Initial Placement took 0.00 seconds (max_rss 96.5 MiB, delta_rss +0.0 MiB)
Flat Placement Reconstruction Info:
	Percent of clusters with reconstruction errors: 0.537634
	Total displacement of initial placement from flat placement: 1503.000000
	Average atom displacement of initial placement from flat placement: 0.603372
	Max atom displacement of initial placement from flat placement: 9.000000
	Percent of atoms misplaced from the flat placement: 19.991972
## AP Full Legalizer took 2.48 seconds (max_rss 96.5 MiB, delta_rss +50.2 MiB)

Resource usage...
	Netlist
		74	blocks of type: io
	Architecture
		384	blocks of type: io
	Netlist
		112	blocks of type: clb
	Architecture
		120	blocks of type: clb
	Netlist
		0	blocks of type: dsp_top
	Architecture
		3	blocks of type: dsp_top
	Netlist
		0	blocks of type: memory
	Architecture
		6	blocks of type: memory

Device Utilization: 0.62 (target 1.00)
	Physical Tile io:
	Block Utilization: 0.19 Logical Block: io
	Physical Tile clb:
	Block Utilization: 0.93 Logical Block: clb
	Physical Tile dsp_top:
	Block Utilization: 0.00 Logical Block: dsp_top
	Physical Tile memory:
	Block Utilization: 0.00 Logical Block: memory

## Computing placement delta delay look-up
RR graph channel widths unchanged, skipping RR graph rebuild
Serial Connection Router is being destroyed. Time spent on path search: 0.000 seconds.
## Computing placement delta delay look-up took 0.00 seconds (max_rss 96.6 MiB, delta_rss +0.0 MiB)
Using simple RL 'Softmax agent' for choosing move and block types

Completed placement consistency check successfully.
Initial placement cost: 1 bb_cost: 115.194 td_cost: 6.50855e-07
Initial placement BB estimate of wirelength: 11493.6
Initial placement estimated Critical Path Delay (CPD): 11.8907 ns
Initial placement estimated setup Total Negative Slack (sTNS): -3113.89 ns
Initial placement estimated setup Worst Negative Slack (sWNS): -11.8907 ns

Initial placement estimated setup slack histogram:
[ -1.2e-08: -1.1e-08)  19 (  2.0%) |**
[ -1.1e-08: -9.7e-09)  13 (  1.4%) |*
[ -9.7e-09: -8.5e-09)   0 (  0.0%) |
[ -8.5e-09: -7.4e-09)   0 (  0.0%) |
[ -7.4e-09: -6.3e-09)   0 (  0.0%) |
[ -6.3e-09: -5.2e-09)   1 (  0.1%) |
[ -5.2e-09: -4.1e-09)  90 (  9.7%) |*******
[ -4.1e-09: -2.9e-09) 591 ( 63.6%) |***********************************************
[ -2.9e-09: -1.8e-09) 155 ( 16.7%) |************
[ -1.8e-09:   -7e-10)  60 (  6.5%) |*****
Placement contains 9 placement macros involving 18 blocks (average macro size 2.000000)

Moves per temperature: 530
## AP Detailed Placer

---- ------ ------- ------- ---------- ---------- ------- ---------- -------- ------- ------- ------ -------- --------- ------
Tnum  Time     T    AvCost  Av BB Cost Av TD Cost   CPD      sTNS      sWNS   AcRate  StdDev  R lim  CritExp  TotMoves  Alpha 
     (sec)                                          (ns)     (ns)      (ns)                                                   
---- ------ ------- ------- ---------- ---------- ------- ---------- -------- ------- ------- ------ -------- --------- ------
   1    0.0 4.5e-03   1.030     110.14 6.6855e-07  10.627  -3.15e+03  -10.627   0.738  0.0224   13.0     1.00        530  1.000
   2    0.0 4.2e-03   1.022     112.08 6.9596e-07  10.481  -3.41e+03  -10.481   0.757  0.0077   13.0     1.00       1060  0.950
   3    0.0 4.0e-03   0.987     112.07 6.6221e-07  10.980  -3.32e+03  -10.980   0.679  0.0170   13.0     1.00       1590  0.950
   4    0.0 3.8e-03   0.983     114.33 6.4158e-07  11.466  -3.29e+03  -11.466   0.685  0.0165   13.0     1.00       2120  0.950
   5    0.0 3.6e-03   0.995     111.27 6.56e-07    10.941  -3.27e+03  -10.941   0.677  0.0081   13.0     1.00       2650  0.950
   6    0.0 3.5e-03   0.978     105.43 6.3428e-07  11.164   -3.3e+03  -11.164   0.664  0.0094   13.0     1.00       3180  0.950
   7    0.0 3.3e-03   1.020     109.92 6.6008e-07  10.794   -3.2e+03  -10.794   0.696  0.0098   13.0     1.00       3710  0.950
   8    0.0 3.1e-03   0.977     105.20 6.3456e-07  10.848  -3.21e+03  -10.848   0.683  0.0194   13.0     1.00       4240  0.950
   9    0.0 3.0e-03   0.985     102.59 6.3657e-07  10.747  -3.33e+03  -10.747   0.640  0.0068   13.0     1.00       4770  0.950
  10    0.0 2.8e-03   0.984     100.94 6.5445e-07  10.403  -3.27e+03  -10.403   0.657  0.0180   13.0     1.00       5300  0.950
  11    0.0 2.7e-03   0.999     106.57 6.5939e-07  10.465  -3.17e+03  -10.465   0.609  0.0087   13.0     1.00       5830  0.950
  12    0.0 2.5e-03   0.992     109.62 6.6538e-07  10.560   -3.2e+03  -10.560   0.672  0.0080   13.0     1.00       6360  0.950
  13    0.0 2.4e-03   0.975     104.68 6.6326e-07  10.691  -3.45e+03  -10.691   0.655  0.0083   13.0     1.00       6890  0.950
  14    0.0 2.3e-03   0.977     102.67 6.4356e-07  11.239  -3.62e+03  -11.239   0.621  0.0109   13.0     1.00       7420  0.950
  15    0.0 2.2e-03   0.984      99.84 6.441e-07   10.233  -3.03e+03  -10.233   0.572  0.0098   13.0     1.00       7950  0.950
  16    0.0 2.1e-03   0.994      98.36 6.6651e-07   9.569  -3.05e+03   -9.569   0.615  0.0052   13.0     1.00       8480  0.950
  17    0.0 2.0e-03   1.013      99.73 6.499e-07    9.834     -3e+03   -9.834   0.600  0.0094   13.0     1.00       9010  0.950
  18    0.0 1.9e-03   1.002      96.82 6.2048e-07  10.597  -3.06e+03  -10.597   0.562  0.0059   13.0     1.00       9540  0.950
  19    0.0 1.8e-03   0.998      95.46 6.5214e-07  10.056  -3.14e+03  -10.056   0.553  0.0081   13.0     1.00      10070  0.950
  20    0.0 1.7e-03   0.995      93.39 6.225e-07   10.059  -3.02e+03  -10.059   0.581  0.0039   13.0     1.00      10600  0.950
  21    0.0 1.6e-03   0.992      92.74 6.5482e-07   9.633  -3.13e+03   -9.633   0.540  0.0037   13.0     1.00      11130  0.950
  22    0.0 1.5e-03   0.999      92.16 6.4345e-07   9.795   -3.1e+03   -9.795   0.534  0.0052   13.0     1.00      11660  0.950
  23    0.0 1.4e-03   1.005      94.24 6.3678e-07  10.050  -3.15e+03  -10.050   0.508  0.0038   13.0     1.00      12190  0.950
  24    0.0 1.4e-03   0.983      92.34 6.4094e-07   9.693  -2.99e+03   -9.693   0.530  0.0061   13.0     1.00      12720  0.950
  25    0.0 1.3e-03   1.002      91.78 6.2058e-07  10.008  -2.96e+03  -10.008   0.526  0.0029   13.0     1.00      13250  0.950
  26    0.0 1.2e-03   1.006      93.35 6.2571e-07  10.171     -3e+03  -10.171   0.519  0.0061   13.0     1.00      13780  0.950
  27    0.0 1.2e-03   0.990      93.37 6.0172e-07  10.567  -2.99e+03  -10.567   0.557  0.0052   13.0     1.00      14310  0.950
  28    0.0 1.1e-03   0.998      92.27 6.1523e-07  10.368  -3.08e+03  -10.368   0.502  0.0039   13.0     1.00      14840  0.950
  29    0.0 1.1e-03   0.988      91.07 6.1995e-07  10.016  -3.07e+03  -10.016   0.508  0.0042   13.0     1.00      15370  0.950
  30    0.0 1.0e-03   0.994      89.28 6.1752e-07  10.016  -3.01e+03  -10.016   0.443  0.0053   13.0     1.00      15900  0.950
  31    0.0 9.6e-04   0.991      88.46 6.0038e-07  10.413  -3.07e+03  -10.413   0.468  0.0027   13.0     1.00      16430  0.950
  32    0.0 9.1e-04   0.997      88.04 6.0568e-07  10.065  -2.95e+03  -10.065   0.475  0.0016   13.0     1.00      16960  0.950
  33    0.0 8.7e-04   0.994      87.40 6.1516e-07   9.935  -2.96e+03   -9.935   0.396  0.0045   13.0     1.00      17490  0.950
  34    0.0 8.2e-04   0.999      87.60 4.5869e-07   9.810  -3.02e+03   -9.810   0.434  0.0024   12.4     1.33      18020  0.950
  35    0.0 7.8e-04   0.998      87.41 4.4011e-07   9.766  -2.99e+03   -9.766   0.445  0.0036   12.4     1.38      18550  0.950
  36    0.0 7.4e-04   1.009      88.52 4.5498e-07   9.893  -3.08e+03   -9.893   0.462  0.0047   12.4     1.34      19080  0.950
  37    0.0 7.1e-04   0.992      87.50 5.1048e-07  10.047  -2.92e+03  -10.047   0.419  0.0026   12.7     1.18      19610  0.950
  38    0.0 6.7e-04   0.999      87.32 4.4317e-07  10.241  -2.94e+03  -10.241   0.377  0.0011   12.4     1.33      20140  0.950
  39    0.0 6.4e-04   0.992      86.80 3.1875e-07  10.146  -2.94e+03  -10.146   0.411  0.0036   11.7     1.79      20670  0.950
  40    0.0 6.0e-04   0.992      86.03 2.8683e-07   9.914  -2.92e+03   -9.914   0.411  0.0049   11.3     1.98      21200  0.950
  41    0.0 5.7e-04   0.999      84.27 2.5876e-07   9.862  -2.86e+03   -9.862   0.338  0.0019   11.0     2.17      21730  0.950
  42    0.0 5.5e-04   1.001      84.60 2.0025e-07   9.862  -3.03e+03   -9.862   0.406  0.0012    9.9     2.83      22260  0.950
  43    0.0 5.2e-04   0.998      84.57 1.9137e-07   9.789  -3.15e+03   -9.789   0.362  0.0018    9.5     3.02      22790  0.950
  44    0.0 4.9e-04   0.998      84.29 1.6661e-07   9.866   -3.1e+03   -9.866   0.360  0.0015    8.8     3.46      23320  0.950
  45    0.0 4.7e-04   1.002      84.51 1.5476e-07   9.866  -3.24e+03   -9.866   0.377  0.0020    8.1     3.86      23850  0.950
  46    0.0 4.4e-04   0.998      84.43 1.4564e-07   9.773  -3.17e+03   -9.773   0.372  0.0025    7.6     4.16      24380  0.950
  47    0.0 4.2e-04   1.000      83.66 1.4383e-07   9.601  -3.11e+03   -9.601   0.342  0.0018    7.1     4.46      24910  0.950
  48    0.0 4.0e-04   0.995      82.42 1.3739e-07   9.601  -3.13e+03   -9.601   0.336  0.0027    6.4     4.87      25440  0.950
  49    0.0 3.8e-04   0.999      82.09 1.3361e-07   9.549  -3.13e+03   -9.549   0.342  0.0014    5.7     5.26      25970  0.950
  50    0.0 3.6e-04   0.998      82.06 1.2957e-07   9.530  -3.12e+03   -9.530   0.345  0.0020    5.1     5.58      26500  0.950
  51    0.0 3.4e-04   0.998      80.77 1.2853e-07   9.392  -3.14e+03   -9.392   0.317  0.0020    4.7     5.87      27030  0.950
  52    0.0 3.3e-04   1.000      80.65 1.2604e-07   9.417  -3.15e+03   -9.417   0.274  0.0009    4.1     6.20      27560  0.950
  53    0.0 3.1e-04   1.001      80.68 1.2353e-07   9.366  -3.09e+03   -9.366   0.300  0.0011    3.4     6.60      28090  0.950
  54    0.0 2.9e-04   0.997      80.39 1.2065e-07   9.366  -3.11e+03   -9.366   0.313  0.0015    2.9     6.88      28620  0.950
  55    0.0 2.8e-04   0.999      79.52 1.1974e-07   9.366  -3.13e+03   -9.366   0.292  0.0011    2.6     7.09      29150  0.950
  56    0.0 2.7e-04   0.998      79.39 1.2078e-07   9.268  -3.13e+03   -9.268   0.289  0.0015    2.2     7.31      29680  0.950
  57    0.0 2.5e-04   0.997      78.64 1.1246e-07   9.591   -3.1e+03   -9.591   0.402  0.0019    1.8     7.50      30210  0.950
  58    0.0 2.4e-04   0.998      78.13 1.1794e-07   9.406  -3.09e+03   -9.406   0.309  0.0017    1.8     7.55      30740  0.950
  59    0.0 2.3e-04   1.000      78.24 1.1145e-07   9.498  -3.11e+03   -9.498   0.317  0.0013    1.5     7.68      31270  0.950
  60    0.0 2.2e-04   0.999      78.33 1.1453e-07   9.366  -3.14e+03   -9.366   0.343  0.0007    1.4     7.79      31800  0.950
  61    0.0 2.1e-04   0.998      77.57 1.1501e-07   9.366  -3.09e+03   -9.366   0.319  0.0026    1.2     7.87      32330  0.950
  62    0.0 2.0e-04   1.001      77.17 1.1087e-07   9.498  -3.09e+03   -9.498   0.264  0.0008    1.1     7.96      32860  0.950
  63    0.0 1.9e-04   0.998      77.07 1.1428e-07   9.366  -3.09e+03   -9.366   0.279  0.0007    1.0     8.00      33390  0.950
  64    0.0 1.8e-04   1.001      76.96 1.1395e-07   9.366  -3.07e+03   -9.366   0.294  0.0006    1.0     8.00      33920  0.950
  65    0.0 1.7e-04   0.999      76.94 1.1191e-07   9.453  -3.08e+03   -9.453   0.289  0.0008    1.0     8.00      34450  0.950
  66    0.0 1.6e-04   0.998      76.75 1.1597e-07   9.322   -3.1e+03   -9.322   0.253  0.0017    1.0     8.00      34980  0.950
  67    0.0 1.5e-04   0.998      76.55 1.1497e-07   9.299  -3.13e+03   -9.299   0.198  0.0007    1.0     8.00      35510  0.950
  68    0.0 1.4e-04   1.000      76.34 1.1511e-07   9.290  -3.08e+03   -9.290   0.238  0.0005    1.0     8.00      36040  0.950
  69    0.0 1.4e-04   0.999      76.28 1.1377e-07   9.366  -3.09e+03   -9.366   0.215  0.0011    1.0     8.00      36570  0.950
  70    0.0 1.3e-04   1.000      75.77 1.1442e-07   9.366   -3.1e+03   -9.366   0.219  0.0005    1.0     8.00      37100  0.950
  71    0.0 1.2e-04   1.000      75.58 1.1442e-07   9.366  -3.12e+03   -9.366   0.223  0.0005    1.0     8.00      37630  0.950
  72    0.0 1.2e-04   1.000      75.47 1.1448e-07   9.366  -3.11e+03   -9.366   0.196  0.0003    1.0     8.00      38160  0.950
  73    0.0 1.1e-04   0.998      75.36 1.1182e-07   9.453  -3.11e+03   -9.453   0.183  0.0006    1.0     8.00      38690  0.950
  74    0.0 1.1e-04   1.000      75.46 1.1155e-07   9.453  -3.11e+03   -9.453   0.145  0.0003    1.0     8.00      39220  0.950
Agent's 2nd state: 
  75    0.0 8.5e-05   1.000      75.62 1.1356e-07   9.366  -3.11e+03   -9.366   0.174  0.0002    1.0     8.00      39750  0.800
Checkpoint saved: bb_costs=75.5723, TD costs=1.13631e-07, CPD=  9.366 (ns) 
  76    0.0 8.0e-05   1.000      75.58 1.1357e-07   9.366  -3.13e+03   -9.366   0.115  0.0002    1.0     8.00      40280  0.950
  77    0.0 6.4e-05   0.999      75.56 1.1336e-07   9.366   -3.1e+03   -9.366   0.091  0.0006    1.0     8.00      40810  0.800
  78    0.0 5.1e-05   0.999      75.31 1.1346e-07   9.366  -3.11e+03   -9.366   0.077  0.0003    1.0     8.00      41340  0.800
  79    0.0 4.1e-05   1.000      75.21 1.1349e-07   9.366  -3.13e+03   -9.366   0.091  0.0002    1.0     8.00      41870  0.800
  80    0.0 3.3e-05   0.999      75.08 1.1359e-07   9.366  -3.13e+03   -9.366   0.079  0.0002    1.0     8.00      42400  0.800
  81    0.0 2.6e-05   1.000      75.04 1.1358e-07   9.366  -3.11e+03   -9.366   0.070  0.0001    1.0     8.00      42930  0.800
  82    0.0 2.1e-05   0.999      74.71 1.1383e-07   9.366  -3.11e+03   -9.366   0.047  0.0003    1.0     8.00      43460  0.800
  83    0.0 1.7e-05   1.000      74.64 1.1164e-07   9.453  -3.12e+03   -9.453   0.053  0.0002    1.0     8.00      43990  0.800
  84    0.0 1.3e-05   1.000      74.60 1.1168e-07   9.453  -3.11e+03   -9.453   0.045  0.0000    1.0     8.00      44520  0.800
  85    0.0 1.1e-05   1.000      74.59 1.1159e-07   9.453  -3.11e+03   -9.453   0.045  0.0001    1.0     8.00      45050  0.800
  86    0.0 8.6e-06   1.000      74.58 1.1164e-07   9.453  -3.11e+03   -9.453   0.042  0.0000    1.0     8.00      45580  0.800
  87    0.0 6.9e-06   1.000      74.58 1.1159e-07   9.453  -3.11e+03   -9.453   0.036  0.0000    1.0     8.00      46110  0.800
  88    0.0 5.5e-06   1.000      74.57 1.1159e-07   9.453  -3.11e+03   -9.453   0.043  0.0001    1.0     8.00      46640  0.800
  89    0.0 0.0e+00   1.000      74.56 1.1164e-07   9.453  -3.11e+03   -9.453   0.015  0.0000    1.0     8.00      47170  0.800
### Placement Quench took 0.01 seconds (max_rss 97.8 MiB)
post-quench CPD = 9.45279 (ns) 

Checkpoint restored

Completed placement consistency check successfully.

Swaps called: 47356

Aborted Move Reasons:
  duplicate block move to location: 104
  macro move to location illegal: 2
  macro_from swap to location illegal: 297

BB estimate of min-dist (placement) wire length: 7527

Placement estimated critical path delay (least slack): 9.36634 ns, Fmax: 106.765 MHz
Placement estimated critical path skew: -0.04243 ns
Placement estimated setup Worst Negative Slack (sWNS): -9.36634 ns
Placement estimated setup Total Negative Slack (sTNS): -3126.43 ns
Placement estimated setup Worst Skew (sWS): -0.04243 ns

Placement estimated setup slack histogram:
[ -9.4e-09: -8.5e-09)  15 (  1.6%) |**
[ -8.5e-09: -7.6e-09)  17 (  1.8%) |**
[ -7.6e-09: -6.8e-09)   0 (  0.0%) |
[ -6.8e-09: -5.9e-09)   0 (  0.0%) |
[ -5.9e-09:   -5e-09)   0 (  0.0%) |
[   -5e-09: -4.2e-09)  82 (  8.8%) |**********
[ -4.2e-09: -3.3e-09) 341 ( 36.7%) |******************************************
[ -3.3e-09: -2.4e-09) 378 ( 40.7%) |***********************************************
[ -2.4e-09: -1.6e-09)  46 (  5.0%) |******
[ -1.6e-09:   -7e-10)  50 (  5.4%) |******

Placement estimated geomean non-virtual intra-domain period: 9.36634 ns (106.765 MHz)
Placement estimated fanout-weighted geomean non-virtual intra-domain period: 9.36634 ns (106.765 MHz)

Placement cost: 1, bb_cost: 75.5723, td_cost: 1.13631e-07, 

Placement resource usage:
  io  implemented as io : 74
  clb implemented as clb: 112

Placement number of temperatures: 89
Placement total # of swap attempts: 47356
	Swaps accepted: 17803 (37.6 %)
	Swaps rejected: 28850 (60.9 %)
	Swaps aborted:   703 ( 1.5 %)


Placement perturbation distribution by block and move type: 
------------------ ----------------- ---------------- ---------------- --------------- ------------ 
    Block Type         Move Type       (%) of Total      Accepted(%)     Rejected(%)    Aborted(%)
------------------ ----------------- ---------------- ---------------- --------------- ------------ 
io                 Uniform                9.28             63.56           36.44          0.00         
                   Median                 9.07             63.06           31.44          5.50         
                   Centroid               8.65             66.87           32.91          0.22         
                   W. Centroid            8.98             67.64           32.17          0.19         
                   W. Median              0.86             15.20           78.19          6.62         

clb                Uniform                15.30            19.74           78.71          1.55         
                   Median                 13.83            28.90           70.18          0.92         
                   Centroid               13.65            24.23           74.63          1.14         
                   W. Centroid            14.54            24.75           73.75          1.50         
                   W. Median              1.41             4.03            95.97          0.00         
                   Crit. Uniform          2.17             0.29            99.71          0.00         
                   Feasible Region        2.26             0.09            93.00          6.91         


Placement Quench timing analysis took 0.00366816 seconds (0.00332067 STA, 0.000347487 slack) (1 full updates: 1 setup, 0 hold, 0 combined).
Placement Total  timing analysis took 0.379968 seconds (0.340884 STA, 0.0390841 slack) (92 full updates: 92 setup, 0 hold, 0 combined).
update_td_costs: connections 0.00191857 nets 0 sum_nets 0.00127417 total 0.00326523
## AP Detailed Placer took 0.87 seconds (max_rss 98.0 MiB, delta_rss +0.2 MiB)
Incr Slack updates 92 in 0.01076 sec
Full Max Req/Worst Slack updates 38 in 0.00101819 sec
Incr Max Req/Worst Slack updates 54 in 0.0018541 sec
Incr Criticality updates 26 in 0.00604906 sec
Full Criticality updates 66 in 0.0160557 sec
Incr Slack updates 1 in 0.000105418 sec
Full Max Req/Worst Slack updates 1 in 3.513e-05 sec
Incr Max Req/Worst Slack updates 0 in 0 sec
Incr Criticality updates 0 in 0 sec
Full Criticality updates 1 in 0.000294238 sec
# Analytical Placement took 3.78 seconds (max_rss 98.1 MiB, delta_rss +66.5 MiB)


# Routing
RR graph channel widths unchanged, skipping RR graph rebuild
## Initializing router criticalities
Initial Net Connection Criticality Histogram:
[        0:      0.1) 234 (  8.1%) |*************
[      0.1:      0.2) 796 ( 27.6%) |**********************************************
[      0.2:      0.3) 509 ( 17.7%) |*****************************
[      0.3:      0.4) 817 ( 28.3%) |***********************************************
[      0.4:      0.5) 147 (  5.1%) |********
[      0.5:      0.6)  32 (  1.1%) |**
[      0.6:      0.7)  64 (  2.2%) |****
[      0.7:      0.8)  32 (  1.1%) |**
[      0.8:      0.9)  54 (  1.9%) |***
[      0.9:        1) 198 (  6.9%) |***********
## Initializing router criticalities took 0.05 seconds (max_rss 98.1 MiB, delta_rss +0.0 MiB)
---- ------ ------- ---- ------- ------- ------- ----------------- --------------- -------- ---------- ---------- ---------- ---------- --------
Iter   Time    pres  BBs    Heap  Re-Rtd  Re-Rtd Overused RR Nodes      Wirelength      CPD       sTNS       sWNS       hTNS       hWNS Est Succ
      (sec)     fac Updt    push    Nets   Conns                                       (ns)       (ns)       (ns)       (ns)       (ns)     Iter
---- ------ ------- ---- ------- ------- ------- ----------------- --------------- -------- ---------- ---------- ---------- ---------- --------
   1    0.0     0.0    0  117397    1041    2751    1065 ( 3.237%)   11819 (37.9%)    8.850     -2859.     -8.850      0.000      0.000      N/A
   2    0.0     0.5    0  104794     792    2254     758 ( 2.304%)   11788 (37.8%)    8.850     -2965.     -8.850      0.000      0.000      N/A
   3    0.0     0.6    0   90494     660    1779     701 ( 2.131%)   12066 (38.7%)    8.850     -2867.     -8.850      0.000      0.000      N/A
   4    0.0     0.8    0   96602     602    1717     626 ( 1.903%)   12514 (40.1%)    8.850     -2987.     -8.850      0.000      0.000      N/A
   5    0.0     1.1    0   85346     525    1436     501 ( 1.523%)   12642 (40.5%)    8.850     -2955.     -8.850      0.000      0.000      N/A
   6    0.0     1.4    0   77881     457    1121     381 ( 1.158%)   13043 (41.8%)    8.850     -2967.     -8.850      0.000      0.000      N/A
   7    0.0     1.9    0   72154     379     952     306 ( 0.930%)   13247 (42.5%)    8.850     -2999.     -8.850      0.000      0.000      N/A
   8    0.0     2.4    0   61891     310     768     224 ( 0.681%)   13354 (42.8%)    9.058     -3011.     -9.058      0.000      0.000      N/A
   9    0.0     3.1    0   62773     269     597     183 ( 0.556%)   13778 (44.2%)    9.058     -3051.     -9.058      0.000      0.000       29
  10    0.0     4.1    0   52426     218     482     127 ( 0.386%)   14150 (45.4%)    8.850     -3053.     -8.850      0.000      0.000       28
  11    0.0     5.3    0   38875     183     396     105 ( 0.319%)   14345 (46.0%)    8.850     -3056.     -8.850      0.000      0.000       28
  12    0.0     6.9    0   39578     148     367      79 ( 0.240%)   14605 (46.8%)    8.993     -3078.     -8.993      0.000      0.000       28
  13    0.0     9.0    0   33725     106     224      61 ( 0.185%)   14808 (47.5%)    9.057     -3081.     -9.057      0.000      0.000       28
  14    0.0    11.6    0   33026      97     188      48 ( 0.146%)   15009 (48.1%)    9.057     -3207.     -9.057      0.000      0.000       29
  15    0.0    15.1    0   17877      79     137      29 ( 0.088%)   15134 (48.5%)    9.058     -3212.     -9.058      0.000      0.000       28
  16    0.0    19.7    0   17390      72     109      28 ( 0.085%)   15326 (49.1%)    9.057     -3213.     -9.057      0.000      0.000       28
  17    0.0    25.6    0   29474      60     126      18 ( 0.055%)   15421 (49.4%)    9.336     -3235.     -9.336      0.000      0.000       27
  18    0.0    33.3    0   12293      48      74      18 ( 0.055%)   15567 (49.9%)   10.262     -3278.    -10.262      0.000      0.000       28
  19    0.0    43.3    0   22586      52      88      13 ( 0.040%)   15611 (50.0%)   10.203     -3256.    -10.203      0.000      0.000       29
  20    0.0    56.2    0   14733      39      60       8 ( 0.024%)   15718 (50.4%)   11.771     -3291.    -11.771      0.000      0.000       28
  21    0.0    73.1    0   14806      33      52      10 ( 0.030%)   15703 (50.3%)    9.989     -3258.     -9.989      0.000      0.000       29
  22    0.0    95.0    0   16199      44      75       6 ( 0.018%)   15754 (50.5%)   10.542     -3277.    -10.542      0.000      0.000       29
  23    0.0   123.5    0   11840      35      56       2 ( 0.006%)   15802 (50.6%)   11.721     -3285.    -11.721      0.000      0.000       28
  24    0.0   160.6    0   10772      28      51       2 ( 0.006%)   15793 (50.6%)   12.166     -3288.    -12.166      0.000      0.000       27
  25    0.0   208.8    0   11581      27      48       3 ( 0.009%)   15785 (50.6%)   11.062     -3292.    -11.062      0.000      0.000       28
  26    0.0   271.4    0   10355      21      36       2 ( 0.006%)   15793 (50.6%)   10.647     -3282.    -10.647      0.000      0.000       28
  27    0.0   352.8    0    9568      30      46       1 ( 0.003%)   15778 (50.6%)   10.647     -3283.    -10.647      0.000      0.000       28
  28    0.0   458.7    0    6418      29      46       1 ( 0.003%)   15820 (50.7%)   10.647     -3287.    -10.647      0.000      0.000       28
  29    0.0   596.3    0    2883      29      45       0 ( 0.000%)   15814 (50.7%)   10.647     -3286.    -10.647      0.000      0.000      N/A
Restoring best routing
Critical path: 10.6466 ns
Successfully routed after 29 routing iterations.
Final Net Connection Criticality Histogram:
[        0:      0.1) 410 ( 14.2%) |****************************
[      0.1:      0.2) 655 ( 22.7%) |********************************************
[      0.2:      0.3) 650 ( 22.5%) |********************************************
[      0.3:      0.4) 692 ( 24.0%) |***********************************************
[      0.4:      0.5) 101 (  3.5%) |*******
[      0.5:      0.6)  46 (  1.6%) |***
[      0.6:      0.7)  65 (  2.3%) |****
[      0.7:      0.8)  38 (  1.3%) |***
[      0.8:      0.9) 100 (  3.5%) |*******
[      0.9:        1) 126 (  4.4%) |*********
Router Stats: total_nets_routed: 6413 total_connections_routed: 16081 total_heap_pushes: 1175737 total_heap_pops: 306005 
Serial Connection Router is being destroyed. Time spent on path search: 0.145 seconds.
# Routing took 0.50 seconds (max_rss 98.1 MiB, delta_rss +0.0 MiB)

Checking to ensure routing is legal...
# Checking to ensure non-configurable edges are legal
# Checking to ensure non-configurable edges are legal took 0.00 seconds (max_rss 98.1 MiB, delta_rss +0.0 MiB)
Completed routing consistency check successfully.

Serial number (magic cookie) for the routing is: -200000530
Circuit successfully routed with a channel width factor of 100.
Incr Slack updates 30 in 0.00295288 sec
Full Max Req/Worst Slack updates 11 in 0.000302268 sec
Incr Max Req/Worst Slack updates 19 in 0.000668827 sec
Incr Criticality updates 12 in 0.00269708 sec
Full Criticality updates 18 in 0.00468652 sec
# Synchronize the packed netlist to routing optimization
## Annotating rr_node with routed nets
## Annotating rr_node with routed nets took 0.00 seconds (max_rss 98.1 MiB, delta_rss +0.0 MiB)
Found 3937 mismatches between routing and packing results.
Fixed 2546 routing traces due to mismatch between routing and packing results.
# Synchronize the packed netlist to routing optimization took 0.03 seconds (max_rss 98.1 MiB, delta_rss +0.0 MiB)
Final Clustering Statistics: 
----------   --------   ------------------------------------   --------------------------
Block Type   # Blocks   Avg. # of input clocks and pins used   Avg. # of output pins used
----------   --------   ------------------------------------   --------------------------
     EMPTY          0                                      0                            0   
        io         74                               0.486486                     0.513514   
       clb        112                                25.4196                      8.98214   
   dsp_top          0                                      0                            0   
    memory          0                                      0                            0   
Absorbed logical nets 1698 out of 2742 nets, 1044 nets not absorbed.


Average number of bends per net: 1.92123  Maximum # of bends: 50

Number of global nets: 3
Number of routed nets (nonglobal): 1041
Wire length results (in units of 1 clb segments)...
	Total wirelength: 15814, average net length: 15.1912
	Maximum net length: 463

Wire length results in terms of physical segments...
	Total wiring segments used: 4338, average wire segments per net: 4.16715
	Maximum segments used by a net: 134
	Total local nets with reserved CLB opins: 0
Total number of nets absorbed: 9

Routing channel utilization histogram:
[        1:      inf)  0 (  0.0%) |
[      0.9:        1)  5 (  1.5%) |***
[      0.8:      0.9) 28 (  8.3%) |******************
[      0.7:      0.8) 75 ( 22.2%) |************************************************
[      0.5:      0.6) 56 ( 16.6%) |************************************
[      0.4:      0.5) 41 ( 12.1%) |**************************
[      0.3:      0.4) 34 ( 10.1%) |**********************
[      0.2:      0.3) 42 ( 12.4%) |***************************
[      0.1:      0.2) 24 (  7.1%) |***************
[        0:      0.1) 33 (  9.8%) |*********************
Maximum routing channel utilization:      0.99 at (12,6)

X - Directed channels: layer   y   max occ   ave occ   ave cap
                        ----- ---- -------- -------- --------
                            0    0       56   40.667      100
                            0    1       40   30.583      100
                            0    2       58   40.583      100
                            0    3       64   47.083      100
                            0    4       70   51.000      100
                            0    5       76   54.000      100
                            0    6       78   52.750      100
                            0    7       79   57.667      100
                            0    8       84   60.083      100
                            0    9       72   51.500      100
                            0   10       70   45.417      100
                            0   11       69   42.667      100
                            0   12       82   54.750      100
Y - Directed channels: layer   x   max occ   ave occ   ave cap
                        ----- ---- -------- -------- --------
                            0    0       34   22.250      100
                            0    1       27   16.083      100
                            0    2       33   23.833      100
                            0    3       52   43.500      100
                            0    4       62   48.417      100
                            0    5       62   51.250      100
                            0    6       61   50.667      100
                            0    7       82   66.167      100
                            0    8       88   70.000      100
                            0    9       90   73.083      100
                            0   10       90   73.250      100
                            0   11       86   67.333      100
                            0   12       99   83.250      100

Total existing wires segments: CHANX     15600, CHANY     15600, CHANZ         0, ALL     31200
Total used wires segments:     CHANX      7545, CHANY      8269, CHANZ         0, ALL     15814
Usage percentage:              CHANX     48.4%, CHANY     53.0%, CHANZ      0.0%, ALL     50.7%

Logic area (in minimum width transistor areas, excludes I/Os and empty grid tiles)...
	Total logic block area (Warning, need to add pitch of routing to blocks with height > 3): 4.93594e+06
	Total used logic block area: 3.12536e+06

Routing area (in minimum width transistor areas)...
	Total routing area: 1.44594e+06, per logic tile: 7377.25

Total Number of Wiring Segments by Direction: direction length number
                                              --------- ------ -------
                                                      X      4   4192
                                                      Y      4   4192
                                                      X     16    318
                                                      Y     16    318

X - Directed Wiring Segment usage by length: length utilization
                                             ------ -----------
                                             4       0.496
                                            16       0.126

Y - Directed Wiring Segment usage by length: length utilization
                                             ------ -----------
                                             4       0.509
                                            16       0.264

Segment occupancy by length: Length Occupancy Capacity Utilization
                             ------ --------- -------- -----------
                             L4          4214     8384       0.503
                             L16          124      636       0.195

Segment occupancy by type: name type utilization
                           ---- ---- -----------
                             L4    0       0.503
                            L16    1       0.195

Final hold Worst Negative Slack (hWNS): 0 ns
Final hold Total Negative Slack (hTNS): 0 ns
Final hold Worst Skew (hWS): 0 ns

Final hold slack histogram:
[  1.9e-10:    4e-10) 827 ( 89.0%) |***********************************************
[    4e-10:  6.1e-10)  28 (  3.0%) |**
[  6.1e-10:  8.2e-10)  27 (  2.9%) |**
[  8.2e-10:    1e-09)  26 (  2.8%) |*
[    1e-09:  1.2e-09)  11 (  1.2%) |*
[  1.2e-09:  1.4e-09)   2 (  0.2%) |
[  1.4e-09:  1.6e-09)   2 (  0.2%) |
[  1.6e-09:  1.9e-09)   2 (  0.2%) |
[  1.9e-09:  2.1e-09)   2 (  0.2%) |
[  2.1e-09:  2.3e-09)   2 (  0.2%) |

Final critical path delay (least slack): 10.6466 ns, Fmax: 93.9268 MHz
Final critical path skew: -0.04243 ns
Final setup Worst Negative Slack (sWNS): -10.6466 ns
Final setup Total Negative Slack (sTNS): -3286.34 ns
Final setup Worst Skew (sWS): -0.04243 ns

Final setup slack histogram:
[ -1.1e-08: -9.6e-09)  27 (  2.9%) |***
[ -9.6e-09: -8.6e-09)   0 (  0.0%) |
[ -8.6e-09: -7.6e-09)   5 (  0.5%) |
[ -7.6e-09: -6.6e-09)   0 (  0.0%) |
[ -6.6e-09: -5.6e-09)   2 (  0.2%) |
[ -5.6e-09: -4.6e-09)  16 (  1.7%) |**
[ -4.6e-09: -3.5e-09) 320 ( 34.4%) |********************************
[ -3.5e-09: -2.5e-09) 475 ( 51.1%) |***********************************************
[ -2.5e-09: -1.5e-09)  42 (  4.5%) |****
[ -1.5e-09: -4.9e-10)  42 (  4.5%) |****

Final geomean non-virtual intra-domain period: 10.6466 ns (93.9268 MHz)
Final fanout-weighted geomean non-virtual intra-domain period: 10.6466 ns (93.9268 MHz)

Incr Slack updates 1 in 9.36e-05 sec
Full Max Req/Worst Slack updates 1 in 2.8287e-05 sec
Incr Max Req/Worst Slack updates 0 in 0 sec
Incr Criticality updates 0 in 0 sec
Full Criticality updates 1 in 0.000263649 sec
Flow timing analysis took 0.850145 seconds (0.783981 STA, 0.0661636 slack) (124 full updates: 93 setup, 0 hold, 31 combined).
VPR succeeded
The entire flow of VPR took 4.70 seconds (max_rss 98.1 MiB)

