VPR FPGA Placement and Routing.
Version: 9.0.0-dev+v8.0.0-18248-g40f8d19708
Revision: v8.0.0-18248-g40f8d19708
Compiled: 2026-09-22T03:43:48
Compiler: GNU 13.3.0 on Linux-5.15.0-119-generic x86_64
Build Info: release IPO VTR_ASSERT_LEVEL=2

University of Toronto
verilogtorouting.org
vtr-users@googlegroups.com
This is free open source code under MIT license.

VPR was run with the following command-line:
/inspire/hdd/project/project-public/changshunjie-253114010247/changshunjie-253114010247/workspace/DAC2027/vtr/vtr-verilog-to-routing/vpr/vpr /inspire/hdd/project/project-public/changshunjie-253114010247/changshunjie-253114010247/workspace/DAC2027/vtr/vtr-verilog-to-routing/vtr_flow/arch/COFFE_22nm/k6FracN10LB_mem20K_complexDSP_customSB_22nm.xml /inspire/hdd/project/project-public/changshunjie-253114010247/changshunjie-253114010247/workspace/DAC2027/TailCompile/experiments/vtr/runs/pilot_v1/attention_layer/full-seed1-w300/attention_layer.pre-vpr.blif --analytical_place --route --analysis --ap_full_legalizer flat-recon --ap_detailed_placer annealer --seed 12 --route_chan_width 140 --write_flat_place /inspire/hdd/project/project-public/changshunjie-253114010247/changshunjie-253114010247/workspace/DAC2027/TailCompile/vtr_work/tailcompile_v3/attention_layer/4x4/gnn_candidate-fpeb9f39fc-flat-recon-annealer-seed12-w140-devw88/post_route.fplace --write_legalized_flat_place /inspire/hdd/project/project-public/changshunjie-253114010247/changshunjie-253114010247/workspace/DAC2027/TailCompile/vtr_work/tailcompile_v3/attention_layer/4x4/gnn_candidate-fpeb9f39fc-flat-recon-annealer-seed12-w140-devw88/post_legalizer.fplace --flat_place_verbosity 1 --device_width 88 --net_file /inspire/hdd/project/project-public/changshunjie-253114010247/changshunjie-253114010247/workspace/DAC2027/TailCompile/vtr_work/tailcompile_v3/attention_layer/4x4/gnn_candidate-fpeb9f39fc-flat-recon-annealer-seed12-w140-devw88/attention_layer.locked-input.net --read_flat_place /inspire/hdd/global_user/changshunjie-253114010247/workspace/DAC2027/TailCompile/experiments/vtr/tailcompile_v3/attention_layer/4x4/pools/bootstrap_24/candidate_09_seed13036.fplace

Using up to 1 parallel worker(s)

Architecture file: /inspire/hdd/project/project-public/changshunjie-253114010247/changshunjie-253114010247/workspace/DAC2027/vtr/vtr-verilog-to-routing/vtr_flow/arch/COFFE_22nm/k6FracN10LB_mem20K_complexDSP_customSB_22nm.xml
Circuit name: attention_layer.pre-vpr

# Loading Architecture Description
# Loading Architecture Description took 0.03 seconds (max_rss 33.7 MiB, delta_rss +0.0 MiB)

Timing analysis: ON
Circuit netlist file: /inspire/hdd/project/project-public/changshunjie-253114010247/changshunjie-253114010247/workspace/DAC2027/TailCompile/vtr_work/tailcompile_v3/attention_layer/4x4/gnn_candidate-fpeb9f39fc-flat-recon-annealer-seed12-w140-devw88/attention_layer.locked-input.net
Circuit placement file: attention_layer.pre-vpr.place
Circuit routing file: attention_layer.pre-vpr.route
Circuit SDC file: attention_layer.pre-vpr.sdc
Vpr floorplanning constraints file: not specified

Packer: DISABLED
Placer: DISABLED
Analytical Placer: ENABLED
Router: ENABLED
Analysis: ENABLED

VPR was run with the following options:

netlist_opts.absorb_buffer_luts            : true
netlist_opts.sweep_dangling_primary_ios    : true
netlist_opts.sweep_dangling_nets           : true
netlist_opts.sweep_dangling_blocks         : true
netlist_opts.sweep_constant_primary_outputs: false
netlist_opts.netlist_verbosity             : 1
netlist_opts.const_gen_inference           : COMB_SEQ

AnalyticalPlacerOpts.analytical_solver_type: lp-b2b
AnalyticalPlacerOpts.partial_legalizer_type: bipartitioning
AnalyticalPlacerOpts.full_legalizer_type: flat-recon
AnalyticalPlacerOpts.detailed_placer_type: annealer
AnalyticalPlacerOpts.ap_timing_tradeoff: 0.500000
AnalyticalPlacerOpts.ap_high_fanout_threshold: 256
AnalyticalPlacerOpts.log_verbosity: 1
router_opts.route_type: DETAILED
router_opts.flat_routing: false
router_opts.choke_points: on
router_opts.router_algorithm: TIMING_DRIVEN
router_opts.base_cost_type: DELAY_NORMALIZED_LENGTH
router_opts.fixed_channel_width: 140
router_opts.check_route: FULL
router_opts.acc_fac: 1.000000
router_opts.bb_factor: 3
router_opts.bend_cost: 0.000000
router_opts.first_iter_pres_fac: 0.000000
router_opts.initial_pres_fac: 0.500000
router_opts.pres_fac_mult: 1.300000
router_opts.max_pres_fac: 1000.000000
router_opts.max_router_iterations: 50
router_opts.min_incremental_reroute_fanout: 16
router_opts.initial_acc_cost_chan_congestion_threshold: 0.500000
router_opts.initial_acc_cost_chan_congestion_weight: 0.500000
router_opts.do_check_rr_graph: true
router_opts.verify_binary_search: false
router_opts.min_channel_width_hint: 0
router_opts.read_rr_edge_metadata: false
router_opts.exit_after_first_routing_iteration: false
router_opts.astar_fac: 1.200000
router_opts.astar_offset: 0.000000
router_opts.router_profiler_astar_fac: 1.200000
router_opts.enable_parallel_connection_router: false
router_opts.post_target_prune_fac: 1.200000
router_opts.post_target_prune_offset: 0
router_opts.multi_queue_num_threads: 1
router_opts.multi_queue_num_queues: 2
router_opts.multi_queue_direct_draining: false
router_opts.criticality_exp: 1.000000
router_opts.max_criticality: 0.990000
router_opts.init_wirelength_abort_threshold: 0.850000
router_opts.incr_reroute_delay_ripup: AUTO
router_opts.save_routing_per_iteration: false
router_opts.congested_routing_iteration_threshold_frac: 1.000000
router_opts.high_fanout_threshold: 64
router_opts.router_debug_net: -2
router_opts.router_debug_sink_rr: -2
router_opts.router_debug_iteration: -2
router_opts.max_convergence_count: 1
router_opts.reconvergence_cpd_threshold: 0.990000
router_opts.update_lower_bound_delays: true
router_opts.first_iteration_timing_report_file: 
router_opts.route_bb_update: DYNAMIC
router_opts.lookahead_type: MAP
router_opts.initial_timing: LOOKAHEAD
router_opts.router_heap: FOUR_ARY_HEAP
router_opts.routing_failure_predictor = SAFE
router_opts.routing_predictor_min_history: 8
router_opts.routing_budgets_algorithm = DISABLE

analysis_opts.gen_post_synthesis_netlist: false
analysis_opts.gen_post_implementation_merged_netlist: false
analysis_opts.gen_post_implementation_sdc: false
analysis_opts.timing_report_npaths: 100
analysis_opts.timing_report_skew: false
analysis_opts.echo_dot_timing_graph_node: -1
analysis_opts.timing_report_detail: NETLIST
analysis_opts.post_synth_netlist_unconn_input_handling: UNCONNECTED
analysis_opts.post_synth_netlist_unconn_output_handling: UNCONNECTED
analysis_opts.post_synth_netlist_module_parameters: on

# Building complex block graph
# Building complex block graph took 0.09 seconds (max_rss 33.7 MiB, delta_rss +0.0 MiB)
Circuit file: /inspire/hdd/project/project-public/changshunjie-253114010247/changshunjie-253114010247/workspace/DAC2027/TailCompile/experiments/vtr/runs/pilot_v1/attention_layer/full-seed1-w300/attention_layer.pre-vpr.blif
# Load circuit
Found 4 constant generator(s) in the netlist (2 constant-zero, 2 constant-one) (run with --netlist_verbosity 2 to list names)
# Load circuit took 0.55 seconds (max_rss 135.0 MiB, delta_rss +101.3 MiB)
# Clean circuit
Absorbed 7975 LUT buffers
Found 1090 primitive output pin(s) driven only by constants; marked them as constants
Swept input(s)      : 7
Swept output(s)     : 0 (0 dangling, 0 constant)
Swept net(s)        : 10126
Swept block(s)      : 33
Constant Pins Marked: 1090
# Clean circuit took 0.13 seconds (max_rss 135.0 MiB, delta_rss +0.0 MiB)
# Compress circuit
# Compress circuit took 0.06 seconds (max_rss 135.0 MiB, delta_rss +0.0 MiB)
# Verify circuit
# Verify circuit took 0.02 seconds (max_rss 135.0 MiB, delta_rss +0.0 MiB)
Circuit Statistics:
  Blocks: 40113
    .input            :    1052
    .latch            :    8844
    .names            :   17218
        0-LUT:       3
        1-LUT:    5989
        2-LUT:     920
        3-LUT:    4530
        4-LUT:    3023
        5-LUT:    1163
        6-LUT:    1590
    .output           :      32
    adder             :    9150
    addition_fp_clk_16:       1
    dual_port_ram     :    3680
    multiply          :     136
  Nets  : 50065
    Avg Fanout:     2.9
    Max Fanout: 12525.0
    Min Fanout:     1.0
  Netlist Clocks: 1
# Build Timing Graph
  Timing Graph Nodes: 245193
  Timing Graph Edges: 446068
  Timing Graph Levels: 66
# Build Timing Graph took 0.23 seconds (max_rss 198.4 MiB, delta_rss +58.8 MiB)
Netlist contains 1 clocks
  Netlist Clock 'clk' Fanout: 12525 pins (6.5%), 12525 blocks (31.2%)
# Load Timing Constraints

SDC file 'attention_layer.pre-vpr.sdc' not found
Setting default timing constraints:
   * constrain all primary inputs and primary outputs on netlist clock 'clk'
   * optimize netlist clock to run as fast as possible
Timing constraints created 1 clocks
  Constrained Clock 'clk' Source: 'clk.inpad[0]'

# Load Timing Constraints took 0.00 seconds (max_rss 198.4 MiB, delta_rss +0.0 MiB)
# Analytical Placement
## Prepacker

There is one chain in this architecture called "chain" with the following starting points:
	clb[0]/lab[0]/fle[0]/ble5[0]/arithmetic[0]/adder[0].cin[0]

## Prepacker took 0.04 seconds (max_rss 198.4 MiB, delta_rss +0.0 MiB)
## Initializing Pre-Cluster Timing
Using inter-cluster delay: 2.1832e-09
## Initializing Pre-Cluster Timing took 0.41 seconds (max_rss 205.1 MiB, delta_rss +6.7 MiB)
## Estimate Device Size
Device layout 'auto' with fixed width 88.
FPGA sized to 88 x 88: 7744 grid tiles (auto)
## Estimate Device Size took 0.00 seconds (max_rss 205.1 MiB, delta_rss +0.0 MiB)
## Ram Mapper
Flat Placement is provided, skipping the RAM mapping.
## Ram Mapper took 0.00 seconds (max_rss 205.1 MiB, delta_rss +0.0 MiB)
## Read Atom Netlist to AP Netlist
## Read Atom Netlist to AP Netlist took 0.28 seconds (max_rss 274.9 MiB, delta_rss +69.8 MiB)
Analytical Placement Netlist Statistics:
	AP Blocks: 25061
		Moveable AP Blocks: 25061
		Fixed AP Blocks: 0
	AP Nets: 34982
		Average Fanout: 2.94
		Highest Fanout: 257
	AP Pins: 193913

## Computing placement delta delay look-up
### Build routing resource graph
### Build routing resource graph took 4.98 seconds (max_rss 735.3 MiB, delta_rss +460.4 MiB)
  RR Graph Nodes: 1616436
  RR Graph Edges: 15321730
### Computing router lookahead map
#### Computing wire lookahead
#### Computing wire lookahead took 5.64 seconds (max_rss 735.3 MiB, delta_rss +0.0 MiB)
#### Computing src/opin lookahead
Warning 1: Found no more sample locations for SOURCE in io
Warning 2: Found no more sample locations for OPIN in io
Warning 3: Found no more sample locations for SOURCE in clb
Warning 4: Found no more sample locations for OPIN in clb
Warning 5: Found no more sample locations for SOURCE in dsp_top
Warning 6: Found no more sample locations for OPIN in dsp_top
Warning 7: Found no more sample locations for SOURCE in memory
Warning 8: Found no more sample locations for OPIN in memory
#### Computing src/opin lookahead took 0.20 seconds (max_rss 735.3 MiB, delta_rss +0.0 MiB)
### Computing router lookahead map took 5.86 seconds (max_rss 735.3 MiB, delta_rss +0.0 MiB)
Serial Connection Router is being destroyed. Time spent on path search: 0.000 seconds.
## Computing placement delta delay look-up took 11.14 seconds (max_rss 735.3 MiB, delta_rss +460.4 MiB)
Flat Placement is provided in the AP flow, skipping the Global Placement.
0 of 25061 molecules placed at device center (no atoms of these molecules found in flat placement).
## AP Full Legalizer
### Creating Clusters
Device (width, height): (88,88)
#### Sorting and Grouping Blocks by Tile
#### Sorting and Grouping Blocks by Tile took 0.01 seconds (max_rss 735.3 MiB, delta_rss +0.0 MiB)
#### Reconstruction Pass Clustering
#### Reconstruction Pass Clustering took 57.91 seconds (max_rss 735.3 MiB, delta_rss +0.0 MiB)
#### Orphan Window Clustering with search radius 8
#### Orphan Window Clustering with search radius 8 took 0.02 seconds (max_rss 735.3 MiB, delta_rss +0.0 MiB)
FPGA sized to 88 x 88: 7744 grid tiles (auto)
Device Utilization: 0.28 (target 1.00)
	Block Utilization: 0.39 Type: io
	Block Utilization: 0.19 Type: clb
	Block Utilization: 0.85 Type: dsp_top
	Block Utilization: 0.75 Type: memory

----------------------------------------------------------------
                       Clustering Summary                       
----------------------------------------------------------------
Clusters created (Self Clustering)                       : 2605
    memory     : 194
    dsp_top    : 107
    clb        : 1220
    io         : 1084
Clusters created (Orphan Window Clustering)              : 14
    clb        : 14
Total clusters                                           : 2619
Percent of clusters created in Orphan Window Clustering  : 0.53%
Molecules clustered in each stage breakdown  : (Total of 25061)
	Self Clustering          (0.998963)  : 25035
 	Neighbor Clustering      (0.000000)  : 0
	Orphan Window Clustering (0.001037)  : 26
----------------------------------------------------------------

Final Clustering Statistics: 
----------   --------   ------------------------------------   --------------------------
Block Type   # Blocks   Avg. # of input clocks and pins used   Avg. # of output pins used
----------   --------   ------------------------------------   --------------------------
     EMPTY          0                                      0                            0   
        io       1084                              0.0295203                      0.97048   
       clb       1234                                27.9692                      15.3752   
   dsp_top        107                                40.9813                      20.1869   
    memory        194                                49.6598                      18.9691   
Absorbed logical nets 24200 out of 50065 nets, 25865 nets not absorbed.
#### Load packing
##### Loading packed FPGA netlist file.
Netlist generated from file '/inspire/hdd/project/project-public/changshunjie-253114010247/changshunjie-253114010247/workspace/DAC2027/TailCompile/vtr_work/tailcompile_v3/attention_layer/4x4/gnn_candidate-fpeb9f39fc-flat-recon-annealer-seed12-w140-devw88/attention_layer.locked-input.net'.
Detected 3 constant generators (to see names run with higher pack verbosity)
##### Loading packed FPGA netlist file. took 2.04 seconds (max_rss 776.6 MiB, delta_rss +41.3 MiB)
Warning 9: Treated 2 constant nets as global which will not be routed (to see net names increase packer verbosity).
Netlist contains 5542 global net to non-global architecture pin connections
Found 2 logic block(s) with only 1 output pin and no inputs; they may be constant generators (run with --pack_verbosity 3 to list them)
Completed clustering consistency check successfully.
Cluster level netlist and block usage statistics
Netlist num_nets: 25865
Netlist num_blocks: 2619
Netlist EMPTY blocks: 0.
Netlist io blocks: 1084.
Netlist clb blocks: 1234.
Netlist dsp_top blocks: 107.
Netlist memory blocks: 194.
Netlist inputs pins: 1052
Netlist output pins: 32

Pb types usage...
  io                   : 1084
   inpad               : 1052
   outpad              : 32
  clb                  : 1234
   lab                 : 1234
    fle                : 11238
     ble5              : 19054
      flut5            : 9904
       lut5            : 9613
        lut            : 9613
       ff              : 8130
      arithmetic       : 9150
       lut4            : 6015
        lut            : 6015
       adder           : 9150
     ble6              : 1590
      lut6             : 1590
       lut             : 1590
      ff               : 714
  dsp_top              : 107
   dsp                 : 107
    dsp_pb             : 107
     two_mult_18x19    : 136
      mult_18x19       : 136
     adder_fp16        : 1
  memory               : 194
   mem_1024x20_dp      : 194
    memory_slice       : 3680

#### Load packing took 2.41 seconds (max_rss 776.6 MiB, delta_rss +41.3 MiB)
Netlist contains 5542 global net to non-global architecture pin connections
Found 2 logic block(s) with only 1 output pin and no inputs; they may be constant generators (run with --pack_verbosity 3 to list them)
Cluster level netlist and block usage statistics
Netlist num_nets: 25865
Netlist num_blocks: 2619
Netlist EMPTY blocks: 0.
Netlist io blocks: 1084.
Netlist clb blocks: 1234.
Netlist dsp_top blocks: 107.
Netlist memory blocks: 194.
Netlist inputs pins: 1052
Netlist output pins: 32
### Creating Clusters took 61.52 seconds (max_rss 776.6 MiB, delta_rss +41.3 MiB)
Completed clustering consistency check successfully.
FPGA sized to 88 x 88: 7744 grid tiles (auto)
### Compressed grid construction
### Compressed grid construction took 0.00 seconds (max_rss 776.6 MiB, delta_rss +0.0 MiB)
### Initial Placement
Placing clusters that are part of larger macros...
Number of blocks to be placed: 16
Max distance on device: 176
---- ---------- ---------- -------------
Pass Max Displ. Num Blocks Num Blocks   
     Threshold  Placed     Left Unplaced
---- ---------- ---------- -------------
   0          0         14             2
   1          1          2             0

Placing general clusters...
Number of blocks to be placed: 2603
Max distance on device: 176
---- ---------- ---------- -------------
Pass Max Displ. Num Blocks Num Blocks   
     Threshold  Placed     Left Unplaced
---- ---------- ---------- -------------
   0          0       2589            14
   1          1          1            13
   2          2          7             6
   3          4          5             1
   4          8          1             0

### Initial Placement took 0.01 seconds (max_rss 776.6 MiB, delta_rss +0.0 MiB)
Flat Placement Reconstruction Info:
	Percent of clusters with reconstruction errors: 0.267278
	Total displacement of initial placement from flat placement: 15506.000000
	Average atom displacement of initial placement from flat placement: 0.386558
	Max atom displacement of initial placement from flat placement: 65.000000
	Percent of atoms misplaced from the flat placement: 1.403535
## AP Full Legalizer took 61.84 seconds (max_rss 776.6 MiB, delta_rss +41.3 MiB)

Resource usage...
	Netlist
		1084	blocks of type: io
	Architecture
		2752	blocks of type: io
	Netlist
		1234	blocks of type: clb
	Architecture
		6376	blocks of type: clb
	Netlist
		107	blocks of type: dsp_top
	Architecture
		126	blocks of type: dsp_top
	Netlist
		194	blocks of type: memory
	Architecture
		258	blocks of type: memory

Device Utilization: 0.28 (target 1.00)
	Physical Tile io:
	Block Utilization: 0.39 Logical Block: io
	Physical Tile clb:
	Block Utilization: 0.19 Logical Block: clb
	Physical Tile dsp_top:
	Block Utilization: 0.85 Logical Block: dsp_top
	Physical Tile memory:
	Block Utilization: 0.75 Logical Block: memory

## Computing placement delta delay look-up
RR graph channel widths unchanged, skipping RR graph rebuild
Serial Connection Router is being destroyed. Time spent on path search: 0.000 seconds.
## Computing placement delta delay look-up took 0.02 seconds (max_rss 776.6 MiB, delta_rss +0.0 MiB)
Using simple RL 'Softmax agent' for choosing move and block types

Completed placement consistency check successfully.
Initial placement cost: 1 bb_cost: 7480.2 td_cost: 1.65782e-05
Initial placement BB estimate of wirelength: 1.0468e+06
Initial placement estimated Critical Path Delay (CPD): 16.5853 ns
Initial placement estimated setup Total Negative Slack (sTNS): -125821 ns
Initial placement estimated setup Worst Negative Slack (sWNS): -16.5853 ns

Initial placement estimated setup slack histogram:
[ -1.7e-08: -1.5e-08)     2 (  0.0%) |
[ -1.5e-08: -1.3e-08)    13 (  0.0%) |
[ -1.3e-08: -1.2e-08)    36 (  0.1%) |
[ -1.2e-08:   -1e-08)   136 (  0.3%) |
[   -1e-08: -8.4e-09)   280 (  0.5%) |
[ -8.4e-09: -6.8e-09)   821 (  1.6%) |*
[ -6.8e-09: -5.1e-09)  1466 (  2.8%) |**
[ -5.1e-09: -3.5e-09)  3154 (  6.0%) |*****
[ -3.5e-09: -1.8e-09) 28467 ( 54.0%) |*********************************************
[ -1.8e-09: -1.9e-10) 18387 ( 34.8%) |*****************************
Placement contains 8 placement macros involving 16 blocks (average macro size 2.000000)

Moves per temperature: 18045
## AP Detailed Placer

---- ------ ------- ------- ---------- ---------- ------- ---------- -------- ------- ------- ------ -------- --------- ------
Tnum  Time     T    AvCost  Av BB Cost Av TD Cost   CPD      sTNS      sWNS   AcRate  StdDev  R lim  CritExp  TotMoves  Alpha 
     (sec)                                          (ns)     (ns)      (ns)                                                   
---- ------ ------- ------- ---------- ---------- ------- ---------- -------- ------- ------- ------ -------- --------- ------
   1    0.2 6.4e-04   0.950    6052.60 1.4753e-05  14.595   -1.2e+05  -14.595   0.819  0.0287   87.0     1.00      18045  1.000
   2    0.2 5.7e-04   0.952    5516.18 1.5462e-05  12.804  -1.15e+05  -12.804   0.801  0.0213   87.0     1.00      36090  0.900
   3    0.2 5.2e-04   0.966    5050.28 1.5207e-05  12.165  -1.15e+05  -12.165   0.771  0.0188   87.0     1.00      54135  0.900
   4    0.2 4.9e-04   0.969    4803.58 1.4969e-05  11.916  -1.13e+05  -11.916   0.761  0.0126   87.0     1.00      72180  0.950
   5    0.2 4.7e-04   0.967    4649.59 1.6379e-05  10.731  -1.13e+05  -10.731   0.753  0.0172   87.0     1.00      90225  0.950
   6    0.2 4.4e-04   0.978    4397.05 1.5249e-05  11.117  -1.18e+05  -11.117   0.734  0.0076   87.0     1.00     108270  0.950
   7    0.2 4.2e-04   0.977    4303.91 1.4367e-05  11.497  -1.13e+05  -11.497   0.733  0.0113   87.0     1.00     126315  0.950
   8    0.2 4.0e-04   0.976    4070.07 1.6565e-05   9.666  -1.11e+05   -9.666   0.724  0.0093   87.0     1.00     144360  0.950
   9    0.2 3.8e-04   0.973    3959.65 1.599e-05    9.911  -1.12e+05   -9.911   0.711  0.0163   87.0     1.00     162405  0.950
  10    0.2 3.6e-04   0.969    3709.42 1.5023e-05  10.127  -1.08e+05  -10.127   0.712  0.0093   87.0     1.00     180450  0.950
  11    0.2 3.4e-04   0.967    3583.78 1.2836e-05  11.629  -1.08e+05  -11.629   0.701  0.0131   87.0     1.00     198495  0.950
  12    0.2 3.3e-04   0.983    3499.16 1.3988e-05  10.499  -1.09e+05  -10.499   0.684  0.0045   87.0     1.00     216540  0.950
  13    0.2 3.1e-04   0.985    3446.58 1.332e-05   10.959  -1.08e+05  -10.959   0.686  0.0090   87.0     1.00     234585  0.950
  14    0.2 2.9e-04   0.975    3273.23 1.3752e-05  10.313  -1.09e+05  -10.313   0.671  0.0113   87.0     1.00     252630  0.950
  15    0.2 2.8e-04   0.993    3257.97 1.5034e-05   9.308  -1.07e+05   -9.308   0.667  0.0044   87.0     1.00     270675  0.950
  16    0.2 2.7e-04   0.978    3185.80 1.4033e-05   9.930  -1.07e+05   -9.930   0.663  0.0106   87.0     1.00     288720  0.950
  17    0.2 2.5e-04   0.981    3063.76 1.4476e-05   9.392  -1.06e+05   -9.392   0.650  0.0059   87.0     1.00     306765  0.950
  18    0.2 2.4e-04   0.983    2993.38 1.3348e-05  10.034  -1.05e+05  -10.034   0.641  0.0072   87.0     1.00     324810  0.950
  19    0.2 2.3e-04   0.991    2942.84 1.4094e-05   9.428  -1.05e+05   -9.428   0.626  0.0037   87.0     1.00     342855  0.950
  20    0.2 2.2e-04   0.991    2928.31 1.4743e-05   8.970  -1.04e+05   -8.970   0.628  0.0043   87.0     1.00     360900  0.950
  21    0.2 2.1e-04   0.981    2863.18 1.3325e-05   9.853  -1.04e+05   -9.853   0.618  0.0069   87.0     1.00     378945  0.950
  22    0.2 2.0e-04   0.983    2803.21 1.3298e-05   9.786  -1.08e+05   -9.786   0.604  0.0071   87.0     1.00     396990  0.950
  23    0.2 1.9e-04   0.984    2765.76 1.4256e-05   9.024  -1.04e+05   -9.024   0.597  0.0053   87.0     1.00     415035  0.950
  24    0.2 1.8e-04   0.985    2726.69 1.2216e-05  10.438  -1.04e+05  -10.438   0.587  0.0063   87.0     1.00     433080  0.950
  25    0.2 1.7e-04   0.988    2699.70 1.1574e-05  10.856  -1.04e+05  -10.856   0.577  0.0044   87.0     1.00     451125  0.950
  26    0.2 1.6e-04   0.982    2658.91 1.3468e-05   9.240  -1.03e+05   -9.240   0.570  0.0059   87.0     1.00     469170  0.950
  27    0.2 1.5e-04   0.983    2604.06 1.3746e-05   9.020  -1.03e+05   -9.020   0.563  0.0067   87.0     1.00     487215  0.950
  28    0.2 1.4e-04   0.993    2590.48 1.259e-05    9.753  -1.03e+05   -9.753   0.548  0.0036   87.0     1.00     505260  0.950
  29    0.2 1.4e-04   0.992    2573.59 1.3996e-05   8.701  -1.03e+05   -8.701   0.541  0.0026   87.0     1.00     523305  0.950
  30    0.2 1.3e-04   0.988    2538.42 1.3417e-05   9.002  -1.02e+05   -9.002   0.531  0.0036   87.0     1.00     541350  0.950
  31    0.2 1.2e-04   0.989    2504.69 1.177e-05   10.248  -1.02e+05  -10.248   0.520  0.0042   87.0     1.00     559395  0.950
  32    0.2 1.2e-04   0.991    2482.45 1.3226e-05   9.004  -1.03e+05   -9.004   0.508  0.0041   87.0     1.00     577440  0.950
  33    0.2 1.1e-04   0.989    2470.98 1.29e-05     9.186  -1.02e+05   -9.186   0.508  0.0028   87.0     1.00     595485  0.950
  34    0.2 1.1e-04   0.986    2443.65 1.3463e-05   8.763  -1.02e+05   -8.763   0.487  0.0054   87.0     1.00     613530  0.950
  35    0.2 1.0e-04   0.990    2410.21 1.3162e-05   8.873  -1.02e+05   -8.873   0.480  0.0040   87.0     1.00     631575  0.950
  36    0.2 9.5e-05   0.991    2394.34 1.3524e-05   8.591  -1.01e+05   -8.591   0.468  0.0049   87.0     1.00     649620  0.950
  37    0.2 9.0e-05   0.989    2367.68 1.3118e-05   8.776  -1.01e+05   -8.776   0.464  0.0045   87.0     1.00     667665  0.950
  38    0.2 8.6e-05   0.992    2347.36 1.3274e-05   8.637  -1.02e+05   -8.637   0.452  0.0034   87.0     1.00     685710  0.950
  39    0.2 8.2e-05   0.988    2314.92 1.2988e-05   8.765  -1.02e+05   -8.765   0.431  0.0049   87.0     1.00     703755  0.950
  40    0.2 7.7e-05   0.991    2290.86 1.2156e-05   8.718  -1.01e+05   -8.718   0.416  0.0052   86.2     1.06     721800  0.950
  41    0.2 7.4e-05   0.991    2266.82 1.0818e-05   8.459  -1.01e+05   -8.459   0.412  0.0028   84.1     1.24     739845  0.950
  42    0.2 7.0e-05   0.991    2252.12 8.4335e-06   9.086  -1.01e+05   -9.086   0.397  0.0036   81.8     1.43     757890  0.950
  43    0.2 6.6e-05   0.990    2229.54 6.3607e-06   9.323  -1.01e+05   -9.323   0.388  0.0037   78.2     1.71     775935  0.950
  44    0.2 6.3e-05   0.995    2229.46 5.2307e-06   9.011  -1.01e+05   -9.011   0.378  0.0023   74.2     2.04     793980  0.950
  45    0.2 6.0e-05   0.990    2215.31 5.0773e-06   8.189  -1.02e+05   -8.189   0.369  0.0042   69.6     2.42     812025  0.950
  46    0.2 5.7e-05   0.994    2209.22 3.4118e-06   8.684  -1.03e+05   -8.684   0.362  0.0024   64.7     2.82     830070  0.950
  47    0.2 5.4e-05   0.990    2181.75 2.6073e-06   8.719  -1.03e+05   -8.719   0.349  0.0053   59.6     3.23     848115  0.950
  48    0.2 5.1e-05   0.994    2158.93 2.2308e-06   8.457  -1.03e+05   -8.457   0.341  0.0028   54.2     3.67     866160  0.950
  49    0.2 4.9e-05   0.994    2148.76 1.8187e-06   8.397  -1.05e+05   -8.397   0.337  0.0027   48.8     4.11     884205  0.950
  50    0.2 4.6e-05   0.990    2134.10 1.6021e-06   8.250  -1.06e+05   -8.250   0.320  0.0046   43.8     4.52     902250  0.950
  51    0.2 4.4e-05   0.995    2121.69 1.116e-06    8.513  -1.07e+05   -8.513   0.313  0.0027   38.5     4.95     920295  0.950
  52    0.2 4.2e-05   0.993    2106.42 9.1072e-07   8.513  -1.04e+05   -8.513   0.309  0.0029   33.6     5.34     938340  0.950
  53    0.2 4.0e-05   0.992    2085.80 6.332e-07    8.788  -1.06e+05   -8.788   0.307  0.0033   29.2     5.70     956385  0.950
  54    0.2 3.8e-05   0.996    2077.64 6.3794e-07   8.580  -1.07e+05   -8.580   0.294  0.0026   25.3     6.02     974430  0.950
  55    0.2 3.6e-05   0.995    2063.01 6.5069e-07   8.355  -1.06e+05   -8.355   0.287  0.0027   21.6     6.32     992475  0.950
  56    0.2 3.4e-05   0.997    2050.79 7.6297e-07   8.002  -1.08e+05   -8.002   0.284  0.0018   18.3     6.59    1010520  0.950
  57    0.2 3.2e-05   0.996    2040.15 7.1137e-07   8.002  -1.08e+05   -8.002   0.277  0.0019   15.5     6.82    1028565  0.950
  58    0.2 3.1e-05   0.993    2019.29 6.6171e-07   7.973  -1.07e+05   -7.973   0.295  0.0030   12.9     7.03    1046610  0.950
  59    0.2 2.9e-05   0.995    1995.78 5.9695e-07   7.968  -1.06e+05   -7.968   0.279  0.0028   11.1     7.18    1064655  0.950
  60    0.2 2.8e-05   0.995    1985.75 5.6542e-07   7.973  -1.08e+05   -7.973   0.265  0.0022    9.3     7.33    1082700  0.950
  61    0.2 2.6e-05   0.996    1980.53 4.9559e-07   8.032  -1.06e+05   -8.032   0.269  0.0020    7.7     7.46    1100745  0.950
  62    0.2 2.5e-05   0.997    1971.40 4.6888e-07   8.032  -1.07e+05   -8.032   0.263  0.0011    6.4     7.56    1118790  0.950
  63    0.2 2.4e-05   0.996    1961.56 4.7484e-07   7.968  -1.05e+05   -7.968   0.262  0.0017    5.2     7.66    1136835  0.950
  64    0.2 2.3e-05   0.995    1955.84 4.6441e-07   7.968  -1.06e+05   -7.968   0.258  0.0023    4.3     7.73    1154880  0.950
  65    0.2 2.1e-05   0.998    1946.49 4.3322e-07   7.973  -1.06e+05   -7.973   0.252  0.0016    3.5     7.79    1172925  0.950
  66    0.2 2.0e-05   0.996    1932.95 4.1941e-07   7.968  -1.06e+05   -7.968   0.254  0.0016    2.9     7.85    1190970  0.950
  67    0.2 1.9e-05   0.998    1924.24 4.0903e-07   7.968  -1.05e+05   -7.968   0.245  0.0012    2.3     7.89    1209015  0.950
  68    0.2 1.8e-05   0.997    1916.81 3.9946e-07   7.973  -1.05e+05   -7.973   0.255  0.0012    1.9     7.93    1227060  0.950
  69    0.2 1.8e-05   0.997    1913.17 3.9915e-07   7.973  -1.04e+05   -7.973   0.245  0.0009    1.5     7.96    1245105  0.950
  70    0.2 1.7e-05   0.998    1909.80 3.8818e-07   7.968  -1.05e+05   -7.968   0.233  0.0007    1.2     7.98    1263150  0.950
  71    0.2 1.6e-05   0.998    1907.25 3.8517e-07   7.968  -1.05e+05   -7.968   0.237  0.0007    1.0     8.00    1281195  0.950
  72    0.2 1.5e-05   0.998    1905.64 3.8272e-07   7.968  -1.04e+05   -7.968   0.232  0.0007    1.0     8.00    1299240  0.950
  73    0.2 1.4e-05   0.999    1901.80 3.801e-07    7.973  -1.04e+05   -7.973   0.226  0.0007    1.0     8.00    1317285  0.950
  74    0.2 1.4e-05   0.999    1900.21 3.8088e-07   7.968  -1.03e+05   -7.968   0.210  0.0006    1.0     8.00    1335330  0.950
  75    0.2 1.3e-05   1.000    1898.76 3.7578e-07   7.968  -1.04e+05   -7.968   0.210  0.0002    1.0     8.00    1353375  0.950
  76    0.2 1.2e-05   0.999    1897.26 3.801e-07    7.968  -1.05e+05   -7.968   0.209  0.0007    1.0     8.00    1371420  0.950
  77    0.2 1.2e-05   0.999    1894.08 3.7526e-07   7.973  -1.03e+05   -7.973   0.200  0.0004    1.0     8.00    1389465  0.950
  78    0.2 1.1e-05   0.999    1891.60 3.78e-07     7.968  -1.05e+05   -7.968   0.191  0.0004    1.0     8.00    1407510  0.950
  79    0.2 1.0e-05   0.999    1890.64 3.754e-07    7.973  -1.04e+05   -7.973   0.200  0.0004    1.0     8.00    1425555  0.950
  80    0.2 1.0e-05   0.999    1889.11 3.7551e-07   7.968  -1.04e+05   -7.968   0.190  0.0005    1.0     8.00    1443600  0.950
  81    0.2 9.5e-06   0.999    1886.77 3.7483e-07   7.973  -1.04e+05   -7.973   0.184  0.0005    1.0     8.00    1461645  0.950
  82    0.2 9.0e-06   1.000    1886.14 3.7124e-07   7.968  -1.04e+05   -7.968   0.182  0.0003    1.0     8.00    1479690  0.950
  83    0.2 8.5e-06   0.999    1884.51 3.686e-07    7.973  -1.04e+05   -7.973   0.177  0.0003    1.0     8.00    1497735  0.950
  84    0.2 8.1e-06   0.999    1882.67 3.7207e-07   7.968  -1.04e+05   -7.968   0.174  0.0003    1.0     8.00    1515780  0.950
  85    0.2 7.7e-06   0.999    1881.94 3.7177e-07   7.973  -1.04e+05   -7.973   0.173  0.0003    1.0     8.00    1533825  0.950
  86    0.2 7.3e-06   0.999    1880.41 3.7054e-07   7.968  -1.04e+05   -7.968   0.169  0.0004    1.0     8.00    1551870  0.950
  87    0.2 7.0e-06   0.999    1878.66 3.7204e-07   7.973  -1.04e+05   -7.973   0.166  0.0003    1.0     8.00    1569915  0.950
  88    0.2 6.6e-06   0.999    1878.00 3.7155e-07   7.968  -1.05e+05   -7.968   0.165  0.0002    1.0     8.00    1587960  0.950
  89    0.2 6.3e-06   1.000    1877.22 3.6754e-07   7.973  -1.05e+05   -7.973   0.159  0.0002    1.0     8.00    1606005  0.950
  90    0.2 6.0e-06   0.999    1875.54 3.6893e-07   7.968  -1.04e+05   -7.968   0.157  0.0003    1.0     8.00    1624050  0.950
  91    0.2 5.7e-06   1.000    1874.75 3.6849e-07   7.973  -1.04e+05   -7.973   0.160  0.0002    1.0     8.00    1642095  0.950
  92    0.2 5.4e-06   1.000    1874.19 3.6818e-07   7.968  -1.05e+05   -7.968   0.160  0.0001    1.0     8.00    1660140  0.950
  93    0.2 5.1e-06   0.999    1873.15 3.6753e-07   7.968  -1.05e+05   -7.968   0.155  0.0003    1.0     8.00    1678185  0.950
  94    0.2 4.9e-06   0.999    1872.58 3.6848e-07   7.973  -1.05e+05   -7.973   0.149  0.0002    1.0     8.00    1696230  0.950
Agent's 2nd state: 
  95    0.2 3.9e-06   0.999    1872.10 3.6692e-07   7.968  -1.04e+05   -7.968   0.149  0.0002    1.0     8.00    1714275  0.800
Checkpoint saved: bb_costs=1871.78, TD costs=3.65995e-07, CPD=  7.973 (ns) 
  96    0.2 3.1e-06   1.000    1870.94 3.6588e-07   7.973  -1.04e+05   -7.973   0.100  0.0002    1.0     8.00    1732320  0.800
Checkpoint saved: bb_costs=1870.45, TD costs=3.66716e-07, CPD=  7.968 (ns) 
  97    0.2 2.5e-06   1.000    1870.03 3.665e-07    7.968  -1.04e+05   -7.968   0.094  0.0002    1.0     8.00    1750365  0.800
  98    0.2 2.0e-06   1.000    1869.40 3.6503e-07   7.973  -1.04e+05   -7.973   0.091  0.0002    1.0     8.00    1768410  0.800
  99    0.2 1.6e-06   1.000    1868.96 3.6775e-07   7.968  -1.04e+05   -7.968   0.090  0.0001    1.0     8.00    1786455  0.800
 100    0.2 1.3e-06   1.000    1868.59 3.6659e-07   7.968  -1.05e+05   -7.968   0.090  0.0002    1.0     8.00    1804500  0.800
 101    0.2 1.0e-06   1.000    1867.96 3.6516e-07   7.973  -1.04e+05   -7.973   0.085  0.0001    1.0     8.00    1822545  0.800
 102    0.2 8.1e-07   1.000    1867.86 3.6747e-07   7.968  -1.04e+05   -7.968   0.086  0.0001    1.0     8.00    1840590  0.800
 103    0.2 6.5e-07   1.000    1867.41 3.6648e-07   7.968  -1.04e+05   -7.968   0.084  0.0001    1.0     8.00    1858635  0.800
 104    0.2 5.2e-07   1.000    1867.21 3.6495e-07   7.973  -1.03e+05   -7.973   0.083  0.0001    1.0     8.00    1876680  0.800
 105    0.2 4.2e-07   1.000    1866.87 3.664e-07    7.968  -1.04e+05   -7.968   0.087  0.0001    1.0     8.00    1894725  0.800
 106    0.2 3.3e-07   1.000    1866.77 3.6436e-07   7.973  -1.04e+05   -7.973   0.082  0.0000    1.0     8.00    1912770  0.800
 107    0.2 2.7e-07   1.000    1866.59 3.6557e-07   7.968  -1.04e+05   -7.968   0.083  0.0001    1.0     8.00    1930815  0.800
 108    0.2 2.1e-07   1.000    1866.26 3.6435e-07   7.973  -1.04e+05   -7.973   0.082  0.0000    1.0     8.00    1948860  0.800
 109    0.2 0.0e+00   1.000    1866.31 3.659e-07    7.968  -1.04e+05   -7.968   0.044  0.0001    1.0     8.00    1966905  0.800
### Placement Quench took 0.19 seconds (max_rss 776.6 MiB)
post-quench CPD = 7.97252 (ns) 

Checkpoint restored

Completed placement consistency check successfully.

Swaps called: 1969524

Aborted Move Reasons:
  duplicate block move to location: 5
  macro move to location illegal: 4
  macro_from swap to location illegal: 1065

BB estimate of min-dist (placement) wire length: 261615

Placement estimated critical path delay (least slack): 7.96828 ns, Fmax: 125.498 MHz
Placement estimated critical path skew: -0.04243 ns
Placement estimated setup Worst Negative Slack (sWNS): -7.96828 ns
Placement estimated setup Total Negative Slack (sTNS): -104070 ns
Placement estimated setup Worst Skew (sWS): -0.04243 ns

Placement estimated setup slack histogram:
[   -8e-09: -7.2e-09)     8 (  0.0%) |
[ -7.2e-09: -6.4e-09)    51 (  0.1%) |
[ -6.4e-09: -5.6e-09)   238 (  0.5%) |*
[ -5.6e-09: -4.9e-09)   478 (  0.9%) |*
[ -4.9e-09: -4.1e-09)   636 (  1.2%) |**
[ -4.1e-09: -3.3e-09)  1962 (  3.7%) |*****
[ -3.3e-09: -2.5e-09)  7677 ( 14.6%) |*******************
[ -2.5e-09: -1.7e-09) 17745 ( 33.6%) |********************************************
[ -1.7e-09: -9.7e-10) 18093 ( 34.3%) |*********************************************
[ -9.7e-10: -1.9e-10)  5874 ( 11.1%) |***************

Placement estimated geomean non-virtual intra-domain period: 7.96828 ns (125.498 MHz)
Placement estimated fanout-weighted geomean non-virtual intra-domain period: 7.96828 ns (125.498 MHz)

Placement cost: 1, bb_cost: 1870.45, td_cost: 3.66716e-07, 

Placement resource usage:
  io      implemented as io     : 1084
  clb     implemented as clb    : 1234
  dsp_top implemented as dsp_top: 107
  memory  implemented as memory : 194

Placement number of temperatures: 109
Placement total # of swap attempts: 1969524
	Swaps accepted:  713213 (36.2 %)
	Swaps rejected: 1244574 (63.2 %)
	Swaps aborted:   11737 ( 0.6 %)


Placement perturbation distribution by block and move type: 
------------------ ----------------- ---------------- ---------------- --------------- ------------ 
    Block Type         Move Type       (%) of Total      Accepted(%)     Rejected(%)    Aborted(%)
------------------ ----------------- ---------------- ---------------- --------------- ------------ 
io                 Uniform                9.80             53.98           46.02          0.00         
                   Median                 9.76             59.84           39.35          0.81         
                   Centroid               9.73             60.22           39.78          0.00         
                   W. Centroid            9.76             60.18           39.81          0.00         
                   W. Median              0.76             24.16           75.10          0.74         

clb                Uniform                11.11            6.36            93.52          0.12         
                   Median                 11.16            35.81           63.43          0.76         
                   Centroid               11.12            33.59           66.33          0.09         
                   W. Centroid            11.20            34.27           65.60          0.13         
                   W. Median              0.86             2.59            96.54          0.87         
                   Crit. Uniform          1.84             0.02            99.98          0.00         
                   Feasible Region        1.84             0.05            99.95          0.00         

dsp_top            Uniform                0.97             1.27            98.73          0.00         
                   Median                 0.96             3.40            90.05          6.55         
                   Centroid               0.96             3.36            90.19          6.45         
                   W. Centroid            0.96             3.54            90.08          6.38         
                   W. Median              0.07             0.00            84.15          15.85        

memory             Uniform                1.76             6.30            93.70          0.00         
                   Median                 1.76             14.03           79.68          6.29         
                   Centroid               1.75             11.43           85.38          3.19         
                   W. Centroid            1.74             11.22           88.78          0.00         
                   W. Median              0.14             2.51            83.94          13.55        


Placement Quench timing analysis took 0.0491986 seconds (0.039066 STA, 0.0101326 slack) (1 full updates: 1 setup, 0 hold, 0 combined).
Placement Total  timing analysis took 5.77572 seconds (4.72457 STA, 1.05115 slack) (112 full updates: 112 setup, 0 hold, 0 combined).
update_td_costs: connections 0.0583412 nets 0 sum_nets 0.0209943 total 0.079549
## AP Detailed Placer took 19.37 seconds (max_rss 786.4 MiB, delta_rss +9.8 MiB)
Incr Slack updates 112 in 0.191693 sec
Full Max Req/Worst Slack updates 57 in 0.0640602 sec
Incr Max Req/Worst Slack updates 55 in 0.0812757 sec
Incr Criticality updates 12 in 0.0389178 sec
Full Criticality updates 100 in 0.535481 sec
Incr Slack updates 1 in 0.00173456 sec
Full Max Req/Worst Slack updates 1 in 0.00116869 sec
Incr Max Req/Worst Slack updates 0 in 0 sec
Incr Criticality updates 0 in 0 sec
Full Criticality updates 1 in 0.00633158 sec
# Analytical Placement took 93.78 seconds (max_rss 786.4 MiB, delta_rss +588.0 MiB)


# Routing
RR graph channel widths unchanged, skipping RR graph rebuild
## Initializing router criticalities
Initial Net Connection Criticality Histogram:
[        0:      0.1) 7029 ( 14.5%) |***************************************
[      0.1:      0.2) 8291 ( 17.1%) |**********************************************
[      0.2:      0.3) 7393 ( 15.2%) |*****************************************
[      0.3:      0.4) 3134 (  6.5%) |*****************
[      0.4:      0.5) 6205 ( 12.8%) |**********************************
[      0.5:      0.6) 7950 ( 16.4%) |********************************************
[      0.6:      0.7) 5729 ( 11.8%) |********************************
[      0.7:      0.8) 2090 (  4.3%) |************
[      0.8:      0.9)  591 (  1.2%) |***
[      0.9:        1)  153 (  0.3%) |*
## Initializing router criticalities took 0.64 seconds (max_rss 786.4 MiB, delta_rss +0.0 MiB)
---- ------ ------- ---- ------- ------- ------- ----------------- --------------- -------- ---------- ---------- ---------- ---------- --------
Iter   Time    pres  BBs    Heap  Re-Rtd  Re-Rtd Overused RR Nodes      Wirelength      CPD       sTNS       sWNS       hTNS       hWNS Est Succ
      (sec)     fac Updt    push    Nets   Conns                                       (ns)       (ns)       (ns)       (ns)       (ns)     Iter
---- ------ ------- ---- ------- ------- ------- ----------------- --------------- -------- ---------- ---------- ---------- ---------- --------
   1    1.0     0.0    0 6013206   25862   41715   23221 ( 1.437%)  416844 (19.9%)    9.860 -1.647e+05     -9.860      0.000      0.000      N/A
   2    1.0     0.5    0 5545228   18854   33334   11239 ( 0.695%)  413677 (19.7%)    7.700 -1.462e+05     -7.700      0.000      0.000      N/A
   3    0.8     0.6    0 4337288   13004   24304    9224 ( 0.571%)  419495 (20.0%)    7.700 -1.443e+05     -7.700      0.000      0.000      N/A
   4    0.7     0.8    0 3724209   10863   21139    7207 ( 0.446%)  423458 (20.2%)    7.700 -1.451e+05     -7.700      0.000      0.000      N/A
   5    0.6     1.1    0 2931090    8753   17530    5190 ( 0.321%)  427220 (20.4%)    7.686 -1.457e+05     -7.686      0.000      0.000      N/A
   6    0.5     1.4    0 2012791    6699   13888    3726 ( 0.231%)  430356 (20.5%)    7.686 -1.458e+05     -7.686      0.000      0.000      N/A
   7    0.4     1.9    0 1507390    5150   11127    2639 ( 0.163%)  433665 (20.7%)    7.686 -1.448e+05     -7.686      0.000      0.000      N/A
   8    0.3     2.4    0  908386    3700    8194    1847 ( 0.114%)  436526 (20.8%)    7.686 -1.447e+05     -7.686      0.000      0.000      N/A
   9    0.2     3.1    0  563987    2624    6101    1178 ( 0.073%)  438897 (21.0%)    7.686 -1.449e+05     -7.686      0.000      0.000       28
  10    0.2     4.1    0  378492    1732    4104     735 ( 0.045%)  441185 (21.1%)    7.686 -1.450e+05     -7.686      0.000      0.000       26
  11    0.2     5.3    0  269176    1085    2719     405 ( 0.025%)  442894 (21.1%)    7.686 -1.450e+05     -7.686      0.000      0.000       25
  12    0.2     6.9    0  175853     585    1576     199 ( 0.012%)  444135 (21.2%)    7.686 -1.451e+05     -7.686      0.000      0.000       23
  13    0.1     9.0    0  102264     290     768      78 ( 0.005%)  444843 (21.2%)    7.686 -1.451e+05     -7.686      0.000      0.000       21
  14    0.1    11.6    0   51254     113     325      30 ( 0.002%)  445215 (21.3%)    7.686 -1.451e+05     -7.686      0.000      0.000       19
  15    0.1    15.1    0   21389      43     117       9 ( 0.001%)  445380 (21.3%)    7.686 -1.451e+05     -7.686      0.000      0.000       19
  16    0.1    19.7    0    8437      11      16       2 ( 0.000%)  445456 (21.3%)    7.686 -1.451e+05     -7.686      0.000      0.000       17
  17    0.1    25.6    0    1313       2       6       0 ( 0.000%)  445484 (21.3%)    7.686 -1.451e+05     -7.686      0.000      0.000      N/A
Restoring best routing
Critical path: 7.68638 ns
Successfully routed after 17 routing iterations.
Final Net Connection Criticality Histogram:
[        0:      0.1) 7372 ( 15.2%) |***********************************
[      0.1:      0.2) 4245 (  8.7%) |********************
[      0.2:      0.3) 8162 ( 16.8%) |***************************************
[      0.3:      0.4) 4624 (  9.5%) |**********************
[      0.4:      0.5) 3923 (  8.1%) |*******************
[      0.5:      0.6) 9621 ( 19.8%) |**********************************************
[      0.6:      0.7) 6264 ( 12.9%) |******************************
[      0.7:      0.8) 3102 (  6.4%) |***************
[      0.8:      0.9) 1114 (  2.3%) |*****
[      0.9:        1)  138 (  0.3%) |*
Router Stats: total_nets_routed: 99370 total_connections_routed: 186963 total_heap_pushes: 28551753 total_heap_pops: 7790827 
Serial Connection Router is being destroyed. Time spent on path search: 3.713 seconds.
# Routing took 7.55 seconds (max_rss 812.0 MiB, delta_rss +25.6 MiB)

Checking to ensure routing is legal...
# Checking to ensure non-configurable edges are legal
# Checking to ensure non-configurable edges are legal took 0.08 seconds (max_rss 812.0 MiB, delta_rss +0.0 MiB)
Completed routing consistency check successfully.

Serial number (magic cookie) for the routing is: 402748288
Circuit successfully routed with a channel width factor of 140.
Incr Slack updates 18 in 0.0300469 sec
Full Max Req/Worst Slack updates 3 in 0.00350258 sec
Incr Max Req/Worst Slack updates 15 in 0.0227743 sec
Incr Criticality updates 14 in 0.0418317 sec
Full Criticality updates 4 in 0.0262782 sec
# Synchronize the packed netlist to routing optimization
## Annotating rr_node with routed nets
## Annotating rr_node with routed nets took 0.01 seconds (max_rss 812.0 MiB, delta_rss +0.0 MiB)
Found 43998 mismatches between routing and packing results.
Fixed 30728 routing traces due to mismatch between routing and packing results.
# Synchronize the packed netlist to routing optimization took 0.29 seconds (max_rss 812.0 MiB, delta_rss +0.0 MiB)
Final Clustering Statistics: 
----------   --------   ------------------------------------   --------------------------
Block Type   # Blocks   Avg. # of input clocks and pins used   Avg. # of output pins used
----------   --------   ------------------------------------   --------------------------
     EMPTY          0                                      0                            0   
        io       1084                              0.0295203                      0.97048   
       clb       1234                                27.9692                      15.3752   
   dsp_top        107                                40.9813                      20.1869   
    memory        194                                49.6598                      18.9691   
Absorbed logical nets 24200 out of 50065 nets, 25865 nets not absorbed.


Average number of bends per net: 1.71735  Maximum # of bends: 301

Number of global nets: 3
Number of routed nets (nonglobal): 25862
Wire length results (in units of 1 clb segments)...
	Total wirelength: 445484, average net length: 17.2254
	Maximum net length: 2442

Wire length results in terms of physical segments...
	Total wiring segments used: 99698, average wire segments per net: 3.85500
	Maximum segments used by a net: 550
	Total local nets with reserved CLB opins: 0
Total number of nets absorbed: 8

Routing channel utilization histogram:
[        1:      inf)    0 (  0.0%) |
[      0.9:        1)    0 (  0.0%) |
[      0.8:      0.9)    1 (  0.0%) |
[      0.7:      0.8)  330 (  2.2%) |***
[      0.5:      0.6)  683 (  4.5%) |******
[      0.4:      0.5) 1241 (  8.2%) |***********
[      0.3:      0.4) 1879 ( 12.4%) |*****************
[      0.2:      0.3) 2608 ( 17.2%) |************************
[      0.1:      0.2) 3344 ( 22.1%) |******************************
[        0:      0.1) 5052 ( 33.4%) |**********************************************
Maximum routing channel utilization:      0.82 at (37,44)

X - Directed channels: layer   y   max occ   ave occ   ave cap
                        ----- ---- -------- -------- --------
                            0    0       68   35.186      140
                            0    1        1    0.233      140
                            0    2        5    0.791      140
                            0    3        8    2.326      140
                            0    4        9    2.837      140
                            0    5       10    1.674      140
                            0    6       33    3.488      140
                            0    7       58    6.535      140
                            0    8       44    8.128      140
                            0    9       56    9.442      140
                            0   10       53   11.128      140
                            0   11       55   13.349      140
                            0   12       49   13.570      140
                            0   13       39   13.593      140
                            0   14       53   18.186      140
                            0   15       47   20.942      140
                            0   16       54   23.977      140
                            0   17       60   23.407      140
                            0   18       76   25.267      140
                            0   19       57   30.174      140
                            0   20       61   26.674      140
                            0   21       55   26.093      140
                            0   22       66   31.477      140
                            0   23       59   28.733      140
                            0   24       65   33.698      140
                            0   25       74   37.547      140
                            0   26       72   40.023      140
                            0   27       74   38.651      140
                            0   28       86   39.105      140
                            0   29       84   34.081      140
                            0   30       67   29.523      140
                            0   31       63   27.453      140
                            0   32       76   32.105      140
                            0   33       74   37.047      140
                            0   34       78   35.035      140
                            0   35       68   31.372      140
                            0   36       74   28.384      140
                            0   37       62   28.942      140
                            0   38       75   31.640      140
                            0   39       75   34.047      140
                            0   40       72   34.977      140
                            0   41       89   37.767      140
                            0   42       93   43.721      140
                            0   43      101   51.337      140
                            0   44      102   52.709      140
                            0   45       98   50.384      140
                            0   46       97   46.709      140
                            0   47       92   41.651      140
                            0   48       87   41.465      140
                            0   49       89   43.233      140
                            0   50       92   44.186      140
                            0   51       82   40.221      140
                            0   52       79   39.558      140
                            0   53       91   48.686      140
                            0   54       90   42.116      140
                            0   55       76   33.756      140
                            0   56       86   34.616      140
                            0   57       75   34.256      140
                            0   58       80   38.430      140
                            0   59       88   40.930      140
                            0   60       90   35.942      140
                            0   61       94   34.709      140
                            0   62       91   37.802      140
                            0   63       85   34.802      140
                            0   64       88   35.174      140
                            0   65       91   35.093      140
                            0   66       89   34.884      140
                            0   67      105   40.186      140
                            0   68      103   36.058      140
                            0   69       99   33.326      140
                            0   70       91   38.547      140
                            0   71       87   40.953      140
                            0   72       95   37.895      140
                            0   73       97   40.744      140
                            0   74       78   33.244      140
                            0   75       68   29.023      140
                            0   76       69   26.767      140
                            0   77       72   20.465      140
                            0   78       67   19.953      140
                            0   79       63   19.000      140
                            0   80       65   15.186      140
                            0   81       55   15.721      140
                            0   82       66   17.314      140
                            0   83       50   12.140      140
                            0   84       28    4.884      140
                            0   85       21    2.884      140
                            0   86       69   32.465      140
Y - Directed channels: layer   x   max occ   ave occ   ave cap
                        ----- ---- -------- -------- --------
                            0    0       44   17.907      140
                            0    1       44   19.384      140
                            0    2       68   25.395      140
                            0    3       23    8.291      140
                            0    4       37   11.105      140
                            0    5       68   31.314      140
                            0    6       68   27.314      140
                            0    7       69   17.105      140
                            0    8       60   17.070      140
                            0    9       54   17.581      140
                            0   10       73   17.837      140
                            0   11       64   13.047      140
                            0   12       33    7.919      140
                            0   13       29    8.581      140
                            0   14       25   12.256      140
                            0   15       29   14.767      140
                            0   16       46   19.779      140
                            0   17       75   45.651      140
                            0   18       77   50.337      140
                            0   19       68   26.081      140
                            0   20       90   29.349      140
                            0   21       84   48.698      140
                            0   22       86   46.349      140
                            0   23       84   28.035      140
                            0   24       48   20.802      140
                            0   25       51   21.302      140
                            0   26       60   20.372      140
                            0   27       62   13.593      140
                            0   28       57   19.640      140
                            0   29       59   29.081      140
                            0   30       71   30.942      140
                            0   31       77   29.291      140
                            0   32       97   31.523      140
                            0   33       96   54.570      140
                            0   34       96   59.988      140
                            0   35       92   44.465      140
                            0   36      100   50.756      140
                            0   37      115   62.965      140
                            0   38      103   51.372      140
                            0   39       87   36.023      140
                            0   40       81   36.291      140
                            0   41       77   28.291      140
                            0   42       84   32.721      140
                            0   43       82   29.081      140
                            0   44       93   27.895      140
                            0   45       97   35.163      140
                            0   46       99   45.430      140
                            0   47      103   47.919      140
                            0   48      102   48.523      140
                            0   49       96   60.663      140
                            0   50      104   66.547      140
                            0   51       96   46.221      140
                            0   52       98   53.733      140
                            0   53      103   62.895      140
                            0   54       86   54.663      140
                            0   55       75   28.605      140
                            0   56       79   27.651      140
                            0   57       73   24.174      140
                            0   58       71   24.244      140
                            0   59       56   20.523      140
                            0   60       64   15.477      140
                            0   61       70   17.395      140
                            0   62       77   24.035      140
                            0   63       77   26.802      140
                            0   64       57   26.570      140
                            0   65       79   51.267      140
                            0   66       92   58.628      140
                            0   67       71   41.291      140
                            0   68       82   47.826      140
                            0   69       94   53.593      140
                            0   70       71   37.977      140
                            0   71       44   16.093      140
                            0   72       39   11.930      140
                            0   73       28    5.547      140
                            0   74       33    7.151      140
                            0   75       30    8.756      140
                            0   76       27    6.791      140
                            0   77       33   12.547      140
                            0   78       38   17.198      140
                            0   79       40   17.547      140
                            0   80       49   21.453      140
                            0   81       62   35.453      140
                            0   82       81   43.419      140
                            0   83       65   26.733      140
                            0   84       66   26.453      140
                            0   85       72   34.035      140
                            0   86       46   27.279      140

Total existing wires segments: CHANX   1047480, CHANY   1047480, CHANZ         0, ALL   2094960
Total used wires segments:     CHANX    216869, CHANY    228615, CHANZ         0, ALL    445484
Usage percentage:              CHANX     20.7%, CHANY     21.8%, CHANZ      0.0%, ALL     21.3%

Logic area (in minimum width transistor areas, excludes I/Os and empty grid tiles)...
	Total logic block area (Warning, need to add pitch of routing to blocks with height > 3): 2.4541e+08
	Total used logic block area: 8.82956e+07

Routing area (in minimum width transistor areas)...
	Total routing area: 8.67194e+07, per logic tile: 11198.3

Total Number of Wiring Segments by Direction: direction length number
                                              --------- ------ -------
                                                      X      4 236160
                                                      Y      4 236160
                                                      X     16   9876
                                                      Y     16   9876

X - Directed Wiring Segment usage by length: length utilization
                                             ------ -----------
                                             4         0.2
                                            16       0.189

Y - Directed Wiring Segment usage by length: length utilization
                                             ------ -----------
                                             4       0.204
                                            16       0.239

Segment occupancy by length: Length Occupancy Capacity Utilization
                             ------ --------- -------- -----------
                             L4         95473   472320       0.202
                             L16         4225    19752       0.214

Segment occupancy by type: name type utilization
                           ---- ---- -----------
                             L4    0       0.202
                            L16    1       0.214

Final hold Worst Negative Slack (hWNS): 0 ns
Final hold Total Negative Slack (hTNS): 0 ns
Final hold Worst Skew (hWS): 0 ns

Final hold slack histogram:
[  4.1e-11:  6.5e-10) 3532 (  6.7%) |******************
[  6.5e-10:  1.3e-09) 8384 ( 15.9%) |******************************************
[  1.3e-09:  1.9e-09) 7191 ( 13.6%) |************************************
[  1.9e-09:  2.5e-09) 9126 ( 17.3%) |*********************************************
[  2.5e-09:  3.1e-09) 9251 ( 17.5%) |**********************************************
[  3.1e-09:  3.7e-09) 8196 ( 15.5%) |*****************************************
[  3.7e-09:  4.3e-09) 4393 (  8.3%) |**********************
[  4.3e-09:  4.9e-09) 1633 (  3.1%) |********
[  4.9e-09:  5.5e-09)  832 (  1.6%) |****
[  5.5e-09:  6.1e-09)  224 (  0.4%) |*

Final critical path delay (least slack): 7.68638 ns, Fmax: 130.1 MHz
Final critical path skew: -0.04243 ns
Final setup Worst Negative Slack (sWNS): -7.68638 ns
Final setup Total Negative Slack (sTNS): -145120 ns
Final setup Worst Skew (sWS): -0.04243 ns

Final setup slack histogram:
[ -7.7e-09: -6.9e-09)    28 (  0.1%) |
[ -6.9e-09: -6.2e-09)   140 (  0.3%) |
[ -6.2e-09: -5.4e-09)   820 (  1.6%) |***
[ -5.4e-09: -4.7e-09)  1778 (  3.4%) |******
[ -4.7e-09: -3.9e-09)  5414 ( 10.3%) |*******************
[ -3.9e-09: -3.2e-09) 10273 ( 19.5%) |***********************************
[ -3.2e-09: -2.4e-09) 12083 ( 22.9%) |*****************************************
[ -2.4e-09: -1.7e-09) 13113 ( 24.9%) |*********************************************
[ -1.7e-09: -9.4e-10)  4518 (  8.6%) |****************
[ -9.4e-10: -1.9e-10)  4595 (  8.7%) |****************

Final geomean non-virtual intra-domain period: 7.68638 ns (130.1 MHz)
Final fanout-weighted geomean non-virtual intra-domain period: 7.68638 ns (130.1 MHz)

Incr Slack updates 1 in 0.00171261 sec
Full Max Req/Worst Slack updates 1 in 0.00116506 sec
Incr Max Req/Worst Slack updates 0 in 0 sec
Incr Criticality updates 0 in 0 sec
Full Criticality updates 1 in 0.00672182 sec
Flow timing analysis took 9.00462 seconds (7.67767 STA, 1.32695 slack) (132 full updates: 113 setup, 0 hold, 19 combined).
VPR succeeded
The entire flow of VPR took 105.81 seconds (max_rss 812.0 MiB)

