VPR FPGA Placement and Routing.
Version: 9.0.0-dev+v8.0.0-18248-g40f8d19708
Revision: v8.0.0-18248-g40f8d19708
Compiled: 2026-09-22T03:43:48
Compiler: GNU 13.3.0 on Linux-5.15.0-119-generic x86_64
Build Info: release IPO VTR_ASSERT_LEVEL=2

University of Toronto
verilogtorouting.org
vtr-users@googlegroups.com
This is free open source code under MIT license.

VPR was run with the following command-line:
/inspire/hdd/project/project-public/changshunjie-253114010247/changshunjie-253114010247/workspace/DAC2027/vtr/vtr-verilog-to-routing/vpr/vpr /inspire/hdd/project/project-public/changshunjie-253114010247/changshunjie-253114010247/workspace/DAC2027/vtr/vtr-verilog-to-routing/vtr_flow/arch/COFFE_22nm/k6FracN10LB_mem20K_complexDSP_customSB_22nm.xml /inspire/hdd/project/project-public/changshunjie-253114010247/changshunjie-253114010247/workspace/DAC2027/TailCompile/experiments/vtr/runs/pilot_v1/sha/full-seed1-w300/sha.pre-vpr.blif --analytical_place --route --analysis --ap_full_legalizer flat-recon --ap_detailed_placer annealer --seed 12 --route_chan_width 80 --write_flat_place /inspire/hdd/project/project-public/changshunjie-253114010247/changshunjie-253114010247/workspace/DAC2027/TailCompile/vtr_work/tailcompile_v3/sha/4x4/gnn_candidate-fpe44b4e28-flat-recon-annealer-seed12-w80-devw14/post_route.fplace --write_legalized_flat_place /inspire/hdd/project/project-public/changshunjie-253114010247/changshunjie-253114010247/workspace/DAC2027/TailCompile/vtr_work/tailcompile_v3/sha/4x4/gnn_candidate-fpe44b4e28-flat-recon-annealer-seed12-w80-devw14/post_legalizer.fplace --flat_place_verbosity 1 --device_width 14 --net_file /inspire/hdd/project/project-public/changshunjie-253114010247/changshunjie-253114010247/workspace/DAC2027/TailCompile/vtr_work/tailcompile_v3/sha/4x4/gnn_candidate-fpe44b4e28-flat-recon-annealer-seed12-w80-devw14/sha.locked-input.net --read_flat_place /inspire/hdd/global_user/changshunjie-253114010247/workspace/DAC2027/TailCompile/experiments/vtr/tailcompile_v3/sha/4x4/pools/bootstrap_24/candidate_14_seed12041.fplace

Using up to 1 parallel worker(s)

Architecture file: /inspire/hdd/project/project-public/changshunjie-253114010247/changshunjie-253114010247/workspace/DAC2027/vtr/vtr-verilog-to-routing/vtr_flow/arch/COFFE_22nm/k6FracN10LB_mem20K_complexDSP_customSB_22nm.xml
Circuit name: sha.pre-vpr

# Loading Architecture Description
# Loading Architecture Description took 0.04 seconds (max_rss 19.0 MiB, delta_rss +0.0 MiB)

Timing analysis: ON
Circuit netlist file: /inspire/hdd/project/project-public/changshunjie-253114010247/changshunjie-253114010247/workspace/DAC2027/TailCompile/vtr_work/tailcompile_v3/sha/4x4/gnn_candidate-fpe44b4e28-flat-recon-annealer-seed12-w80-devw14/sha.locked-input.net
Circuit placement file: sha.pre-vpr.place
Circuit routing file: sha.pre-vpr.route
Circuit SDC file: sha.pre-vpr.sdc
Vpr floorplanning constraints file: not specified

Packer: DISABLED
Placer: DISABLED
Analytical Placer: ENABLED
Router: ENABLED
Analysis: ENABLED

VPR was run with the following options:

netlist_opts.absorb_buffer_luts            : true
netlist_opts.sweep_dangling_primary_ios    : true
netlist_opts.sweep_dangling_nets           : true
netlist_opts.sweep_dangling_blocks         : true
netlist_opts.sweep_constant_primary_outputs: false
netlist_opts.netlist_verbosity             : 1
netlist_opts.const_gen_inference           : COMB_SEQ

AnalyticalPlacerOpts.analytical_solver_type: lp-b2b
AnalyticalPlacerOpts.partial_legalizer_type: bipartitioning
AnalyticalPlacerOpts.full_legalizer_type: flat-recon
AnalyticalPlacerOpts.detailed_placer_type: annealer
AnalyticalPlacerOpts.ap_timing_tradeoff: 0.500000
AnalyticalPlacerOpts.ap_high_fanout_threshold: 256
AnalyticalPlacerOpts.log_verbosity: 1
router_opts.route_type: DETAILED
router_opts.flat_routing: false
router_opts.choke_points: on
router_opts.router_algorithm: TIMING_DRIVEN
router_opts.base_cost_type: DELAY_NORMALIZED_LENGTH
router_opts.fixed_channel_width: 80
router_opts.check_route: FULL
router_opts.acc_fac: 1.000000
router_opts.bb_factor: 3
router_opts.bend_cost: 0.000000
router_opts.first_iter_pres_fac: 0.000000
router_opts.initial_pres_fac: 0.500000
router_opts.pres_fac_mult: 1.300000
router_opts.max_pres_fac: 1000.000000
router_opts.max_router_iterations: 50
router_opts.min_incremental_reroute_fanout: 16
router_opts.initial_acc_cost_chan_congestion_threshold: 0.500000
router_opts.initial_acc_cost_chan_congestion_weight: 0.500000
router_opts.do_check_rr_graph: true
router_opts.verify_binary_search: false
router_opts.min_channel_width_hint: 0
router_opts.read_rr_edge_metadata: false
router_opts.exit_after_first_routing_iteration: false
router_opts.astar_fac: 1.200000
router_opts.astar_offset: 0.000000
router_opts.router_profiler_astar_fac: 1.200000
router_opts.enable_parallel_connection_router: false
router_opts.post_target_prune_fac: 1.200000
router_opts.post_target_prune_offset: 0
router_opts.multi_queue_num_threads: 1
router_opts.multi_queue_num_queues: 2
router_opts.multi_queue_direct_draining: false
router_opts.criticality_exp: 1.000000
router_opts.max_criticality: 0.990000
router_opts.init_wirelength_abort_threshold: 0.850000
router_opts.incr_reroute_delay_ripup: AUTO
router_opts.save_routing_per_iteration: false
router_opts.congested_routing_iteration_threshold_frac: 1.000000
router_opts.high_fanout_threshold: 64
router_opts.router_debug_net: -2
router_opts.router_debug_sink_rr: -2
router_opts.router_debug_iteration: -2
router_opts.max_convergence_count: 1
router_opts.reconvergence_cpd_threshold: 0.990000
router_opts.update_lower_bound_delays: true
router_opts.first_iteration_timing_report_file: 
router_opts.route_bb_update: DYNAMIC
router_opts.lookahead_type: MAP
router_opts.initial_timing: LOOKAHEAD
router_opts.router_heap: FOUR_ARY_HEAP
router_opts.routing_failure_predictor = SAFE
router_opts.routing_predictor_min_history: 8
router_opts.routing_budgets_algorithm = DISABLE

analysis_opts.gen_post_synthesis_netlist: false
analysis_opts.gen_post_implementation_merged_netlist: false
analysis_opts.gen_post_implementation_sdc: false
analysis_opts.timing_report_npaths: 100
analysis_opts.timing_report_skew: false
analysis_opts.echo_dot_timing_graph_node: -1
analysis_opts.timing_report_detail: NETLIST
analysis_opts.post_synth_netlist_unconn_input_handling: UNCONNECTED
analysis_opts.post_synth_netlist_unconn_output_handling: UNCONNECTED
analysis_opts.post_synth_netlist_module_parameters: on

# Building complex block graph
# Building complex block graph took 0.10 seconds (max_rss 24.5 MiB, delta_rss +5.6 MiB)
Circuit file: /inspire/hdd/project/project-public/changshunjie-253114010247/changshunjie-253114010247/workspace/DAC2027/TailCompile/experiments/vtr/runs/pilot_v1/sha/full-seed1-w300/sha.pre-vpr.blif
# Load circuit
Found 3 constant generator(s) in the netlist (2 constant-zero, 1 constant-one) (run with --netlist_verbosity 2 to list names)
# Load circuit took 0.02 seconds (max_rss 28.2 MiB, delta_rss +3.7 MiB)
# Clean circuit
Absorbed 0 LUT buffers
Found 22 primitive output pin(s) driven only by constants; marked them as constants
Swept input(s)      : 0
Swept output(s)     : 0 (0 dangling, 0 constant)
Swept net(s)        : 22
Swept block(s)      : 0
Constant Pins Marked: 22
# Clean circuit took 0.00 seconds (max_rss 28.2 MiB, delta_rss +0.0 MiB)
# Compress circuit
# Compress circuit took 0.00 seconds (max_rss 28.2 MiB, delta_rss +0.0 MiB)
# Verify circuit
# Verify circuit took 0.00 seconds (max_rss 28.2 MiB, delta_rss +0.0 MiB)
Circuit Statistics:
  Blocks: 2491
    .input :      38
    .latch :     893
    .names :    1215
        0-LUT:       2
        1-LUT:       1
        2-LUT:      63
        3-LUT:     106
        4-LUT:      88
        5-LUT:     314
        6-LUT:     641
    .output:      36
    adder  :     309
  Nets  : 2742
    Avg Fanout:     3.3
    Max Fanout:   893.0
    Min Fanout:     1.0
  Netlist Clocks: 1
# Build Timing Graph
  Timing Graph Nodes: 11695
  Timing Graph Edges: 18725
  Timing Graph Levels: 84
# Build Timing Graph took 0.01 seconds (max_rss 31.6 MiB, delta_rss +3.1 MiB)
Netlist contains 1 clocks
  Netlist Clock 'clk_i' Fanout: 893 pins (7.6%), 893 blocks (35.8%)
# Load Timing Constraints

SDC file 'sha.pre-vpr.sdc' not found
Setting default timing constraints:
   * constrain all primary inputs and primary outputs on netlist clock 'clk_i'
   * optimize netlist clock to run as fast as possible
Timing constraints created 1 clocks
  Constrained Clock 'clk_i' Source: 'clk_i.inpad[0]'

# Load Timing Constraints took 0.00 seconds (max_rss 31.6 MiB, delta_rss +0.0 MiB)
# Analytical Placement
## Prepacker

There is one chain in this architecture called "chain" with the following starting points:
	clb[0]/lab[0]/fle[0]/ble5[0]/arithmetic[0]/adder[0].cin[0]

## Prepacker took 0.00 seconds (max_rss 31.9 MiB, delta_rss +0.3 MiB)
## Initializing Pre-Cluster Timing
Using inter-cluster delay: 2.1832e-09
## Initializing Pre-Cluster Timing took 0.19 seconds (max_rss 32.6 MiB, delta_rss +0.7 MiB)
## Estimate Device Size
Device layout 'auto' with fixed width 14.
FPGA sized to 14 x 14: 196 grid tiles (auto)
## Estimate Device Size took 0.00 seconds (max_rss 32.6 MiB, delta_rss +0.0 MiB)
## Ram Mapper
Flat Placement is provided, skipping the RAM mapping.
## Ram Mapper took 0.00 seconds (max_rss 32.6 MiB, delta_rss +0.0 MiB)
## Read Atom Netlist to AP Netlist
## Read Atom Netlist to AP Netlist took 0.01 seconds (max_rss 36.4 MiB, delta_rss +3.8 MiB)
Analytical Placement Netlist Statistics:
	AP Blocks: 1315
		Moveable AP Blocks: 1315
		Fixed AP Blocks: 0
	AP Nets: 1563
		Average Fanout: 4.51
		Highest Fanout: 194
	AP Pins: 11695

## Computing placement delta delay look-up
### Build routing resource graph
### Build routing resource graph took 0.09 seconds (max_rss 45.9 MiB, delta_rss +9.5 MiB)
  RR Graph Nodes: 31124
  RR Graph Edges: 189472
### Computing router lookahead map
#### Computing wire lookahead
#### Computing wire lookahead took 0.03 seconds (max_rss 46.2 MiB, delta_rss +0.3 MiB)
#### Computing src/opin lookahead
Warning 1: Found no more sample locations for SOURCE in io
Warning 2: Found no more sample locations for OPIN in io
Warning 3: Found no more sample locations for SOURCE in clb
Warning 4: Found no more sample locations for OPIN in clb
Warning 5: Found no more sample locations for SOURCE in dsp_top
Warning 6: Found no more sample locations for OPIN in dsp_top
Warning 7: Found no more sample locations for SOURCE in memory
Warning 8: Found no more sample locations for OPIN in memory
#### Computing src/opin lookahead took 0.00 seconds (max_rss 46.2 MiB, delta_rss +0.0 MiB)
### Computing router lookahead map took 0.04 seconds (max_rss 46.2 MiB, delta_rss +0.3 MiB)
Serial Connection Router is being destroyed. Time spent on path search: 0.000 seconds.
## Computing placement delta delay look-up took 0.13 seconds (max_rss 46.2 MiB, delta_rss +9.8 MiB)
Flat Placement is provided in the AP flow, skipping the Global Placement.
0 of 1315 molecules placed at device center (no atoms of these molecules found in flat placement).
## AP Full Legalizer
### Creating Clusters
Device (width, height): (14,14)
#### Sorting and Grouping Blocks by Tile
#### Sorting and Grouping Blocks by Tile took 0.00 seconds (max_rss 46.2 MiB, delta_rss +0.0 MiB)
#### Reconstruction Pass Clustering
#### Reconstruction Pass Clustering took 2.10 seconds (max_rss 49.9 MiB, delta_rss +3.8 MiB)
#### Orphan Window Clustering with search radius 8
#### Orphan Window Clustering with search radius 8 took 0.01 seconds (max_rss 49.9 MiB, delta_rss +0.0 MiB)
FPGA sized to 14 x 14: 196 grid tiles (auto)
Device Utilization: 0.62 (target 1.00)
	Block Utilization: 0.19 Type: io
	Block Utilization: 0.93 Type: clb

----------------------------------------------------------------
                       Clustering Summary                       
----------------------------------------------------------------
Clusters created (Self Clustering)                       : 185
    clb        : 111
    io         : 74
Clusters created (Orphan Window Clustering)              : 1
    clb        : 1
Total clusters                                           : 186
Percent of clusters created in Orphan Window Clustering  : 0.54%
Molecules clustered in each stage breakdown  : (Total of 1315)
	Self Clustering          (0.996958)  : 1311
 	Neighbor Clustering      (0.000000)  : 0
	Orphan Window Clustering (0.003042)  : 4
----------------------------------------------------------------

Final Clustering Statistics: 
----------   --------   ------------------------------------   --------------------------
Block Type   # Blocks   Avg. # of input clocks and pins used   Avg. # of output pins used
----------   --------   ------------------------------------   --------------------------
     EMPTY          0                                      0                            0   
        io         74                               0.486486                     0.513514   
       clb        112                                25.4196                      8.98214   
   dsp_top          0                                      0                            0   
    memory          0                                      0                            0   
Absorbed logical nets 1698 out of 2742 nets, 1044 nets not absorbed.
#### Load packing
##### Loading packed FPGA netlist file.
Netlist generated from file '/inspire/hdd/project/project-public/changshunjie-253114010247/changshunjie-253114010247/workspace/DAC2027/TailCompile/vtr_work/tailcompile_v3/sha/4x4/gnn_candidate-fpe44b4e28-flat-recon-annealer-seed12-w80-devw14/sha.locked-input.net'.
Detected 2 constant generators (to see names run with higher pack verbosity)
##### Loading packed FPGA netlist file. took 0.17 seconds (max_rss 62.9 MiB, delta_rss +6.9 MiB)
Warning 9: Treated 2 constant nets as global which will not be routed (to see net names increase packer verbosity).
Netlist contains 33 global net to non-global architecture pin connections
Completed clustering consistency check successfully.
Cluster level netlist and block usage statistics
Netlist num_nets: 1044
Netlist num_blocks: 186
Netlist EMPTY blocks: 0.
Netlist io blocks: 74.
Netlist clb blocks: 112.
Netlist dsp_top blocks: 0.
Netlist memory blocks: 0.
Netlist inputs pins: 38
Netlist output pins: 36

Pb types usage...
  io               : 74
   inpad           : 38
   outpad          : 36
  clb              : 112
   lab             : 112
    fle            : 1086
     ble5          : 882
      flut5        : 573
       lut5        : 573
        lut        : 573
       ff          : 353
      arithmetic   : 309
       adder       : 309
     ble6          : 642
      lut6         : 642
       lut         : 642
      ff           : 540

#### Load packing took 0.25 seconds (max_rss 97.6 MiB, delta_rss +41.6 MiB)
Netlist contains 33 global net to non-global architecture pin connections
Cluster level netlist and block usage statistics
Netlist num_nets: 1044
Netlist num_blocks: 186
Netlist EMPTY blocks: 0.
Netlist io blocks: 74.
Netlist clb blocks: 112.
Netlist dsp_top blocks: 0.
Netlist memory blocks: 0.
Netlist inputs pins: 38
Netlist output pins: 36
### Creating Clusters took 2.47 seconds (max_rss 97.6 MiB, delta_rss +51.4 MiB)
Completed clustering consistency check successfully.
FPGA sized to 14 x 14: 196 grid tiles (auto)
### Compressed grid construction
### Compressed grid construction took 0.00 seconds (max_rss 97.6 MiB, delta_rss +0.0 MiB)
### Initial Placement
Placing clusters that are part of larger macros...
Number of blocks to be placed: 18
Max distance on device: 28
---- ---------- ---------- -------------
Pass Max Displ. Num Blocks Num Blocks   
     Threshold  Placed     Left Unplaced
---- ---------- ---------- -------------
   0          0         10             8
   1          1          8             0

Placing general clusters...
Number of blocks to be placed: 168
Max distance on device: 28
---- ---------- ---------- -------------
Pass Max Displ. Num Blocks Num Blocks   
     Threshold  Placed     Left Unplaced
---- ---------- ---------- -------------
   0          0        158            10
   1          1          2             8
   2          2          2             6
   3          4          3             3
   4          8          3             0

### Initial Placement took 0.00 seconds (max_rss 97.6 MiB, delta_rss +0.0 MiB)
Flat Placement Reconstruction Info:
	Percent of clusters with reconstruction errors: 0.537634
	Total displacement of initial placement from flat placement: 1644.000000
	Average atom displacement of initial placement from flat placement: 0.659976
	Max atom displacement of initial placement from flat placement: 9.000000
	Percent of atoms misplaced from the flat placement: 23.926134
## AP Full Legalizer took 2.48 seconds (max_rss 97.6 MiB, delta_rss +51.4 MiB)

Resource usage...
	Netlist
		74	blocks of type: io
	Architecture
		384	blocks of type: io
	Netlist
		112	blocks of type: clb
	Architecture
		120	blocks of type: clb
	Netlist
		0	blocks of type: dsp_top
	Architecture
		3	blocks of type: dsp_top
	Netlist
		0	blocks of type: memory
	Architecture
		6	blocks of type: memory

Device Utilization: 0.62 (target 1.00)
	Physical Tile io:
	Block Utilization: 0.19 Logical Block: io
	Physical Tile clb:
	Block Utilization: 0.93 Logical Block: clb
	Physical Tile dsp_top:
	Block Utilization: 0.00 Logical Block: dsp_top
	Physical Tile memory:
	Block Utilization: 0.00 Logical Block: memory

## Computing placement delta delay look-up
RR graph channel widths unchanged, skipping RR graph rebuild
Serial Connection Router is being destroyed. Time spent on path search: 0.000 seconds.
## Computing placement delta delay look-up took 0.00 seconds (max_rss 97.8 MiB, delta_rss +0.0 MiB)
Using simple RL 'Softmax agent' for choosing move and block types

Completed placement consistency check successfully.
Initial placement cost: 1 bb_cost: 142.437 td_cost: 6.51176e-07
Initial placement BB estimate of wirelength: 11373.3
Initial placement estimated Critical Path Delay (CPD): 10.5152 ns
Initial placement estimated setup Total Negative Slack (sTNS): -2990.87 ns
Initial placement estimated setup Worst Negative Slack (sWNS): -10.5152 ns

Initial placement estimated setup slack histogram:
[ -1.1e-08: -9.5e-09)  16 (  1.7%) |*
[ -9.5e-09: -8.6e-09)  16 (  1.7%) |*
[ -8.6e-09: -7.6e-09)   0 (  0.0%) |
[ -7.6e-09: -6.6e-09)   0 (  0.0%) |
[ -6.6e-09: -5.6e-09)   0 (  0.0%) |
[ -5.6e-09: -4.6e-09)  41 (  4.4%) |***
[ -4.6e-09: -3.7e-09)  87 (  9.4%) |*******
[ -3.7e-09: -2.7e-09) 616 ( 66.3%) |***********************************************
[ -2.7e-09: -1.7e-09)  92 (  9.9%) |*******
[ -1.7e-09: -7.3e-10)  61 (  6.6%) |*****
Placement contains 9 placement macros involving 18 blocks (average macro size 2.000000)

Moves per temperature: 530
## AP Detailed Placer

---- ------ ------- ------- ---------- ---------- ------- ---------- -------- ------- ------- ------ -------- --------- ------
Tnum  Time     T    AvCost  Av BB Cost Av TD Cost   CPD      sTNS      sWNS   AcRate  StdDev  R lim  CritExp  TotMoves  Alpha 
     (sec)                                          (ns)     (ns)      (ns)                                                   
---- ------ ------- ------- ---------- ---------- ------- ---------- -------- ------- ------- ------ -------- --------- ------
   1    0.0 3.5e-03   1.024     137.33 6.2758e-07  10.830  -3.29e+03  -10.830   0.704  0.0079   13.0     1.00        530  1.000
   2    0.0 3.4e-03   1.006     141.83 6.431e-07   10.356  -3.08e+03  -10.356   0.694  0.0091   13.0     1.00       1060  0.950
   3    0.0 3.2e-03   0.972     136.06 6.7593e-07   9.933  -3.18e+03   -9.933   0.655  0.0113   13.0     1.00       1590  0.950
   4    0.0 3.0e-03   0.994     131.89 6.2704e-07  10.625  -3.21e+03  -10.625   0.651  0.0068   13.0     1.00       2120  0.950
   5    0.0 2.9e-03   0.994     134.28 6.3897e-07  10.329  -3.24e+03  -10.329   0.628  0.0144   13.0     1.00       2650  0.950
   6    0.0 2.7e-03   0.995     131.30 6.4213e-07  10.409   -3.2e+03  -10.409   0.649  0.0064   13.0     1.00       3180  0.950
   7    0.0 2.6e-03   1.003     132.17 6.5252e-07  10.264   -3.4e+03  -10.264   0.645  0.0093   13.0     1.00       3710  0.950
   8    0.0 2.5e-03   0.992     134.01 6.382e-07   10.463  -3.26e+03  -10.463   0.670  0.0046   13.0     1.00       4240  0.950
   9    0.0 2.4e-03   0.982     132.59 6.3259e-07  10.831  -3.36e+03  -10.831   0.625  0.0122   13.0     1.00       4770  0.950
  10    0.0 2.2e-03   0.983     133.79 6.3422e-07  10.568  -3.31e+03  -10.568   0.649  0.0078   13.0     1.00       5300  0.950
  11    0.0 2.1e-03   0.996     129.30 6.3753e-07  10.023  -3.12e+03  -10.023   0.606  0.0053   13.0     1.00       5830  0.950
  12    0.0 2.0e-03   1.000     129.76 6.3673e-07   9.946  -3.11e+03   -9.946   0.626  0.0060   13.0     1.00       6360  0.950
  13    0.0 1.9e-03   1.006     128.93 6.3003e-07   9.889  -2.99e+03   -9.889   0.562  0.0050   13.0     1.00       6890  0.950
  14    0.0 1.8e-03   1.011     128.30 6.3261e-07  10.111  -3.23e+03  -10.111   0.577  0.0095   13.0     1.00       7420  0.950
  15    0.0 1.7e-03   0.960     123.32 6.2045e-07  10.501  -3.18e+03  -10.501   0.589  0.0165   13.0     1.00       7950  0.950
  16    0.0 1.6e-03   1.000     121.24 6.1494e-07  10.334  -3.13e+03  -10.334   0.558  0.0053   13.0     1.00       8480  0.950
  17    0.0 1.6e-03   0.996     121.34 6.0713e-07  10.174     -3e+03  -10.174   0.575  0.0030   13.0     1.00       9010  0.950
  18    0.0 1.5e-03   0.995     123.05 6.221e-07    9.814  -2.91e+03   -9.814   0.591  0.0026   13.0     1.00       9540  0.950
  19    0.0 1.4e-03   0.995     122.61 6.2139e-07   9.786  -2.99e+03   -9.786   0.551  0.0065   13.0     1.00      10070  0.950
  20    0.0 1.3e-03   0.995     120.86 6.2043e-07  10.090  -3.18e+03  -10.090   0.521  0.0031   13.0     1.00      10600  0.950
  21    0.0 1.3e-03   0.986     116.84 6.2032e-07   9.869  -2.93e+03   -9.869   0.530  0.0070   13.0     1.00      11130  0.950
  22    0.0 1.2e-03   1.003     116.20 6.1735e-07   9.771  -2.92e+03   -9.771   0.504  0.0024   13.0     1.00      11660  0.950
  23    0.0 1.1e-03   1.003     118.28 6.1086e-07  10.055     -3e+03  -10.055   0.558  0.0046   13.0     1.00      12190  0.950
  24    0.0 1.1e-03   0.981     116.54 6.1425e-07   9.876  -2.97e+03   -9.876   0.536  0.0095   13.0     1.00      12720  0.950
  25    0.0 1.0e-03   1.005     115.45 6.1514e-07   9.902   -3.1e+03   -9.902   0.483  0.0021   13.0     1.00      13250  0.950
  26    0.0 9.8e-04   0.993     115.11 5.9295e-07  10.069  -2.98e+03  -10.069   0.494  0.0034   13.0     1.00      13780  0.950
  27    0.0 9.3e-04   0.994     114.11 5.9857e-07  10.014  -3.01e+03  -10.014   0.449  0.0037   13.0     1.00      14310  0.950
  28    0.0 8.9e-04   0.999     113.25 6.018e-07   10.047  -3.07e+03  -10.047   0.421  0.0021   13.0     1.00      14840  0.950
  29    0.0 8.4e-04   0.993     112.04 5.3002e-07   9.964  -3.06e+03   -9.964   0.458  0.0042   12.7     1.15      15370  0.950
  30    0.0 8.0e-04   0.995     110.52 5.9275e-07  10.115  -3.08e+03  -10.115   0.421  0.0049   13.0     1.01      15900  0.950
  31    0.0 7.6e-04   0.998     110.07 5.2283e-07   9.937  -3.12e+03   -9.937   0.432  0.0039   12.7     1.15      16430  0.950
  32    0.0 7.2e-04   0.994     109.18 4.9533e-07   9.891  -3.08e+03   -9.891   0.404  0.0047   12.6     1.21      16960  0.950
  33    0.0 6.9e-04   0.997     107.47 4.0087e-07   9.836  -3.06e+03   -9.836   0.432  0.0018   12.2     1.48      17490  0.950
  34    0.0 6.5e-04   0.998     107.65 3.9867e-07   9.431  -3.01e+03   -9.431   0.413  0.0039   12.1     1.54      18020  0.950
  35    0.0 6.2e-04   1.002     108.31 3.5069e-07   9.434  -3.05e+03   -9.434   0.415  0.0015   11.8     1.73      18550  0.950
  36    0.0 5.9e-04   0.995     107.35 3.198e-07    9.311  -3.04e+03   -9.311   0.385  0.0034   11.5     1.90      19080  0.950
  37    0.0 5.6e-04   0.998     105.51 2.6514e-07   9.286  -3.06e+03   -9.286   0.372  0.0012   10.8     2.26      19610  0.950
  38    0.0 5.3e-04   1.000     105.80 2.1942e-07   9.281     -3e+03   -9.281   0.370  0.0013   10.1     2.70      20140  0.950
  39    0.0 5.0e-04   1.002     106.45 1.9278e-07   9.278     -3e+03   -9.278   0.381  0.0015    9.4     3.11      20670  0.950
  40    0.0 4.8e-04   0.998     106.28 1.7974e-07   9.238  -3.01e+03   -9.238   0.374  0.0020    8.8     3.43      21200  0.950
  41    0.0 4.6e-04   0.994     105.57 1.6096e-07   9.457  -2.92e+03   -9.457   0.332  0.0037    8.2     3.77      21730  0.950
  42    0.0 4.3e-04   0.997     104.54 1.4312e-07   9.484  -2.94e+03   -9.484   0.383  0.0013    7.4     4.29      22260  0.950
  43    0.0 4.1e-04   0.997     104.19 1.3822e-07   9.484  -3.01e+03   -9.484   0.343  0.0012    6.9     4.54      22790  0.950
  44    0.0 3.9e-04   0.996     103.38 1.3861e-07   9.355  -2.99e+03   -9.355   0.311  0.0024    6.3     4.93      23320  0.950
  45    0.0 3.7e-04   0.998     102.81 1.353e-07    9.251  -2.88e+03   -9.251   0.340  0.0013    5.5     5.40      23850  0.950
  46    0.0 3.5e-04   0.998     102.18 1.322e-07    9.251  -2.95e+03   -9.251   0.308  0.0027    4.9     5.72      24380  0.950
  47    0.0 3.3e-04   1.000     101.64 1.253e-07    9.417  -3.01e+03   -9.417   0.304  0.0010    4.3     6.10      24910  0.950
  48    0.0 3.2e-04   0.997     101.04 1.2267e-07   9.417  -3.01e+03   -9.417   0.300  0.0013    3.7     6.44      25440  0.950
  49    0.0 3.0e-04   0.998     100.66 1.207e-07    9.417  -3.01e+03   -9.417   0.289  0.0011    3.2     6.74      25970  0.950
  50    0.0 2.9e-04   0.997     100.15 1.1953e-07   9.417     -3e+03   -9.417   0.309  0.0015    2.7     7.02      26500  0.950
  51    0.0 2.7e-04   0.997      99.13 1.1671e-07   9.443  -2.94e+03   -9.443   0.289  0.0015    2.3     7.22      27030  0.950
  52    0.0 2.6e-04   0.995      98.19 1.1585e-07   9.443  -2.95e+03   -9.443   0.264  0.0028    2.0     7.43      27560  0.950
  53    0.0 2.5e-04   0.998      97.56 1.1664e-07   9.440  -2.96e+03   -9.440   0.326  0.0011    1.6     7.63      28090  0.950
  54    0.0 2.3e-04   0.999      96.86 1.1791e-07   9.338  -2.98e+03   -9.338   0.330  0.0009    1.4     7.74      28620  0.950
  55    0.0 2.2e-04   0.999      96.75 1.1509e-07   9.479  -2.97e+03   -9.479   0.315  0.0012    1.3     7.83      29150  0.950
  56    0.0 2.1e-04   0.999      96.54 1.1693e-07   9.277  -2.98e+03   -9.277   0.277  0.0010    1.1     7.93      29680  0.950
  57    0.0 2.0e-04   1.000      96.22 1.1616e-07   9.296  -2.98e+03   -9.296   0.270  0.0018    1.0     8.00      30210  0.950
  58    0.0 1.9e-04   0.999      95.70 1.1799e-07   9.235  -2.97e+03   -9.235   0.294  0.0011    1.0     8.00      30740  0.950
  59    0.0 1.8e-04   1.001      95.90 1.1658e-07   9.277  -2.91e+03   -9.277   0.262  0.0005    1.0     8.00      31270  0.950
  60    0.0 1.7e-04   1.000      95.84 1.1791e-07   9.235  -2.96e+03   -9.235   0.287  0.0004    1.0     8.00      31800  0.950
  61    0.0 1.6e-04   1.000      96.06 1.1739e-07   9.235  -2.96e+03   -9.235   0.232  0.0007    1.0     8.00      32330  0.950
  62    0.0 1.6e-04   0.998      95.74 1.1748e-07   9.278  -2.98e+03   -9.278   0.253  0.0010    1.0     8.00      32860  0.950
  63    0.0 1.5e-04   1.001      95.92 1.1803e-07   9.320  -2.97e+03   -9.320   0.292  0.0006    1.0     8.00      33390  0.950
  64    0.0 1.4e-04   0.999      95.81 1.1767e-07   9.235  -3.02e+03   -9.235   0.255  0.0010    1.0     8.00      33920  0.950
  65    0.0 1.3e-04   1.000      95.67 1.1841e-07   9.281  -3.02e+03   -9.281   0.266  0.0002    1.0     8.00      34450  0.950
  66    0.0 1.3e-04   0.999      95.59 1.1818e-07   9.277  -2.99e+03   -9.277   0.238  0.0009    1.0     8.00      34980  0.950
  67    0.0 1.2e-04   1.000      95.33 1.1815e-07   9.277  -2.95e+03   -9.277   0.217  0.0004    1.0     8.00      35510  0.950
  68    0.0 1.1e-04   1.000      95.25 1.1726e-07   9.320  -2.96e+03   -9.320   0.196  0.0004    1.0     8.00      36040  0.950
  69    0.0 1.1e-04   1.000      95.23 1.1831e-07   9.277  -2.98e+03   -9.277   0.149  0.0006    1.0     8.00      36570  0.950
Agent's 2nd state: 
  70    0.0 8.7e-05   0.999      95.15 1.183e-07    9.277  -2.98e+03   -9.277   0.149  0.0006    1.0     8.00      37100  0.800
Checkpoint saved: bb_costs=94.9793, TD costs=1.18147e-07, CPD=  9.281 (ns) 
  71    0.0 6.9e-05   0.999      94.82 1.1818e-07   9.281  -2.98e+03   -9.281   0.108  0.0009    1.0     8.00      37630  0.800
  72    0.0 5.5e-05   1.000      94.68 1.1808e-07   9.281  -2.97e+03   -9.281   0.092  0.0002    1.0     8.00      38160  0.800
  73    0.0 4.4e-05   0.999      94.62 1.1695e-07   9.320  -2.98e+03   -9.320   0.074  0.0004    1.0     8.00      38690  0.800
  74    0.0 3.6e-05   1.000      94.63 1.1653e-07   9.320  -2.98e+03   -9.320   0.089  0.0004    1.0     8.00      39220  0.800
  75    0.0 2.8e-05   1.000      94.46 1.1639e-07   9.320  -2.98e+03   -9.320   0.064  0.0001    1.0     8.00      39750  0.800
  76    0.0 2.3e-05   1.000      94.41 1.1657e-07   9.320  -2.98e+03   -9.320   0.040  0.0000    1.0     8.00      40280  0.800
  77    0.0 1.8e-05   1.000      94.42 1.165e-07    9.320  -2.98e+03   -9.320   0.066  0.0001    1.0     8.00      40810  0.800
  78    0.0 1.5e-05   1.000      94.30 1.1643e-07   9.320  -2.97e+03   -9.320   0.053  0.0001    1.0     8.00      41340  0.800
  79    0.0 1.2e-05   1.000      94.33 1.1648e-07   9.320  -2.97e+03   -9.320   0.045  0.0000    1.0     8.00      41870  0.800
  80    0.0 9.3e-06   1.000      94.26 1.1637e-07   9.320  -2.97e+03   -9.320   0.042  0.0001    1.0     8.00      42400  0.800
  81    0.0 7.4e-06   1.000      94.23 1.1633e-07   9.320  -2.97e+03   -9.320   0.047  0.0000    1.0     8.00      42930  0.800
  82    0.0 6.0e-06   1.000      94.22 1.1633e-07   9.320  -2.97e+03   -9.320   0.034  0.0000    1.0     8.00      43460  0.800
  83    0.0 0.0e+00   1.000      94.21 1.1633e-07   9.320  -2.97e+03   -9.320   0.026  0.0000    1.0     8.00      43990  0.800
### Placement Quench took 0.01 seconds (max_rss 98.9 MiB)
post-quench CPD = 9.31953 (ns) 

Checkpoint restored

Completed placement consistency check successfully.

Swaps called: 44176

Aborted Move Reasons:
  duplicate block move to location: 12
  macro move to location illegal: 6
  macro_from swap to location illegal: 372

BB estimate of min-dist (placement) wire length: 7567

Placement estimated critical path delay (least slack): 9.28144 ns, Fmax: 107.742 MHz
Placement estimated critical path skew: -0.04243 ns
Placement estimated setup Worst Negative Slack (sWNS): -9.28144 ns
Placement estimated setup Total Negative Slack (sTNS): -2978.98 ns
Placement estimated setup Worst Skew (sWS): -0.04243 ns

Placement estimated setup slack histogram:
[ -9.3e-09: -8.4e-09)  16 (  1.7%) |*
[ -8.4e-09: -7.6e-09)  16 (  1.7%) |*
[ -7.6e-09: -6.7e-09)   0 (  0.0%) |
[ -6.7e-09: -5.8e-09)   0 (  0.0%) |
[ -5.8e-09:   -5e-09)   0 (  0.0%) |
[   -5e-09: -4.1e-09) 128 ( 13.8%) |**********
[ -4.1e-09: -3.3e-09)  36 (  3.9%) |***
[ -3.3e-09: -2.4e-09) 607 ( 65.3%) |***********************************************
[ -2.4e-09: -1.6e-09)  79 (  8.5%) |******
[ -1.6e-09:   -7e-10)  47 (  5.1%) |****

Placement estimated geomean non-virtual intra-domain period: 9.28144 ns (107.742 MHz)
Placement estimated fanout-weighted geomean non-virtual intra-domain period: 9.28144 ns (107.742 MHz)

Placement cost: 1, bb_cost: 94.9793, td_cost: 1.18147e-07, 

Placement resource usage:
  io  implemented as io : 74
  clb implemented as clb: 112

Placement number of temperatures: 83
Placement total # of swap attempts: 44176
	Swaps accepted: 16140 (36.5 %)
	Swaps rejected: 27342 (61.9 %)
	Swaps aborted:   694 ( 1.6 %)


Placement perturbation distribution by block and move type: 
------------------ ----------------- ---------------- ---------------- --------------- ------------ 
    Block Type         Move Type       (%) of Total      Accepted(%)     Rejected(%)    Aborted(%)
------------------ ----------------- ---------------- ---------------- --------------- ------------ 
io                 Uniform                9.59             62.43           37.57          0.00         
                   Median                 9.04             62.48           31.93          5.58         
                   Centroid               8.98             65.59           34.36          0.05         
                   W. Centroid            9.26             66.12           33.83          0.05         
                   W. Median              0.94             16.55           77.22          6.24         

clb                Uniform                14.93            17.48           80.90          1.62         
                   Median                 13.98            27.24           70.81          1.94         
                   Centroid               13.48            22.54           75.93          1.53         
                   W. Centroid            14.09            22.87           75.60          1.53         
                   W. Median              1.37             3.14            93.40          3.47         
                   Crit. Uniform          2.18             0.10            99.90          0.00         
                   Feasible Region        2.16             0.32            98.95          0.74         


Placement Quench timing analysis took 0.00365084 seconds (0.00330394 STA, 0.000346901 slack) (1 full updates: 1 setup, 0 hold, 0 combined).
Placement Total  timing analysis took 0.355853 seconds (0.318983 STA, 0.0368696 slack) (86 full updates: 86 setup, 0 hold, 0 combined).
update_td_costs: connections 0.00194212 nets 0 sum_nets 0.00116919 total 0.00317573
## AP Detailed Placer took 0.80 seconds (max_rss 99.2 MiB, delta_rss +0.2 MiB)
Incr Slack updates 86 in 0.0100129 sec
Full Max Req/Worst Slack updates 41 in 0.00110474 sec
Incr Max Req/Worst Slack updates 45 in 0.00152636 sec
Incr Criticality updates 19 in 0.0042714 sec
Full Criticality updates 67 in 0.0166557 sec
Incr Slack updates 1 in 9.6334e-05 sec
Full Max Req/Worst Slack updates 1 in 3.3428e-05 sec
Incr Max Req/Worst Slack updates 0 in 0 sec
Incr Criticality updates 0 in 0 sec
Full Criticality updates 1 in 0.00025507 sec
# Analytical Placement took 3.69 seconds (max_rss 99.3 MiB, delta_rss +67.7 MiB)


# Routing
RR graph channel widths unchanged, skipping RR graph rebuild
## Initializing router criticalities
Initial Net Connection Criticality Histogram:
[        0:      0.1) 251 (  8.7%) |**************
[      0.1:      0.2) 797 ( 27.6%) |*********************************************
[      0.2:      0.3) 540 ( 18.7%) |*******************************
[      0.3:      0.4) 824 ( 28.6%) |***********************************************
[      0.4:      0.5)  64 (  2.2%) |****
[      0.5:      0.6)  61 (  2.1%) |***
[      0.6:      0.7)  59 (  2.0%) |***
[      0.7:      0.8)  34 (  1.2%) |**
[      0.8:      0.9)  54 (  1.9%) |***
[      0.9:        1) 199 (  6.9%) |***********
## Initializing router criticalities took 0.05 seconds (max_rss 99.3 MiB, delta_rss +0.0 MiB)
---- ------ ------- ---- ------- ------- ------- ----------------- --------------- -------- ---------- ---------- ---------- ---------- --------
Iter   Time    pres  BBs    Heap  Re-Rtd  Re-Rtd Overused RR Nodes      Wirelength      CPD       sTNS       sWNS       hTNS       hWNS Est Succ
      (sec)     fac Updt    push    Nets   Conns                                       (ns)       (ns)       (ns)       (ns)       (ns)     Iter
---- ------ ------- ---- ------- ------- ------- ----------------- --------------- -------- ---------- ---------- ---------- ---------- --------
   1    0.0     0.0    0  104489    1041    2751    1177 ( 3.782%)   12129 (48.6%)    9.678     -3161.     -9.678      0.000      0.000      N/A
   2    0.0     0.5    0  102554     844    2401     942 ( 3.027%)   12147 (48.7%)    9.678     -3102.     -9.678      0.000      0.000      N/A
   3    0.0     0.6    0  102025     727    2026     842 ( 2.705%)   12633 (50.6%)    9.678     -3202.     -9.678      0.000      0.000      N/A
   4    0.0     0.8    0  106116     684    1812     733 ( 2.355%)   13195 (52.9%)    9.678     -3241.     -9.678      0.000      0.000      N/A
   5    0.0     1.1    0  107226     608    1722     627 ( 2.015%)   13332 (53.4%)    9.678     -3343.     -9.678      0.000      0.000      N/A
   6    0.0     1.4    0  106774     561    1547     536 ( 1.722%)   13656 (54.7%)    9.678     -3247.     -9.678      0.000      0.000      N/A
   7    0.0     1.9    0  104848     504    1277     444 ( 1.427%)   13975 (56.0%)    9.678     -3300.     -9.678      0.000      0.000      N/A
   8    0.0     2.4    0   99788     423     992     349 ( 1.121%)   14484 (58.0%)    9.687     -3312.     -9.687      0.000      0.000      N/A
   9    0.0     3.1    0  115881     395    1162     337 ( 1.083%)   14770 (59.2%)    9.678     -3329.     -9.678      0.000      0.000       44
  10    0.0     4.1    0  116329     354    1055     257 ( 0.826%)   15060 (60.3%)    9.678     -3384.     -9.678      0.000      0.000       42
  11    0.0     5.3    0  108202     287     695     212 ( 0.681%)   15440 (61.9%)    9.886     -3382.     -9.886      0.000      0.000       41
  12    0.0     6.9    0   99401     264     557     189 ( 0.607%)   15845 (63.5%)    9.886     -3410.     -9.886      0.000      0.000       42
  13    0.0     9.0    0  132700     241     513     160 ( 0.514%)   16041 (64.3%)   10.269     -3419.    -10.269      0.000      0.000       43
  14    0.0    11.6    0  113441     213     442     148 ( 0.476%)   16346 (65.5%)    9.687     -3423.     -9.687      0.000      0.000       46
  15    0.0    15.1    0  144672     202     444     125 ( 0.402%)   16753 (67.1%)    9.895     -3448.     -9.895      0.000      0.000       46
  16    0.0    19.7    0  124182     195     392     117 ( 0.376%)   16839 (67.5%)   10.094     -3466.    -10.094      0.000      0.000       48
  17    0.0    25.6    0  100748     177     341     102 ( 0.328%)   17243 (69.1%)    9.958     -3485.     -9.958      0.000      0.000       50
  18    0.0    33.3    0  119413     169     355      95 ( 0.305%)   17444 (69.9%)   10.292     -3497.    -10.292      0.000      0.000       55
  19    0.0    43.3    0  134593     168     323     102 ( 0.328%)   17583 (70.4%)   10.719     -3505.    -10.719      0.000      0.000       60
  20    0.0    56.2    0  121484     161     334      90 ( 0.289%)   17881 (71.6%)   10.790     -3531.    -10.790      0.000      0.000       66
  21    0.0    73.1    0  133838     145     296      85 ( 0.273%)   18039 (72.3%)   10.904     -3575.    -10.904      0.000      0.000       69
  22    0.0    95.0    0  110840     141     286      74 ( 0.238%)   17999 (72.1%)   11.446     -3543.    -11.446      0.000      0.000       73
  23    0.0   123.5    0  111756     142     272      73 ( 0.235%)   18286 (73.3%)   11.128     -4088.    -11.128      0.000      0.000       75
  24    0.0   160.6    0  124775     125     283      62 ( 0.199%)   18427 (73.8%)   10.925     -3652.    -10.925      0.000      0.000       77
  25    0.0   208.8    0  119954     119     251      56 ( 0.180%)   18523 (74.2%)   11.251     -4091.    -11.251      0.000      0.000       76
  26    0.0   271.4    0  125092     121     246      60 ( 0.193%)   18642 (74.7%)   11.621     -3632.    -11.621      0.000      0.000       80
  27    0.0   352.8    0  105463     106     225      50 ( 0.161%)   18756 (75.1%)   11.648     -3652.    -11.648      0.000      0.000       79
  28    0.0   458.7    0   98319     103     225      41 ( 0.132%)   18691 (74.9%)   11.648     -3670.    -11.648      0.000      0.000       77
  29    0.0   596.3    0   94365      90     176      32 ( 0.103%)   18688 (74.9%)   11.648     -3649.    -11.648      0.000      0.000       72
  30    0.0   775.1    0   68351      82     143      34 ( 0.109%)   18712 (75.0%)   11.648     -3654.    -11.648      0.000      0.000       70
  31    0.0  1000.0    0   92076      79     155      36 ( 0.116%)   18823 (75.4%)   12.819     -3674.    -12.819      0.000      0.000       71
  32    0.0  1000.0    0  110110      82     163      37 ( 0.119%)   18867 (75.6%)   12.793     -3674.    -12.793      0.000      0.000       73
  33    0.0  1000.0    0  104308      79     173      42 ( 0.135%)   18863 (75.6%)   12.793     -3671.    -12.793      0.000      0.000       78
  34    0.0  1000.0    0  163130      91     205      40 ( 0.129%)   18949 (75.9%)   12.793     -3688.    -12.793      0.000      0.000       82
  35    0.0  1000.0    0  136728      77     169      38 ( 0.122%)   19053 (76.3%)   12.793     -3697.    -12.793      0.000      0.000       86
  36    0.0  1000.0    0  101576      73     145      35 ( 0.112%)   19032 (76.2%)   12.793     -3701.    -12.793      0.000      0.000       89
  37    0.0  1000.0    0  119642      73     136      30 ( 0.096%)   19066 (76.4%)   14.598     -3736.    -14.598      0.000      0.000       91
  38    0.0  1000.0    0   98219      64     137      27 ( 0.087%)   18984 (76.1%)   12.793     -3685.    -12.793      0.000      0.000       93
  39    0.0  1000.0    0  110066      61     136      28 ( 0.090%)   19054 (76.3%)   13.556     -3685.    -13.556      0.000      0.000       95
  40    0.0  1000.0    0  113750      56      99      28 ( 0.090%)   19082 (76.5%)   12.793     -3666.    -12.793      0.000      0.000      100
  41    0.0  1000.0    0   87701      64     118      27 ( 0.087%)   19049 (76.3%)   12.793     -3660.    -12.793      0.000      0.000      102
  42    0.0  1000.0    0   82251      62     109      25 ( 0.080%)   19048 (76.3%)   12.793     -3687.    -12.793      0.000      0.000      106
  43    0.0  1000.0    0   84148      71     145      26 ( 0.084%)   19043 (76.3%)   12.793     -3677.    -12.793      0.000      0.000      109
  44    0.0  1000.0    0   84355      65     117      25 ( 0.080%)   19053 (76.3%)   12.793     -3689.    -12.793      0.000      0.000      114
  45    0.0  1000.0    0  107281      70     139      32 ( 0.103%)   19335 (77.5%)   12.793     -3668.    -12.793      0.000      0.000      123
  46    0.0  1000.0    0  104372      67     124      32 ( 0.103%)   19295 (77.3%)   13.150     -3697.    -13.150      0.000      0.000      140
  47    0.0  1000.0    0  118258      72     149      32 ( 0.103%)   19265 (77.2%)   12.793     -3674.    -12.793      0.000      0.000      151
  48    0.0  1000.0    0  102596      68     120      27 ( 0.087%)   19344 (77.5%)   13.150     -3689.    -13.150      0.000      0.000      166
  49    0.0  1000.0    0  105497      70     136      31 ( 0.100%)   19388 (77.7%)   13.150     -3679.    -13.150      0.000      0.000      179
  50    0.0  1000.0    0   87746      73     133      29 ( 0.093%)   19294 (77.3%)   12.793     -3663.    -12.793      0.000      0.000      202
Routing failed.

Failed routing attempt
Total number of overused nodes: 29
Total number of overused nodes is larger than the logging limit (20).
Displaying the first 20 entries.
Routing Failure Diagnostics: Printing Overused Nodes Information
------ ------- ---------- --------- -------- ------------ ------- ------- ------- ------- ------- ------- -------
   No.  NodeId  Occupancy  Capacity  RR Node    Direction    Side     PTC   Block    Xlow    Ylow   Xhigh   Yhigh
                                        type                          NUM    Name                                 
------ ------- ---------- --------- -------- ------------ ------- ------- ------- ------- ------- ------- -------
     0    4410          2         1     IPIN          N/A   RIGHT      37     clb       3       4       3       4
     1    6443          2         1     IPIN          N/A     TOP      24     clb       4       5       4       5
     2    7771          2         1     IPIN          N/A     TOP      56     clb       5       1       5       1
     3    8040          2         1     IPIN          N/A   RIGHT      25     clb       5       3       5       3
     4   12075          2         1     IPIN          N/A     TOP      52     clb       7       1       7       1
     5   12203          2         1     IPIN          N/A  BOTTOM      30     clb       7       2       7       2
     6   12358          2         1     IPIN          N/A    LEFT      35     clb       7       3       7       3
     7   12530          2         1     IPIN          N/A   RIGHT      57     clb       7       4       7       4
     8   14248          2         1     IPIN          N/A   RIGHT      29     clb       8       3       8       3
     9   14265          2         1     IPIN          N/A  BOTTOM      46     clb       8       3       8       3
    10   14384          2         1     IPIN          N/A    LEFT      15     clb       8       4       8       4
    11   14689          2         1     IPIN          N/A     TOP      20     clb       8       6       8       6
    12   18026          2         1     IPIN          N/A    LEFT      15     clb      10       3      10       3
    13   18049          2         1     IPIN          N/A  BOTTOM      38     clb      10       3      10       3
    14   18058          2         1     IPIN          N/A    LEFT      47     clb      10       3      10       3
    15   18181          2         1     IPIN          N/A     TOP      20     clb      10       4      10       4
    16   20082          2         1     IPIN          N/A   RIGHT      25     clb      11       4      11       4
    17   24714          2         1    CHANX      INC_DIR     N/A      26     clb      12       2      12       2
    18   24722          2         1    CHANX      INC_DIR     N/A      58     clb      12       2      12       2
    19   24814          2         1    CHANX      INC_DIR     N/A      32  memory       2       3       5       3

Final Net Connection Criticality Histogram:
[        0:      0.1) 506 ( 17.6%) |******************************
[      0.1:      0.2) 631 ( 21.9%) |**************************************
[      0.2:      0.3) 780 ( 27.1%) |***********************************************
[      0.3:      0.4) 396 ( 13.7%) |************************
[      0.4:      0.5) 161 (  5.6%) |**********
[      0.5:      0.6)  63 (  2.2%) |****
[      0.6:      0.7)  64 (  2.2%) |****
[      0.7:      0.8)  68 (  2.4%) |****
[      0.8:      0.9) 126 (  4.4%) |********
[      0.9:        1)  88 (  3.1%) |*****
Router Stats: total_nets_routed: 10809 total_connections_routed: 26352 total_heap_pushes: 5471429 total_heap_pops: 2097354 
Serial Connection Router is being destroyed. Time spent on path search: 1.021 seconds.
# Routing took 1.61 seconds (max_rss 99.3 MiB, delta_rss +0.0 MiB)
Circuit is unroutable with a channel width factor of 80.
For a detailed report on the RR node overuse information (report_overused_nodes.rpt), specify --generate_rr_node_overuse_report on.
Incr Slack updates 51 in 0.00505387 sec
Full Max Req/Worst Slack updates 13 in 0.000358198 sec
Incr Max Req/Worst Slack updates 38 in 0.00134901 sec
Incr Criticality updates 20 in 0.00442831 sec
Full Criticality updates 31 in 0.00803172 sec

*****************************************************************************************
Warning 10: The following analysis results are for an illegal circuit implementation
*****************************************************************************************
Warning 11: Synchronization between packing and routing results was not applied due to illegal circuit implementation


Average number of bends per net: 2.67819  Maximum # of bends: 49

Number of global nets: 3
Number of routed nets (nonglobal): 1041
Wire length results (in units of 1 clb segments)...
	Total wirelength: 19294, average net length: 18.5341
	Maximum net length: 474

Wire length results in terms of physical segments...
	Total wiring segments used: 5305, average wire segments per net: 5.09606
	Maximum segments used by a net: 121
	Total local nets with reserved CLB opins: 0
Total number of nets absorbed: 9

Routing channel utilization histogram:
[        1:      inf)   0 (  0.0%) |
[      0.9:        1)  58 ( 17.2%) |***********************
[      0.8:      0.9)  90 ( 26.6%) |************************************
[      0.7:      0.8) 119 ( 35.2%) |***********************************************
[      0.5:      0.6)  35 ( 10.4%) |**************
[      0.4:      0.5)   8 (  2.4%) |***
[      0.3:      0.4)   2 (  0.6%) |*
[      0.2:      0.3)   0 (  0.0%) |
[      0.1:      0.2)   0 (  0.0%) |
[        0:      0.1)  26 (  7.7%) |**********
Maximum routing channel utilization:         1 at (7,0)

X - Directed channels: layer   y   max occ   ave occ   ave cap
                        ----- ---- -------- -------- --------
                            0    0       80   75.250       80
                            0    1       79   69.750       80
                            0    2       78   68.083       80
                            0    3       77   69.500       80
                            0    4       75   65.583       80
                            0    5       76   66.750       80
                            0    6       71   62.667       80
                            0    7       70   61.583       80
                            0    8       69   59.250       80
                            0    9       64   55.167       80
                            0   10       54   47.167       80
                            0   11       50   45.417       80
                            0   12       75   66.417       80
Y - Directed channels: layer   x   max occ   ave occ   ave cap
                        ----- ---- -------- -------- --------
                            0    0       78   68.000       80
                            0    1       64   51.667       80
                            0    2       67   54.667       80
                            0    3       74   60.000       80
                            0    4       75   64.750       80
                            0    5       72   59.083       80
                            0    6       71   56.833       80
                            0    7       71   62.917       80
                            0    8       67   59.583       80
                            0    9       75   61.333       80
                            0   10       75   65.667       80
                            0   11       73   60.833       80
                            0   12       77   69.917       80

Total existing wires segments: CHANX     12480, CHANY     12480, CHANZ         0, ALL     24960
Total used wires segments:     CHANX      9751, CHANY      9543, CHANZ         0, ALL     19294
Usage percentage:              CHANX     78.1%, CHANY     76.5%, CHANZ      0.0%, ALL     77.3%

Logic area (in minimum width transistor areas, excludes I/Os and empty grid tiles)...
	Total logic block area (Warning, need to add pitch of routing to blocks with height > 3): 4.93594e+06
	Total used logic block area: 3.12536e+06

Routing area (in minimum width transistor areas)...
	Total routing area: 1.20987e+06, per logic tile: 6172.79

Total Number of Wiring Segments by Direction: direction length number
                                              --------- ------ -------
                                                      X      4   3412
                                                      Y      4   3412
                                                      X     16    210
                                                      Y     16    210

X - Directed Wiring Segment usage by length: length utilization
                                             ------ -----------
                                             4       0.743
                                            16       0.676

Y - Directed Wiring Segment usage by length: length utilization
                                             ------ -----------
                                             4       0.731
                                            16       0.638

Segment occupancy by length: Length Occupancy Capacity Utilization
                             ------ --------- -------- -----------
                             L4          5029     6824       0.737
                             L16          276      420       0.657

Segment occupancy by type: name type utilization
                           ---- ---- -----------
                             L4    0       0.737
                            L16    1       0.657

Final hold Worst Negative Slack (hWNS): 0 ns
Final hold Total Negative Slack (hTNS): 0 ns
Final hold Worst Skew (hWS): 0 ns

Final hold slack histogram:
[  1.9e-10:  4.9e-10) 830 ( 89.3%) |***********************************************
[  4.9e-10:  7.8e-10)  45 (  4.8%) |***
[  7.8e-10:  1.1e-09)  27 (  2.9%) |**
[  1.1e-09:  1.4e-09)  16 (  1.7%) |*
[  1.4e-09:  1.6e-09)   7 (  0.8%) |
[  1.6e-09:  1.9e-09)   2 (  0.2%) |
[  1.9e-09:  2.2e-09)   1 (  0.1%) |
[  2.2e-09:  2.5e-09)   0 (  0.0%) |
[  2.5e-09:  2.8e-09)   0 (  0.0%) |
[  2.8e-09:  3.1e-09)   1 (  0.1%) |

Final critical path delay (least slack): 12.7929 ns, Fmax: 78.1684 MHz
Final critical path skew: -0.04243 ns
Final setup Worst Negative Slack (sWNS): -12.7929 ns
Final setup Total Negative Slack (sTNS): -3663.19 ns
Final setup Worst Skew (sWS): -0.04243 ns

Final setup slack histogram:
[ -1.3e-08: -1.2e-08)   4 (  0.4%) |
[ -1.2e-08:   -1e-08)  18 (  1.9%) |**
[   -1e-08: -9.1e-09)   5 (  0.5%) |
[ -9.1e-09: -7.9e-09)   5 (  0.5%) |
[ -7.9e-09: -6.6e-09)   7 (  0.8%) |*
[ -6.6e-09: -5.4e-09)  75 (  8.1%) |*******
[ -5.4e-09: -4.2e-09) 172 ( 18.5%) |****************
[ -4.2e-09:   -3e-09) 515 ( 55.4%) |***********************************************
[   -3e-09: -1.7e-09)  95 ( 10.2%) |*********
[ -1.7e-09: -4.9e-10)  33 (  3.6%) |***

Final geomean non-virtual intra-domain period: 12.7929 ns (78.1684 MHz)
Final fanout-weighted geomean non-virtual intra-domain period: 12.7929 ns (78.1684 MHz)

Incr Slack updates 1 in 9.4565e-05 sec
Full Max Req/Worst Slack updates 1 in 2.7057e-05 sec
Incr Max Req/Worst Slack updates 0 in 0 sec
Incr Criticality updates 0 in 0 sec
Full Criticality updates 1 in 0.000263746 sec
VPR failed to implement circuit
The entire flow of VPR took 5.61 seconds (max_rss 99.3 MiB)

