VPR FPGA Placement and Routing.
Version: 9.0.0-dev+v8.0.0-18248-g40f8d19708
Revision: v8.0.0-18248-g40f8d19708
Compiled: 2026-09-22T03:43:48
Compiler: GNU 13.3.0 on Linux-5.15.0-119-generic x86_64
Build Info: release IPO VTR_ASSERT_LEVEL=2

University of Toronto
verilogtorouting.org
vtr-users@googlegroups.com
This is free open source code under MIT license.

VPR was run with the following command-line:
/inspire/hdd/project/project-public/changshunjie-253114010247/changshunjie-253114010247/workspace/DAC2027/vtr/vtr-verilog-to-routing/vpr/vpr /inspire/hdd/project/project-public/changshunjie-253114010247/changshunjie-253114010247/workspace/DAC2027/vtr/vtr-verilog-to-routing/vtr_flow/arch/COFFE_22nm/k6FracN10LB_mem20K_complexDSP_customSB_22nm.xml /inspire/hdd/project/project-public/changshunjie-253114010247/changshunjie-253114010247/workspace/DAC2027/TailCompile/experiments/vtr/runs/pilot_v1/sha/full-seed1-w300/sha.pre-vpr.blif --analytical_place --route --analysis --ap_full_legalizer flat-recon --ap_detailed_placer annealer --seed 12 --route_chan_width 80 --write_flat_place /inspire/hdd/project/project-public/changshunjie-253114010247/changshunjie-253114010247/workspace/DAC2027/TailCompile/vtr_work/tailcompile_v3/sha/4x4/gnn_candidate-fp14432904-flat-recon-annealer-seed12-w80-devw14/post_route.fplace --write_legalized_flat_place /inspire/hdd/project/project-public/changshunjie-253114010247/changshunjie-253114010247/workspace/DAC2027/TailCompile/vtr_work/tailcompile_v3/sha/4x4/gnn_candidate-fp14432904-flat-recon-annealer-seed12-w80-devw14/post_legalizer.fplace --flat_place_verbosity 1 --device_width 14 --net_file /inspire/hdd/project/project-public/changshunjie-253114010247/changshunjie-253114010247/workspace/DAC2027/TailCompile/vtr_work/tailcompile_v3/sha/4x4/gnn_candidate-fp14432904-flat-recon-annealer-seed12-w80-devw14/sha.locked-input.net --read_flat_place /inspire/hdd/global_user/changshunjie-253114010247/workspace/DAC2027/TailCompile/experiments/vtr/tailcompile_v3/sha/4x4/pools/bootstrap_24/candidate_21_seed12048.fplace

Using up to 1 parallel worker(s)

Architecture file: /inspire/hdd/project/project-public/changshunjie-253114010247/changshunjie-253114010247/workspace/DAC2027/vtr/vtr-verilog-to-routing/vtr_flow/arch/COFFE_22nm/k6FracN10LB_mem20K_complexDSP_customSB_22nm.xml
Circuit name: sha.pre-vpr

# Loading Architecture Description
# Loading Architecture Description took 0.04 seconds (max_rss 19.0 MiB, delta_rss +0.0 MiB)

Timing analysis: ON
Circuit netlist file: /inspire/hdd/project/project-public/changshunjie-253114010247/changshunjie-253114010247/workspace/DAC2027/TailCompile/vtr_work/tailcompile_v3/sha/4x4/gnn_candidate-fp14432904-flat-recon-annealer-seed12-w80-devw14/sha.locked-input.net
Circuit placement file: sha.pre-vpr.place
Circuit routing file: sha.pre-vpr.route
Circuit SDC file: sha.pre-vpr.sdc
Vpr floorplanning constraints file: not specified

Packer: DISABLED
Placer: DISABLED
Analytical Placer: ENABLED
Router: ENABLED
Analysis: ENABLED

VPR was run with the following options:

netlist_opts.absorb_buffer_luts            : true
netlist_opts.sweep_dangling_primary_ios    : true
netlist_opts.sweep_dangling_nets           : true
netlist_opts.sweep_dangling_blocks         : true
netlist_opts.sweep_constant_primary_outputs: false
netlist_opts.netlist_verbosity             : 1
netlist_opts.const_gen_inference           : COMB_SEQ

AnalyticalPlacerOpts.analytical_solver_type: lp-b2b
AnalyticalPlacerOpts.partial_legalizer_type: bipartitioning
AnalyticalPlacerOpts.full_legalizer_type: flat-recon
AnalyticalPlacerOpts.detailed_placer_type: annealer
AnalyticalPlacerOpts.ap_timing_tradeoff: 0.500000
AnalyticalPlacerOpts.ap_high_fanout_threshold: 256
AnalyticalPlacerOpts.log_verbosity: 1
router_opts.route_type: DETAILED
router_opts.flat_routing: false
router_opts.choke_points: on
router_opts.router_algorithm: TIMING_DRIVEN
router_opts.base_cost_type: DELAY_NORMALIZED_LENGTH
router_opts.fixed_channel_width: 80
router_opts.check_route: FULL
router_opts.acc_fac: 1.000000
router_opts.bb_factor: 3
router_opts.bend_cost: 0.000000
router_opts.first_iter_pres_fac: 0.000000
router_opts.initial_pres_fac: 0.500000
router_opts.pres_fac_mult: 1.300000
router_opts.max_pres_fac: 1000.000000
router_opts.max_router_iterations: 50
router_opts.min_incremental_reroute_fanout: 16
router_opts.initial_acc_cost_chan_congestion_threshold: 0.500000
router_opts.initial_acc_cost_chan_congestion_weight: 0.500000
router_opts.do_check_rr_graph: true
router_opts.verify_binary_search: false
router_opts.min_channel_width_hint: 0
router_opts.read_rr_edge_metadata: false
router_opts.exit_after_first_routing_iteration: false
router_opts.astar_fac: 1.200000
router_opts.astar_offset: 0.000000
router_opts.router_profiler_astar_fac: 1.200000
router_opts.enable_parallel_connection_router: false
router_opts.post_target_prune_fac: 1.200000
router_opts.post_target_prune_offset: 0
router_opts.multi_queue_num_threads: 1
router_opts.multi_queue_num_queues: 2
router_opts.multi_queue_direct_draining: false
router_opts.criticality_exp: 1.000000
router_opts.max_criticality: 0.990000
router_opts.init_wirelength_abort_threshold: 0.850000
router_opts.incr_reroute_delay_ripup: AUTO
router_opts.save_routing_per_iteration: false
router_opts.congested_routing_iteration_threshold_frac: 1.000000
router_opts.high_fanout_threshold: 64
router_opts.router_debug_net: -2
router_opts.router_debug_sink_rr: -2
router_opts.router_debug_iteration: -2
router_opts.max_convergence_count: 1
router_opts.reconvergence_cpd_threshold: 0.990000
router_opts.update_lower_bound_delays: true
router_opts.first_iteration_timing_report_file: 
router_opts.route_bb_update: DYNAMIC
router_opts.lookahead_type: MAP
router_opts.initial_timing: LOOKAHEAD
router_opts.router_heap: FOUR_ARY_HEAP
router_opts.routing_failure_predictor = SAFE
router_opts.routing_predictor_min_history: 8
router_opts.routing_budgets_algorithm = DISABLE

analysis_opts.gen_post_synthesis_netlist: false
analysis_opts.gen_post_implementation_merged_netlist: false
analysis_opts.gen_post_implementation_sdc: false
analysis_opts.timing_report_npaths: 100
analysis_opts.timing_report_skew: false
analysis_opts.echo_dot_timing_graph_node: -1
analysis_opts.timing_report_detail: NETLIST
analysis_opts.post_synth_netlist_unconn_input_handling: UNCONNECTED
analysis_opts.post_synth_netlist_unconn_output_handling: UNCONNECTED
analysis_opts.post_synth_netlist_module_parameters: on

# Building complex block graph
# Building complex block graph took 0.10 seconds (max_rss 24.6 MiB, delta_rss +5.6 MiB)
Circuit file: /inspire/hdd/project/project-public/changshunjie-253114010247/changshunjie-253114010247/workspace/DAC2027/TailCompile/experiments/vtr/runs/pilot_v1/sha/full-seed1-w300/sha.pre-vpr.blif
# Load circuit
Found 3 constant generator(s) in the netlist (2 constant-zero, 1 constant-one) (run with --netlist_verbosity 2 to list names)
# Load circuit took 0.02 seconds (max_rss 28.3 MiB, delta_rss +3.7 MiB)
# Clean circuit
Absorbed 0 LUT buffers
Found 22 primitive output pin(s) driven only by constants; marked them as constants
Swept input(s)      : 0
Swept output(s)     : 0 (0 dangling, 0 constant)
Swept net(s)        : 22
Swept block(s)      : 0
Constant Pins Marked: 22
# Clean circuit took 0.00 seconds (max_rss 28.3 MiB, delta_rss +0.0 MiB)
# Compress circuit
# Compress circuit took 0.00 seconds (max_rss 28.3 MiB, delta_rss +0.0 MiB)
# Verify circuit
# Verify circuit took 0.00 seconds (max_rss 28.3 MiB, delta_rss +0.0 MiB)
Circuit Statistics:
  Blocks: 2491
    .input :      38
    .latch :     893
    .names :    1215
        0-LUT:       2
        1-LUT:       1
        2-LUT:      63
        3-LUT:     106
        4-LUT:      88
        5-LUT:     314
        6-LUT:     641
    .output:      36
    adder  :     309
  Nets  : 2742
    Avg Fanout:     3.3
    Max Fanout:   893.0
    Min Fanout:     1.0
  Netlist Clocks: 1
# Build Timing Graph
  Timing Graph Nodes: 11695
  Timing Graph Edges: 18725
  Timing Graph Levels: 84
# Build Timing Graph took 0.01 seconds (max_rss 31.7 MiB, delta_rss +3.1 MiB)
Netlist contains 1 clocks
  Netlist Clock 'clk_i' Fanout: 893 pins (7.6%), 893 blocks (35.8%)
# Load Timing Constraints

SDC file 'sha.pre-vpr.sdc' not found
Setting default timing constraints:
   * constrain all primary inputs and primary outputs on netlist clock 'clk_i'
   * optimize netlist clock to run as fast as possible
Timing constraints created 1 clocks
  Constrained Clock 'clk_i' Source: 'clk_i.inpad[0]'

# Load Timing Constraints took 0.00 seconds (max_rss 31.7 MiB, delta_rss +0.0 MiB)
# Analytical Placement
## Prepacker

There is one chain in this architecture called "chain" with the following starting points:
	clb[0]/lab[0]/fle[0]/ble5[0]/arithmetic[0]/adder[0].cin[0]

## Prepacker took 0.00 seconds (max_rss 32.0 MiB, delta_rss +0.3 MiB)
## Initializing Pre-Cluster Timing
Using inter-cluster delay: 2.1832e-09
## Initializing Pre-Cluster Timing took 0.19 seconds (max_rss 32.6 MiB, delta_rss +0.6 MiB)
## Estimate Device Size
Device layout 'auto' with fixed width 14.
FPGA sized to 14 x 14: 196 grid tiles (auto)
## Estimate Device Size took 0.00 seconds (max_rss 32.6 MiB, delta_rss +0.0 MiB)
## Ram Mapper
Flat Placement is provided, skipping the RAM mapping.
## Ram Mapper took 0.00 seconds (max_rss 32.6 MiB, delta_rss +0.0 MiB)
## Read Atom Netlist to AP Netlist
## Read Atom Netlist to AP Netlist took 0.01 seconds (max_rss 36.4 MiB, delta_rss +3.8 MiB)
Analytical Placement Netlist Statistics:
	AP Blocks: 1315
		Moveable AP Blocks: 1315
		Fixed AP Blocks: 0
	AP Nets: 1563
		Average Fanout: 4.51
		Highest Fanout: 194
	AP Pins: 11695

## Computing placement delta delay look-up
### Build routing resource graph
### Build routing resource graph took 0.09 seconds (max_rss 45.9 MiB, delta_rss +9.5 MiB)
  RR Graph Nodes: 31124
  RR Graph Edges: 189472
### Computing router lookahead map
#### Computing wire lookahead
#### Computing wire lookahead took 0.03 seconds (max_rss 46.2 MiB, delta_rss +0.3 MiB)
#### Computing src/opin lookahead
Warning 1: Found no more sample locations for SOURCE in io
Warning 2: Found no more sample locations for OPIN in io
Warning 3: Found no more sample locations for SOURCE in clb
Warning 4: Found no more sample locations for OPIN in clb
Warning 5: Found no more sample locations for SOURCE in dsp_top
Warning 6: Found no more sample locations for OPIN in dsp_top
Warning 7: Found no more sample locations for SOURCE in memory
Warning 8: Found no more sample locations for OPIN in memory
#### Computing src/opin lookahead took 0.00 seconds (max_rss 46.2 MiB, delta_rss +0.0 MiB)
### Computing router lookahead map took 0.04 seconds (max_rss 46.2 MiB, delta_rss +0.3 MiB)
Serial Connection Router is being destroyed. Time spent on path search: 0.000 seconds.
## Computing placement delta delay look-up took 0.13 seconds (max_rss 46.2 MiB, delta_rss +9.8 MiB)
Flat Placement is provided in the AP flow, skipping the Global Placement.
0 of 1315 molecules placed at device center (no atoms of these molecules found in flat placement).
## AP Full Legalizer
### Creating Clusters
Device (width, height): (14,14)
#### Sorting and Grouping Blocks by Tile
#### Sorting and Grouping Blocks by Tile took 0.00 seconds (max_rss 46.2 MiB, delta_rss +0.0 MiB)
#### Reconstruction Pass Clustering
#### Reconstruction Pass Clustering took 2.09 seconds (max_rss 50.0 MiB, delta_rss +3.8 MiB)
#### Orphan Window Clustering with search radius 8
#### Orphan Window Clustering with search radius 8 took 0.01 seconds (max_rss 50.0 MiB, delta_rss +0.0 MiB)
FPGA sized to 14 x 14: 196 grid tiles (auto)
Device Utilization: 0.62 (target 1.00)
	Block Utilization: 0.19 Type: io
	Block Utilization: 0.93 Type: clb

----------------------------------------------------------------
                       Clustering Summary                       
----------------------------------------------------------------
Clusters created (Self Clustering)                       : 185
    clb        : 111
    io         : 74
Clusters created (Orphan Window Clustering)              : 1
    clb        : 1
Total clusters                                           : 186
Percent of clusters created in Orphan Window Clustering  : 0.54%
Molecules clustered in each stage breakdown  : (Total of 1315)
	Self Clustering          (0.996958)  : 1311
 	Neighbor Clustering      (0.000000)  : 0
	Orphan Window Clustering (0.003042)  : 4
----------------------------------------------------------------

Final Clustering Statistics: 
----------   --------   ------------------------------------   --------------------------
Block Type   # Blocks   Avg. # of input clocks and pins used   Avg. # of output pins used
----------   --------   ------------------------------------   --------------------------
     EMPTY          0                                      0                            0   
        io         74                               0.486486                     0.513514   
       clb        112                                25.4196                      8.98214   
   dsp_top          0                                      0                            0   
    memory          0                                      0                            0   
Absorbed logical nets 1698 out of 2742 nets, 1044 nets not absorbed.
#### Load packing
##### Loading packed FPGA netlist file.
Netlist generated from file '/inspire/hdd/project/project-public/changshunjie-253114010247/changshunjie-253114010247/workspace/DAC2027/TailCompile/vtr_work/tailcompile_v3/sha/4x4/gnn_candidate-fp14432904-flat-recon-annealer-seed12-w80-devw14/sha.locked-input.net'.
Detected 2 constant generators (to see names run with higher pack verbosity)
##### Loading packed FPGA netlist file. took 0.17 seconds (max_rss 62.7 MiB, delta_rss +6.7 MiB)
Warning 9: Treated 2 constant nets as global which will not be routed (to see net names increase packer verbosity).
Netlist contains 33 global net to non-global architecture pin connections
Completed clustering consistency check successfully.
Cluster level netlist and block usage statistics
Netlist num_nets: 1044
Netlist num_blocks: 186
Netlist EMPTY blocks: 0.
Netlist io blocks: 74.
Netlist clb blocks: 112.
Netlist dsp_top blocks: 0.
Netlist memory blocks: 0.
Netlist inputs pins: 38
Netlist output pins: 36

Pb types usage...
  io               : 74
   inpad           : 38
   outpad          : 36
  clb              : 112
   lab             : 112
    fle            : 1086
     ble5          : 882
      flut5        : 573
       lut5        : 573
        lut        : 573
       ff          : 353
      arithmetic   : 309
       adder       : 309
     ble6          : 642
      lut6         : 642
       lut         : 642
      ff           : 540

#### Load packing took 0.25 seconds (max_rss 97.6 MiB, delta_rss +41.6 MiB)
Netlist contains 33 global net to non-global architecture pin connections
Cluster level netlist and block usage statistics
Netlist num_nets: 1044
Netlist num_blocks: 186
Netlist EMPTY blocks: 0.
Netlist io blocks: 74.
Netlist clb blocks: 112.
Netlist dsp_top blocks: 0.
Netlist memory blocks: 0.
Netlist inputs pins: 38
Netlist output pins: 36
### Creating Clusters took 2.46 seconds (max_rss 97.6 MiB, delta_rss +51.4 MiB)
Completed clustering consistency check successfully.
FPGA sized to 14 x 14: 196 grid tiles (auto)
### Compressed grid construction
### Compressed grid construction took 0.00 seconds (max_rss 97.6 MiB, delta_rss +0.0 MiB)
### Initial Placement
Placing clusters that are part of larger macros...
Number of blocks to be placed: 18
Max distance on device: 28
---- ---------- ---------- -------------
Pass Max Displ. Num Blocks Num Blocks   
     Threshold  Placed     Left Unplaced
---- ---------- ---------- -------------
   0          0         10             8
   1          1          4             4
   2          2          4             0

Placing general clusters...
Number of blocks to be placed: 168
Max distance on device: 28
---- ---------- ---------- -------------
Pass Max Displ. Num Blocks Num Blocks   
     Threshold  Placed     Left Unplaced
---- ---------- ---------- -------------
   0          0        158            10
   1          1          2             8
   2          2          2             6
   3          4          4             2
   4          8          0             2
   5         16          2             0

### Initial Placement took 0.00 seconds (max_rss 97.6 MiB, delta_rss +0.0 MiB)
Flat Placement Reconstruction Info:
	Percent of clusters with reconstruction errors: 0.537634
	Total displacement of initial placement from flat placement: 1568.000000
	Average atom displacement of initial placement from flat placement: 0.629466
	Max atom displacement of initial placement from flat placement: 11.000000
	Percent of atoms misplaced from the flat placement: 20.835007
## AP Full Legalizer took 2.47 seconds (max_rss 97.6 MiB, delta_rss +51.4 MiB)

Resource usage...
	Netlist
		74	blocks of type: io
	Architecture
		384	blocks of type: io
	Netlist
		112	blocks of type: clb
	Architecture
		120	blocks of type: clb
	Netlist
		0	blocks of type: dsp_top
	Architecture
		3	blocks of type: dsp_top
	Netlist
		0	blocks of type: memory
	Architecture
		6	blocks of type: memory

Device Utilization: 0.62 (target 1.00)
	Physical Tile io:
	Block Utilization: 0.19 Logical Block: io
	Physical Tile clb:
	Block Utilization: 0.93 Logical Block: clb
	Physical Tile dsp_top:
	Block Utilization: 0.00 Logical Block: dsp_top
	Physical Tile memory:
	Block Utilization: 0.00 Logical Block: memory

## Computing placement delta delay look-up
RR graph channel widths unchanged, skipping RR graph rebuild
Serial Connection Router is being destroyed. Time spent on path search: 0.000 seconds.
## Computing placement delta delay look-up took 0.00 seconds (max_rss 97.6 MiB, delta_rss +0.0 MiB)
Using simple RL 'Softmax agent' for choosing move and block types

Completed placement consistency check successfully.
Initial placement cost: 1 bb_cost: 142.759 td_cost: 6.30983e-07
Initial placement BB estimate of wirelength: 11396.5
Initial placement estimated Critical Path Delay (CPD): 10.7252 ns
Initial placement estimated setup Total Negative Slack (sTNS): -2983.23 ns
Initial placement estimated setup Worst Negative Slack (sWNS): -10.7252 ns

Initial placement estimated setup slack histogram:
[ -1.1e-08: -9.7e-09)  23 (  2.5%) |**
[ -9.7e-09: -8.7e-09)   9 (  1.0%) |*
[ -8.7e-09: -7.7e-09)   0 (  0.0%) |
[ -7.7e-09: -6.7e-09)   0 (  0.0%) |
[ -6.7e-09: -5.7e-09)   0 (  0.0%) |
[ -5.7e-09: -4.7e-09)   1 (  0.1%) |
[ -4.7e-09: -3.7e-09) 127 ( 13.7%) |**********
[ -3.7e-09: -2.7e-09) 601 ( 64.7%) |***********************************************
[ -2.7e-09: -1.7e-09) 114 ( 12.3%) |*********
[ -1.7e-09:   -7e-10)  54 (  5.8%) |****
Placement contains 9 placement macros involving 18 blocks (average macro size 2.000000)

Moves per temperature: 530
## AP Detailed Placer

---- ------ ------- ------- ---------- ---------- ------- ---------- -------- ------- ------- ------ -------- --------- ------
Tnum  Time     T    AvCost  Av BB Cost Av TD Cost   CPD      sTNS      sWNS   AcRate  StdDev  R lim  CritExp  TotMoves  Alpha 
     (sec)                                          (ns)     (ns)      (ns)                                                   
---- ------ ------- ------- ---------- ---------- ------- ---------- -------- ------- ------- ------ -------- --------- ------
   1    0.0 2.9e-03   1.010     133.77 6.4253e-07  10.223  -3.15e+03  -10.223   0.685  0.0092   13.0     1.00        530  1.000
   2    0.0 2.8e-03   1.000     136.27 6.3595e-07  10.287  -3.21e+03  -10.287   0.679  0.0138   13.0     1.00       1060  0.950
   3    0.0 2.7e-03   0.976     135.66 6.5314e-07   9.941  -3.07e+03   -9.941   0.647  0.0122   13.0     1.00       1590  0.950
   4    0.0 2.5e-03   1.005     133.62 6.4129e-07  10.475  -3.23e+03  -10.475   0.613  0.0099   13.0     1.00       2120  0.950
   5    0.0 2.4e-03   0.981     132.04 5.9598e-07  11.546  -3.37e+03  -11.546   0.619  0.0117   13.0     1.00       2650  0.950
   6    0.0 2.3e-03   0.991     131.57 6.5116e-07  10.197  -3.34e+03  -10.197   0.660  0.0076   13.0     1.00       3180  0.950
   7    0.0 2.2e-03   0.970     128.02 6.2644e-07  10.387  -3.17e+03  -10.387   0.647  0.0160   13.0     1.00       3710  0.950
   8    0.0 2.1e-03   0.984     123.31 6.1492e-07  10.085  -3.11e+03  -10.085   0.568  0.0072   13.0     1.00       4240  0.950
   9    0.0 2.0e-03   1.014     122.81 6.3319e-07  10.131  -3.17e+03  -10.131   0.568  0.0097   13.0     1.00       4770  0.950
  10    0.0 1.9e-03   0.994     123.81 6.2149e-07  10.458  -3.17e+03  -10.458   0.638  0.0099   13.0     1.00       5300  0.950
  11    0.0 1.8e-03   0.995     121.18 6.0721e-07  10.214  -3.05e+03  -10.214   0.540  0.0085   13.0     1.00       5830  0.950
  12    0.0 1.7e-03   1.009     120.93 6.2438e-07   9.904  -3.02e+03   -9.904   0.547  0.0073   13.0     1.00       6360  0.950
  13    0.0 1.6e-03   0.995     121.23 6.437e-07    9.618   -3.1e+03   -9.618   0.558  0.0046   13.0     1.00       6890  0.950
  14    0.0 1.5e-03   0.990     118.37 6.3275e-07   9.625  -3.02e+03   -9.625   0.515  0.0059   13.0     1.00       7420  0.950
  15    0.0 1.4e-03   0.998     118.55 6.2032e-07   9.861  -3.02e+03   -9.861   0.575  0.0065   13.0     1.00       7950  0.950
  16    0.0 1.4e-03   1.002     121.49 6.1452e-07  10.123  -3.05e+03  -10.123   0.530  0.0046   13.0     1.00       8480  0.950
  17    0.0 1.3e-03   0.995     118.75 6.1635e-07   9.864  -2.99e+03   -9.864   0.562  0.0034   13.0     1.00       9010  0.950
  18    0.0 1.2e-03   0.995     118.20 6.0575e-07  10.025  -2.96e+03  -10.025   0.534  0.0045   13.0     1.00       9540  0.950
  19    0.0 1.2e-03   0.998     118.07 6.1515e-07   9.963  -3.07e+03   -9.963   0.489  0.0023   13.0     1.00      10070  0.950
  20    0.0 1.1e-03   0.994     117.67 6.2342e-07   9.882  -3.18e+03   -9.882   0.498  0.0061   13.0     1.00      10600  0.950
  21    0.0 1.1e-03   0.998     115.57 6.1565e-07   9.863  -3.16e+03   -9.863   0.460  0.0018   13.0     1.00      11130  0.950
  22    0.0 1.0e-03   0.996     115.26 6.2447e-07   9.765  -3.15e+03   -9.765   0.506  0.0030   13.0     1.00      11660  0.950
  23    0.0 9.5e-04   0.996     114.66 6.0545e-07  10.052  -3.11e+03  -10.052   0.468  0.0016   13.0     1.00      12190  0.950
  24    0.0 9.0e-04   0.987     113.19 6.1723e-07   9.694  -3.03e+03   -9.694   0.466  0.0046   13.0     1.00      12720  0.950
  25    0.0 8.6e-04   0.998     112.29 6.0722e-07   9.766  -3.04e+03   -9.766   0.443  0.0030   13.0     1.00      13250  0.950
  26    0.0 8.2e-04   0.994     110.27 6.0516e-07   9.972  -3.11e+03   -9.972   0.440  0.0039   13.0     1.00      13780  0.950
  27    0.0 7.8e-04   1.002     110.86 6.0347e-07   9.972   -3.1e+03   -9.972   0.404  0.0017   13.0     1.00      14310  0.950
  28    0.0 7.4e-04   0.996     109.80 4.7881e-07   9.896  -3.13e+03   -9.896   0.442  0.0037   12.5     1.28      14840  0.950
  29    0.0 7.0e-04   0.998     110.41 4.7775e-07   9.998  -3.13e+03   -9.998   0.447  0.0045   12.5     1.27      15370  0.950
  30    0.0 6.6e-04   0.998     109.01 5.0121e-07   9.896  -3.12e+03   -9.896   0.449  0.0030   12.6     1.21      15900  0.950
  31    0.0 6.3e-04   0.999     108.12 5.3943e-07   9.586  -3.06e+03   -9.586   0.440  0.0029   12.7     1.15      16430  0.950
  32    0.0 6.0e-04   0.998     107.99 5.3691e-07   9.586   -3.1e+03   -9.586   0.372  0.0020   12.7     1.15      16960  0.950
  33    0.0 5.7e-04   0.993     106.61 3.6626e-07   9.586  -3.16e+03   -9.586   0.421  0.0043   11.9     1.66      17490  0.950
  34    0.0 5.4e-04   0.999     105.95 3.314e-07    9.526  -3.04e+03   -9.526   0.366  0.0022   11.6     1.79      18020  0.950
  35    0.0 5.1e-04   0.996     104.87 2.569e-07    9.596  -3.18e+03   -9.596   0.364  0.0024   10.8     2.29      18550  0.950
  36    0.0 4.9e-04   0.999     105.04 2.0891e-07   9.657   -3.1e+03   -9.657   0.353  0.0020   10.0     2.77      19080  0.950
  37    0.0 4.6e-04   0.999     105.07 1.7901e-07   9.734  -3.14e+03   -9.734   0.377  0.0014    9.1     3.28      19610  0.950
  38    0.0 4.4e-04   1.000     104.96 1.6583e-07   9.709  -3.05e+03   -9.709   0.366  0.0015    8.5     3.61      20140  0.950
  39    0.0 4.2e-04   0.994     104.19 1.5582e-07   9.709  -3.07e+03   -9.709   0.338  0.0022    7.9     3.98      20670  0.950
  40    0.0 4.0e-04   1.000     103.94 1.4463e-07   9.742  -3.01e+03   -9.742   0.362  0.0019    7.1     4.45      21200  0.950
  41    0.0 3.8e-04   0.996     103.73 1.4123e-07   9.603  -3.01e+03   -9.603   0.328  0.0025    6.5     4.77      21730  0.950
  42    0.0 3.6e-04   0.998     102.43 1.361e-07    9.603  -3.06e+03   -9.603   0.370  0.0021    5.8     5.20      22260  0.950
  43    0.0 3.4e-04   0.999     101.64 1.323e-07    9.522  -2.98e+03   -9.522   0.311  0.0019    5.4     5.43      22790  0.950
  44    0.0 3.2e-04   1.000     101.15 1.2842e-07   9.530  -3.02e+03   -9.530   0.279  0.0009    4.7     5.84      23320  0.950
  45    0.0 3.1e-04   1.002     101.65 1.2525e-07   9.479  -3.01e+03   -9.479   0.296  0.0013    3.9     6.28      23850  0.950
  46    0.0 2.9e-04   0.995     100.45 1.2288e-07   9.530  -3.02e+03   -9.530   0.309  0.0013    3.4     6.61      24380  0.950
  47    0.0 2.8e-04   0.998      99.78 1.2187e-07   9.530  -3.02e+03   -9.530   0.294  0.0016    2.9     6.87      24910  0.950
  48    0.0 2.6e-04   0.998      98.78 1.2036e-07   9.530  -3.09e+03   -9.530   0.264  0.0012    2.5     7.12      25440  0.950
  49    0.0 2.5e-04   1.000      98.88 1.1824e-07   9.530  -3.02e+03   -9.530   0.253  0.0012    2.1     7.38      25970  0.950
  50    0.0 2.4e-04   0.997      98.80 1.1731e-07   9.530  -3.01e+03   -9.530   0.357  0.0009    1.7     7.60      26500  0.950
  51    0.0 2.3e-04   0.998      98.58 1.1557e-07   9.657  -2.98e+03   -9.657   0.358  0.0025    1.5     7.68      27030  0.950
  52    0.0 2.2e-04   0.998      97.83 1.1578e-07   9.471  -2.95e+03   -9.471   0.298  0.0006    1.4     7.76      27560  0.950
  53    0.0 2.0e-04   0.998      97.52 1.1532e-07   9.471  -2.94e+03   -9.471   0.289  0.0017    1.2     7.87      28090  0.950
  54    0.0 1.9e-04   0.999      96.95 1.1428e-07   9.471  -2.94e+03   -9.471   0.277  0.0007    1.0     7.98      28620  0.950
  55    0.0 1.8e-04   0.998      96.45 1.1415e-07   9.471  -2.94e+03   -9.471   0.264  0.0012    1.0     8.00      29150  0.950
  56    0.0 1.8e-04   0.999      96.02 1.1431e-07   9.471     -3e+03   -9.471   0.274  0.0007    1.0     8.00      29680  0.950
  57    0.0 1.7e-04   0.999      96.05 1.1458e-07   9.471  -3.01e+03   -9.471   0.304  0.0008    1.0     8.00      30210  0.950
  58    0.0 1.6e-04   0.999      95.93 1.1444e-07   9.471  -3.01e+03   -9.471   0.260  0.0010    1.0     8.00      30740  0.950
  59    0.0 1.5e-04   1.000      95.83 1.1479e-07   9.450  -2.99e+03   -9.450   0.253  0.0005    1.0     8.00      31270  0.950
  60    0.0 1.4e-04   0.999      95.57 1.1457e-07   9.471     -3e+03   -9.471   0.234  0.0005    1.0     8.00      31800  0.950
  61    0.0 1.4e-04   1.000      95.53 1.1494e-07   9.471  -3.01e+03   -9.471   0.258  0.0007    1.0     8.00      32330  0.950
  62    0.0 1.3e-04   1.001      95.83 1.1533e-07   9.450  -3.02e+03   -9.450   0.206  0.0005    1.0     8.00      32860  0.950
  63    0.0 1.2e-04   0.999      95.62 1.1532e-07   9.450     -3e+03   -9.450   0.234  0.0008    1.0     8.00      33390  0.950
  64    0.0 1.2e-04   0.998      95.25 1.1791e-07   9.355  -2.99e+03   -9.355   0.253  0.0008    1.0     8.00      33920  0.950
  65    0.0 1.1e-04   0.999      95.04 1.1514e-07   9.450  -2.99e+03   -9.450   0.217  0.0006    1.0     8.00      34450  0.950
  66    0.0 1.0e-04   1.000      94.98 1.1453e-07   9.471  -2.99e+03   -9.471   0.166  0.0004    1.0     8.00      34980  0.950
  67    0.0 1.0e-04   1.000      95.18 1.1451e-07   9.471  -2.99e+03   -9.471   0.191  0.0004    1.0     8.00      35510  0.950
  68    0.0 9.5e-05   0.998      94.99 1.1485e-07   9.450  -3.01e+03   -9.450   0.153  0.0005    1.0     8.00      36040  0.950
  69    0.0 9.0e-05   0.999      94.63 1.154e-07    9.450  -3.01e+03   -9.450   0.181  0.0007    1.0     8.00      36570  0.950
  70    0.0 8.5e-05   1.000      94.54 1.1512e-07   9.471     -3e+03   -9.471   0.138  0.0003    1.0     8.00      37100  0.950
Agent's 2nd state: 
  71    0.0 6.8e-05   0.999      94.45 1.1526e-07   9.471  -3.01e+03   -9.471   0.170  0.0004    1.0     8.00      37630  0.800
Checkpoint saved: bb_costs=94.4156, TD costs=1.15125e-07, CPD=  9.471 (ns) 
  72    0.0 6.5e-05   1.000      94.50 1.1503e-07   9.471     -3e+03   -9.471   0.098  0.0002    1.0     8.00      38160  0.950
  73    0.0 5.2e-05   0.999      94.42 1.1518e-07   9.471     -3e+03   -9.471   0.087  0.0006    1.0     8.00      38690  0.800
  74    0.0 4.2e-05   1.000      94.19 1.1464e-07   9.471     -3e+03   -9.471   0.072  0.0002    1.0     8.00      39220  0.800
  75    0.0 3.3e-05   1.000      94.18 1.151e-07    9.471     -3e+03   -9.471   0.057  0.0000    1.0     8.00      39750  0.800
  76    0.0 2.7e-05   1.000      94.13 1.1458e-07   9.471     -3e+03   -9.471   0.049  0.0001    1.0     8.00      40280  0.800
  77    0.0 2.1e-05   1.000      94.05 1.1519e-07   9.471     -3e+03   -9.471   0.047  0.0001    1.0     8.00      40810  0.800
  78    0.0 1.7e-05   1.000      94.14 1.1506e-07   9.471     -3e+03   -9.471   0.057  0.0000    1.0     8.00      41340  0.800
  79    0.0 1.4e-05   1.000      93.97 1.1518e-07   9.471     -3e+03   -9.471   0.053  0.0002    1.0     8.00      41870  0.800
  80    0.0 1.1e-05   1.000      93.91 1.147e-07    9.471     -3e+03   -9.471   0.047  0.0002    1.0     8.00      42400  0.800
  81    0.0 8.7e-06   1.000      93.88 1.1499e-07   9.471     -3e+03   -9.471   0.051  0.0001    1.0     8.00      42930  0.800
  82    0.0 7.0e-06   1.000      93.88 1.1517e-07   9.471     -3e+03   -9.471   0.040  0.0003    1.0     8.00      43460  0.800
  83    0.0 5.6e-06   1.000      93.87 1.1499e-07   9.471     -3e+03   -9.471   0.025  0.0001    1.0     8.00      43990  0.800
  84    0.0 0.0e+00   1.000      93.91 1.1509e-07   9.471     -3e+03   -9.471   0.023  0.0002    1.0     8.00      44520  0.800
### Placement Quench took 0.01 seconds (max_rss 98.9 MiB)
post-quench CPD = 9.42577 (ns) 

Completed placement consistency check successfully.

Swaps called: 44706

Aborted Move Reasons:
  duplicate block move to location: 91
  macro move to location illegal: 6
  macro_from swap to location illegal: 336

BB estimate of min-dist (placement) wire length: 7482

Placement estimated critical path delay (least slack): 9.42577 ns, Fmax: 106.092 MHz
Placement estimated critical path skew: -0.04243 ns
Placement estimated setup Worst Negative Slack (sWNS): -9.42577 ns
Placement estimated setup Total Negative Slack (sTNS): -2996.65 ns
Placement estimated setup Worst Skew (sWS): -0.04243 ns

Placement estimated setup slack histogram:
[ -9.4e-09: -8.6e-09)  17 (  1.8%) |*
[ -8.6e-09: -7.7e-09)  15 (  1.6%) |*
[ -7.7e-09: -6.8e-09)   0 (  0.0%) |
[ -6.8e-09: -5.9e-09)   0 (  0.0%) |
[ -5.9e-09: -5.1e-09)   0 (  0.0%) |
[ -5.1e-09: -4.2e-09) 123 ( 13.2%) |*********
[ -4.2e-09: -3.3e-09)  22 (  2.4%) |**
[ -3.3e-09: -2.4e-09) 619 ( 66.6%) |***********************************************
[ -2.4e-09: -1.6e-09)  82 (  8.8%) |******
[ -1.6e-09:   -7e-10)  51 (  5.5%) |****

Placement estimated geomean non-virtual intra-domain period: 9.42577 ns (106.092 MHz)
Placement estimated fanout-weighted geomean non-virtual intra-domain period: 9.42577 ns (106.092 MHz)

Placement cost: 0.999209, bb_cost: 93.8789, td_cost: 1.15935e-07, 

Placement resource usage:
  io  implemented as io : 74
  clb implemented as clb: 112

Placement number of temperatures: 84
Placement total # of swap attempts: 44706
	Swaps accepted: 15275 (34.2 %)
	Swaps rejected: 28710 (64.2 %)
	Swaps aborted:   721 ( 1.6 %)


Placement perturbation distribution by block and move type: 
------------------ ----------------- ---------------- ---------------- --------------- ------------ 
    Block Type         Move Type       (%) of Total      Accepted(%)     Rejected(%)    Aborted(%)
------------------ ----------------- ---------------- ---------------- --------------- ------------ 
io                 Uniform                9.77             60.34           39.66          0.00         
                   Median                 9.26             59.19           35.47          5.34         
                   Centroid               8.79             64.19           35.56          0.25         
                   W. Centroid            9.09             65.39           34.34          0.27         
                   W. Median              0.85             14.44           79.27          6.30         

clb                Uniform                14.58            14.96           83.29          1.75         
                   Median                 14.32            25.16           72.98          1.86         
                   Centroid               13.67            18.85           79.92          1.23         
                   W. Centroid            13.96            19.12           79.33          1.55         
                   W. Median              1.37             3.11            96.73          0.16         
                   Crit. Uniform          2.17             0.10            99.90          0.00         
                   Feasible Region        2.17             0.51            94.44          5.04         


Placement Quench timing analysis took 0.00369776 seconds (0.0033391 STA, 0.000358656 slack) (1 full updates: 1 setup, 0 hold, 0 combined).
Placement Total  timing analysis took 0.352668 seconds (0.316643 STA, 0.036025 slack) (86 full updates: 86 setup, 0 hold, 0 combined).
update_td_costs: connections 0.00187074 nets 0 sum_nets 0.00121046 total 0.00314669
## AP Detailed Placer took 0.79 seconds (max_rss 99.1 MiB, delta_rss +0.3 MiB)
Incr Slack updates 86 in 0.00988894 sec
Full Max Req/Worst Slack updates 29 in 0.000774541 sec
Incr Max Req/Worst Slack updates 57 in 0.00194911 sec
Incr Criticality updates 33 in 0.00777751 sec
Full Criticality updates 53 in 0.0127627 sec
Incr Slack updates 1 in 9.6861e-05 sec
Full Max Req/Worst Slack updates 1 in 3.4684e-05 sec
Incr Max Req/Worst Slack updates 0 in 0 sec
Incr Criticality updates 0 in 0 sec
Full Criticality updates 1 in 0.000256693 sec
# Analytical Placement took 3.66 seconds (max_rss 99.1 MiB, delta_rss +67.5 MiB)


# Routing
RR graph channel widths unchanged, skipping RR graph rebuild
## Initializing router criticalities
Initial Net Connection Criticality Histogram:
[        0:      0.1) 262 (  9.1%) |***************
[      0.1:      0.2) 796 ( 27.6%) |***********************************************
[      0.2:      0.3) 554 ( 19.2%) |********************************
[      0.3:      0.4) 802 ( 27.8%) |***********************************************
[      0.4:      0.5)  92 (  3.2%) |*****
[      0.5:      0.6)  26 (  0.9%) |**
[      0.6:      0.7)  68 (  2.4%) |****
[      0.7:      0.8)  28 (  1.0%) |**
[      0.8:      0.9)  43 (  1.5%) |***
[      0.9:        1) 212 (  7.4%) |************
## Initializing router criticalities took 0.05 seconds (max_rss 99.1 MiB, delta_rss +0.0 MiB)
---- ------ ------- ---- ------- ------- ------- ----------------- --------------- -------- ---------- ---------- ---------- ---------- --------
Iter   Time    pres  BBs    Heap  Re-Rtd  Re-Rtd Overused RR Nodes      Wirelength      CPD       sTNS       sWNS       hTNS       hWNS Est Succ
      (sec)     fac Updt    push    Nets   Conns                                       (ns)       (ns)       (ns)       (ns)       (ns)     Iter
---- ------ ------- ---- ------- ------- ------- ----------------- --------------- -------- ---------- ---------- ---------- ---------- --------
   1    0.0     0.0    0  104381    1041    2751    1208 ( 3.881%)   11903 (47.7%)    9.278     -2987.     -9.278      0.000      0.000      N/A
   2    0.0     0.5    0  102011     841    2429     887 ( 2.850%)   12022 (48.2%)    9.229     -2995.     -9.229      0.000      0.000      N/A
   3    0.0     0.6    0  101814     744    2113     836 ( 2.686%)   12548 (50.3%)    9.278     -3008.     -9.278      0.000      0.000      N/A
   4    0.0     0.8    0  104191     669    1965     731 ( 2.349%)   12992 (52.1%)    9.189     -3035.     -9.189      0.000      0.000      N/A
   5    0.0     1.1    0  104632     582    1747     613 ( 1.970%)   13258 (53.1%)    9.278     -3101.     -9.278      0.000      0.000      N/A
   6    0.0     1.4    0  104514     573    1614     568 ( 1.825%)   13487 (54.0%)    9.220     -3235.     -9.220      0.000      0.000      N/A
   7    0.0     1.9    0  111285     518    1506     457 ( 1.468%)   13891 (55.7%)    9.189     -3261.     -9.189      0.000      0.000      N/A
   8    0.0     2.4    0   96034     455    1110     391 ( 1.256%)   14317 (57.4%)    9.220     -3278.     -9.220      0.000      0.000      N/A
   9    0.0     3.1    0   91510     418     999     338 ( 1.086%)   14753 (59.1%)    9.189     -3269.     -9.189      0.000      0.000       46
  10    0.0     4.1    0   98148     353     846     287 ( 0.922%)   15090 (60.5%)    9.189     -3393.     -9.189      0.000      0.000       44
  11    0.0     5.3    0  122355     358     923     271 ( 0.871%)   15637 (62.6%)    9.189     -3324.     -9.189      0.000      0.000       48
  12    0.0     6.9    0  114138     331     728     247 ( 0.794%)   16005 (64.1%)    9.198     -3459.     -9.198      0.000      0.000       56
  13    0.0     9.0    0  137599     297     648     223 ( 0.716%)   16283 (65.2%)    9.447     -3575.     -9.447      0.000      0.000       59
  14    0.0    11.6    0  155057     277     675     203 ( 0.652%)   16890 (67.7%)    9.985     -3817.     -9.985      0.000      0.000       64
  15    0.0    15.1    0  127292     256     530     160 ( 0.514%)   17155 (68.7%)   10.269     -3792.    -10.269      0.000      0.000       60
  16    0.0    19.7    0  120909     231     471     142 ( 0.456%)   17332 (69.4%)    9.908     -3819.     -9.908      0.000      0.000       58
  17    0.0    25.6    0  145425     238     454     146 ( 0.469%)   17550 (70.3%)   10.551     -3899.    -10.551      0.000      0.000       61
  18    0.0    33.3    0  177077     212     482     138 ( 0.443%)   18059 (72.4%)   11.110     -3942.    -11.110      0.000      0.000       65
  19    0.0    43.3    0  197847     191     471     135 ( 0.434%)   18211 (73.0%)   11.953     -4209.    -11.953      0.000      0.000       69
  20    0.1    56.2    0  254425     179     462     105 ( 0.337%)   18461 (74.0%)   12.306     -4093.    -12.306      0.000      0.000       68
  21    0.1    73.1    0  242300     163     372     110 ( 0.353%)   18663 (74.8%)   11.560     -4100.    -11.560      0.000      0.000       70
  22    0.1    95.0    0  235266     161     360      97 ( 0.312%)   18637 (74.7%)   11.914     -4254.    -11.914      0.000      0.000       73
  23    0.1   123.5    0  202160     155     355      84 ( 0.270%)   18839 (75.5%)   13.071     -4305.    -13.071      0.000      0.000       72
  24    0.1   160.6    0  200919     133     298      76 ( 0.244%)   18796 (75.3%)   11.685     -4382.    -11.685      0.000      0.000       73
  25    0.0   208.8    0  188144     150     314      65 ( 0.209%)   18950 (75.9%)   12.618     -4396.    -12.618      0.000      0.000       71
  26    0.0   271.4    0  171135     122     248      74 ( 0.238%)   18903 (75.7%)   11.505     -4360.    -11.505      0.000      0.000       75
  27    0.1   352.8    0  192835     141     318      70 ( 0.225%)   19084 (76.5%)   11.505     -4342.    -11.505      0.000      0.000       78
  28    0.1   458.7    0  227591     149     374      81 ( 0.260%)   19220 (77.0%)   11.505     -4392.    -11.505      0.000      0.000       88
  29    0.1   596.3    0  263203     149     441      77 ( 0.247%)   19203 (76.9%)   11.502     -4358.    -11.502      0.000      0.000       95
  30    0.1   775.1    0  204887     143     340      74 ( 0.238%)   19297 (77.3%)   11.163     -5265.    -11.163      0.000      0.000      102
  31    0.1  1000.0    0  218808     141     331      66 ( 0.212%)   19367 (77.6%)   13.053     -5302.    -13.053      0.000      0.000      106
  32    0.0  1000.0    0  175036     108     243      65 ( 0.209%)   19535 (78.3%)   14.215     -5386.    -14.215      0.000      0.000      110
  33    0.0  1000.0    0  180014     130     405      61 ( 0.196%)   19625 (78.6%)   12.119     -5419.    -12.119      0.000      0.000      113
  34    0.0  1000.0    0  170397     112     262      54 ( 0.173%)   19621 (78.6%)   13.696     -5471.    -13.696      0.000      0.000      117
  35    0.0  1000.0    0  135789     115     247      57 ( 0.183%)   19629 (78.6%)   11.754     -5419.    -11.754      0.000      0.000      120
  36    0.0  1000.0    0  138128     127     272      49 ( 0.157%)   19776 (79.2%)   12.864     -5455.    -12.864      0.000      0.000      125
  37    0.0  1000.0    0  118183      97     208      45 ( 0.145%)   19723 (79.0%)   11.754     -5425.    -11.754      0.000      0.000      121
  38    0.0  1000.0    0  164929     125     237      55 ( 0.177%)   19760 (79.2%)   11.962     -5426.    -11.962      0.000      0.000      136
  39    0.0  1000.0    0  139427     119     254      46 ( 0.148%)   19865 (79.6%)   12.202     -5470.    -12.202      0.000      0.000      135
  40    0.0  1000.0    0  134707     117     234      48 ( 0.154%)   19910 (79.8%)   12.202     -5472.    -12.202      0.000      0.000      140
  41    0.0  1000.0    0  115280     120     245      48 ( 0.154%)   19914 (79.8%)   12.034     -5476.    -12.034      0.000      0.000      143
  42    0.0  1000.0    0  143709     135     276      49 ( 0.157%)   19941 (79.9%)   12.034     -5478.    -12.034      0.000      0.000      156
  43    0.0  1000.0    0   98829     118     233      39 ( 0.125%)   19995 (80.1%)   12.034     -5480.    -12.034      0.000      0.000      152
  44    0.0  1000.0    0   90671     118     234      49 ( 0.157%)   20068 (80.4%)   12.034     -5477.    -12.034      0.000      0.000      165
  45    0.0  1000.0    0  123588     133     283      48 ( 0.154%)   20016 (80.2%)   13.898     -5527.    -13.898      0.000      0.000      172
  46    0.0  1000.0    0  115348      89     182      45 ( 0.145%)   20080 (80.4%)   13.898     -5534.    -13.898      0.000      0.000      179
  47    0.0  1000.0    0  137796      82     259      39 ( 0.125%)   20059 (80.4%)   13.121     -5483.    -13.121      0.000      0.000      177
  48    0.0  1000.0    0  143629      87     264      41 ( 0.132%)   20128 (80.6%)   12.429     -5518.    -12.429      0.000      0.000      178
  49    0.0  1000.0    0  179955     104     413      40 ( 0.129%)   20149 (80.7%)   12.210     -5633.    -12.210      0.000      0.000      180
  50    0.0  1000.0    0  113314     106     255      43 ( 0.138%)   20157 (80.8%)   12.409     -5636.    -12.409      0.000      0.000      179
Routing failed.

Failed routing attempt
Total number of overused nodes: 43
Total number of overused nodes is larger than the logging limit (20).
Displaying the first 20 entries.
Routing Failure Diagnostics: Printing Overused Nodes Information
------ ------- ---------- --------- -------- ------------ ------- ------- ------- ------- ------- ------- -------
   No.  NodeId  Occupancy  Capacity  RR Node    Direction    Side     PTC   Block    Xlow    Ylow   Xhigh   Yhigh
                                        type                          NUM    Name                                 
------ ------- ---------- --------- -------- ------------ ------- ------- ------- ------- ------- ------- -------
     0   12175          2         1     IPIN          N/A  BOTTOM       2     clb       7       2       7       2
     1   12204          2         1     IPIN          N/A    LEFT      31     clb       7       2       7       2
     2   12378          2         1     IPIN          N/A    LEFT      55     clb       7       3       7       3
     3   12815          2         1     IPIN          N/A  BOTTOM      42     clb       7       6       7       6
     4   13919          2         1     IPIN          N/A     TOP       0     clb       8       1       8       1
     5   13938          2         1     IPIN          N/A    LEFT      19     clb       8       1       8       1
     6   14112          2         1     IPIN          N/A    LEFT      43     clb       8       2       8       2
     7   14725          2         1     IPIN          N/A     TOP      56     clb       8       6       8       6
     8   15967          2         1     IPIN          N/A  BOTTOM       2     clb       9       2       9       2
     9   15977          2         1     IPIN          N/A     TOP      12     clb       9       2       9       2
    10   16141          2         1     IPIN          N/A  BOTTOM      26     clb       9       3       9       3
    11   16285          2         1     IPIN          N/A     TOP      20     clb       9       4       9       4
    12   16316          2         1     IPIN          N/A    LEFT      51     clb       9       4       9       4
    13   16415          2         1     IPIN          N/A     TOP       0     clb       9       5       9       5
    14   16474          2         1     IPIN          N/A    LEFT      59     clb       9       5       9       5
    15   16585          2         1     IPIN          N/A     TOP      20     clb       9       6       9       6
    16   16917          2         1     IPIN          N/A     TOP      52     clb       9       8       9       8
    17   18029          2         1     IPIN          N/A  BOTTOM      18     clb      10       3      10       3
    18   18064          2         1     IPIN          N/A   RIGHT      53     clb      10       3      10       3
    19   18350          2         1     IPIN          N/A    LEFT      39     clb      10       5      10       5

Final Net Connection Criticality Histogram:
[        0:      0.1) 439 ( 15.2%) |********************************************
[      0.1:      0.2) 450 ( 15.6%) |*********************************************
[      0.2:      0.3) 473 ( 16.4%) |***********************************************
[      0.3:      0.4) 451 ( 15.6%) |*********************************************
[      0.4:      0.5) 434 ( 15.1%) |*******************************************
[      0.5:      0.6) 218 (  7.6%) |**********************
[      0.6:      0.7)  97 (  3.4%) |**********
[      0.7:      0.8)  75 (  2.6%) |*******
[      0.8:      0.9) 105 (  3.6%) |**********
[      0.9:        1) 141 (  4.9%) |**************
Router Stats: total_nets_routed: 12513 total_connections_routed: 31681 total_heap_pushes: 7536621 total_heap_pops: 2936449 
Serial Connection Router is being destroyed. Time spent on path search: 1.426 seconds.
# Routing took 2.05 seconds (max_rss 99.1 MiB, delta_rss +0.0 MiB)
Circuit is unroutable with a channel width factor of 80.
For a detailed report on the RR node overuse information (report_overused_nodes.rpt), specify --generate_rr_node_overuse_report on.
Incr Slack updates 51 in 0.005186 sec
Full Max Req/Worst Slack updates 22 in 0.000600223 sec
Incr Max Req/Worst Slack updates 29 in 0.00101634 sec
Incr Criticality updates 9 in 0.00194485 sec
Full Criticality updates 42 in 0.0113445 sec

*****************************************************************************************
Warning 10: The following analysis results are for an illegal circuit implementation
*****************************************************************************************
Warning 11: Synchronization between packing and routing results was not applied due to illegal circuit implementation


Average number of bends per net: 2.77906  Maximum # of bends: 78

Number of global nets: 3
Number of routed nets (nonglobal): 1041
Wire length results (in units of 1 clb segments)...
	Total wirelength: 20157, average net length: 19.3631
	Maximum net length: 595

Wire length results in terms of physical segments...
	Total wiring segments used: 5517, average wire segments per net: 5.29971
	Maximum segments used by a net: 154
	Total local nets with reserved CLB opins: 0
Total number of nets absorbed: 9

Routing channel utilization histogram:
[        1:      inf)   5 (  1.5%) |**
[      0.9:        1)  75 ( 22.2%) |***********************************
[      0.8:      0.9) 102 ( 30.2%) |***********************************************
[      0.7:      0.8) 100 ( 29.6%) |**********************************************
[      0.5:      0.6)  23 (  6.8%) |***********
[      0.4:      0.5)   7 (  2.1%) |***
[      0.3:      0.4)   0 (  0.0%) |
[      0.2:      0.3)   0 (  0.0%) |
[      0.1:      0.2)   0 (  0.0%) |
[        0:      0.1)  26 (  7.7%) |************
Maximum routing channel utilization:         1 at (8,0)

X - Directed channels: layer   y   max occ   ave occ   ave cap
                        ----- ---- -------- -------- --------
                            0    0       82   75.083       80
                            0    1       77   67.250       80
                            0    2       74   66.167       80
                            0    3       76   67.000       80
                            0    4       74   65.583       80
                            0    5       77   67.167       80
                            0    6       73   64.333       80
                            0    7       71   60.417       80
                            0    8       68   58.333       80
                            0    9       70   61.833       80
                            0   10       65   55.917       80
                            0   11       65   54.667       80
                            0   12       81   72.083       80
Y - Directed channels: layer   x   max occ   ave occ   ave cap
                        ----- ---- -------- -------- --------
                            0    0       76   68.833       80
                            0    1       65   55.917       80
                            0    2       70   58.917       80
                            0    3       74   63.667       80
                            0    4       75   65.000       80
                            0    5       69   57.917       80
                            0    6       73   63.167       80
                            0    7       74   65.750       80
                            0    8       76   69.583       80
                            0    9       76   68.250       80
                            0   10       77   68.500       80
                            0   11       74   63.500       80
                            0   12       80   74.917       80

Total existing wires segments: CHANX     12480, CHANY     12480, CHANZ         0, ALL     24960
Total used wires segments:     CHANX     10030, CHANY     10127, CHANZ         0, ALL     20157
Usage percentage:              CHANX     80.4%, CHANY     81.1%, CHANZ      0.0%, ALL     80.8%

Logic area (in minimum width transistor areas, excludes I/Os and empty grid tiles)...
	Total logic block area (Warning, need to add pitch of routing to blocks with height > 3): 4.93594e+06
	Total used logic block area: 3.12536e+06

Routing area (in minimum width transistor areas)...
	Total routing area: 1.20987e+06, per logic tile: 6172.79

Total Number of Wiring Segments by Direction: direction length number
                                              --------- ------ -------
                                                      X      4   3412
                                                      Y      4   3412
                                                      X     16    210
                                                      Y     16    210

X - Directed Wiring Segment usage by length: length utilization
                                             ------ -----------
                                             4       0.758
                                            16       0.757

Y - Directed Wiring Segment usage by length: length utilization
                                             ------ -----------
                                             4       0.766
                                            16       0.752

Segment occupancy by length: Length Occupancy Capacity Utilization
                             ------ --------- -------- -----------
                             L4          5200     6824       0.762
                             L16          317      420       0.755

Segment occupancy by type: name type utilization
                           ---- ---- -----------
                             L4    0       0.762
                            L16    1       0.755

Final hold Worst Negative Slack (hWNS): 0 ns
Final hold Total Negative Slack (hTNS): 0 ns
Final hold Worst Skew (hWS): 0 ns

Final hold slack histogram:
[  1.9e-10:  5.1e-10) 828 ( 89.1%) |***********************************************
[  5.1e-10:  8.2e-10)  58 (  6.2%) |***
[  8.2e-10:  1.1e-09)  25 (  2.7%) |*
[  1.1e-09:  1.4e-09)  13 (  1.4%) |*
[  1.4e-09:  1.8e-09)   2 (  0.2%) |
[  1.8e-09:  2.1e-09)   2 (  0.2%) |
[  2.1e-09:  2.4e-09)   0 (  0.0%) |
[  2.4e-09:  2.7e-09)   0 (  0.0%) |
[  2.7e-09:    3e-09)   0 (  0.0%) |
[    3e-09:  3.3e-09)   1 (  0.1%) |

Final critical path delay (least slack): 12.4094 ns, Fmax: 80.5838 MHz
Final critical path skew: -0.04243 ns
Final setup Worst Negative Slack (sWNS): -12.4094 ns
Final setup Total Negative Slack (sTNS): -5636.03 ns
Final setup Worst Skew (sWS): -0.04243 ns

Final setup slack histogram:
[ -1.2e-08: -1.1e-08)  25 (  2.7%) |***
[ -1.1e-08:   -1e-08)   4 (  0.4%) |
[   -1e-08: -8.8e-09)  16 (  1.7%) |**
[ -8.8e-09: -7.6e-09)  97 ( 10.4%) |**********
[ -7.6e-09: -6.5e-09) 106 ( 11.4%) |***********
[ -6.5e-09: -5.3e-09) 456 ( 49.1%) |***********************************************
[ -5.3e-09: -4.1e-09) 166 ( 17.9%) |*****************
[ -4.1e-09: -2.9e-09)  13 (  1.4%) |*
[ -2.9e-09: -1.7e-09)   6 (  0.6%) |*
[ -1.7e-09: -4.9e-10)  40 (  4.3%) |****

Final geomean non-virtual intra-domain period: 12.4094 ns (80.5838 MHz)
Final fanout-weighted geomean non-virtual intra-domain period: 12.4094 ns (80.5838 MHz)

Incr Slack updates 1 in 9.3908e-05 sec
Full Max Req/Worst Slack updates 1 in 2.7076e-05 sec
Incr Max Req/Worst Slack updates 0 in 0 sec
Incr Criticality updates 0 in 0 sec
Full Criticality updates 1 in 0.000261603 sec
VPR failed to implement circuit
The entire flow of VPR took 6.02 seconds (max_rss 99.1 MiB)

