VPR FPGA Placement and Routing.
Version: 9.0.0-dev+v8.0.0-18248-g40f8d19708
Revision: v8.0.0-18248-g40f8d19708
Compiled: 2026-09-22T03:43:48
Compiler: GNU 13.3.0 on Linux-5.15.0-119-generic x86_64
Build Info: release IPO VTR_ASSERT_LEVEL=2

University of Toronto
verilogtorouting.org
vtr-users@googlegroups.com
This is free open source code under MIT license.

VPR was run with the following command-line:
/inspire/hdd/project/project-public/changshunjie-253114010247/changshunjie-253114010247/workspace/DAC2027/vtr/vtr-verilog-to-routing/vpr/vpr /inspire/hdd/project/project-public/changshunjie-253114010247/changshunjie-253114010247/workspace/DAC2027/vtr/vtr-verilog-to-routing/vtr_flow/arch/COFFE_22nm/k6FracN10LB_mem20K_complexDSP_customSB_22nm.xml /inspire/hdd/project/project-public/changshunjie-253114010247/changshunjie-253114010247/workspace/DAC2027/TailCompile/experiments/vtr/runs/pilot_v1/attention_layer/full-seed1-w300/attention_layer.pre-vpr.blif --analytical_place --route --analysis --ap_full_legalizer flat-recon --ap_detailed_placer annealer --seed 12 --route_chan_width 120 --write_flat_place /inspire/hdd/project/project-public/changshunjie-253114010247/changshunjie-253114010247/workspace/DAC2027/TailCompile/vtr_work/tailcompile_v3/attention_layer/4x4/gnn_candidate-fp06f3cd95-flat-recon-annealer-seed12-w120-devw88/post_route.fplace --write_legalized_flat_place /inspire/hdd/project/project-public/changshunjie-253114010247/changshunjie-253114010247/workspace/DAC2027/TailCompile/vtr_work/tailcompile_v3/attention_layer/4x4/gnn_candidate-fp06f3cd95-flat-recon-annealer-seed12-w120-devw88/post_legalizer.fplace --flat_place_verbosity 1 --device_width 88 --net_file /inspire/hdd/project/project-public/changshunjie-253114010247/changshunjie-253114010247/workspace/DAC2027/TailCompile/vtr_work/tailcompile_v3/attention_layer/4x4/gnn_candidate-fp06f3cd95-flat-recon-annealer-seed12-w120-devw88/attention_layer.locked-input.net --read_flat_place /inspire/hdd/global_user/changshunjie-253114010247/workspace/DAC2027/TailCompile/experiments/vtr/tailcompile_v3/attention_layer/4x4/pools/bootstrap_24/candidate_04_seed13031.fplace

Using up to 1 parallel worker(s)

Architecture file: /inspire/hdd/project/project-public/changshunjie-253114010247/changshunjie-253114010247/workspace/DAC2027/vtr/vtr-verilog-to-routing/vtr_flow/arch/COFFE_22nm/k6FracN10LB_mem20K_complexDSP_customSB_22nm.xml
Circuit name: attention_layer.pre-vpr

# Loading Architecture Description
# Loading Architecture Description took 0.04 seconds (max_rss 31.1 MiB, delta_rss +0.0 MiB)

Timing analysis: ON
Circuit netlist file: /inspire/hdd/project/project-public/changshunjie-253114010247/changshunjie-253114010247/workspace/DAC2027/TailCompile/vtr_work/tailcompile_v3/attention_layer/4x4/gnn_candidate-fp06f3cd95-flat-recon-annealer-seed12-w120-devw88/attention_layer.locked-input.net
Circuit placement file: attention_layer.pre-vpr.place
Circuit routing file: attention_layer.pre-vpr.route
Circuit SDC file: attention_layer.pre-vpr.sdc
Vpr floorplanning constraints file: not specified

Packer: DISABLED
Placer: DISABLED
Analytical Placer: ENABLED
Router: ENABLED
Analysis: ENABLED

VPR was run with the following options:

netlist_opts.absorb_buffer_luts            : true
netlist_opts.sweep_dangling_primary_ios    : true
netlist_opts.sweep_dangling_nets           : true
netlist_opts.sweep_dangling_blocks         : true
netlist_opts.sweep_constant_primary_outputs: false
netlist_opts.netlist_verbosity             : 1
netlist_opts.const_gen_inference           : COMB_SEQ

AnalyticalPlacerOpts.analytical_solver_type: lp-b2b
AnalyticalPlacerOpts.partial_legalizer_type: bipartitioning
AnalyticalPlacerOpts.full_legalizer_type: flat-recon
AnalyticalPlacerOpts.detailed_placer_type: annealer
AnalyticalPlacerOpts.ap_timing_tradeoff: 0.500000
AnalyticalPlacerOpts.ap_high_fanout_threshold: 256
AnalyticalPlacerOpts.log_verbosity: 1
router_opts.route_type: DETAILED
router_opts.flat_routing: false
router_opts.choke_points: on
router_opts.router_algorithm: TIMING_DRIVEN
router_opts.base_cost_type: DELAY_NORMALIZED_LENGTH
router_opts.fixed_channel_width: 120
router_opts.check_route: FULL
router_opts.acc_fac: 1.000000
router_opts.bb_factor: 3
router_opts.bend_cost: 0.000000
router_opts.first_iter_pres_fac: 0.000000
router_opts.initial_pres_fac: 0.500000
router_opts.pres_fac_mult: 1.300000
router_opts.max_pres_fac: 1000.000000
router_opts.max_router_iterations: 50
router_opts.min_incremental_reroute_fanout: 16
router_opts.initial_acc_cost_chan_congestion_threshold: 0.500000
router_opts.initial_acc_cost_chan_congestion_weight: 0.500000
router_opts.do_check_rr_graph: true
router_opts.verify_binary_search: false
router_opts.min_channel_width_hint: 0
router_opts.read_rr_edge_metadata: false
router_opts.exit_after_first_routing_iteration: false
router_opts.astar_fac: 1.200000
router_opts.astar_offset: 0.000000
router_opts.router_profiler_astar_fac: 1.200000
router_opts.enable_parallel_connection_router: false
router_opts.post_target_prune_fac: 1.200000
router_opts.post_target_prune_offset: 0
router_opts.multi_queue_num_threads: 1
router_opts.multi_queue_num_queues: 2
router_opts.multi_queue_direct_draining: false
router_opts.criticality_exp: 1.000000
router_opts.max_criticality: 0.990000
router_opts.init_wirelength_abort_threshold: 0.850000
router_opts.incr_reroute_delay_ripup: AUTO
router_opts.save_routing_per_iteration: false
router_opts.congested_routing_iteration_threshold_frac: 1.000000
router_opts.high_fanout_threshold: 64
router_opts.router_debug_net: -2
router_opts.router_debug_sink_rr: -2
router_opts.router_debug_iteration: -2
router_opts.max_convergence_count: 1
router_opts.reconvergence_cpd_threshold: 0.990000
router_opts.update_lower_bound_delays: true
router_opts.first_iteration_timing_report_file: 
router_opts.route_bb_update: DYNAMIC
router_opts.lookahead_type: MAP
router_opts.initial_timing: LOOKAHEAD
router_opts.router_heap: FOUR_ARY_HEAP
router_opts.routing_failure_predictor = SAFE
router_opts.routing_predictor_min_history: 8
router_opts.routing_budgets_algorithm = DISABLE

analysis_opts.gen_post_synthesis_netlist: false
analysis_opts.gen_post_implementation_merged_netlist: false
analysis_opts.gen_post_implementation_sdc: false
analysis_opts.timing_report_npaths: 100
analysis_opts.timing_report_skew: false
analysis_opts.echo_dot_timing_graph_node: -1
analysis_opts.timing_report_detail: NETLIST
analysis_opts.post_synth_netlist_unconn_input_handling: UNCONNECTED
analysis_opts.post_synth_netlist_unconn_output_handling: UNCONNECTED
analysis_opts.post_synth_netlist_module_parameters: on

# Building complex block graph
# Building complex block graph took 0.10 seconds (max_rss 31.1 MiB, delta_rss +0.0 MiB)
Circuit file: /inspire/hdd/project/project-public/changshunjie-253114010247/changshunjie-253114010247/workspace/DAC2027/TailCompile/experiments/vtr/runs/pilot_v1/attention_layer/full-seed1-w300/attention_layer.pre-vpr.blif
# Load circuit
Found 4 constant generator(s) in the netlist (2 constant-zero, 2 constant-one) (run with --netlist_verbosity 2 to list names)
# Load circuit took 0.68 seconds (max_rss 134.5 MiB, delta_rss +103.4 MiB)
# Clean circuit
Absorbed 7975 LUT buffers
Found 1090 primitive output pin(s) driven only by constants; marked them as constants
Swept input(s)      : 7
Swept output(s)     : 0 (0 dangling, 0 constant)
Swept net(s)        : 10126
Swept block(s)      : 33
Constant Pins Marked: 1090
# Clean circuit took 0.17 seconds (max_rss 134.5 MiB, delta_rss +0.0 MiB)
# Compress circuit
# Compress circuit took 0.08 seconds (max_rss 134.5 MiB, delta_rss +0.0 MiB)
# Verify circuit
# Verify circuit took 0.02 seconds (max_rss 134.5 MiB, delta_rss +0.0 MiB)
Circuit Statistics:
  Blocks: 40113
    .input            :    1052
    .latch            :    8844
    .names            :   17218
        0-LUT:       3
        1-LUT:    5989
        2-LUT:     920
        3-LUT:    4530
        4-LUT:    3023
        5-LUT:    1163
        6-LUT:    1590
    .output           :      32
    adder             :    9150
    addition_fp_clk_16:       1
    dual_port_ram     :    3680
    multiply          :     136
  Nets  : 50065
    Avg Fanout:     2.9
    Max Fanout: 12525.0
    Min Fanout:     1.0
  Netlist Clocks: 1
# Build Timing Graph
  Timing Graph Nodes: 245193
  Timing Graph Edges: 446068
  Timing Graph Levels: 66
# Build Timing Graph took 0.29 seconds (max_rss 193.9 MiB, delta_rss +57.3 MiB)
Netlist contains 1 clocks
  Netlist Clock 'clk' Fanout: 12525 pins (6.5%), 12525 blocks (31.2%)
# Load Timing Constraints

SDC file 'attention_layer.pre-vpr.sdc' not found
Setting default timing constraints:
   * constrain all primary inputs and primary outputs on netlist clock 'clk'
   * optimize netlist clock to run as fast as possible
Timing constraints created 1 clocks
  Constrained Clock 'clk' Source: 'clk.inpad[0]'

# Load Timing Constraints took 0.00 seconds (max_rss 193.9 MiB, delta_rss +0.0 MiB)
# Analytical Placement
## Prepacker

There is one chain in this architecture called "chain" with the following starting points:
	clb[0]/lab[0]/fle[0]/ble5[0]/arithmetic[0]/adder[0].cin[0]

## Prepacker took 0.06 seconds (max_rss 193.9 MiB, delta_rss +0.0 MiB)
## Initializing Pre-Cluster Timing
Using inter-cluster delay: 2.1832e-09
## Initializing Pre-Cluster Timing took 0.54 seconds (max_rss 199.0 MiB, delta_rss +5.1 MiB)
## Estimate Device Size
Device layout 'auto' with fixed width 88.
FPGA sized to 88 x 88: 7744 grid tiles (auto)
## Estimate Device Size took 0.00 seconds (max_rss 199.0 MiB, delta_rss +0.0 MiB)
## Ram Mapper
Flat Placement is provided, skipping the RAM mapping.
## Ram Mapper took 0.00 seconds (max_rss 199.0 MiB, delta_rss +0.0 MiB)
## Read Atom Netlist to AP Netlist
## Read Atom Netlist to AP Netlist took 0.34 seconds (max_rss 269.6 MiB, delta_rss +70.6 MiB)
Analytical Placement Netlist Statistics:
	AP Blocks: 25061
		Moveable AP Blocks: 25061
		Fixed AP Blocks: 0
	AP Nets: 34982
		Average Fanout: 2.94
		Highest Fanout: 257
	AP Pins: 193913

## Computing placement delta delay look-up
### Build routing resource graph
### Build routing resource graph took 5.41 seconds (max_rss 673.4 MiB, delta_rss +403.8 MiB)
  RR Graph Nodes: 1544620
  RR Graph Edges: 13178036
### Computing router lookahead map
#### Computing wire lookahead
#### Computing wire lookahead took 5.98 seconds (max_rss 673.4 MiB, delta_rss +0.0 MiB)
#### Computing src/opin lookahead
Warning 1: Found no more sample locations for SOURCE in io
Warning 2: Found no more sample locations for OPIN in io
Warning 3: Found no more sample locations for SOURCE in clb
Warning 4: Found no more sample locations for OPIN in clb
Warning 5: Found no more sample locations for SOURCE in dsp_top
Warning 6: Found no more sample locations for OPIN in dsp_top
Warning 7: Found no more sample locations for SOURCE in memory
Warning 8: Found no more sample locations for OPIN in memory
#### Computing src/opin lookahead took 0.26 seconds (max_rss 673.4 MiB, delta_rss +0.0 MiB)
### Computing router lookahead map took 6.27 seconds (max_rss 673.4 MiB, delta_rss +0.0 MiB)
Serial Connection Router is being destroyed. Time spent on path search: 0.000 seconds.
## Computing placement delta delay look-up took 12.02 seconds (max_rss 673.4 MiB, delta_rss +403.8 MiB)
Flat Placement is provided in the AP flow, skipping the Global Placement.
0 of 25061 molecules placed at device center (no atoms of these molecules found in flat placement).
## AP Full Legalizer
### Creating Clusters
Device (width, height): (88,88)
#### Sorting and Grouping Blocks by Tile
#### Sorting and Grouping Blocks by Tile took 0.01 seconds (max_rss 673.4 MiB, delta_rss +0.0 MiB)
#### Reconstruction Pass Clustering
#### Reconstruction Pass Clustering took 68.83 seconds (max_rss 673.4 MiB, delta_rss +0.0 MiB)
#### Orphan Window Clustering with search radius 8
#### Orphan Window Clustering with search radius 8 took 0.02 seconds (max_rss 673.4 MiB, delta_rss +0.0 MiB)
FPGA sized to 88 x 88: 7744 grid tiles (auto)
Device Utilization: 0.28 (target 1.00)
	Block Utilization: 0.39 Type: io
	Block Utilization: 0.19 Type: clb
	Block Utilization: 0.85 Type: dsp_top
	Block Utilization: 0.75 Type: memory

----------------------------------------------------------------
                       Clustering Summary                       
----------------------------------------------------------------
Clusters created (Self Clustering)                       : 2605
    dsp_top    : 107
    memory     : 194
    clb        : 1220
    io         : 1084
Clusters created (Orphan Window Clustering)              : 14
    clb        : 14
Total clusters                                           : 2619
Percent of clusters created in Orphan Window Clustering  : 0.53%
Molecules clustered in each stage breakdown  : (Total of 25061)
	Self Clustering          (0.998963)  : 25035
 	Neighbor Clustering      (0.000000)  : 0
	Orphan Window Clustering (0.001037)  : 26
----------------------------------------------------------------

Final Clustering Statistics: 
----------   --------   ------------------------------------   --------------------------
Block Type   # Blocks   Avg. # of input clocks and pins used   Avg. # of output pins used
----------   --------   ------------------------------------   --------------------------
     EMPTY          0                                      0                            0   
        io       1084                              0.0295203                      0.97048   
       clb       1234                                27.9692                      15.3752   
   dsp_top        107                                40.9813                      20.1869   
    memory        194                                49.6598                      18.9691   
Absorbed logical nets 24200 out of 50065 nets, 25865 nets not absorbed.
#### Load packing
##### Loading packed FPGA netlist file.
Netlist generated from file '/inspire/hdd/project/project-public/changshunjie-253114010247/changshunjie-253114010247/workspace/DAC2027/TailCompile/vtr_work/tailcompile_v3/attention_layer/4x4/gnn_candidate-fp06f3cd95-flat-recon-annealer-seed12-w120-devw88/attention_layer.locked-input.net'.
Detected 3 constant generators (to see names run with higher pack verbosity)
##### Loading packed FPGA netlist file. took 2.61 seconds (max_rss 733.0 MiB, delta_rss +59.6 MiB)
Warning 9: Treated 2 constant nets as global which will not be routed (to see net names increase packer verbosity).
Netlist contains 5542 global net to non-global architecture pin connections
Found 2 logic block(s) with only 1 output pin and no inputs; they may be constant generators (run with --pack_verbosity 3 to list them)
Completed clustering consistency check successfully.
Cluster level netlist and block usage statistics
Netlist num_nets: 25865
Netlist num_blocks: 2619
Netlist EMPTY blocks: 0.
Netlist io blocks: 1084.
Netlist clb blocks: 1234.
Netlist dsp_top blocks: 107.
Netlist memory blocks: 194.
Netlist inputs pins: 1052
Netlist output pins: 32

Pb types usage...
  io                   : 1084
   inpad               : 1052
   outpad              : 32
  clb                  : 1234
   lab                 : 1234
    fle                : 11239
     ble5              : 19054
      flut5            : 9904
       lut5            : 9613
        lut            : 9613
       ff              : 8130
      arithmetic       : 9150
       lut4            : 6015
        lut            : 6015
       adder           : 9150
     ble6              : 1590
      lut6             : 1590
       lut             : 1590
      ff               : 714
  dsp_top              : 107
   dsp                 : 107
    dsp_pb             : 107
     two_mult_18x19    : 136
      mult_18x19       : 136
     adder_fp16        : 1
  memory               : 194
   mem_1024x20_dp      : 194
    memory_slice       : 3680

#### Load packing took 3.05 seconds (max_rss 733.0 MiB, delta_rss +59.6 MiB)
Netlist contains 5542 global net to non-global architecture pin connections
Found 2 logic block(s) with only 1 output pin and no inputs; they may be constant generators (run with --pack_verbosity 3 to list them)
Cluster level netlist and block usage statistics
Netlist num_nets: 25865
Netlist num_blocks: 2619
Netlist EMPTY blocks: 0.
Netlist io blocks: 1084.
Netlist clb blocks: 1234.
Netlist dsp_top blocks: 107.
Netlist memory blocks: 194.
Netlist inputs pins: 1052
Netlist output pins: 32
### Creating Clusters took 73.32 seconds (max_rss 733.0 MiB, delta_rss +59.6 MiB)
Completed clustering consistency check successfully.
FPGA sized to 88 x 88: 7744 grid tiles (auto)
### Compressed grid construction
### Compressed grid construction took 0.00 seconds (max_rss 733.0 MiB, delta_rss +0.0 MiB)
### Initial Placement
Placing clusters that are part of larger macros...
Number of blocks to be placed: 16
Max distance on device: 176
---- ---------- ---------- -------------
Pass Max Displ. Num Blocks Num Blocks   
     Threshold  Placed     Left Unplaced
---- ---------- ---------- -------------
   0          0         12             4
   1          1          4             0

Placing general clusters...
Number of blocks to be placed: 2603
Max distance on device: 176
---- ---------- ---------- -------------
Pass Max Displ. Num Blocks Num Blocks   
     Threshold  Placed     Left Unplaced
---- ---------- ---------- -------------
   0          0       2585            18
   1          1          4            14
   2          2         10             4
   3          4          4             0

### Initial Placement took 0.01 seconds (max_rss 733.0 MiB, delta_rss +0.0 MiB)
Flat Placement Reconstruction Info:
	Percent of clusters with reconstruction errors: 0.305460
	Total displacement of initial placement from flat placement: 17065.000000
	Average atom displacement of initial placement from flat placement: 0.425423
	Max atom displacement of initial placement from flat placement: 68.000000
	Percent of atoms misplaced from the flat placement: 2.016803
## AP Full Legalizer took 73.71 seconds (max_rss 733.0 MiB, delta_rss +59.6 MiB)

Resource usage...
	Netlist
		1084	blocks of type: io
	Architecture
		2752	blocks of type: io
	Netlist
		1234	blocks of type: clb
	Architecture
		6376	blocks of type: clb
	Netlist
		107	blocks of type: dsp_top
	Architecture
		126	blocks of type: dsp_top
	Netlist
		194	blocks of type: memory
	Architecture
		258	blocks of type: memory

Device Utilization: 0.28 (target 1.00)
	Physical Tile io:
	Block Utilization: 0.39 Logical Block: io
	Physical Tile clb:
	Block Utilization: 0.19 Logical Block: clb
	Physical Tile dsp_top:
	Block Utilization: 0.85 Logical Block: dsp_top
	Physical Tile memory:
	Block Utilization: 0.75 Logical Block: memory

## Computing placement delta delay look-up
RR graph channel widths unchanged, skipping RR graph rebuild
Serial Connection Router is being destroyed. Time spent on path search: 0.000 seconds.
## Computing placement delta delay look-up took 0.02 seconds (max_rss 733.0 MiB, delta_rss +0.0 MiB)
Using simple RL 'Softmax agent' for choosing move and block types

Completed placement consistency check successfully.
Initial placement cost: 1 bb_cost: 8793.39 td_cost: 1.60768e-05
Initial placement BB estimate of wirelength: 1.05477e+06
Initial placement estimated Critical Path Delay (CPD): 17.9879 ns
Initial placement estimated setup Total Negative Slack (sTNS): -127937 ns
Initial placement estimated setup Worst Negative Slack (sWNS): -17.9879 ns

Initial placement estimated setup slack histogram:
[ -1.8e-08: -1.6e-08)     3 (  0.0%) |
[ -1.6e-08: -1.4e-08)     9 (  0.0%) |
[ -1.4e-08: -1.3e-08)    25 (  0.0%) |
[ -1.3e-08: -1.1e-08)    63 (  0.1%) |
[ -1.1e-08: -9.1e-09)   278 (  0.5%) |
[ -9.1e-09: -7.3e-09)   638 (  1.2%) |*
[ -7.3e-09: -5.5e-09)  1317 (  2.5%) |**
[ -5.5e-09: -3.8e-09)  2272 (  4.3%) |****
[ -3.8e-09:   -2e-09) 26406 ( 50.0%) |*********************************************
[   -2e-09: -1.9e-10) 21751 ( 41.2%) |*************************************
Placement contains 8 placement macros involving 16 blocks (average macro size 2.000000)

Moves per temperature: 18045
## AP Detailed Placer

---- ------ ------- ------- ---------- ---------- ------- ---------- -------- ------- ------- ------ -------- --------- ------
Tnum  Time     T    AvCost  Av BB Cost Av TD Cost   CPD      sTNS      sWNS   AcRate  StdDev  R lim  CritExp  TotMoves  Alpha 
     (sec)                                          (ns)     (ns)      (ns)                                                   
---- ------ ------- ------- ---------- ---------- ------- ---------- -------- ------- ------- ------ -------- --------- ------
   1    0.2 7.8e-04   0.994    7418.24 1.4011e-05  15.895  -1.19e+05  -15.895   0.836  0.0169   87.0     1.00      18045  1.000
   2    0.2 7.1e-04   0.978    7100.99 1.6953e-05  12.845  -1.17e+05  -12.845   0.828  0.0117   87.0     1.00      36090  0.900
   3    0.2 6.4e-04   0.976    6902.72 1.7164e-05  12.411  -1.19e+05  -12.411   0.819  0.0089   87.0     1.00      54135  0.900
   4    0.2 5.7e-04   0.962    6564.51 1.6026e-05  12.695  -1.17e+05  -12.695   0.799  0.0179   87.0     1.00      72180  0.900
   5    0.2 5.4e-04   0.967    6255.70 1.6921e-05  11.650  -1.19e+05  -11.650   0.789  0.0170   87.0     1.00      90225  0.950
   6    0.2 5.2e-04   0.958    5965.64 1.5299e-05  12.638  -1.19e+05  -12.638   0.775  0.0159   87.0     1.00     108270  0.950
   7    0.2 4.9e-04   0.971    5709.69 1.368e-05   13.753  -1.17e+05  -13.753   0.755  0.0100   87.0     1.00     126315  0.950
   8    0.2 4.7e-04   0.950    5340.45 1.5139e-05  11.848  -1.16e+05  -11.848   0.752  0.0189   87.0     1.00     144360  0.950
   9    0.2 4.4e-04   0.973    5134.51 1.3642e-05  12.612  -1.16e+05  -12.612   0.734  0.0166   87.0     1.00     162405  0.950
  10    0.2 4.2e-04   0.965    4941.91 1.5117e-05  11.114  -1.14e+05  -11.114   0.740  0.0147   87.0     1.00     180450  0.950
  11    0.2 4.0e-04   0.981    4737.57 1.4298e-05  11.438  -1.12e+05  -11.438   0.719  0.0061   87.0     1.00     198495  0.950
  12    0.2 3.8e-04   0.970    4561.99 1.5467e-05  10.355  -1.13e+05  -10.355   0.713  0.0105   87.0     1.00     216540  0.950
  13    0.2 3.6e-04   0.974    4321.72 1.3476e-05  11.474  -1.11e+05  -11.474   0.707  0.0113   87.0     1.00     234585  0.950
  14    0.2 3.4e-04   0.984    4194.45 1.4201e-05  10.794  -1.09e+05  -10.794   0.698  0.0102   87.0     1.00     252630  0.950
  15    0.2 3.3e-04   0.981    4004.02 1.4532e-05  10.213   -1.1e+05  -10.213   0.688  0.0122   87.0     1.00     270675  0.950
  16    0.2 3.1e-04   0.977    3835.32 1.5087e-05   9.631  -1.08e+05   -9.631   0.679  0.0124   87.0     1.00     288720  0.950
  17    0.2 2.9e-04   0.985    3686.33 1.4312e-05   9.889  -1.09e+05   -9.889   0.669  0.0051   87.0     1.00     306765  0.950
  18    0.2 2.8e-04   0.975    3617.80 1.525e-05    9.303   -1.1e+05   -9.303   0.656  0.0075   87.0     1.00     324810  0.950
  19    0.2 2.7e-04   0.987    3563.97 1.4614e-05   9.506   -1.1e+05   -9.506   0.648  0.0069   87.0     1.00     342855  0.950
  20    0.2 2.5e-04   0.987    3495.87 1.4784e-05   9.221  -1.08e+05   -9.221   0.649  0.0063   87.0     1.00     360900  0.950
  21    0.2 2.4e-04   0.990    3458.42 1.4422e-05   9.393  -1.06e+05   -9.393   0.638  0.0057   87.0     1.00     378945  0.950
  22    0.2 2.3e-04   0.984    3380.21 1.4792e-05   9.081  -1.08e+05   -9.081   0.639  0.0054   87.0     1.00     396990  0.950
  23    0.2 2.2e-04   0.986    3313.54 1.3171e-05  10.106  -1.08e+05  -10.106   0.626  0.0068   87.0     1.00     415035  0.950
  24    0.2 2.1e-04   0.987    3241.60 1.4632e-05   8.973  -1.07e+05   -8.973   0.622  0.0045   87.0     1.00     433080  0.950
  25    0.2 1.9e-04   0.988    3225.27 1.1992e-05  10.901  -1.08e+05  -10.901   0.606  0.0042   87.0     1.00     451125  0.950
  26    0.2 1.9e-04   0.988    3207.08 1.3633e-05   9.508  -1.07e+05   -9.508   0.597  0.0041   87.0     1.00     469170  0.950
  27    0.2 1.8e-04   0.990    3180.04 1.4599e-05   8.873  -1.07e+05   -8.873   0.592  0.0057   87.0     1.00     487215  0.950
  28    0.2 1.7e-04   0.992    3130.74 1.4473e-05   8.796  -1.05e+05   -8.796   0.581  0.0057   87.0     1.00     505260  0.950
  29    0.2 1.6e-04   0.990    3102.80 1.3924e-05   9.099  -1.05e+05   -9.099   0.572  0.0045   87.0     1.00     523305  0.950
  30    0.2 1.5e-04   0.983    3037.20 1.385e-05    9.017  -1.05e+05   -9.017   0.557  0.0058   87.0     1.00     541350  0.950
  31    0.2 1.4e-04   0.990    3006.83 1.2935e-05   9.622  -1.04e+05   -9.622   0.552  0.0031   87.0     1.00     559395  0.950
  32    0.2 1.4e-04   0.987    2984.05 1.3514e-05   9.203  -1.07e+05   -9.203   0.551  0.0042   87.0     1.00     577440  0.950
  33    0.2 1.3e-04   0.984    2925.35 1.4171e-05   8.667  -1.05e+05   -8.667   0.531  0.0057   87.0     1.00     595485  0.950
  34    0.2 1.2e-04   0.987    2906.08 1.15e-05    10.566  -1.06e+05  -10.566   0.519  0.0060   87.0     1.00     613530  0.950
  35    0.2 1.2e-04   0.986    2871.66 1.3859e-05   8.669  -1.04e+05   -8.669   0.510  0.0039   87.0     1.00     631575  0.950
  36    0.2 1.1e-04   0.991    2837.88 1.1636e-05  10.235  -1.04e+05  -10.235   0.500  0.0047   87.0     1.00     649620  0.950
  37    0.2 1.1e-04   0.988    2799.93 1.3141e-05   8.996  -1.04e+05   -8.996   0.485  0.0044   87.0     1.00     667665  0.950
  38    0.2 1.0e-04   0.990    2770.38 1.3426e-05   8.731  -1.04e+05   -8.731   0.478  0.0030   87.0     1.00     685710  0.950
  39    0.2 9.5e-05   0.989    2757.55 1.2342e-05   9.454  -1.03e+05   -9.454   0.468  0.0058   87.0     1.00     703755  0.950
  40    0.2 9.0e-05   0.989    2726.68 1.3494e-05   8.573  -1.04e+05   -8.573   0.454  0.0043   87.0     1.00     721800  0.950
  41    0.2 8.6e-05   0.992    2681.30 1.3329e-05   8.600  -1.04e+05   -8.600   0.445  0.0033   87.0     1.00     739845  0.950
  42    0.2 8.1e-05   0.993    2662.58 1.2053e-05   9.416  -1.03e+05   -9.416   0.428  0.0033   87.0     1.00     757890  0.950
  43    0.2 7.7e-05   0.990    2640.96 1.2087e-05   8.698  -1.04e+05   -8.698   0.417  0.0035   86.0     1.09     775935  0.950
  44    0.2 7.4e-05   0.988    2606.26 1.0627e-05   8.641  -1.03e+05   -8.641   0.412  0.0054   84.0     1.25     793980  0.950
  45    0.2 7.0e-05   0.992    2590.53 7.4754e-06   9.902  -1.02e+05   -9.902   0.402  0.0036   81.6     1.44     812025  0.950
  46    0.2 6.6e-05   0.992    2575.42 7.4405e-06   8.685  -1.02e+05   -8.685   0.396  0.0027   78.5     1.69     830070  0.950
  47    0.2 6.3e-05   0.991    2561.16 6.4934e-06   8.377  -1.03e+05   -8.377   0.379  0.0045   75.1     1.97     848115  0.950
  48    0.2 6.0e-05   0.988    2541.41 5.1848e-06   8.270  -1.03e+05   -8.270   0.368  0.0045   70.5     2.35     866160  0.950
  49    0.2 5.7e-05   0.992    2519.93 3.5087e-06   8.697  -1.04e+05   -8.697   0.364  0.0034   65.4     2.76     884205  0.950
  50    0.2 5.4e-05   0.991    2498.22 3.241e-06    8.288  -1.06e+05   -8.288   0.355  0.0046   60.4     3.17     902250  0.950
  51    0.2 5.1e-05   0.995    2487.75 2.8167e-06   8.062  -1.03e+05   -8.062   0.346  0.0029   55.2     3.59     920295  0.950
  52    0.2 4.9e-05   0.995    2477.58 1.9591e-06   8.366  -1.06e+05   -8.366   0.335  0.0012   50.0     4.01     938340  0.950
  53    0.2 4.6e-05   0.992    2464.18 1.767e-06    8.173  -1.05e+05   -8.173   0.336  0.0037   44.8     4.44     956385  0.950
  54    0.2 4.4e-05   0.996    2449.25 1.3884e-06   8.270  -1.04e+05   -8.270   0.324  0.0025   40.1     4.81     974430  0.950
  55    0.2 4.2e-05   0.994    2427.39 1.1988e-06   8.270  -1.05e+05   -8.270   0.315  0.0030   35.5     5.19     992475  0.950
  56    0.2 4.0e-05   0.995    2408.95 1.0337e-06   8.253  -1.06e+05   -8.253   0.302  0.0031   31.1     5.55    1010520  0.950
  57    0.2 3.8e-05   0.993    2394.31 9.6881e-07   8.080  -1.05e+05   -8.080   0.303  0.0031   26.8     5.90    1028565  0.950
  58    0.2 3.6e-05   0.997    2392.89 8.6717e-07   8.089  -1.05e+05   -8.089   0.298  0.0017   23.1     6.20    1046610  0.950
  59    0.2 3.4e-05   0.993    2381.18 7.7776e-07   8.071  -1.09e+05   -8.071   0.295  0.0033   19.8     6.47    1064655  0.950
  60    0.2 3.2e-05   0.992    2357.91 4.0993e-07   8.879   -1.1e+05   -8.879   0.286  0.0036   17.0     6.70    1082700  0.950
  61    0.2 3.1e-05   0.990    2351.64 2.4545e-07   9.418  -1.08e+05   -9.418   0.290  0.0043   14.3     6.91    1100745  0.950
  62    0.2 2.9e-05   0.989    2320.50 1.7659e-07   9.921  -1.08e+05   -9.921   0.301  0.0054   12.2     7.09    1118790  0.950
  63    0.2 2.8e-05   0.994    2300.38 4.3424e-07   8.463  -1.07e+05   -8.463   0.281  0.0034   10.5     7.23    1136835  0.950
  64    0.2 2.6e-05   0.997    2287.21 5.8647e-07   8.007  -1.07e+05   -8.007   0.277  0.0014    8.8     7.36    1154880  0.950
  65    0.2 2.5e-05   0.997    2274.65 5.6785e-07   8.007  -1.07e+05   -8.007   0.272  0.0019    7.4     7.48    1172925  0.950
  66    0.2 2.4e-05   0.998    2268.17 5.032e-07    8.077  -1.05e+05   -8.077   0.266  0.0014    6.2     7.58    1190970  0.950
  67    0.2 2.3e-05   0.998    2258.83 4.8369e-07   8.077  -1.07e+05   -8.077   0.256  0.0011    5.1     7.67    1209015  0.950
  68    0.2 2.1e-05   0.996    2246.83 5.6407e-07   7.884  -1.05e+05   -7.884   0.257  0.0019    4.1     7.74    1227060  0.950
  69    0.2 2.0e-05   0.997    2232.83 5.1371e-07   7.914  -1.06e+05   -7.914   0.246  0.0013    3.4     7.81    1245105  0.950
  70    0.2 1.9e-05   0.997    2224.20 5.0032e-07   7.914  -1.05e+05   -7.914   0.256  0.0011    2.7     7.86    1263150  0.950
  71    0.2 1.8e-05   0.997    2215.40 5.0114e-07   7.914  -1.04e+05   -7.914   0.242  0.0012    2.2     7.90    1281195  0.950
  72    0.2 1.7e-05   0.997    2206.52 4.4905e-07   8.007  -1.04e+05   -8.007   0.253  0.0009    1.8     7.94    1299240  0.950
  73    0.2 1.7e-05   0.999    2202.73 4.8416e-07   7.914  -1.05e+05   -7.914   0.248  0.0011    1.5     7.96    1317285  0.950
  74    0.2 1.6e-05   0.999    2197.12 4.005e-07    8.101  -1.05e+05   -8.101   0.244  0.0006    1.2     7.99    1335330  0.950
  75    0.2 1.5e-05   0.999    2192.32 3.9714e-07   8.101  -1.04e+05   -8.101   0.231  0.0004    1.0     8.00    1353375  0.950
  76    0.2 1.4e-05   0.999    2189.48 3.9579e-07   8.101  -1.06e+05   -8.101   0.228  0.0005    1.0     8.00    1371420  0.950
  77    0.2 1.4e-05   0.999    2187.98 4.3e-07      8.007  -1.05e+05   -8.007   0.224  0.0005    1.0     8.00    1389465  0.950
  78    0.2 1.3e-05   0.999    2186.09 4.6782e-07   7.914  -1.05e+05   -7.914   0.216  0.0004    1.0     8.00    1407510  0.950
  79    0.2 1.2e-05   0.999    2182.55 3.8894e-07   8.101  -1.05e+05   -8.101   0.211  0.0005    1.0     8.00    1425555  0.950
  80    0.2 1.2e-05   0.999    2179.21 4.6217e-07   7.914  -1.05e+05   -7.914   0.203  0.0006    1.0     8.00    1443600  0.950
  81    0.2 1.1e-05   0.999    2176.13 4.605e-07    7.914  -1.05e+05   -7.914   0.200  0.0006    1.0     8.00    1461645  0.950
  82    0.2 1.0e-05   0.999    2172.14 3.8427e-07   8.101  -1.04e+05   -8.101   0.196  0.0006    1.0     8.00    1479690  0.950
  83    0.2 9.9e-06   0.999    2170.27 4.6009e-07   7.914  -1.05e+05   -7.914   0.190  0.0004    1.0     8.00    1497735  0.950
  84    0.2 9.4e-06   0.999    2170.09 4.567e-07    7.914  -1.05e+05   -7.914   0.190  0.0004    1.0     8.00    1515780  0.950
  85    0.2 9.0e-06   0.999    2168.56 4.6066e-07   7.914  -1.05e+05   -7.914   0.182  0.0004    1.0     8.00    1533825  0.950
  86    0.2 8.5e-06   0.999    2167.51 4.5607e-07   7.914  -1.05e+05   -7.914   0.180  0.0003    1.0     8.00    1551870  0.950
  87    0.2 8.1e-06   0.999    2167.10 4.5916e-07   7.914  -1.05e+05   -7.914   0.180  0.0003    1.0     8.00    1569915  0.950
  88    0.2 7.7e-06   0.999    2164.27 4.6015e-07   7.914  -1.06e+05   -7.914   0.178  0.0003    1.0     8.00    1587960  0.950
  89    0.2 7.3e-06   0.999    2164.01 4.231e-07    8.007  -1.05e+05   -8.007   0.168  0.0003    1.0     8.00    1606005  0.950
  90    0.2 6.9e-06   0.999    2162.73 4.5793e-07   7.914  -1.05e+05   -7.914   0.164  0.0003    1.0     8.00    1624050  0.950
  91    0.2 6.6e-06   0.999    2161.57 4.5809e-07   7.914  -1.06e+05   -7.914   0.164  0.0004    1.0     8.00    1642095  0.950
  92    0.2 6.3e-06   1.000    2160.22 3.791e-07    8.101  -1.05e+05   -8.101   0.164  0.0002    1.0     8.00    1660140  0.950
  93    0.2 6.0e-06   0.999    2159.07 3.8365e-07   8.101  -1.04e+05   -8.101   0.161  0.0003    1.0     8.00    1678185  0.950
  94    0.2 5.7e-06   0.999    2158.32 3.7892e-07   8.101  -1.05e+05   -8.101   0.160  0.0002    1.0     8.00    1696230  0.950
  95    0.2 5.4e-06   0.999    2157.67 4.5677e-07   7.914  -1.05e+05   -7.914   0.153  0.0002    1.0     8.00    1714275  0.950
  96    0.2 5.1e-06   0.999    2156.12 3.7876e-07   8.101  -1.05e+05   -8.101   0.155  0.0002    1.0     8.00    1732320  0.950
  97    0.2 4.8e-06   0.999    2154.98 3.8448e-07   8.101  -1.04e+05   -8.101   0.149  0.0003    1.0     8.00    1750365  0.950
Agent's 2nd state: 
  98    0.2 3.9e-06   1.000    2154.06 3.8265e-07   8.101  -1.05e+05   -8.101   0.146  0.0002    1.0     8.00    1768410  0.800
Checkpoint saved: bb_costs=2153.47, TD costs=4.15945e-07, CPD=  8.007 (ns) 
  99    0.2 3.1e-06   0.999    2153.28 4.1517e-07   8.007  -1.05e+05   -8.007   0.101  0.0004    1.0     8.00    1786455  0.800
 100    0.2 2.5e-06   0.977    2172.13 8.9965e-08  10.044  -1.05e+05  -10.044   0.094  0.0040    1.0     8.00    1804500  0.800
 101    0.2 2.0e-06   0.976    2166.75 9.9162e-08   9.921  -1.05e+05   -9.921   0.096  0.0031    1.0     8.00    1822545  0.800
 102    0.2 1.6e-06   0.983    2184.45 9.0911e-08  10.044  -1.04e+05  -10.044   0.095  0.0027    1.0     8.00    1840590  0.800
 103    0.2 1.3e-06   0.981    2191.46 1.0356e-07   9.921  -1.05e+05   -9.921   0.096  0.0027    1.0     8.00    1858635  0.800
 104    0.2 1.0e-06   0.980    2185.14 1.0718e-07   9.834  -1.05e+05   -9.834   0.092  0.0030    1.0     8.00    1876680  0.800
 105    0.2 8.1e-07   0.977    2181.61 9.8205e-08   9.951  -1.05e+05   -9.951   0.089  0.0043    1.0     8.00    1894725  0.800
 106    0.2 6.5e-07   0.985    2194.03 1.0488e-07   9.834  -1.06e+05   -9.834   0.089  0.0018    1.0     8.00    1912770  0.800
 107    0.2 5.2e-07   0.982    2190.36 1.1905e-07   9.713  -1.06e+05   -9.713   0.089  0.0037    1.0     8.00    1930815  0.800
 108    0.2 4.2e-07   0.981    2195.73 9.6234e-08  10.044  -1.06e+05  -10.044   0.091  0.0038    1.0     8.00    1948860  0.800
 109    0.2 3.3e-07   0.984    2191.98 1.331e-07    9.505  -1.05e+05   -9.505   0.082  0.0026    1.0     8.00    1966905  0.800
 110    0.2 2.7e-07   0.981    2187.76 1.0662e-07   9.834  -1.05e+05   -9.834   0.085  0.0027    1.0     8.00    1984950  0.800
 111    0.2 2.1e-07   0.989    2221.73 1.0731e-07   9.818  -1.05e+05   -9.818   0.087  0.0012    1.0     8.00    2002995  0.800
 112    0.2 0.0e+00   0.978    2219.15 1.03e-07    10.042  -1.05e+05  -10.042   0.047  0.0046    1.0     8.00    2021040  0.800
### Placement Quench took 0.22 seconds (max_rss 733.0 MiB)
post-quench CPD = 9.71296 (ns) 

Checkpoint restored

Completed placement consistency check successfully.

Swaps called: 2023659

Aborted Move Reasons:
  duplicate block move to location: 8
  macro move to location illegal: 6
  macro_from swap to location illegal: 1172

BB estimate of min-dist (placement) wire length: 258203

Placement estimated critical path delay (least slack): 8.00739 ns, Fmax: 124.885 MHz
Placement estimated critical path skew: -0.04243 ns
Placement estimated setup Worst Negative Slack (sWNS): -8.00739 ns
Placement estimated setup Total Negative Slack (sTNS): -104509 ns
Placement estimated setup Worst Skew (sWS): -0.04243 ns

Placement estimated setup slack histogram:
[   -8e-09: -7.2e-09)    28 (  0.1%) |
[ -7.2e-09: -6.4e-09)    74 (  0.1%) |
[ -6.4e-09: -5.7e-09)   167 (  0.3%) |
[ -5.7e-09: -4.9e-09)   498 (  0.9%) |*
[ -4.9e-09: -4.1e-09)   666 (  1.3%) |**
[ -4.1e-09: -3.3e-09)  1979 (  3.8%) |*****
[ -3.3e-09: -2.5e-09)  7947 ( 15.1%) |********************
[ -2.5e-09: -1.8e-09) 17877 ( 33.9%) |*********************************************
[ -1.8e-09: -9.8e-10) 17374 ( 32.9%) |********************************************
[ -9.8e-10: -1.9e-10)  6152 ( 11.7%) |***************

Placement estimated geomean non-virtual intra-domain period: 8.00739 ns (124.885 MHz)
Placement estimated fanout-weighted geomean non-virtual intra-domain period: 8.00739 ns (124.885 MHz)

Placement cost: 1, bb_cost: 2153.47, td_cost: 4.15945e-07, 

Placement resource usage:
  io      implemented as io     : 1084
  clb     implemented as clb    : 1234
  dsp_top implemented as dsp_top: 107
  memory  implemented as memory : 194

Placement number of temperatures: 112
Placement total # of swap attempts: 2023659
	Swaps accepted:  761819 (37.6 %)
	Swaps rejected: 1251177 (61.8 %)
	Swaps aborted:   10663 ( 0.5 %)


Placement perturbation distribution by block and move type: 
------------------ ----------------- ---------------- ---------------- --------------- ------------ 
    Block Type         Move Type       (%) of Total      Accepted(%)     Rejected(%)    Aborted(%)
------------------ ----------------- ---------------- ---------------- --------------- ------------ 
io                 Uniform                9.80             55.16           44.84          0.00         
                   Median                 9.77             61.58           37.58          0.83         
                   Centroid               9.79             62.24           37.76          0.00         
                   W. Centroid            9.77             61.91           38.09          0.00         
                   W. Median              0.74             24.61           74.48          0.90         

clb                Uniform                11.09            7.21            92.68          0.11         
                   Median                 11.20            37.27           61.91          0.82         
                   Centroid               11.17            35.05           64.83          0.12         
                   W. Centroid            11.20            35.73           64.15          0.13         
                   W. Median              0.84             3.42            95.81          0.77         
                   Crit. Uniform          1.78             0.25            99.75          0.00         
                   Feasible Region        1.80             0.41            99.59          0.00         

dsp_top            Uniform                0.96             1.94            98.06          0.00         
                   Median                 0.96             4.30            90.18          5.52         
                   Centroid               0.96             4.40            90.23          5.37         
                   W. Centroid            0.96             4.18            90.69          5.14         
                   W. Median              0.07             0.00            87.22          12.78        

memory             Uniform                1.76             7.45            92.55          0.00         
                   Median                 1.75             15.16           80.21          4.63         
                   Centroid               1.75             12.46           85.23          2.30         
                   W. Centroid            1.75             12.19           87.80          0.02         
                   W. Median              0.14             2.67            85.36          11.96        


Placement Quench timing analysis took 0.0601799 seconds (0.0505365 STA, 0.00964341 slack) (1 full updates: 1 setup, 0 hold, 0 combined).
Placement Total  timing analysis took 7.49398 seconds (6.26496 STA, 1.22903 slack) (115 full updates: 115 setup, 0 hold, 0 combined).
update_td_costs: connections 0.0560955 nets 0 sum_nets 0.0228183 total 0.0791556
## AP Detailed Placer took 25.40 seconds (max_rss 744.0 MiB, delta_rss +11.0 MiB)
Incr Slack updates 115 in 0.235131 sec
Full Max Req/Worst Slack updates 57 in 0.0892424 sec
Incr Max Req/Worst Slack updates 58 in 0.118136 sec
Incr Criticality updates 17 in 0.0698227 sec
Full Criticality updates 98 in 0.541022 sec
Incr Slack updates 1 in 0.00219184 sec
Full Max Req/Worst Slack updates 1 in 0.00164269 sec
Incr Max Req/Worst Slack updates 0 in 0 sec
Incr Criticality updates 0 in 0 sec
Full Criticality updates 1 in 0.00859931 sec
# Analytical Placement took 112.87 seconds (max_rss 744.0 MiB, delta_rss +550.1 MiB)


# Routing
RR graph channel widths unchanged, skipping RR graph rebuild
## Initializing router criticalities
Initial Net Connection Criticality Histogram:
[        0:      0.1) 7088 ( 14.6%) |***************************************
[      0.1:      0.2) 8274 ( 17.0%) |**********************************************
[      0.2:      0.3) 7557 ( 15.6%) |******************************************
[      0.3:      0.4) 3047 (  6.3%) |*****************
[      0.4:      0.5) 7372 ( 15.2%) |*****************************************
[      0.5:      0.6) 7054 ( 14.5%) |***************************************
[      0.6:      0.7) 5712 ( 11.8%) |********************************
[      0.7:      0.8) 1808 (  3.7%) |**********
[      0.8:      0.9)  501 (  1.0%) |***
[      0.9:        1)  152 (  0.3%) |*
## Initializing router criticalities took 0.74 seconds (max_rss 744.0 MiB, delta_rss +0.0 MiB)
---- ------ ------- ---- ------- ------- ------- ----------------- --------------- -------- ---------- ---------- ---------- ---------- --------
Iter   Time    pres  BBs    Heap  Re-Rtd  Re-Rtd Overused RR Nodes      Wirelength      CPD       sTNS       sWNS       hTNS       hWNS Est Succ
      (sec)     fac Updt    push    Nets   Conns                                       (ns)       (ns)       (ns)       (ns)       (ns)     Iter
---- ------ ------- ---- ------- ------- ------- ----------------- --------------- -------- ---------- ---------- ---------- ---------- --------
   1    1.2     0.0    0 5860711   25862   41715   23480 ( 1.520%)  408870 (22.8%)    9.444 -1.735e+05     -9.444      0.000      0.000      N/A
   2    1.2     0.5    0 5727683   19557   34226   13224 ( 0.856%)  408071 (22.7%)    8.457 -1.424e+05     -8.457      0.000      0.000      N/A
   3    1.1     0.6    0 4757793   14431   26495   10767 ( 0.697%)  414831 (23.1%)    8.923 -1.486e+05     -8.923      0.000      0.000      N/A
   4    1.0     0.8    0 4293181   12181   23221    8526 ( 0.552%)  420048 (23.4%)    8.354 -1.449e+05     -8.354      0.000      0.000      N/A
   5    0.8     1.1    0 3491583    9885   19600    6288 ( 0.407%)  425581 (23.7%)    8.354 -1.443e+05     -8.354      0.000      0.000      N/A
   6    0.7     1.4    0 2681302    7921   16074    4676 ( 0.303%)  430292 (24.0%)    8.354 -1.438e+05     -8.354      0.000      0.000      N/A
   7    0.6     1.9    0 2020538    5989   12649    3349 ( 0.217%)  434802 (24.2%)    8.354 -1.443e+05     -8.354      0.000      0.000      N/A
   8    0.4     2.4    0 1404915    4517    9941    2331 ( 0.151%)  438695 (24.4%)    8.354 -1.448e+05     -8.354      0.000      0.000      N/A
   9    0.4     3.1    0  989483    3148    7152    1582 ( 0.102%)  442771 (24.7%)    8.354 -1.450e+05     -8.354      0.000      0.000       30
  10    0.3     4.1    0  662976    2201    5410    1015 ( 0.066%)  445753 (24.8%)    8.354 -1.452e+05     -8.354      0.000      0.000       28
  11    0.2     5.3    0  414978    1419    3531     584 ( 0.038%)  448582 (25.0%)    8.354 -1.452e+05     -8.354      0.000      0.000       27
  12    0.2     6.9    0  319754     829    2135     324 ( 0.021%)  450281 (25.1%)    8.354 -1.453e+05     -8.354      0.000      0.000       25
  13    0.2     9.0    0  174858     438    1165     147 ( 0.010%)  451600 (25.1%)    8.354 -1.454e+05     -8.354      0.000      0.000       23
  14    0.2    11.6    0   92402     217     628      64 ( 0.004%)  452300 (25.2%)    8.354 -1.454e+05     -8.354      0.000      0.000       21
  15    0.2    15.1    0   46897      94     273      28 ( 0.002%)  452625 (25.2%)    8.354 -1.455e+05     -8.354      0.000      0.000       21
  16    0.1    19.7    0   33037      41     130      13 ( 0.001%)  452811 (25.2%)    8.354 -1.454e+05     -8.354      0.000      0.000       20
  17    0.1    25.6    0   12409      21      93       6 ( 0.000%)  452911 (25.2%)    8.354 -1.455e+05     -8.354      0.000      0.000       20
  18    0.1    33.3    0    7934       9      45       1 ( 0.000%)  453007 (25.2%)    8.354 -1.454e+05     -8.354      0.000      0.000       19
  19    0.1    43.3    0    3473       2      19       0 ( 0.000%)  453019 (25.2%)    8.354 -1.455e+05     -8.354      0.000      0.000      N/A
Restoring best routing
Critical path: 8.35444 ns
Successfully routed after 19 routing iterations.
Final Net Connection Criticality Histogram:
[        0:      0.1) 7376 ( 15.2%) |************************************
[      0.1:      0.2) 5531 ( 11.4%) |***************************
[      0.2:      0.3) 8037 ( 16.5%) |***************************************
[      0.3:      0.4) 4144 (  8.5%) |********************
[      0.4:      0.5) 5798 ( 11.9%) |****************************
[      0.5:      0.6) 9467 ( 19.5%) |**********************************************
[      0.6:      0.7) 5147 ( 10.6%) |*************************
[      0.7:      0.8) 2376 (  4.9%) |************
[      0.8:      0.9)  540 (  1.1%) |***
[      0.9:        1)  149 (  0.3%) |*
Router Stats: total_nets_routed: 108762 total_connections_routed: 204502 total_heap_pushes: 32995907 total_heap_pops: 9084388 
Serial Connection Router is being destroyed. Time spent on path search: 5.329 seconds.
# Routing took 10.24 seconds (max_rss 772.8 MiB, delta_rss +28.8 MiB)

Checking to ensure routing is legal...
# Checking to ensure non-configurable edges are legal
# Checking to ensure non-configurable edges are legal took 0.09 seconds (max_rss 772.8 MiB, delta_rss +0.0 MiB)
Completed routing consistency check successfully.

Serial number (magic cookie) for the routing is: 915852639
Circuit successfully routed with a channel width factor of 120.
Incr Slack updates 20 in 0.0402579 sec
Full Max Req/Worst Slack updates 3 in 0.00480953 sec
Incr Max Req/Worst Slack updates 17 in 0.0354797 sec
Incr Criticality updates 15 in 0.0623748 sec
Full Criticality updates 5 in 0.0387366 sec
# Synchronize the packed netlist to routing optimization
## Annotating rr_node with routed nets
## Annotating rr_node with routed nets took 0.01 seconds (max_rss 772.8 MiB, delta_rss +0.0 MiB)
Found 43986 mismatches between routing and packing results.
Fixed 30755 routing traces due to mismatch between routing and packing results.
# Synchronize the packed netlist to routing optimization took 0.34 seconds (max_rss 772.8 MiB, delta_rss +0.0 MiB)
Final Clustering Statistics: 
----------   --------   ------------------------------------   --------------------------
Block Type   # Blocks   Avg. # of input clocks and pins used   Avg. # of output pins used
----------   --------   ------------------------------------   --------------------------
     EMPTY          0                                      0                            0   
        io       1084                              0.0295203                      0.97048   
       clb       1234                                27.9692                      15.3752   
   dsp_top        107                                40.9813                      20.1869   
    memory        194                                49.6598                      18.9691   
Absorbed logical nets 24200 out of 50065 nets, 25865 nets not absorbed.


Average number of bends per net: 1.83385  Maximum # of bends: 280

Number of global nets: 3
Number of routed nets (nonglobal): 25862
Wire length results (in units of 1 clb segments)...
	Total wirelength: 453019, average net length: 17.5168
	Maximum net length: 2463

Wire length results in terms of physical segments...
	Total wiring segments used: 102890, average wire segments per net: 3.97842
	Maximum segments used by a net: 552
	Total local nets with reserved CLB opins: 0
Total number of nets absorbed: 8

Routing channel utilization histogram:
[        1:      inf)    0 (  0.0%) |
[      0.9:        1)    0 (  0.0%) |
[      0.8:      0.9)    4 (  0.0%) |
[      0.7:      0.8)  837 (  5.5%) |********
[      0.5:      0.6) 1102 (  7.3%) |***********
[      0.4:      0.5) 1524 ( 10.1%) |***************
[      0.3:      0.4) 1947 ( 12.9%) |********************
[      0.2:      0.3) 2305 ( 15.2%) |***********************
[      0.1:      0.2) 2829 ( 18.7%) |****************************
[        0:      0.1) 4590 ( 30.3%) |**********************************************
Maximum routing channel utilization:      0.84 at (46,55)

X - Directed channels: layer   y   max occ   ave occ   ave cap
                        ----- ---- -------- -------- --------
                            0    0       52   27.860      120
                            0    1        4    0.930      120
                            0    2        7    1.663      120
                            0    3       10    2.186      120
                            0    4       15    3.349      120
                            0    5       38    5.488      120
                            0    6       36    5.674      120
                            0    7       35    6.651      120
                            0    8       36    7.837      120
                            0    9       46    9.535      120
                            0   10       43   14.116      120
                            0   11       58   16.128      120
                            0   12       56   17.314      120
                            0   13       49   16.116      120
                            0   14       46   14.419      120
                            0   15       57   16.860      120
                            0   16       55   19.779      120
                            0   17       60   20.698      120
                            0   18       61   26.360      120
                            0   19       72   31.047      120
                            0   20       77   27.744      120
                            0   21       79   25.965      120
                            0   22       86   29.826      120
                            0   23       77   31.512      120
                            0   24       57   29.233      120
                            0   25       49   25.686      120
                            0   26       57   23.721      120
                            0   27       56   24.360      120
                            0   28       66   29.488      120
                            0   29       73   33.070      120
                            0   30       68   37.663      120
                            0   31       67   36.081      120
                            0   32       68   30.058      120
                            0   33       88   33.744      120
                            0   34       81   35.977      120
                            0   35       78   32.198      120
                            0   36       71   32.500      120
                            0   37       76   35.686      120
                            0   38       69   39.314      120
                            0   39       74   39.116      120
                            0   40       79   40.570      120
                            0   41       77   39.570      120
                            0   42       78   41.802      120
                            0   43       80   46.500      120
                            0   44       83   44.442      120
                            0   45       82   44.302      120
                            0   46       91   47.512      120
                            0   47       82   42.872      120
                            0   48       85   36.919      120
                            0   49       94   38.326      120
                            0   50       97   42.337      120
                            0   51       92   43.488      120
                            0   52       90   46.744      120
                            0   53       91   43.872      120
                            0   54       93   45.070      120
                            0   55      101   46.616      120
                            0   56       95   46.686      120
                            0   57       93   37.616      120
                            0   58       93   38.023      120
                            0   59       91   35.256      120
                            0   60       94   36.023      120
                            0   61       92   40.326      120
                            0   62       88   44.860      120
                            0   63       87   46.547      120
                            0   64       89   44.919      120
                            0   65       83   40.453      120
                            0   66       79   40.186      120
                            0   67       77   34.163      120
                            0   68       90   35.302      120
                            0   69       80   36.523      120
                            0   70       76   35.907      120
                            0   71       71   29.372      120
                            0   72       73   26.244      120
                            0   73       64   21.826      120
                            0   74       70   21.930      120
                            0   75       66   19.407      120
                            0   76       62   17.512      120
                            0   77       68   21.953      120
                            0   78       75   27.163      120
                            0   79       67   21.721      120
                            0   80       54   16.047      120
                            0   81       53   14.698      120
                            0   82       56   16.372      120
                            0   83       53   12.977      120
                            0   84       18    4.930      120
                            0   85       15    3.628      120
                            0   86       62   35.023      120
Y - Directed channels: layer   x   max occ   ave occ   ave cap
                        ----- ---- -------- -------- --------
                            0    0       63   21.802      120
                            0    1       44   24.965      120
                            0    2       59   35.360      120
                            0    3       44   17.360      120
                            0    4       73   26.988      120
                            0    5       65   37.744      120
                            0    6       70   37.628      120
                            0    7       64   26.070      120
                            0    8       47   18.709      120
                            0    9       29   10.477      120
                            0   10       18    4.407      120
                            0   11       18    3.953      120
                            0   12       14    3.849      120
                            0   13       27    6.035      120
                            0   14       47   16.953      120
                            0   15       42   16.698      120
                            0   16       51   16.767      120
                            0   17       58   37.535      120
                            0   18       73   48.105      120
                            0   19       58   28.640      120
                            0   20       68   33.209      120
                            0   21       90   52.686      120
                            0   22       80   45.988      120
                            0   23       69   29.326      120
                            0   24       73   29.151      120
                            0   25       78   35.558      120
                            0   26       79   32.919      120
                            0   27       68   23.756      120
                            0   28       59   17.326      120
                            0   29       69   22.244      120
                            0   30       76   31.756      120
                            0   31       75   30.337      120
                            0   32       87   34.395      120
                            0   33       89   57.430      120
                            0   34       96   64.535      120
                            0   35       85   44.081      120
                            0   36       88   44.547      120
                            0   37       89   57.058      120
                            0   38       89   54.384      120
                            0   39       85   36.279      120
                            0   40       82   34.547      120
                            0   41       86   38.453      120
                            0   42       83   40.767      120
                            0   43       88   41.128      120
                            0   44       86   36.593      120
                            0   45       88   40.244      120
                            0   46       96   48.070      120
                            0   47       92   43.477      120
                            0   48       96   45.081      120
                            0   49       93   57.209      120
                            0   50       91   61.140      120
                            0   51       93   51.360      120
                            0   52       95   49.372      120
                            0   53       97   62.895      120
                            0   54       93   57.547      120
                            0   55       76   39.058      120
                            0   56       78   31.907      120
                            0   57       84   25.616      120
                            0   58       72   21.012      120
                            0   59       56   15.733      120
                            0   60       50   16.023      120
                            0   61       47   19.360      120
                            0   62       55   27.174      120
                            0   63       47   24.965      120
                            0   64       63   29.116      120
                            0   65       72   48.965      120
                            0   66       92   59.814      120
                            0   67       88   45.640      120
                            0   68       92   49.128      120
                            0   69       90   55.291      120
                            0   70       73   42.163      120
                            0   71       40   17.895      120
                            0   72       41   11.291      120
                            0   73       47   10.884      120
                            0   74       25    6.907      120
                            0   75       32    7.349      120
                            0   76       19    5.930      120
                            0   77       13    8.047      120
                            0   78       37   14.349      120
                            0   79       59   17.384      120
                            0   80       53   18.512      120
                            0   81       58   29.430      120
                            0   82       77   38.988      120
                            0   83       66   27.384      120
                            0   84       77   31.314      120
                            0   85       68   29.919      120
                            0   86       57   24.733      120

Total existing wires segments: CHANX    897840, CHANY    897840, CHANZ         0, ALL   1795680
Total used wires segments:     CHANX    214268, CHANY    238751, CHANZ         0, ALL    453019
Usage percentage:              CHANX     23.9%, CHANY     26.6%, CHANZ      0.0%, ALL     25.2%

Logic area (in minimum width transistor areas, excludes I/Os and empty grid tiles)...
	Total logic block area (Warning, need to add pitch of routing to blocks with height > 3): 2.4541e+08
	Total used logic block area: 8.82956e+07

Routing area (in minimum width transistor areas)...
	Total routing area: 7.57549e+07, per logic tile: 9782.39

Total Number of Wiring Segments by Direction: direction length number
                                              --------- ------ -------
                                                      X      4 201318
                                                      Y      4 201318
                                                      X     16   8810
                                                      Y     16   8810

X - Directed Wiring Segment usage by length: length utilization
                                             ------ -----------
                                             4       0.241
                                            16       0.158

Y - Directed Wiring Segment usage by length: length utilization
                                             ------ -----------
                                             4       0.251
                                            16       0.273

Segment occupancy by length: Length Occupancy Capacity Utilization
                             ------ --------- -------- -----------
                             L4         99086   402636       0.246
                             L16         3804    17620       0.216

Segment occupancy by type: name type utilization
                           ---- ---- -----------
                             L4    0       0.246
                            L16    1       0.216

Final hold Worst Negative Slack (hWNS): 0 ns
Final hold Total Negative Slack (hTNS): 0 ns
Final hold Worst Skew (hWS): 0 ns

Final hold slack histogram:
[  4.1e-11:  7.2e-10)  3487 (  6.6%) |**************
[  7.2e-10:  1.4e-09) 10122 ( 19.2%) |******************************************
[  1.4e-09:  2.1e-09)  8897 ( 16.9%) |*************************************
[  2.1e-09:  2.8e-09)  9533 ( 18.1%) |***************************************
[  2.8e-09:  3.4e-09) 10967 ( 20.8%) |*********************************************
[  3.4e-09:  4.1e-09)  6102 ( 11.6%) |*************************
[  4.1e-09:  4.8e-09)  3093 (  5.9%) |*************
[  4.8e-09:  5.5e-09)   417 (  0.8%) |**
[  5.5e-09:  6.2e-09)   104 (  0.2%) |
[  6.2e-09:  6.8e-09)    40 (  0.1%) |

Final critical path delay (least slack): 8.35444 ns, Fmax: 119.697 MHz
Final critical path skew: -0.04243 ns
Final setup Worst Negative Slack (sWNS): -8.35444 ns
Final setup Total Negative Slack (sTNS): -145479 ns
Final setup Worst Skew (sWS): -0.04243 ns

Final setup slack histogram:
[ -8.4e-09: -7.5e-09)    31 (  0.1%) |
[ -7.5e-09: -6.7e-09)   110 (  0.2%) |
[ -6.7e-09: -5.9e-09)   349 (  0.7%) |*
[ -5.9e-09: -5.1e-09)   764 (  1.4%) |**
[ -5.1e-09: -4.3e-09)  3986 (  7.6%) |*************
[ -4.3e-09: -3.5e-09)  8773 ( 16.6%) |****************************
[ -3.5e-09: -2.6e-09) 13519 ( 25.6%) |*******************************************
[ -2.6e-09: -1.8e-09) 14071 ( 26.7%) |*********************************************
[ -1.8e-09:   -1e-09)  6547 ( 12.4%) |*********************
[   -1e-09: -1.9e-10)  4612 (  8.7%) |***************

Final geomean non-virtual intra-domain period: 8.35444 ns (119.697 MHz)
Final fanout-weighted geomean non-virtual intra-domain period: 8.35444 ns (119.697 MHz)

Incr Slack updates 1 in 0.00226124 sec
Full Max Req/Worst Slack updates 1 in 0.00166267 sec
Incr Max Req/Worst Slack updates 0 in 0 sec
Incr Criticality updates 0 in 0 sec
Full Criticality updates 1 in 0.00870229 sec
Flow timing analysis took 11.6933 seconds (10.0968 STA, 1.59649 slack) (137 full updates: 116 setup, 0 hold, 21 combined).
VPR succeeded
The entire flow of VPR took 128.73 seconds (max_rss 772.8 MiB)

