VPR FPGA Placement and Routing.
Version: 9.0.0-dev+v8.0.0-18248-g40f8d19708
Revision: v8.0.0-18248-g40f8d19708
Compiled: 2026-09-22T03:43:48
Compiler: GNU 13.3.0 on Linux-5.15.0-119-generic x86_64
Build Info: release IPO VTR_ASSERT_LEVEL=2

University of Toronto
verilogtorouting.org
vtr-users@googlegroups.com
This is free open source code under MIT license.

VPR was run with the following command-line:
/inspire/hdd/project/project-public/changshunjie-253114010247/changshunjie-253114010247/workspace/DAC2027/vtr/vtr-verilog-to-routing/vpr/vpr /inspire/hdd/project/project-public/changshunjie-253114010247/changshunjie-253114010247/workspace/DAC2027/vtr/vtr-verilog-to-routing/vtr_flow/arch/COFFE_22nm/k6FracN10LB_mem20K_complexDSP_customSB_22nm.xml /inspire/hdd/project/project-public/changshunjie-253114010247/changshunjie-253114010247/workspace/DAC2027/TailCompile/experiments/vtr/runs/pilot_v1/attention_layer/full-seed1-w300/attention_layer.pre-vpr.blif --analytical_place --route --analysis --ap_full_legalizer flat-recon --ap_detailed_placer annealer --seed 11 --route_chan_width 160 --write_flat_place /inspire/hdd/project/project-public/changshunjie-253114010247/changshunjie-253114010247/workspace/DAC2027/TailCompile/vtr_work/tailcompile_v3/attention_layer/4x4/gnn_candidate-fp2b437f25-flat-recon-annealer-seed11-w160-devw88/post_route.fplace --write_legalized_flat_place /inspire/hdd/project/project-public/changshunjie-253114010247/changshunjie-253114010247/workspace/DAC2027/TailCompile/vtr_work/tailcompile_v3/attention_layer/4x4/gnn_candidate-fp2b437f25-flat-recon-annealer-seed11-w160-devw88/post_legalizer.fplace --flat_place_verbosity 1 --device_width 88 --net_file /inspire/hdd/project/project-public/changshunjie-253114010247/changshunjie-253114010247/workspace/DAC2027/TailCompile/vtr_work/tailcompile_v3/attention_layer/4x4/gnn_candidate-fp2b437f25-flat-recon-annealer-seed11-w160-devw88/attention_layer.locked-input.net --read_flat_place /inspire/hdd/global_user/changshunjie-253114010247/workspace/DAC2027/TailCompile/experiments/vtr/tailcompile_v3/attention_layer/4x4/pools/bootstrap_24/candidate_11_seed13038.fplace

Using up to 1 parallel worker(s)

Architecture file: /inspire/hdd/project/project-public/changshunjie-253114010247/changshunjie-253114010247/workspace/DAC2027/vtr/vtr-verilog-to-routing/vtr_flow/arch/COFFE_22nm/k6FracN10LB_mem20K_complexDSP_customSB_22nm.xml
Circuit name: attention_layer.pre-vpr

# Loading Architecture Description
# Loading Architecture Description took 0.03 seconds (max_rss 31.8 MiB, delta_rss +0.0 MiB)

Timing analysis: ON
Circuit netlist file: /inspire/hdd/project/project-public/changshunjie-253114010247/changshunjie-253114010247/workspace/DAC2027/TailCompile/vtr_work/tailcompile_v3/attention_layer/4x4/gnn_candidate-fp2b437f25-flat-recon-annealer-seed11-w160-devw88/attention_layer.locked-input.net
Circuit placement file: attention_layer.pre-vpr.place
Circuit routing file: attention_layer.pre-vpr.route
Circuit SDC file: attention_layer.pre-vpr.sdc
Vpr floorplanning constraints file: not specified

Packer: DISABLED
Placer: DISABLED
Analytical Placer: ENABLED
Router: ENABLED
Analysis: ENABLED

VPR was run with the following options:

netlist_opts.absorb_buffer_luts            : true
netlist_opts.sweep_dangling_primary_ios    : true
netlist_opts.sweep_dangling_nets           : true
netlist_opts.sweep_dangling_blocks         : true
netlist_opts.sweep_constant_primary_outputs: false
netlist_opts.netlist_verbosity             : 1
netlist_opts.const_gen_inference           : COMB_SEQ

AnalyticalPlacerOpts.analytical_solver_type: lp-b2b
AnalyticalPlacerOpts.partial_legalizer_type: bipartitioning
AnalyticalPlacerOpts.full_legalizer_type: flat-recon
AnalyticalPlacerOpts.detailed_placer_type: annealer
AnalyticalPlacerOpts.ap_timing_tradeoff: 0.500000
AnalyticalPlacerOpts.ap_high_fanout_threshold: 256
AnalyticalPlacerOpts.log_verbosity: 1
router_opts.route_type: DETAILED
router_opts.flat_routing: false
router_opts.choke_points: on
router_opts.router_algorithm: TIMING_DRIVEN
router_opts.base_cost_type: DELAY_NORMALIZED_LENGTH
router_opts.fixed_channel_width: 160
router_opts.check_route: FULL
router_opts.acc_fac: 1.000000
router_opts.bb_factor: 3
router_opts.bend_cost: 0.000000
router_opts.first_iter_pres_fac: 0.000000
router_opts.initial_pres_fac: 0.500000
router_opts.pres_fac_mult: 1.300000
router_opts.max_pres_fac: 1000.000000
router_opts.max_router_iterations: 50
router_opts.min_incremental_reroute_fanout: 16
router_opts.initial_acc_cost_chan_congestion_threshold: 0.500000
router_opts.initial_acc_cost_chan_congestion_weight: 0.500000
router_opts.do_check_rr_graph: true
router_opts.verify_binary_search: false
router_opts.min_channel_width_hint: 0
router_opts.read_rr_edge_metadata: false
router_opts.exit_after_first_routing_iteration: false
router_opts.astar_fac: 1.200000
router_opts.astar_offset: 0.000000
router_opts.router_profiler_astar_fac: 1.200000
router_opts.enable_parallel_connection_router: false
router_opts.post_target_prune_fac: 1.200000
router_opts.post_target_prune_offset: 0
router_opts.multi_queue_num_threads: 1
router_opts.multi_queue_num_queues: 2
router_opts.multi_queue_direct_draining: false
router_opts.criticality_exp: 1.000000
router_opts.max_criticality: 0.990000
router_opts.init_wirelength_abort_threshold: 0.850000
router_opts.incr_reroute_delay_ripup: AUTO
router_opts.save_routing_per_iteration: false
router_opts.congested_routing_iteration_threshold_frac: 1.000000
router_opts.high_fanout_threshold: 64
router_opts.router_debug_net: -2
router_opts.router_debug_sink_rr: -2
router_opts.router_debug_iteration: -2
router_opts.max_convergence_count: 1
router_opts.reconvergence_cpd_threshold: 0.990000
router_opts.update_lower_bound_delays: true
router_opts.first_iteration_timing_report_file: 
router_opts.route_bb_update: DYNAMIC
router_opts.lookahead_type: MAP
router_opts.initial_timing: LOOKAHEAD
router_opts.router_heap: FOUR_ARY_HEAP
router_opts.routing_failure_predictor = SAFE
router_opts.routing_predictor_min_history: 8
router_opts.routing_budgets_algorithm = DISABLE

analysis_opts.gen_post_synthesis_netlist: false
analysis_opts.gen_post_implementation_merged_netlist: false
analysis_opts.gen_post_implementation_sdc: false
analysis_opts.timing_report_npaths: 100
analysis_opts.timing_report_skew: false
analysis_opts.echo_dot_timing_graph_node: -1
analysis_opts.timing_report_detail: NETLIST
analysis_opts.post_synth_netlist_unconn_input_handling: UNCONNECTED
analysis_opts.post_synth_netlist_unconn_output_handling: UNCONNECTED
analysis_opts.post_synth_netlist_module_parameters: on

# Building complex block graph
# Building complex block graph took 0.08 seconds (max_rss 31.8 MiB, delta_rss +0.0 MiB)
Circuit file: /inspire/hdd/project/project-public/changshunjie-253114010247/changshunjie-253114010247/workspace/DAC2027/TailCompile/experiments/vtr/runs/pilot_v1/attention_layer/full-seed1-w300/attention_layer.pre-vpr.blif
# Load circuit
Found 4 constant generator(s) in the netlist (2 constant-zero, 2 constant-one) (run with --netlist_verbosity 2 to list names)
# Load circuit took 0.57 seconds (max_rss 134.5 MiB, delta_rss +102.7 MiB)
# Clean circuit
Absorbed 7975 LUT buffers
Found 1090 primitive output pin(s) driven only by constants; marked them as constants
Swept input(s)      : 7
Swept output(s)     : 0 (0 dangling, 0 constant)
Swept net(s)        : 10126
Swept block(s)      : 33
Constant Pins Marked: 1090
# Clean circuit took 0.13 seconds (max_rss 134.5 MiB, delta_rss +0.0 MiB)
# Compress circuit
# Compress circuit took 0.07 seconds (max_rss 134.5 MiB, delta_rss +0.0 MiB)
# Verify circuit
# Verify circuit took 0.02 seconds (max_rss 134.5 MiB, delta_rss +0.0 MiB)
Circuit Statistics:
  Blocks: 40113
    .input            :    1052
    .latch            :    8844
    .names            :   17218
        0-LUT:       3
        1-LUT:    5989
        2-LUT:     920
        3-LUT:    4530
        4-LUT:    3023
        5-LUT:    1163
        6-LUT:    1590
    .output           :      32
    adder             :    9150
    addition_fp_clk_16:       1
    dual_port_ram     :    3680
    multiply          :     136
  Nets  : 50065
    Avg Fanout:     2.9
    Max Fanout: 12525.0
    Min Fanout:     1.0
  Netlist Clocks: 1
# Build Timing Graph
  Timing Graph Nodes: 245193
  Timing Graph Edges: 446068
  Timing Graph Levels: 66
# Build Timing Graph took 0.24 seconds (max_rss 203.6 MiB, delta_rss +64.5 MiB)
Netlist contains 1 clocks
  Netlist Clock 'clk' Fanout: 12525 pins (6.5%), 12525 blocks (31.2%)
# Load Timing Constraints

SDC file 'attention_layer.pre-vpr.sdc' not found
Setting default timing constraints:
   * constrain all primary inputs and primary outputs on netlist clock 'clk'
   * optimize netlist clock to run as fast as possible
Timing constraints created 1 clocks
  Constrained Clock 'clk' Source: 'clk.inpad[0]'

# Load Timing Constraints took 0.00 seconds (max_rss 203.6 MiB, delta_rss +0.0 MiB)
# Analytical Placement
## Prepacker

There is one chain in this architecture called "chain" with the following starting points:
	clb[0]/lab[0]/fle[0]/ble5[0]/arithmetic[0]/adder[0].cin[0]

## Prepacker took 0.04 seconds (max_rss 203.6 MiB, delta_rss +0.0 MiB)
## Initializing Pre-Cluster Timing
Using inter-cluster delay: 2.1832e-09
## Initializing Pre-Cluster Timing took 0.38 seconds (max_rss 209.0 MiB, delta_rss +5.4 MiB)
## Estimate Device Size
Device layout 'auto' with fixed width 88.
FPGA sized to 88 x 88: 7744 grid tiles (auto)
## Estimate Device Size took 0.00 seconds (max_rss 209.0 MiB, delta_rss +0.0 MiB)
## Ram Mapper
Flat Placement is provided, skipping the RAM mapping.
## Ram Mapper took 0.00 seconds (max_rss 209.0 MiB, delta_rss +0.0 MiB)
## Read Atom Netlist to AP Netlist
## Read Atom Netlist to AP Netlist took 0.28 seconds (max_rss 277.6 MiB, delta_rss +68.6 MiB)
Analytical Placement Netlist Statistics:
	AP Blocks: 25061
		Moveable AP Blocks: 25061
		Fixed AP Blocks: 0
	AP Nets: 34982
		Average Fanout: 2.94
		Highest Fanout: 257
	AP Pins: 193913

## Computing placement delta delay look-up
### Build routing resource graph
### Build routing resource graph took 5.80 seconds (max_rss 768.6 MiB, delta_rss +491.0 MiB)
  RR Graph Nodes: 1682796
  RR Graph Edges: 17412304
### Computing router lookahead map
#### Computing wire lookahead
#### Computing wire lookahead took 6.38 seconds (max_rss 768.6 MiB, delta_rss +0.0 MiB)
#### Computing src/opin lookahead
Warning 1: Found no more sample locations for SOURCE in io
Warning 2: Found no more sample locations for OPIN in io
Warning 3: Found no more sample locations for SOURCE in clb
Warning 4: Found no more sample locations for OPIN in clb
Warning 5: Found no more sample locations for SOURCE in dsp_top
Warning 6: Found no more sample locations for OPIN in dsp_top
Warning 7: Found no more sample locations for SOURCE in memory
Warning 8: Found no more sample locations for OPIN in memory
#### Computing src/opin lookahead took 0.21 seconds (max_rss 768.6 MiB, delta_rss +0.0 MiB)
### Computing router lookahead map took 6.61 seconds (max_rss 768.6 MiB, delta_rss +0.0 MiB)
Serial Connection Router is being destroyed. Time spent on path search: 0.000 seconds.
## Computing placement delta delay look-up took 12.73 seconds (max_rss 768.6 MiB, delta_rss +491.0 MiB)
Flat Placement is provided in the AP flow, skipping the Global Placement.
0 of 25061 molecules placed at device center (no atoms of these molecules found in flat placement).
## AP Full Legalizer
### Creating Clusters
Device (width, height): (88,88)
#### Sorting and Grouping Blocks by Tile
#### Sorting and Grouping Blocks by Tile took 0.01 seconds (max_rss 768.6 MiB, delta_rss +0.0 MiB)
#### Reconstruction Pass Clustering
#### Reconstruction Pass Clustering took 57.91 seconds (max_rss 768.6 MiB, delta_rss +0.0 MiB)
#### Orphan Window Clustering with search radius 8
#### Orphan Window Clustering with search radius 8 took 0.02 seconds (max_rss 768.6 MiB, delta_rss +0.0 MiB)
FPGA sized to 88 x 88: 7744 grid tiles (auto)
Device Utilization: 0.28 (target 1.00)
	Block Utilization: 0.39 Type: io
	Block Utilization: 0.19 Type: clb
	Block Utilization: 0.85 Type: dsp_top
	Block Utilization: 0.75 Type: memory

----------------------------------------------------------------
                       Clustering Summary                       
----------------------------------------------------------------
Clusters created (Self Clustering)                       : 2605
    dsp_top    : 107
    memory     : 194
    clb        : 1220
    io         : 1084
Clusters created (Orphan Window Clustering)              : 16
    clb        : 16
Total clusters                                           : 2621
Percent of clusters created in Orphan Window Clustering  : 0.61%
Molecules clustered in each stage breakdown  : (Total of 25061)
	Self Clustering          (0.998963)  : 25035
 	Neighbor Clustering      (0.000000)  : 0
	Orphan Window Clustering (0.001037)  : 26
----------------------------------------------------------------

Final Clustering Statistics: 
----------   --------   ------------------------------------   --------------------------
Block Type   # Blocks   Avg. # of input clocks and pins used   Avg. # of output pins used
----------   --------   ------------------------------------   --------------------------
     EMPTY          0                                      0                            0   
        io       1084                              0.0295203                      0.97048   
       clb       1236                                27.9239                      15.3503   
   dsp_top        107                                40.9813                      20.1869   
    memory        194                                49.6598                      18.9691   
Absorbed logical nets 24200 out of 50065 nets, 25865 nets not absorbed.
#### Load packing
##### Loading packed FPGA netlist file.
Netlist generated from file '/inspire/hdd/project/project-public/changshunjie-253114010247/changshunjie-253114010247/workspace/DAC2027/TailCompile/vtr_work/tailcompile_v3/attention_layer/4x4/gnn_candidate-fp2b437f25-flat-recon-annealer-seed11-w160-devw88/attention_layer.locked-input.net'.
Detected 3 constant generators (to see names run with higher pack verbosity)
##### Loading packed FPGA netlist file. took 2.03 seconds (max_rss 804.0 MiB, delta_rss +35.3 MiB)
Warning 9: Treated 2 constant nets as global which will not be routed (to see net names increase packer verbosity).
Netlist contains 5542 global net to non-global architecture pin connections
Found 2 logic block(s) with only 1 output pin and no inputs; they may be constant generators (run with --pack_verbosity 3 to list them)
Completed clustering consistency check successfully.
Cluster level netlist and block usage statistics
Netlist num_nets: 25865
Netlist num_blocks: 2621
Netlist EMPTY blocks: 0.
Netlist io blocks: 1084.
Netlist clb blocks: 1236.
Netlist dsp_top blocks: 107.
Netlist memory blocks: 194.
Netlist inputs pins: 1052
Netlist output pins: 32

Pb types usage...
  io                   : 1084
   inpad               : 1052
   outpad              : 32
  clb                  : 1236
   lab                 : 1236
    fle                : 11241
     ble5              : 19054
      flut5            : 9904
       lut5            : 9613
        lut            : 9613
       ff              : 8130
      arithmetic       : 9150
       lut4            : 6015
        lut            : 6015
       adder           : 9150
     ble6              : 1590
      lut6             : 1590
       lut             : 1590
      ff               : 714
  dsp_top              : 107
   dsp                 : 107
    dsp_pb             : 107
     two_mult_18x19    : 136
      mult_18x19       : 136
     adder_fp16        : 1
  memory               : 194
   mem_1024x20_dp      : 194
    memory_slice       : 3680

#### Load packing took 2.40 seconds (max_rss 804.0 MiB, delta_rss +35.3 MiB)
Netlist contains 5542 global net to non-global architecture pin connections
Found 2 logic block(s) with only 1 output pin and no inputs; they may be constant generators (run with --pack_verbosity 3 to list them)
Cluster level netlist and block usage statistics
Netlist num_nets: 25865
Netlist num_blocks: 2621
Netlist EMPTY blocks: 0.
Netlist io blocks: 1084.
Netlist clb blocks: 1236.
Netlist dsp_top blocks: 107.
Netlist memory blocks: 194.
Netlist inputs pins: 1052
Netlist output pins: 32
### Creating Clusters took 61.50 seconds (max_rss 804.0 MiB, delta_rss +35.3 MiB)
Completed clustering consistency check successfully.
FPGA sized to 88 x 88: 7744 grid tiles (auto)
### Compressed grid construction
### Compressed grid construction took 0.00 seconds (max_rss 804.0 MiB, delta_rss +0.0 MiB)
### Initial Placement
Placing clusters that are part of larger macros...
Number of blocks to be placed: 16
Max distance on device: 176
---- ---------- ---------- -------------
Pass Max Displ. Num Blocks Num Blocks   
     Threshold  Placed     Left Unplaced
---- ---------- ---------- -------------
   0          0         14             2
   1          1          2             0

Placing general clusters...
Number of blocks to be placed: 2605
Max distance on device: 176
---- ---------- ---------- -------------
Pass Max Displ. Num Blocks Num Blocks   
     Threshold  Placed     Left Unplaced
---- ---------- ---------- -------------
   0          0       2589            16
   1          1          6            10
   2          2          7             3
   3          4          3             0

### Initial Placement took 0.01 seconds (max_rss 804.0 MiB, delta_rss +0.0 MiB)
Flat Placement Reconstruction Info:
	Percent of clusters with reconstruction errors: 0.267074
	Total displacement of initial placement from flat placement: 15509.000000
	Average atom displacement of initial placement from flat placement: 0.386633
	Max atom displacement of initial placement from flat placement: 64.000000
	Percent of atoms misplaced from the flat placement: 1.580535
## AP Full Legalizer took 61.81 seconds (max_rss 804.0 MiB, delta_rss +35.3 MiB)

Resource usage...
	Netlist
		1084	blocks of type: io
	Architecture
		2752	blocks of type: io
	Netlist
		1236	blocks of type: clb
	Architecture
		6376	blocks of type: clb
	Netlist
		107	blocks of type: dsp_top
	Architecture
		126	blocks of type: dsp_top
	Netlist
		194	blocks of type: memory
	Architecture
		258	blocks of type: memory

Device Utilization: 0.28 (target 1.00)
	Physical Tile io:
	Block Utilization: 0.39 Logical Block: io
	Physical Tile clb:
	Block Utilization: 0.19 Logical Block: clb
	Physical Tile dsp_top:
	Block Utilization: 0.85 Logical Block: dsp_top
	Physical Tile memory:
	Block Utilization: 0.75 Logical Block: memory

## Computing placement delta delay look-up
RR graph channel widths unchanged, skipping RR graph rebuild
Serial Connection Router is being destroyed. Time spent on path search: 0.000 seconds.
## Computing placement delta delay look-up took 0.02 seconds (max_rss 804.0 MiB, delta_rss +0.0 MiB)
Using simple RL 'Softmax agent' for choosing move and block types

Completed placement consistency check successfully.
Initial placement cost: 1 bb_cost: 6601.49 td_cost: 1.73277e-05
Initial placement BB estimate of wirelength: 1.05582e+06
Initial placement estimated Critical Path Delay (CPD): 17.1454 ns
Initial placement estimated setup Total Negative Slack (sTNS): -131644 ns
Initial placement estimated setup Worst Negative Slack (sWNS): -17.1454 ns

Initial placement estimated setup slack histogram:
[ -1.7e-08: -1.5e-08)     2 (  0.0%) |
[ -1.5e-08: -1.4e-08)    12 (  0.0%) |
[ -1.4e-08: -1.2e-08)    35 (  0.1%) |
[ -1.2e-08:   -1e-08)   135 (  0.3%) |
[   -1e-08: -8.7e-09)   284 (  0.5%) |
[ -8.7e-09:   -7e-09)   746 (  1.4%) |*
[   -7e-09: -5.3e-09)  1477 (  2.8%) |**
[ -5.3e-09: -3.6e-09)  3909 (  7.4%) |*******
[ -3.6e-09: -1.9e-09) 26852 ( 50.9%) |*********************************************
[ -1.9e-09: -1.9e-10) 19310 ( 36.6%) |********************************
Placement contains 8 placement macros involving 16 blocks (average macro size 2.000000)

Moves per temperature: 18063
## AP Detailed Placer

---- ------ ------- ------- ---------- ---------- ------- ---------- -------- ------- ------- ------ -------- --------- ------
Tnum  Time     T    AvCost  Av BB Cost Av TD Cost   CPD      sTNS      sWNS   AcRate  StdDev  R lim  CritExp  TotMoves  Alpha 
     (sec)                                          (ns)     (ns)      (ns)                                                   
---- ------ ------- ------- ---------- ---------- ------- ---------- -------- ------- ------- ------ -------- --------- ------
   1    0.2 8.6e-04   1.017    5607.68 1.8352e-05  12.998  -1.25e+05  -12.998   0.842  0.0071   87.0     1.00      18063  1.000
   2    0.2 7.7e-04   0.982    5716.71 1.8737e-05  13.175  -1.24e+05  -13.175   0.841  0.0122   87.0     1.00      36126  0.900
   3    0.2 7.0e-04   0.962    5645.07 1.42e-05    17.361  -1.24e+05  -17.361   0.831  0.0214   87.0     1.00      54189  0.900
   4    0.2 6.3e-04   0.960    5330.16 1.6442e-05  14.399  -1.22e+05  -14.399   0.814  0.0136   87.0     1.00      72252  0.900
   5    0.2 5.6e-04   0.961    5122.47 1.8202e-05  12.499  -1.26e+05  -12.499   0.802  0.0145   87.0     1.00      90315  0.900
   6    0.2 5.1e-04   0.952    4818.37 1.674e-05   13.033  -1.21e+05  -13.033   0.780  0.0200   87.0     1.00     108378  0.900
   7    0.2 4.8e-04   0.948    4383.90 1.5608e-05  13.010  -1.22e+05  -13.010   0.764  0.0204   87.0     1.00     126441  0.950
   8    0.2 4.6e-04   0.953    4111.11 1.5975e-05  12.103  -1.17e+05  -12.103   0.749  0.0154   87.0     1.00     144504  0.950
   9    0.2 4.4e-04   0.969    3889.55 1.5518e-05  11.904  -1.19e+05  -11.904   0.736  0.0133   87.0     1.00     162567  0.950
  10    0.2 4.1e-04   0.964    3731.76 1.5886e-05  11.412  -1.18e+05  -11.412   0.733  0.0116   87.0     1.00     180630  0.950
  11    0.2 3.9e-04   0.966    3475.80 1.4153e-05  12.185  -1.16e+05  -12.185   0.718  0.0139   87.0     1.00     198693  0.950
  12    0.2 3.7e-04   0.979    3347.53 1.4986e-05  11.177  -1.13e+05  -11.177   0.710  0.0097   87.0     1.00     216756  0.950
  13    0.2 3.6e-04   0.982    3214.34 1.5469e-05  10.529  -1.14e+05  -10.529   0.699  0.0064   87.0     1.00     234819  0.950
  14    0.2 3.4e-04   0.980    3139.73 1.6719e-05   9.620  -1.15e+05   -9.620   0.693  0.0087   87.0     1.00     252882  0.950
  15    0.2 3.2e-04   0.968    2994.90 1.5514e-05  10.073  -1.15e+05  -10.073   0.690  0.0120   87.0     1.00     270945  0.950
  16    0.2 3.0e-04   0.978    2866.00 1.2758e-05  11.886  -1.11e+05  -11.886   0.670  0.0090   87.0     1.00     289008  0.950
  17    0.2 2.9e-04   0.976    2749.82 1.4092e-05  10.539  -1.13e+05  -10.539   0.656  0.0102   87.0     1.00     307071  0.950
  18    0.2 2.7e-04   0.989    2705.89 1.5533e-05   9.435   -1.1e+05   -9.435   0.652  0.0080   87.0     1.00     325134  0.950
  19    0.2 2.6e-04   0.990    2655.16 1.5495e-05   9.325   -1.1e+05   -9.325   0.650  0.0066   87.0     1.00     343197  0.950
  20    0.2 2.5e-04   0.983    2591.86 1.3642e-05  10.475  -1.11e+05  -10.475   0.639  0.0086   87.0     1.00     361260  0.950
  21    0.2 2.4e-04   0.989    2525.29 1.3533e-05  10.407  -1.09e+05  -10.407   0.638  0.0034   87.0     1.00     379323  0.950
  22    0.2 2.2e-04   0.984    2513.85 1.4605e-05   9.625   -1.1e+05   -9.625   0.614  0.0043   87.0     1.00     397386  0.950
  23    0.2 2.1e-04   0.979    2461.30 1.2415e-05  11.142   -1.1e+05  -11.142   0.618  0.0087   87.0     1.00     415449  0.950
  24    0.2 2.0e-04   0.993    2433.19 1.3965e-05   9.779  -1.09e+05   -9.779   0.605  0.0042   87.0     1.00     433512  0.950
  25    0.2 1.9e-04   0.985    2376.14 1.4175e-05   9.526  -1.09e+05   -9.526   0.602  0.0066   87.0     1.00     451575  0.950
  26    0.2 1.8e-04   0.990    2350.00 1.347e-05    9.938  -1.09e+05   -9.938   0.590  0.0025   87.0     1.00     469638  0.950
  27    0.2 1.7e-04   0.982    2320.33 1.4633e-05   9.097  -1.11e+05   -9.097   0.581  0.0057   87.0     1.00     487701  0.950
  28    0.2 1.6e-04   0.991    2300.80 1.4198e-05   9.253   -1.1e+05   -9.253   0.571  0.0059   87.0     1.00     505764  0.950
  29    0.2 1.6e-04   0.984    2261.31 1.4835e-05   8.800  -1.09e+05   -8.800   0.559  0.0066   87.0     1.00     523827  0.950
  30    0.2 1.5e-04   0.991    2230.12 1.492e-05    8.582  -1.08e+05   -8.582   0.546  0.0026   87.0     1.00     541890  0.950
  31    0.2 1.4e-04   0.990    2209.20 1.42e-05     8.997  -1.08e+05   -8.997   0.542  0.0042   87.0     1.00     559953  0.950
  32    0.2 1.3e-04   0.987    2181.97 1.3634e-05   9.303  -1.07e+05   -9.303   0.537  0.0042   87.0     1.00     578016  0.950
  33    0.2 1.3e-04   0.996    2174.32 1.3729e-05   9.175  -1.06e+05   -9.175   0.530  0.0027   87.0     1.00     596079  0.950
  34    0.2 1.2e-04   0.988    2140.08 1.3207e-05   9.518  -1.09e+05   -9.518   0.511  0.0035   87.0     1.00     614142  0.950
  35    0.2 1.1e-04   0.986    2117.88 1.3793e-05   9.009  -1.08e+05   -9.009   0.494  0.0058   87.0     1.00     632205  0.950
  36    0.2 1.1e-04   0.992    2103.72 1.453e-05    8.472  -1.08e+05   -8.472   0.485  0.0036   87.0     1.00     650268  0.950
  37    0.2 1.0e-04   0.990    2088.87 1.3176e-05   9.279  -1.07e+05   -9.279   0.473  0.0033   87.0     1.00     668331  0.950
  38    0.2 9.8e-05   0.986    2057.38 1.3445e-05   8.979  -1.07e+05   -8.979   0.467  0.0049   87.0     1.00     686394  0.950
  39    0.2 9.4e-05   0.991    2054.37 1.3491e-05   8.973  -1.07e+05   -8.973   0.460  0.0028   87.0     1.00     704457  0.950
  40    0.2 8.9e-05   0.988    2030.05 1.3516e-05   8.817  -1.06e+05   -8.817   0.442  0.0046   87.0     1.00     722520  0.950
  41    0.2 8.4e-05   0.989    2004.57 1.3446e-05   8.823  -1.06e+05   -8.823   0.432  0.0044   87.0     1.00     740583  0.950
  42    0.2 8.0e-05   0.990    1990.60 1.2889e-05   8.688  -1.06e+05   -8.688   0.423  0.0033   86.3     1.06     758646  0.950
  43    0.2 7.6e-05   0.992    1971.37 1.1566e-05   8.714  -1.06e+05   -8.714   0.408  0.0042   84.8     1.18     776709  0.950
  44    0.2 7.2e-05   0.989    1951.96 9.377e-06    8.861  -1.06e+05   -8.861   0.404  0.0053   82.1     1.40     794772  0.950
  45    0.2 6.9e-05   0.992    1929.91 7.9672e-06   8.687  -1.06e+05   -8.687   0.387  0.0033   79.1     1.64     812835  0.950
  46    0.2 6.5e-05   0.990    1917.38 6.8525e-06   8.300  -1.07e+05   -8.300   0.385  0.0030   74.9     1.98     830898  0.950
  47    0.2 6.2e-05   0.992    1909.92 5.4401e-06   8.365  -1.06e+05   -8.365   0.371  0.0030   70.8     2.32     848961  0.950
  48    0.2 5.9e-05   0.991    1901.92 4.2798e-06   8.401  -1.06e+05   -8.401   0.367  0.0035   65.9     2.72     867024  0.950
  49    0.2 5.6e-05   0.995    1897.47 3.7648e-06   8.140  -1.05e+05   -8.140   0.361  0.0017   61.1     3.11     885087  0.950
  50    0.2 5.3e-05   0.989    1880.06 3.0215e-06   8.195  -1.08e+05   -8.195   0.346  0.0040   56.2     3.50     903150  0.950
  51    0.2 5.1e-05   0.992    1861.33 2.3805e-06   8.224  -1.07e+05   -8.224   0.332  0.0043   50.9     3.94     921213  0.950
  52    0.2 4.8e-05   0.995    1853.67 2.0941e-06   8.063  -1.08e+05   -8.063   0.329  0.0023   45.4     4.38     939276  0.950
  53    0.2 4.6e-05   0.995    1844.61 1.6269e-06   8.186  -1.07e+05   -8.186   0.323  0.0032   40.4     4.80     957339  0.950
  54    0.2 4.3e-05   0.993    1820.95 1.4478e-06   8.126  -1.07e+05   -8.126   0.310  0.0030   35.6     5.18     975402  0.950
  55    0.2 4.1e-05   0.996    1810.10 1.3941e-06   7.906  -1.09e+05   -7.906   0.302  0.0032   31.0     5.56     993465  0.950
  56    0.2 3.9e-05   0.994    1798.42 1.19e-06     7.906  -1.08e+05   -7.906   0.295  0.0033   26.7     5.91    1011528  0.950
  57    0.2 3.7e-05   0.996    1794.34 1.0574e-06   7.906   -1.1e+05   -7.906   0.292  0.0016   22.8     6.22    1029591  0.950
  58    0.2 3.5e-05   0.995    1787.46 8.5991e-07   8.063  -1.08e+05   -8.063   0.280  0.0021   19.5     6.50    1047654  0.950
  59    0.2 3.4e-05   0.994    1773.98 8.2598e-07   8.008  -1.09e+05   -8.008   0.278  0.0022   16.3     6.75    1065717  0.950
  60    0.2 3.2e-05   0.995    1762.82 8.0354e-07   7.949  -1.12e+05   -7.949   0.267  0.0026   13.7     6.97    1083780  0.950
  61    0.2 3.0e-05   0.995    1745.70 6.4348e-07   8.084  -1.11e+05   -8.084   0.292  0.0027   11.3     7.16    1101843  0.950
  62    0.2 2.9e-05   0.996    1732.82 6.8694e-07   7.949   -1.1e+05   -7.949   0.277  0.0015    9.7     7.29    1119906  0.950
  63    0.2 2.7e-05   0.995    1721.60 6.4406e-07   7.949  -1.09e+05   -7.949   0.269  0.0021    8.1     7.42    1137969  0.950
  64    0.2 2.6e-05   0.997    1712.75 6.0174e-07   7.978  -1.09e+05   -7.978   0.263  0.0014    6.7     7.54    1156032  0.950
  65    0.2 2.5e-05   0.998    1707.96 5.7151e-07   7.978  -1.09e+05   -7.978   0.264  0.0014    5.5     7.63    1174095  0.950
  66    0.2 2.3e-05   0.996    1697.01 5.5157e-07   7.978  -1.09e+05   -7.978   0.257  0.0018    4.5     7.71    1192158  0.950
  67    0.2 2.2e-05   0.997    1690.65 5.2207e-07   7.999  -1.09e+05   -7.999   0.250  0.0016    3.7     7.78    1210221  0.950
  68    0.2 2.1e-05   0.996    1685.39 4.9721e-07   7.999  -1.08e+05   -7.999   0.242  0.0016    3.0     7.84    1228284  0.950
  69    0.2 2.0e-05   0.997    1676.87 4.9733e-07   7.969  -1.09e+05   -7.969   0.252  0.0013    2.4     7.89    1246347  0.950
  70    0.2 1.9e-05   0.997    1671.10 4.9574e-07   7.969  -1.08e+05   -7.969   0.262  0.0011    2.0     7.92    1264410  0.950
  71    0.2 1.8e-05   0.998    1667.75 4.8507e-07   7.969  -1.08e+05   -7.969   0.256  0.0011    1.6     7.95    1282473  0.950
  72    0.2 1.7e-05   0.998    1662.55 4.8317e-07   7.969  -1.08e+05   -7.969   0.237  0.0010    1.3     7.97    1300536  0.950
  73    0.2 1.6e-05   0.998    1660.69 4.7379e-07   7.969  -1.08e+05   -7.969   0.238  0.0008    1.0     8.00    1318599  0.950
  74    0.2 1.6e-05   0.998    1656.93 4.6941e-07   7.969  -1.09e+05   -7.969   0.219  0.0007    1.0     8.00    1336662  0.950
  75    0.2 1.5e-05   0.999    1655.39 4.6913e-07   7.969  -1.09e+05   -7.969   0.225  0.0009    1.0     8.00    1354725  0.950
  76    0.2 1.4e-05   0.999    1652.61 4.6478e-07   7.969  -1.08e+05   -7.969   0.217  0.0006    1.0     8.00    1372788  0.950
  77    0.2 1.3e-05   0.998    1649.30 4.6205e-07   7.969  -1.08e+05   -7.969   0.208  0.0007    1.0     8.00    1390851  0.950
  78    0.2 1.3e-05   0.999    1649.03 4.5694e-07   7.969  -1.08e+05   -7.969   0.210  0.0004    1.0     8.00    1408914  0.950
  79    0.2 1.2e-05   0.998    1646.18 4.5784e-07   7.969  -1.09e+05   -7.969   0.199  0.0005    1.0     8.00    1426977  0.950
  80    0.2 1.1e-05   0.998    1642.50 4.5894e-07   7.969  -1.08e+05   -7.969   0.199  0.0007    1.0     8.00    1445040  0.950
  81    0.2 1.1e-05   0.999    1640.08 4.5749e-07   7.969  -1.08e+05   -7.969   0.187  0.0004    1.0     8.00    1463103  0.950
  82    0.2 1.0e-05   0.999    1638.44 4.5471e-07   7.969  -1.08e+05   -7.969   0.189  0.0005    1.0     8.00    1481166  0.950
  83    0.2 9.8e-06   0.999    1638.04 4.5421e-07   7.969  -1.08e+05   -7.969   0.181  0.0002    1.0     8.00    1499229  0.950
  84    0.2 9.3e-06   0.999    1636.90 4.5931e-07   7.969  -1.07e+05   -7.969   0.182  0.0007    1.0     8.00    1517292  0.950
  85    0.2 8.8e-06   0.999    1635.45 4.4795e-07   7.969  -1.08e+05   -7.969   0.178  0.0004    1.0     8.00    1535355  0.950
  86    0.2 8.4e-06   0.999    1633.75 4.4947e-07   7.969  -1.08e+05   -7.969   0.168  0.0002    1.0     8.00    1553418  0.950
  87    0.2 8.0e-06   0.999    1634.33 4.4687e-07   7.969  -1.08e+05   -7.969   0.169  0.0004    1.0     8.00    1571481  0.950
  88    0.2 7.6e-06   0.999    1631.49 4.5223e-07   7.969  -1.08e+05   -7.969   0.166  0.0003    1.0     8.00    1589544  0.950
  89    0.2 7.2e-06   0.999    1630.16 4.4953e-07   7.969  -1.08e+05   -7.969   0.165  0.0004    1.0     8.00    1607607  0.950
  90    0.2 6.8e-06   0.999    1629.64 4.5091e-07   7.969  -1.07e+05   -7.969   0.163  0.0003    1.0     8.00    1625670  0.950
  91    0.2 6.5e-06   0.999    1628.41 4.4746e-07   7.969  -1.07e+05   -7.969   0.156  0.0003    1.0     8.00    1643733  0.950
  92    0.2 6.2e-06   0.999    1627.47 4.4814e-07   7.969  -1.08e+05   -7.969   0.156  0.0003    1.0     8.00    1661796  0.950
  93    0.2 5.9e-06   0.999    1626.19 4.4867e-07   7.969  -1.08e+05   -7.969   0.156  0.0003    1.0     8.00    1679859  0.950
  94    0.2 5.6e-06   1.000    1625.07 4.5246e-07   7.969  -1.08e+05   -7.969   0.155  0.0003    1.0     8.00    1697922  0.950
  95    0.2 5.3e-06   0.999    1624.68 4.5037e-07   7.969  -1.09e+05   -7.969   0.152  0.0003    1.0     8.00    1715985  0.950
  96    0.2 5.0e-06   1.000    1624.20 4.4639e-07   7.969  -1.08e+05   -7.969   0.147  0.0002    1.0     8.00    1734048  0.950
Agent's 2nd state: 
  97    0.2 4.0e-06   1.000    1623.70 4.4818e-07   7.969  -1.08e+05   -7.969   0.140  0.0002    1.0     8.00    1752111  0.800
Checkpoint saved: bb_costs=1623.49, TD costs=4.4917e-07, CPD=  7.969 (ns) 
  98    0.2 3.2e-06   1.000    1622.99 4.4888e-07   7.969  -1.08e+05   -7.969   0.101  0.0002    1.0     8.00    1770174  0.800
  99    0.2 2.6e-06   1.000    1622.50 4.4752e-07   7.969  -1.08e+05   -7.969   0.097  0.0002    1.0     8.00    1788237  0.800
 100    0.2 2.1e-06   1.000    1621.75 4.4819e-07   7.969  -1.08e+05   -7.969   0.096  0.0002    1.0     8.00    1806300  0.800
 101    0.2 1.6e-06   1.000    1621.26 4.4638e-07   7.969  -1.08e+05   -7.969   0.093  0.0002    1.0     8.00    1824363  0.800
 102    0.2 1.3e-06   1.000    1621.05 4.4665e-07   7.969  -1.08e+05   -7.969   0.087  0.0002    1.0     8.00    1842426  0.800
 103    0.2 1.1e-06   1.000    1620.75 4.4543e-07   7.969  -1.08e+05   -7.969   0.089  0.0001    1.0     8.00    1860489  0.800
 104    0.2 8.4e-07   1.000    1620.44 4.4446e-07   7.969  -1.09e+05   -7.969   0.091  0.0001    1.0     8.00    1878552  0.800
 105    0.2 6.7e-07   1.000    1619.98 4.4623e-07   7.969  -1.09e+05   -7.969   0.087  0.0002    1.0     8.00    1896615  0.800
 106    0.2 5.4e-07   1.000    1619.78 4.4465e-07   7.969  -1.08e+05   -7.969   0.088  0.0002    1.0     8.00    1914678  0.800
 107    0.2 4.3e-07   1.000    1619.69 4.4586e-07   7.969  -1.08e+05   -7.969   0.081  0.0001    1.0     8.00    1932741  0.800
 108    0.2 3.5e-07   1.000    1619.71 4.4568e-07   7.969  -1.09e+05   -7.969   0.082  0.0001    1.0     8.00    1950804  0.800
 109    0.2 2.8e-07   1.000    1619.62 4.4618e-07   7.969  -1.08e+05   -7.969   0.078  0.0001    1.0     8.00    1968867  0.800
 110    0.2 2.2e-07   1.000    1619.59 4.4527e-07   7.969  -1.08e+05   -7.969   0.081  0.0001    1.0     8.00    1986930  0.800
 111    0.2 0.0e+00   1.000    1619.32 4.4457e-07   7.969  -1.08e+05   -7.969   0.047  0.0001    1.0     8.00    2004993  0.800
### Placement Quench took 0.18 seconds (max_rss 804.0 MiB)
post-quench CPD = 7.96917 (ns) 

Completed placement consistency check successfully.

Swaps called: 2007614

Aborted Move Reasons:
  duplicate block move to location: 7
  macro move to location illegal: 2
  macro_from swap to location illegal: 992

BB estimate of min-dist (placement) wire length: 258803

Placement estimated critical path delay (least slack): 7.96917 ns, Fmax: 125.484 MHz
Placement estimated critical path skew: -0.04243 ns
Placement estimated setup Worst Negative Slack (sWNS): -7.96917 ns
Placement estimated setup Total Negative Slack (sTNS): -108017 ns
Placement estimated setup Worst Skew (sWS): -0.04243 ns

Placement estimated setup slack histogram:
[   -8e-09: -7.2e-09)     8 (  0.0%) |
[ -7.2e-09: -6.4e-09)   102 (  0.2%) |
[ -6.4e-09: -5.6e-09)   272 (  0.5%) |*
[ -5.6e-09: -4.9e-09)   433 (  0.8%) |*
[ -4.9e-09: -4.1e-09)   662 (  1.3%) |**
[ -4.1e-09: -3.3e-09)  2081 (  3.9%) |*****
[ -3.3e-09: -2.5e-09)  8649 ( 16.4%) |********************
[ -2.5e-09: -1.7e-09) 19432 ( 36.8%) |*********************************************
[ -1.7e-09: -9.7e-10) 15841 ( 30.0%) |*************************************
[ -9.7e-10: -1.9e-10)  5282 ( 10.0%) |************

Placement estimated geomean non-virtual intra-domain period: 7.96917 ns (125.484 MHz)
Placement estimated fanout-weighted geomean non-virtual intra-domain period: 7.96917 ns (125.484 MHz)

Placement cost: 0.99974, bb_cost: 1619.25, td_cost: 4.45307e-07, 

Placement resource usage:
  io      implemented as io     : 1084
  clb     implemented as clb    : 1236
  dsp_top implemented as dsp_top: 107
  memory  implemented as memory : 194

Placement number of temperatures: 111
Placement total # of swap attempts: 2007614
	Swaps accepted:  746548 (37.2 %)
	Swaps rejected: 1250192 (62.3 %)
	Swaps aborted:   10874 ( 0.5 %)


Placement perturbation distribution by block and move type: 
------------------ ----------------- ---------------- ---------------- --------------- ------------ 
    Block Type         Move Type       (%) of Total      Accepted(%)     Rejected(%)    Aborted(%)
------------------ ----------------- ---------------- ---------------- --------------- ------------ 
io                 Uniform                9.78             54.62           45.38          0.00         
                   Median                 9.76             60.70           38.44          0.86         
                   Centroid               9.77             61.09           38.91          0.00         
                   W. Centroid            9.75             61.07           38.93          0.00         
                   W. Median              0.74             24.90           74.32          0.78         

clb                Uniform                11.13            7.51            92.37          0.12         
                   Median                 11.20            36.54           62.66          0.80         
                   Centroid               11.14            34.50           65.44          0.07         
                   W. Centroid            11.24            35.28           64.63          0.09         
                   W. Median              0.85             2.43            96.79          0.78         
                   Crit. Uniform          1.79             0.14            99.86          0.00         
                   Feasible Region        1.80             0.08            99.92          0.00         

dsp_top            Uniform                0.97             2.07            97.93          0.00         
                   Median                 0.97             4.96            88.89          6.15         
                   Centroid               0.96             4.71            89.31          5.98         
                   W. Centroid            0.96             4.73            89.28          6.00         
                   W. Median              0.08             0.46            85.55          13.98        

memory             Uniform                1.75             8.08            91.92          0.00         
                   Median                 1.74             16.12           79.01          4.87         
                   Centroid               1.75             13.39           84.35          2.27         
                   W. Centroid            1.75             12.97           87.00          0.02         
                   W. Median              0.14             2.56            86.69          10.75        


Placement Quench timing analysis took 0.0457286 seconds (0.0393272 STA, 0.0064014 slack) (1 full updates: 1 setup, 0 hold, 0 combined).
Placement Total  timing analysis took 5.75163 seconds (4.77991 STA, 0.97172 slack) (113 full updates: 113 setup, 0 hold, 0 combined).
update_td_costs: connections 0.0390973 nets 0 sum_nets 0.0204875 total 0.0598274
## AP Detailed Placer took 19.68 seconds (max_rss 813.0 MiB, delta_rss +9.0 MiB)
Incr Slack updates 113 in 0.193956 sec
Full Max Req/Worst Slack updates 42 in 0.046882 sec
Incr Max Req/Worst Slack updates 71 in 0.104503 sec
Incr Criticality updates 49 in 0.156265 sec
Full Criticality updates 64 in 0.350933 sec
Incr Slack updates 1 in 0.00169883 sec
Full Max Req/Worst Slack updates 1 in 0.00116173 sec
Incr Max Req/Worst Slack updates 0 in 0 sec
Incr Criticality updates 0 in 0 sec
Full Criticality updates 1 in 0.00620511 sec
# Analytical Placement took 95.62 seconds (max_rss 813.0 MiB, delta_rss +609.4 MiB)


# Routing
RR graph channel widths unchanged, skipping RR graph rebuild
## Initializing router criticalities
Initial Net Connection Criticality Histogram:
[        0:      0.1) 7055 ( 14.5%) |*****************************************
[      0.1:      0.2) 7226 ( 14.9%) |******************************************
[      0.2:      0.3) 7959 ( 16.4%) |**********************************************
[      0.3:      0.4) 3450 (  7.1%) |********************
[      0.4:      0.5) 5922 ( 12.2%) |**********************************
[      0.5:      0.6) 7673 ( 15.8%) |********************************************
[      0.6:      0.7) 5968 ( 12.3%) |**********************************
[      0.7:      0.8) 2404 (  5.0%) |**************
[      0.8:      0.9)  672 (  1.4%) |****
[      0.9:        1)  236 (  0.5%) |*
## Initializing router criticalities took 0.64 seconds (max_rss 813.0 MiB, delta_rss +0.0 MiB)
---- ------ ------- ---- ------- ------- ------- ----------------- --------------- -------- ---------- ---------- ---------- ---------- --------
Iter   Time    pres  BBs    Heap  Re-Rtd  Re-Rtd Overused RR Nodes      Wirelength      CPD       sTNS       sWNS       hTNS       hWNS Est Succ
      (sec)     fac Updt    push    Nets   Conns                                       (ns)       (ns)       (ns)       (ns)       (ns)     Iter
---- ------ ------- ---- ------- ------- ------- ----------------- --------------- -------- ---------- ---------- ---------- ---------- --------
   1    1.0     0.0    0 6052815   25862   41715   21466 ( 1.276%)  406548 (17.0%)   10.484 -1.697e+05    -10.484      0.000      0.000      N/A
   2    0.9     0.5    0 5230265   17958   32195    9623 ( 0.572%)  404407 (16.9%)    7.724 -1.460e+05     -7.724      0.000      0.000      N/A
   3    0.7     0.6    0 3509649   11748   22160    7655 ( 0.455%)  409862 (17.1%)    7.726 -1.442e+05     -7.726      0.000      0.000      N/A
   4    0.6     0.8    0 2846842    9478   18506    5887 ( 0.350%)  412626 (17.2%)    7.726 -1.425e+05     -7.726      0.000      0.000      N/A
   5    0.5     1.1    0 2052421    7613   15285    4180 ( 0.248%)  415870 (17.4%)    7.726 -1.426e+05     -7.726      0.000      0.000      N/A
   6    0.4     1.4    0 1313029    5630   11727    3056 ( 0.182%)  418273 (17.5%)    7.726 -1.425e+05     -7.726      0.000      0.000      N/A
   7    0.3     1.9    0  916836    4243    9090    2196 ( 0.130%)  420558 (17.6%)    7.726 -1.425e+05     -7.726      0.000      0.000      N/A
   8    0.3     2.4    0  651012    3136    6954    1472 ( 0.087%)  422792 (17.7%)    7.726 -1.428e+05     -7.726      0.000      0.000      N/A
   9    0.2     3.1    0  427800    2167    5052     931 ( 0.055%)  425064 (17.8%)    7.770 -1.429e+05     -7.770      0.000      0.000       27
  10    0.2     4.1    0  290106    1352    3199     545 ( 0.032%)  426764 (17.8%)    7.770 -1.429e+05     -7.770      0.000      0.000       25
  11    0.2     5.3    0  187938     827    2097     299 ( 0.018%)  428287 (17.9%)    7.770 -1.429e+05     -7.770      0.000      0.000       24
  12    0.2     6.9    0  115132     445    1168     156 ( 0.009%)  429009 (17.9%)    7.770 -1.430e+05     -7.770      0.000      0.000       22
  13    0.1     9.0    0   70395     232     571      51 ( 0.003%)  429592 (17.9%)    7.831 -1.430e+05     -7.831      0.000      0.000       20
  14    0.1    11.6    0   26372      77     162      17 ( 0.001%)  429777 (18.0%)    7.831 -1.430e+05     -7.831      0.000      0.000       18
  15    0.1    15.1    0    9411      40      89       3 ( 0.000%)  429897 (18.0%)    7.831 -1.430e+05     -7.831      0.000      0.000       17
  16    0.1    19.7    0    3284      15      29       1 ( 0.000%)  429921 (18.0%)    7.831 -1.430e+05     -7.831      0.000      0.000       16
  17    0.1    25.6    0    1883      11      25       0 ( 0.000%)  429905 (18.0%)    7.770 -1.430e+05     -7.770      0.000      0.000      N/A
Restoring best routing
Critical path: 7.77024 ns
Successfully routed after 17 routing iterations.
Final Net Connection Criticality Histogram:
[        0:      0.1) 7357 ( 15.1%) |*************************************
[      0.1:      0.2) 5141 ( 10.6%) |**************************
[      0.2:      0.3) 7867 ( 16.2%) |***************************************
[      0.3:      0.4) 4124 (  8.5%) |*********************
[      0.4:      0.5) 4833 ( 10.0%) |************************
[      0.5:      0.6) 9174 ( 18.9%) |**********************************************
[      0.6:      0.7) 6131 ( 12.6%) |*******************************
[      0.7:      0.8) 2807 (  5.8%) |**************
[      0.8:      0.9)  883 (  1.8%) |****
[      0.9:        1)  248 (  0.5%) |*
Router Stats: total_nets_routed: 90834 total_connections_routed: 170024 total_heap_pushes: 23705190 total_heap_pops: 6548943 
Serial Connection Router is being destroyed. Time spent on path search: 3.065 seconds.
# Routing took 6.89 seconds (max_rss 839.4 MiB, delta_rss +26.5 MiB)

Checking to ensure routing is legal...
# Checking to ensure non-configurable edges are legal
# Checking to ensure non-configurable edges are legal took 0.08 seconds (max_rss 839.4 MiB, delta_rss +0.0 MiB)
Completed routing consistency check successfully.

Serial number (magic cookie) for the routing is: 1560541478
Circuit successfully routed with a channel width factor of 160.
Incr Slack updates 18 in 0.0299005 sec
Full Max Req/Worst Slack updates 3 in 0.0035051 sec
Incr Max Req/Worst Slack updates 15 in 0.0228891 sec
Incr Criticality updates 11 in 0.0329349 sec
Full Criticality updates 7 in 0.0461188 sec
# Synchronize the packed netlist to routing optimization
## Annotating rr_node with routed nets
## Annotating rr_node with routed nets took 0.01 seconds (max_rss 839.4 MiB, delta_rss +0.0 MiB)
Found 43800 mismatches between routing and packing results.
Fixed 30726 routing traces due to mismatch between routing and packing results.
# Synchronize the packed netlist to routing optimization took 0.29 seconds (max_rss 839.4 MiB, delta_rss +0.0 MiB)
Final Clustering Statistics: 
----------   --------   ------------------------------------   --------------------------
Block Type   # Blocks   Avg. # of input clocks and pins used   Avg. # of output pins used
----------   --------   ------------------------------------   --------------------------
     EMPTY          0                                      0                            0   
        io       1084                              0.0295203                      0.97048   
       clb       1236                                27.9239                      15.3503   
   dsp_top        107                                40.9813                      20.1869   
    memory        194                                49.6598                      18.9691   
Absorbed logical nets 24200 out of 50065 nets, 25865 nets not absorbed.


Average number of bends per net: 1.64191  Maximum # of bends: 262

Number of global nets: 3
Number of routed nets (nonglobal): 25862
Wire length results (in units of 1 clb segments)...
	Total wirelength: 429905, average net length: 16.6230
	Maximum net length: 2295

Wire length results in terms of physical segments...
	Total wiring segments used: 96540, average wire segments per net: 3.73289
	Maximum segments used by a net: 519
	Total local nets with reserved CLB opins: 0
Total number of nets absorbed: 8

Routing channel utilization histogram:
[        1:      inf)    0 (  0.0%) |
[      0.9:        1)    0 (  0.0%) |
[      0.8:      0.9)    0 (  0.0%) |
[      0.7:      0.8)   78 (  0.5%) |*
[      0.5:      0.6)  434 (  2.9%) |***
[      0.4:      0.5) 1050 (  6.9%) |********
[      0.3:      0.4) 1657 ( 10.9%) |************
[      0.2:      0.3) 2298 ( 15.2%) |*****************
[      0.1:      0.2) 3343 ( 22.1%) |************************
[        0:      0.1) 6278 ( 41.5%) |**********************************************
Maximum routing channel utilization:      0.73 at (48,59)

X - Directed channels: layer   y   max occ   ave occ   ave cap
                        ----- ---- -------- -------- --------
                            0    0       72   31.593      160
                            0    1        8    1.256      160
                            0    2       20    3.395      160
                            0    3       28    5.070      160
                            0    4       42    8.558      160
                            0    5       63    9.721      160
                            0    6       75   12.326      160
                            0    7       61   10.372      160
                            0    8       43    9.674      160
                            0    9       35   11.674      160
                            0   10       46   14.279      160
                            0   11       58   15.860      160
                            0   12       50   17.302      160
                            0   13       54   18.140      160
                            0   14       65   19.395      160
                            0   15       65   22.779      160
                            0   16       55   21.233      160
                            0   17       56   17.930      160
                            0   18       71   20.314      160
                            0   19       52   20.477      160
                            0   20       51   23.500      160
                            0   21       57   20.884      160
                            0   22       70   22.814      160
                            0   23       49   18.849      160
                            0   24       60   24.047      160
                            0   25       72   29.174      160
                            0   26       65   26.942      160
                            0   27       58   25.523      160
                            0   28       82   32.384      160
                            0   29       71   27.081      160
                            0   30       80   24.744      160
                            0   31       73   22.640      160
                            0   32       92   28.709      160
                            0   33       80   30.302      160
                            0   34       69   27.884      160
                            0   35       68   28.023      160
                            0   36       69   37.500      160
                            0   37       76   37.012      160
                            0   38       72   37.605      160
                            0   39       84   38.058      160
                            0   40       87   38.221      160
                            0   41       91   40.953      160
                            0   42       91   45.302      160
                            0   43       91   41.523      160
                            0   44       92   37.116      160
                            0   45       85   39.523      160
                            0   46       85   46.919      160
                            0   47       80   43.209      160
                            0   48       80   37.767      160
                            0   49       76   35.186      160
                            0   50       75   36.209      160
                            0   51       77   33.070      160
                            0   52       82   30.302      160
                            0   53       85   34.988      160
                            0   54       75   37.674      160
                            0   55       91   39.930      160
                            0   56       89   41.186      160
                            0   57       88   41.721      160
                            0   58       98   44.291      160
                            0   59      101   46.209      160
                            0   60      100   50.360      160
                            0   61      100   48.930      160
                            0   62       88   44.360      160
                            0   63       89   39.023      160
                            0   64       94   36.384      160
                            0   65       89   37.372      160
                            0   66       89   36.477      160
                            0   67       91   37.372      160
                            0   68       91   45.709      160
                            0   69       85   47.186      160
                            0   70       85   42.395      160
                            0   71       77   38.872      160
                            0   72       72   32.326      160
                            0   73       83   27.802      160
                            0   74       74   25.453      160
                            0   75       85   25.384      160
                            0   76       71   22.023      160
                            0   77       50   19.477      160
                            0   78       42   13.767      160
                            0   79       39   10.860      160
                            0   80       38    8.523      160
                            0   81       41    9.709      160
                            0   82       50    9.616      160
                            0   83       25    5.256      160
                            0   84        9    1.860      160
                            0   85        2    0.419      160
                            0   86       59   31.826      160
Y - Directed channels: layer   x   max occ   ave occ   ave cap
                        ----- ---- -------- -------- --------
                            0    0       53   17.826      160
                            0    1       45   17.779      160
                            0    2       51   22.942      160
                            0    3       30    9.651      160
                            0    4       46   11.779      160
                            0    5       67   29.872      160
                            0    6       75   31.977      160
                            0    7       48   18.081      160
                            0    8       49   16.023      160
                            0    9       59   11.279      160
                            0   10       53   10.163      160
                            0   11       31    6.442      160
                            0   12       24    4.802      160
                            0   13       25    8.570      160
                            0   14       38   12.907      160
                            0   15       32   15.488      160
                            0   16       60   13.674      160
                            0   17       68   38.651      160
                            0   18       79   47.919      160
                            0   19       49   23.698      160
                            0   20       83   36.140      160
                            0   21      103   60.105      160
                            0   22       98   54.291      160
                            0   23       91   33.128      160
                            0   24       60   24.651      160
                            0   25       71   24.965      160
                            0   26       80   29.698      160
                            0   27       78   23.174      160
                            0   28       70   18.349      160
                            0   29       64   25.140      160
                            0   30       86   32.547      160
                            0   31       89   31.140      160
                            0   32       78   28.326      160
                            0   33       90   58.581      160
                            0   34       90   66.442      160
                            0   35       97   49.535      160
                            0   36      102   49.953      160
                            0   37      113   63.651      160
                            0   38      107   55.081      160
                            0   39       89   38.837      160
                            0   40       84   25.791      160
                            0   41       68   20.674      160
                            0   42       90   20.698      160
                            0   43       94   22.767      160
                            0   44       75   24.500      160
                            0   45       89   29.965      160
                            0   46       83   37.419      160
                            0   47      105   41.616      160
                            0   48      116   47.988      160
                            0   49      101   67.570      160
                            0   50      106   64.767      160
                            0   51      108   54.023      160
                            0   52       96   53.512      160
                            0   53      109   72.000      160
                            0   54      111   62.291      160
                            0   55       85   35.372      160
                            0   56       67   25.523      160
                            0   57       77   23.151      160
                            0   58       69   17.163      160
                            0   59       65   16.221      160
                            0   60       63   16.535      160
                            0   61       56   15.116      160
                            0   62       90   25.837      160
                            0   63       82   24.407      160
                            0   64       80   24.988      160
                            0   65       79   51.895      160
                            0   66       93   56.070      160
                            0   67       83   36.872      160
                            0   68       90   44.349      160
                            0   69      108   51.826      160
                            0   70       73   35.116      160
                            0   71       63   12.942      160
                            0   72       34   12.860      160
                            0   73       31    7.360      160
                            0   74       24    7.523      160
                            0   75       26    5.558      160
                            0   76       24    6.430      160
                            0   77       29    8.337      160
                            0   78       26   14.221      160
                            0   79       26   12.349      160
                            0   80       35   13.163      160
                            0   81       55   31.733      160
                            0   82       84   41.256      160
                            0   83       66   26.674      160
                            0   84       81   29.930      160
                            0   85       73   32.105      160
                            0   86       45   22.105      160

Total existing wires segments: CHANX   1197120, CHANY   1197120, CHANZ         0, ALL   2394240
Total used wires segments:     CHANX    205976, CHANY    223929, CHANZ         0, ALL    429905
Usage percentage:              CHANX     17.2%, CHANY     18.7%, CHANZ      0.0%, ALL     18.0%

Logic area (in minimum width transistor areas, excludes I/Os and empty grid tiles)...
	Total logic block area (Warning, need to add pitch of routing to blocks with height > 3): 2.4541e+08
	Total used logic block area: 8.83514e+07

Routing area (in minimum width transistor areas)...
	Total routing area: 9.66431e+07, per logic tile: 12479.7

Total Number of Wiring Segments by Direction: direction length number
                                              --------- ------ -------
                                                      X      4 267132
                                                      Y      4 267132
                                                      X     16  12084
                                                      Y     16  12084

X - Directed Wiring Segment usage by length: length utilization
                                             ------ -----------
                                             4        0.17
                                            16       0.134

Y - Directed Wiring Segment usage by length: length utilization
                                             ------ -----------
                                             4       0.176
                                            16       0.197

Segment occupancy by length: Length Occupancy Capacity Utilization
                             ------ --------- -------- -----------
                             L4         92539   534264       0.173
                             L16         4001    24168       0.166

Segment occupancy by type: name type utilization
                           ---- ---- -----------
                             L4    0       0.173
                            L16    1       0.166

Final hold Worst Negative Slack (hWNS): 0 ns
Final hold Total Negative Slack (hTNS): 0 ns
Final hold Worst Skew (hWS): 0 ns

Final hold slack histogram:
[  4.1e-11:  6.5e-10)  3526 (  6.7%) |***************
[  6.5e-10:  1.3e-09)  9189 ( 17.4%) |***************************************
[  1.3e-09:  1.9e-09)  6755 ( 12.8%) |*****************************
[  1.9e-09:  2.5e-09)  9123 ( 17.3%) |***************************************
[  2.5e-09:  3.1e-09) 10654 ( 20.2%) |*********************************************
[  3.1e-09:  3.7e-09)  8179 ( 15.5%) |***********************************
[  3.7e-09:  4.3e-09)  3284 (  6.2%) |**************
[  4.3e-09:  4.9e-09)  1492 (  2.8%) |******
[  4.9e-09:  5.6e-09)   440 (  0.8%) |**
[  5.6e-09:  6.2e-09)   120 (  0.2%) |*

Final critical path delay (least slack): 7.77024 ns, Fmax: 128.696 MHz
Final critical path skew: -0.04243 ns
Final setup Worst Negative Slack (sWNS): -7.77024 ns
Final setup Total Negative Slack (sTNS): -142992 ns
Final setup Worst Skew (sWS): -0.04243 ns

Final setup slack histogram:
[ -7.8e-09:   -7e-09)    41 (  0.1%) |
[   -7e-09: -6.3e-09)   145 (  0.3%) |
[ -6.3e-09: -5.5e-09)   465 (  0.9%) |*
[ -5.5e-09: -4.7e-09)  1510 (  2.9%) |*****
[ -4.7e-09:   -4e-09)  5270 ( 10.0%) |*****************
[   -4e-09: -3.2e-09)  8792 ( 16.7%) |****************************
[ -3.2e-09: -2.5e-09) 14176 ( 26.9%) |*********************************************
[ -2.5e-09: -1.7e-09) 12494 ( 23.7%) |****************************************
[ -1.7e-09: -9.5e-10)  5134 (  9.7%) |****************
[ -9.5e-10: -1.9e-10)  4735 (  9.0%) |***************

Final geomean non-virtual intra-domain period: 7.77024 ns (128.696 MHz)
Final fanout-weighted geomean non-virtual intra-domain period: 7.77024 ns (128.696 MHz)

Incr Slack updates 1 in 0.00173001 sec
Full Max Req/Worst Slack updates 1 in 0.00121564 sec
Incr Max Req/Worst Slack updates 0 in 0 sec
Incr Criticality updates 0 in 0 sec
Full Criticality updates 1 in 0.00656746 sec
Flow timing analysis took 8.98551 seconds (7.72162 STA, 1.26389 slack) (133 full updates: 114 setup, 0 hold, 19 combined).
VPR succeeded
The entire flow of VPR took 107.06 seconds (max_rss 839.4 MiB)

