VPR FPGA Placement and Routing.
Version: 9.0.0-dev+v8.0.0-18248-g40f8d19708
Revision: v8.0.0-18248-g40f8d19708
Compiled: 2026-09-22T03:43:48
Compiler: GNU 13.3.0 on Linux-5.15.0-119-generic x86_64
Build Info: release IPO VTR_ASSERT_LEVEL=2

University of Toronto
verilogtorouting.org
vtr-users@googlegroups.com
This is free open source code under MIT license.

VPR was run with the following command-line:
/inspire/hdd/project/project-public/changshunjie-253114010247/changshunjie-253114010247/workspace/DAC2027/vtr/vtr-verilog-to-routing/vpr/vpr /inspire/hdd/project/project-public/changshunjie-253114010247/changshunjie-253114010247/workspace/DAC2027/vtr/vtr-verilog-to-routing/vtr_flow/arch/COFFE_22nm/k6FracN10LB_mem20K_complexDSP_customSB_22nm.xml /inspire/hdd/project/project-public/changshunjie-253114010247/changshunjie-253114010247/workspace/DAC2027/TailCompile/experiments/vtr/runs/pilot_v1/sha/full-seed1-w300/sha.pre-vpr.blif --analytical_place --route --analysis --ap_full_legalizer flat-recon --ap_detailed_placer annealer --seed 11 --route_chan_width 80 --write_flat_place /inspire/hdd/project/project-public/changshunjie-253114010247/changshunjie-253114010247/workspace/DAC2027/TailCompile/vtr_work/tailcompile_v3/sha/4x4/gnn_candidate-fp8ded57b9-flat-recon-annealer-seed11-w80-devw14/post_route.fplace --write_legalized_flat_place /inspire/hdd/project/project-public/changshunjie-253114010247/changshunjie-253114010247/workspace/DAC2027/TailCompile/vtr_work/tailcompile_v3/sha/4x4/gnn_candidate-fp8ded57b9-flat-recon-annealer-seed11-w80-devw14/post_legalizer.fplace --flat_place_verbosity 1 --device_width 14 --net_file /inspire/hdd/project/project-public/changshunjie-253114010247/changshunjie-253114010247/workspace/DAC2027/TailCompile/vtr_work/tailcompile_v3/sha/4x4/gnn_candidate-fp8ded57b9-flat-recon-annealer-seed11-w80-devw14/sha.locked-input.net --read_flat_place /inspire/hdd/global_user/changshunjie-253114010247/workspace/DAC2027/TailCompile/experiments/vtr/tailcompile_v3/sha/4x4/pools/bootstrap_24/candidate_12_seed12039.fplace

Using up to 1 parallel worker(s)

Architecture file: /inspire/hdd/project/project-public/changshunjie-253114010247/changshunjie-253114010247/workspace/DAC2027/vtr/vtr-verilog-to-routing/vtr_flow/arch/COFFE_22nm/k6FracN10LB_mem20K_complexDSP_customSB_22nm.xml
Circuit name: sha.pre-vpr

# Loading Architecture Description
# Loading Architecture Description took 0.04 seconds (max_rss 18.9 MiB, delta_rss +0.0 MiB)

Timing analysis: ON
Circuit netlist file: /inspire/hdd/project/project-public/changshunjie-253114010247/changshunjie-253114010247/workspace/DAC2027/TailCompile/vtr_work/tailcompile_v3/sha/4x4/gnn_candidate-fp8ded57b9-flat-recon-annealer-seed11-w80-devw14/sha.locked-input.net
Circuit placement file: sha.pre-vpr.place
Circuit routing file: sha.pre-vpr.route
Circuit SDC file: sha.pre-vpr.sdc
Vpr floorplanning constraints file: not specified

Packer: DISABLED
Placer: DISABLED
Analytical Placer: ENABLED
Router: ENABLED
Analysis: ENABLED

VPR was run with the following options:

netlist_opts.absorb_buffer_luts            : true
netlist_opts.sweep_dangling_primary_ios    : true
netlist_opts.sweep_dangling_nets           : true
netlist_opts.sweep_dangling_blocks         : true
netlist_opts.sweep_constant_primary_outputs: false
netlist_opts.netlist_verbosity             : 1
netlist_opts.const_gen_inference           : COMB_SEQ

AnalyticalPlacerOpts.analytical_solver_type: lp-b2b
AnalyticalPlacerOpts.partial_legalizer_type: bipartitioning
AnalyticalPlacerOpts.full_legalizer_type: flat-recon
AnalyticalPlacerOpts.detailed_placer_type: annealer
AnalyticalPlacerOpts.ap_timing_tradeoff: 0.500000
AnalyticalPlacerOpts.ap_high_fanout_threshold: 256
AnalyticalPlacerOpts.log_verbosity: 1
router_opts.route_type: DETAILED
router_opts.flat_routing: false
router_opts.choke_points: on
router_opts.router_algorithm: TIMING_DRIVEN
router_opts.base_cost_type: DELAY_NORMALIZED_LENGTH
router_opts.fixed_channel_width: 80
router_opts.check_route: FULL
router_opts.acc_fac: 1.000000
router_opts.bb_factor: 3
router_opts.bend_cost: 0.000000
router_opts.first_iter_pres_fac: 0.000000
router_opts.initial_pres_fac: 0.500000
router_opts.pres_fac_mult: 1.300000
router_opts.max_pres_fac: 1000.000000
router_opts.max_router_iterations: 50
router_opts.min_incremental_reroute_fanout: 16
router_opts.initial_acc_cost_chan_congestion_threshold: 0.500000
router_opts.initial_acc_cost_chan_congestion_weight: 0.500000
router_opts.do_check_rr_graph: true
router_opts.verify_binary_search: false
router_opts.min_channel_width_hint: 0
router_opts.read_rr_edge_metadata: false
router_opts.exit_after_first_routing_iteration: false
router_opts.astar_fac: 1.200000
router_opts.astar_offset: 0.000000
router_opts.router_profiler_astar_fac: 1.200000
router_opts.enable_parallel_connection_router: false
router_opts.post_target_prune_fac: 1.200000
router_opts.post_target_prune_offset: 0
router_opts.multi_queue_num_threads: 1
router_opts.multi_queue_num_queues: 2
router_opts.multi_queue_direct_draining: false
router_opts.criticality_exp: 1.000000
router_opts.max_criticality: 0.990000
router_opts.init_wirelength_abort_threshold: 0.850000
router_opts.incr_reroute_delay_ripup: AUTO
router_opts.save_routing_per_iteration: false
router_opts.congested_routing_iteration_threshold_frac: 1.000000
router_opts.high_fanout_threshold: 64
router_opts.router_debug_net: -2
router_opts.router_debug_sink_rr: -2
router_opts.router_debug_iteration: -2
router_opts.max_convergence_count: 1
router_opts.reconvergence_cpd_threshold: 0.990000
router_opts.update_lower_bound_delays: true
router_opts.first_iteration_timing_report_file: 
router_opts.route_bb_update: DYNAMIC
router_opts.lookahead_type: MAP
router_opts.initial_timing: LOOKAHEAD
router_opts.router_heap: FOUR_ARY_HEAP
router_opts.routing_failure_predictor = SAFE
router_opts.routing_predictor_min_history: 8
router_opts.routing_budgets_algorithm = DISABLE

analysis_opts.gen_post_synthesis_netlist: false
analysis_opts.gen_post_implementation_merged_netlist: false
analysis_opts.gen_post_implementation_sdc: false
analysis_opts.timing_report_npaths: 100
analysis_opts.timing_report_skew: false
analysis_opts.echo_dot_timing_graph_node: -1
analysis_opts.timing_report_detail: NETLIST
analysis_opts.post_synth_netlist_unconn_input_handling: UNCONNECTED
analysis_opts.post_synth_netlist_unconn_output_handling: UNCONNECTED
analysis_opts.post_synth_netlist_module_parameters: on

# Building complex block graph
# Building complex block graph took 0.10 seconds (max_rss 24.6 MiB, delta_rss +5.7 MiB)
Circuit file: /inspire/hdd/project/project-public/changshunjie-253114010247/changshunjie-253114010247/workspace/DAC2027/TailCompile/experiments/vtr/runs/pilot_v1/sha/full-seed1-w300/sha.pre-vpr.blif
# Load circuit
Found 3 constant generator(s) in the netlist (2 constant-zero, 1 constant-one) (run with --netlist_verbosity 2 to list names)
# Load circuit took 0.02 seconds (max_rss 28.3 MiB, delta_rss +3.7 MiB)
# Clean circuit
Absorbed 0 LUT buffers
Found 22 primitive output pin(s) driven only by constants; marked them as constants
Swept input(s)      : 0
Swept output(s)     : 0 (0 dangling, 0 constant)
Swept net(s)        : 22
Swept block(s)      : 0
Constant Pins Marked: 22
# Clean circuit took 0.00 seconds (max_rss 28.3 MiB, delta_rss +0.0 MiB)
# Compress circuit
# Compress circuit took 0.00 seconds (max_rss 28.3 MiB, delta_rss +0.0 MiB)
# Verify circuit
# Verify circuit took 0.00 seconds (max_rss 28.3 MiB, delta_rss +0.0 MiB)
Circuit Statistics:
  Blocks: 2491
    .input :      38
    .latch :     893
    .names :    1215
        0-LUT:       2
        1-LUT:       1
        2-LUT:      63
        3-LUT:     106
        4-LUT:      88
        5-LUT:     314
        6-LUT:     641
    .output:      36
    adder  :     309
  Nets  : 2742
    Avg Fanout:     3.3
    Max Fanout:   893.0
    Min Fanout:     1.0
  Netlist Clocks: 1
# Build Timing Graph
  Timing Graph Nodes: 11695
  Timing Graph Edges: 18725
  Timing Graph Levels: 84
# Build Timing Graph took 0.01 seconds (max_rss 31.7 MiB, delta_rss +3.1 MiB)
Netlist contains 1 clocks
  Netlist Clock 'clk_i' Fanout: 893 pins (7.6%), 893 blocks (35.8%)
# Load Timing Constraints

SDC file 'sha.pre-vpr.sdc' not found
Setting default timing constraints:
   * constrain all primary inputs and primary outputs on netlist clock 'clk_i'
   * optimize netlist clock to run as fast as possible
Timing constraints created 1 clocks
  Constrained Clock 'clk_i' Source: 'clk_i.inpad[0]'

# Load Timing Constraints took 0.00 seconds (max_rss 31.7 MiB, delta_rss +0.0 MiB)
# Analytical Placement
## Prepacker

There is one chain in this architecture called "chain" with the following starting points:
	clb[0]/lab[0]/fle[0]/ble5[0]/arithmetic[0]/adder[0].cin[0]

## Prepacker took 0.00 seconds (max_rss 32.0 MiB, delta_rss +0.3 MiB)
## Initializing Pre-Cluster Timing
Using inter-cluster delay: 2.1832e-09
## Initializing Pre-Cluster Timing took 0.20 seconds (max_rss 32.6 MiB, delta_rss +0.6 MiB)
## Estimate Device Size
Device layout 'auto' with fixed width 14.
FPGA sized to 14 x 14: 196 grid tiles (auto)
## Estimate Device Size took 0.00 seconds (max_rss 32.6 MiB, delta_rss +0.0 MiB)
## Ram Mapper
Flat Placement is provided, skipping the RAM mapping.
## Ram Mapper took 0.00 seconds (max_rss 32.6 MiB, delta_rss +0.0 MiB)
## Read Atom Netlist to AP Netlist
## Read Atom Netlist to AP Netlist took 0.01 seconds (max_rss 36.4 MiB, delta_rss +3.8 MiB)
Analytical Placement Netlist Statistics:
	AP Blocks: 1315
		Moveable AP Blocks: 1315
		Fixed AP Blocks: 0
	AP Nets: 1563
		Average Fanout: 4.51
		Highest Fanout: 194
	AP Pins: 11695

## Computing placement delta delay look-up
### Build routing resource graph
### Build routing resource graph took 0.09 seconds (max_rss 45.9 MiB, delta_rss +9.5 MiB)
  RR Graph Nodes: 31124
  RR Graph Edges: 189472
### Computing router lookahead map
#### Computing wire lookahead
#### Computing wire lookahead took 0.03 seconds (max_rss 46.2 MiB, delta_rss +0.3 MiB)
#### Computing src/opin lookahead
Warning 1: Found no more sample locations for SOURCE in io
Warning 2: Found no more sample locations for OPIN in io
Warning 3: Found no more sample locations for SOURCE in clb
Warning 4: Found no more sample locations for OPIN in clb
Warning 5: Found no more sample locations for SOURCE in dsp_top
Warning 6: Found no more sample locations for OPIN in dsp_top
Warning 7: Found no more sample locations for SOURCE in memory
Warning 8: Found no more sample locations for OPIN in memory
#### Computing src/opin lookahead took 0.00 seconds (max_rss 46.2 MiB, delta_rss +0.0 MiB)
### Computing router lookahead map took 0.04 seconds (max_rss 46.2 MiB, delta_rss +0.3 MiB)
Serial Connection Router is being destroyed. Time spent on path search: 0.000 seconds.
## Computing placement delta delay look-up took 0.13 seconds (max_rss 46.2 MiB, delta_rss +9.8 MiB)
Flat Placement is provided in the AP flow, skipping the Global Placement.
0 of 1315 molecules placed at device center (no atoms of these molecules found in flat placement).
## AP Full Legalizer
### Creating Clusters
Device (width, height): (14,14)
#### Sorting and Grouping Blocks by Tile
#### Sorting and Grouping Blocks by Tile took 0.00 seconds (max_rss 46.2 MiB, delta_rss +0.0 MiB)
#### Reconstruction Pass Clustering
#### Reconstruction Pass Clustering took 2.11 seconds (max_rss 50.1 MiB, delta_rss +3.9 MiB)
#### Orphan Window Clustering with search radius 8
#### Orphan Window Clustering with search radius 8 took 0.01 seconds (max_rss 50.1 MiB, delta_rss +0.0 MiB)
FPGA sized to 14 x 14: 196 grid tiles (auto)
Device Utilization: 0.62 (target 1.00)
	Block Utilization: 0.19 Type: io
	Block Utilization: 0.93 Type: clb

----------------------------------------------------------------
                       Clustering Summary                       
----------------------------------------------------------------
Clusters created (Self Clustering)                       : 185
    clb        : 111
    io         : 74
Clusters created (Orphan Window Clustering)              : 1
    clb        : 1
Total clusters                                           : 186
Percent of clusters created in Orphan Window Clustering  : 0.54%
Molecules clustered in each stage breakdown  : (Total of 1315)
	Self Clustering          (0.996958)  : 1311
 	Neighbor Clustering      (0.000000)  : 0
	Orphan Window Clustering (0.003042)  : 4
----------------------------------------------------------------

Final Clustering Statistics: 
----------   --------   ------------------------------------   --------------------------
Block Type   # Blocks   Avg. # of input clocks and pins used   Avg. # of output pins used
----------   --------   ------------------------------------   --------------------------
     EMPTY          0                                      0                            0   
        io         74                               0.486486                     0.513514   
       clb        112                                25.4196                      8.98214   
   dsp_top          0                                      0                            0   
    memory          0                                      0                            0   
Absorbed logical nets 1698 out of 2742 nets, 1044 nets not absorbed.
#### Load packing
##### Loading packed FPGA netlist file.
Netlist generated from file '/inspire/hdd/project/project-public/changshunjie-253114010247/changshunjie-253114010247/workspace/DAC2027/TailCompile/vtr_work/tailcompile_v3/sha/4x4/gnn_candidate-fp8ded57b9-flat-recon-annealer-seed11-w80-devw14/sha.locked-input.net'.
Detected 2 constant generators (to see names run with higher pack verbosity)
##### Loading packed FPGA netlist file. took 0.18 seconds (max_rss 62.7 MiB, delta_rss +6.7 MiB)
Warning 9: Treated 2 constant nets as global which will not be routed (to see net names increase packer verbosity).
Netlist contains 33 global net to non-global architecture pin connections
Completed clustering consistency check successfully.
Cluster level netlist and block usage statistics
Netlist num_nets: 1044
Netlist num_blocks: 186
Netlist EMPTY blocks: 0.
Netlist io blocks: 74.
Netlist clb blocks: 112.
Netlist dsp_top blocks: 0.
Netlist memory blocks: 0.
Netlist inputs pins: 38
Netlist output pins: 36

Pb types usage...
  io               : 74
   inpad           : 38
   outpad          : 36
  clb              : 112
   lab             : 112
    fle            : 1086
     ble5          : 882
      flut5        : 573
       lut5        : 573
        lut        : 573
       ff          : 353
      arithmetic   : 309
       adder       : 309
     ble6          : 642
      lut6         : 642
       lut         : 642
      ff           : 540

#### Load packing took 0.25 seconds (max_rss 97.6 MiB, delta_rss +41.6 MiB)
Netlist contains 33 global net to non-global architecture pin connections
Cluster level netlist and block usage statistics
Netlist num_nets: 1044
Netlist num_blocks: 186
Netlist EMPTY blocks: 0.
Netlist io blocks: 74.
Netlist clb blocks: 112.
Netlist dsp_top blocks: 0.
Netlist memory blocks: 0.
Netlist inputs pins: 38
Netlist output pins: 36
### Creating Clusters took 2.48 seconds (max_rss 97.6 MiB, delta_rss +51.4 MiB)
Completed clustering consistency check successfully.
FPGA sized to 14 x 14: 196 grid tiles (auto)
### Compressed grid construction
### Compressed grid construction took 0.00 seconds (max_rss 97.6 MiB, delta_rss +0.0 MiB)
### Initial Placement
Placing clusters that are part of larger macros...
Number of blocks to be placed: 18
Max distance on device: 28
---- ---------- ---------- -------------
Pass Max Displ. Num Blocks Num Blocks   
     Threshold  Placed     Left Unplaced
---- ---------- ---------- -------------
   0          0         12             6
   1          1          4             2
   2          2          2             0

Placing general clusters...
Number of blocks to be placed: 168
Max distance on device: 28
---- ---------- ---------- -------------
Pass Max Displ. Num Blocks Num Blocks   
     Threshold  Placed     Left Unplaced
---- ---------- ---------- -------------
   0          0        156            12
   1          1          5             7
   2          2          2             5
   3          4          2             3
   4          8          3             0

### Initial Placement took 0.00 seconds (max_rss 97.6 MiB, delta_rss +0.0 MiB)
Flat Placement Reconstruction Info:
	Percent of clusters with reconstruction errors: 0.537634
	Total displacement of initial placement from flat placement: 1567.000000
	Average atom displacement of initial placement from flat placement: 0.629065
	Max atom displacement of initial placement from flat placement: 9.000000
	Percent of atoms misplaced from the flat placement: 21.075872
## AP Full Legalizer took 2.48 seconds (max_rss 97.6 MiB, delta_rss +51.4 MiB)

Resource usage...
	Netlist
		74	blocks of type: io
	Architecture
		384	blocks of type: io
	Netlist
		112	blocks of type: clb
	Architecture
		120	blocks of type: clb
	Netlist
		0	blocks of type: dsp_top
	Architecture
		3	blocks of type: dsp_top
	Netlist
		0	blocks of type: memory
	Architecture
		6	blocks of type: memory

Device Utilization: 0.62 (target 1.00)
	Physical Tile io:
	Block Utilization: 0.19 Logical Block: io
	Physical Tile clb:
	Block Utilization: 0.93 Logical Block: clb
	Physical Tile dsp_top:
	Block Utilization: 0.00 Logical Block: dsp_top
	Physical Tile memory:
	Block Utilization: 0.00 Logical Block: memory

## Computing placement delta delay look-up
RR graph channel widths unchanged, skipping RR graph rebuild
Serial Connection Router is being destroyed. Time spent on path search: 0.000 seconds.
## Computing placement delta delay look-up took 0.00 seconds (max_rss 97.6 MiB, delta_rss +0.0 MiB)
Using simple RL 'Softmax agent' for choosing move and block types

Completed placement consistency check successfully.
Initial placement cost: 1 bb_cost: 144.992 td_cost: 6.41776e-07
Initial placement BB estimate of wirelength: 11575
Initial placement estimated Critical Path Delay (CPD): 10.8205 ns
Initial placement estimated setup Total Negative Slack (sTNS): -2929.41 ns
Initial placement estimated setup Worst Negative Slack (sWNS): -10.8205 ns

Initial placement estimated setup slack histogram:
[ -1.1e-08: -9.8e-09)  13 (  1.4%) |*
[ -9.8e-09: -8.8e-09)  19 (  2.0%) |**
[ -8.8e-09: -7.8e-09)   0 (  0.0%) |
[ -7.8e-09: -6.8e-09)   0 (  0.0%) |
[ -6.8e-09: -5.8e-09)   0 (  0.0%) |
[ -5.8e-09: -4.7e-09)   1 (  0.1%) |
[ -4.7e-09: -3.7e-09) 127 ( 13.7%) |***********
[ -3.7e-09: -2.7e-09) 547 ( 58.9%) |***********************************************
[ -2.7e-09: -1.7e-09) 163 ( 17.5%) |**************
[ -1.7e-09:   -7e-10)  59 (  6.4%) |*****
Placement contains 9 placement macros involving 18 blocks (average macro size 2.000000)

Moves per temperature: 530
## AP Detailed Placer

---- ------ ------- ------- ---------- ---------- ------- ---------- -------- ------- ------- ------ -------- --------- ------
Tnum  Time     T    AvCost  Av BB Cost Av TD Cost   CPD      sTNS      sWNS   AcRate  StdDev  R lim  CritExp  TotMoves  Alpha 
     (sec)                                          (ns)     (ns)      (ns)                                                   
---- ------ ------- ------- ---------- ---------- ------- ---------- -------- ------- ------- ------ -------- --------- ------
   1    0.0 4.8e-03   1.009     132.32 6.1727e-07  10.359  -2.89e+03  -10.359   0.730  0.0078   13.0     1.00        530  1.000
   2    0.0 4.6e-03   1.014     137.59 6.3075e-07  10.730  -3.27e+03  -10.730   0.740  0.0168   13.0     1.00       1060  0.950
   3    0.0 4.4e-03   0.977     138.68 6.6018e-07  10.171  -3.07e+03  -10.171   0.723  0.0123   13.0     1.00       1590  0.950
   4    0.0 4.1e-03   1.020     141.35 6.3804e-07  10.655   -3.2e+03  -10.655   0.691  0.0155   13.0     1.00       2120  0.950
   5    0.0 3.9e-03   0.993     141.17 6.6083e-07  10.151  -3.15e+03  -10.151   0.709  0.0082   13.0     1.00       2650  0.950
   6    0.0 3.7e-03   0.979     140.93 6.3121e-07  11.544  -3.57e+03  -11.544   0.719  0.0136   13.0     1.00       3180  0.950
   7    0.0 3.6e-03   1.011     140.53 6.4653e-07  10.614  -3.24e+03  -10.614   0.677  0.0133   13.0     1.00       3710  0.950
   8    0.0 3.4e-03   0.988     140.72 6.3484e-07  10.688  -3.29e+03  -10.688   0.698  0.0126   13.0     1.00       4240  0.950
   9    0.0 3.2e-03   0.950     133.37 6.4012e-07  10.573  -3.31e+03  -10.573   0.683  0.0185   13.0     1.00       4770  0.950
  10    0.0 3.0e-03   1.001     131.01 6.3572e-07  10.113  -3.07e+03  -10.113   0.626  0.0057   13.0     1.00       5300  0.950
  11    0.0 2.9e-03   0.987     129.15 6.4158e-07  10.151   -3.2e+03  -10.151   0.647  0.0066   13.0     1.00       5830  0.950
  12    0.0 2.8e-03   1.010     130.67 6.0848e-07  10.880  -3.22e+03  -10.880   0.660  0.0084   13.0     1.00       6360  0.950
  13    0.0 2.6e-03   0.972     126.40 6.1852e-07  10.571  -3.22e+03  -10.571   0.617  0.0136   13.0     1.00       6890  0.950
  14    0.0 2.5e-03   1.003     125.58 6.3585e-07  10.216  -3.27e+03  -10.216   0.591  0.0087   13.0     1.00       7420  0.950
  15    0.0 2.4e-03   1.025     128.80 6.0979e-07  10.871   -3.2e+03  -10.871   0.689  0.0093   13.0     1.00       7950  0.950
  16    0.0 2.2e-03   0.994     129.87 6.2399e-07  10.547  -3.26e+03  -10.547   0.609  0.0096   13.0     1.00       8480  0.950
  17    0.0 2.1e-03   0.979     126.61 6.3253e-07  10.144  -3.15e+03  -10.144   0.575  0.0078   13.0     1.00       9010  0.950
  18    0.0 2.0e-03   0.990     125.63 6.3788e-07   9.867  -3.15e+03   -9.867   0.577  0.0055   13.0     1.00       9540  0.950
  19    0.0 1.9e-03   0.983     124.42 6.1541e-07  10.495   -3.3e+03  -10.495   0.585  0.0093   13.0     1.00      10070  0.950
  20    0.0 1.8e-03   0.988     121.05 6.1361e-07  10.140  -3.12e+03  -10.140   0.598  0.0060   13.0     1.00      10600  0.950
  21    0.0 1.7e-03   1.004     120.12 6.1272e-07  10.181  -3.21e+03  -10.181   0.594  0.0084   13.0     1.00      11130  0.950
  22    0.0 1.6e-03   1.011     120.02 6.0681e-07  10.296  -3.21e+03  -10.296   0.596  0.0074   13.0     1.00      11660  0.950
  23    0.0 1.6e-03   0.997     120.56 6.158e-07   10.034  -3.14e+03  -10.034   0.523  0.0032   13.0     1.00      12190  0.950
  24    0.0 1.5e-03   1.004     121.50 6.0679e-07  10.288  -3.23e+03  -10.288   0.555  0.0034   13.0     1.00      12720  0.950
  25    0.0 1.4e-03   1.000     120.62 6.1493e-07   9.946  -3.16e+03   -9.946   0.547  0.0045   13.0     1.00      13250  0.950
  26    0.0 1.3e-03   0.989     120.43 6.2678e-07   9.739  -3.11e+03   -9.739   0.538  0.0058   13.0     1.00      13780  0.950
  27    0.0 1.3e-03   0.989     117.82 6.0325e-07  10.059  -3.06e+03  -10.059   0.481  0.0044   13.0     1.00      14310  0.950
  28    0.0 1.2e-03   1.004     118.51 6.0595e-07  10.085  -3.09e+03  -10.085   0.502  0.0033   13.0     1.00      14840  0.950
  29    0.0 1.2e-03   0.991     118.19 5.9078e-07  10.753  -3.23e+03  -10.753   0.525  0.0095   13.0     1.00      15370  0.950
  30    0.0 1.1e-03   0.998     115.32 5.9333e-07  10.693  -3.32e+03  -10.693   0.532  0.0057   13.0     1.00      15900  0.950
  31    0.0 1.0e-03   0.980     112.01 5.8473e-07  10.591   -3.3e+03  -10.591   0.500  0.0065   13.0     1.00      16430  0.950
  32    0.0 9.9e-04   1.003     111.93 6.1083e-07   9.592  -3.02e+03   -9.592   0.430  0.0027   13.0     1.00      16960  0.950
  33    0.0 9.4e-04   1.001     111.66 5.6609e-07   9.688  -3.02e+03   -9.688   0.443  0.0025   12.9     1.07      17490  0.950
  34    0.0 8.9e-04   0.994     111.19 5.8379e-07   9.644  -3.04e+03   -9.644   0.430  0.0031   12.9     1.05      18020  0.950
  35    0.0 8.5e-04   0.997     110.38 5.3335e-07   9.847     -3e+03   -9.847   0.492  0.0035   12.8     1.12      18550  0.950
  36    0.0 8.0e-04   0.998     108.95 5.9777e-07   9.707   -2.9e+03   -9.707   0.417  0.0018   13.0     1.00      19080  0.950
  37    0.0 7.6e-04   0.999     109.07 5.1193e-07   9.654  -2.96e+03   -9.654   0.425  0.0026   12.7     1.17      19610  0.950
  38    0.0 7.3e-04   1.000     108.24 4.6593e-07   9.650  -2.97e+03   -9.650   0.438  0.0023   12.5     1.29      20140  0.950
  39    0.0 6.9e-04   0.995     106.94 4.5667e-07   9.624   -2.9e+03   -9.624   0.408  0.0029   12.5     1.31      20670  0.950
  40    0.0 6.5e-04   0.998     106.24 3.7714e-07   9.771  -2.96e+03   -9.771   0.426  0.0024   12.1     1.54      21200  0.950
  41    0.0 6.2e-04   1.001     105.91 3.4725e-07   9.771  -2.92e+03   -9.771   0.421  0.0012   11.9     1.64      21730  0.950
  42    0.0 5.9e-04   0.998     106.29 3.1727e-07   9.771  -2.93e+03   -9.771   0.406  0.0016   11.7     1.77      22260  0.950
  43    0.0 5.6e-04   1.002     106.28 2.8255e-07   9.627  -2.98e+03   -9.627   0.398  0.0016   11.3     2.01      22790  0.950
  44    0.0 5.3e-04   1.001     105.98 2.436e-07    9.610   -2.9e+03   -9.610   0.347  0.0018   10.8     2.28      23320  0.950
  45    0.0 5.1e-04   0.995     105.25 1.9905e-07   9.421   -2.9e+03   -9.421   0.385  0.0037    9.8     2.87      23850  0.950
  46    0.0 4.8e-04   0.997     104.35 1.8179e-07   9.421  -2.88e+03   -9.421   0.347  0.0016    9.3     3.18      24380  0.950
  47    0.0 4.6e-04   1.003     105.16 1.6213e-07   9.421  -2.88e+03   -9.421   0.336  0.0031    8.4     3.68      24910  0.950
  48    0.0 4.3e-04   0.996     104.76 1.492e-07    9.446  -2.97e+03   -9.446   0.345  0.0018    7.5     4.19      25440  0.950
  49    0.0 4.1e-04   0.995     103.21 1.4137e-07   9.453  -2.96e+03   -9.453   0.360  0.0017    6.8     4.61      25970  0.950
  50    0.0 3.9e-04   0.996     102.88 1.3647e-07   9.453  -2.98e+03   -9.453   0.347  0.0033    6.3     4.93      26500  0.950
  51    0.0 3.7e-04   0.999     101.97 1.3122e-07   9.453     -3e+03   -9.453   0.308  0.0011    5.7     5.26      27030  0.950
  52    0.0 3.5e-04   0.999     101.49 1.2663e-07   9.453     -3e+03   -9.453   0.345  0.0010    4.9     5.70      27560  0.950
  53    0.0 3.4e-04   0.998     101.77 1.2417e-07   9.446  -2.95e+03   -9.446   0.326  0.0009    4.5     5.98      28090  0.950
  54    0.0 3.2e-04   0.998     101.29 1.2076e-07   9.446  -2.95e+03   -9.446   0.292  0.0018    4.0     6.27      28620  0.950
  55    0.0 3.0e-04   0.995     100.01 1.1845e-07   9.453  -2.95e+03   -9.453   0.277  0.0020    3.4     6.61      29150  0.950
  56    0.0 2.9e-04   1.000      99.86 1.1521e-07   9.498  -2.99e+03   -9.498   0.304  0.0012    2.8     6.93      29680  0.950
  57    0.0 2.7e-04   1.000      99.99 1.1685e-07   9.392  -2.95e+03   -9.392   0.285  0.0008    2.4     7.16      30210  0.950
  58    0.0 2.6e-04   1.001      99.55 1.178e-07    9.330  -2.94e+03   -9.330   0.306  0.0014    2.1     7.38      30740  0.950
  59    0.0 2.5e-04   0.994      99.18 1.1347e-07   9.453  -2.97e+03   -9.453   0.372  0.0036    1.8     7.54      31270  0.950
  60    0.0 2.3e-04   1.001      98.62 1.132e-07    9.427  -2.94e+03   -9.427   0.370  0.0009    1.7     7.61      31800  0.950
  61    0.0 2.2e-04   0.995      97.79 1.1217e-07   9.472  -2.93e+03   -9.472   0.313  0.0031    1.5     7.68      32330  0.950
  62    0.0 2.1e-04   1.002      97.86 1.112e-07    9.481  -2.91e+03   -9.481   0.279  0.0018    1.4     7.80      32860  0.950
  63    0.0 2.0e-04   0.999      97.61 1.1243e-07   9.505  -2.96e+03   -9.505   0.317  0.0008    1.1     7.92      33390  0.950
  64    0.0 1.9e-04   0.998      97.44 1.1153e-07   9.453  -2.87e+03   -9.453   0.309  0.0012    1.0     8.00      33920  0.950
  65    0.0 1.8e-04   0.999      96.70 1.1151e-07   9.453  -2.92e+03   -9.453   0.296  0.0006    1.0     8.00      34450  0.950
  66    0.0 1.7e-04   1.001      96.76 1.1139e-07   9.453  -2.92e+03   -9.453   0.313  0.0008    1.0     8.00      34980  0.950
  67    0.0 1.6e-04   0.997      96.48 1.1202e-07   9.453  -2.93e+03   -9.453   0.266  0.0011    1.0     8.00      35510  0.950
  68    0.0 1.6e-04   1.000      96.46 1.113e-07    9.453  -2.95e+03   -9.453   0.266  0.0010    1.0     8.00      36040  0.950
  69    0.0 1.5e-04   1.000      95.98 1.1135e-07   9.453  -2.96e+03   -9.453   0.249  0.0006    1.0     8.00      36570  0.950
  70    0.0 1.4e-04   1.001      96.00 1.1341e-07   9.392  -2.96e+03   -9.392   0.258  0.0011    1.0     8.00      37100  0.950
  71    0.0 1.3e-04   1.000      95.63 1.121e-07    9.434   -2.9e+03   -9.434   0.209  0.0004    1.0     8.00      37630  0.950
  72    0.0 1.3e-04   1.000      95.50 1.124e-07    9.434   -2.9e+03   -9.434   0.185  0.0005    1.0     8.00      38160  0.950
  73    0.0 1.2e-04   0.999      95.55 1.1255e-07   9.427  -2.91e+03   -9.427   0.221  0.0006    1.0     8.00      38690  0.950
  74    0.0 1.1e-04   0.999      95.16 1.1305e-07   9.427  -2.91e+03   -9.427   0.198  0.0007    1.0     8.00      39220  0.950
  75    0.0 1.1e-04   0.999      94.93 1.1206e-07   9.488   -2.9e+03   -9.488   0.208  0.0005    1.0     8.00      39750  0.950
  76    0.0 1.0e-04   0.999      94.85 1.1247e-07   9.427  -2.93e+03   -9.427   0.196  0.0006    1.0     8.00      40280  0.950
  77    0.0 9.8e-05   0.999      94.73 1.1085e-07   9.472  -2.93e+03   -9.472   0.162  0.0003    1.0     8.00      40810  0.950
  78    0.0 9.3e-05   1.000      94.66 1.1091e-07   9.472  -2.93e+03   -9.472   0.187  0.0002    1.0     8.00      41340  0.950
  79    0.0 8.9e-05   0.999      94.61 1.1188e-07   9.472  -2.93e+03   -9.472   0.174  0.0004    1.0     8.00      41870  0.950
  80    0.0 8.4e-05   1.000      94.52 1.1201e-07   9.485  -2.93e+03   -9.485   0.147  0.0002    1.0     8.00      42400  0.950
Agent's 2nd state: 
  81    0.0 6.7e-05   1.000      94.48 1.1168e-07   9.472  -2.93e+03   -9.472   0.123  0.0003    1.0     8.00      42930  0.800
Checkpoint saved: bb_costs=94.3997, TD costs=1.1201e-07, CPD=  9.485 (ns) 
  82    0.0 5.4e-05   0.999      94.32 1.1189e-07   9.485  -2.92e+03   -9.485   0.068  0.0005    1.0     8.00      43460  0.800
  83    0.0 4.3e-05   1.000      94.20 1.1168e-07   9.485  -2.93e+03   -9.485   0.072  0.0001    1.0     8.00      43990  0.800
Checkpoint saved: bb_costs=94.1691, TD costs=1.11017e-07, CPD=  9.472 (ns) 
  84    0.0 3.4e-05   0.999      94.24 1.1074e-07   9.472  -2.93e+03   -9.472   0.074  0.0004    1.0     8.00      44520  0.800
  85    0.0 2.8e-05   1.000      94.27 1.0998e-07   9.472  -2.93e+03   -9.472   0.060  0.0001    1.0     8.00      45050  0.800
  86    0.0 2.2e-05   1.000      94.31 1.0998e-07   9.472  -2.93e+03   -9.472   0.062  0.0000    1.0     8.00      45580  0.800
  87    0.0 1.8e-05   1.000      94.28 1.0998e-07   9.472  -2.93e+03   -9.472   0.062  0.0001    1.0     8.00      46110  0.800
  88    0.0 1.4e-05   1.000      94.22 1.0998e-07   9.472  -2.93e+03   -9.472   0.047  0.0001    1.0     8.00      46640  0.800
  89    0.0 1.1e-05   1.000      94.18 1.0998e-07   9.472  -2.93e+03   -9.472   0.043  0.0001    1.0     8.00      47170  0.800
  90    0.0 9.0e-06   1.000      94.14 1.0998e-07   9.472  -2.93e+03   -9.472   0.030  0.0001    1.0     8.00      47700  0.800
  91    0.0 7.2e-06   1.000      94.08 1.0999e-07   9.472  -2.93e+03   -9.472   0.049  0.0000    1.0     8.00      48230  0.800
  92    0.0 5.8e-06   1.000      94.05 1.0998e-07   9.472  -2.93e+03   -9.472   0.032  0.0000    1.0     8.00      48760  0.800
  93    0.0 0.0e+00   1.000      94.03 1.0998e-07   9.472  -2.93e+03   -9.472   0.023  0.0000    1.0     8.00      49290  0.800
### Placement Quench took 0.01 seconds (max_rss 99.0 MiB)
post-quench CPD = 9.47196 (ns) 

Completed placement consistency check successfully.

Swaps called: 49476

Aborted Move Reasons:
  duplicate block move to location: 42
  macro move to location illegal: 4
  macro_from swap to location illegal: 313

BB estimate of min-dist (placement) wire length: 7501

Placement estimated critical path delay (least slack): 9.47196 ns, Fmax: 105.575 MHz
Placement estimated critical path skew: -0.04243 ns
Placement estimated setup Worst Negative Slack (sWNS): -9.47196 ns
Placement estimated setup Total Negative Slack (sTNS): -2927.69 ns
Placement estimated setup Worst Skew (sWS): -0.04243 ns

Placement estimated setup slack histogram:
[ -9.5e-09: -8.6e-09)  16 (  1.7%) |*
[ -8.6e-09: -7.7e-09)  16 (  1.7%) |*
[ -7.7e-09: -6.8e-09)   0 (  0.0%) |
[ -6.8e-09:   -6e-09)   0 (  0.0%) |
[   -6e-09: -5.1e-09)   0 (  0.0%) |
[ -5.1e-09: -4.2e-09)   4 (  0.4%) |
[ -4.2e-09: -3.3e-09) 187 ( 20.1%) |***************
[ -3.3e-09: -2.5e-09) 591 ( 63.6%) |***********************************************
[ -2.5e-09: -1.6e-09)  64 (  6.9%) |*****
[ -1.6e-09:   -7e-10)  51 (  5.5%) |****

Placement estimated geomean non-virtual intra-domain period: 9.47196 ns (105.575 MHz)
Placement estimated fanout-weighted geomean non-virtual intra-domain period: 9.47196 ns (105.575 MHz)

Placement cost: 0.999933, bb_cost: 94.0197, td_cost: 1.09984e-07, 

Placement resource usage:
  io  implemented as io : 74
  clb implemented as clb: 112

Placement number of temperatures: 93
Placement total # of swap attempts: 49476
	Swaps accepted: 18793 (38.0 %)
	Swaps rejected: 30014 (60.7 %)
	Swaps aborted:   669 ( 1.4 %)


Placement perturbation distribution by block and move type: 
------------------ ----------------- ---------------- ---------------- --------------- ------------ 
    Block Type         Move Type       (%) of Total      Accepted(%)     Rejected(%)    Aborted(%)
------------------ ----------------- ---------------- ---------------- --------------- ------------ 
io                 Uniform                9.58             62.65           37.35          0.00         
                   Median                 9.05             63.32           31.32          5.36         
                   Centroid               8.85             67.29           32.69          0.02         
                   W. Centroid            9.28             68.07           31.86          0.07         
                   W. Median              0.77             17.11           78.42          4.47         

clb                Uniform                15.11            19.61           78.61          1.78         
                   Median                 14.17            29.18           69.35          1.47         
                   Centroid               13.71            23.13           75.81          1.06         
                   W. Centroid            14.70            24.06           74.61          1.33         
                   W. Median              1.11             3.64            96.00          0.36         
                   Crit. Uniform          1.91             0.11            99.89          0.00         
                   Feasible Region        1.76             0.11            99.77          0.11         


Placement Quench timing analysis took 0.00367388 seconds (0.00331743 STA, 0.000356451 slack) (1 full updates: 1 setup, 0 hold, 0 combined).
Placement Total  timing analysis took 0.389064 seconds (0.348877 STA, 0.0401868 slack) (95 full updates: 95 setup, 0 hold, 0 combined).
update_td_costs: connections 0.00210992 nets 0 sum_nets 0.00133295 total 0.00351833
## AP Detailed Placer took 0.90 seconds (max_rss 99.0 MiB, delta_rss +0.0 MiB)
Incr Slack updates 95 in 0.0109005 sec
Full Max Req/Worst Slack updates 40 in 0.00110457 sec
Incr Max Req/Worst Slack updates 55 in 0.00189015 sec
Incr Criticality updates 28 in 0.00656528 sec
Full Criticality updates 67 in 0.0162652 sec
Incr Slack updates 1 in 9.4906e-05 sec
Full Max Req/Worst Slack updates 1 in 3.4837e-05 sec
Incr Max Req/Worst Slack updates 0 in 0 sec
Incr Criticality updates 0 in 0 sec
Full Criticality updates 1 in 0.000250808 sec
# Analytical Placement took 3.79 seconds (max_rss 99.2 MiB, delta_rss +67.5 MiB)


# Routing
RR graph channel widths unchanged, skipping RR graph rebuild
## Initializing router criticalities
Initial Net Connection Criticality Histogram:
[        0:      0.1) 240 (  8.3%) |**************
[      0.1:      0.2) 806 ( 28.0%) |**********************************************
[      0.2:      0.3) 507 ( 17.6%) |*****************************
[      0.3:      0.4) 827 ( 28.7%) |***********************************************
[      0.4:      0.5) 124 (  4.3%) |*******
[      0.5:      0.6)  32 (  1.1%) |**
[      0.6:      0.7)  61 (  2.1%) |***
[      0.7:      0.8)  35 (  1.2%) |**
[      0.8:      0.9)  43 (  1.5%) |**
[      0.9:        1) 208 (  7.2%) |************
## Initializing router criticalities took 0.07 seconds (max_rss 99.2 MiB, delta_rss +0.0 MiB)
---- ------ ------- ---- ------- ------- ------- ----------------- --------------- -------- ---------- ---------- ---------- ---------- --------
Iter   Time    pres  BBs    Heap  Re-Rtd  Re-Rtd Overused RR Nodes      Wirelength      CPD       sTNS       sWNS       hTNS       hWNS Est Succ
      (sec)     fac Updt    push    Nets   Conns                                       (ns)       (ns)       (ns)       (ns)       (ns)     Iter
---- ------ ------- ---- ------- ------- ------- ----------------- --------------- -------- ---------- ---------- ---------- ---------- --------
   1    0.0     0.0    0  104456    1041    2751    1168 ( 3.753%)   11840 (47.4%)    8.859     -3070.     -8.859      0.000      0.000      N/A
   2    0.0     0.5    0   97047     817    2322     894 ( 2.872%)   11786 (47.2%)    8.885     -3095.     -8.885      0.000      0.000      N/A
   3    0.0     0.6    0   98374     707    2001     818 ( 2.628%)   12326 (49.4%)    8.859     -3136.     -8.859      0.000      0.000      N/A
   4    0.0     0.8    0  107756     673    1940     788 ( 2.532%)   12751 (51.1%)    8.910     -3373.     -8.910      0.000      0.000      N/A
   5    0.0     1.1    0  111290     642    1803     704 ( 2.262%)   13088 (52.4%)    8.885     -3403.     -8.885      0.000      0.000      N/A
   6    0.0     1.4    0  115469     603    1715     644 ( 2.069%)   13584 (54.4%)    8.885     -3512.     -8.885      0.000      0.000      N/A
   7    0.0     1.9    0  118822     536    1555     516 ( 1.658%)   13920 (55.8%)    8.885     -3570.     -8.885      0.000      0.000      N/A
   8    0.0     2.4    0  111912     481    1358     425 ( 1.366%)   14140 (56.7%)    8.894     -3549.     -8.894      0.000      0.000      N/A
   9    0.0     3.1    0  119037     425    1092     355 ( 1.141%)   14732 (59.0%)    9.211     -3760.     -9.211      0.000      0.000       42
  10    0.0     4.1    0  140200     398    1134     329 ( 1.057%)   15218 (61.0%)    9.057     -3777.     -9.057      0.000      0.000       43
  11    0.0     5.3    0  156788     377    1012     301 ( 0.967%)   15686 (62.8%)    9.057     -3920.     -9.057      0.000      0.000       48
  12    0.0     6.9    0  149218     330     797     241 ( 0.774%)   16094 (64.5%)    9.256     -3836.     -9.256      0.000      0.000       51
  13    0.0     9.0    0  148709     293     648     220 ( 0.707%)   16577 (66.4%)    9.256     -3840.     -9.256      0.000      0.000       52
  14    0.0    11.6    0  181416     279     664     219 ( 0.704%)   16875 (67.6%)    9.256     -4052.     -9.256      0.000      0.000       60
  15    0.0    15.1    0  212665     272     656     188 ( 0.604%)   17262 (69.2%)    9.076     -4029.     -9.076      0.000      0.000       61
  16    0.0    19.7    0  195423     258     547     181 ( 0.582%)   17496 (70.1%)    9.636     -4044.     -9.636      0.000      0.000       67
  17    0.0    25.6    0  200682     235     503     166 ( 0.533%)   17757 (71.1%)    9.691     -4295.     -9.691      0.000      0.000       69
  18    0.1    33.3    0  285204     236     559     166 ( 0.533%)   18069 (72.4%)    9.940     -4241.     -9.940      0.000      0.000       75
  19    0.1    43.3    0  279533     218     470     155 ( 0.498%)   18239 (73.1%)    9.844     -4250.     -9.844      0.000      0.000       80
  20    0.1    56.2    0  285081     221     467     133 ( 0.427%)   18369 (73.6%)    9.627     -4279.     -9.627      0.000      0.000       84
  21    0.1    73.1    0  271172     210     464     136 ( 0.437%)   18658 (74.8%)    9.627     -4305.     -9.627      0.000      0.000       87
  22    0.1    95.0    0  280026     209     436     146 ( 0.469%)   18727 (75.0%)   10.255     -4320.    -10.255      0.000      0.000      106
  23    0.1   123.5    0  298739     212     476     140 ( 0.450%)   18823 (75.4%)   10.097     -4322.    -10.097      0.000      0.000      114
  24    0.1   160.6    0  269458     205     440     132 ( 0.424%)   18887 (75.7%)   10.394     -4319.    -10.394      0.000      0.000      126
  25    0.1   208.8    0  292900     203     435     139 ( 0.447%)   19201 (76.9%)   10.042     -4343.    -10.042      0.000      0.000      139
  26    0.1   271.4    0  343177     210     511     132 ( 0.424%)   19320 (77.4%)   10.187     -4356.    -10.187      0.000      0.000      157
Routing aborted, the predicted iteration for a successful route (156.7) is too high (abort threshold 150.0, 132 overused nodes, log-overuse slope -0.03686 over iterations 14-26).
Routing failed.

Failed routing attempt
Total number of overused nodes: 132
Total number of overused nodes is larger than the logging limit (20).
Displaying the first 20 entries.
Routing Failure Diagnostics: Printing Overused Nodes Information
------ ------- ---------- --------- -------- ------------ ------- ------- ------- ------- ------- ------- -------
   No.  NodeId  Occupancy  Capacity  RR Node    Direction    Side     PTC   Block    Xlow    Ylow   Xhigh   Yhigh
                                        type                          NUM    Name                                 
------ ------- ---------- --------- -------- ------------ ------- ------- ------- ------- ------- ------- -------
     0   12476          2         1     IPIN          N/A    LEFT       3     clb       7       4       7       4
     1   14096          2         1     IPIN          N/A    LEFT      27     clb       8       2       8       2
     2   14262          2         1     IPIN          N/A    LEFT      43     clb       8       3       8       3
     3   14278          2         1     IPIN          N/A    LEFT      59     clb       8       3       8       3
     4   14369          2         1     IPIN          N/A     TOP       0     clb       8       4       8       4
     5   14389          2         1     IPIN          N/A     TOP      20     clb       8       4       8       4
     6   14424          2         1     IPIN          N/A    LEFT      55     clb       8       4       8       4
     7   15830          2         1     IPIN          N/A    LEFT      15     clb       9       1       9       1
     8   15870          2         1     IPIN          N/A    LEFT      55     clb       9       1       9       1
     9   15993          2         1     IPIN          N/A     TOP      28     clb       9       2       9       2
    10   16007          2         1     IPIN          N/A  BOTTOM      42     clb       9       2       9       2
    11   16019          2         1     IPIN          N/A  BOTTOM      54     clb       9       2       9       2
    12   16152          2         1     IPIN          N/A   RIGHT      37     clb       9       3       9       3
    13   16154          2         1     IPIN          N/A    LEFT      39     clb       9       3       9       3
    14   16316          2         1     IPIN          N/A    LEFT      51     clb       9       4       9       4
    15   16442          2         1     IPIN          N/A    LEFT      27     clb       9       5       9       5
    16   16446          2         1     IPIN          N/A    LEFT      31     clb       9       5       9       5
    17   16462          2         1     IPIN          N/A    LEFT      47     clb       9       5       9       5
    18   17754          2         1     IPIN          N/A    LEFT      43     clb      10       1      10       1
    19   17880          2         1     IPIN          N/A    LEFT      19     clb      10       2      10       2

Final Net Connection Criticality Histogram:
[        0:      0.1) 349 ( 12.1%) |***************************
[      0.1:      0.2) 461 ( 16.0%) |***********************************
[      0.2:      0.3) 394 ( 13.7%) |******************************
[      0.3:      0.4) 467 ( 16.2%) |************************************
[      0.4:      0.5) 611 ( 21.2%) |***********************************************
[      0.5:      0.6) 182 (  6.3%) |**************
[      0.6:      0.7) 106 (  3.7%) |********
[      0.7:      0.8)  58 (  2.0%) |****
[      0.8:      0.9)  58 (  2.0%) |****
[      0.9:        1) 197 (  6.8%) |***************
Router Stats: total_nets_routed: 10291 total_connections_routed: 26756 total_heap_pushes: 4974554 total_heap_pops: 1904359 
Serial Connection Router is being destroyed. Time spent on path search: 0.888 seconds.
# Routing took 1.31 seconds (max_rss 99.2 MiB, delta_rss +0.0 MiB)
Circuit is unroutable with a channel width factor of 80.
For a detailed report on the RR node overuse information (report_overused_nodes.rpt), specify --generate_rr_node_overuse_report on.
Incr Slack updates 27 in 0.00305978 sec
Full Max Req/Worst Slack updates 10 in 0.000285491 sec
Incr Max Req/Worst Slack updates 17 in 0.000605669 sec
Incr Criticality updates 6 in 0.00143269 sec
Full Criticality updates 21 in 0.00586479 sec

*****************************************************************************************
Warning 10: The following analysis results are for an illegal circuit implementation
*****************************************************************************************
Warning 11: Synchronization between packing and routing results was not applied due to illegal circuit implementation


Average number of bends per net: 2.62344  Maximum # of bends: 75

Number of global nets: 3
Number of routed nets (nonglobal): 1041
Wire length results (in units of 1 clb segments)...
	Total wirelength: 19320, average net length: 18.5591
	Maximum net length: 648

Wire length results in terms of physical segments...
	Total wiring segments used: 5278, average wire segments per net: 5.07013
	Maximum segments used by a net: 159
	Total local nets with reserved CLB opins: 0
Total number of nets absorbed: 9

Routing channel utilization histogram:
[        1:      inf)  10 (  3.0%) |*****
[      0.9:        1)  63 ( 18.6%) |*****************************
[      0.8:      0.9)  81 ( 24.0%) |**************************************
[      0.7:      0.8) 101 ( 29.9%) |***********************************************
[      0.5:      0.6)  33 (  9.8%) |***************
[      0.4:      0.5)  17 (  5.0%) |********
[      0.3:      0.4)   7 (  2.1%) |***
[      0.2:      0.3)   0 (  0.0%) |
[      0.1:      0.2)   0 (  0.0%) |
[        0:      0.1)  26 (  7.7%) |************
Maximum routing channel utilization:         1 at (8,0)

X - Directed channels: layer   y   max occ   ave occ   ave cap
                        ----- ---- -------- -------- --------
                            0    0       84   71.500       80
                            0    1       76   58.750       80
                            0    2       79   63.500       80
                            0    3       80   64.833       80
                            0    4       77   62.083       80
                            0    5       75   62.417       80
                            0    6       74   59.417       80
                            0    7       75   60.000       80
                            0    8       72   62.500       80
                            0    9       73   61.833       80
                            0   10       68   56.333       80
                            0   11       62   52.000       80
                            0   12       78   68.250       80
Y - Directed channels: layer   x   max occ   ave occ   ave cap
                        ----- ---- -------- -------- --------
                            0    0       66   59.833       80
                            0    1       49   38.833       80
                            0    2       57   46.417       80
                            0    3       63   51.833       80
                            0    4       74   63.583       80
                            0    5       71   60.500       80
                            0    6       68   57.083       80
                            0    7       72   64.167       80
                            0    8       81   72.333       80
                            0    9       77   70.583       80
                            0   10       80   73.583       80
                            0   11       80   72.000       80
                            0   12       83   75.833       80

Total existing wires segments: CHANX     12480, CHANY     12480, CHANZ         0, ALL     24960
Total used wires segments:     CHANX      9641, CHANY      9679, CHANZ         0, ALL     19320
Usage percentage:              CHANX     77.3%, CHANY     77.6%, CHANZ      0.0%, ALL     77.4%

Logic area (in minimum width transistor areas, excludes I/Os and empty grid tiles)...
	Total logic block area (Warning, need to add pitch of routing to blocks with height > 3): 4.93594e+06
	Total used logic block area: 3.12536e+06

Routing area (in minimum width transistor areas)...
	Total routing area: 1.20987e+06, per logic tile: 6172.79

Total Number of Wiring Segments by Direction: direction length number
                                              --------- ------ -------
                                                      X      4   3412
                                                      Y      4   3412
                                                      X     16    210
                                                      Y     16    210

X - Directed Wiring Segment usage by length: length utilization
                                             ------ -----------
                                             4        0.73
                                            16       0.681

Y - Directed Wiring Segment usage by length: length utilization
                                             ------ -----------
                                             4       0.734
                                            16       0.652

Segment occupancy by length: Length Occupancy Capacity Utilization
                             ------ --------- -------- -----------
                             L4          4998     6824       0.732
                             L16          280      420       0.667

Segment occupancy by type: name type utilization
                           ---- ---- -----------
                             L4    0       0.732
                            L16    1       0.667

Final hold Worst Negative Slack (hWNS): 0 ns
Final hold Total Negative Slack (hTNS): 0 ns
Final hold Worst Skew (hWS): 0 ns

Final hold slack histogram:
[  1.9e-10:  4.4e-10) 827 ( 89.0%) |***********************************************
[  4.4e-10:  6.9e-10)  40 (  4.3%) |**
[  6.9e-10:  9.4e-10)  24 (  2.6%) |*
[  9.4e-10:  1.2e-09)  16 (  1.7%) |*
[  1.2e-09:  1.4e-09)  10 (  1.1%) |*
[  1.4e-09:  1.7e-09)   3 (  0.3%) |
[  1.7e-09:  1.9e-09)   3 (  0.3%) |
[  1.9e-09:  2.2e-09)   4 (  0.4%) |
[  2.2e-09:  2.4e-09)   1 (  0.1%) |
[  2.4e-09:  2.7e-09)   1 (  0.1%) |

Final critical path delay (least slack): 10.1873 ns, Fmax: 98.1618 MHz
Final critical path skew: -0.04243 ns
Final setup Worst Negative Slack (sWNS): -10.1873 ns
Final setup Total Negative Slack (sTNS): -4355.81 ns
Final setup Worst Skew (sWS): -0.04243 ns

Final setup slack histogram:
[   -1e-08: -9.2e-09)  20 (  2.2%) |**
[ -9.2e-09: -8.2e-09)  10 (  1.1%) |*
[ -8.2e-09: -7.3e-09)   2 (  0.2%) |
[ -7.3e-09: -6.3e-09)  26 (  2.8%) |***
[ -6.3e-09: -5.3e-09) 110 ( 11.8%) |************
[ -5.3e-09: -4.4e-09) 421 ( 45.3%) |***********************************************
[ -4.4e-09: -3.4e-09) 280 ( 30.1%) |*******************************
[ -3.4e-09: -2.4e-09)  22 (  2.4%) |**
[ -2.4e-09: -1.5e-09)  12 (  1.3%) |*
[ -1.5e-09: -4.9e-10)  26 (  2.8%) |***

Final geomean non-virtual intra-domain period: 10.1873 ns (98.1618 MHz)
Final fanout-weighted geomean non-virtual intra-domain period: 10.1873 ns (98.1618 MHz)

Incr Slack updates 1 in 9.5185e-05 sec
Full Max Req/Worst Slack updates 1 in 2.9416e-05 sec
Incr Max Req/Worst Slack updates 0 in 0 sec
Incr Criticality updates 0 in 0 sec
Full Criticality updates 1 in 0.000264518 sec
VPR failed to implement circuit
The entire flow of VPR took 5.44 seconds (max_rss 99.2 MiB)

