VPR FPGA Placement and Routing.
Version: 9.0.0-dev+v8.0.0-18248-g40f8d19708
Revision: v8.0.0-18248-g40f8d19708
Compiled: 2026-09-22T03:43:48
Compiler: GNU 13.3.0 on Linux-5.15.0-119-generic x86_64
Build Info: release IPO VTR_ASSERT_LEVEL=2

University of Toronto
verilogtorouting.org
vtr-users@googlegroups.com
This is free open source code under MIT license.

VPR was run with the following command-line:
/inspire/hdd/project/project-public/changshunjie-253114010247/changshunjie-253114010247/workspace/DAC2027/vtr/vtr-verilog-to-routing/vpr/vpr /inspire/hdd/project/project-public/changshunjie-253114010247/changshunjie-253114010247/workspace/DAC2027/vtr/vtr-verilog-to-routing/vtr_flow/arch/COFFE_22nm/k6FracN10LB_mem20K_complexDSP_customSB_22nm.xml /inspire/hdd/project/project-public/changshunjie-253114010247/changshunjie-253114010247/workspace/DAC2027/TailCompile/experiments/vtr/runs/pilot_v1/attention_layer/full-seed1-w300/attention_layer.pre-vpr.blif --analytical_place --route --analysis --ap_full_legalizer flat-recon --ap_detailed_placer annealer --seed 11 --route_chan_width 180 --write_flat_place /inspire/hdd/project/project-public/changshunjie-253114010247/changshunjie-253114010247/workspace/DAC2027/TailCompile/vtr_work/tailcompile_v3/attention_layer/4x4/gnn_candidate-fp74a371a1-flat-recon-annealer-seed11-w180-devw88/post_route.fplace --write_legalized_flat_place /inspire/hdd/project/project-public/changshunjie-253114010247/changshunjie-253114010247/workspace/DAC2027/TailCompile/vtr_work/tailcompile_v3/attention_layer/4x4/gnn_candidate-fp74a371a1-flat-recon-annealer-seed11-w180-devw88/post_legalizer.fplace --flat_place_verbosity 1 --device_width 88 --net_file /inspire/hdd/project/project-public/changshunjie-253114010247/changshunjie-253114010247/workspace/DAC2027/TailCompile/vtr_work/tailcompile_v3/attention_layer/4x4/gnn_candidate-fp74a371a1-flat-recon-annealer-seed11-w180-devw88/attention_layer.locked-input.net --read_flat_place /inspire/hdd/global_user/changshunjie-253114010247/workspace/DAC2027/TailCompile/experiments/vtr/tailcompile_v3/attention_layer/4x4/pools/bootstrap_24/candidate_00_seed13027.fplace

Using up to 1 parallel worker(s)

Architecture file: /inspire/hdd/project/project-public/changshunjie-253114010247/changshunjie-253114010247/workspace/DAC2027/vtr/vtr-verilog-to-routing/vtr_flow/arch/COFFE_22nm/k6FracN10LB_mem20K_complexDSP_customSB_22nm.xml
Circuit name: attention_layer.pre-vpr

# Loading Architecture Description
# Loading Architecture Description took 0.04 seconds (max_rss 31.1 MiB, delta_rss +0.0 MiB)

Timing analysis: ON
Circuit netlist file: /inspire/hdd/project/project-public/changshunjie-253114010247/changshunjie-253114010247/workspace/DAC2027/TailCompile/vtr_work/tailcompile_v3/attention_layer/4x4/gnn_candidate-fp74a371a1-flat-recon-annealer-seed11-w180-devw88/attention_layer.locked-input.net
Circuit placement file: attention_layer.pre-vpr.place
Circuit routing file: attention_layer.pre-vpr.route
Circuit SDC file: attention_layer.pre-vpr.sdc
Vpr floorplanning constraints file: not specified

Packer: DISABLED
Placer: DISABLED
Analytical Placer: ENABLED
Router: ENABLED
Analysis: ENABLED

VPR was run with the following options:

netlist_opts.absorb_buffer_luts            : true
netlist_opts.sweep_dangling_primary_ios    : true
netlist_opts.sweep_dangling_nets           : true
netlist_opts.sweep_dangling_blocks         : true
netlist_opts.sweep_constant_primary_outputs: false
netlist_opts.netlist_verbosity             : 1
netlist_opts.const_gen_inference           : COMB_SEQ

AnalyticalPlacerOpts.analytical_solver_type: lp-b2b
AnalyticalPlacerOpts.partial_legalizer_type: bipartitioning
AnalyticalPlacerOpts.full_legalizer_type: flat-recon
AnalyticalPlacerOpts.detailed_placer_type: annealer
AnalyticalPlacerOpts.ap_timing_tradeoff: 0.500000
AnalyticalPlacerOpts.ap_high_fanout_threshold: 256
AnalyticalPlacerOpts.log_verbosity: 1
router_opts.route_type: DETAILED
router_opts.flat_routing: false
router_opts.choke_points: on
router_opts.router_algorithm: TIMING_DRIVEN
router_opts.base_cost_type: DELAY_NORMALIZED_LENGTH
router_opts.fixed_channel_width: 180
router_opts.check_route: FULL
router_opts.acc_fac: 1.000000
router_opts.bb_factor: 3
router_opts.bend_cost: 0.000000
router_opts.first_iter_pres_fac: 0.000000
router_opts.initial_pres_fac: 0.500000
router_opts.pres_fac_mult: 1.300000
router_opts.max_pres_fac: 1000.000000
router_opts.max_router_iterations: 50
router_opts.min_incremental_reroute_fanout: 16
router_opts.initial_acc_cost_chan_congestion_threshold: 0.500000
router_opts.initial_acc_cost_chan_congestion_weight: 0.500000
router_opts.do_check_rr_graph: true
router_opts.verify_binary_search: false
router_opts.min_channel_width_hint: 0
router_opts.read_rr_edge_metadata: false
router_opts.exit_after_first_routing_iteration: false
router_opts.astar_fac: 1.200000
router_opts.astar_offset: 0.000000
router_opts.router_profiler_astar_fac: 1.200000
router_opts.enable_parallel_connection_router: false
router_opts.post_target_prune_fac: 1.200000
router_opts.post_target_prune_offset: 0
router_opts.multi_queue_num_threads: 1
router_opts.multi_queue_num_queues: 2
router_opts.multi_queue_direct_draining: false
router_opts.criticality_exp: 1.000000
router_opts.max_criticality: 0.990000
router_opts.init_wirelength_abort_threshold: 0.850000
router_opts.incr_reroute_delay_ripup: AUTO
router_opts.save_routing_per_iteration: false
router_opts.congested_routing_iteration_threshold_frac: 1.000000
router_opts.high_fanout_threshold: 64
router_opts.router_debug_net: -2
router_opts.router_debug_sink_rr: -2
router_opts.router_debug_iteration: -2
router_opts.max_convergence_count: 1
router_opts.reconvergence_cpd_threshold: 0.990000
router_opts.update_lower_bound_delays: true
router_opts.first_iteration_timing_report_file: 
router_opts.route_bb_update: DYNAMIC
router_opts.lookahead_type: MAP
router_opts.initial_timing: LOOKAHEAD
router_opts.router_heap: FOUR_ARY_HEAP
router_opts.routing_failure_predictor = SAFE
router_opts.routing_predictor_min_history: 8
router_opts.routing_budgets_algorithm = DISABLE

analysis_opts.gen_post_synthesis_netlist: false
analysis_opts.gen_post_implementation_merged_netlist: false
analysis_opts.gen_post_implementation_sdc: false
analysis_opts.timing_report_npaths: 100
analysis_opts.timing_report_skew: false
analysis_opts.echo_dot_timing_graph_node: -1
analysis_opts.timing_report_detail: NETLIST
analysis_opts.post_synth_netlist_unconn_input_handling: UNCONNECTED
analysis_opts.post_synth_netlist_unconn_output_handling: UNCONNECTED
analysis_opts.post_synth_netlist_module_parameters: on

# Building complex block graph
# Building complex block graph took 0.10 seconds (max_rss 31.1 MiB, delta_rss +0.0 MiB)
Circuit file: /inspire/hdd/project/project-public/changshunjie-253114010247/changshunjie-253114010247/workspace/DAC2027/TailCompile/experiments/vtr/runs/pilot_v1/attention_layer/full-seed1-w300/attention_layer.pre-vpr.blif
# Load circuit
Found 4 constant generator(s) in the netlist (2 constant-zero, 2 constant-one) (run with --netlist_verbosity 2 to list names)
# Load circuit took 0.68 seconds (max_rss 134.5 MiB, delta_rss +103.4 MiB)
# Clean circuit
Absorbed 7975 LUT buffers
Found 1090 primitive output pin(s) driven only by constants; marked them as constants
Swept input(s)      : 7
Swept output(s)     : 0 (0 dangling, 0 constant)
Swept net(s)        : 10126
Swept block(s)      : 33
Constant Pins Marked: 1090
# Clean circuit took 0.17 seconds (max_rss 134.5 MiB, delta_rss +0.0 MiB)
# Compress circuit
# Compress circuit took 0.08 seconds (max_rss 134.5 MiB, delta_rss +0.0 MiB)
# Verify circuit
# Verify circuit took 0.02 seconds (max_rss 134.5 MiB, delta_rss +0.0 MiB)
Circuit Statistics:
  Blocks: 40113
    .input            :    1052
    .latch            :    8844
    .names            :   17218
        0-LUT:       3
        1-LUT:    5989
        2-LUT:     920
        3-LUT:    4530
        4-LUT:    3023
        5-LUT:    1163
        6-LUT:    1590
    .output           :      32
    adder             :    9150
    addition_fp_clk_16:       1
    dual_port_ram     :    3680
    multiply          :     136
  Nets  : 50065
    Avg Fanout:     2.9
    Max Fanout: 12525.0
    Min Fanout:     1.0
  Netlist Clocks: 1
# Build Timing Graph
  Timing Graph Nodes: 245193
  Timing Graph Edges: 446068
  Timing Graph Levels: 66
# Build Timing Graph took 0.29 seconds (max_rss 194.0 MiB, delta_rss +57.5 MiB)
Netlist contains 1 clocks
  Netlist Clock 'clk' Fanout: 12525 pins (6.5%), 12525 blocks (31.2%)
# Load Timing Constraints

SDC file 'attention_layer.pre-vpr.sdc' not found
Setting default timing constraints:
   * constrain all primary inputs and primary outputs on netlist clock 'clk'
   * optimize netlist clock to run as fast as possible
Timing constraints created 1 clocks
  Constrained Clock 'clk' Source: 'clk.inpad[0]'

# Load Timing Constraints took 0.00 seconds (max_rss 194.0 MiB, delta_rss +0.0 MiB)
# Analytical Placement
## Prepacker

There is one chain in this architecture called "chain" with the following starting points:
	clb[0]/lab[0]/fle[0]/ble5[0]/arithmetic[0]/adder[0].cin[0]

## Prepacker took 0.06 seconds (max_rss 194.0 MiB, delta_rss +0.0 MiB)
## Initializing Pre-Cluster Timing
Using inter-cluster delay: 2.1832e-09
## Initializing Pre-Cluster Timing took 0.54 seconds (max_rss 199.0 MiB, delta_rss +5.0 MiB)
## Estimate Device Size
Device layout 'auto' with fixed width 88.
FPGA sized to 88 x 88: 7744 grid tiles (auto)
## Estimate Device Size took 0.00 seconds (max_rss 199.0 MiB, delta_rss +0.0 MiB)
## Ram Mapper
Flat Placement is provided, skipping the RAM mapping.
## Ram Mapper took 0.00 seconds (max_rss 199.0 MiB, delta_rss +0.0 MiB)
## Read Atom Netlist to AP Netlist
## Read Atom Netlist to AP Netlist took 0.33 seconds (max_rss 269.6 MiB, delta_rss +70.6 MiB)
Analytical Placement Netlist Statistics:
	AP Blocks: 25061
		Moveable AP Blocks: 25061
		Fixed AP Blocks: 0
	AP Nets: 34982
		Average Fanout: 2.94
		Highest Fanout: 257
	AP Pins: 193913

## Computing placement delta delay look-up
### Build routing resource graph
### Build routing resource graph took 8.18 seconds (max_rss 807.1 MiB, delta_rss +537.4 MiB)
  RR Graph Nodes: 1754700
  RR Graph Edges: 19490640
### Computing router lookahead map
#### Computing wire lookahead
#### Computing wire lookahead took 8.82 seconds (max_rss 807.1 MiB, delta_rss +0.0 MiB)
#### Computing src/opin lookahead
Warning 1: Found no more sample locations for SOURCE in io
Warning 2: Found no more sample locations for OPIN in io
Warning 3: Found no more sample locations for SOURCE in clb
Warning 4: Found no more sample locations for OPIN in clb
Warning 5: Found no more sample locations for SOURCE in dsp_top
Warning 6: Found no more sample locations for OPIN in dsp_top
Warning 7: Found no more sample locations for SOURCE in memory
Warning 8: Found no more sample locations for OPIN in memory
#### Computing src/opin lookahead took 0.33 seconds (max_rss 807.1 MiB, delta_rss +0.0 MiB)
### Computing router lookahead map took 9.17 seconds (max_rss 807.1 MiB, delta_rss +0.0 MiB)
Serial Connection Router is being destroyed. Time spent on path search: 0.000 seconds.
## Computing placement delta delay look-up took 17.80 seconds (max_rss 807.1 MiB, delta_rss +537.4 MiB)
Flat Placement is provided in the AP flow, skipping the Global Placement.
0 of 25061 molecules placed at device center (no atoms of these molecules found in flat placement).
## AP Full Legalizer
### Creating Clusters
Device (width, height): (88,88)
#### Sorting and Grouping Blocks by Tile
#### Sorting and Grouping Blocks by Tile took 0.01 seconds (max_rss 807.1 MiB, delta_rss +0.0 MiB)
#### Reconstruction Pass Clustering
#### Reconstruction Pass Clustering took 68.98 seconds (max_rss 807.1 MiB, delta_rss +0.0 MiB)
#### Orphan Window Clustering with search radius 8
#### Orphan Window Clustering with search radius 8 took 0.02 seconds (max_rss 807.1 MiB, delta_rss +0.0 MiB)
FPGA sized to 88 x 88: 7744 grid tiles (auto)
Device Utilization: 0.28 (target 1.00)
	Block Utilization: 0.39 Type: io
	Block Utilization: 0.19 Type: clb
	Block Utilization: 0.85 Type: dsp_top
	Block Utilization: 0.75 Type: memory

----------------------------------------------------------------
                       Clustering Summary                       
----------------------------------------------------------------
Clusters created (Self Clustering)                       : 2605
    dsp_top    : 107
    memory     : 194
    clb        : 1220
    io         : 1084
Clusters created (Orphan Window Clustering)              : 15
    clb        : 15
Total clusters                                           : 2620
Percent of clusters created in Orphan Window Clustering  : 0.57%
Molecules clustered in each stage breakdown  : (Total of 25061)
	Self Clustering          (0.998963)  : 25035
 	Neighbor Clustering      (0.000000)  : 0
	Orphan Window Clustering (0.001037)  : 26
----------------------------------------------------------------

Final Clustering Statistics: 
----------   --------   ------------------------------------   --------------------------
Block Type   # Blocks   Avg. # of input clocks and pins used   Avg. # of output pins used
----------   --------   ------------------------------------   --------------------------
     EMPTY          0                                      0                            0   
        io       1084                              0.0295203                      0.97048   
       clb       1235                                27.9466                      15.3628   
   dsp_top        107                                40.9813                      20.1869   
    memory        194                                49.6598                      18.9691   
Absorbed logical nets 24200 out of 50065 nets, 25865 nets not absorbed.
#### Load packing
##### Loading packed FPGA netlist file.
Netlist generated from file '/inspire/hdd/project/project-public/changshunjie-253114010247/changshunjie-253114010247/workspace/DAC2027/TailCompile/vtr_work/tailcompile_v3/attention_layer/4x4/gnn_candidate-fp74a371a1-flat-recon-annealer-seed11-w180-devw88/attention_layer.locked-input.net'.
Detected 3 constant generators (to see names run with higher pack verbosity)
##### Loading packed FPGA netlist file. took 2.63 seconds (max_rss 808.4 MiB, delta_rss +1.3 MiB)
Warning 9: Treated 2 constant nets as global which will not be routed (to see net names increase packer verbosity).
Netlist contains 5542 global net to non-global architecture pin connections
Found 2 logic block(s) with only 1 output pin and no inputs; they may be constant generators (run with --pack_verbosity 3 to list them)
Completed clustering consistency check successfully.
Cluster level netlist and block usage statistics
Netlist num_nets: 25865
Netlist num_blocks: 2620
Netlist EMPTY blocks: 0.
Netlist io blocks: 1084.
Netlist clb blocks: 1235.
Netlist dsp_top blocks: 107.
Netlist memory blocks: 194.
Netlist inputs pins: 1052
Netlist output pins: 32

Pb types usage...
  io                   : 1084
   inpad               : 1052
   outpad              : 32
  clb                  : 1235
   lab                 : 1235
    fle                : 11240
     ble5              : 19054
      flut5            : 9904
       lut5            : 9613
        lut            : 9613
       ff              : 8130
      arithmetic       : 9150
       lut4            : 6015
        lut            : 6015
       adder           : 9150
     ble6              : 1590
      lut6             : 1590
       lut             : 1590
      ff               : 714
  dsp_top              : 107
   dsp                 : 107
    dsp_pb             : 107
     two_mult_18x19    : 136
      mult_18x19       : 136
     adder_fp16        : 1
  memory               : 194
   mem_1024x20_dp      : 194
    memory_slice       : 3680

#### Load packing took 3.07 seconds (max_rss 808.4 MiB, delta_rss +1.3 MiB)
Netlist contains 5542 global net to non-global architecture pin connections
Found 2 logic block(s) with only 1 output pin and no inputs; they may be constant generators (run with --pack_verbosity 3 to list them)
Cluster level netlist and block usage statistics
Netlist num_nets: 25865
Netlist num_blocks: 2620
Netlist EMPTY blocks: 0.
Netlist io blocks: 1084.
Netlist clb blocks: 1235.
Netlist dsp_top blocks: 107.
Netlist memory blocks: 194.
Netlist inputs pins: 1052
Netlist output pins: 32
### Creating Clusters took 73.53 seconds (max_rss 808.4 MiB, delta_rss +1.3 MiB)
Completed clustering consistency check successfully.
FPGA sized to 88 x 88: 7744 grid tiles (auto)
### Compressed grid construction
### Compressed grid construction took 0.00 seconds (max_rss 808.4 MiB, delta_rss +0.0 MiB)
### Initial Placement
Placing clusters that are part of larger macros...
Number of blocks to be placed: 16
Max distance on device: 176
---- ---------- ---------- -------------
Pass Max Displ. Num Blocks Num Blocks   
     Threshold  Placed     Left Unplaced
---- ---------- ---------- -------------
   0          0         12             4
   1          1          4             0

Placing general clusters...
Number of blocks to be placed: 2604
Max distance on device: 176
---- ---------- ---------- -------------
Pass Max Displ. Num Blocks Num Blocks   
     Threshold  Placed     Left Unplaced
---- ---------- ---------- -------------
   0          0       2591            13
   1          1          2            11
   2          2          1            10
   3          4         10             0

### Initial Placement took 0.01 seconds (max_rss 808.4 MiB, delta_rss +0.0 MiB)
Flat Placement Reconstruction Info:
	Percent of clusters with reconstruction errors: 0.229008
	Total displacement of initial placement from flat placement: 15307.000000
	Average atom displacement of initial placement from flat placement: 0.381597
	Max atom displacement of initial placement from flat placement: 64.000000
	Percent of atoms misplaced from the flat placement: 1.044549
## AP Full Legalizer took 73.92 seconds (max_rss 808.4 MiB, delta_rss +1.3 MiB)

Resource usage...
	Netlist
		1084	blocks of type: io
	Architecture
		2752	blocks of type: io
	Netlist
		1235	blocks of type: clb
	Architecture
		6376	blocks of type: clb
	Netlist
		107	blocks of type: dsp_top
	Architecture
		126	blocks of type: dsp_top
	Netlist
		194	blocks of type: memory
	Architecture
		258	blocks of type: memory

Device Utilization: 0.28 (target 1.00)
	Physical Tile io:
	Block Utilization: 0.39 Logical Block: io
	Physical Tile clb:
	Block Utilization: 0.19 Logical Block: clb
	Physical Tile dsp_top:
	Block Utilization: 0.85 Logical Block: dsp_top
	Physical Tile memory:
	Block Utilization: 0.75 Logical Block: memory

## Computing placement delta delay look-up
RR graph channel widths unchanged, skipping RR graph rebuild
Serial Connection Router is being destroyed. Time spent on path search: 0.000 seconds.
## Computing placement delta delay look-up took 0.09 seconds (max_rss 808.4 MiB, delta_rss +0.0 MiB)
Using simple RL 'Softmax agent' for choosing move and block types

Completed placement consistency check successfully.
Initial placement cost: 1 bb_cost: 5879.71 td_cost: 1.65046e-05
Initial placement BB estimate of wirelength: 1.05769e+06
Initial placement estimated Critical Path Delay (CPD): 16.9829 ns
Initial placement estimated setup Total Negative Slack (sTNS): -127645 ns
Initial placement estimated setup Worst Negative Slack (sWNS): -16.9829 ns

Initial placement estimated setup slack histogram:
[ -1.7e-08: -1.5e-08)     2 (  0.0%) |
[ -1.5e-08: -1.4e-08)    13 (  0.0%) |
[ -1.4e-08: -1.2e-08)    40 (  0.1%) |
[ -1.2e-08:   -1e-08)   101 (  0.2%) |
[   -1e-08: -8.6e-09)   282 (  0.5%) |
[ -8.6e-09: -6.9e-09)   755 (  1.4%) |*
[ -6.9e-09: -5.2e-09)  1492 (  2.8%) |***
[ -5.2e-09: -3.6e-09)  3041 (  5.8%) |*****
[ -3.6e-09: -1.9e-09) 26781 ( 50.8%) |*********************************************
[ -1.9e-09: -1.9e-10) 20255 ( 38.4%) |**********************************
Placement contains 8 placement macros involving 16 blocks (average macro size 2.000000)

Moves per temperature: 18054
## AP Detailed Placer

---- ------ ------- ------- ---------- ---------- ------- ---------- -------- ------- ------- ------ -------- --------- ------
Tnum  Time     T    AvCost  Av BB Cost Av TD Cost   CPD      sTNS      sWNS   AcRate  StdDev  R lim  CritExp  TotMoves  Alpha 
     (sec)                                          (ns)     (ns)      (ns)                                                   
---- ------ ------- ------- ---------- ---------- ------- ---------- -------- ------- ------- ------ -------- --------- ------
   1    0.2 7.9e-04   1.004    5030.31 1.5556e-05  14.174  -1.18e+05  -14.174   0.844  0.0170   87.0     1.00      18054  1.000
   2    0.2 7.1e-04   0.963    4823.76 1.8809e-05  11.457  -1.17e+05  -11.457   0.832  0.0132   87.0     1.00      36108  0.900
   3    0.2 6.4e-04   0.970    4724.78 1.852e-05   11.401  -1.21e+05  -11.401   0.822  0.0169   87.0     1.00      54162  0.900
   4    0.2 5.8e-04   0.959    4537.25 1.6585e-05  12.372   -1.2e+05  -12.372   0.808  0.0160   87.0     1.00      72216  0.900
   5    0.2 5.2e-04   0.958    4223.55 1.4845e-05  13.158  -1.18e+05  -13.158   0.783  0.0169   87.0     1.00      90270  0.900
   6    0.2 4.9e-04   0.974    3979.50 1.563e-05   11.926  -1.18e+05  -11.926   0.765  0.0124   87.0     1.00     108324  0.950
   7    0.2 4.7e-04   0.965    3896.67 1.5891e-05  11.613  -1.15e+05  -11.613   0.759  0.0128   87.0     1.00     126378  0.950
   8    0.2 4.5e-04   0.974    3718.14 1.5944e-05  11.304  -1.15e+05  -11.304   0.748  0.0085   87.0     1.00     144432  0.950
   9    0.2 4.2e-04   0.963    3535.81 1.5244e-05  11.454  -1.16e+05  -11.454   0.748  0.0162   87.0     1.00     162486  0.950
  10    0.2 4.0e-04   0.967    3348.11 1.2236e-05  13.752  -1.13e+05  -13.752   0.736  0.0115   87.0     1.00     180540  0.950
  11    0.2 3.8e-04   0.967    3161.70 1.5404e-05  10.474   -1.1e+05  -10.474   0.728  0.0117   87.0     1.00     198594  0.950
  12    0.2 3.6e-04   0.968    3009.88 1.5032e-05  10.350  -1.09e+05  -10.350   0.712  0.0149   87.0     1.00     216648  0.950
  13    0.2 3.5e-04   0.981    2902.36 1.5758e-05   9.620   -1.1e+05   -9.620   0.702  0.0116   87.0     1.00     234702  0.950
  14    0.2 3.3e-04   0.972    2772.70 1.3172e-05  11.174  -1.09e+05  -11.174   0.703  0.0114   87.0     1.00     252756  0.950
  15    0.2 3.1e-04   0.981    2706.13 1.4009e-05  10.373  -1.08e+05  -10.373   0.690  0.0090   87.0     1.00     270810  0.950
  16    0.2 3.0e-04   0.975    2588.14 1.4103e-05  10.055  -1.12e+05  -10.055   0.680  0.0073   87.0     1.00     288864  0.950
  17    0.2 2.8e-04   0.976    2505.84 1.5547e-05   8.963  -1.09e+05   -8.963   0.667  0.0110   87.0     1.00     306918  0.950
  18    0.3 2.7e-04   0.976    2407.67 1.4765e-05   9.262  -1.07e+05   -9.262   0.653  0.0092   87.0     1.00     324972  0.950
  19    0.2 2.5e-04   0.987    2342.18 1.4415e-05   9.312  -1.08e+05   -9.312   0.644  0.0050   87.0     1.00     343026  0.950
  20    0.2 2.4e-04   0.989    2297.06 1.4187e-05   9.386  -1.06e+05   -9.386   0.642  0.0053   87.0     1.00     361080  0.950
  21    0.2 2.3e-04   0.993    2285.47 1.2296e-05  10.763  -1.07e+05  -10.763   0.631  0.0040   87.0     1.00     379134  0.950
  22    0.2 2.2e-04   0.989    2238.50 1.3676e-05   9.613  -1.04e+05   -9.613   0.624  0.0056   87.0     1.00     397188  0.950
  23    0.2 2.1e-04   0.987    2193.09 1.3467e-05   9.641  -1.07e+05   -9.641   0.609  0.0037   87.0     1.00     415242  0.950
  24    0.2 2.0e-04   0.996    2190.07 1.3782e-05   9.432  -1.05e+05   -9.432   0.618  0.0030   87.0     1.00     433296  0.950
  25    0.2 1.9e-04   0.983    2177.88 1.4606e-05   8.853  -1.08e+05   -8.853   0.607  0.0062   87.0     1.00     451350  0.950
  26    0.2 1.8e-04   0.987    2138.63 1.2671e-05  10.069  -1.05e+05  -10.069   0.591  0.0071   87.0     1.00     469404  0.950
  27    0.2 1.7e-04   0.990    2110.45 1.3641e-05   9.209  -1.05e+05   -9.209   0.585  0.0039   87.0     1.00     487458  0.950
  28    0.2 1.6e-04   0.988    2089.72 1.2905e-05   9.703  -1.04e+05   -9.703   0.579  0.0053   87.0     1.00     505512  0.950
  29    0.2 1.5e-04   0.991    2067.52 1.3376e-05   9.227  -1.05e+05   -9.227   0.563  0.0062   87.0     1.00     523566  0.950
  30    0.2 1.4e-04   0.992    2045.60 1.2274e-05  10.080  -1.05e+05  -10.080   0.557  0.0025   87.0     1.00     541620  0.950
  31    0.2 1.4e-04   0.983    2007.86 1.3842e-05   8.871  -1.05e+05   -8.871   0.544  0.0053   87.0     1.00     559674  0.950
  32    0.2 1.3e-04   0.988    1993.19 1.3493e-05   8.985  -1.05e+05   -8.985   0.534  0.0058   87.0     1.00     577728  0.950
  33    0.2 1.2e-04   0.988    1969.32 1.4006e-05   8.587  -1.05e+05   -8.587   0.520  0.0056   87.0     1.00     595782  0.950
  34    0.2 1.2e-04   0.993    1949.49 1.333e-05    8.920  -1.05e+05   -8.920   0.513  0.0028   87.0     1.00     613836  0.950
  35    0.2 1.1e-04   0.987    1937.30 1.3931e-05   8.497  -1.05e+05   -8.497   0.501  0.0054   87.0     1.00     631890  0.950
  36    0.2 1.1e-04   0.991    1912.70 1.3265e-05   8.853  -1.03e+05   -8.853   0.494  0.0045   87.0     1.00     649944  0.950
  37    0.2 1.0e-04   0.991    1890.48 1.3261e-05   8.824  -1.02e+05   -8.824   0.490  0.0042   87.0     1.00     667998  0.950
  38    0.2 9.6e-05   0.992    1871.25 1.3135e-05   8.839  -1.03e+05   -8.839   0.477  0.0048   87.0     1.00     686052  0.950
  39    0.2 9.1e-05   0.987    1849.24 1.2817e-05   8.991  -1.03e+05   -8.991   0.465  0.0049   87.0     1.00     704106  0.950
  40    0.2 8.6e-05   0.992    1833.76 1.3151e-05   8.701  -1.04e+05   -8.701   0.458  0.0034   87.0     1.00     722160  0.950
  41    0.2 8.2e-05   0.992    1817.12 1.2679e-05   8.938  -1.02e+05   -8.938   0.445  0.0035   87.0     1.00     740214  0.950
  42    0.2 7.8e-05   0.992    1809.75 1.2626e-05   8.906  -1.02e+05   -8.906   0.435  0.0025   87.0     1.00     758268  0.950
  43    0.2 7.4e-05   0.984    1786.79 1.2572e-05   8.662  -1.03e+05   -8.662   0.417  0.0062   86.6     1.04     776322  0.950
  44    0.2 7.0e-05   0.992    1765.13 1.0868e-05   8.603  -1.03e+05   -8.603   0.406  0.0033   84.6     1.20     794376  0.950
  45    0.2 6.7e-05   0.991    1753.15 9.1193e-06   8.499  -1.03e+05   -8.499   0.393  0.0031   81.6     1.44     812430  0.950
  46    0.2 6.4e-05   0.989    1746.86 7.0197e-06   8.669  -1.03e+05   -8.669   0.381  0.0048   77.8     1.75     830484  0.950
  47    0.2 6.0e-05   0.993    1735.92 5.5185e-06   8.555  -1.02e+05   -8.555   0.381  0.0029   73.2     2.12     848538  0.950
  48    0.2 5.7e-05   0.991    1724.52 4.1329e-06   8.774  -1.02e+05   -8.774   0.368  0.0037   68.9     2.47     866592  0.950
  49    0.2 5.4e-05   0.991    1717.48 3.7438e-06   8.254  -1.03e+05   -8.254   0.365  0.0033   64.0     2.88     884646  0.950
  50    0.2 5.2e-05   0.992    1704.42 3.1516e-06   8.089  -1.04e+05   -8.089   0.358  0.0039   59.2     3.26     902700  0.950
  51    0.2 4.9e-05   0.996    1694.85 2.6644e-06   7.996  -1.05e+05   -7.996   0.346  0.0030   54.3     3.66     920754  0.950
  52    0.2 4.7e-05   0.993    1679.29 2.1921e-06   7.996  -1.06e+05   -7.996   0.338  0.0032   49.2     4.07     938808  0.950
  53    0.2 4.4e-05   0.993    1663.32 1.6767e-06   8.153  -1.05e+05   -8.153   0.329  0.0032   44.2     4.48     956862  0.950
  54    0.2 4.2e-05   0.995    1650.26 1.5646e-06   7.932  -1.07e+05   -7.932   0.320  0.0032   39.3     4.88     974916  0.950
  55    0.2 4.0e-05   0.996    1639.93 1.2363e-06   7.996  -1.07e+05   -7.996   0.314  0.0018   34.6     5.26     992970  0.950
  56    0.2 3.8e-05   0.997    1638.00 1.0851e-06   7.996  -1.08e+05   -7.996   0.309  0.0020   30.3     5.62    1011024  0.950
  57    0.2 3.6e-05   0.995    1626.26 9.6921e-07   7.932  -1.09e+05   -7.932   0.300  0.0023   26.3     5.94    1029078  0.950
  58    0.2 3.4e-05   0.996    1614.84 8.6252e-07   7.932  -1.08e+05   -7.932   0.296  0.0024   22.6     6.24    1047132  0.950
  59    0.2 3.3e-05   0.996    1604.43 7.8851e-07   7.932  -1.08e+05   -7.932   0.287  0.0016   19.3     6.51    1065186  0.950
  60    0.2 3.1e-05   0.996    1601.13 7.2544e-07   7.932  -1.07e+05   -7.932   0.281  0.0020   16.4     6.75    1083240  0.950
  61    0.2 2.9e-05   0.993    1598.25 5.6842e-07   8.080  -1.08e+05   -8.080   0.286  0.0021   13.8     6.96    1101294  0.950
  62    0.2 2.8e-05   0.993    1582.01 5.9684e-07   7.932  -1.07e+05   -7.932   0.304  0.0025   11.7     7.13    1119348  0.950
  63    0.2 2.7e-05   0.994    1566.32 5.6384e-07   7.932  -1.06e+05   -7.932   0.280  0.0031   10.1     7.26    1137402  0.950
  64    0.2 2.5e-05   0.995    1549.63 5.3617e-07   7.932  -1.06e+05   -7.932   0.267  0.0021    8.5     7.39    1155456  0.950
  65    0.2 2.4e-05   0.997    1542.08 5.1165e-07   7.903  -1.06e+05   -7.903   0.261  0.0014    7.0     7.51    1173510  0.950
  66    0.2 2.3e-05   0.996    1532.74 4.6613e-07   7.966  -1.05e+05   -7.966   0.260  0.0015    5.7     7.61    1191564  0.950
  67    0.2 2.2e-05   0.997    1527.95 4.7382e-07   7.903  -1.05e+05   -7.903   0.257  0.0014    4.7     7.70    1209618  0.950
  68    0.2 2.1e-05   0.997    1521.18 4.5487e-07   7.903  -1.06e+05   -7.903   0.250  0.0016    3.8     7.77    1227672  0.950
  69    0.2 2.0e-05   0.998    1517.30 4.4809e-07   7.873  -1.06e+05   -7.873   0.250  0.0009    3.1     7.83    1245726  0.950
  70    0.2 1.9e-05   0.996    1511.48 4.1808e-07   7.903  -1.06e+05   -7.903   0.240  0.0017    2.5     7.88    1263780  0.950
  71    0.2 1.8e-05   0.999    1508.52 4.074e-07    7.903  -1.06e+05   -7.903   0.241  0.0006    2.0     7.92    1281834  0.950
  72    0.2 1.7e-05   0.997    1502.52 4.0031e-07   7.903  -1.06e+05   -7.903   0.254  0.0012    1.6     7.95    1299888  0.950
  73    0.2 1.6e-05   0.999    1498.05 3.8931e-07   7.903  -1.06e+05   -7.903   0.240  0.0008    1.3     7.97    1317942  0.950
  74    0.2 1.5e-05   0.998    1494.44 3.8811e-07   7.903  -1.06e+05   -7.903   0.228  0.0008    1.1     8.00    1335996  0.950
  75    0.2 1.4e-05   0.999    1492.26 3.8626e-07   7.903  -1.06e+05   -7.903   0.230  0.0007    1.0     8.00    1354050  0.950
  76    0.2 1.4e-05   0.999    1488.45 3.8902e-07   7.903  -1.06e+05   -7.903   0.220  0.0006    1.0     8.00    1372104  0.950
  77    0.2 1.3e-05   0.999    1486.43 3.9067e-07   7.903  -1.06e+05   -7.903   0.216  0.0005    1.0     8.00    1390158  0.950
  78    0.2 1.2e-05   0.999    1485.41 3.8776e-07   7.903  -1.06e+05   -7.903   0.198  0.0005    1.0     8.00    1408212  0.950
  79    0.2 1.2e-05   0.999    1483.58 3.8532e-07   7.903  -1.06e+05   -7.903   0.196  0.0007    1.0     8.00    1426266  0.950
  80    0.2 1.1e-05   0.999    1481.19 3.8665e-07   7.903  -1.06e+05   -7.903   0.196  0.0004    1.0     8.00    1444320  0.950
  81    0.2 1.1e-05   0.999    1480.12 3.8536e-07   7.903  -1.06e+05   -7.903   0.193  0.0005    1.0     8.00    1462374  0.950
  82    0.2 1.0e-05   0.999    1479.12 3.8376e-07   7.903  -1.05e+05   -7.903   0.186  0.0004    1.0     8.00    1480428  0.950
  83    0.2 9.5e-06   0.999    1477.78 3.7852e-07   7.903  -1.06e+05   -7.903   0.180  0.0005    1.0     8.00    1498482  0.950
  84    0.2 9.0e-06   0.999    1476.79 3.7874e-07   7.903  -1.06e+05   -7.903   0.184  0.0003    1.0     8.00    1516536  0.950
  85    0.2 8.6e-06   0.999    1476.35 3.8693e-07   7.873  -1.06e+05   -7.873   0.179  0.0003    1.0     8.00    1534590  0.950
  86    0.2 8.2e-06   0.999    1474.88 3.8065e-07   7.903  -1.06e+05   -7.903   0.177  0.0002    1.0     8.00    1552644  0.950
  87    0.2 7.8e-06   0.999    1474.41 3.8819e-07   7.873  -1.06e+05   -7.873   0.171  0.0005    1.0     8.00    1570698  0.950
  88    0.2 7.4e-06   0.999    1472.84 3.7652e-07   7.903  -1.05e+05   -7.903   0.168  0.0003    1.0     8.00    1588752  0.950
  89    0.2 7.0e-06   1.000    1471.95 3.7518e-07   7.903  -1.06e+05   -7.903   0.167  0.0002    1.0     8.00    1606806  0.950
  90    0.2 6.6e-06   0.999    1471.66 3.7541e-07   7.903  -1.06e+05   -7.903   0.162  0.0003    1.0     8.00    1624860  0.950
  91    0.2 6.3e-06   0.999    1470.67 3.777e-07    7.903  -1.06e+05   -7.903   0.158  0.0002    1.0     8.00    1642914  0.950
  92    0.2 6.0e-06   0.999    1469.45 3.7485e-07   7.903  -1.06e+05   -7.903   0.155  0.0002    1.0     8.00    1660968  0.950
  93    0.2 5.7e-06   0.999    1468.87 3.6463e-07   7.932  -1.06e+05   -7.932   0.161  0.0003    1.0     8.00    1679022  0.950
  94    0.2 5.4e-06   0.999    1468.40 3.7706e-07   7.903  -1.06e+05   -7.903   0.157  0.0003    1.0     8.00    1697076  0.950
  95    0.2 5.1e-06   1.000    1467.67 3.7321e-07   7.903  -1.06e+05   -7.903   0.150  0.0002    1.0     8.00    1715130  0.950
Agent's 2nd state: 
  96    0.2 4.1e-06   0.999    1466.89 3.7456e-07   7.903  -1.06e+05   -7.903   0.152  0.0004    1.0     8.00    1733184  0.800
Checkpoint saved: bb_costs=1466.03, TD costs=3.72886e-07, CPD=  7.903 (ns) 
  97    0.2 3.9e-06   1.000    1465.58 3.7271e-07   7.903  -1.06e+05   -7.903   0.104  0.0002    1.0     8.00    1751238  0.950
  98    0.2 3.1e-06   1.000    1465.28 3.7414e-07   7.903  -1.06e+05   -7.903   0.103  0.0002    1.0     8.00    1769292  0.800
  99    0.2 2.5e-06   1.000    1464.75 3.718e-07    7.903  -1.06e+05   -7.903   0.097  0.0002    1.0     8.00    1787346  0.800
 100    0.2 2.0e-06   1.000    1464.14 3.7287e-07   7.903  -1.06e+05   -7.903   0.095  0.0001    1.0     8.00    1805400  0.800
 101    0.2 1.6e-06   1.000    1463.68 3.7241e-07   7.903  -1.06e+05   -7.903   0.095  0.0002    1.0     8.00    1823454  0.800
 102    0.2 1.3e-06   1.000    1463.32 3.715e-07    7.903  -1.05e+05   -7.903   0.093  0.0001    1.0     8.00    1841508  0.800
 103    0.2 1.0e-06   1.000    1462.73 3.7206e-07   7.903  -1.05e+05   -7.903   0.092  0.0001    1.0     8.00    1859562  0.800
 104    0.2 8.2e-07   1.000    1462.57 3.7171e-07   7.903  -1.06e+05   -7.903   0.090  0.0001    1.0     8.00    1877616  0.800
 105    0.2 6.6e-07   1.000    1462.27 3.72e-07     7.903  -1.06e+05   -7.903   0.084  0.0001    1.0     8.00    1895670  0.800
 106    0.2 5.2e-07   1.000    1461.83 3.725e-07    7.903  -1.06e+05   -7.903   0.084  0.0001    1.0     8.00    1913724  0.800
 107    0.2 4.2e-07   1.000    1461.87 3.7183e-07   7.903  -1.06e+05   -7.903   0.081  0.0001    1.0     8.00    1931778  0.800
 108    0.2 3.4e-07   1.000    1461.74 3.7154e-07   7.903  -1.06e+05   -7.903   0.081  0.0001    1.0     8.00    1949832  0.800
 109    0.2 2.7e-07   1.000    1461.65 3.7124e-07   7.903  -1.06e+05   -7.903   0.084  0.0001    1.0     8.00    1967886  0.800
 110    0.2 2.1e-07   1.000    1461.40 3.7113e-07   7.903  -1.05e+05   -7.903   0.082  0.0001    1.0     8.00    1985940  0.800
 111    0.2 0.0e+00   1.000    1461.47 3.7216e-07   7.903  -1.06e+05   -7.903   0.047  0.0001    1.0     8.00    2003994  0.800
### Placement Quench took 0.24 seconds (max_rss 808.4 MiB)
post-quench CPD = 7.90262 (ns) 

Completed placement consistency check successfully.

Swaps called: 2006614

Aborted Move Reasons:
  duplicate block move to location: 32
  macro move to location illegal: 4
  macro_from swap to location illegal: 1094

BB estimate of min-dist (placement) wire length: 262882

Placement estimated critical path delay (least slack): 7.90262 ns, Fmax: 126.54 MHz
Placement estimated critical path skew: -0.04243 ns
Placement estimated setup Worst Negative Slack (sWNS): -7.90262 ns
Placement estimated setup Total Negative Slack (sTNS): -105454 ns
Placement estimated setup Worst Skew (sWS): -0.04243 ns

Placement estimated setup slack histogram:
[ -7.9e-09: -7.1e-09)    11 (  0.0%) |
[ -7.1e-09: -6.4e-09)    46 (  0.1%) |
[ -6.4e-09: -5.6e-09)   223 (  0.4%) |*
[ -5.6e-09: -4.8e-09)   506 (  1.0%) |*
[ -4.8e-09:   -4e-09)   555 (  1.1%) |*
[   -4e-09: -3.3e-09)  1989 (  3.8%) |****
[ -3.3e-09: -2.5e-09)  7386 ( 14.0%) |*****************
[ -2.5e-09: -1.7e-09) 19946 ( 37.8%) |*********************************************
[ -1.7e-09: -9.6e-10) 16542 ( 31.4%) |*************************************
[ -9.6e-10: -1.9e-10)  5558 ( 10.5%) |*************

Placement estimated geomean non-virtual intra-domain period: 7.90262 ns (126.54 MHz)
Placement estimated fanout-weighted geomean non-virtual intra-domain period: 7.90262 ns (126.54 MHz)

Placement cost: 0.999697, bb_cost: 1461.7, td_cost: 3.70552e-07, 

Placement resource usage:
  io      implemented as io     : 1084
  clb     implemented as clb    : 1235
  dsp_top implemented as dsp_top: 107
  memory  implemented as memory : 194

Placement number of temperatures: 111
Placement total # of swap attempts: 2006614
	Swaps accepted:  751710 (37.5 %)
	Swaps rejected: 1244353 (62.0 %)
	Swaps aborted:   10551 ( 0.5 %)


Placement perturbation distribution by block and move type: 
------------------ ----------------- ---------------- ---------------- --------------- ------------ 
    Block Type         Move Type       (%) of Total      Accepted(%)     Rejected(%)    Aborted(%)
------------------ ----------------- ---------------- ---------------- --------------- ------------ 
io                 Uniform                9.74             55.27           44.73          0.00         
                   Median                 9.75             62.60           36.59          0.81         
                   Centroid               9.74             62.64           37.36          0.00         
                   W. Centroid            9.74             62.99           37.01          0.00         
                   W. Median              0.78             25.00           74.10          0.90         

clb                Uniform                11.08            6.92            92.97          0.11         
                   Median                 11.13            36.53           62.66          0.81         
                   Centroid               11.10            34.15           65.75          0.11         
                   W. Centroid            11.13            34.90           64.97          0.13         
                   W. Median              0.91             2.65            96.43          0.92         
                   Crit. Uniform          1.94             0.02            99.98          0.00         
                   Feasible Region        1.91             0.02            99.98          0.00         

dsp_top            Uniform                0.97             2.16            97.84          0.00         
                   Median                 0.96             4.84            90.06          5.10         
                   Centroid               0.95             4.73            90.50          4.77         
                   W. Centroid            0.97             4.43            90.42          5.15         
                   W. Median              0.08             0.37            85.69          13.94        

memory             Uniform                1.76             7.83            92.17          0.00         
                   Median                 1.74             15.97           78.95          5.08         
                   Centroid               1.74             12.78           84.94          2.28         
                   W. Centroid            1.73             12.34           87.65          0.01         
                   W. Median              0.14             4.72            82.46          12.82        


Placement Quench timing analysis took 0.0610969 seconds (0.0526921 STA, 0.00840473 slack) (1 full updates: 1 setup, 0 hold, 0 combined).
Placement Total  timing analysis took 7.53769 seconds (6.31121 STA, 1.22648 slack) (113 full updates: 113 setup, 0 hold, 0 combined).
update_td_costs: connections 0.0450013 nets 0 sum_nets 0.0219118 total 0.0671741
## AP Detailed Placer took 25.66 seconds (max_rss 818.1 MiB, delta_rss +9.7 MiB)
Incr Slack updates 113 in 0.237461 sec
Full Max Req/Worst Slack updates 44 in 0.0703865 sec
Incr Max Req/Worst Slack updates 69 in 0.141369 sec
Incr Criticality updates 43 in 0.178373 sec
Full Criticality updates 70 in 0.446481 sec
Incr Slack updates 1 in 0.00206342 sec
Full Max Req/Worst Slack updates 1 in 0.00157533 sec
Incr Max Req/Worst Slack updates 0 in 0 sec
Incr Criticality updates 0 in 0 sec
Full Criticality updates 1 in 0.00742592 sec
# Analytical Placement took 119.30 seconds (max_rss 818.1 MiB, delta_rss +624.1 MiB)


# Routing
RR graph channel widths unchanged, skipping RR graph rebuild
## Initializing router criticalities
Initial Net Connection Criticality Histogram:
[        0:      0.1) 7042 ( 14.5%) |****************************************
[      0.1:      0.2) 8000 ( 16.5%) |**********************************************
[      0.2:      0.3) 7211 ( 14.8%) |*****************************************
[      0.3:      0.4) 3513 (  7.2%) |********************
[      0.4:      0.5) 6304 ( 13.0%) |************************************
[      0.5:      0.6) 7490 ( 15.4%) |*******************************************
[      0.6:      0.7) 6010 ( 12.4%) |***********************************
[      0.7:      0.8) 2269 (  4.7%) |*************
[      0.8:      0.9)  605 (  1.2%) |***
[      0.9:        1)  121 (  0.2%) |*
## Initializing router criticalities took 0.74 seconds (max_rss 818.1 MiB, delta_rss +0.0 MiB)
---- ------ ------- ---- ------- ------- ------- ----------------- --------------- -------- ---------- ---------- ---------- ---------- --------
Iter   Time    pres  BBs    Heap  Re-Rtd  Re-Rtd Overused RR Nodes      Wirelength      CPD       sTNS       sWNS       hTNS       hWNS Est Succ
      (sec)     fac Updt    push    Nets   Conns                                       (ns)       (ns)       (ns)       (ns)       (ns)     Iter
---- ------ ------- ---- ------- ------- ------- ----------------- --------------- -------- ---------- ---------- ---------- ---------- --------
   1    1.4     0.0    0 6232096   25862   41715   20657 ( 1.177%)  411309 (15.3%)    9.341 -1.661e+05     -9.341      0.000      0.000      N/A
   2    1.1     0.5    0 5168427   17264   31228    8627 ( 0.492%)  410156 (15.2%)    7.693 -1.390e+05     -7.693      0.000      0.000      N/A
   3    0.8     0.6    0 3132996   10766   20444    6323 ( 0.360%)  413398 (15.3%)    7.485 -1.394e+05     -7.485      0.000      0.000      N/A
   4    0.6     0.8    0 2270004    8256   16258    4816 ( 0.274%)  415593 (15.4%)    7.485 -1.391e+05     -7.485      0.000      0.000      N/A
   5    0.5     1.1    0 1523896    6568   13227    3532 ( 0.201%)  417939 (15.5%)    7.485 -1.392e+05     -7.485      0.000      0.000      N/A
   6    0.4     1.4    0 1060142    4944   10300    2566 ( 0.146%)  419907 (15.6%)    7.485 -1.395e+05     -7.485      0.000      0.000      N/A
   7    0.3     1.9    0  717500    3740    8048    1898 ( 0.108%)  421821 (15.7%)    7.485 -1.394e+05     -7.485      0.000      0.000      N/A
   8    0.3     2.4    0  511192    2763    6152    1282 ( 0.073%)  423671 (15.7%)    7.485 -1.395e+05     -7.485      0.000      0.000      N/A
   9    0.2     3.1    0  366113    1910    4401     858 ( 0.049%)  425423 (15.8%)    7.485 -1.394e+05     -7.485      0.000      0.000       28
  10    0.2     4.1    0  255368    1258    3058     491 ( 0.028%)  426701 (15.8%)    7.485 -1.394e+05     -7.485      0.000      0.000       25
  11    0.2     5.3    0  170030     759    1902     293 ( 0.017%)  427634 (15.9%)    7.485 -1.394e+05     -7.485      0.000      0.000       24
  12    0.2     6.9    0  118432     444    1203     132 ( 0.008%)  428377 (15.9%)    7.485 -1.395e+05     -7.485      0.000      0.000       22
  13    0.1     9.0    0   53251     182     492      45 ( 0.003%)  428731 (15.9%)    7.485 -1.395e+05     -7.485      0.000      0.000       20
  14    0.1    11.6    0   20747      62     108      15 ( 0.001%)  428899 (15.9%)    7.485 -1.395e+05     -7.485      0.000      0.000       18
  15    0.1    15.1    0   10551      22      52       6 ( 0.000%)  428947 (15.9%)    7.485 -1.395e+05     -7.485      0.000      0.000       18
  16    0.1    19.7    0    5239       7       9       1 ( 0.000%)  428947 (15.9%)    7.485 -1.395e+05     -7.485      0.000      0.000       17
  17    0.2    25.6    0    3502       1       2       0 ( 0.000%)  428955 (15.9%)    7.485 -1.395e+05     -7.485      0.000      0.000      N/A
Restoring best routing
Critical path: 7.485 ns
Successfully routed after 17 routing iterations.
Final Net Connection Criticality Histogram:
[        0:      0.1) 7348 ( 15.1%) |***********************************
[      0.1:      0.2) 4267 (  8.8%) |********************
[      0.2:      0.3) 8351 ( 17.2%) |****************************************
[      0.3:      0.4) 4445 (  9.2%) |*********************
[      0.4:      0.5) 4011 (  8.3%) |*******************
[      0.5:      0.6) 9602 ( 19.8%) |**********************************************
[      0.6:      0.7) 6377 ( 13.1%) |*******************************
[      0.7:      0.8) 2937 (  6.0%) |**************
[      0.8:      0.9) 1017 (  2.1%) |*****
[      0.9:        1)  210 (  0.4%) |*
Router Stats: total_nets_routed: 84808 total_connections_routed: 158599 total_heap_pushes: 21619486 total_heap_pops: 5832291 
Serial Connection Router is being destroyed. Time spent on path search: 3.525 seconds.
# Routing took 8.06 seconds (max_rss 844.8 MiB, delta_rss +26.7 MiB)

Checking to ensure routing is legal...
# Checking to ensure non-configurable edges are legal
# Checking to ensure non-configurable edges are legal took 0.17 seconds (max_rss 844.8 MiB, delta_rss +0.0 MiB)
Completed routing consistency check successfully.

Serial number (magic cookie) for the routing is: 1127635958
Circuit successfully routed with a channel width factor of 180.
Incr Slack updates 18 in 0.0363722 sec
Full Max Req/Worst Slack updates 3 in 0.00485298 sec
Incr Max Req/Worst Slack updates 15 in 0.0310712 sec
Incr Criticality updates 14 in 0.0547919 sec
Full Criticality updates 4 in 0.0329763 sec
# Synchronize the packed netlist to routing optimization
## Annotating rr_node with routed nets
## Annotating rr_node with routed nets took 0.01 seconds (max_rss 844.8 MiB, delta_rss +0.0 MiB)
Found 44031 mismatches between routing and packing results.
Fixed 30823 routing traces due to mismatch between routing and packing results.
# Synchronize the packed netlist to routing optimization took 0.35 seconds (max_rss 844.8 MiB, delta_rss +0.0 MiB)
Final Clustering Statistics: 
----------   --------   ------------------------------------   --------------------------
Block Type   # Blocks   Avg. # of input clocks and pins used   Avg. # of output pins used
----------   --------   ------------------------------------   --------------------------
     EMPTY          0                                      0                            0   
        io       1084                              0.0295203                      0.97048   
       clb       1235                                27.9466                      15.3628   
   dsp_top        107                                40.9813                      20.1869   
    memory        194                                49.6598                      18.9691   
Absorbed logical nets 24200 out of 50065 nets, 25865 nets not absorbed.


Average number of bends per net: 1.55205  Maximum # of bends: 281

Number of global nets: 3
Number of routed nets (nonglobal): 25862
Wire length results (in units of 1 clb segments)...
	Total wirelength: 428955, average net length: 16.5863
	Maximum net length: 2463

Wire length results in terms of physical segments...
	Total wiring segments used: 93932, average wire segments per net: 3.63205
	Maximum segments used by a net: 532
	Total local nets with reserved CLB opins: 0
Total number of nets absorbed: 8

Routing channel utilization histogram:
[        1:      inf)    0 (  0.0%) |
[      0.9:        1)    0 (  0.0%) |
[      0.8:      0.9)    0 (  0.0%) |
[      0.7:      0.8)   14 (  0.1%) |
[      0.5:      0.6)  186 (  1.2%) |*
[      0.4:      0.5)  708 (  4.7%) |*****
[      0.3:      0.4) 1562 ( 10.3%) |***********
[      0.2:      0.3) 2514 ( 16.6%) |*****************
[      0.1:      0.2) 3375 ( 22.3%) |***********************
[        0:      0.1) 6779 ( 44.8%) |**********************************************
Maximum routing channel utilization:      0.71 at (37,68)

X - Directed channels: layer   y   max occ   ave occ   ave cap
                        ----- ---- -------- -------- --------
                            0    0       62   28.140      180
                            0    1        7    1.581      180
                            0    2        9    2.512      180
                            0    3       13    2.558      180
                            0    4       34    6.233      180
                            0    5       40    5.721      180
                            0    6       41   10.000      180
                            0    7       51   14.605      180
                            0    8       52   14.698      180
                            0    9       46   12.558      180
                            0   10       68   13.023      180
                            0   11       56   12.605      180
                            0   12       46   11.302      180
                            0   13       51   11.244      180
                            0   14       59   15.674      180
                            0   15       63   17.721      180
                            0   16       67   20.349      180
                            0   17       67   19.860      180
                            0   18       63   19.779      180
                            0   19       62   23.674      180
                            0   20       70   25.802      180
                            0   21       53   18.047      180
                            0   22       54   16.628      180
                            0   23       37   16.721      180
                            0   24       49   16.953      180
                            0   25       46   16.279      180
                            0   26       59   25.314      180
                            0   27       52   27.942      180
                            0   28       71   29.721      180
                            0   29       70   29.267      180
                            0   30       84   36.977      180
                            0   31       94   39.244      180
                            0   32       90   39.942      180
                            0   33       86   35.372      180
                            0   34       73   29.988      180
                            0   35       50   23.872      180
                            0   36       65   29.186      180
                            0   37       82   36.884      180
                            0   38       77   35.267      180
                            0   39       64   33.942      180
                            0   40       81   33.093      180
                            0   41       67   34.733      180
                            0   42       89   35.849      180
                            0   43       99   37.477      180
                            0   44       85   38.291      180
                            0   45       85   39.209      180
                            0   46       93   41.221      180
                            0   47       87   43.081      180
                            0   48      103   44.837      180
                            0   49      110   51.023      180
                            0   50       97   52.186      180
                            0   51       96   50.267      180
                            0   52       82   43.488      180
                            0   53       96   39.709      180
                            0   54       89   39.605      180
                            0   55       84   37.233      180
                            0   56       79   30.686      180
                            0   57       93   33.779      180
                            0   58       90   40.791      180
                            0   59       78   41.686      180
                            0   60       86   40.547      180
                            0   61       85   42.814      180
                            0   62       93   45.837      180
                            0   63      103   43.535      180
                            0   64      109   39.477      180
                            0   65       98   34.186      180
                            0   66      109   37.593      180
                            0   67       98   32.105      180
                            0   68       98   36.453      180
                            0   69       94   32.314      180
                            0   70      103   30.477      180
                            0   71       92   36.535      180
                            0   72       97   36.616      180
                            0   73       99   32.779      180
                            0   74      111   38.326      180
                            0   75       90   29.244      180
                            0   76       74   21.000      180
                            0   77       43   14.756      180
                            0   78       62   21.500      180
                            0   79       52   16.198      180
                            0   80       36   11.326      180
                            0   81       48   14.709      180
                            0   82       50   14.360      180
                            0   83       46    9.140      180
                            0   84       14    3.767      180
                            0   85        8    1.756      180
                            0   86       63   33.442      180
Y - Directed channels: layer   x   max occ   ave occ   ave cap
                        ----- ---- -------- -------- --------
                            0    0       82   25.977      180
                            0    1       57   28.453      180
                            0    2       63   34.209      180
                            0    3       47   16.105      180
                            0    4       59   20.547      180
                            0    5       75   37.140      180
                            0    6       75   32.012      180
                            0    7       43   16.442      180
                            0    8       55   14.535      180
                            0    9       45   14.814      180
                            0   10       27    5.291      180
                            0   11       20    7.186      180
                            0   12       17    5.837      180
                            0   13       21    5.186      180
                            0   14       33   11.930      180
                            0   15       32   16.163      180
                            0   16       51   18.826      180
                            0   17       69   43.837      180
                            0   18       92   52.756      180
                            0   19       67   22.872      180
                            0   20       91   27.047      180
                            0   21      105   51.128      180
                            0   22       93   49.942      180
                            0   23       85   27.791      180
                            0   24       72   26.419      180
                            0   25       87   27.535      180
                            0   26       63   24.279      180
                            0   27       37   13.953      180
                            0   28       52   16.674      180
                            0   29       64   21.012      180
                            0   30       74   30.000      180
                            0   31       86   34.453      180
                            0   32       94   36.360      180
                            0   33       91   58.198      180
                            0   34       95   67.233      180
                            0   35      117   51.895      180
                            0   36      109   56.442      180
                            0   37      127   69.140      180
                            0   38      106   64.907      180
                            0   39       92   43.209      180
                            0   40       82   32.267      180
                            0   41       85   23.512      180
                            0   42       77   31.605      180
                            0   43       83   31.314      180
                            0   44       81   26.081      180
                            0   45       77   31.151      180
                            0   46       97   42.721      180
                            0   47       95   38.581      180
                            0   48       97   38.221      180
                            0   49       89   57.709      180
                            0   50       99   60.616      180
                            0   51       85   40.849      180
                            0   52       89   42.942      180
                            0   53       96   53.651      180
                            0   54       85   48.047      180
                            0   55       60   27.058      180
                            0   56       65   18.605      180
                            0   57       56   10.512      180
                            0   58       63   13.291      180
                            0   59       69   12.930      180
                            0   60       60   13.174      180
                            0   61       73   16.000      180
                            0   62       85   25.174      180
                            0   63       78   31.209      180
                            0   64       76   30.198      180
                            0   65       72   48.616      180
                            0   66       99   62.535      180
                            0   67       90   41.570      180
                            0   68       97   44.849      180
                            0   69      104   51.093      180
                            0   70       73   35.802      180
                            0   71       40    7.547      180
                            0   72       37    5.779      180
                            0   73       35    5.605      180
                            0   74       35    4.849      180
                            0   75       30    5.791      180
                            0   76        8    2.965      180
                            0   77       17    4.605      180
                            0   78       38   15.360      180
                            0   79       33   15.395      180
                            0   80       61   20.081      180
                            0   81       82   40.070      180
                            0   82       77   45.953      180
                            0   83       68   26.035      180
                            0   84       84   33.651      180
                            0   85       70   34.035      180
                            0   86       50   24.291      180

Total existing wires segments: CHANX   1346760, CHANY   1346760, CHANZ         0, ALL   2693520
Total used wires segments:     CHANX    205215, CHANY    223740, CHANZ         0, ALL    428955
Usage percentage:              CHANX     15.2%, CHANY     16.6%, CHANZ      0.0%, ALL     15.9%

Logic area (in minimum width transistor areas, excludes I/Os and empty grid tiles)...
	Total logic block area (Warning, need to add pitch of routing to blocks with height > 3): 2.4541e+08
	Total used logic block area: 8.83236e+07

Routing area (in minimum width transistor areas)...
	Total routing area: 1.06814e+08, per logic tile: 13793.2

Total Number of Wiring Segments by Direction: direction length number
                                              --------- ------ -------
                                                      X      4 301976
                                                      Y      4 301976
                                                      X     16  13192
                                                      Y     16  13192

X - Directed Wiring Segment usage by length: length utilization
                                             ------ -----------
                                             4       0.146
                                            16       0.146

Y - Directed Wiring Segment usage by length: length utilization
                                             ------ -----------
                                             4       0.149
                                            16       0.217

Segment occupancy by length: Length Occupancy Capacity Utilization
                             ------ --------- -------- -----------
                             L4         89150   603952       0.148
                             L16         4782    26384       0.181

Segment occupancy by type: name type utilization
                           ---- ---- -----------
                             L4    0       0.148
                            L16    1       0.181

Final hold Worst Negative Slack (hWNS): 0 ns
Final hold Total Negative Slack (hTNS): 0 ns
Final hold Worst Skew (hWS): 0 ns

Final hold slack histogram:
[  4.1e-11:  6.3e-10) 3554 (  6.7%) |****************
[  6.3e-10:  1.2e-09) 8270 ( 15.7%) |**************************************
[  1.2e-09:  1.8e-09) 6204 ( 11.8%) |*****************************
[  1.8e-09:  2.4e-09) 10000 ( 19.0%) |**********************************************
[  2.4e-09:    3e-09) 9993 ( 18.9%) |**********************************************
[    3e-09:  3.6e-09) 8707 ( 16.5%) |****************************************
[  3.6e-09:  4.1e-09) 3865 (  7.3%) |******************
[  4.1e-09:  4.7e-09) 1168 (  2.2%) |*****
[  4.7e-09:  5.3e-09)  701 (  1.3%) |***
[  5.3e-09:  5.9e-09)  300 (  0.6%) |*

Final critical path delay (least slack): 7.485 ns, Fmax: 133.601 MHz
Final critical path skew: -0.04243 ns
Final setup Worst Negative Slack (sWNS): -7.485 ns
Final setup Total Negative Slack (sTNS): -139471 ns
Final setup Worst Skew (sWS): -0.04243 ns

Final setup slack histogram:
[ -7.5e-09: -6.8e-09)    39 (  0.1%) |
[ -6.8e-09:   -6e-09)   112 (  0.2%) |
[   -6e-09: -5.3e-09)   751 (  1.4%) |**
[ -5.3e-09: -4.6e-09)  1541 (  2.9%) |*****
[ -4.6e-09: -3.8e-09)  4619 (  8.8%) |***************
[ -3.8e-09: -3.1e-09)  8573 ( 16.2%) |****************************
[ -3.1e-09: -2.4e-09) 13933 ( 26.4%) |*********************************************
[ -2.4e-09: -1.7e-09) 13517 ( 25.6%) |********************************************
[ -1.7e-09: -9.2e-10)  8635 ( 16.4%) |****************************
[ -9.2e-10: -1.9e-10)  1042 (  2.0%) |***

Final geomean non-virtual intra-domain period: 7.485 ns (133.601 MHz)
Final fanout-weighted geomean non-virtual intra-domain period: 7.485 ns (133.601 MHz)

Incr Slack updates 1 in 0.00220693 sec
Full Max Req/Worst Slack updates 1 in 0.00158228 sec
Incr Max Req/Worst Slack updates 0 in 0 sec
Incr Criticality updates 0 in 0 sec
Full Criticality updates 1 in 0.00880911 sec
Flow timing analysis took 11.5412 seconds (9.98045 STA, 1.56072 slack) (133 full updates: 114 setup, 0 hold, 19 combined).
VPR succeeded
The entire flow of VPR took 133.22 seconds (max_rss 844.8 MiB)

