VPR FPGA Placement and Routing.
Version: 9.0.0-dev+v8.0.0-18248-g40f8d19708
Revision: v8.0.0-18248-g40f8d19708
Compiled: 2026-09-22T03:43:48
Compiler: GNU 13.3.0 on Linux-5.15.0-119-generic x86_64
Build Info: release IPO VTR_ASSERT_LEVEL=2

University of Toronto
verilogtorouting.org
vtr-users@googlegroups.com
This is free open source code under MIT license.

VPR was run with the following command-line:
/inspire/hdd/project/project-public/changshunjie-253114010247/changshunjie-253114010247/workspace/DAC2027/vtr/vtr-verilog-to-routing/vpr/vpr /inspire/hdd/project/project-public/changshunjie-253114010247/changshunjie-253114010247/workspace/DAC2027/vtr/vtr-verilog-to-routing/vtr_flow/arch/COFFE_22nm/k6FracN10LB_mem20K_complexDSP_customSB_22nm.xml /inspire/hdd/project/project-public/changshunjie-253114010247/changshunjie-253114010247/workspace/DAC2027/TailCompile/experiments/vtr/runs/pilot_v1/sha/full-seed1-w300/sha.pre-vpr.blif --analytical_place --route --analysis --ap_full_legalizer flat-recon --ap_detailed_placer annealer --seed 11 --route_chan_width 80 --write_flat_place /inspire/hdd/project/project-public/changshunjie-253114010247/changshunjie-253114010247/workspace/DAC2027/TailCompile/vtr_work/tailcompile_v3/sha/4x4/gnn_candidate-fp14432904-flat-recon-annealer-seed11-w80-devw14/post_route.fplace --write_legalized_flat_place /inspire/hdd/project/project-public/changshunjie-253114010247/changshunjie-253114010247/workspace/DAC2027/TailCompile/vtr_work/tailcompile_v3/sha/4x4/gnn_candidate-fp14432904-flat-recon-annealer-seed11-w80-devw14/post_legalizer.fplace --flat_place_verbosity 1 --device_width 14 --net_file /inspire/hdd/project/project-public/changshunjie-253114010247/changshunjie-253114010247/workspace/DAC2027/TailCompile/vtr_work/tailcompile_v3/sha/4x4/gnn_candidate-fp14432904-flat-recon-annealer-seed11-w80-devw14/sha.locked-input.net --read_flat_place /inspire/hdd/global_user/changshunjie-253114010247/workspace/DAC2027/TailCompile/experiments/vtr/tailcompile_v3/sha/4x4/pools/bootstrap_24/candidate_21_seed12048.fplace

Using up to 1 parallel worker(s)

Architecture file: /inspire/hdd/project/project-public/changshunjie-253114010247/changshunjie-253114010247/workspace/DAC2027/vtr/vtr-verilog-to-routing/vtr_flow/arch/COFFE_22nm/k6FracN10LB_mem20K_complexDSP_customSB_22nm.xml
Circuit name: sha.pre-vpr

# Loading Architecture Description
# Loading Architecture Description took 0.04 seconds (max_rss 19.0 MiB, delta_rss +0.0 MiB)

Timing analysis: ON
Circuit netlist file: /inspire/hdd/project/project-public/changshunjie-253114010247/changshunjie-253114010247/workspace/DAC2027/TailCompile/vtr_work/tailcompile_v3/sha/4x4/gnn_candidate-fp14432904-flat-recon-annealer-seed11-w80-devw14/sha.locked-input.net
Circuit placement file: sha.pre-vpr.place
Circuit routing file: sha.pre-vpr.route
Circuit SDC file: sha.pre-vpr.sdc
Vpr floorplanning constraints file: not specified

Packer: DISABLED
Placer: DISABLED
Analytical Placer: ENABLED
Router: ENABLED
Analysis: ENABLED

VPR was run with the following options:

netlist_opts.absorb_buffer_luts            : true
netlist_opts.sweep_dangling_primary_ios    : true
netlist_opts.sweep_dangling_nets           : true
netlist_opts.sweep_dangling_blocks         : true
netlist_opts.sweep_constant_primary_outputs: false
netlist_opts.netlist_verbosity             : 1
netlist_opts.const_gen_inference           : COMB_SEQ

AnalyticalPlacerOpts.analytical_solver_type: lp-b2b
AnalyticalPlacerOpts.partial_legalizer_type: bipartitioning
AnalyticalPlacerOpts.full_legalizer_type: flat-recon
AnalyticalPlacerOpts.detailed_placer_type: annealer
AnalyticalPlacerOpts.ap_timing_tradeoff: 0.500000
AnalyticalPlacerOpts.ap_high_fanout_threshold: 256
AnalyticalPlacerOpts.log_verbosity: 1
router_opts.route_type: DETAILED
router_opts.flat_routing: false
router_opts.choke_points: on
router_opts.router_algorithm: TIMING_DRIVEN
router_opts.base_cost_type: DELAY_NORMALIZED_LENGTH
router_opts.fixed_channel_width: 80
router_opts.check_route: FULL
router_opts.acc_fac: 1.000000
router_opts.bb_factor: 3
router_opts.bend_cost: 0.000000
router_opts.first_iter_pres_fac: 0.000000
router_opts.initial_pres_fac: 0.500000
router_opts.pres_fac_mult: 1.300000
router_opts.max_pres_fac: 1000.000000
router_opts.max_router_iterations: 50
router_opts.min_incremental_reroute_fanout: 16
router_opts.initial_acc_cost_chan_congestion_threshold: 0.500000
router_opts.initial_acc_cost_chan_congestion_weight: 0.500000
router_opts.do_check_rr_graph: true
router_opts.verify_binary_search: false
router_opts.min_channel_width_hint: 0
router_opts.read_rr_edge_metadata: false
router_opts.exit_after_first_routing_iteration: false
router_opts.astar_fac: 1.200000
router_opts.astar_offset: 0.000000
router_opts.router_profiler_astar_fac: 1.200000
router_opts.enable_parallel_connection_router: false
router_opts.post_target_prune_fac: 1.200000
router_opts.post_target_prune_offset: 0
router_opts.multi_queue_num_threads: 1
router_opts.multi_queue_num_queues: 2
router_opts.multi_queue_direct_draining: false
router_opts.criticality_exp: 1.000000
router_opts.max_criticality: 0.990000
router_opts.init_wirelength_abort_threshold: 0.850000
router_opts.incr_reroute_delay_ripup: AUTO
router_opts.save_routing_per_iteration: false
router_opts.congested_routing_iteration_threshold_frac: 1.000000
router_opts.high_fanout_threshold: 64
router_opts.router_debug_net: -2
router_opts.router_debug_sink_rr: -2
router_opts.router_debug_iteration: -2
router_opts.max_convergence_count: 1
router_opts.reconvergence_cpd_threshold: 0.990000
router_opts.update_lower_bound_delays: true
router_opts.first_iteration_timing_report_file: 
router_opts.route_bb_update: DYNAMIC
router_opts.lookahead_type: MAP
router_opts.initial_timing: LOOKAHEAD
router_opts.router_heap: FOUR_ARY_HEAP
router_opts.routing_failure_predictor = SAFE
router_opts.routing_predictor_min_history: 8
router_opts.routing_budgets_algorithm = DISABLE

analysis_opts.gen_post_synthesis_netlist: false
analysis_opts.gen_post_implementation_merged_netlist: false
analysis_opts.gen_post_implementation_sdc: false
analysis_opts.timing_report_npaths: 100
analysis_opts.timing_report_skew: false
analysis_opts.echo_dot_timing_graph_node: -1
analysis_opts.timing_report_detail: NETLIST
analysis_opts.post_synth_netlist_unconn_input_handling: UNCONNECTED
analysis_opts.post_synth_netlist_unconn_output_handling: UNCONNECTED
analysis_opts.post_synth_netlist_module_parameters: on

# Building complex block graph
# Building complex block graph took 0.10 seconds (max_rss 24.6 MiB, delta_rss +5.6 MiB)
Circuit file: /inspire/hdd/project/project-public/changshunjie-253114010247/changshunjie-253114010247/workspace/DAC2027/TailCompile/experiments/vtr/runs/pilot_v1/sha/full-seed1-w300/sha.pre-vpr.blif
# Load circuit
Found 3 constant generator(s) in the netlist (2 constant-zero, 1 constant-one) (run with --netlist_verbosity 2 to list names)
# Load circuit took 0.02 seconds (max_rss 28.3 MiB, delta_rss +3.7 MiB)
# Clean circuit
Absorbed 0 LUT buffers
Found 22 primitive output pin(s) driven only by constants; marked them as constants
Swept input(s)      : 0
Swept output(s)     : 0 (0 dangling, 0 constant)
Swept net(s)        : 22
Swept block(s)      : 0
Constant Pins Marked: 22
# Clean circuit took 0.00 seconds (max_rss 28.3 MiB, delta_rss +0.0 MiB)
# Compress circuit
# Compress circuit took 0.00 seconds (max_rss 28.3 MiB, delta_rss +0.0 MiB)
# Verify circuit
# Verify circuit took 0.00 seconds (max_rss 28.3 MiB, delta_rss +0.0 MiB)
Circuit Statistics:
  Blocks: 2491
    .input :      38
    .latch :     893
    .names :    1215
        0-LUT:       2
        1-LUT:       1
        2-LUT:      63
        3-LUT:     106
        4-LUT:      88
        5-LUT:     314
        6-LUT:     641
    .output:      36
    adder  :     309
  Nets  : 2742
    Avg Fanout:     3.3
    Max Fanout:   893.0
    Min Fanout:     1.0
  Netlist Clocks: 1
# Build Timing Graph
  Timing Graph Nodes: 11695
  Timing Graph Edges: 18725
  Timing Graph Levels: 84
# Build Timing Graph took 0.01 seconds (max_rss 31.6 MiB, delta_rss +3.1 MiB)
Netlist contains 1 clocks
  Netlist Clock 'clk_i' Fanout: 893 pins (7.6%), 893 blocks (35.8%)
# Load Timing Constraints

SDC file 'sha.pre-vpr.sdc' not found
Setting default timing constraints:
   * constrain all primary inputs and primary outputs on netlist clock 'clk_i'
   * optimize netlist clock to run as fast as possible
Timing constraints created 1 clocks
  Constrained Clock 'clk_i' Source: 'clk_i.inpad[0]'

# Load Timing Constraints took 0.00 seconds (max_rss 31.6 MiB, delta_rss +0.0 MiB)
# Analytical Placement
## Prepacker

There is one chain in this architecture called "chain" with the following starting points:
	clb[0]/lab[0]/fle[0]/ble5[0]/arithmetic[0]/adder[0].cin[0]

## Prepacker took 0.00 seconds (max_rss 31.9 MiB, delta_rss +0.3 MiB)
## Initializing Pre-Cluster Timing
Using inter-cluster delay: 2.1832e-09
## Initializing Pre-Cluster Timing took 0.19 seconds (max_rss 32.6 MiB, delta_rss +0.6 MiB)
## Estimate Device Size
Device layout 'auto' with fixed width 14.
FPGA sized to 14 x 14: 196 grid tiles (auto)
## Estimate Device Size took 0.00 seconds (max_rss 32.6 MiB, delta_rss +0.0 MiB)
## Ram Mapper
Flat Placement is provided, skipping the RAM mapping.
## Ram Mapper took 0.00 seconds (max_rss 32.6 MiB, delta_rss +0.0 MiB)
## Read Atom Netlist to AP Netlist
## Read Atom Netlist to AP Netlist took 0.01 seconds (max_rss 36.4 MiB, delta_rss +3.8 MiB)
Analytical Placement Netlist Statistics:
	AP Blocks: 1315
		Moveable AP Blocks: 1315
		Fixed AP Blocks: 0
	AP Nets: 1563
		Average Fanout: 4.51
		Highest Fanout: 194
	AP Pins: 11695

## Computing placement delta delay look-up
### Build routing resource graph
### Build routing resource graph took 0.09 seconds (max_rss 45.9 MiB, delta_rss +9.5 MiB)
  RR Graph Nodes: 31124
  RR Graph Edges: 189472
### Computing router lookahead map
#### Computing wire lookahead
#### Computing wire lookahead took 0.03 seconds (max_rss 46.1 MiB, delta_rss +0.3 MiB)
#### Computing src/opin lookahead
Warning 1: Found no more sample locations for SOURCE in io
Warning 2: Found no more sample locations for OPIN in io
Warning 3: Found no more sample locations for SOURCE in clb
Warning 4: Found no more sample locations for OPIN in clb
Warning 5: Found no more sample locations for SOURCE in dsp_top
Warning 6: Found no more sample locations for OPIN in dsp_top
Warning 7: Found no more sample locations for SOURCE in memory
Warning 8: Found no more sample locations for OPIN in memory
#### Computing src/opin lookahead took 0.00 seconds (max_rss 46.1 MiB, delta_rss +0.0 MiB)
### Computing router lookahead map took 0.04 seconds (max_rss 46.1 MiB, delta_rss +0.3 MiB)
Serial Connection Router is being destroyed. Time spent on path search: 0.000 seconds.
## Computing placement delta delay look-up took 0.13 seconds (max_rss 46.1 MiB, delta_rss +9.8 MiB)
Flat Placement is provided in the AP flow, skipping the Global Placement.
0 of 1315 molecules placed at device center (no atoms of these molecules found in flat placement).
## AP Full Legalizer
### Creating Clusters
Device (width, height): (14,14)
#### Sorting and Grouping Blocks by Tile
#### Sorting and Grouping Blocks by Tile took 0.00 seconds (max_rss 46.1 MiB, delta_rss +0.0 MiB)
#### Reconstruction Pass Clustering
#### Reconstruction Pass Clustering took 2.09 seconds (max_rss 50.0 MiB, delta_rss +3.8 MiB)
#### Orphan Window Clustering with search radius 8
#### Orphan Window Clustering with search radius 8 took 0.01 seconds (max_rss 50.0 MiB, delta_rss +0.0 MiB)
FPGA sized to 14 x 14: 196 grid tiles (auto)
Device Utilization: 0.62 (target 1.00)
	Block Utilization: 0.19 Type: io
	Block Utilization: 0.93 Type: clb

----------------------------------------------------------------
                       Clustering Summary                       
----------------------------------------------------------------
Clusters created (Self Clustering)                       : 185
    clb        : 111
    io         : 74
Clusters created (Orphan Window Clustering)              : 1
    clb        : 1
Total clusters                                           : 186
Percent of clusters created in Orphan Window Clustering  : 0.54%
Molecules clustered in each stage breakdown  : (Total of 1315)
	Self Clustering          (0.996958)  : 1311
 	Neighbor Clustering      (0.000000)  : 0
	Orphan Window Clustering (0.003042)  : 4
----------------------------------------------------------------

Final Clustering Statistics: 
----------   --------   ------------------------------------   --------------------------
Block Type   # Blocks   Avg. # of input clocks and pins used   Avg. # of output pins used
----------   --------   ------------------------------------   --------------------------
     EMPTY          0                                      0                            0   
        io         74                               0.486486                     0.513514   
       clb        112                                25.4196                      8.98214   
   dsp_top          0                                      0                            0   
    memory          0                                      0                            0   
Absorbed logical nets 1698 out of 2742 nets, 1044 nets not absorbed.
#### Load packing
##### Loading packed FPGA netlist file.
Netlist generated from file '/inspire/hdd/project/project-public/changshunjie-253114010247/changshunjie-253114010247/workspace/DAC2027/TailCompile/vtr_work/tailcompile_v3/sha/4x4/gnn_candidate-fp14432904-flat-recon-annealer-seed11-w80-devw14/sha.locked-input.net'.
Detected 2 constant generators (to see names run with higher pack verbosity)
##### Loading packed FPGA netlist file. took 0.18 seconds (max_rss 62.6 MiB, delta_rss +6.7 MiB)
Warning 9: Treated 2 constant nets as global which will not be routed (to see net names increase packer verbosity).
Netlist contains 33 global net to non-global architecture pin connections
Completed clustering consistency check successfully.
Cluster level netlist and block usage statistics
Netlist num_nets: 1044
Netlist num_blocks: 186
Netlist EMPTY blocks: 0.
Netlist io blocks: 74.
Netlist clb blocks: 112.
Netlist dsp_top blocks: 0.
Netlist memory blocks: 0.
Netlist inputs pins: 38
Netlist output pins: 36

Pb types usage...
  io               : 74
   inpad           : 38
   outpad          : 36
  clb              : 112
   lab             : 112
    fle            : 1086
     ble5          : 882
      flut5        : 573
       lut5        : 573
        lut        : 573
       ff          : 353
      arithmetic   : 309
       adder       : 309
     ble6          : 642
      lut6         : 642
       lut         : 642
      ff           : 540

#### Load packing took 0.25 seconds (max_rss 97.5 MiB, delta_rss +41.6 MiB)
Netlist contains 33 global net to non-global architecture pin connections
Cluster level netlist and block usage statistics
Netlist num_nets: 1044
Netlist num_blocks: 186
Netlist EMPTY blocks: 0.
Netlist io blocks: 74.
Netlist clb blocks: 112.
Netlist dsp_top blocks: 0.
Netlist memory blocks: 0.
Netlist inputs pins: 38
Netlist output pins: 36
### Creating Clusters took 2.46 seconds (max_rss 97.5 MiB, delta_rss +51.4 MiB)
Completed clustering consistency check successfully.
FPGA sized to 14 x 14: 196 grid tiles (auto)
### Compressed grid construction
### Compressed grid construction took 0.00 seconds (max_rss 97.5 MiB, delta_rss +0.0 MiB)
### Initial Placement
Placing clusters that are part of larger macros...
Number of blocks to be placed: 18
Max distance on device: 28
---- ---------- ---------- -------------
Pass Max Displ. Num Blocks Num Blocks   
     Threshold  Placed     Left Unplaced
---- ---------- ---------- -------------
   0          0         10             8
   1          1          4             4
   2          2          4             0

Placing general clusters...
Number of blocks to be placed: 168
Max distance on device: 28
---- ---------- ---------- -------------
Pass Max Displ. Num Blocks Num Blocks   
     Threshold  Placed     Left Unplaced
---- ---------- ---------- -------------
   0          0        158            10
   1          1          2             8
   2          2          2             6
   3          4          4             2
   4          8          0             2
   5         16          2             0

### Initial Placement took 0.00 seconds (max_rss 97.5 MiB, delta_rss +0.0 MiB)
Flat Placement Reconstruction Info:
	Percent of clusters with reconstruction errors: 0.537634
	Total displacement of initial placement from flat placement: 1568.000000
	Average atom displacement of initial placement from flat placement: 0.629466
	Max atom displacement of initial placement from flat placement: 11.000000
	Percent of atoms misplaced from the flat placement: 20.835007
## AP Full Legalizer took 2.46 seconds (max_rss 97.5 MiB, delta_rss +51.4 MiB)

Resource usage...
	Netlist
		74	blocks of type: io
	Architecture
		384	blocks of type: io
	Netlist
		112	blocks of type: clb
	Architecture
		120	blocks of type: clb
	Netlist
		0	blocks of type: dsp_top
	Architecture
		3	blocks of type: dsp_top
	Netlist
		0	blocks of type: memory
	Architecture
		6	blocks of type: memory

Device Utilization: 0.62 (target 1.00)
	Physical Tile io:
	Block Utilization: 0.19 Logical Block: io
	Physical Tile clb:
	Block Utilization: 0.93 Logical Block: clb
	Physical Tile dsp_top:
	Block Utilization: 0.00 Logical Block: dsp_top
	Physical Tile memory:
	Block Utilization: 0.00 Logical Block: memory

## Computing placement delta delay look-up
RR graph channel widths unchanged, skipping RR graph rebuild
Serial Connection Router is being destroyed. Time spent on path search: 0.000 seconds.
## Computing placement delta delay look-up took 0.00 seconds (max_rss 97.5 MiB, delta_rss +0.0 MiB)
Using simple RL 'Softmax agent' for choosing move and block types

Completed placement consistency check successfully.
Initial placement cost: 1 bb_cost: 142.759 td_cost: 6.30983e-07
Initial placement BB estimate of wirelength: 11396.5
Initial placement estimated Critical Path Delay (CPD): 10.7252 ns
Initial placement estimated setup Total Negative Slack (sTNS): -2983.23 ns
Initial placement estimated setup Worst Negative Slack (sWNS): -10.7252 ns

Initial placement estimated setup slack histogram:
[ -1.1e-08: -9.7e-09)  23 (  2.5%) |**
[ -9.7e-09: -8.7e-09)   9 (  1.0%) |*
[ -8.7e-09: -7.7e-09)   0 (  0.0%) |
[ -7.7e-09: -6.7e-09)   0 (  0.0%) |
[ -6.7e-09: -5.7e-09)   0 (  0.0%) |
[ -5.7e-09: -4.7e-09)   1 (  0.1%) |
[ -4.7e-09: -3.7e-09) 127 ( 13.7%) |**********
[ -3.7e-09: -2.7e-09) 601 ( 64.7%) |***********************************************
[ -2.7e-09: -1.7e-09) 114 ( 12.3%) |*********
[ -1.7e-09:   -7e-10)  54 (  5.8%) |****
Placement contains 9 placement macros involving 18 blocks (average macro size 2.000000)

Moves per temperature: 530
## AP Detailed Placer

---- ------ ------- ------- ---------- ---------- ------- ---------- -------- ------- ------- ------ -------- --------- ------
Tnum  Time     T    AvCost  Av BB Cost Av TD Cost   CPD      sTNS      sWNS   AcRate  StdDev  R lim  CritExp  TotMoves  Alpha 
     (sec)                                          (ns)     (ns)      (ns)                                                   
---- ------ ------- ------- ---------- ---------- ------- ---------- -------- ------- ------- ------ -------- --------- ------
   1    0.0 3.3e-03   1.037     136.47 6.6026e-07  10.125  -3.27e+03  -10.125   0.711  0.0196   13.0     1.00        530  1.000
   2    0.0 3.1e-03   0.998     140.18 6.4393e-07  10.672  -3.25e+03  -10.672   0.715  0.0089   13.0     1.00       1060  0.950
   3    0.0 3.0e-03   0.976     138.55 6.3236e-07  11.034  -3.41e+03  -11.034   0.709  0.0181   13.0     1.00       1590  0.950
   4    0.0 2.8e-03   0.985     131.58 6.5344e-07  10.027  -3.18e+03  -10.027   0.653  0.0112   13.0     1.00       2120  0.950
   5    0.0 2.7e-03   1.007     136.55 6.4605e-07  10.234  -3.15e+03  -10.234   0.660  0.0059   13.0     1.00       2650  0.950
   6    0.0 2.6e-03   0.991     134.04 6.5634e-07  10.310  -3.25e+03  -10.310   0.638  0.0104   13.0     1.00       3180  0.950
   7    0.0 2.4e-03   0.976     129.39 6.2888e-07  10.245   -3.1e+03  -10.245   0.651  0.0133   13.0     1.00       3710  0.950
   8    0.0 2.3e-03   1.009     127.64 6.4016e-07  10.204  -3.21e+03  -10.204   0.649  0.0064   13.0     1.00       4240  0.950
   9    0.0 2.2e-03   0.988     128.38 6.2704e-07  10.678  -3.33e+03  -10.678   0.608  0.0094   13.0     1.00       4770  0.950
  10    0.0 2.1e-03   0.979     122.97 6.1196e-07  10.409  -3.17e+03  -10.409   0.604  0.0069   13.0     1.00       5300  0.950
  11    0.0 2.0e-03   1.016     125.17 5.9972e-07  10.724  -3.29e+03  -10.724   0.598  0.0105   13.0     1.00       5830  0.950
  12    0.0 1.9e-03   0.988     126.76 6.4354e-07   9.639  -2.97e+03   -9.639   0.604  0.0056   13.0     1.00       6360  0.950
  13    0.0 1.8e-03   0.995     126.71 6.2349e-07  10.156  -3.11e+03  -10.156   0.594  0.0045   13.0     1.00       6890  0.950
  14    0.0 1.7e-03   0.987     123.84 6.2447e-07  10.166  -3.23e+03  -10.166   0.606  0.0149   13.0     1.00       7420  0.950
  15    0.0 1.6e-03   1.001     122.90 6.0186e-07  10.226  -3.05e+03  -10.226   0.604  0.0039   13.0     1.00       7950  0.950
  16    0.0 1.5e-03   0.992     122.50 6.2341e-07   9.869  -3.03e+03   -9.869   0.615  0.0036   13.0     1.00       8480  0.950
  17    0.0 1.5e-03   0.995     120.99 6.3225e-07   9.683  -3.02e+03   -9.683   0.547  0.0067   13.0     1.00       9010  0.950
  18    0.0 1.4e-03   1.006     121.66 6.0924e-07  10.234  -3.07e+03  -10.234   0.526  0.0030   13.0     1.00       9540  0.950
  19    0.0 1.3e-03   1.003     123.04 6.1469e-07  10.203  -3.15e+03  -10.203   0.547  0.0049   13.0     1.00      10070  0.950
  20    0.0 1.2e-03   0.994     120.84 6.3104e-07   9.540  -3.01e+03   -9.540   0.513  0.0039   13.0     1.00      10600  0.950
  21    0.0 1.2e-03   0.993     120.01 6.2302e-07   9.705  -2.95e+03   -9.705   0.526  0.0045   13.0     1.00      11130  0.950
  22    0.0 1.1e-03   0.989     117.10 6.2174e-07   9.762     -3e+03   -9.762   0.509  0.0041   13.0     1.00      11660  0.950
  23    0.0 1.1e-03   0.992     116.94 6.119e-07    9.946     -3e+03   -9.946   0.487  0.0038   13.0     1.00      12190  0.950
  24    0.0 1.0e-03   0.995     116.36 6.0838e-07   9.890  -2.98e+03   -9.890   0.498  0.0054   13.0     1.00      12720  0.950
  25    0.0 9.6e-04   0.995     115.24 6.2048e-07   9.657  -2.99e+03   -9.657   0.481  0.0029   13.0     1.00      13250  0.950
  26    0.0 9.2e-04   1.005     115.86 6.1831e-07   9.707  -2.98e+03   -9.707   0.555  0.0029   13.0     1.00      13780  0.950
  27    0.0 8.7e-04   0.990     114.74 5.9046e-07  10.334  -3.07e+03  -10.334   0.494  0.0039   13.0     1.00      14310  0.950
  28    0.0 8.3e-04   0.995     115.27 5.9776e-07  10.232  -3.11e+03  -10.232   0.432  0.0034   13.0     1.00      14840  0.950
  29    0.0 7.9e-04   0.995     113.64 5.5354e-07  10.266  -2.99e+03  -10.266   0.472  0.0039   12.9     1.06      15370  0.950
  30    0.0 7.5e-04   0.996     112.22 5.9446e-07  10.037  -3.03e+03  -10.037   0.451  0.0048   13.0     1.00      15900  0.950
  31    0.0 7.1e-04   0.999     111.01 6.0898e-07   9.560  -2.88e+03   -9.560   0.440  0.0017   13.0     1.00      16430  0.950
  32    0.0 6.7e-04   0.997     110.37 5.9721e-07   9.765  -2.92e+03   -9.765   0.400  0.0017   13.0     1.00      16960  0.950
  33    0.0 6.4e-04   0.996     109.56 4.6056e-07   9.650  -2.98e+03   -9.650   0.349  0.0019   12.5     1.31      17490  0.950
  34    0.0 6.1e-04   0.991     107.95 2.8816e-07   9.650  -2.92e+03   -9.650   0.383  0.0047   11.3     1.97      18020  0.950
  35    0.0 5.8e-04   1.007     109.08 2.3637e-07   9.765  -2.88e+03   -9.765   0.432  0.0039   10.7     2.34      18550  0.950
  36    0.0 5.5e-04   0.998     107.81 2.3541e-07   9.764  -2.91e+03   -9.764   0.400  0.0023   10.6     2.39      19080  0.950
  37    0.0 5.2e-04   0.992     106.10 2.1684e-07   9.845  -3.05e+03   -9.845   0.360  0.0032   10.2     2.64      19610  0.950
  38    0.0 5.0e-04   0.996     105.10 1.8303e-07   9.951     -3e+03   -9.951   0.351  0.0022    9.4     3.11      20140  0.950
  39    0.0 4.7e-04   1.001     106.47 1.6327e-07   9.951  -3.06e+03   -9.951   0.411  0.0016    8.5     3.60      20670  0.950
  40    0.0 4.5e-04   0.999     105.93 1.6089e-07   9.841  -3.01e+03   -9.841   0.370  0.0019    8.3     3.74      21200  0.950
  41    0.0 4.2e-04   0.999     106.69 1.5287e-07   9.698     -3e+03   -9.698   0.387  0.0026    7.7     4.08      21730  0.950
  42    0.0 4.0e-04   0.993     104.90 1.4444e-07   9.813  -3.03e+03   -9.813   0.319  0.0040    7.3     4.32      22260  0.950
  43    0.0 3.8e-04   0.999     104.39 1.3585e-07   9.654  -2.92e+03   -9.654   0.360  0.0020    6.4     4.84      22790  0.950
  44    0.0 3.6e-04   0.997     103.49 1.3042e-07   9.653  -2.93e+03   -9.653   0.332  0.0013    5.9     5.14      23320  0.950
  45    0.0 3.5e-04   1.001     103.54 1.2656e-07   9.654  -2.96e+03   -9.654   0.326  0.0015    5.3     5.51      23850  0.950
  46    0.0 3.3e-04   0.996     103.27 1.2318e-07   9.654  -2.97e+03   -9.654   0.330  0.0019    4.7     5.86      24380  0.950
  47    0.0 3.1e-04   0.998     102.62 1.2842e-07   9.213     -3e+03   -9.213   0.285  0.0019    4.2     6.16      24910  0.950
  48    0.0 3.0e-04   1.003     101.87 1.2595e-07   9.213  -2.92e+03   -9.213   0.311  0.0016    3.5     6.53      25440  0.950
  49    0.0 2.8e-04   0.999     101.57 1.199e-07    9.475  -2.91e+03   -9.475   0.317  0.0006    3.1     6.80      25970  0.950
  50    0.0 2.7e-04   0.999     101.40 1.184e-07    9.475  -2.92e+03   -9.475   0.309  0.0010    2.7     7.02      26500  0.950
  51    0.0 2.5e-04   0.998     100.83 1.1915e-07   9.396  -2.96e+03   -9.396   0.285  0.0013    2.3     7.22      27030  0.950
  52    0.0 2.4e-04   0.996      99.82 1.1779e-07   9.396  -2.96e+03   -9.396   0.283  0.0016    2.0     7.43      27560  0.950
  53    0.0 2.3e-04   0.998      99.50 1.1928e-07   9.213  -2.95e+03   -9.213   0.343  0.0019    1.7     7.61      28090  0.950
  54    0.0 2.2e-04   0.999      98.97 1.1868e-07   9.223  -2.93e+03   -9.223   0.308  0.0007    1.5     7.71      28620  0.950
  55    0.0 2.1e-04   0.998      99.06 1.1813e-07   9.213  -2.93e+03   -9.213   0.349  0.0015    1.3     7.82      29150  0.950
  56    0.0 2.0e-04   0.999      98.39 1.1768e-07   9.213  -2.94e+03   -9.213   0.270  0.0015    1.2     7.89      29680  0.950
  57    0.0 1.9e-04   1.000      97.74 1.1618e-07   9.249  -2.96e+03   -9.249   0.260  0.0006    1.0     8.00      30210  0.950
  58    0.0 1.8e-04   1.000      97.43 1.1702e-07   9.223  -2.96e+03   -9.223   0.274  0.0004    1.0     8.00      30740  0.950
  59    0.0 1.7e-04   1.000      97.25 1.1649e-07   9.249  -2.96e+03   -9.249   0.298  0.0005    1.0     8.00      31270  0.950
  60    0.0 1.6e-04   1.000      97.06 1.1653e-07   9.249  -2.99e+03   -9.249   0.270  0.0006    1.0     8.00      31800  0.950
  61    0.0 1.5e-04   1.000      96.98 1.1648e-07   9.249  -2.98e+03   -9.249   0.242  0.0005    1.0     8.00      32330  0.950
  62    0.0 1.4e-04   0.999      97.04 1.164e-07    9.249  -2.96e+03   -9.249   0.266  0.0006    1.0     8.00      32860  0.950
  63    0.0 1.4e-04   0.999      96.71 1.163e-07    9.249  -2.96e+03   -9.249   0.236  0.0008    1.0     8.00      33390  0.950
  64    0.0 1.3e-04   1.000      96.47 1.1646e-07   9.249  -2.99e+03   -9.249   0.200  0.0005    1.0     8.00      33920  0.950
  65    0.0 1.2e-04   1.000      96.33 1.1664e-07   9.249  -2.96e+03   -9.249   0.213  0.0007    1.0     8.00      34450  0.950
  66    0.0 1.2e-04   0.999      96.23 1.169e-07    9.249  -2.97e+03   -9.249   0.209  0.0011    1.0     8.00      34980  0.950
  67    0.0 1.1e-04   0.999      95.91 1.1659e-07   9.249  -2.96e+03   -9.249   0.177  0.0006    1.0     8.00      35510  0.950
  68    0.0 1.1e-04   0.999      95.92 1.1633e-07   9.249  -2.96e+03   -9.249   0.194  0.0004    1.0     8.00      36040  0.950
  69    0.0 1.0e-04   1.000      95.64 1.1669e-07   9.249  -2.96e+03   -9.249   0.194  0.0001    1.0     8.00      36570  0.950
  70    0.0 9.6e-05   1.000      95.64 1.176e-07    9.213  -2.96e+03   -9.213   0.187  0.0005    1.0     8.00      37100  0.950
  71    0.0 9.1e-05   0.999      95.55 1.1656e-07   9.249  -2.97e+03   -9.249   0.164  0.0003    1.0     8.00      37630  0.950
  72    0.0 8.7e-05   1.001      95.67 1.1652e-07   9.249  -2.97e+03   -9.249   0.164  0.0003    1.0     8.00      38160  0.950
  73    0.0 8.2e-05   1.000      95.72 1.1651e-07   9.249  -2.97e+03   -9.249   0.166  0.0002    1.0     8.00      38690  0.950
  74    0.0 7.8e-05   1.000      95.75 1.1614e-07   9.249  -2.97e+03   -9.249   0.151  0.0002    1.0     8.00      39220  0.950
  75    0.0 7.4e-05   1.000      95.53 1.1614e-07   9.249  -2.97e+03   -9.249   0.138  0.0002    1.0     8.00      39750  0.950
Agent's 2nd state: 
  76    0.0 5.9e-05   0.999      95.46 1.1627e-07   9.249  -2.97e+03   -9.249   0.155  0.0005    1.0     8.00      40280  0.800
Checkpoint saved: bb_costs=95.2387, TD costs=1.16509e-07, CPD=  9.249 (ns) 
  77    0.0 5.6e-05   0.999      95.11 1.1651e-07   9.249  -2.97e+03   -9.249   0.072  0.0002    1.0     8.00      40810  0.950
  78    0.0 4.5e-05   1.000      95.10 1.165e-07    9.249  -2.97e+03   -9.249   0.079  0.0001    1.0     8.00      41340  0.800
  79    0.0 3.6e-05   1.000      95.08 1.1649e-07   9.249  -2.97e+03   -9.249   0.079  0.0001    1.0     8.00      41870  0.800
  80    0.0 2.9e-05   1.000      95.03 1.1644e-07   9.249  -2.97e+03   -9.249   0.068  0.0001    1.0     8.00      42400  0.800
  81    0.0 2.3e-05   1.000      94.99 1.1644e-07   9.249  -2.97e+03   -9.249   0.047  0.0000    1.0     8.00      42930  0.800
  82    0.0 1.8e-05   1.000      94.97 1.1644e-07   9.249  -2.97e+03   -9.249   0.051  0.0000    1.0     8.00      43460  0.800
  83    0.0 1.5e-05   1.000      94.96 1.1644e-07   9.249  -2.97e+03   -9.249   0.049  0.0000    1.0     8.00      43990  0.800
  84    0.0 1.2e-05   1.000      94.95 1.1644e-07   9.249  -2.97e+03   -9.249   0.055  0.0001    1.0     8.00      44520  0.800
  85    0.0 9.5e-06   1.000      94.93 1.1644e-07   9.249  -2.97e+03   -9.249   0.040  0.0001    1.0     8.00      45050  0.800
  86    0.0 7.6e-06   1.000      94.89 1.1644e-07   9.249  -2.97e+03   -9.249   0.036  0.0000    1.0     8.00      45580  0.800
  87    0.0 6.1e-06   1.000      94.89 1.1644e-07   9.249  -2.97e+03   -9.249   0.021  0.0000    1.0     8.00      46110  0.800
  88    0.0 4.8e-06   1.000      94.89 1.1644e-07   9.249  -2.97e+03   -9.249   0.021  0.0000    1.0     8.00      46640  0.800
  89    0.0 0.0e+00   1.000      94.89 1.1644e-07   9.249  -2.97e+03   -9.249   0.021  0.0000    1.0     8.00      47170  0.800
### Placement Quench took 0.01 seconds (max_rss 98.8 MiB)
post-quench CPD = 9.24906 (ns) 

Completed placement consistency check successfully.

Swaps called: 47356

Aborted Move Reasons:
  duplicate block move to location: 26
  macro move to location illegal: 34
  macro_from swap to location illegal: 408

BB estimate of min-dist (placement) wire length: 7557

Placement estimated critical path delay (least slack): 9.24906 ns, Fmax: 108.119 MHz
Placement estimated critical path skew: -0.04243 ns
Placement estimated setup Worst Negative Slack (sWNS): -9.24906 ns
Placement estimated setup Total Negative Slack (sTNS): -2969.26 ns
Placement estimated setup Worst Skew (sWS): -0.04243 ns

Placement estimated setup slack histogram:
[ -9.2e-09: -8.4e-09)  19 (  2.0%) |*
[ -8.4e-09: -7.5e-09)  13 (  1.4%) |*
[ -7.5e-09: -6.7e-09)   0 (  0.0%) |
[ -6.7e-09: -5.8e-09)   0 (  0.0%) |
[ -5.8e-09:   -5e-09)   0 (  0.0%) |
[   -5e-09: -4.1e-09) 113 ( 12.2%) |*********
[ -4.1e-09: -3.3e-09)  53 (  5.7%) |****
[ -3.3e-09: -2.4e-09) 609 ( 65.6%) |***********************************************
[ -2.4e-09: -1.6e-09)  72 (  7.8%) |******
[ -1.6e-09:   -7e-10)  50 (  5.4%) |****

Placement estimated geomean non-virtual intra-domain period: 9.24906 ns (108.119 MHz)
Placement estimated fanout-weighted geomean non-virtual intra-domain period: 9.24906 ns (108.119 MHz)

Placement cost: 1, bb_cost: 94.8899, td_cost: 1.16444e-07, 

Placement resource usage:
  io  implemented as io : 74
  clb implemented as clb: 112

Placement number of temperatures: 89
Placement total # of swap attempts: 47356
	Swaps accepted: 16523 (34.9 %)
	Swaps rejected: 29997 (63.3 %)
	Swaps aborted:   836 ( 1.8 %)


Placement perturbation distribution by block and move type: 
------------------ ----------------- ---------------- ---------------- --------------- ------------ 
    Block Type         Move Type       (%) of Total      Accepted(%)     Rejected(%)    Aborted(%)
------------------ ----------------- ---------------- ---------------- --------------- ------------ 
io                 Uniform                9.65             60.93           39.07          0.00         
                   Median                 9.06             59.85           35.11          5.04         
                   Centroid               9.16             64.28           35.58          0.14         
                   W. Centroid            9.36             63.96           35.88          0.16         
                   W. Median              0.84             15.33           79.15          5.53         

clb                Uniform                14.43            15.70           82.66          1.64         
                   Median                 14.27            25.98           70.77          3.26         
                   Centroid               13.64            20.38           78.09          1.53         
                   W. Centroid            14.18            19.87           78.30          1.83         
                   W. Median              1.26             1.51            94.79          3.70         
                   Crit. Uniform          2.03             0.00            100.00         0.00         
                   Feasible Region        2.14             0.00            99.11          0.89         


Placement Quench timing analysis took 0.00370719 seconds (0.00334594 STA, 0.000361247 slack) (1 full updates: 1 setup, 0 hold, 0 combined).
Placement Total  timing analysis took 0.37231 seconds (0.334457 STA, 0.0378537 slack) (91 full updates: 91 setup, 0 hold, 0 combined).
update_td_costs: connections 0.00173894 nets 0 sum_nets 0.00124185 total 0.00305196
## AP Detailed Placer took 0.84 seconds (max_rss 99.1 MiB, delta_rss +0.3 MiB)
Incr Slack updates 91 in 0.0103658 sec
Full Max Req/Worst Slack updates 29 in 0.000783689 sec
Incr Max Req/Worst Slack updates 62 in 0.00211527 sec
Incr Criticality updates 36 in 0.00830304 sec
Full Criticality updates 55 in 0.0132397 sec
Incr Slack updates 1 in 9.6944e-05 sec
Full Max Req/Worst Slack updates 1 in 3.5001e-05 sec
Incr Max Req/Worst Slack updates 0 in 0 sec
Incr Criticality updates 0 in 0 sec
Full Criticality updates 1 in 0.000254572 sec
# Analytical Placement took 3.71 seconds (max_rss 99.1 MiB, delta_rss +67.5 MiB)


# Routing
RR graph channel widths unchanged, skipping RR graph rebuild
## Initializing router criticalities
Initial Net Connection Criticality Histogram:
[        0:      0.1) 225 (  7.8%) |************
[      0.1:      0.2) 820 ( 28.4%) |*********************************************
[      0.2:      0.3) 501 ( 17.4%) |***************************
[      0.3:      0.4) 859 ( 29.8%) |***********************************************
[      0.4:      0.5) 107 (  3.7%) |******
[      0.5:      0.6)  31 (  1.1%) |**
[      0.6:      0.7)  57 (  2.0%) |***
[      0.7:      0.8)  27 (  0.9%) |*
[      0.8:      0.9)  44 (  1.5%) |**
[      0.9:        1) 212 (  7.4%) |************
## Initializing router criticalities took 0.05 seconds (max_rss 99.1 MiB, delta_rss +0.0 MiB)
---- ------ ------- ---- ------- ------- ------- ----------------- --------------- -------- ---------- ---------- ---------- ---------- --------
Iter   Time    pres  BBs    Heap  Re-Rtd  Re-Rtd Overused RR Nodes      Wirelength      CPD       sTNS       sWNS       hTNS       hWNS Est Succ
      (sec)     fac Updt    push    Nets   Conns                                       (ns)       (ns)       (ns)       (ns)       (ns)     Iter
---- ------ ------- ---- ------- ------- ------- ----------------- --------------- -------- ---------- ---------- ---------- ---------- --------
   1    0.0     0.0    0  105031    1041    2751    1207 ( 3.878%)   12128 (48.6%)    9.199     -3137.     -9.199      0.000      0.000      N/A
   2    0.0     0.5    0  101215     846    2379     960 ( 3.084%)   12126 (48.6%)    8.991     -3052.     -8.991      0.000      0.000      N/A
   3    0.0     0.6    0   99897     720    2066     813 ( 2.612%)   12557 (50.3%)    8.991     -3097.     -8.991      0.000      0.000      N/A
   4    0.0     0.8    0   97450     669    1795     730 ( 2.345%)   12891 (51.6%)    9.199     -3126.     -9.199      0.000      0.000      N/A
   5    0.0     1.1    0  104489     609    1775     639 ( 2.053%)   13187 (52.8%)    8.991     -3133.     -8.991      0.000      0.000      N/A
   6    0.0     1.4    0  108124     560    1600     526 ( 1.690%)   13570 (54.4%)    8.991     -3135.     -8.991      0.000      0.000      N/A
   7    0.0     1.9    0  104681     495    1437     458 ( 1.472%)   13928 (55.8%)    8.991     -3204.     -8.991      0.000      0.000      N/A
   8    0.0     2.4    0  105203     426    1246     362 ( 1.163%)   14308 (57.3%)    9.199     -3273.     -9.199      0.000      0.000      N/A
   9    0.0     3.1    0  100938     380    1006     314 ( 1.009%)   14623 (58.6%)    9.199     -3501.     -9.199      0.000      0.000       41
  10    0.0     4.1    0  114523     352     994     272 ( 0.874%)   15149 (60.7%)    9.394     -3586.     -9.394      0.000      0.000       43
  11    0.0     5.3    0  120444     324     882     254 ( 0.816%)   15536 (62.2%)    9.443     -3635.     -9.443      0.000      0.000       47
  12    0.0     6.9    0  177316     309     931     233 ( 0.749%)   15964 (64.0%)    9.407     -3730.     -9.407      0.000      0.000       53
  13    0.0     9.0    0  141951     240     583     179 ( 0.575%)   16392 (65.7%)    9.804     -3797.     -9.804      0.000      0.000       50
  14    0.0    11.6    0  144527     234     526     173 ( 0.556%)   16787 (67.3%)   10.015     -3820.    -10.015      0.000      0.000       55
  15    0.0    15.1    0  160672     233     565     160 ( 0.514%)   17308 (69.3%)    9.605     -3858.     -9.605      0.000      0.000       57
  16    0.0    19.7    0  147580     223     494     149 ( 0.479%)   17583 (70.4%)   10.254     -3972.    -10.254      0.000      0.000       61
  17    0.0    25.6    0  123550     203     462     108 ( 0.347%)   17889 (71.7%)    9.605     -3863.     -9.605      0.000      0.000       56
  18    0.0    33.3    0  135476     178     391     116 ( 0.373%)   18127 (72.6%)    9.800     -3912.     -9.800      0.000      0.000       58
  19    0.0    43.3    0  155905     200     430     125 ( 0.402%)   18329 (73.4%)   10.031     -3930.    -10.031      0.000      0.000       64
  20    0.0    56.2    0  165195     193     460     129 ( 0.414%)   18528 (74.2%)   11.269     -4071.    -11.269      0.000      0.000       75
  21    0.0    73.1    0  190560     184     400     104 ( 0.334%)   18688 (74.9%)   10.921     -4029.    -10.921      0.000      0.000       77
  22    0.0    95.0    0  202443     174     402     104 ( 0.334%)   18871 (75.6%)   10.433     -4070.    -10.433      0.000      0.000       86
  23    0.0   123.5    0  199263     166     357     107 ( 0.344%)   18871 (75.6%)   11.443     -4082.    -11.443      0.000      0.000       93
  24    0.1   160.6    0  282985     174     445     105 ( 0.337%)   19002 (76.1%)   12.145     -4111.    -12.145      0.000      0.000      115
  25    0.1   208.8    0  258509     170     487      91 ( 0.292%)   19260 (77.2%)   11.136     -4085.    -11.136      0.000      0.000      114
  26    0.0   271.4    0  184621     165     366      93 ( 0.299%)   19318 (77.4%)   11.320     -4094.    -11.320      0.000      0.000      124
  27    0.0   352.8    0  193642     161     372      91 ( 0.292%)   19354 (77.5%)   11.448     -4133.    -11.448      0.000      0.000      128
  28    0.0   458.7    0  187910     154     344      88 ( 0.283%)   19502 (78.1%)   11.320     -4128.    -11.320      0.000      0.000      143
  29    0.1   596.3    0  262553     163     409      89 ( 0.286%)   19519 (78.2%)   12.820     -4185.    -12.820      0.000      0.000      149
  30    0.1   775.1    0  220262     152     329      95 ( 0.305%)   19676 (78.8%)   12.820     -4183.    -12.820      0.000      0.000      182
  31    0.1  1000.0    0  210223     159     341      95 ( 0.305%)   19536 (78.3%)   12.820     -4189.    -12.820      0.000      0.000      200
  32    0.1  1000.0    0  245917     161     362      87 ( 0.280%)   19790 (79.3%)   13.862     -4513.    -13.862      0.000      0.000      239
  33    0.1  1000.0    0  221603     128     345      87 ( 0.280%)   19872 (79.6%)   13.990     -4567.    -13.990      0.000      0.000      246
  34    0.0  1000.0    0  159290     133     290      78 ( 0.251%)   19871 (79.6%)   13.990     -4562.    -13.990      0.000      0.000      217
  35    0.0  1000.0    0  153012     125     291      74 ( 0.238%)   19986 (80.1%)   14.511     -4482.    -14.511      0.000      0.000      208
  36    0.0  1000.0    0  158579     133     305      64 ( 0.206%)   19993 (80.1%)   14.511     -4498.    -14.511      0.000      0.000      185
  37    0.0  1000.0    0  152278     123     250      61 ( 0.196%)   19947 (79.9%)   14.944     -4511.    -14.944      0.000      0.000      173
  38    0.0  1000.0    0  152902     106     281      60 ( 0.193%)   19979 (80.0%)   14.526     -4772.    -14.526      0.000      0.000      167
  39    0.0  1000.0    0  120998     104     234      47 ( 0.151%)   19936 (79.9%)   14.526     -4991.    -14.526      0.000      0.000      151
  40    0.0  1000.0    0  124584     106     228      53 ( 0.170%)   20028 (80.2%)   14.526     -4979.    -14.526      0.000      0.000      150
  41    0.0  1000.0    0  123599      92     210      48 ( 0.154%)   19983 (80.1%)   14.526     -4979.    -14.526      0.000      0.000      144
  42    0.0  1000.0    0  136110     106     256      51 ( 0.164%)   19888 (79.7%)   14.526     -4991.    -14.526      0.000      0.000      139
  43    0.0  1000.0    0  110887      91     223      44 ( 0.141%)   20009 (80.2%)   14.526     -5022.    -14.526      0.000      0.000      135
  44    0.0  1000.0    0  130473      97     215      45 ( 0.145%)   20080 (80.4%)   14.526     -5026.    -14.526      0.000      0.000      131
  45    0.0  1000.0    0  186519      91     398      43 ( 0.138%)   19977 (80.0%)   14.526     -5036.    -14.526      0.000      0.000      131
  46    0.0  1000.0    0  180141      91     414      44 ( 0.141%)   20041 (80.3%)   14.526     -4993.    -14.526      0.000      0.000      131
  47    0.0  1000.0    0  148028      90     207      38 ( 0.122%)   20089 (80.5%)   14.526     -5010.    -14.526      0.000      0.000      129
  48    0.0  1000.0    0  120575      80     184      42 ( 0.135%)   20101 (80.5%)   14.526     -5008.    -14.526      0.000      0.000      130
  49    0.1  1000.0    0  194800     105     254      56 ( 0.180%)   20211 (81.0%)   14.526     -5028.    -14.526      0.000      0.000      140
  50    0.1  1000.0    0  191505      92     262      51 ( 0.164%)   20225 (81.0%)   14.526     -5025.    -14.526      0.000      0.000      145
Routing failed.

Failed routing attempt
Total number of overused nodes: 51
Total number of overused nodes is larger than the logging limit (20).
Displaying the first 20 entries.
Routing Failure Diagnostics: Printing Overused Nodes Information
------ ------- ---------- --------- -------- ------------ ------- ------- ------- ------- ------- ------- -------
   No.  NodeId  Occupancy  Capacity  RR Node    Direction    Side     PTC   Block    Xlow    Ylow   Xhigh   Yhigh
                                        type                          NUM    Name                                 
------ ------- ---------- --------- -------- ------------ ------- ------- ------- ------- ------- ------- -------
     0    7880          2         1     IPIN          N/A    LEFT      15     clb       5       2       5       2
     1   12216          2         1     IPIN          N/A    LEFT      43     clb       7       2       7       2
     2   12496          2         1     IPIN          N/A    LEFT      23     clb       7       4       7       4
     3   12654          2         1     IPIN          N/A    LEFT      31     clb       7       5       7       5
     4   12669          2         1     IPIN          N/A  BOTTOM      46     clb       7       5       7       5
     5   14115          2         1     IPIN          N/A  BOTTOM      46     clb       8       2       8       2
     6   14260          2         1     IPIN          N/A   RIGHT      41     clb       8       3       8       3
     7   14273          2         1     IPIN          N/A  BOTTOM      54     clb       8       3       8       3
     8   14393          2         1     IPIN          N/A     TOP      24     clb       8       4       8       4
     9   14426          2         1     IPIN          N/A   RIGHT      57     clb       8       4       8       4
    10   15978          2         1     IPIN          N/A   RIGHT      13     clb       9       2       9       2
    11   16013          2         1     IPIN          N/A     TOP      48     clb       9       2       9       2
    12   16130          2         1     IPIN          N/A    LEFT      15     clb       9       3       9       3
    13   16135          2         1     IPIN          N/A     TOP      20     clb       9       3       9       3
    14   16144          2         1     IPIN          N/A   RIGHT      29     clb       9       3       9       3
    15   16314          2         1     IPIN          N/A   RIGHT      49     clb       9       4       9       4
    16   16756          2         1     IPIN          N/A   RIGHT      41     clb       9       7       9       7
    17   17752          2         1     IPIN          N/A   RIGHT      41     clb      10       1      10       1
    18   18029          2         1     IPIN          N/A  BOTTOM      18     clb      10       3      10       3
    19   18032          2         1     IPIN          N/A   RIGHT      21     clb      10       3      10       3

Final Net Connection Criticality Histogram:
[        0:      0.1) 589 ( 20.4%) |****************************************
[      0.1:      0.2) 533 ( 18.5%) |************************************
[      0.2:      0.3) 692 ( 24.0%) |***********************************************
[      0.3:      0.4) 495 ( 17.2%) |**********************************
[      0.4:      0.5) 173 (  6.0%) |************
[      0.5:      0.6)  83 (  2.9%) |******
[      0.6:      0.7)  63 (  2.2%) |****
[      0.7:      0.8)  57 (  2.0%) |****
[      0.8:      0.9) 119 (  4.1%) |********
[      0.9:        1)  79 (  2.7%) |*****
Router Stats: total_nets_routed: 12311 total_connections_routed: 32234 total_heap_pushes: 7918938 total_heap_pops: 2936113 
Serial Connection Router is being destroyed. Time spent on path search: 1.438 seconds.
# Routing took 2.07 seconds (max_rss 99.1 MiB, delta_rss +0.0 MiB)
Circuit is unroutable with a channel width factor of 80.
For a detailed report on the RR node overuse information (report_overused_nodes.rpt), specify --generate_rr_node_overuse_report on.
Incr Slack updates 51 in 0.00514631 sec
Full Max Req/Worst Slack updates 13 in 0.000358673 sec
Incr Max Req/Worst Slack updates 38 in 0.00134687 sec
Incr Criticality updates 20 in 0.00443597 sec
Full Criticality updates 31 in 0.00791536 sec

*****************************************************************************************
Warning 10: The following analysis results are for an illegal circuit implementation
*****************************************************************************************
Warning 11: Synchronization between packing and routing results was not applied due to illegal circuit implementation


Average number of bends per net: 2.81172  Maximum # of bends: 55

Number of global nets: 3
Number of routed nets (nonglobal): 1041
Wire length results (in units of 1 clb segments)...
	Total wirelength: 20225, average net length: 19.4284
	Maximum net length: 543

Wire length results in terms of physical segments...
	Total wiring segments used: 5566, average wire segments per net: 5.34678
	Maximum segments used by a net: 140
	Total local nets with reserved CLB opins: 0
Total number of nets absorbed: 9

Routing channel utilization histogram:
[        1:      inf)   1 (  0.3%) |
[      0.9:        1)  78 ( 23.1%) |*********************************
[      0.8:      0.9)  99 ( 29.3%) |******************************************
[      0.7:      0.8) 110 ( 32.5%) |***********************************************
[      0.5:      0.6)  18 (  5.3%) |********
[      0.4:      0.5)   6 (  1.8%) |***
[      0.3:      0.4)   0 (  0.0%) |
[      0.2:      0.3)   0 (  0.0%) |
[      0.1:      0.2)   0 (  0.0%) |
[        0:      0.1)  26 (  7.7%) |***********
Maximum routing channel utilization:         1 at (6,1)

X - Directed channels: layer   y   max occ   ave occ   ave cap
                        ----- ---- -------- -------- --------
                            0    0       80   77.583       80
                            0    1       81   70.583       80
                            0    2       80   72.583       80
                            0    3       77   69.667       80
                            0    4       78   71.167       80
                            0    5       76   65.667       80
                            0    6       77   66.417       80
                            0    7       72   64.417       80
                            0    8       72   63.917       80
                            0    9       68   62.083       80
                            0   10       67   55.333       80
                            0   11       58   50.583       80
                            0   12       79   69.333       80
Y - Directed channels: layer   x   max occ   ave occ   ave cap
                        ----- ---- -------- -------- --------
                            0    0       79   72.500       80
                            0    1       66   52.917       80
                            0    2       68   55.667       80
                            0    3       68   58.833       80
                            0    4       77   66.583       80
                            0    5       72   61.500       80
                            0    6       73   63.750       80
                            0    7       70   63.250       80
                            0    8       72   63.583       80
                            0    9       76   66.417       80
                            0   10       76   65.583       80
                            0   11       77   63.917       80
                            0   12       80   71.583       80

Total existing wires segments: CHANX     12480, CHANY     12480, CHANZ         0, ALL     24960
Total used wires segments:     CHANX     10312, CHANY      9913, CHANZ         0, ALL     20225
Usage percentage:              CHANX     82.6%, CHANY     79.4%, CHANZ      0.0%, ALL     81.0%

Logic area (in minimum width transistor areas, excludes I/Os and empty grid tiles)...
	Total logic block area (Warning, need to add pitch of routing to blocks with height > 3): 4.93594e+06
	Total used logic block area: 3.12536e+06

Routing area (in minimum width transistor areas)...
	Total routing area: 1.20987e+06, per logic tile: 6172.79

Total Number of Wiring Segments by Direction: direction length number
                                              --------- ------ -------
                                                      X      4   3412
                                                      Y      4   3412
                                                      X     16    210
                                                      Y     16    210

X - Directed Wiring Segment usage by length: length utilization
                                             ------ -----------
                                             4       0.775
                                            16       0.843

Y - Directed Wiring Segment usage by length: length utilization
                                             ------ -----------
                                             4       0.761
                                            16       0.695

Segment occupancy by length: Length Occupancy Capacity Utilization
                             ------ --------- -------- -----------
                             L4          5243     6824       0.768
                             L16          323      420       0.769

Segment occupancy by type: name type utilization
                           ---- ---- -----------
                             L4    0       0.768
                            L16    1       0.769

Final hold Worst Negative Slack (hWNS): 0 ns
Final hold Total Negative Slack (hTNS): 0 ns
Final hold Worst Skew (hWS): 0 ns

Final hold slack histogram:
[  1.9e-10:    5e-10) 827 ( 89.0%) |***********************************************
[    5e-10:    8e-10)  43 (  4.6%) |**
[    8e-10:  1.1e-09)  30 (  3.2%) |**
[  1.1e-09:  1.4e-09)  15 (  1.6%) |*
[  1.4e-09:  1.7e-09)   7 (  0.8%) |
[  1.7e-09:    2e-09)   5 (  0.5%) |
[    2e-09:  2.3e-09)   1 (  0.1%) |
[  2.3e-09:  2.6e-09)   0 (  0.0%) |
[  2.6e-09:  2.9e-09)   0 (  0.0%) |
[  2.9e-09:  3.2e-09)   1 (  0.1%) |

Final critical path delay (least slack): 14.5263 ns, Fmax: 68.8408 MHz
Final critical path skew: -0.04243 ns
Final setup Worst Negative Slack (sWNS): -14.5263 ns
Final setup Total Negative Slack (sTNS): -5025.4 ns
Final setup Worst Skew (sWS): -0.04243 ns

Final setup slack histogram:
[ -1.5e-08: -1.3e-08)  16 (  1.7%) |**
[ -1.3e-08: -1.2e-08)   5 (  0.5%) |*
[ -1.2e-08:   -1e-08)  24 (  2.6%) |***
[   -1e-08: -8.9e-09)  43 (  4.6%) |******
[ -8.9e-09: -7.5e-09)  84 (  9.0%) |************
[ -7.5e-09: -6.1e-09) 128 ( 13.8%) |******************
[ -6.1e-09: -4.7e-09) 177 ( 19.1%) |*************************
[ -4.7e-09: -3.3e-09) 328 ( 35.3%) |***********************************************
[ -3.3e-09: -1.9e-09)  87 (  9.4%) |************
[ -1.9e-09: -4.9e-10)  37 (  4.0%) |*****

Final geomean non-virtual intra-domain period: 14.5263 ns (68.8408 MHz)
Final fanout-weighted geomean non-virtual intra-domain period: 14.5263 ns (68.8408 MHz)

Incr Slack updates 1 in 0.000100466 sec
Full Max Req/Worst Slack updates 1 in 2.8478e-05 sec
Incr Max Req/Worst Slack updates 0 in 0 sec
Incr Criticality updates 0 in 0 sec
Full Criticality updates 1 in 0.000277527 sec
VPR failed to implement circuit
The entire flow of VPR took 6.09 seconds (max_rss 99.1 MiB)

