VPR FPGA Placement and Routing.
Version: 9.0.0-dev+v8.0.0-18248-g40f8d19708
Revision: v8.0.0-18248-g40f8d19708
Compiled: 2026-09-22T03:43:48
Compiler: GNU 13.3.0 on Linux-5.15.0-119-generic x86_64
Build Info: release IPO VTR_ASSERT_LEVEL=2

University of Toronto
verilogtorouting.org
vtr-users@googlegroups.com
This is free open source code under MIT license.

VPR was run with the following command-line:
/inspire/hdd/project/project-public/changshunjie-253114010247/changshunjie-253114010247/workspace/DAC2027/vtr/vtr-verilog-to-routing/vpr/vpr /inspire/hdd/project/project-public/changshunjie-253114010247/changshunjie-253114010247/workspace/DAC2027/vtr/vtr-verilog-to-routing/vtr_flow/arch/COFFE_22nm/k6FracN10LB_mem20K_complexDSP_customSB_22nm.xml /inspire/hdd/project/project-public/changshunjie-253114010247/changshunjie-253114010247/workspace/DAC2027/TailCompile/experiments/vtr/runs/pilot_v1/sha/full-seed1-w300/sha.pre-vpr.blif --analytical_place --route --analysis --ap_full_legalizer flat-recon --ap_detailed_placer annealer --seed 12 --route_chan_width 100 --write_flat_place /inspire/hdd/project/project-public/changshunjie-253114010247/changshunjie-253114010247/workspace/DAC2027/TailCompile/vtr_work/tailcompile_v3/sha/4x4/gnn_candidate-fpb97d9635-flat-recon-annealer-seed12-w100-devw14/post_route.fplace --write_legalized_flat_place /inspire/hdd/project/project-public/changshunjie-253114010247/changshunjie-253114010247/workspace/DAC2027/TailCompile/vtr_work/tailcompile_v3/sha/4x4/gnn_candidate-fpb97d9635-flat-recon-annealer-seed12-w100-devw14/post_legalizer.fplace --flat_place_verbosity 1 --device_width 14 --net_file /inspire/hdd/project/project-public/changshunjie-253114010247/changshunjie-253114010247/workspace/DAC2027/TailCompile/vtr_work/tailcompile_v3/sha/4x4/gnn_candidate-fpb97d9635-flat-recon-annealer-seed12-w100-devw14/sha.locked-input.net --read_flat_place /inspire/hdd/global_user/changshunjie-253114010247/workspace/DAC2027/TailCompile/experiments/vtr/tailcompile_v3/sha/4x4/pools/bootstrap_24/candidate_00_seed12027.fplace

Using up to 1 parallel worker(s)

Architecture file: /inspire/hdd/project/project-public/changshunjie-253114010247/changshunjie-253114010247/workspace/DAC2027/vtr/vtr-verilog-to-routing/vtr_flow/arch/COFFE_22nm/k6FracN10LB_mem20K_complexDSP_customSB_22nm.xml
Circuit name: sha.pre-vpr

# Loading Architecture Description
# Loading Architecture Description took 0.04 seconds (max_rss 18.9 MiB, delta_rss +0.0 MiB)

Timing analysis: ON
Circuit netlist file: /inspire/hdd/project/project-public/changshunjie-253114010247/changshunjie-253114010247/workspace/DAC2027/TailCompile/vtr_work/tailcompile_v3/sha/4x4/gnn_candidate-fpb97d9635-flat-recon-annealer-seed12-w100-devw14/sha.locked-input.net
Circuit placement file: sha.pre-vpr.place
Circuit routing file: sha.pre-vpr.route
Circuit SDC file: sha.pre-vpr.sdc
Vpr floorplanning constraints file: not specified

Packer: DISABLED
Placer: DISABLED
Analytical Placer: ENABLED
Router: ENABLED
Analysis: ENABLED

VPR was run with the following options:

netlist_opts.absorb_buffer_luts            : true
netlist_opts.sweep_dangling_primary_ios    : true
netlist_opts.sweep_dangling_nets           : true
netlist_opts.sweep_dangling_blocks         : true
netlist_opts.sweep_constant_primary_outputs: false
netlist_opts.netlist_verbosity             : 1
netlist_opts.const_gen_inference           : COMB_SEQ

AnalyticalPlacerOpts.analytical_solver_type: lp-b2b
AnalyticalPlacerOpts.partial_legalizer_type: bipartitioning
AnalyticalPlacerOpts.full_legalizer_type: flat-recon
AnalyticalPlacerOpts.detailed_placer_type: annealer
AnalyticalPlacerOpts.ap_timing_tradeoff: 0.500000
AnalyticalPlacerOpts.ap_high_fanout_threshold: 256
AnalyticalPlacerOpts.log_verbosity: 1
router_opts.route_type: DETAILED
router_opts.flat_routing: false
router_opts.choke_points: on
router_opts.router_algorithm: TIMING_DRIVEN
router_opts.base_cost_type: DELAY_NORMALIZED_LENGTH
router_opts.fixed_channel_width: 100
router_opts.check_route: FULL
router_opts.acc_fac: 1.000000
router_opts.bb_factor: 3
router_opts.bend_cost: 0.000000
router_opts.first_iter_pres_fac: 0.000000
router_opts.initial_pres_fac: 0.500000
router_opts.pres_fac_mult: 1.300000
router_opts.max_pres_fac: 1000.000000
router_opts.max_router_iterations: 50
router_opts.min_incremental_reroute_fanout: 16
router_opts.initial_acc_cost_chan_congestion_threshold: 0.500000
router_opts.initial_acc_cost_chan_congestion_weight: 0.500000
router_opts.do_check_rr_graph: true
router_opts.verify_binary_search: false
router_opts.min_channel_width_hint: 0
router_opts.read_rr_edge_metadata: false
router_opts.exit_after_first_routing_iteration: false
router_opts.astar_fac: 1.200000
router_opts.astar_offset: 0.000000
router_opts.router_profiler_astar_fac: 1.200000
router_opts.enable_parallel_connection_router: false
router_opts.post_target_prune_fac: 1.200000
router_opts.post_target_prune_offset: 0
router_opts.multi_queue_num_threads: 1
router_opts.multi_queue_num_queues: 2
router_opts.multi_queue_direct_draining: false
router_opts.criticality_exp: 1.000000
router_opts.max_criticality: 0.990000
router_opts.init_wirelength_abort_threshold: 0.850000
router_opts.incr_reroute_delay_ripup: AUTO
router_opts.save_routing_per_iteration: false
router_opts.congested_routing_iteration_threshold_frac: 1.000000
router_opts.high_fanout_threshold: 64
router_opts.router_debug_net: -2
router_opts.router_debug_sink_rr: -2
router_opts.router_debug_iteration: -2
router_opts.max_convergence_count: 1
router_opts.reconvergence_cpd_threshold: 0.990000
router_opts.update_lower_bound_delays: true
router_opts.first_iteration_timing_report_file: 
router_opts.route_bb_update: DYNAMIC
router_opts.lookahead_type: MAP
router_opts.initial_timing: LOOKAHEAD
router_opts.router_heap: FOUR_ARY_HEAP
router_opts.routing_failure_predictor = SAFE
router_opts.routing_predictor_min_history: 8
router_opts.routing_budgets_algorithm = DISABLE

analysis_opts.gen_post_synthesis_netlist: false
analysis_opts.gen_post_implementation_merged_netlist: false
analysis_opts.gen_post_implementation_sdc: false
analysis_opts.timing_report_npaths: 100
analysis_opts.timing_report_skew: false
analysis_opts.echo_dot_timing_graph_node: -1
analysis_opts.timing_report_detail: NETLIST
analysis_opts.post_synth_netlist_unconn_input_handling: UNCONNECTED
analysis_opts.post_synth_netlist_unconn_output_handling: UNCONNECTED
analysis_opts.post_synth_netlist_module_parameters: on

# Building complex block graph
# Building complex block graph took 0.10 seconds (max_rss 24.6 MiB, delta_rss +5.7 MiB)
Circuit file: /inspire/hdd/project/project-public/changshunjie-253114010247/changshunjie-253114010247/workspace/DAC2027/TailCompile/experiments/vtr/runs/pilot_v1/sha/full-seed1-w300/sha.pre-vpr.blif
# Load circuit
Found 3 constant generator(s) in the netlist (2 constant-zero, 1 constant-one) (run with --netlist_verbosity 2 to list names)
# Load circuit took 0.02 seconds (max_rss 28.3 MiB, delta_rss +3.7 MiB)
# Clean circuit
Absorbed 0 LUT buffers
Found 22 primitive output pin(s) driven only by constants; marked them as constants
Swept input(s)      : 0
Swept output(s)     : 0 (0 dangling, 0 constant)
Swept net(s)        : 22
Swept block(s)      : 0
Constant Pins Marked: 22
# Clean circuit took 0.00 seconds (max_rss 28.3 MiB, delta_rss +0.0 MiB)
# Compress circuit
# Compress circuit took 0.00 seconds (max_rss 28.3 MiB, delta_rss +0.0 MiB)
# Verify circuit
# Verify circuit took 0.00 seconds (max_rss 28.3 MiB, delta_rss +0.0 MiB)
Circuit Statistics:
  Blocks: 2491
    .input :      38
    .latch :     893
    .names :    1215
        0-LUT:       2
        1-LUT:       1
        2-LUT:      63
        3-LUT:     106
        4-LUT:      88
        5-LUT:     314
        6-LUT:     641
    .output:      36
    adder  :     309
  Nets  : 2742
    Avg Fanout:     3.3
    Max Fanout:   893.0
    Min Fanout:     1.0
  Netlist Clocks: 1
# Build Timing Graph
  Timing Graph Nodes: 11695
  Timing Graph Edges: 18725
  Timing Graph Levels: 84
# Build Timing Graph took 0.01 seconds (max_rss 31.7 MiB, delta_rss +3.1 MiB)
Netlist contains 1 clocks
  Netlist Clock 'clk_i' Fanout: 893 pins (7.6%), 893 blocks (35.8%)
# Load Timing Constraints

SDC file 'sha.pre-vpr.sdc' not found
Setting default timing constraints:
   * constrain all primary inputs and primary outputs on netlist clock 'clk_i'
   * optimize netlist clock to run as fast as possible
Timing constraints created 1 clocks
  Constrained Clock 'clk_i' Source: 'clk_i.inpad[0]'

# Load Timing Constraints took 0.00 seconds (max_rss 31.7 MiB, delta_rss +0.0 MiB)
# Analytical Placement
## Prepacker

There is one chain in this architecture called "chain" with the following starting points:
	clb[0]/lab[0]/fle[0]/ble5[0]/arithmetic[0]/adder[0].cin[0]

## Prepacker took 0.00 seconds (max_rss 32.0 MiB, delta_rss +0.3 MiB)
## Initializing Pre-Cluster Timing
Using inter-cluster delay: 2.1832e-09
## Initializing Pre-Cluster Timing took 0.19 seconds (max_rss 32.6 MiB, delta_rss +0.6 MiB)
## Estimate Device Size
Device layout 'auto' with fixed width 14.
FPGA sized to 14 x 14: 196 grid tiles (auto)
## Estimate Device Size took 0.00 seconds (max_rss 32.6 MiB, delta_rss +0.0 MiB)
## Ram Mapper
Flat Placement is provided, skipping the RAM mapping.
## Ram Mapper took 0.00 seconds (max_rss 32.6 MiB, delta_rss +0.0 MiB)
## Read Atom Netlist to AP Netlist
## Read Atom Netlist to AP Netlist took 0.01 seconds (max_rss 36.4 MiB, delta_rss +3.8 MiB)
Analytical Placement Netlist Statistics:
	AP Blocks: 1315
		Moveable AP Blocks: 1315
		Fixed AP Blocks: 0
	AP Nets: 1563
		Average Fanout: 4.51
		Highest Fanout: 194
	AP Pins: 11695

## Computing placement delta delay look-up
### Build routing resource graph
### Build routing resource graph took 0.10 seconds (max_rss 46.0 MiB, delta_rss +9.5 MiB)
  RR Graph Nodes: 32900
  RR Graph Edges: 234890
### Computing router lookahead map
#### Computing wire lookahead
#### Computing wire lookahead took 0.04 seconds (max_rss 46.2 MiB, delta_rss +0.0 MiB)
#### Computing src/opin lookahead
Warning 1: Found no more sample locations for SOURCE in io
Warning 2: Found no more sample locations for OPIN in io
Warning 3: Found no more sample locations for SOURCE in clb
Warning 4: Found no more sample locations for OPIN in clb
Warning 5: Found no more sample locations for SOURCE in dsp_top
Warning 6: Found no more sample locations for OPIN in dsp_top
Warning 7: Found no more sample locations for SOURCE in memory
Warning 8: Found no more sample locations for OPIN in memory
#### Computing src/opin lookahead took 0.00 seconds (max_rss 46.2 MiB, delta_rss +0.0 MiB)
### Computing router lookahead map took 0.04 seconds (max_rss 46.2 MiB, delta_rss +0.0 MiB)
Serial Connection Router is being destroyed. Time spent on path search: 0.000 seconds.
## Computing placement delta delay look-up took 0.15 seconds (max_rss 46.2 MiB, delta_rss +9.8 MiB)
Flat Placement is provided in the AP flow, skipping the Global Placement.
0 of 1315 molecules placed at device center (no atoms of these molecules found in flat placement).
## AP Full Legalizer
### Creating Clusters
Device (width, height): (14,14)
#### Sorting and Grouping Blocks by Tile
#### Sorting and Grouping Blocks by Tile took 0.00 seconds (max_rss 46.5 MiB, delta_rss +0.0 MiB)
#### Reconstruction Pass Clustering
#### Reconstruction Pass Clustering took 2.09 seconds (max_rss 50.2 MiB, delta_rss +3.8 MiB)
#### Orphan Window Clustering with search radius 8
#### Orphan Window Clustering with search radius 8 took 0.01 seconds (max_rss 50.2 MiB, delta_rss +0.0 MiB)
FPGA sized to 14 x 14: 196 grid tiles (auto)
Device Utilization: 0.62 (target 1.00)
	Block Utilization: 0.19 Type: io
	Block Utilization: 0.93 Type: clb

----------------------------------------------------------------
                       Clustering Summary                       
----------------------------------------------------------------
Clusters created (Self Clustering)                       : 185
    clb        : 111
    io         : 74
Clusters created (Orphan Window Clustering)              : 1
    clb        : 1
Total clusters                                           : 186
Percent of clusters created in Orphan Window Clustering  : 0.54%
Molecules clustered in each stage breakdown  : (Total of 1315)
	Self Clustering          (0.996958)  : 1311
 	Neighbor Clustering      (0.000000)  : 0
	Orphan Window Clustering (0.003042)  : 4
----------------------------------------------------------------

Final Clustering Statistics: 
----------   --------   ------------------------------------   --------------------------
Block Type   # Blocks   Avg. # of input clocks and pins used   Avg. # of output pins used
----------   --------   ------------------------------------   --------------------------
     EMPTY          0                                      0                            0   
        io         74                               0.486486                     0.513514   
       clb        112                                25.4196                      8.98214   
   dsp_top          0                                      0                            0   
    memory          0                                      0                            0   
Absorbed logical nets 1698 out of 2742 nets, 1044 nets not absorbed.
#### Load packing
##### Loading packed FPGA netlist file.
Netlist generated from file '/inspire/hdd/project/project-public/changshunjie-253114010247/changshunjie-253114010247/workspace/DAC2027/TailCompile/vtr_work/tailcompile_v3/sha/4x4/gnn_candidate-fpb97d9635-flat-recon-annealer-seed12-w100-devw14/sha.locked-input.net'.
Detected 2 constant generators (to see names run with higher pack verbosity)
##### Loading packed FPGA netlist file. took 0.18 seconds (max_rss 61.8 MiB, delta_rss +5.7 MiB)
Warning 9: Treated 2 constant nets as global which will not be routed (to see net names increase packer verbosity).
Netlist contains 33 global net to non-global architecture pin connections
Completed clustering consistency check successfully.
Cluster level netlist and block usage statistics
Netlist num_nets: 1044
Netlist num_blocks: 186
Netlist EMPTY blocks: 0.
Netlist io blocks: 74.
Netlist clb blocks: 112.
Netlist dsp_top blocks: 0.
Netlist memory blocks: 0.
Netlist inputs pins: 38
Netlist output pins: 36

Pb types usage...
  io               : 74
   inpad           : 38
   outpad          : 36
  clb              : 112
   lab             : 112
    fle            : 1086
     ble5          : 882
      flut5        : 573
       lut5        : 573
        lut        : 573
       ff          : 353
      arithmetic   : 309
       adder       : 309
     ble6          : 642
      lut6         : 642
       lut         : 642
      ff           : 540

#### Load packing took 0.25 seconds (max_rss 96.8 MiB, delta_rss +40.6 MiB)
Netlist contains 33 global net to non-global architecture pin connections
Cluster level netlist and block usage statistics
Netlist num_nets: 1044
Netlist num_blocks: 186
Netlist EMPTY blocks: 0.
Netlist io blocks: 74.
Netlist clb blocks: 112.
Netlist dsp_top blocks: 0.
Netlist memory blocks: 0.
Netlist inputs pins: 38
Netlist output pins: 36
### Creating Clusters took 2.45 seconds (max_rss 96.8 MiB, delta_rss +50.3 MiB)
Completed clustering consistency check successfully.
FPGA sized to 14 x 14: 196 grid tiles (auto)
### Compressed grid construction
### Compressed grid construction took 0.00 seconds (max_rss 96.8 MiB, delta_rss +0.0 MiB)
### Initial Placement
Placing clusters that are part of larger macros...
Number of blocks to be placed: 18
Max distance on device: 28
---- ---------- ---------- -------------
Pass Max Displ. Num Blocks Num Blocks   
     Threshold  Placed     Left Unplaced
---- ---------- ---------- -------------
   0          0         16             2
   1          1          2             0

Placing general clusters...
Number of blocks to be placed: 168
Max distance on device: 28
---- ---------- ---------- -------------
Pass Max Displ. Num Blocks Num Blocks   
     Threshold  Placed     Left Unplaced
---- ---------- ---------- -------------
   0          0        161             7
   1          1          1             6
   2          2          0             6
   3          4          2             4
   4          8          3             1
   5         16          1             0

### Initial Placement took 0.00 seconds (max_rss 96.8 MiB, delta_rss +0.0 MiB)
Flat Placement Reconstruction Info:
	Percent of clusters with reconstruction errors: 0.537634
	Total displacement of initial placement from flat placement: 1634.000000
	Average atom displacement of initial placement from flat placement: 0.655961
	Max atom displacement of initial placement from flat placement: 13.000000
	Percent of atoms misplaced from the flat placement: 18.546768
## AP Full Legalizer took 2.45 seconds (max_rss 96.8 MiB, delta_rss +50.3 MiB)

Resource usage...
	Netlist
		74	blocks of type: io
	Architecture
		384	blocks of type: io
	Netlist
		112	blocks of type: clb
	Architecture
		120	blocks of type: clb
	Netlist
		0	blocks of type: dsp_top
	Architecture
		3	blocks of type: dsp_top
	Netlist
		0	blocks of type: memory
	Architecture
		6	blocks of type: memory

Device Utilization: 0.62 (target 1.00)
	Physical Tile io:
	Block Utilization: 0.19 Logical Block: io
	Physical Tile clb:
	Block Utilization: 0.93 Logical Block: clb
	Physical Tile dsp_top:
	Block Utilization: 0.00 Logical Block: dsp_top
	Physical Tile memory:
	Block Utilization: 0.00 Logical Block: memory

## Computing placement delta delay look-up
RR graph channel widths unchanged, skipping RR graph rebuild
Serial Connection Router is being destroyed. Time spent on path search: 0.000 seconds.
## Computing placement delta delay look-up took 0.00 seconds (max_rss 96.8 MiB, delta_rss +0.0 MiB)
Using simple RL 'Softmax agent' for choosing move and block types

Completed placement consistency check successfully.
Initial placement cost: 1 bb_cost: 113.748 td_cost: 6.58951e-07
Initial placement BB estimate of wirelength: 11352.8
Initial placement estimated Critical Path Delay (CPD): 11.4209 ns
Initial placement estimated setup Total Negative Slack (sTNS): -3077.98 ns
Initial placement estimated setup Worst Negative Slack (sWNS): -11.4209 ns

Initial placement estimated setup slack histogram:
[ -1.1e-08:   -1e-08)   9 (  1.0%) |*
[   -1e-08: -9.3e-09)  23 (  2.5%) |**
[ -9.3e-09: -8.2e-09)   0 (  0.0%) |
[ -8.2e-09: -7.2e-09)   0 (  0.0%) |
[ -7.2e-09: -6.1e-09)   0 (  0.0%) |
[ -6.1e-09: -5.1e-09)   0 (  0.0%) |
[ -5.1e-09:   -4e-09) 128 ( 13.8%) |************
[   -4e-09: -2.9e-09) 492 ( 53.0%) |***********************************************
[ -2.9e-09: -1.9e-09) 218 ( 23.5%) |*********************
[ -1.9e-09:   -8e-10)  59 (  6.4%) |******
Placement contains 9 placement macros involving 18 blocks (average macro size 2.000000)

Moves per temperature: 530
## AP Detailed Placer

---- ------ ------- ------- ---------- ---------- ------- ---------- -------- ------- ------- ------ -------- --------- ------
Tnum  Time     T    AvCost  Av BB Cost Av TD Cost   CPD      sTNS      sWNS   AcRate  StdDev  R lim  CritExp  TotMoves  Alpha 
     (sec)                                          (ns)     (ns)      (ns)                                                   
---- ------ ------- ------- ---------- ---------- ------- ---------- -------- ------- ------- ------ -------- --------- ------
   1    0.0 3.9e-03   1.030     109.61 6.5827e-07  10.717  -3.13e+03  -10.717   0.708  0.0111   13.0     1.00        530  1.000
   2    0.0 3.7e-03   0.963     109.56 6.5283e-07  11.219  -3.44e+03  -11.219   0.702  0.0143   13.0     1.00       1060  0.950
   3    0.0 3.5e-03   0.998     107.69 6.3689e-07  11.306  -3.28e+03  -11.306   0.674  0.0078   13.0     1.00       1590  0.950
   4    0.0 3.3e-03   0.996     107.67 6.7981e-07  10.439   -3.4e+03  -10.439   0.651  0.0108   13.0     1.00       2120  0.950
   5    0.0 3.1e-03   0.993     109.08 6.627e-07   10.839  -3.26e+03  -10.839   0.670  0.0083   13.0     1.00       2650  0.950
   6    0.0 3.0e-03   0.996     109.89 6.4001e-07  11.357  -3.31e+03  -11.357   0.674  0.0093   13.0     1.00       3180  0.950
   7    0.0 2.8e-03   1.011     112.50 6.6702e-07  10.957   -3.4e+03  -10.957   0.704  0.0107   13.0     1.00       3710  0.950
   8    0.0 2.7e-03   0.993     110.09 6.771e-07   10.813   -3.5e+03  -10.813   0.658  0.0082   13.0     1.00       4240  0.950
   9    0.0 2.6e-03   0.989     108.66 6.475e-07   10.829  -3.38e+03  -10.829   0.617  0.0069   13.0     1.00       4770  0.950
  10    0.0 2.4e-03   0.988     107.51 6.3987e-07  11.085  -3.46e+03  -11.085   0.596  0.0075   13.0     1.00       5300  0.950
  11    0.0 2.3e-03   0.989     104.01 6.0449e-07  11.793  -3.47e+03  -11.793   0.613  0.0102   13.0     1.00       5830  0.950
  12    0.0 2.2e-03   0.989     101.81 6.6072e-07  10.589  -3.52e+03  -10.589   0.592  0.0063   13.0     1.00       6360  0.950
  13    0.0 2.1e-03   0.980     101.93 6.3961e-07  10.960  -3.51e+03  -10.960   0.604  0.0112   13.0     1.00       6890  0.950
  14    0.0 2.0e-03   0.987     101.33 6.6844e-07  10.049  -3.21e+03  -10.049   0.587  0.0073   13.0     1.00       7420  0.950
  15    0.0 1.9e-03   1.000     101.77 6.4102e-07  10.707  -3.33e+03  -10.707   0.611  0.0044   13.0     1.00       7950  0.950
  16    0.0 1.8e-03   0.993     102.08 6.522e-07   10.570   -3.4e+03  -10.570   0.558  0.0060   13.0     1.00       8480  0.950
  17    0.0 1.7e-03   0.996     102.67 6.3477e-07  10.597  -3.31e+03  -10.597   0.570  0.0105   13.0     1.00       9010  0.950
  18    0.0 1.6e-03   1.002      99.90 6.2255e-07  10.574  -3.28e+03  -10.574   0.592  0.0070   13.0     1.00       9540  0.950
  19    0.0 1.5e-03   1.000      97.37 6.427e-07    9.994   -3.1e+03   -9.994   0.500  0.0061   13.0     1.00      10070  0.950
  20    0.0 1.5e-03   0.992      97.28 6.3948e-07   9.930  -3.07e+03   -9.930   0.525  0.0054   13.0     1.00      10600  0.950
  21    0.0 1.4e-03   0.997      97.92 6.5006e-07   9.995  -3.19e+03   -9.995   0.530  0.0023   13.0     1.00      11130  0.950
  22    0.0 1.3e-03   0.982      96.10 6.6394e-07   9.624  -3.24e+03   -9.624   0.511  0.0066   13.0     1.00      11660  0.950
  23    0.0 1.2e-03   1.010      97.44 6.2859e-07  10.366  -3.22e+03  -10.366   0.547  0.0033   13.0     1.00      12190  0.950
  24    0.0 1.2e-03   0.990      96.30 6.4272e-07   9.879  -3.02e+03   -9.879   0.525  0.0076   13.0     1.00      12720  0.950
  25    0.0 1.1e-03   0.991      93.27 6.2642e-07  10.046  -3.04e+03  -10.046   0.481  0.0047   13.0     1.00      13250  0.950
  26    0.0 1.1e-03   0.990      91.61 6.1568e-07  10.289  -3.27e+03  -10.289   0.466  0.0070   13.0     1.00      13780  0.950
  27    0.0 1.0e-03   0.994      90.91 6.1318e-07  10.126  -3.06e+03  -10.126   0.492  0.0042   13.0     1.00      14310  0.950
  28    0.0 9.7e-04   0.996      89.98 6.1931e-07  10.075  -3.12e+03  -10.075   0.483  0.0053   13.0     1.00      14840  0.950
  29    0.0 9.2e-04   0.999      89.85 5.9267e-07  10.513  -3.13e+03  -10.513   0.432  0.0028   13.0     1.00      15370  0.950
  30    0.0 8.7e-04   0.996      90.10 5.5857e-07  10.513  -3.08e+03  -10.513   0.451  0.0033   12.9     1.06      15900  0.950
  31    0.0 8.3e-04   0.995      90.71 6.0816e-07  10.046  -2.98e+03  -10.046   0.462  0.0042   13.0     1.00      16430  0.950
  32    0.0 7.9e-04   0.992      88.47 6.1052e-07  10.016  -3.06e+03  -10.016   0.462  0.0048   13.0     1.00      16960  0.950
  33    0.0 7.5e-04   0.996      87.50 6.1497e-07   9.859  -3.07e+03   -9.859   0.445  0.0046   13.0     1.00      17490  0.950
  34    0.0 7.1e-04   1.003      87.16 6.0901e-07  10.016  -3.05e+03  -10.016   0.445  0.0028   13.0     1.00      18020  0.950
  35    0.0 6.7e-04   0.999      87.32 6.0601e-07  10.016  -2.95e+03  -10.016   0.413  0.0031   13.0     1.00      18550  0.950
  36    0.0 6.4e-04   1.000      87.34 5.1353e-07   9.948  -3.12e+03   -9.948   0.430  0.0032   12.7     1.20      19080  0.950
  37    0.0 6.1e-04   0.998      87.27 4.6779e-07  10.109  -3.05e+03  -10.109   0.408  0.0028   12.5     1.28      19610  0.950
  38    0.0 5.8e-04   0.999      86.09 3.8334e-07  10.227  -3.07e+03  -10.227   0.387  0.0026   12.1     1.51      20140  0.950
  39    0.0 5.5e-04   0.997      84.94 3.0318e-07  10.023  -3.09e+03  -10.023   0.383  0.0036   11.5     1.89      20670  0.950
  40    0.0 5.2e-04   0.999      85.12 2.4475e-07  10.096  -3.12e+03  -10.096   0.385  0.0017   10.8     2.27      21200  0.950
  41    0.0 5.0e-04   0.995      84.72 2.2413e-07   9.595   -3.1e+03   -9.595   0.402  0.0024   10.2     2.62      21730  0.950
  42    0.0 4.7e-04   1.001      84.27 2.0841e-07   9.595  -3.18e+03   -9.595   0.377  0.0016    9.8     2.85      22260  0.950
  43    0.0 4.5e-04   0.998      84.40 1.7446e-07   9.853  -3.13e+03   -9.853   0.342  0.0019    9.2     3.20      22790  0.950
  44    0.0 4.2e-04   1.001      84.40 1.586e-07    9.709  -3.17e+03   -9.709   0.332  0.0014    8.3     3.73      23320  0.950
  45    0.0 4.0e-04   0.999      84.07 1.46e-07     9.596  -3.19e+03   -9.596   0.360  0.0016    7.4     4.26      23850  0.950
  46    0.0 3.8e-04   0.995      83.23 1.376e-07    9.596  -3.06e+03   -9.596   0.317  0.0024    6.8     4.60      24380  0.950
  47    0.0 3.6e-04   1.000      83.18 1.2976e-07   9.596  -3.05e+03   -9.596   0.340  0.0007    6.0     5.09      24910  0.950
  48    0.0 3.5e-04   0.995      82.41 1.3288e-07   9.520  -3.13e+03   -9.520   0.326  0.0032    5.4     5.44      25440  0.950
  49    0.0 3.3e-04   0.998      81.35 1.2865e-07   9.520  -3.13e+03   -9.520   0.300  0.0009    4.8     5.80      25970  0.950
  50    0.0 3.1e-04   0.999      81.29 1.2533e-07   9.520  -3.13e+03   -9.520   0.308  0.0007    4.1     6.19      26500  0.950
  51    0.0 3.0e-04   0.997      81.23 1.239e-07    9.494  -3.24e+03   -9.494   0.302  0.0019    3.6     6.51      27030  0.950
  52    0.0 2.8e-04   1.001      81.26 1.2189e-07   9.494  -3.19e+03   -9.494   0.296  0.0010    3.1     6.79      27560  0.950
  53    0.0 2.7e-04   0.998      80.82 1.2027e-07   9.494  -3.15e+03   -9.494   0.315  0.0014    2.6     7.05      28090  0.950
  54    0.0 2.5e-04   0.996      80.27 1.1587e-07   9.752  -3.26e+03   -9.752   0.315  0.0019    2.3     7.24      28620  0.950
  55    0.0 2.4e-04   0.998      79.97 1.1527e-07   9.752  -3.25e+03   -9.752   0.289  0.0011    2.0     7.41      29150  0.950
  56    0.0 2.3e-04   0.997      79.24 1.1376e-07   9.752  -3.18e+03   -9.752   0.343  0.0020    1.7     7.59      29680  0.950
  57    0.0 2.2e-04   0.999      78.80 1.1333e-07   9.752  -3.21e+03   -9.752   0.391  0.0007    1.5     7.68      30210  0.950
  58    0.0 2.1e-04   0.999      78.69 1.14e-07     9.701  -3.13e+03   -9.701   0.325  0.0008    1.5     7.73      30740  0.950
  59    0.0 2.0e-04   0.998      78.23 1.1465e-07   9.612  -3.13e+03   -9.612   0.317  0.0018    1.3     7.83      31270  0.950
  60    0.0 1.9e-04   0.999      77.70 1.1401e-07   9.609  -3.08e+03   -9.609   0.298  0.0010    1.1     7.92      31800  0.950
  61    0.0 1.8e-04   0.997      77.51 1.137e-07    9.609  -3.07e+03   -9.609   0.296  0.0016    1.0     8.00      32330  0.950
  62    0.0 1.7e-04   0.998      77.29 1.1381e-07   9.609   -3.1e+03   -9.609   0.283  0.0007    1.0     8.00      32860  0.950
  63    0.0 1.6e-04   1.000      77.12 1.1367e-07   9.609  -3.09e+03   -9.609   0.270  0.0004    1.0     8.00      33390  0.950
  64    0.0 1.5e-04   0.999      77.10 1.1419e-07   9.609  -3.17e+03   -9.609   0.226  0.0008    1.0     8.00      33920  0.950
  65    0.0 1.4e-04   0.998      77.15 1.1385e-07   9.609  -3.19e+03   -9.609   0.253  0.0008    1.0     8.00      34450  0.950
  66    0.0 1.4e-04   0.999      76.98 1.14e-07     9.609  -3.17e+03   -9.609   0.228  0.0005    1.0     8.00      34980  0.950
  67    0.0 1.3e-04   1.000      76.92 1.1398e-07   9.609   -3.2e+03   -9.609   0.194  0.0004    1.0     8.00      35510  0.950
  68    0.0 1.2e-04   0.999      76.74 1.1391e-07   9.609  -3.24e+03   -9.609   0.221  0.0003    1.0     8.00      36040  0.950
  69    0.0 1.2e-04   1.000      76.74 1.1393e-07   9.609  -3.23e+03   -9.609   0.164  0.0002    1.0     8.00      36570  0.950
  70    0.0 1.1e-04   1.000      76.80 1.137e-07    9.609  -3.19e+03   -9.609   0.185  0.0004    1.0     8.00      37100  0.950
  71    0.0 1.1e-04   1.000      76.66 1.1368e-07   9.609   -3.2e+03   -9.609   0.147  0.0003    1.0     8.00      37630  0.950
Agent's 2nd state: 
  72    0.0 8.5e-05   1.000      76.54 1.1361e-07   9.609  -3.13e+03   -9.609   0.149  0.0002    1.0     8.00      38160  0.800
Checkpoint saved: bb_costs=76.6288, TD costs=1.13507e-07, CPD=  9.609 (ns) 
  73    0.0 6.8e-05   0.999      76.52 1.1349e-07   9.609  -3.13e+03   -9.609   0.104  0.0006    1.0     8.00      38690  0.800
  74    0.0 5.4e-05   0.999      76.19 1.1387e-07   9.609  -3.13e+03   -9.609   0.109  0.0007    1.0     8.00      39220  0.800
  75    0.0 4.4e-05   1.000      76.19 1.1376e-07   9.609  -3.13e+03   -9.609   0.085  0.0002    1.0     8.00      39750  0.800
  76    0.0 3.5e-05   0.999      75.92 1.1329e-07   9.609  -3.09e+03   -9.609   0.055  0.0003    1.0     8.00      40280  0.800
  77    0.0 2.8e-05   0.999      75.79 1.1385e-07   9.609  -3.13e+03   -9.609   0.049  0.0002    1.0     8.00      40810  0.800
  78    0.0 2.2e-05   1.000      75.74 1.1385e-07   9.609  -3.13e+03   -9.609   0.038  0.0000    1.0     8.00      41340  0.800
  79    0.0 1.8e-05   1.000      75.75 1.1381e-07   9.609  -3.13e+03   -9.609   0.057  0.0001    1.0     8.00      41870  0.800
  80    0.0 1.4e-05   1.000      75.83 1.1374e-07   9.609  -3.13e+03   -9.609   0.043  0.0000    1.0     8.00      42400  0.800
  81    0.0 1.1e-05   1.000      75.82 1.1433e-07   9.615  -3.13e+03   -9.615   0.047  0.0002    1.0     8.00      42930  0.800
  82    0.0 9.1e-06   1.000      75.77 1.1429e-07   9.615  -3.13e+03   -9.615   0.045  0.0002    1.0     8.00      43460  0.800
  83    0.0 7.3e-06   0.999      75.73 1.1422e-07   9.615  -3.13e+03   -9.615   0.030  0.0006    1.0     8.00      43990  0.800
  84    0.0 5.8e-06   1.000      75.70 1.137e-07    9.609  -3.13e+03   -9.609   0.026  0.0000    1.0     8.00      44520  0.800
  85    0.0 0.0e+00   1.000      75.66 1.1374e-07   9.609  -3.13e+03   -9.609   0.015  0.0000    1.0     8.00      45050  0.800
### Placement Quench took 0.01 seconds (max_rss 98.1 MiB)
post-quench CPD = 9.60885 (ns) 

Completed placement consistency check successfully.

Swaps called: 45236

Aborted Move Reasons:
  duplicate block move from location: 2
  duplicate block move to location: 28
  macro move to location illegal: 6
  macro_from swap to location illegal: 346

BB estimate of min-dist (placement) wire length: 7535

Placement estimated critical path delay (least slack): 9.60885 ns, Fmax: 104.071 MHz
Placement estimated critical path skew: -0.04243 ns
Placement estimated setup Worst Negative Slack (sWNS): -9.60885 ns
Placement estimated setup Total Negative Slack (sTNS): -3126.5 ns
Placement estimated setup Worst Skew (sWS): -0.04243 ns

Placement estimated setup slack histogram:
[ -9.6e-09: -8.7e-09)  17 (  1.8%) |**
[ -8.7e-09: -7.8e-09)  15 (  1.6%) |*
[ -7.8e-09: -6.9e-09)   0 (  0.0%) |
[ -6.9e-09:   -6e-09)   0 (  0.0%) |
[   -6e-09: -5.2e-09)   0 (  0.0%) |
[ -5.2e-09: -4.3e-09) 117 ( 12.6%) |**********
[ -4.3e-09: -3.4e-09) 152 ( 16.4%) |**************
[ -3.4e-09: -2.5e-09) 524 ( 56.4%) |***********************************************
[ -2.5e-09: -1.6e-09)  55 (  5.9%) |*****
[ -1.6e-09:   -7e-10)  49 (  5.3%) |****

Placement estimated geomean non-virtual intra-domain period: 9.60885 ns (104.071 MHz)
Placement estimated fanout-weighted geomean non-virtual intra-domain period: 9.60885 ns (104.071 MHz)

Placement cost: 0.999969, bb_cost: 75.6589, td_cost: 1.13867e-07, 

Placement resource usage:
  io  implemented as io : 74
  clb implemented as clb: 112

Placement number of temperatures: 85
Placement total # of swap attempts: 45236
	Swaps accepted: 16742 (37.0 %)
	Swaps rejected: 27781 (61.4 %)
	Swaps aborted:   713 ( 1.6 %)


Placement perturbation distribution by block and move type: 
------------------ ----------------- ---------------- ---------------- --------------- ------------ 
    Block Type         Move Type       (%) of Total      Accepted(%)     Rejected(%)    Aborted(%)
------------------ ----------------- ---------------- ---------------- --------------- ------------ 
io                 Uniform                9.49             63.29           36.71          0.00         
                   Median                 9.18             64.88           29.87          5.25         
                   Centroid               8.89             67.94           31.99          0.07         
                   W. Centroid            8.98             69.73           30.15          0.12         
                   W. Median              0.88             14.29           80.20          5.51         

clb                Uniform                14.99            17.37           81.04          1.59         
                   Median                 14.06            26.89           70.54          2.56         
                   Centroid               13.69            22.37           76.19          1.44         
                   W. Centroid            14.12            22.11           76.55          1.35         
                   W. Median              1.36             2.44            94.47          3.09         
                   Crit. Uniform          2.14             0.41            99.59          0.00         
                   Feasible Region        2.22             0.40            99.60          0.00         


Placement Quench timing analysis took 0.00366517 seconds (0.00331155 STA, 0.000353627 slack) (1 full updates: 1 setup, 0 hold, 0 combined).
Placement Total  timing analysis took 0.35776 seconds (0.321253 STA, 0.0365077 slack) (87 full updates: 87 setup, 0 hold, 0 combined).
update_td_costs: connections 0.00181879 nets 0 sum_nets 0.0012513 total 0.00313255
## AP Detailed Placer took 0.81 seconds (max_rss 98.3 MiB, delta_rss +0.3 MiB)
Incr Slack updates 87 in 0.0101096 sec
Full Max Req/Worst Slack updates 33 in 0.000890004 sec
Incr Max Req/Worst Slack updates 54 in 0.00185882 sec
Incr Criticality updates 36 in 0.00853845 sec
Full Criticality updates 51 in 0.0121162 sec
Incr Slack updates 1 in 0.000101927 sec
Full Max Req/Worst Slack updates 1 in 3.3637e-05 sec
Incr Max Req/Worst Slack updates 0 in 0 sec
Incr Criticality updates 0 in 0 sec
Full Criticality updates 1 in 0.000260007 sec
# Analytical Placement took 3.69 seconds (max_rss 98.3 MiB, delta_rss +66.7 MiB)


# Routing
RR graph channel widths unchanged, skipping RR graph rebuild
## Initializing router criticalities
Initial Net Connection Criticality Histogram:
[        0:      0.1) 231 (  8.0%) |*************
[      0.1:      0.2) 813 ( 28.2%) |***********************************************
[      0.2:      0.3) 519 ( 18.0%) |******************************
[      0.3:      0.4) 810 ( 28.1%) |***********************************************
[      0.4:      0.5) 115 (  4.0%) |*******
[      0.5:      0.6)  49 (  1.7%) |***
[      0.6:      0.7)  65 (  2.3%) |****
[      0.7:      0.8)  31 (  1.1%) |**
[      0.8:      0.9)  41 (  1.4%) |**
[      0.9:        1) 209 (  7.2%) |************
## Initializing router criticalities took 0.05 seconds (max_rss 98.3 MiB, delta_rss +0.0 MiB)
---- ------ ------- ---- ------- ------- ------- ----------------- --------------- -------- ---------- ---------- ---------- ---------- --------
Iter   Time    pres  BBs    Heap  Re-Rtd  Re-Rtd Overused RR Nodes      Wirelength      CPD       sTNS       sWNS       hTNS       hWNS Est Succ
      (sec)     fac Updt    push    Nets   Conns                                       (ns)       (ns)       (ns)       (ns)       (ns)     Iter
---- ------ ------- ---- ------- ------- ------- ----------------- --------------- -------- ---------- ---------- ---------- ---------- --------
   1    0.0     0.0    0  112871    1041    2751    1090 ( 3.313%)   11643 (37.3%)    8.774     -3054.     -8.774      0.000      0.000      N/A
   2    0.0     0.5    0  102946     811    2317     797 ( 2.422%)   11617 (37.2%)    8.774     -2999.     -8.774      0.000      0.000      N/A
   3    0.0     0.6    0   92101     655    1781     633 ( 1.924%)   12136 (38.9%)    8.774     -3093.     -8.774      0.000      0.000      N/A
   4    0.0     0.8    0   86011     569    1537     560 ( 1.702%)   12337 (39.5%)    8.774     -3319.     -8.774      0.000      0.000      N/A
   5    0.0     1.1    0   86261     513    1412     432 ( 1.313%)   12691 (40.7%)    8.774     -3206.     -8.774      0.000      0.000      N/A
   6    0.0     1.4    0   80764     440    1199     355 ( 1.079%)   12930 (41.4%)    8.774     -3242.     -8.774      0.000      0.000      N/A
   7    0.0     1.9    0   67987     384    1000     267 ( 0.812%)   13167 (42.2%)    8.774     -3297.     -8.774      0.000      0.000      N/A
   8    0.0     2.4    0   49340     286     680     190 ( 0.578%)   13394 (42.9%)    8.774     -3317.     -8.774      0.000      0.000      N/A
   9    0.0     3.1    0   42726     232     509     129 ( 0.392%)   13679 (43.8%)    8.774     -3346.     -8.774      0.000      0.000       25
  10    0.0     4.1    0   35028     162     331      88 ( 0.267%)   13966 (44.8%)    8.774     -3352.     -8.774      0.000      0.000       23
  11    0.0     5.3    0   27474     127     254      68 ( 0.207%)   14146 (45.3%)    8.774     -3356.     -8.774      0.000      0.000       23
  12    0.0     6.9    0   23945     102     203      51 ( 0.155%)   14275 (45.8%)    8.774     -3356.     -8.774      0.000      0.000       24
  13    0.0     9.0    0   20486      81     159      41 ( 0.125%)   14431 (46.3%)    8.774     -3363.     -8.774      0.000      0.000       24
  14    0.0    11.6    0   18147      56     113      25 ( 0.076%)   14531 (46.6%)    8.774     -3364.     -8.774      0.000      0.000       24
  15    0.0    15.1    0   15353      41      79      10 ( 0.030%)   14664 (47.0%)    8.774     -3368.     -8.774      0.000      0.000       22
  16    0.0    19.7    0   13163      20      50       6 ( 0.018%)   14722 (47.2%)    8.774     -3374.     -8.774      0.000      0.000       21
  17    0.0    25.6    0    4005       8      23       4 ( 0.012%)   14751 (47.3%)    8.774     -3381.     -8.774      0.000      0.000       21
  18    0.0    33.3    0    2262       8      21       3 ( 0.009%)   14745 (47.3%)    8.991     -3383.     -8.991      0.000      0.000       20
  19    0.0    43.3    0    1724      12      25       3 ( 0.009%)   14745 (47.3%)    9.441     -3383.     -9.441      0.000      0.000       21
  20    0.0    56.2    0    2124       6      17       2 ( 0.006%)   14761 (47.3%)    9.186     -3392.     -9.186      0.000      0.000       21
  21    0.0    73.1    0    1733      10      23       1 ( 0.003%)   14762 (47.3%)    9.397     -3387.     -9.397      0.000      0.000       21
  22    0.0    95.0    0    1089       7      13       1 ( 0.003%)   14768 (47.3%)    8.991     -3382.     -8.991      0.000      0.000       21
  23    0.0   123.5    0    1115       7      16       0 ( 0.000%)   14777 (47.4%)    9.403     -3394.     -9.403      0.000      0.000      N/A
Restoring best routing
Critical path: 9.40344 ns
Successfully routed after 23 routing iterations.
Final Net Connection Criticality Histogram:
[        0:      0.1) 331 ( 11.5%) |********************
[      0.1:      0.2) 642 ( 22.3%) |**************************************
[      0.2:      0.3) 440 ( 15.3%) |**************************
[      0.3:      0.4) 791 ( 27.4%) |***********************************************
[      0.4:      0.5) 255 (  8.8%) |***************
[      0.5:      0.6)  63 (  2.2%) |****
[      0.6:      0.7)  50 (  1.7%) |***
[      0.7:      0.8)  59 (  2.0%) |****
[      0.8:      0.9)  70 (  2.4%) |****
[      0.9:        1) 182 (  6.3%) |***********
Router Stats: total_nets_routed: 5578 total_connections_routed: 14513 total_heap_pushes: 888655 total_heap_pops: 221232 
Serial Connection Router is being destroyed. Time spent on path search: 0.100 seconds.
# Routing took 0.42 seconds (max_rss 98.3 MiB, delta_rss +0.0 MiB)

Checking to ensure routing is legal...
# Checking to ensure non-configurable edges are legal
# Checking to ensure non-configurable edges are legal took 0.00 seconds (max_rss 98.3 MiB, delta_rss +0.0 MiB)
Completed routing consistency check successfully.

Serial number (magic cookie) for the routing is: -191057579
Circuit successfully routed with a channel width factor of 100.
Incr Slack updates 24 in 0.00241329 sec
Full Max Req/Worst Slack updates 5 in 0.000137164 sec
Incr Max Req/Worst Slack updates 19 in 0.00066699 sec
Incr Criticality updates 16 in 0.00377104 sec
Full Criticality updates 8 in 0.00215135 sec
# Synchronize the packed netlist to routing optimization
## Annotating rr_node with routed nets
## Annotating rr_node with routed nets took 0.00 seconds (max_rss 98.3 MiB, delta_rss +0.0 MiB)
Found 3960 mismatches between routing and packing results.
Fixed 2550 routing traces due to mismatch between routing and packing results.
# Synchronize the packed netlist to routing optimization took 0.04 seconds (max_rss 98.3 MiB, delta_rss +0.0 MiB)
Final Clustering Statistics: 
----------   --------   ------------------------------------   --------------------------
Block Type   # Blocks   Avg. # of input clocks and pins used   Avg. # of output pins used
----------   --------   ------------------------------------   --------------------------
     EMPTY          0                                      0                            0   
        io         74                               0.486486                     0.513514   
       clb        112                                25.4196                      8.98214   
   dsp_top          0                                      0                            0   
    memory          0                                      0                            0   
Absorbed logical nets 1698 out of 2742 nets, 1044 nets not absorbed.


Average number of bends per net: 1.67147  Maximum # of bends: 28

Number of global nets: 3
Number of routed nets (nonglobal): 1041
Wire length results (in units of 1 clb segments)...
	Total wirelength: 14777, average net length: 14.1950
	Maximum net length: 377

Wire length results in terms of physical segments...
	Total wiring segments used: 4033, average wire segments per net: 3.87416
	Maximum segments used by a net: 109
	Total local nets with reserved CLB opins: 0
Total number of nets absorbed: 9

Routing channel utilization histogram:
[        1:      inf)  0 (  0.0%) |
[      0.9:        1)  0 (  0.0%) |
[      0.8:      0.9)  8 (  2.4%) |****
[      0.7:      0.8) 88 ( 26.0%) |************************************************
[      0.5:      0.6) 43 ( 12.7%) |***********************
[      0.4:      0.5) 50 ( 14.8%) |***************************
[      0.3:      0.4) 54 ( 16.0%) |*****************************
[      0.2:      0.3) 46 ( 13.6%) |*************************
[      0.1:      0.2) 20 (  5.9%) |***********
[        0:      0.1) 29 (  8.6%) |****************
Maximum routing channel utilization:      0.89 at (9,0)

X - Directed channels: layer   y   max occ   ave occ   ave cap
                        ----- ---- -------- -------- --------
                            0    0       89   72.750      100
                            0    1       69   57.250      100
                            0    2       80   65.583      100
                            0    3       82   64.417      100
                            0    4       79   59.750      100
                            0    5       72   56.917      100
                            0    6       71   52.333      100
                            0    7       74   53.667      100
                            0    8       54   40.583      100
                            0    9       48   34.167      100
                            0   10       43   31.500      100
                            0   11       31   24.083      100
                            0   12       39   31.000      100
Y - Directed channels: layer   x   max occ   ave occ   ave cap
                        ----- ---- -------- -------- --------
                            0    0       45   30.000      100
                            0    1       35   22.667      100
                            0    2       43   31.083      100
                            0    3       63   48.500      100
                            0    4       75   57.083      100
                            0    5       70   50.333      100
                            0    6       66   43.833      100
                            0    7       82   60.250      100
                            0    8       72   56.417      100
                            0    9       69   54.250      100
                            0   10       64   49.083      100
                            0   11       51   41.333      100
                            0   12       63   42.583      100

Total existing wires segments: CHANX     15600, CHANY     15600, CHANZ         0, ALL     31200
Total used wires segments:     CHANX      7728, CHANY      7049, CHANZ         0, ALL     14777
Usage percentage:              CHANX     49.5%, CHANY     45.2%, CHANZ      0.0%, ALL     47.4%

Logic area (in minimum width transistor areas, excludes I/Os and empty grid tiles)...
	Total logic block area (Warning, need to add pitch of routing to blocks with height > 3): 4.93594e+06
	Total used logic block area: 3.12536e+06

Routing area (in minimum width transistor areas)...
	Total routing area: 1.44594e+06, per logic tile: 7377.25

Total Number of Wiring Segments by Direction: direction length number
                                              --------- ------ -------
                                                      X      4   4192
                                                      Y      4   4192
                                                      X     16    318
                                                      Y     16    318

X - Directed Wiring Segment usage by length: length utilization
                                             ------ -----------
                                             4       0.479
                                            16       0.138

Y - Directed Wiring Segment usage by length: length utilization
                                             ------ -----------
                                             4       0.469
                                            16      0.0597

Segment occupancy by length: Length Occupancy Capacity Utilization
                             ------ --------- -------- -----------
                             L4          3970     8384       0.474
                             L16           63      636      0.0991

Segment occupancy by type: name type utilization
                           ---- ---- -----------
                             L4    0       0.474
                            L16    1      0.0991

Final hold Worst Negative Slack (hWNS): 0 ns
Final hold Total Negative Slack (hTNS): 0 ns
Final hold Worst Skew (hWS): 0 ns

Final hold slack histogram:
[  1.9e-10:  3.4e-10) 770 ( 82.9%) |***********************************************
[  3.4e-10:  4.9e-10)  56 (  6.0%) |***
[  4.9e-10:  6.3e-10)  32 (  3.4%) |**
[  6.3e-10:  7.8e-10)  16 (  1.7%) |*
[  7.8e-10:  9.2e-10)  21 (  2.3%) |*
[  9.2e-10:  1.1e-09)  18 (  1.9%) |*
[  1.1e-09:  1.2e-09)   7 (  0.8%) |
[  1.2e-09:  1.4e-09)   7 (  0.8%) |
[  1.4e-09:  1.5e-09)   1 (  0.1%) |
[  1.5e-09:  1.6e-09)   1 (  0.1%) |

Final critical path delay (least slack): 9.40344 ns, Fmax: 106.344 MHz
Final critical path skew: -0.04243 ns
Final setup Worst Negative Slack (sWNS): -9.40344 ns
Final setup Total Negative Slack (sTNS): -3393.51 ns
Final setup Worst Skew (sWS): -0.04243 ns

Final setup slack histogram:
[ -9.4e-09: -8.5e-09)  25 (  2.7%) |**
[ -8.5e-09: -7.6e-09)   4 (  0.4%) |
[ -7.6e-09: -6.7e-09)   3 (  0.3%) |
[ -6.7e-09: -5.8e-09)   0 (  0.0%) |
[ -5.8e-09: -4.9e-09)  22 (  2.4%) |**
[ -4.9e-09: -4.1e-09) 109 ( 11.7%) |*********
[ -4.1e-09: -3.2e-09) 555 ( 59.7%) |***********************************************
[ -3.2e-09: -2.3e-09) 150 ( 16.1%) |*************
[ -2.3e-09: -1.4e-09)  25 (  2.7%) |**
[ -1.4e-09: -4.9e-10)  36 (  3.9%) |***

Final geomean non-virtual intra-domain period: 9.40344 ns (106.344 MHz)
Final fanout-weighted geomean non-virtual intra-domain period: 9.40344 ns (106.344 MHz)

Incr Slack updates 1 in 0.000102129 sec
Full Max Req/Worst Slack updates 1 in 2.7232e-05 sec
Incr Max Req/Worst Slack updates 0 in 0 sec
Incr Criticality updates 0 in 0 sec
Full Criticality updates 1 in 0.000260066 sec
Flow timing analysis took 0.795984 seconds (0.737421 STA, 0.0585639 slack) (113 full updates: 88 setup, 0 hold, 25 combined).
VPR succeeded
The entire flow of VPR took 4.57 seconds (max_rss 98.3 MiB)

