VPR FPGA Placement and Routing.
Version: 9.0.0-dev+v8.0.0-18248-g40f8d19708
Revision: v8.0.0-18248-g40f8d19708
Compiled: 2026-09-22T03:43:48
Compiler: GNU 13.3.0 on Linux-5.15.0-119-generic x86_64
Build Info: release IPO VTR_ASSERT_LEVEL=2

University of Toronto
verilogtorouting.org
vtr-users@googlegroups.com
This is free open source code under MIT license.

VPR was run with the following command-line:
/inspire/hdd/project/project-public/changshunjie-253114010247/changshunjie-253114010247/workspace/DAC2027/vtr/vtr-verilog-to-routing/vpr/vpr /inspire/hdd/project/project-public/changshunjie-253114010247/changshunjie-253114010247/workspace/DAC2027/vtr/vtr-verilog-to-routing/vtr_flow/arch/COFFE_22nm/k6FracN10LB_mem20K_complexDSP_customSB_22nm.xml /inspire/hdd/project/project-public/changshunjie-253114010247/changshunjie-253114010247/workspace/DAC2027/TailCompile/experiments/vtr/runs/pilot_v1/sha/full-seed1-w300/sha.pre-vpr.blif --analytical_place --route --analysis --ap_full_legalizer flat-recon --ap_detailed_placer annealer --seed 12 --route_chan_width 100 --write_flat_place /inspire/hdd/project/project-public/changshunjie-253114010247/changshunjie-253114010247/workspace/DAC2027/TailCompile/vtr_work/tailcompile_v3/sha/4x4/gnn_candidate-fp04ebad45-flat-recon-annealer-seed12-w100-devw14/post_route.fplace --write_legalized_flat_place /inspire/hdd/project/project-public/changshunjie-253114010247/changshunjie-253114010247/workspace/DAC2027/TailCompile/vtr_work/tailcompile_v3/sha/4x4/gnn_candidate-fp04ebad45-flat-recon-annealer-seed12-w100-devw14/post_legalizer.fplace --flat_place_verbosity 1 --device_width 14 --net_file /inspire/hdd/project/project-public/changshunjie-253114010247/changshunjie-253114010247/workspace/DAC2027/TailCompile/vtr_work/tailcompile_v3/sha/4x4/gnn_candidate-fp04ebad45-flat-recon-annealer-seed12-w100-devw14/sha.locked-input.net --read_flat_place /inspire/hdd/global_user/changshunjie-253114010247/workspace/DAC2027/TailCompile/experiments/vtr/tailcompile_v3/sha/4x4/pools/bootstrap_24/candidate_15_seed12042.fplace

Using up to 1 parallel worker(s)

Architecture file: /inspire/hdd/project/project-public/changshunjie-253114010247/changshunjie-253114010247/workspace/DAC2027/vtr/vtr-verilog-to-routing/vtr_flow/arch/COFFE_22nm/k6FracN10LB_mem20K_complexDSP_customSB_22nm.xml
Circuit name: sha.pre-vpr

# Loading Architecture Description
# Loading Architecture Description took 0.04 seconds (max_rss 19.0 MiB, delta_rss +0.0 MiB)

Timing analysis: ON
Circuit netlist file: /inspire/hdd/project/project-public/changshunjie-253114010247/changshunjie-253114010247/workspace/DAC2027/TailCompile/vtr_work/tailcompile_v3/sha/4x4/gnn_candidate-fp04ebad45-flat-recon-annealer-seed12-w100-devw14/sha.locked-input.net
Circuit placement file: sha.pre-vpr.place
Circuit routing file: sha.pre-vpr.route
Circuit SDC file: sha.pre-vpr.sdc
Vpr floorplanning constraints file: not specified

Packer: DISABLED
Placer: DISABLED
Analytical Placer: ENABLED
Router: ENABLED
Analysis: ENABLED

VPR was run with the following options:

netlist_opts.absorb_buffer_luts            : true
netlist_opts.sweep_dangling_primary_ios    : true
netlist_opts.sweep_dangling_nets           : true
netlist_opts.sweep_dangling_blocks         : true
netlist_opts.sweep_constant_primary_outputs: false
netlist_opts.netlist_verbosity             : 1
netlist_opts.const_gen_inference           : COMB_SEQ

AnalyticalPlacerOpts.analytical_solver_type: lp-b2b
AnalyticalPlacerOpts.partial_legalizer_type: bipartitioning
AnalyticalPlacerOpts.full_legalizer_type: flat-recon
AnalyticalPlacerOpts.detailed_placer_type: annealer
AnalyticalPlacerOpts.ap_timing_tradeoff: 0.500000
AnalyticalPlacerOpts.ap_high_fanout_threshold: 256
AnalyticalPlacerOpts.log_verbosity: 1
router_opts.route_type: DETAILED
router_opts.flat_routing: false
router_opts.choke_points: on
router_opts.router_algorithm: TIMING_DRIVEN
router_opts.base_cost_type: DELAY_NORMALIZED_LENGTH
router_opts.fixed_channel_width: 100
router_opts.check_route: FULL
router_opts.acc_fac: 1.000000
router_opts.bb_factor: 3
router_opts.bend_cost: 0.000000
router_opts.first_iter_pres_fac: 0.000000
router_opts.initial_pres_fac: 0.500000
router_opts.pres_fac_mult: 1.300000
router_opts.max_pres_fac: 1000.000000
router_opts.max_router_iterations: 50
router_opts.min_incremental_reroute_fanout: 16
router_opts.initial_acc_cost_chan_congestion_threshold: 0.500000
router_opts.initial_acc_cost_chan_congestion_weight: 0.500000
router_opts.do_check_rr_graph: true
router_opts.verify_binary_search: false
router_opts.min_channel_width_hint: 0
router_opts.read_rr_edge_metadata: false
router_opts.exit_after_first_routing_iteration: false
router_opts.astar_fac: 1.200000
router_opts.astar_offset: 0.000000
router_opts.router_profiler_astar_fac: 1.200000
router_opts.enable_parallel_connection_router: false
router_opts.post_target_prune_fac: 1.200000
router_opts.post_target_prune_offset: 0
router_opts.multi_queue_num_threads: 1
router_opts.multi_queue_num_queues: 2
router_opts.multi_queue_direct_draining: false
router_opts.criticality_exp: 1.000000
router_opts.max_criticality: 0.990000
router_opts.init_wirelength_abort_threshold: 0.850000
router_opts.incr_reroute_delay_ripup: AUTO
router_opts.save_routing_per_iteration: false
router_opts.congested_routing_iteration_threshold_frac: 1.000000
router_opts.high_fanout_threshold: 64
router_opts.router_debug_net: -2
router_opts.router_debug_sink_rr: -2
router_opts.router_debug_iteration: -2
router_opts.max_convergence_count: 1
router_opts.reconvergence_cpd_threshold: 0.990000
router_opts.update_lower_bound_delays: true
router_opts.first_iteration_timing_report_file: 
router_opts.route_bb_update: DYNAMIC
router_opts.lookahead_type: MAP
router_opts.initial_timing: LOOKAHEAD
router_opts.router_heap: FOUR_ARY_HEAP
router_opts.routing_failure_predictor = SAFE
router_opts.routing_predictor_min_history: 8
router_opts.routing_budgets_algorithm = DISABLE

analysis_opts.gen_post_synthesis_netlist: false
analysis_opts.gen_post_implementation_merged_netlist: false
analysis_opts.gen_post_implementation_sdc: false
analysis_opts.timing_report_npaths: 100
analysis_opts.timing_report_skew: false
analysis_opts.echo_dot_timing_graph_node: -1
analysis_opts.timing_report_detail: NETLIST
analysis_opts.post_synth_netlist_unconn_input_handling: UNCONNECTED
analysis_opts.post_synth_netlist_unconn_output_handling: UNCONNECTED
analysis_opts.post_synth_netlist_module_parameters: on

# Building complex block graph
# Building complex block graph took 0.10 seconds (max_rss 24.6 MiB, delta_rss +5.6 MiB)
Circuit file: /inspire/hdd/project/project-public/changshunjie-253114010247/changshunjie-253114010247/workspace/DAC2027/TailCompile/experiments/vtr/runs/pilot_v1/sha/full-seed1-w300/sha.pre-vpr.blif
# Load circuit
Found 3 constant generator(s) in the netlist (2 constant-zero, 1 constant-one) (run with --netlist_verbosity 2 to list names)
# Load circuit took 0.02 seconds (max_rss 28.3 MiB, delta_rss +3.7 MiB)
# Clean circuit
Absorbed 0 LUT buffers
Found 22 primitive output pin(s) driven only by constants; marked them as constants
Swept input(s)      : 0
Swept output(s)     : 0 (0 dangling, 0 constant)
Swept net(s)        : 22
Swept block(s)      : 0
Constant Pins Marked: 22
# Clean circuit took 0.00 seconds (max_rss 28.3 MiB, delta_rss +0.0 MiB)
# Compress circuit
# Compress circuit took 0.00 seconds (max_rss 28.3 MiB, delta_rss +0.0 MiB)
# Verify circuit
# Verify circuit took 0.00 seconds (max_rss 28.3 MiB, delta_rss +0.0 MiB)
Circuit Statistics:
  Blocks: 2491
    .input :      38
    .latch :     893
    .names :    1215
        0-LUT:       2
        1-LUT:       1
        2-LUT:      63
        3-LUT:     106
        4-LUT:      88
        5-LUT:     314
        6-LUT:     641
    .output:      36
    adder  :     309
  Nets  : 2742
    Avg Fanout:     3.3
    Max Fanout:   893.0
    Min Fanout:     1.0
  Netlist Clocks: 1
# Build Timing Graph
  Timing Graph Nodes: 11695
  Timing Graph Edges: 18725
  Timing Graph Levels: 84
# Build Timing Graph took 0.01 seconds (max_rss 31.7 MiB, delta_rss +3.1 MiB)
Netlist contains 1 clocks
  Netlist Clock 'clk_i' Fanout: 893 pins (7.6%), 893 blocks (35.8%)
# Load Timing Constraints

SDC file 'sha.pre-vpr.sdc' not found
Setting default timing constraints:
   * constrain all primary inputs and primary outputs on netlist clock 'clk_i'
   * optimize netlist clock to run as fast as possible
Timing constraints created 1 clocks
  Constrained Clock 'clk_i' Source: 'clk_i.inpad[0]'

# Load Timing Constraints took 0.00 seconds (max_rss 31.7 MiB, delta_rss +0.0 MiB)
# Analytical Placement
## Prepacker

There is one chain in this architecture called "chain" with the following starting points:
	clb[0]/lab[0]/fle[0]/ble5[0]/arithmetic[0]/adder[0].cin[0]

## Prepacker took 0.00 seconds (max_rss 32.0 MiB, delta_rss +0.3 MiB)
## Initializing Pre-Cluster Timing
Using inter-cluster delay: 2.1832e-09
## Initializing Pre-Cluster Timing took 0.19 seconds (max_rss 32.6 MiB, delta_rss +0.6 MiB)
## Estimate Device Size
Device layout 'auto' with fixed width 14.
FPGA sized to 14 x 14: 196 grid tiles (auto)
## Estimate Device Size took 0.00 seconds (max_rss 32.6 MiB, delta_rss +0.0 MiB)
## Ram Mapper
Flat Placement is provided, skipping the RAM mapping.
## Ram Mapper took 0.00 seconds (max_rss 32.6 MiB, delta_rss +0.0 MiB)
## Read Atom Netlist to AP Netlist
## Read Atom Netlist to AP Netlist took 0.01 seconds (max_rss 36.4 MiB, delta_rss +3.8 MiB)
Analytical Placement Netlist Statistics:
	AP Blocks: 1315
		Moveable AP Blocks: 1315
		Fixed AP Blocks: 0
	AP Nets: 1563
		Average Fanout: 4.51
		Highest Fanout: 194
	AP Pins: 11695

## Computing placement delta delay look-up
### Build routing resource graph
### Build routing resource graph took 0.10 seconds (max_rss 45.9 MiB, delta_rss +9.5 MiB)
  RR Graph Nodes: 32900
  RR Graph Edges: 234890
### Computing router lookahead map
#### Computing wire lookahead
#### Computing wire lookahead took 0.04 seconds (max_rss 46.2 MiB, delta_rss +0.0 MiB)
#### Computing src/opin lookahead
Warning 1: Found no more sample locations for SOURCE in io
Warning 2: Found no more sample locations for OPIN in io
Warning 3: Found no more sample locations for SOURCE in clb
Warning 4: Found no more sample locations for OPIN in clb
Warning 5: Found no more sample locations for SOURCE in dsp_top
Warning 6: Found no more sample locations for OPIN in dsp_top
Warning 7: Found no more sample locations for SOURCE in memory
Warning 8: Found no more sample locations for OPIN in memory
#### Computing src/opin lookahead took 0.00 seconds (max_rss 46.2 MiB, delta_rss +0.0 MiB)
### Computing router lookahead map took 0.04 seconds (max_rss 46.2 MiB, delta_rss +0.0 MiB)
Serial Connection Router is being destroyed. Time spent on path search: 0.000 seconds.
## Computing placement delta delay look-up took 0.15 seconds (max_rss 46.2 MiB, delta_rss +9.8 MiB)
Flat Placement is provided in the AP flow, skipping the Global Placement.
0 of 1315 molecules placed at device center (no atoms of these molecules found in flat placement).
## AP Full Legalizer
### Creating Clusters
Device (width, height): (14,14)
#### Sorting and Grouping Blocks by Tile
#### Sorting and Grouping Blocks by Tile took 0.00 seconds (max_rss 46.4 MiB, delta_rss +0.0 MiB)
#### Reconstruction Pass Clustering
#### Reconstruction Pass Clustering took 2.10 seconds (max_rss 50.3 MiB, delta_rss +3.9 MiB)
#### Orphan Window Clustering with search radius 8
#### Orphan Window Clustering with search radius 8 took 0.01 seconds (max_rss 50.4 MiB, delta_rss +0.1 MiB)
FPGA sized to 14 x 14: 196 grid tiles (auto)
Device Utilization: 0.62 (target 1.00)
	Block Utilization: 0.19 Type: io
	Block Utilization: 0.93 Type: clb

----------------------------------------------------------------
                       Clustering Summary                       
----------------------------------------------------------------
Clusters created (Self Clustering)                       : 185
    clb        : 111
    io         : 74
Clusters created (Orphan Window Clustering)              : 1
    clb        : 1
Total clusters                                           : 186
Percent of clusters created in Orphan Window Clustering  : 0.54%
Molecules clustered in each stage breakdown  : (Total of 1315)
	Self Clustering          (0.996958)  : 1311
 	Neighbor Clustering      (0.000000)  : 0
	Orphan Window Clustering (0.003042)  : 4
----------------------------------------------------------------

Final Clustering Statistics: 
----------   --------   ------------------------------------   --------------------------
Block Type   # Blocks   Avg. # of input clocks and pins used   Avg. # of output pins used
----------   --------   ------------------------------------   --------------------------
     EMPTY          0                                      0                            0   
        io         74                               0.486486                     0.513514   
       clb        112                                25.4196                      8.98214   
   dsp_top          0                                      0                            0   
    memory          0                                      0                            0   
Absorbed logical nets 1698 out of 2742 nets, 1044 nets not absorbed.
#### Load packing
##### Loading packed FPGA netlist file.
Netlist generated from file '/inspire/hdd/project/project-public/changshunjie-253114010247/changshunjie-253114010247/workspace/DAC2027/TailCompile/vtr_work/tailcompile_v3/sha/4x4/gnn_candidate-fp04ebad45-flat-recon-annealer-seed12-w100-devw14/sha.locked-input.net'.
Detected 2 constant generators (to see names run with higher pack verbosity)
##### Loading packed FPGA netlist file. took 0.18 seconds (max_rss 61.8 MiB, delta_rss +5.5 MiB)
Warning 9: Treated 2 constant nets as global which will not be routed (to see net names increase packer verbosity).
Netlist contains 33 global net to non-global architecture pin connections
Completed clustering consistency check successfully.
Cluster level netlist and block usage statistics
Netlist num_nets: 1044
Netlist num_blocks: 186
Netlist EMPTY blocks: 0.
Netlist io blocks: 74.
Netlist clb blocks: 112.
Netlist dsp_top blocks: 0.
Netlist memory blocks: 0.
Netlist inputs pins: 38
Netlist output pins: 36

Pb types usage...
  io               : 74
   inpad           : 38
   outpad          : 36
  clb              : 112
   lab             : 112
    fle            : 1086
     ble5          : 882
      flut5        : 573
       lut5        : 573
        lut        : 573
       ff          : 353
      arithmetic   : 309
       adder       : 309
     ble6          : 642
      lut6         : 642
       lut         : 642
      ff           : 540

#### Load packing took 0.25 seconds (max_rss 96.6 MiB, delta_rss +40.2 MiB)
Netlist contains 33 global net to non-global architecture pin connections
Cluster level netlist and block usage statistics
Netlist num_nets: 1044
Netlist num_blocks: 186
Netlist EMPTY blocks: 0.
Netlist io blocks: 74.
Netlist clb blocks: 112.
Netlist dsp_top blocks: 0.
Netlist memory blocks: 0.
Netlist inputs pins: 38
Netlist output pins: 36
### Creating Clusters took 2.47 seconds (max_rss 96.6 MiB, delta_rss +50.2 MiB)
Completed clustering consistency check successfully.
FPGA sized to 14 x 14: 196 grid tiles (auto)
### Compressed grid construction
### Compressed grid construction took 0.00 seconds (max_rss 96.6 MiB, delta_rss +0.0 MiB)
### Initial Placement
Placing clusters that are part of larger macros...
Number of blocks to be placed: 18
Max distance on device: 28
---- ---------- ---------- -------------
Pass Max Displ. Num Blocks Num Blocks   
     Threshold  Placed     Left Unplaced
---- ---------- ---------- -------------
   0          0         12             6
   1          1          2             4
   2          2          4             0

Placing general clusters...
Number of blocks to be placed: 168
Max distance on device: 28
---- ---------- ---------- -------------
Pass Max Displ. Num Blocks Num Blocks   
     Threshold  Placed     Left Unplaced
---- ---------- ---------- -------------
   0          0        159             9
   1          1          2             7
   2          2          1             6
   3          4          3             3
   4          8          2             1
   5         16          1             0

### Initial Placement took 0.00 seconds (max_rss 96.6 MiB, delta_rss +0.0 MiB)
Flat Placement Reconstruction Info:
	Percent of clusters with reconstruction errors: 0.537634
	Total displacement of initial placement from flat placement: 1752.000000
	Average atom displacement of initial placement from flat placement: 0.703332
	Max atom displacement of initial placement from flat placement: 11.000000
	Percent of atoms misplaced from the flat placement: 21.999197
## AP Full Legalizer took 2.48 seconds (max_rss 96.7 MiB, delta_rss +50.3 MiB)

Resource usage...
	Netlist
		74	blocks of type: io
	Architecture
		384	blocks of type: io
	Netlist
		112	blocks of type: clb
	Architecture
		120	blocks of type: clb
	Netlist
		0	blocks of type: dsp_top
	Architecture
		3	blocks of type: dsp_top
	Netlist
		0	blocks of type: memory
	Architecture
		6	blocks of type: memory

Device Utilization: 0.62 (target 1.00)
	Physical Tile io:
	Block Utilization: 0.19 Logical Block: io
	Physical Tile clb:
	Block Utilization: 0.93 Logical Block: clb
	Physical Tile dsp_top:
	Block Utilization: 0.00 Logical Block: dsp_top
	Physical Tile memory:
	Block Utilization: 0.00 Logical Block: memory

## Computing placement delta delay look-up
RR graph channel widths unchanged, skipping RR graph rebuild
Serial Connection Router is being destroyed. Time spent on path search: 0.000 seconds.
## Computing placement delta delay look-up took 0.00 seconds (max_rss 96.7 MiB, delta_rss +0.0 MiB)
Using simple RL 'Softmax agent' for choosing move and block types

Completed placement consistency check successfully.
Initial placement cost: 1 bb_cost: 113.628 td_cost: 6.71852e-07
Initial placement BB estimate of wirelength: 11340.3
Initial placement estimated Critical Path Delay (CPD): 10.4849 ns
Initial placement estimated setup Total Negative Slack (sTNS): -2982.64 ns
Initial placement estimated setup Worst Negative Slack (sWNS): -10.4849 ns

Initial placement estimated setup slack histogram:
[   -1e-08: -9.5e-09)  15 (  1.6%) |*
[ -9.5e-09: -8.5e-09)  16 (  1.7%) |*
[ -8.5e-09: -7.6e-09)   1 (  0.1%) |
[ -7.6e-09: -6.6e-09)   0 (  0.0%) |
[ -6.6e-09: -5.6e-09)   0 (  0.0%) |
[ -5.6e-09: -4.6e-09)   1 (  0.1%) |
[ -4.6e-09: -3.6e-09) 125 ( 13.5%) |*********
[ -3.6e-09: -2.7e-09) 635 ( 68.4%) |***********************************************
[ -2.7e-09: -1.7e-09)  87 (  9.4%) |******
[ -1.7e-09:   -7e-10)  49 (  5.3%) |****
Placement contains 9 placement macros involving 18 blocks (average macro size 2.000000)

Moves per temperature: 530
## AP Detailed Placer

---- ------ ------- ------- ---------- ---------- ------- ---------- -------- ------- ------- ------ -------- --------- ------
Tnum  Time     T    AvCost  Av BB Cost Av TD Cost   CPD      sTNS      sWNS   AcRate  StdDev  R lim  CritExp  TotMoves  Alpha 
     (sec)                                          (ns)     (ns)      (ns)                                                   
---- ------ ------- ------- ---------- ---------- ------- ---------- -------- ------- ------- ------ -------- --------- ------
   1    0.0 4.3e-03   1.048     109.48 6.6301e-07  10.356  -3.08e+03  -10.356   0.713  0.0322   13.0     1.00        530  1.000
   2    0.0 4.1e-03   0.985     113.74 7.095e-07   10.179  -3.19e+03  -10.179   0.713  0.0127   13.0     1.00       1060  0.950
   3    0.0 3.9e-03   0.998     110.44 6.5682e-07  11.628   -3.7e+03  -11.628   0.706  0.0100   13.0     1.00       1590  0.950
   4    0.0 3.7e-03   0.978     112.72 6.7351e-07  10.860  -3.43e+03  -10.860   0.742  0.0077   13.0     1.00       2120  0.950
   5    0.0 3.5e-03   0.965     111.98 6.5363e-07  10.769  -3.17e+03  -10.769   0.683  0.0223   13.0     1.00       2650  0.950
   6    0.0 3.3e-03   1.003     112.44 6.823e-07   10.100     -3e+03  -10.100   0.658  0.0178   13.0     1.00       3180  0.950
   7    0.0 3.2e-03   1.017     112.10 6.7864e-07  10.516  -3.22e+03  -10.516   0.709  0.0140   13.0     1.00       3710  0.950
   8    0.0 3.0e-03   0.999     110.92 6.6527e-07  11.021  -3.43e+03  -11.021   0.687  0.0063   13.0     1.00       4240  0.950
   9    0.0 2.9e-03   0.982     109.29 7.1982e-07   9.786  -3.15e+03   -9.786   0.660  0.0059   13.0     1.00       4770  0.950
  10    0.0 2.7e-03   0.986     107.57 6.6373e-07  10.540  -3.29e+03  -10.540   0.649  0.0093   13.0     1.00       5300  0.950
  11    0.0 2.6e-03   1.002     107.19 6.8628e-07  10.022  -3.07e+03  -10.022   0.681  0.0079   13.0     1.00       5830  0.950
  12    0.0 2.5e-03   0.981     106.63 6.3424e-07  11.456  -3.57e+03  -11.456   0.642  0.0067   13.0     1.00       6360  0.950
  13    0.0 2.3e-03   0.993     104.07 6.652e-07   10.606  -3.31e+03  -10.606   0.602  0.0057   13.0     1.00       6890  0.950
  14    0.0 2.2e-03   0.991     103.87 6.6482e-07  10.550   -3.4e+03  -10.550   0.589  0.0059   13.0     1.00       7420  0.950
  15    0.0 2.1e-03   0.972     100.23 6.4049e-07  10.494  -3.23e+03  -10.494   0.575  0.0094   13.0     1.00       7950  0.950
  16    0.0 2.0e-03   0.989      98.28 6.7087e-07   9.567  -3.09e+03   -9.567   0.564  0.0057   13.0     1.00       8480  0.950
  17    0.0 1.9e-03   0.988      98.58 6.3674e-07  10.461  -3.27e+03  -10.461   0.577  0.0080   13.0     1.00       9010  0.950
  18    0.0 1.8e-03   0.980      96.31 6.1953e-07  10.721  -3.26e+03  -10.721   0.545  0.0086   13.0     1.00       9540  0.950
  19    0.0 1.7e-03   0.997      93.51 6.427e-07   10.224  -3.29e+03  -10.224   0.519  0.0053   13.0     1.00      10070  0.950
  20    0.0 1.6e-03   0.995      95.12 6.3477e-07  10.178  -3.12e+03  -10.178   0.596  0.0068   13.0     1.00      10600  0.950
  21    0.0 1.6e-03   0.999      93.76 6.3494e-07  10.312  -3.29e+03  -10.312   0.536  0.0042   13.0     1.00      11130  0.950
  22    0.0 1.5e-03   0.993      93.38 6.2935e-07  10.024  -3.05e+03  -10.024   0.506  0.0067   13.0     1.00      11660  0.950
  23    0.0 1.4e-03   1.006      94.51 6.3395e-07  10.110   -3.1e+03  -10.110   0.558  0.0035   13.0     1.00      12190  0.950
  24    0.0 1.3e-03   0.998      94.35 6.3304e-07  10.177  -3.16e+03  -10.177   0.536  0.0035   13.0     1.00      12720  0.950
  25    0.0 1.3e-03   0.989      93.29 6.1309e-07  10.421  -3.16e+03  -10.421   0.515  0.0038   13.0     1.00      13250  0.950
  26    0.0 1.2e-03   0.991      91.26 6.2469e-07  10.092  -3.12e+03  -10.092   0.491  0.0053   13.0     1.00      13780  0.950
  27    0.0 1.1e-03   0.991      90.62 6.2029e-07  10.177  -3.21e+03  -10.177   0.474  0.0032   13.0     1.00      14310  0.950
  28    0.0 1.1e-03   1.004      91.02 6.1597e-07  10.054  -3.06e+03  -10.054   0.502  0.0039   13.0     1.00      14840  0.950
  29    0.0 1.0e-03   0.986      89.00 6.1016e-07  10.119  -3.06e+03  -10.119   0.462  0.0083   13.0     1.00      15370  0.950
  30    0.0 9.8e-04   1.005      88.70 5.9513e-07  10.327  -3.02e+03  -10.327   0.489  0.0040   13.0     1.00      15900  0.950
  31    0.0 9.3e-04   1.001      90.28 6.2245e-07   9.911  -3.04e+03   -9.911   0.483  0.0034   13.0     1.00      16430  0.950
  32    0.0 8.8e-04   0.988      89.18 6.1604e-07   9.928  -3.02e+03   -9.928   0.464  0.0066   13.0     1.00      16960  0.950
  33    0.0 8.4e-04   1.003      88.47 6.0923e-07  10.043  -3.06e+03  -10.043   0.468  0.0031   13.0     1.00      17490  0.950
  34    0.0 8.0e-04   0.994      87.31 6.1005e-07   9.893  -2.95e+03   -9.893   0.468  0.0031   13.0     1.00      18020  0.950
  35    0.0 7.6e-04   0.997      87.80 6.1558e-07   9.899  -3.11e+03   -9.899   0.449  0.0022   13.0     1.00      18550  0.950
  36    0.0 7.2e-04   0.994      87.76 6.3308e-07   9.601  -3.14e+03   -9.601   0.428  0.0038   13.0     1.00      19080  0.950
  37    0.0 6.8e-04   0.998      87.73 5.8121e-07   9.604  -3.15e+03   -9.604   0.468  0.0036   12.8     1.09      19610  0.950
  38    0.0 6.5e-04   0.999      87.44 6.1234e-07   9.753  -3.03e+03   -9.753   0.415  0.0017   13.0     1.00      20140  0.950
  39    0.0 6.2e-04   0.996      86.99 5.0628e-07   9.961  -3.01e+03   -9.961   0.385  0.0032   12.7     1.19      20670  0.950
  40    0.0 5.8e-04   0.995      86.64 3.6559e-07   9.944  -3.09e+03   -9.944   0.406  0.0024   12.0     1.60      21200  0.950
  41    0.0 5.6e-04   0.997      85.30 3.1023e-07   9.912  -3.02e+03   -9.912   0.385  0.0026   11.6     1.84      21730  0.950
  42    0.0 5.3e-04   1.000      84.82 2.5165e-07   9.851  -2.95e+03   -9.851   0.419  0.0011   10.9     2.21      22260  0.950
  43    0.0 5.0e-04   0.995      84.90 2.3764e-07   9.851  -3.02e+03   -9.851   0.370  0.0023   10.7     2.34      22790  0.950
  44    0.0 4.8e-04   0.996      84.04 2.0089e-07   9.807     -3e+03   -9.807   0.351  0.0024    9.9     2.78      23320  0.950
  45    0.0 4.5e-04   0.997      83.71 1.766e-07    9.685  -3.01e+03   -9.685   0.343  0.0044    9.1     3.30      23850  0.950
  46    0.0 4.3e-04   1.002      83.56 1.5977e-07   9.515  -2.91e+03   -9.515   0.351  0.0012    8.2     3.81      24380  0.950
  47    0.0 4.1e-04   0.998      84.17 1.514e-07    9.286  -2.95e+03   -9.286   0.340  0.0011    7.5     4.23      24910  0.950
  48    0.0 3.9e-04   0.997      83.98 1.4181e-07   9.286  -2.92e+03   -9.286   0.336  0.0014    6.7     4.67      25440  0.950
  49    0.0 3.7e-04   0.995      84.07 1.3368e-07   9.456  -2.96e+03   -9.456   0.315  0.0034    6.0     5.08      25970  0.950
  50    0.0 3.5e-04   0.998      83.13 1.3068e-07   9.273     -3e+03   -9.273   0.342  0.0016    5.3     5.52      26500  0.950
  51    0.0 3.3e-04   1.000      83.07 1.2328e-07   9.513  -3.04e+03   -9.513   0.340  0.0009    4.7     5.82      27030  0.950
  52    0.0 3.2e-04   1.000      82.98 1.2058e-07   9.430  -3.01e+03   -9.430   0.332  0.0012    4.3     6.10      27560  0.950
  53    0.0 3.0e-04   0.995      82.08 1.184e-07    9.430  -3.03e+03   -9.430   0.313  0.0031    3.8     6.36      28090  0.950
  54    0.0 2.9e-04   1.000      81.99 1.177e-07    9.375  -3.08e+03   -9.375   0.321  0.0012    3.3     6.65      28620  0.950
  55    0.0 2.7e-04   0.998      81.78 1.2104e-07   9.199  -3.09e+03   -9.199   0.351  0.0017    2.9     6.88      29150  0.950
  56    0.0 2.6e-04   0.996      80.79 1.1619e-07   9.371  -3.11e+03   -9.371   0.304  0.0011    2.7     7.03      29680  0.950
  57    0.0 2.4e-04   1.000      80.49 1.149e-07    9.371   -3.1e+03   -9.371   0.268  0.0013    2.3     7.24      30210  0.950
  58    0.0 2.3e-04   0.999      79.91 1.1752e-07   9.216   -3.1e+03   -9.216   0.411  0.0009    1.9     7.47      30740  0.950
  59    0.0 2.2e-04   0.997      79.31 1.1529e-07   9.376  -3.06e+03   -9.376   0.387  0.0010    1.9     7.50      31270  0.950
  60    0.0 2.1e-04   0.998      78.85 1.1462e-07   9.407   -3.1e+03   -9.407   0.315  0.0012    1.8     7.56      31800  0.950
  61    0.0 2.0e-04   0.996      78.18 1.1398e-07   9.379  -3.03e+03   -9.379   0.338  0.0010    1.5     7.69      32330  0.950
  62    0.0 1.9e-04   0.999      77.79 1.1272e-07   9.457  -3.04e+03   -9.457   0.323  0.0007    1.4     7.78      32860  0.950
  63    0.0 1.8e-04   1.000      77.64 1.103e-07    9.578  -3.06e+03   -9.578   0.274  0.0009    1.2     7.87      33390  0.950
  64    0.0 1.7e-04   0.998      77.34 1.0969e-07   9.578  -3.06e+03   -9.578   0.253  0.0011    1.0     7.99      33920  0.950
  65    0.0 1.6e-04   1.000      76.90 1.0954e-07   9.588     -3e+03   -9.588   0.240  0.0006    1.0     8.00      34450  0.950
  66    0.0 1.5e-04   0.999      76.97 1.1014e-07   9.495  -2.99e+03   -9.495   0.302  0.0012    1.0     8.00      34980  0.950
  67    0.0 1.5e-04   1.001      76.69 1.103e-07    9.486  -3.02e+03   -9.486   0.258  0.0012    1.0     8.00      35510  0.950
  68    0.0 1.4e-04   0.998      76.58 1.1032e-07   9.486  -3.03e+03   -9.486   0.255  0.0008    1.0     8.00      36040  0.950
  69    0.0 1.3e-04   1.000      76.64 1.1445e-07   9.287  -3.03e+03   -9.287   0.192  0.0005    1.0     8.00      36570  0.950
  70    0.0 1.3e-04   0.998      76.19 1.1019e-07   9.486  -3.03e+03   -9.486   0.217  0.0008    1.0     8.00      37100  0.950
  71    0.0 1.2e-04   1.001      76.16 1.1021e-07   9.486  -3.04e+03   -9.486   0.189  0.0005    1.0     8.00      37630  0.950
  72    0.0 1.1e-04   0.999      76.14 1.0922e-07   9.578  -3.04e+03   -9.578   0.208  0.0010    1.0     8.00      38160  0.950
  73    0.0 1.1e-04   0.999      76.02 1.1002e-07   9.495  -3.04e+03   -9.495   0.177  0.0004    1.0     8.00      38690  0.950
  74    0.0 1.0e-04   0.999      75.97 1.1008e-07   9.486  -2.98e+03   -9.486   0.158  0.0005    1.0     8.00      39220  0.950
  75    0.0 9.7e-05   0.999      75.94 1.1003e-07   9.486  -3.04e+03   -9.486   0.168  0.0005    1.0     8.00      39750  0.950
  76    0.0 9.2e-05   1.001      75.89 1.0996e-07   9.486  -2.98e+03   -9.486   0.162  0.0006    1.0     8.00      40280  0.950
  77    0.0 8.8e-05   1.000      75.80 1.0997e-07   9.486     -3e+03   -9.486   0.149  0.0003    1.0     8.00      40810  0.950
Agent's 2nd state: 
  78    0.0 7.0e-05   1.000      75.69 1.1009e-07   9.486     -3e+03   -9.486   0.143  0.0003    1.0     8.00      41340  0.800
Checkpoint saved: bb_costs=75.5978, TD costs=1.1038e-07, CPD=  9.486 (ns) 
  79    0.0 5.6e-05   0.999      75.52 1.1038e-07   9.486  -2.99e+03   -9.486   0.087  0.0003    1.0     8.00      41870  0.800
  80    0.0 4.5e-05   1.000      75.48 1.1042e-07   9.486  -2.99e+03   -9.486   0.083  0.0002    1.0     8.00      42400  0.800
  81    0.0 3.6e-05   1.000      75.58 1.102e-07    9.486  -2.99e+03   -9.486   0.074  0.0001    1.0     8.00      42930  0.800
  82    0.0 2.9e-05   1.000      75.62 1.0987e-07   9.486  -2.99e+03   -9.486   0.104  0.0003    1.0     8.00      43460  0.800
  83    0.0 2.3e-05   1.000      75.56 1.0978e-07   9.486  -2.99e+03   -9.486   0.083  0.0003    1.0     8.00      43990  0.800
  84    0.0 1.8e-05   1.000      75.51 1.0967e-07   9.486  -2.99e+03   -9.486   0.055  0.0000    1.0     8.00      44520  0.800
  85    0.0 1.5e-05   0.999      75.47 1.0965e-07   9.486  -2.99e+03   -9.486   0.053  0.0002    1.0     8.00      45050  0.800
  86    0.0 1.2e-05   1.000      75.28 1.1016e-07   9.486  -2.99e+03   -9.486   0.047  0.0001    1.0     8.00      45580  0.800
  87    0.0 9.4e-06   1.000      75.30 1.1007e-07   9.486  -2.99e+03   -9.486   0.051  0.0002    1.0     8.00      46110  0.800
  88    0.0 7.5e-06   1.000      75.32 1.0987e-07   9.486  -2.99e+03   -9.486   0.040  0.0000    1.0     8.00      46640  0.800
  89    0.0 6.0e-06   1.000      75.31 1.0987e-07   9.486  -2.99e+03   -9.486   0.051  0.0001    1.0     8.00      47170  0.800
  90    0.0 4.8e-06   1.000      75.30 1.0987e-07   9.486  -2.99e+03   -9.486   0.021  0.0000    1.0     8.00      47700  0.800
  91    0.0 0.0e+00   1.000      75.30 1.0987e-07   9.486  -2.99e+03   -9.486   0.011  0.0000    1.0     8.00      48230  0.800
### Placement Quench took 0.01 seconds (max_rss 97.9 MiB)
post-quench CPD = 9.48601 (ns) 

Completed placement consistency check successfully.

Swaps called: 48416

Aborted Move Reasons:
  duplicate block move to location: 97
  macro move to location illegal: 2
  macro_from swap to location illegal: 248

BB estimate of min-dist (placement) wire length: 7502

Placement estimated critical path delay (least slack): 9.48601 ns, Fmax: 105.418 MHz
Placement estimated critical path skew: -0.04243 ns
Placement estimated setup Worst Negative Slack (sWNS): -9.48601 ns
Placement estimated setup Total Negative Slack (sTNS): -2991.03 ns
Placement estimated setup Worst Skew (sWS): -0.04243 ns

Placement estimated setup slack histogram:
[ -9.5e-09: -8.6e-09)  16 (  1.7%) |*
[ -8.6e-09: -7.7e-09)  16 (  1.7%) |*
[ -7.7e-09: -6.9e-09)   0 (  0.0%) |
[ -6.9e-09:   -6e-09)   0 (  0.0%) |
[   -6e-09: -5.1e-09)   0 (  0.0%) |
[ -5.1e-09: -4.2e-09)  67 (  7.2%) |*****
[ -4.2e-09: -3.3e-09) 109 ( 11.7%) |*********
[ -3.3e-09: -2.5e-09) 598 ( 64.4%) |***********************************************
[ -2.5e-09: -1.6e-09)  73 (  7.9%) |******
[ -1.6e-09:   -7e-10)  50 (  5.4%) |****

Placement estimated geomean non-virtual intra-domain period: 9.48601 ns (105.418 MHz)
Placement estimated fanout-weighted geomean non-virtual intra-domain period: 9.48601 ns (105.418 MHz)

Placement cost: 0.99992, bb_cost: 75.2874, td_cost: 1.09866e-07, 

Placement resource usage:
  io  implemented as io : 74
  clb implemented as clb: 112

Placement number of temperatures: 91
Placement total # of swap attempts: 48416
	Swaps accepted: 18067 (37.3 %)
	Swaps rejected: 29608 (61.2 %)
	Swaps aborted:   741 ( 1.5 %)


Placement perturbation distribution by block and move type: 
------------------ ----------------- ---------------- ---------------- --------------- ------------ 
    Block Type         Move Type       (%) of Total      Accepted(%)     Rejected(%)    Aborted(%)
------------------ ----------------- ---------------- ---------------- --------------- ------------ 
io                 Uniform                9.37             63.87           36.13          0.00         
                   Median                 9.02             62.56           31.99          5.45         
                   Centroid               9.01             66.06           33.88          0.07         
                   W. Centroid            9.30             67.52           32.42          0.07         
                   W. Median              0.90             17.89           75.92          6.19         

clb                Uniform                15.37            18.33           80.10          1.57         
                   Median                 14.00            27.87           70.11          2.02         
                   Centroid               13.64            23.24           75.93          0.83         
                   W. Centroid            14.09            23.99           74.79          1.22         
                   W. Median              1.18             1.40            94.40          4.20         
                   Crit. Uniform          2.05             0.00            100.00         0.00         
                   Feasible Region        2.07             0.50            94.11          5.39         


Placement Quench timing analysis took 0.00366211 seconds (0.00332022 STA, 0.000341886 slack) (1 full updates: 1 setup, 0 hold, 0 combined).
Placement Total  timing analysis took 0.381195 seconds (0.341912 STA, 0.039283 slack) (93 full updates: 93 setup, 0 hold, 0 combined).
update_td_costs: connections 0.00200977 nets 0 sum_nets 0.00128421 total 0.00338568
## AP Detailed Placer took 0.87 seconds (max_rss 98.1 MiB, delta_rss +0.2 MiB)
Incr Slack updates 93 in 0.01072 sec
Full Max Req/Worst Slack updates 38 in 0.00102161 sec
Incr Max Req/Worst Slack updates 55 in 0.00190413 sec
Incr Criticality updates 25 in 0.00566136 sec
Full Criticality updates 68 in 0.0165635 sec
Incr Slack updates 1 in 9.7028e-05 sec
Full Max Req/Worst Slack updates 1 in 3.4471e-05 sec
Incr Max Req/Worst Slack updates 0 in 0 sec
Incr Criticality updates 0 in 0 sec
Full Criticality updates 1 in 0.000261718 sec
# Analytical Placement took 3.78 seconds (max_rss 98.2 MiB, delta_rss +66.5 MiB)


# Routing
RR graph channel widths unchanged, skipping RR graph rebuild
## Initializing router criticalities
Initial Net Connection Criticality Histogram:
[        0:      0.1) 243 (  8.4%) |**************
[      0.1:      0.2) 756 ( 26.2%) |******************************************
[      0.2:      0.3) 536 ( 18.6%) |******************************
[      0.3:      0.4) 845 ( 29.3%) |***********************************************
[      0.4:      0.5) 114 (  4.0%) |******
[      0.5:      0.6)  39 (  1.4%) |**
[      0.6:      0.7)  60 (  2.1%) |***
[      0.7:      0.8)  36 (  1.2%) |**
[      0.8:      0.9)  43 (  1.5%) |**
[      0.9:        1) 211 (  7.3%) |************
## Initializing router criticalities took 0.05 seconds (max_rss 98.2 MiB, delta_rss +0.0 MiB)
---- ------ ------- ---- ------- ------- ------- ----------------- --------------- -------- ---------- ---------- ---------- ---------- --------
Iter   Time    pres  BBs    Heap  Re-Rtd  Re-Rtd Overused RR Nodes      Wirelength      CPD       sTNS       sWNS       hTNS       hWNS Est Succ
      (sec)     fac Updt    push    Nets   Conns                                       (ns)       (ns)       (ns)       (ns)       (ns)     Iter
---- ------ ------- ---- ------- ------- ------- ----------------- --------------- -------- ---------- ---------- ---------- ---------- --------
   1    0.0     0.0    0  116133    1041    2751    1052 ( 3.198%)   11552 (37.0%)    8.821     -2868.     -8.821      0.000      0.000      N/A
   2    0.0     0.5    0  103523     791    2237     726 ( 2.207%)   11673 (37.4%)    8.821     -2944.     -8.821      0.000      0.000      N/A
   3    0.0     0.6    0   89111     646    1719     640 ( 1.945%)   11981 (38.4%)    8.821     -2914.     -8.821      0.000      0.000      N/A
   4    0.0     0.8    0   87144     568    1497     558 ( 1.696%)   12174 (39.0%)    8.821     -3001.     -8.821      0.000      0.000      N/A
   5    0.0     1.1    0   85284     514    1405     448 ( 1.362%)   12370 (39.6%)    8.821     -2971.     -8.821      0.000      0.000      N/A
   6    0.0     1.4    0   77401     433    1161     350 ( 1.064%)   12641 (40.5%)    8.821     -2931.     -8.821      0.000      0.000      N/A
   7    0.0     1.9    0   69975     357     982     270 ( 0.821%)   12950 (41.5%)    8.821     -2940.     -8.821      0.000      0.000      N/A
   8    0.0     2.4    0   57043     279     732     195 ( 0.593%)   13243 (42.4%)    8.831     -3092.     -8.831      0.000      0.000      N/A
   9    0.0     3.1    0   46937     244     562     159 ( 0.483%)   13435 (43.1%)    8.831     -3126.     -8.831      0.000      0.000       28
  10    0.0     4.1    0   42279     197     424     123 ( 0.374%)   13607 (43.6%)    8.831     -3173.     -8.831      0.000      0.000       28
  11    0.0     5.3    0   34790     160     312      85 ( 0.258%)   13744 (44.1%)    8.831     -3178.     -8.831      0.000      0.000       27
  12    0.0     6.9    0   28950     128     275      77 ( 0.234%)   13872 (44.5%)    8.831     -3189.     -8.831      0.000      0.000       29
  13    0.0     9.0    0   35282     117     225      59 ( 0.179%)   14021 (44.9%)    9.029     -3196.     -9.029      0.000      0.000       29
  14    0.0    11.6    0   33089      94     166      44 ( 0.134%)   14320 (45.9%)    9.342     -3205.     -9.342      0.000      0.000       29
  15    0.0    15.1    0   29563      82     146      29 ( 0.088%)   14482 (46.4%)    9.228     -3220.     -9.228      0.000      0.000       28
  16    0.0    19.7    0   26538      62     104      27 ( 0.082%)   14607 (46.8%)    9.256     -3227.     -9.256      0.000      0.000       28
  17    0.0    25.6    0   20257      61     107      21 ( 0.064%)   14719 (47.2%)    9.228     -3221.     -9.228      0.000      0.000       29
  18    0.0    33.3    0   23222      53      92      17 ( 0.052%)   14768 (47.3%)    9.966     -3236.     -9.966      0.000      0.000       29
  19    0.0    43.3    0   18752      50      79       9 ( 0.027%)   14809 (47.5%)    9.653     -3230.     -9.653      0.000      0.000       28
  20    0.0    56.2    0   11011      42      72      11 ( 0.033%)   14818 (47.5%)    9.247     -3226.     -9.247      0.000      0.000       29
  21    0.0    73.1    0   17889      45      99      10 ( 0.030%)   14926 (47.8%)    9.455     -3277.     -9.455      0.000      0.000       30
  22    0.0    95.0    0   10714      42      71       5 ( 0.015%)   14992 (48.1%)    9.662     -3284.     -9.662      0.000      0.000       29
  23    0.0   123.5    0    9852      36      63       5 ( 0.015%)   14990 (48.0%)    9.870     -3284.     -9.870      0.000      0.000       29
  24    0.0   160.6    0   10052      39      65       1 ( 0.003%)   15057 (48.3%)   10.431     -3295.    -10.431      0.000      0.000       27
  25    0.0   208.8    0    8764      34      61       2 ( 0.006%)   15042 (48.2%)    9.870     -3286.     -9.870      0.000      0.000       27
  26    0.0   271.4    0    9188      34      59       1 ( 0.003%)   15071 (48.3%)   10.487     -3304.    -10.487      0.000      0.000       27
  27    0.0   352.8    0    8503      30      52       0 ( 0.000%)   15069 (48.3%)   10.902     -3306.    -10.902      0.000      0.000      N/A
Restoring best routing
Critical path: 10.9024 ns
Successfully routed after 27 routing iterations.
Final Net Connection Criticality Histogram:
[        0:      0.1) 494 ( 17.1%) |****************************
[      0.1:      0.2) 542 ( 18.8%) |******************************
[      0.2:      0.3) 841 ( 29.2%) |***********************************************
[      0.3:      0.4) 510 ( 17.7%) |*****************************
[      0.4:      0.5) 123 (  4.3%) |*******
[      0.5:      0.6)  41 (  1.4%) |**
[      0.6:      0.7)  48 (  1.7%) |***
[      0.7:      0.8)  52 (  1.8%) |***
[      0.8:      0.9) 102 (  3.5%) |******
[      0.9:        1) 130 (  4.5%) |*******
Router Stats: total_nets_routed: 6179 total_connections_routed: 15518 total_heap_pushes: 1111246 total_heap_pops: 280380 
Serial Connection Router is being destroyed. Time spent on path search: 0.135 seconds.
# Routing took 0.49 seconds (max_rss 98.2 MiB, delta_rss +0.0 MiB)

Checking to ensure routing is legal...
# Checking to ensure non-configurable edges are legal
# Checking to ensure non-configurable edges are legal took 0.00 seconds (max_rss 98.2 MiB, delta_rss +0.0 MiB)
Completed routing consistency check successfully.

Serial number (magic cookie) for the routing is: -111900497
Circuit successfully routed with a channel width factor of 100.
Incr Slack updates 28 in 0.00284031 sec
Full Max Req/Worst Slack updates 7 in 0.000191063 sec
Incr Max Req/Worst Slack updates 21 in 0.000740591 sec
Incr Criticality updates 9 in 0.00207079 sec
Full Criticality updates 19 in 0.0050625 sec
# Synchronize the packed netlist to routing optimization
## Annotating rr_node with routed nets
## Annotating rr_node with routed nets took 0.00 seconds (max_rss 98.2 MiB, delta_rss +0.0 MiB)
Found 3922 mismatches between routing and packing results.
Fixed 2538 routing traces due to mismatch between routing and packing results.
# Synchronize the packed netlist to routing optimization took 0.03 seconds (max_rss 98.2 MiB, delta_rss +0.0 MiB)
Final Clustering Statistics: 
----------   --------   ------------------------------------   --------------------------
Block Type   # Blocks   Avg. # of input clocks and pins used   Avg. # of output pins used
----------   --------   ------------------------------------   --------------------------
     EMPTY          0                                      0                            0   
        io         74                               0.486486                     0.513514   
       clb        112                                25.4196                      8.98214   
   dsp_top          0                                      0                            0   
    memory          0                                      0                            0   
Absorbed logical nets 1698 out of 2742 nets, 1044 nets not absorbed.


Average number of bends per net: 1.77137  Maximum # of bends: 60

Number of global nets: 3
Number of routed nets (nonglobal): 1041
Wire length results (in units of 1 clb segments)...
	Total wirelength: 15069, average net length: 14.4755
	Maximum net length: 446

Wire length results in terms of physical segments...
	Total wiring segments used: 4170, average wire segments per net: 4.00576
	Maximum segments used by a net: 134
	Total local nets with reserved CLB opins: 0
Total number of nets absorbed: 9

Routing channel utilization histogram:
[        1:      inf)  0 (  0.0%) |
[      0.9:        1)  4 (  1.2%) |**
[      0.8:      0.9) 21 (  6.2%) |************
[      0.7:      0.8) 81 ( 24.0%) |************************************************
[      0.5:      0.6) 40 ( 11.8%) |************************
[      0.4:      0.5) 42 ( 12.4%) |*************************
[      0.3:      0.4) 40 ( 11.8%) |************************
[      0.2:      0.3) 36 ( 10.7%) |*********************
[      0.1:      0.2) 42 ( 12.4%) |*************************
[        0:      0.1) 32 (  9.5%) |*******************
Maximum routing channel utilization:      0.95 at (12,8)

X - Directed channels: layer   y   max occ   ave occ   ave cap
                        ----- ---- -------- -------- --------
                            0    0       76   46.250      100
                            0    1       60   36.583      100
                            0    2       83   48.083      100
                            0    3       78   50.167      100
                            0    4       79   51.333      100
                            0    5       77   49.167      100
                            0    6       79   51.833      100
                            0    7       78   51.667      100
                            0    8       76   51.833      100
                            0    9       69   45.500      100
                            0   10       62   41.500      100
                            0   11       46   31.417      100
                            0   12       70   48.833      100
Y - Directed channels: layer   x   max occ   ave occ   ave cap
                        ----- ---- -------- -------- --------
                            0    0       24   18.750      100
                            0    1       23   16.167      100
                            0    2       22   16.833      100
                            0    3       46   35.833      100
                            0    4       58   45.917      100
                            0    5       61   50.500      100
                            0    6       51   41.583      100
                            0    7       77   62.333      100
                            0    8       84   67.417      100
                            0    9       84   73.333      100
                            0   10       87   71.750      100
                            0   11       88   71.333      100
                            0   12       95   79.833      100

Total existing wires segments: CHANX     15600, CHANY     15600, CHANZ         0, ALL     31200
Total used wires segments:     CHANX      7250, CHANY      7819, CHANZ         0, ALL     15069
Usage percentage:              CHANX     46.5%, CHANY     50.1%, CHANZ      0.0%, ALL     48.3%

Logic area (in minimum width transistor areas, excludes I/Os and empty grid tiles)...
	Total logic block area (Warning, need to add pitch of routing to blocks with height > 3): 4.93594e+06
	Total used logic block area: 3.12536e+06

Routing area (in minimum width transistor areas)...
	Total routing area: 1.44594e+06, per logic tile: 7377.25

Total Number of Wiring Segments by Direction: direction length number
                                              --------- ------ -------
                                                      X      4   4192
                                                      Y      4   4192
                                                      X     16    318
                                                      Y     16    318

X - Directed Wiring Segment usage by length: length utilization
                                             ------ -----------
                                             4       0.475
                                            16       0.151

Y - Directed Wiring Segment usage by length: length utilization
                                             ------ -----------
                                             4       0.492
                                            16       0.214

Segment occupancy by length: Length Occupancy Capacity Utilization
                             ------ --------- -------- -----------
                             L4          4054     8384       0.484
                             L16          116      636       0.182

Segment occupancy by type: name type utilization
                           ---- ---- -----------
                             L4    0       0.484
                            L16    1       0.182

Final hold Worst Negative Slack (hWNS): 0 ns
Final hold Total Negative Slack (hTNS): 0 ns
Final hold Worst Skew (hWS): 0 ns

Final hold slack histogram:
[  1.9e-10:  5.3e-10) 844 ( 90.9%) |***********************************************
[  5.3e-10:  8.7e-10)  40 (  4.3%) |**
[  8.7e-10:  1.2e-09)  30 (  3.2%) |**
[  1.2e-09:  1.6e-09)   5 (  0.5%) |
[  1.6e-09:  1.9e-09)   4 (  0.4%) |
[  1.9e-09:  2.2e-09)   3 (  0.3%) |
[  2.2e-09:  2.6e-09)   0 (  0.0%) |
[  2.6e-09:  2.9e-09)   2 (  0.2%) |
[  2.9e-09:  3.3e-09)   0 (  0.0%) |
[  3.3e-09:  3.6e-09)   1 (  0.1%) |

Final critical path delay (least slack): 10.9024 ns, Fmax: 91.7226 MHz
Final critical path skew: -0.04243 ns
Final setup Worst Negative Slack (sWNS): -10.9024 ns
Final setup Total Negative Slack (sTNS): -3306.21 ns
Final setup Worst Skew (sWS): -0.04243 ns

Final setup slack histogram:
[ -1.1e-08: -9.9e-09)  15 (  1.6%) |*
[ -9.9e-09: -8.8e-09)  12 (  1.3%) |*
[ -8.8e-09: -7.8e-09)   3 (  0.3%) |
[ -7.8e-09: -6.7e-09)   2 (  0.2%) |
[ -6.7e-09: -5.7e-09)   0 (  0.0%) |
[ -5.7e-09: -4.7e-09)  45 (  4.8%) |****
[ -4.7e-09: -3.6e-09) 179 ( 19.3%) |**************
[ -3.6e-09: -2.6e-09) 589 ( 63.4%) |***********************************************
[ -2.6e-09: -1.5e-09)  52 (  5.6%) |****
[ -1.5e-09: -4.9e-10)  32 (  3.4%) |***

Final geomean non-virtual intra-domain period: 10.9024 ns (91.7226 MHz)
Final fanout-weighted geomean non-virtual intra-domain period: 10.9024 ns (91.7226 MHz)

Incr Slack updates 1 in 9.5119e-05 sec
Full Max Req/Worst Slack updates 1 in 2.7507e-05 sec
Incr Max Req/Worst Slack updates 0 in 0 sec
Incr Criticality updates 0 in 0 sec
Full Criticality updates 1 in 0.000257489 sec
Flow timing analysis took 0.838746 seconds (0.773585 STA, 0.0651607 slack) (123 full updates: 94 setup, 0 hold, 29 combined).
VPR succeeded
The entire flow of VPR took 4.71 seconds (max_rss 98.2 MiB)

