VPR FPGA Placement and Routing.
Version: 9.0.0-dev+v8.0.0-18248-g40f8d19708
Revision: v8.0.0-18248-g40f8d19708
Compiled: 2026-09-22T03:43:48
Compiler: GNU 13.3.0 on Linux-5.15.0-119-generic x86_64
Build Info: release IPO VTR_ASSERT_LEVEL=2

University of Toronto
verilogtorouting.org
vtr-users@googlegroups.com
This is free open source code under MIT license.

VPR was run with the following command-line:
/inspire/hdd/project/project-public/changshunjie-253114010247/changshunjie-253114010247/workspace/DAC2027/vtr/vtr-verilog-to-routing/vpr/vpr /inspire/hdd/project/project-public/changshunjie-253114010247/changshunjie-253114010247/workspace/DAC2027/vtr/vtr-verilog-to-routing/vtr_flow/arch/COFFE_22nm/k6FracN10LB_mem20K_complexDSP_customSB_22nm.xml /inspire/hdd/project/project-public/changshunjie-253114010247/changshunjie-253114010247/workspace/DAC2027/TailCompile/experiments/vtr/runs/pilot_v1/sha/full-seed1-w300/sha.pre-vpr.blif --analytical_place --route --analysis --ap_full_legalizer flat-recon --ap_detailed_placer annealer --seed 12 --route_chan_width 110 --write_flat_place /inspire/hdd/project/project-public/changshunjie-253114010247/changshunjie-253114010247/workspace/DAC2027/TailCompile/vtr_work/tailcompile_v3/sha/4x4/gnn_candidate-fp8ded57b9-flat-recon-annealer-seed12-w110-devw14/post_route.fplace --write_legalized_flat_place /inspire/hdd/project/project-public/changshunjie-253114010247/changshunjie-253114010247/workspace/DAC2027/TailCompile/vtr_work/tailcompile_v3/sha/4x4/gnn_candidate-fp8ded57b9-flat-recon-annealer-seed12-w110-devw14/post_legalizer.fplace --flat_place_verbosity 1 --device_width 14 --net_file /inspire/hdd/project/project-public/changshunjie-253114010247/changshunjie-253114010247/workspace/DAC2027/TailCompile/vtr_work/tailcompile_v3/sha/4x4/gnn_candidate-fp8ded57b9-flat-recon-annealer-seed12-w110-devw14/sha.locked-input.net --read_flat_place /inspire/hdd/global_user/changshunjie-253114010247/workspace/DAC2027/TailCompile/experiments/vtr/tailcompile_v3/sha/4x4/pools/bootstrap_24/candidate_12_seed12039.fplace

Using up to 1 parallel worker(s)

Architecture file: /inspire/hdd/project/project-public/changshunjie-253114010247/changshunjie-253114010247/workspace/DAC2027/vtr/vtr-verilog-to-routing/vtr_flow/arch/COFFE_22nm/k6FracN10LB_mem20K_complexDSP_customSB_22nm.xml
Circuit name: sha.pre-vpr

# Loading Architecture Description
# Loading Architecture Description took 0.04 seconds (max_rss 19.0 MiB, delta_rss +0.0 MiB)

Timing analysis: ON
Circuit netlist file: /inspire/hdd/project/project-public/changshunjie-253114010247/changshunjie-253114010247/workspace/DAC2027/TailCompile/vtr_work/tailcompile_v3/sha/4x4/gnn_candidate-fp8ded57b9-flat-recon-annealer-seed12-w110-devw14/sha.locked-input.net
Circuit placement file: sha.pre-vpr.place
Circuit routing file: sha.pre-vpr.route
Circuit SDC file: sha.pre-vpr.sdc
Vpr floorplanning constraints file: not specified

Packer: DISABLED
Placer: DISABLED
Analytical Placer: ENABLED
Router: ENABLED
Analysis: ENABLED

VPR was run with the following options:

netlist_opts.absorb_buffer_luts            : true
netlist_opts.sweep_dangling_primary_ios    : true
netlist_opts.sweep_dangling_nets           : true
netlist_opts.sweep_dangling_blocks         : true
netlist_opts.sweep_constant_primary_outputs: false
netlist_opts.netlist_verbosity             : 1
netlist_opts.const_gen_inference           : COMB_SEQ

AnalyticalPlacerOpts.analytical_solver_type: lp-b2b
AnalyticalPlacerOpts.partial_legalizer_type: bipartitioning
AnalyticalPlacerOpts.full_legalizer_type: flat-recon
AnalyticalPlacerOpts.detailed_placer_type: annealer
AnalyticalPlacerOpts.ap_timing_tradeoff: 0.500000
AnalyticalPlacerOpts.ap_high_fanout_threshold: 256
AnalyticalPlacerOpts.log_verbosity: 1
router_opts.route_type: DETAILED
router_opts.flat_routing: false
router_opts.choke_points: on
router_opts.router_algorithm: TIMING_DRIVEN
router_opts.base_cost_type: DELAY_NORMALIZED_LENGTH
router_opts.fixed_channel_width: 110
router_opts.check_route: FULL
router_opts.acc_fac: 1.000000
router_opts.bb_factor: 3
router_opts.bend_cost: 0.000000
router_opts.first_iter_pres_fac: 0.000000
router_opts.initial_pres_fac: 0.500000
router_opts.pres_fac_mult: 1.300000
router_opts.max_pres_fac: 1000.000000
router_opts.max_router_iterations: 50
router_opts.min_incremental_reroute_fanout: 16
router_opts.initial_acc_cost_chan_congestion_threshold: 0.500000
router_opts.initial_acc_cost_chan_congestion_weight: 0.500000
router_opts.do_check_rr_graph: true
router_opts.verify_binary_search: false
router_opts.min_channel_width_hint: 0
router_opts.read_rr_edge_metadata: false
router_opts.exit_after_first_routing_iteration: false
router_opts.astar_fac: 1.200000
router_opts.astar_offset: 0.000000
router_opts.router_profiler_astar_fac: 1.200000
router_opts.enable_parallel_connection_router: false
router_opts.post_target_prune_fac: 1.200000
router_opts.post_target_prune_offset: 0
router_opts.multi_queue_num_threads: 1
router_opts.multi_queue_num_queues: 2
router_opts.multi_queue_direct_draining: false
router_opts.criticality_exp: 1.000000
router_opts.max_criticality: 0.990000
router_opts.init_wirelength_abort_threshold: 0.850000
router_opts.incr_reroute_delay_ripup: AUTO
router_opts.save_routing_per_iteration: false
router_opts.congested_routing_iteration_threshold_frac: 1.000000
router_opts.high_fanout_threshold: 64
router_opts.router_debug_net: -2
router_opts.router_debug_sink_rr: -2
router_opts.router_debug_iteration: -2
router_opts.max_convergence_count: 1
router_opts.reconvergence_cpd_threshold: 0.990000
router_opts.update_lower_bound_delays: true
router_opts.first_iteration_timing_report_file: 
router_opts.route_bb_update: DYNAMIC
router_opts.lookahead_type: MAP
router_opts.initial_timing: LOOKAHEAD
router_opts.router_heap: FOUR_ARY_HEAP
router_opts.routing_failure_predictor = SAFE
router_opts.routing_predictor_min_history: 8
router_opts.routing_budgets_algorithm = DISABLE

analysis_opts.gen_post_synthesis_netlist: false
analysis_opts.gen_post_implementation_merged_netlist: false
analysis_opts.gen_post_implementation_sdc: false
analysis_opts.timing_report_npaths: 100
analysis_opts.timing_report_skew: false
analysis_opts.echo_dot_timing_graph_node: -1
analysis_opts.timing_report_detail: NETLIST
analysis_opts.post_synth_netlist_unconn_input_handling: UNCONNECTED
analysis_opts.post_synth_netlist_unconn_output_handling: UNCONNECTED
analysis_opts.post_synth_netlist_module_parameters: on

# Building complex block graph
# Building complex block graph took 0.11 seconds (max_rss 24.5 MiB, delta_rss +5.5 MiB)
Circuit file: /inspire/hdd/project/project-public/changshunjie-253114010247/changshunjie-253114010247/workspace/DAC2027/TailCompile/experiments/vtr/runs/pilot_v1/sha/full-seed1-w300/sha.pre-vpr.blif
# Load circuit
Found 3 constant generator(s) in the netlist (2 constant-zero, 1 constant-one) (run with --netlist_verbosity 2 to list names)
# Load circuit took 0.02 seconds (max_rss 28.2 MiB, delta_rss +3.7 MiB)
# Clean circuit
Absorbed 0 LUT buffers
Found 22 primitive output pin(s) driven only by constants; marked them as constants
Swept input(s)      : 0
Swept output(s)     : 0 (0 dangling, 0 constant)
Swept net(s)        : 22
Swept block(s)      : 0
Constant Pins Marked: 22
# Clean circuit took 0.00 seconds (max_rss 28.2 MiB, delta_rss +0.0 MiB)
# Compress circuit
# Compress circuit took 0.00 seconds (max_rss 28.2 MiB, delta_rss +0.0 MiB)
# Verify circuit
# Verify circuit took 0.00 seconds (max_rss 28.2 MiB, delta_rss +0.0 MiB)
Circuit Statistics:
  Blocks: 2491
    .input :      38
    .latch :     893
    .names :    1215
        0-LUT:       2
        1-LUT:       1
        2-LUT:      63
        3-LUT:     106
        4-LUT:      88
        5-LUT:     314
        6-LUT:     641
    .output:      36
    adder  :     309
  Nets  : 2742
    Avg Fanout:     3.3
    Max Fanout:   893.0
    Min Fanout:     1.0
  Netlist Clocks: 1
# Build Timing Graph
  Timing Graph Nodes: 11695
  Timing Graph Edges: 18725
  Timing Graph Levels: 84
# Build Timing Graph took 0.01 seconds (max_rss 31.5 MiB, delta_rss +3.1 MiB)
Netlist contains 1 clocks
  Netlist Clock 'clk_i' Fanout: 893 pins (7.6%), 893 blocks (35.8%)
# Load Timing Constraints

SDC file 'sha.pre-vpr.sdc' not found
Setting default timing constraints:
   * constrain all primary inputs and primary outputs on netlist clock 'clk_i'
   * optimize netlist clock to run as fast as possible
Timing constraints created 1 clocks
  Constrained Clock 'clk_i' Source: 'clk_i.inpad[0]'

# Load Timing Constraints took 0.00 seconds (max_rss 31.5 MiB, delta_rss +0.0 MiB)
# Analytical Placement
## Prepacker

There is one chain in this architecture called "chain" with the following starting points:
	clb[0]/lab[0]/fle[0]/ble5[0]/arithmetic[0]/adder[0].cin[0]

## Prepacker took 0.00 seconds (max_rss 31.9 MiB, delta_rss +0.3 MiB)
## Initializing Pre-Cluster Timing
Using inter-cluster delay: 2.1832e-09
## Initializing Pre-Cluster Timing took 0.20 seconds (max_rss 32.5 MiB, delta_rss +0.6 MiB)
## Estimate Device Size
Device layout 'auto' with fixed width 14.
FPGA sized to 14 x 14: 196 grid tiles (auto)
## Estimate Device Size took 0.00 seconds (max_rss 32.5 MiB, delta_rss +0.0 MiB)
## Ram Mapper
Flat Placement is provided, skipping the RAM mapping.
## Ram Mapper took 0.00 seconds (max_rss 32.5 MiB, delta_rss +0.0 MiB)
## Read Atom Netlist to AP Netlist
## Read Atom Netlist to AP Netlist took 0.02 seconds (max_rss 36.3 MiB, delta_rss +3.8 MiB)
Analytical Placement Netlist Statistics:
	AP Blocks: 1315
		Moveable AP Blocks: 1315
		Fixed AP Blocks: 0
	AP Nets: 1563
		Average Fanout: 4.51
		Highest Fanout: 194
	AP Pins: 11695

## Computing placement delta delay look-up
### Build routing resource graph
### Build routing resource graph took 0.11 seconds (max_rss 47.4 MiB, delta_rss +11.1 MiB)
  RR Graph Nodes: 33828
  RR Graph Edges: 257320
### Computing router lookahead map
#### Computing wire lookahead
#### Computing wire lookahead took 0.04 seconds (max_rss 48.2 MiB, delta_rss +0.5 MiB)
#### Computing src/opin lookahead
Warning 1: Found no more sample locations for SOURCE in io
Warning 2: Found no more sample locations for OPIN in io
Warning 3: Found no more sample locations for SOURCE in clb
Warning 4: Found no more sample locations for OPIN in clb
Warning 5: Found no more sample locations for SOURCE in dsp_top
Warning 6: Found no more sample locations for OPIN in dsp_top
Warning 7: Found no more sample locations for SOURCE in memory
Warning 8: Found no more sample locations for OPIN in memory
#### Computing src/opin lookahead took 0.01 seconds (max_rss 48.2 MiB, delta_rss +0.0 MiB)
### Computing router lookahead map took 0.05 seconds (max_rss 48.2 MiB, delta_rss +0.5 MiB)
Serial Connection Router is being destroyed. Time spent on path search: 0.000 seconds.
## Computing placement delta delay look-up took 0.17 seconds (max_rss 48.2 MiB, delta_rss +11.9 MiB)
Flat Placement is provided in the AP flow, skipping the Global Placement.
0 of 1315 molecules placed at device center (no atoms of these molecules found in flat placement).
## AP Full Legalizer
### Creating Clusters
Device (width, height): (14,14)
#### Sorting and Grouping Blocks by Tile
#### Sorting and Grouping Blocks by Tile took 0.00 seconds (max_rss 48.2 MiB, delta_rss +0.0 MiB)
#### Reconstruction Pass Clustering
#### Reconstruction Pass Clustering took 2.11 seconds (max_rss 50.2 MiB, delta_rss +2.1 MiB)
#### Orphan Window Clustering with search radius 8
#### Orphan Window Clustering with search radius 8 took 0.01 seconds (max_rss 50.2 MiB, delta_rss +0.0 MiB)
FPGA sized to 14 x 14: 196 grid tiles (auto)
Device Utilization: 0.62 (target 1.00)
	Block Utilization: 0.19 Type: io
	Block Utilization: 0.93 Type: clb

----------------------------------------------------------------
                       Clustering Summary                       
----------------------------------------------------------------
Clusters created (Self Clustering)                       : 185
    clb        : 111
    io         : 74
Clusters created (Orphan Window Clustering)              : 1
    clb        : 1
Total clusters                                           : 186
Percent of clusters created in Orphan Window Clustering  : 0.54%
Molecules clustered in each stage breakdown  : (Total of 1315)
	Self Clustering          (0.996958)  : 1311
 	Neighbor Clustering      (0.000000)  : 0
	Orphan Window Clustering (0.003042)  : 4
----------------------------------------------------------------

Final Clustering Statistics: 
----------   --------   ------------------------------------   --------------------------
Block Type   # Blocks   Avg. # of input clocks and pins used   Avg. # of output pins used
----------   --------   ------------------------------------   --------------------------
     EMPTY          0                                      0                            0   
        io         74                               0.486486                     0.513514   
       clb        112                                25.4196                      8.98214   
   dsp_top          0                                      0                            0   
    memory          0                                      0                            0   
Absorbed logical nets 1698 out of 2742 nets, 1044 nets not absorbed.
#### Load packing
##### Loading packed FPGA netlist file.
Netlist generated from file '/inspire/hdd/project/project-public/changshunjie-253114010247/changshunjie-253114010247/workspace/DAC2027/TailCompile/vtr_work/tailcompile_v3/sha/4x4/gnn_candidate-fp8ded57b9-flat-recon-annealer-seed12-w110-devw14/sha.locked-input.net'.
Detected 2 constant generators (to see names run with higher pack verbosity)
##### Loading packed FPGA netlist file. took 0.18 seconds (max_rss 61.6 MiB, delta_rss +6.9 MiB)
Warning 9: Treated 2 constant nets as global which will not be routed (to see net names increase packer verbosity).
Netlist contains 33 global net to non-global architecture pin connections
Completed clustering consistency check successfully.
Cluster level netlist and block usage statistics
Netlist num_nets: 1044
Netlist num_blocks: 186
Netlist EMPTY blocks: 0.
Netlist io blocks: 74.
Netlist clb blocks: 112.
Netlist dsp_top blocks: 0.
Netlist memory blocks: 0.
Netlist inputs pins: 38
Netlist output pins: 36

Pb types usage...
  io               : 74
   inpad           : 38
   outpad          : 36
  clb              : 112
   lab             : 112
    fle            : 1086
     ble5          : 882
      flut5        : 573
       lut5        : 573
        lut        : 573
       ff          : 353
      arithmetic   : 309
       adder       : 309
     ble6          : 642
      lut6         : 642
       lut         : 642
      ff           : 540

#### Load packing took 0.27 seconds (max_rss 100.2 MiB, delta_rss +45.5 MiB)
Netlist contains 33 global net to non-global architecture pin connections
Cluster level netlist and block usage statistics
Netlist num_nets: 1044
Netlist num_blocks: 186
Netlist EMPTY blocks: 0.
Netlist io blocks: 74.
Netlist clb blocks: 112.
Netlist dsp_top blocks: 0.
Netlist memory blocks: 0.
Netlist inputs pins: 38
Netlist output pins: 36
### Creating Clusters took 2.49 seconds (max_rss 100.2 MiB, delta_rss +52.0 MiB)
Completed clustering consistency check successfully.
FPGA sized to 14 x 14: 196 grid tiles (auto)
### Compressed grid construction
### Compressed grid construction took 0.00 seconds (max_rss 100.2 MiB, delta_rss +0.0 MiB)
### Initial Placement
Placing clusters that are part of larger macros...
Number of blocks to be placed: 18
Max distance on device: 28
---- ---------- ---------- -------------
Pass Max Displ. Num Blocks Num Blocks   
     Threshold  Placed     Left Unplaced
---- ---------- ---------- -------------
   0          0         12             6
   1          1          4             2
   2          2          2             0

Placing general clusters...
Number of blocks to be placed: 168
Max distance on device: 28
---- ---------- ---------- -------------
Pass Max Displ. Num Blocks Num Blocks   
     Threshold  Placed     Left Unplaced
---- ---------- ---------- -------------
   0          0        156            12
   1          1          5             7
   2          2          2             5
   3          4          2             3
   4          8          3             0

### Initial Placement took 0.00 seconds (max_rss 100.2 MiB, delta_rss +0.0 MiB)
Flat Placement Reconstruction Info:
	Percent of clusters with reconstruction errors: 0.537634
	Total displacement of initial placement from flat placement: 1567.000000
	Average atom displacement of initial placement from flat placement: 0.629065
	Max atom displacement of initial placement from flat placement: 9.000000
	Percent of atoms misplaced from the flat placement: 21.075872
## AP Full Legalizer took 2.50 seconds (max_rss 100.2 MiB, delta_rss +52.1 MiB)

Resource usage...
	Netlist
		74	blocks of type: io
	Architecture
		384	blocks of type: io
	Netlist
		112	blocks of type: clb
	Architecture
		120	blocks of type: clb
	Netlist
		0	blocks of type: dsp_top
	Architecture
		3	blocks of type: dsp_top
	Netlist
		0	blocks of type: memory
	Architecture
		6	blocks of type: memory

Device Utilization: 0.62 (target 1.00)
	Physical Tile io:
	Block Utilization: 0.19 Logical Block: io
	Physical Tile clb:
	Block Utilization: 0.93 Logical Block: clb
	Physical Tile dsp_top:
	Block Utilization: 0.00 Logical Block: dsp_top
	Physical Tile memory:
	Block Utilization: 0.00 Logical Block: memory

## Computing placement delta delay look-up
RR graph channel widths unchanged, skipping RR graph rebuild
Serial Connection Router is being destroyed. Time spent on path search: 0.000 seconds.
## Computing placement delta delay look-up took 0.00 seconds (max_rss 100.5 MiB, delta_rss +0.1 MiB)
Using simple RL 'Softmax agent' for choosing move and block types

Completed placement consistency check successfully.
Initial placement cost: 1 bb_cost: 105.45 td_cost: 6.4666e-07
Initial placement BB estimate of wirelength: 11575
Initial placement estimated Critical Path Delay (CPD): 11.1147 ns
Initial placement estimated setup Total Negative Slack (sTNS): -2939.43 ns
Initial placement estimated setup Worst Negative Slack (sWNS): -11.1147 ns

Initial placement estimated setup slack histogram:
[ -1.1e-08:   -1e-08)  16 (  1.7%) |**
[   -1e-08:   -9e-09)  16 (  1.7%) |**
[   -9e-09:   -8e-09)   0 (  0.0%) |
[   -8e-09: -6.9e-09)   0 (  0.0%) |
[ -6.9e-09: -5.9e-09)   0 (  0.0%) |
[ -5.9e-09: -4.9e-09)   1 (  0.1%) |
[ -4.9e-09: -3.8e-09) 119 ( 12.8%) |************
[ -3.8e-09: -2.8e-09) 469 ( 50.5%) |***********************************************
[ -2.8e-09: -1.7e-09) 249 ( 26.8%) |*************************
[ -1.7e-09:   -7e-10)  59 (  6.4%) |******
Placement contains 9 placement macros involving 18 blocks (average macro size 2.000000)

Moves per temperature: 530
## AP Detailed Placer

---- ------ ------- ------- ---------- ---------- ------- ---------- -------- ------- ------- ------ -------- --------- ------
Tnum  Time     T    AvCost  Av BB Cost Av TD Cost   CPD      sTNS      sWNS   AcRate  StdDev  R lim  CritExp  TotMoves  Alpha 
     (sec)                                          (ns)     (ns)      (ns)                                                   
---- ------ ------- ------- ---------- ---------- ------- ---------- -------- ------- ------- ------ -------- --------- ------
   1    0.0 4.2e-03   1.006      97.65 6.3017e-07  10.497     -3e+03  -10.497   0.717  0.0095   13.0     1.00        530  1.000
   2    0.0 4.0e-03   0.988      97.81 6.3147e-07  10.601  -3.14e+03  -10.601   0.706  0.0125   13.0     1.00       1060  0.950
   3    0.0 3.8e-03   1.004      99.76 6.3783e-07  10.357  -3.09e+03  -10.357   0.677  0.0096   13.0     1.00       1590  0.950
   4    0.0 3.6e-03   0.968      95.92 6.3858e-07  10.308  -3.18e+03  -10.308   0.660  0.0101   13.0     1.00       2120  0.950
   5    0.0 3.4e-03   0.993      97.24 6.4377e-07  10.338   -3.1e+03  -10.338   0.662  0.0085   13.0     1.00       2650  0.950
   6    0.0 3.2e-03   1.008      97.43 6.2759e-07  10.702  -3.11e+03  -10.702   0.666  0.0050   13.0     1.00       3180  0.950
   7    0.0 3.1e-03   1.000      97.32 6.3591e-07  10.568  -3.15e+03  -10.568   0.658  0.0106   13.0     1.00       3710  0.950
   8    0.0 2.9e-03   0.972      95.52 6.5089e-07  10.260  -3.08e+03  -10.260   0.664  0.0085   13.0     1.00       4240  0.950
   9    0.0 2.8e-03   1.000      98.71 6.3928e-07  10.646  -3.25e+03  -10.646   0.683  0.0059   13.0     1.00       4770  0.950
  10    0.0 2.6e-03   0.985      99.01 6.5733e-07  10.249  -3.16e+03  -10.249   0.672  0.0166   13.0     1.00       5300  0.950
  11    0.0 2.5e-03   0.990      95.08 6.436e-07   10.351  -3.38e+03  -10.351   0.664  0.0112   13.0     1.00       5830  0.950
  12    0.0 2.4e-03   0.998      92.11 6.1776e-07  10.940  -3.35e+03  -10.940   0.566  0.0040   13.0     1.00       6360  0.950
  13    0.0 2.3e-03   1.005      91.73 6.4576e-07  10.321  -3.26e+03  -10.321   0.568  0.0051   13.0     1.00       6890  0.950
  14    0.0 2.1e-03   0.995      91.26 6.2075e-07  10.450  -3.15e+03  -10.450   0.558  0.0048   13.0     1.00       7420  0.950
  15    0.0 2.0e-03   1.002      90.99 6.3919e-07  10.159  -3.11e+03  -10.159   0.611  0.0052   13.0     1.00       7950  0.950
  16    0.0 1.9e-03   1.001      90.60 6.4247e-07  10.259   -3.2e+03  -10.259   0.598  0.0096   13.0     1.00       8480  0.950
  17    0.0 1.8e-03   0.978      90.83 6.0943e-07  10.692  -3.05e+03  -10.692   0.611  0.0174   13.0     1.00       9010  0.950
  18    0.0 1.7e-03   1.006      88.57 5.9533e-07  10.702   -3.2e+03  -10.702   0.568  0.0071   13.0     1.00       9540  0.950
  19    0.0 1.7e-03   1.002      89.36 6.0188e-07  10.533   -3.1e+03  -10.533   0.579  0.0067   13.0     1.00      10070  0.950
  20    0.0 1.6e-03   0.997      88.16 6.4102e-07   9.747  -3.18e+03   -9.747   0.553  0.0082   13.0     1.00      10600  0.950
  21    0.0 1.5e-03   0.987      83.98 6.2733e-07   9.862  -3.14e+03   -9.862   0.508  0.0056   13.0     1.00      11130  0.950
  22    0.0 1.4e-03   0.991      83.76 6.377e-07    9.650  -3.19e+03   -9.650   0.521  0.0034   13.0     1.00      11660  0.950
  23    0.0 1.3e-03   0.999      83.23 6.1826e-07   9.893  -3.08e+03   -9.893   0.492  0.0055   13.0     1.00      12190  0.950
  24    0.0 1.3e-03   0.997      82.78 6.1026e-07   9.821  -2.98e+03   -9.821   0.511  0.0028   13.0     1.00      12720  0.950
  25    0.0 1.2e-03   1.006      82.85 6.0452e-07   9.995  -3.04e+03   -9.995   0.466  0.0029   13.0     1.00      13250  0.950
  26    0.0 1.2e-03   0.998      82.89 6.132e-07    9.840  -3.04e+03   -9.840   0.475  0.0030   13.0     1.00      13780  0.950
  27    0.0 1.1e-03   1.001      82.70 6.053e-07   10.054  -3.07e+03  -10.054   0.481  0.0026   13.0     1.00      14310  0.950
  28    0.0 1.0e-03   0.991      81.76 6.0938e-07   9.737  -2.94e+03   -9.737   0.447  0.0045   13.0     1.00      14840  0.950
  29    0.0 9.9e-04   1.003      82.86 6.1573e-07   9.644  -2.95e+03   -9.644   0.517  0.0036   13.0     1.00      15370  0.950
  30    0.0 9.4e-04   0.993      82.23 6.1179e-07   9.833  -3.08e+03   -9.833   0.460  0.0057   13.0     1.00      15900  0.950
  31    0.0 9.0e-04   0.997      81.80 6.1964e-07   9.673  -3.04e+03   -9.673   0.506  0.0028   13.0     1.00      16430  0.950
  32    0.0 8.5e-04   0.992      80.90 5.8884e-07  10.151  -3.03e+03  -10.151   0.477  0.0038   13.0     1.00      16960  0.950
  33    0.0 8.1e-04   0.989      79.69 6.0297e-07   9.842  -2.92e+03   -9.842   0.443  0.0054   13.0     1.00      17490  0.950
  34    0.0 7.7e-04   1.000      78.74 5.9206e-07   9.997  -2.94e+03   -9.997   0.402  0.0022   13.0     1.00      18020  0.950
  35    0.0 7.3e-04   1.004      79.91 4.6428e-07   9.906  -2.97e+03   -9.906   0.443  0.0026   12.5     1.29      18550  0.950
  36    0.0 6.9e-04   0.986      79.02 4.6578e-07  10.134  -3.05e+03  -10.134   0.413  0.0074   12.5     1.26      19080  0.950
  37    0.0 6.6e-04   0.996      77.63 4.0499e-07   9.637  -2.92e+03   -9.637   0.355  0.0026   12.2     1.46      19610  0.950
  38    0.0 6.3e-04   1.001      78.20 2.8179e-07   9.372   -2.9e+03   -9.372   0.389  0.0026   11.2     2.07      20140  0.950
  39    0.0 5.9e-04   0.992      78.43 2.2975e-07   9.630  -2.92e+03   -9.630   0.425  0.0039   10.6     2.40      20670  0.950
  40    0.0 5.6e-04   1.001      78.60 2.2865e-07   9.427  -2.88e+03   -9.427   0.417  0.0026   10.4     2.50      21200  0.950
  41    0.0 5.4e-04   0.988      77.93 2.1574e-07   9.611  -3.03e+03   -9.611   0.406  0.0061   10.2     2.64      21730  0.950
  42    0.0 5.1e-04   0.993      76.05 1.9774e-07   9.626  -3.03e+03   -9.626   0.375  0.0033    9.8     2.84      22260  0.950
  43    0.0 4.8e-04   1.002      75.58 1.7744e-07   9.626  -2.98e+03   -9.626   0.394  0.0020    9.2     3.21      22790  0.950
  44    0.0 4.6e-04   0.999      75.00 1.6806e-07   9.648     -3e+03   -9.648   0.421  0.0011    8.8     3.46      23320  0.950
  45    0.0 4.4e-04   0.996      75.11 1.6291e-07   9.648  -2.97e+03   -9.648   0.375  0.0038    8.6     3.56      23850  0.950
  46    0.0 4.1e-04   0.998      74.57 1.5884e-07   9.355     -3e+03   -9.355   0.342  0.0012    8.1     3.88      24380  0.950
  47    0.0 3.9e-04   1.000      74.37 1.4397e-07   9.540  -3.01e+03   -9.540   0.349  0.0010    7.3     4.34      24910  0.950
  48    0.0 3.7e-04   0.998      74.23 1.3433e-07   9.643     -3e+03   -9.643   0.340  0.0009    6.6     4.73      25440  0.950
  49    0.0 3.6e-04   0.997      73.89 1.2456e-07   9.505  -3.01e+03   -9.505   0.298  0.0020    5.9     5.12      25970  0.950
  50    0.0 3.4e-04   0.999      73.65 1.3114e-07   9.278  -3.01e+03   -9.278   0.336  0.0011    5.1     5.61      26500  0.950
  51    0.0 3.2e-04   1.000      73.48 1.2771e-07   9.288  -3.01e+03   -9.288   0.308  0.0011    4.6     5.92      27030  0.950
  52    0.0 3.0e-04   0.997      73.26 1.2495e-07   9.288  -3.07e+03   -9.288   0.291  0.0011    4.0     6.27      27560  0.950
  53    0.0 2.9e-04   0.994      72.37 1.2102e-07   9.397  -3.03e+03   -9.397   0.302  0.0021    3.4     6.62      28090  0.950
  54    0.0 2.8e-04   0.997      71.70 1.186e-07    9.435  -3.02e+03   -9.435   0.309  0.0019    2.9     6.89      28620  0.950
  55    0.0 2.6e-04   0.997      71.02 1.1802e-07   9.393  -3.02e+03   -9.393   0.262  0.0013    2.5     7.11      29150  0.950
  56    0.0 2.5e-04   0.998      70.99 1.1625e-07   9.393  -3.08e+03   -9.393   0.277  0.0013    2.1     7.37      29680  0.950
  57    0.0 2.4e-04   0.999      70.78 1.1531e-07   9.393  -3.06e+03   -9.393   0.415  0.0012    1.7     7.57      30210  0.950
  58    0.0 2.2e-04   1.000      70.74 1.1433e-07   9.423  -3.09e+03   -9.423   0.368  0.0014    1.7     7.59      30740  0.950
  59    0.0 2.1e-04   0.996      69.86 1.1456e-07   9.423   -3.1e+03   -9.423   0.355  0.0016    1.6     7.67      31270  0.950
  60    0.0 2.0e-04   0.999      69.61 1.1383e-07   9.423  -3.05e+03   -9.423   0.313  0.0012    1.4     7.74      31800  0.950
  61    0.0 1.9e-04   1.001      69.49 1.1324e-07   9.423  -3.09e+03   -9.423   0.349  0.0011    1.3     7.85      32330  0.950
  62    0.0 1.8e-04   0.998      69.61 1.1317e-07   9.423  -3.09e+03   -9.423   0.285  0.0007    1.1     7.92      32860  0.950
  63    0.0 1.7e-04   0.999      69.66 1.128e-07    9.423  -3.09e+03   -9.423   0.326  0.0009    1.0     8.00      33390  0.950
  64    0.0 1.6e-04   0.998      69.27 1.1303e-07   9.423  -3.07e+03   -9.423   0.275  0.0011    1.0     8.00      33920  0.950
  65    0.0 1.6e-04   1.001      69.36 1.1293e-07   9.423  -3.07e+03   -9.423   0.283  0.0005    1.0     8.00      34450  0.950
  66    0.0 1.5e-04   0.999      69.10 1.1334e-07   9.423  -3.07e+03   -9.423   0.266  0.0004    1.0     8.00      34980  0.950
  67    0.0 1.4e-04   1.000      69.08 1.1321e-07   9.423  -3.08e+03   -9.423   0.289  0.0005    1.0     8.00      35510  0.950
  68    0.0 1.3e-04   1.000      68.85 1.129e-07    9.423  -3.08e+03   -9.423   0.251  0.0008    1.0     8.00      36040  0.950
  69    0.0 1.3e-04   0.999      68.74 1.1319e-07   9.423  -3.09e+03   -9.423   0.247  0.0005    1.0     8.00      36570  0.950
  70    0.0 1.2e-04   0.999      68.59 1.1322e-07   9.423  -3.08e+03   -9.423   0.206  0.0007    1.0     8.00      37100  0.950
  71    0.0 1.2e-04   1.000      68.38 1.1291e-07   9.423  -3.07e+03   -9.423   0.196  0.0003    1.0     8.00      37630  0.950
  72    0.0 1.1e-04   1.001      68.51 1.1283e-07   9.423  -3.07e+03   -9.423   0.166  0.0003    1.0     8.00      38160  0.950
  73    0.0 1.0e-04   1.000      68.39 1.1296e-07   9.423  -3.07e+03   -9.423   0.179  0.0004    1.0     8.00      38690  0.950
  74    0.0 9.9e-05   0.999      68.34 1.1287e-07   9.423  -3.07e+03   -9.423   0.183  0.0005    1.0     8.00      39220  0.950
  75    0.0 9.4e-05   0.999      68.20 1.1278e-07   9.423  -3.07e+03   -9.423   0.134  0.0003    1.0     8.00      39750  0.950
Agent's 2nd state: 
  76    0.0 7.5e-05   1.000      68.21 1.1274e-07   9.423  -3.07e+03   -9.423   0.117  0.0003    1.0     8.00      40280  0.800
Checkpoint saved: bb_costs=68.1595, TD costs=1.12859e-07, CPD=  9.423 (ns) 
  77    0.0 6.0e-05   0.999      68.05 1.1286e-07   9.423  -3.07e+03   -9.423   0.092  0.0003    1.0     8.00      40810  0.800
  78    0.0 4.8e-05   1.000      68.05 1.1284e-07   9.423  -3.07e+03   -9.423   0.075  0.0002    1.0     8.00      41340  0.800
  79    0.0 3.8e-05   1.000      67.96 1.1285e-07   9.423  -3.07e+03   -9.423   0.083  0.0001    1.0     8.00      41870  0.800
  80    0.0 3.1e-05   1.000      67.90 1.1286e-07   9.423  -3.07e+03   -9.423   0.068  0.0002    1.0     8.00      42400  0.800
  81    0.0 2.5e-05   1.000      67.90 1.1278e-07   9.423  -3.07e+03   -9.423   0.049  0.0002    1.0     8.00      42930  0.800
  82    0.0 2.0e-05   1.000      67.89 1.126e-07    9.423  -3.06e+03   -9.423   0.045  0.0001    1.0     8.00      43460  0.800
  83    0.0 1.6e-05   1.000      67.78 1.1271e-07   9.423  -3.06e+03   -9.423   0.045  0.0001    1.0     8.00      43990  0.800
  84    0.0 1.3e-05   1.000      67.75 1.1279e-07   9.423  -3.06e+03   -9.423   0.060  0.0001    1.0     8.00      44520  0.800
  85    0.0 1.0e-05   1.000      67.78 1.1259e-07   9.423  -3.07e+03   -9.423   0.036  0.0001    1.0     8.00      45050  0.800
  86    0.0 8.1e-06   1.000      67.72 1.1265e-07   9.423  -3.07e+03   -9.423   0.055  0.0000    1.0     8.00      45580  0.800
  87    0.0 6.4e-06   1.000      67.75 1.1269e-07   9.423  -3.07e+03   -9.423   0.049  0.0000    1.0     8.00      46110  0.800
  88    0.0 5.2e-06   1.000      67.74 1.1263e-07   9.423  -3.07e+03   -9.423   0.040  0.0000    1.0     8.00      46640  0.800
  89    0.0 0.0e+00   1.000      67.73 1.1272e-07   9.423  -3.07e+03   -9.423   0.015  0.0000    1.0     8.00      47170  0.800
### Placement Quench took 0.01 seconds (max_rss 103.1 MiB)
post-quench CPD = 9.42251 (ns) 

Completed placement consistency check successfully.

Swaps called: 47356

Aborted Move Reasons:
  duplicate block move from location: 2
  duplicate block move to location: 24
  macro move to location illegal: 2
  macro_from swap to location illegal: 343

BB estimate of min-dist (placement) wire length: 7420

Placement estimated critical path delay (least slack): 9.42251 ns, Fmax: 106.129 MHz
Placement estimated critical path skew: -0.04243 ns
Placement estimated setup Worst Negative Slack (sWNS): -9.42251 ns
Placement estimated setup Total Negative Slack (sTNS): -3066.27 ns
Placement estimated setup Worst Skew (sWS): -0.04243 ns

Placement estimated setup slack histogram:
[ -9.4e-09: -8.6e-09)  16 (  1.7%) |*
[ -8.6e-09: -7.7e-09)  16 (  1.7%) |*
[ -7.7e-09: -6.8e-09)   0 (  0.0%) |
[ -6.8e-09: -5.9e-09)   0 (  0.0%) |
[ -5.9e-09: -5.1e-09)   0 (  0.0%) |
[ -5.1e-09: -4.2e-09) 119 ( 12.8%) |**********
[ -4.2e-09: -3.3e-09) 103 ( 11.1%) |********
[ -3.3e-09: -2.4e-09) 571 ( 61.5%) |***********************************************
[ -2.4e-09: -1.6e-09)  52 (  5.6%) |****
[ -1.6e-09:   -7e-10)  52 (  5.6%) |****

Placement estimated geomean non-virtual intra-domain period: 9.42251 ns (106.129 MHz)
Placement estimated fanout-weighted geomean non-virtual intra-domain period: 9.42251 ns (106.129 MHz)

Placement cost: 0.999939, bb_cost: 67.7612, td_cost: 1.12593e-07, 

Placement resource usage:
  io  implemented as io : 74
  clb implemented as clb: 112

Placement number of temperatures: 89
Placement total # of swap attempts: 47356
	Swaps accepted: 17613 (37.2 %)
	Swaps rejected: 29039 (61.3 %)
	Swaps aborted:   704 ( 1.5 %)


Placement perturbation distribution by block and move type: 
------------------ ----------------- ---------------- ---------------- --------------- ------------ 
    Block Type         Move Type       (%) of Total      Accepted(%)     Rejected(%)    Aborted(%)
------------------ ----------------- ---------------- ---------------- --------------- ------------ 
io                 Uniform                9.34             63.79           36.21          0.00         
                   Median                 8.97             63.50           31.01          5.49         
                   Centroid               8.98             68.57           31.40          0.02         
                   W. Centroid            9.31             67.76           32.22          0.02         
                   W. Median              0.94             12.53           82.77          4.70         

clb                Uniform                15.13            18.89           79.29          1.81         
                   Median                 14.07            27.80           70.21          1.98         
                   Centroid               13.43            21.99           76.91          1.10         
                   W. Centroid            14.42            22.06           76.65          1.29         
                   W. Median              1.22             3.99            91.16          4.85         
                   Crit. Uniform          2.19             0.00            100.00         0.00         
                   Feasible Region        2.00             0.21            99.79          0.00         


Placement Quench timing analysis took 0.00367579 seconds (0.00333007 STA, 0.000345724 slack) (1 full updates: 1 setup, 0 hold, 0 combined).
Placement Total  timing analysis took 0.375375 seconds (0.337187 STA, 0.0381874 slack) (91 full updates: 91 setup, 0 hold, 0 combined).
update_td_costs: connections 0.00173484 nets 0 sum_nets 0.0012907 total 0.00309265
## AP Detailed Placer took 0.87 seconds (max_rss 103.2 MiB, delta_rss +0.1 MiB)
Incr Slack updates 91 in 0.0105109 sec
Full Max Req/Worst Slack updates 31 in 0.000840972 sec
Incr Max Req/Worst Slack updates 60 in 0.00206203 sec
Incr Criticality updates 37 in 0.00870656 sec
Full Criticality updates 54 in 0.0130762 sec
Incr Slack updates 1 in 9.972e-05 sec
Full Max Req/Worst Slack updates 1 in 3.4846e-05 sec
Incr Max Req/Worst Slack updates 0 in 0 sec
Incr Criticality updates 0 in 0 sec
Full Criticality updates 1 in 0.000261763 sec
# Analytical Placement took 3.82 seconds (max_rss 103.4 MiB, delta_rss +71.8 MiB)


# Routing
RR graph channel widths unchanged, skipping RR graph rebuild
## Initializing router criticalities
Initial Net Connection Criticality Histogram:
[        0:      0.1) 210 (  7.3%) |************
[      0.1:      0.2) 811 ( 28.1%) |*********************************************
[      0.2:      0.3) 471 ( 16.3%) |**************************
[      0.3:      0.4) 854 ( 29.6%) |***********************************************
[      0.4:      0.5) 106 (  3.7%) |******
[      0.5:      0.6)  78 (  2.7%) |****
[      0.6:      0.7)  64 (  2.2%) |****
[      0.7:      0.8)  32 (  1.1%) |**
[      0.8:      0.9)  38 (  1.3%) |**
[      0.9:        1) 219 (  7.6%) |************
## Initializing router criticalities took 0.05 seconds (max_rss 103.8 MiB, delta_rss +0.1 MiB)
---- ------ ------- ---- ------- ------- ------- ----------------- --------------- -------- ---------- ---------- ---------- ---------- --------
Iter   Time    pres  BBs    Heap  Re-Rtd  Re-Rtd Overused RR Nodes      Wirelength      CPD       sTNS       sWNS       hTNS       hWNS Est Succ
      (sec)     fac Updt    push    Nets   Conns                                       (ns)       (ns)       (ns)       (ns)       (ns)     Iter
---- ------ ------- ---- ------- ------- ------- ----------------- --------------- -------- ---------- ---------- ---------- ---------- --------
   1    0.0     0.0    0  112120    1041    2751    1097 ( 3.243%)   11789 (34.4%)    8.856     -3070.     -8.856      0.000      0.000      N/A
   2    0.0     0.5    0  100988     791    2234     748 ( 2.211%)   11761 (34.3%)    8.856     -3078.     -8.856      0.000      0.000      N/A
   3    0.0     0.6    0   87446     625    1756     651 ( 1.924%)   12130 (35.3%)    8.856     -3170.     -8.856      0.000      0.000      N/A
   4    0.0     0.8    0   88633     552    1625     525 ( 1.552%)   12384 (36.1%)    8.856     -3223.     -8.856      0.000      0.000      N/A
   5    0.0     1.1    0   71828     458    1239     388 ( 1.147%)   12565 (36.6%)    8.856     -3291.     -8.856      0.000      0.000      N/A
   6    0.0     1.4    0   66168     379    1010     309 ( 0.913%)   12825 (37.4%)    8.856     -3216.     -8.856      0.000      0.000      N/A
   7    0.0     1.9    0   56382     321     807     249 ( 0.736%)   13057 (38.0%)    8.856     -3265.     -8.856      0.000      0.000      N/A
   8    0.0     2.4    0   53884     279     820     191 ( 0.565%)   13192 (38.4%)    8.856     -3277.     -8.856      0.000      0.000      N/A
   9    0.0     3.1    0   44805     247     610     148 ( 0.438%)   13311 (38.8%)    8.885     -3293.     -8.885      0.000      0.000       30
  10    0.0     4.1    0   34193     193     400     114 ( 0.337%)   13539 (39.4%)    8.856     -3286.     -8.856      0.000      0.000       29
  11    0.0     5.3    0   30192     157     321      84 ( 0.248%)   13713 (40.0%)    8.865     -3287.     -8.865      0.000      0.000       28
  12    0.0     6.9    0   28256     123     270      57 ( 0.168%)   13873 (40.4%)    8.865     -3289.     -8.865      0.000      0.000       26
  13    0.0     9.0    0   20960      88     175      36 ( 0.106%)   13984 (40.7%)    8.856     -3288.     -8.856      0.000      0.000       25
  14    0.0    11.6    0   16659      55     110      20 ( 0.059%)   14101 (41.1%)    9.073     -3294.     -9.073      0.000      0.000       23
  15    0.0    15.1    0   12567      39      77      17 ( 0.050%)   14192 (41.4%)    9.460     -3295.     -9.460      0.000      0.000       23
  16    0.0    19.7    0   13105      37      72      16 ( 0.047%)   14185 (41.3%)    9.252     -3294.     -9.252      0.000      0.000       23
  17    0.0    25.6    0   14905      31      56      12 ( 0.035%)   14264 (41.6%)    9.470     -3306.     -9.470      0.000      0.000       24
  18    0.0    33.3    0   11890      24      43       4 ( 0.012%)   14327 (41.7%)    9.943     -3309.     -9.943      0.000      0.000       23
  19    0.0    43.3    0    7154      22      36       3 ( 0.009%)   14347 (41.8%)    9.690     -3308.     -9.690      0.000      0.000       22
  20    0.0    56.2    0    2185      18      28       5 ( 0.015%)   14369 (41.9%)    9.536     -3304.     -9.536      0.000      0.000       23
  21    0.0    73.1    0    4519      23      37       4 ( 0.012%)   14406 (42.0%)   10.131     -3350.    -10.131      0.000      0.000       24
  22    0.0    95.0    0    1711      19      28       3 ( 0.009%)   14411 (42.0%)    9.489     -3335.     -9.489      0.000      0.000       25
  23    0.0   123.5    0    2005      19      28       2 ( 0.006%)   14429 (42.0%)   10.017     -3345.    -10.017      0.000      0.000       25
  24    0.0   160.6    0    2284      19      28       1 ( 0.003%)   14430 (42.0%)   10.777     -3358.    -10.777      0.000      0.000       25
  25    0.0   208.8    0    7797      17      29       2 ( 0.006%)   14342 (41.8%)    9.905     -3318.     -9.905      0.000      0.000       26
  26    0.0   271.4    0    2770      17      22       0 ( 0.000%)   14360 (41.8%)   10.614     -3330.    -10.614      0.000      0.000      N/A
Restoring best routing
Critical path: 10.6143 ns
Successfully routed after 26 routing iterations.
Final Net Connection Criticality Histogram:
[        0:      0.1) 447 ( 15.5%) |*****************************
[      0.1:      0.2) 545 ( 18.9%) |***********************************
[      0.2:      0.3) 719 ( 24.9%) |***********************************************
[      0.3:      0.4) 722 ( 25.0%) |***********************************************
[      0.4:      0.5)  82 (  2.8%) |*****
[      0.5:      0.6)  51 (  1.8%) |***
[      0.6:      0.7)  39 (  1.4%) |***
[      0.7:      0.8)  51 (  1.8%) |***
[      0.8:      0.9)  99 (  3.4%) |******
[      0.9:        1) 128 (  4.4%) |********
Router Stats: total_nets_routed: 5594 total_connections_routed: 14612 total_heap_pushes: 895406 total_heap_pops: 225260 
Serial Connection Router is being destroyed. Time spent on path search: 0.101 seconds.
# Routing took 0.43 seconds (max_rss 105.7 MiB, delta_rss +2.3 MiB)

Checking to ensure routing is legal...
# Checking to ensure non-configurable edges are legal
# Checking to ensure non-configurable edges are legal took 0.00 seconds (max_rss 105.9 MiB, delta_rss +0.0 MiB)
Completed routing consistency check successfully.

Serial number (magic cookie) for the routing is: -135673679
Circuit successfully routed with a channel width factor of 110.
Incr Slack updates 27 in 0.00276643 sec
Full Max Req/Worst Slack updates 9 in 0.000246329 sec
Incr Max Req/Worst Slack updates 18 in 0.00064263 sec
Incr Criticality updates 8 in 0.00187891 sec
Full Criticality updates 19 in 0.00524064 sec
# Synchronize the packed netlist to routing optimization
## Annotating rr_node with routed nets
## Annotating rr_node with routed nets took 0.00 seconds (max_rss 105.9 MiB, delta_rss +0.0 MiB)
Found 3951 mismatches between routing and packing results.
Fixed 2562 routing traces due to mismatch between routing and packing results.
# Synchronize the packed netlist to routing optimization took 0.03 seconds (max_rss 105.9 MiB, delta_rss +0.1 MiB)
Final Clustering Statistics: 
----------   --------   ------------------------------------   --------------------------
Block Type   # Blocks   Avg. # of input clocks and pins used   Avg. # of output pins used
----------   --------   ------------------------------------   --------------------------
     EMPTY          0                                      0                            0   
        io         74                               0.486486                     0.513514   
       clb        112                                25.4196                      8.98214   
   dsp_top          0                                      0                            0   
    memory          0                                      0                            0   
Absorbed logical nets 1698 out of 2742 nets, 1044 nets not absorbed.


Average number of bends per net: 1.62920  Maximum # of bends: 41

Number of global nets: 3
Number of routed nets (nonglobal): 1041
Wire length results (in units of 1 clb segments)...
	Total wirelength: 14360, average net length: 13.7944
	Maximum net length: 393

Wire length results in terms of physical segments...
	Total wiring segments used: 3942, average wire segments per net: 3.78674
	Maximum segments used by a net: 116
	Total local nets with reserved CLB opins: 0
Total number of nets absorbed: 9

Routing channel utilization histogram:
[        1:      inf)  0 (  0.0%) |
[      0.9:        1)  0 (  0.0%) |
[      0.8:      0.9)  9 (  2.7%) |*******
[      0.7:      0.8) 58 ( 17.2%) |************************************************
[      0.5:      0.6) 45 ( 13.3%) |*************************************
[      0.4:      0.5) 46 ( 13.6%) |**************************************
[      0.3:      0.4) 50 ( 14.8%) |*****************************************
[      0.2:      0.3) 46 ( 13.6%) |**************************************
[      0.1:      0.2) 38 ( 11.2%) |*******************************
[        0:      0.1) 46 ( 13.6%) |**************************************
Maximum routing channel utilization:      0.85 at (8,8)

X - Directed channels: layer   y   max occ   ave occ   ave cap
                        ----- ---- -------- -------- --------
                            0    0       71   41.250      110
                            0    1       53   30.250      110
                            0    2       65   37.917      110
                            0    3       79   47.083      110
                            0    4       78   45.917      110
                            0    5       84   49.167      110
                            0    6       80   52.750      110
                            0    7       75   50.833      110
                            0    8       79   52.833      110
                            0    9       68   43.917      110
                            0   10       66   40.583      110
                            0   11       47   35.500      110
                            0   12       66   42.417      110
Y - Directed channels: layer   x   max occ   ave occ   ave cap
                        ----- ---- -------- -------- --------
                            0    0       33   20.083      110
                            0    1       20   11.750      110
                            0    2       25   16.750      110
                            0    3       58   39.667      110
                            0    4       47   38.333      110
                            0    5       53   39.333      110
                            0    6       61   47.333      110
                            0    7       86   67.333      110
                            0    8       94   74.000      110
                            0    9       90   76.833      110
                            0   10       84   67.417      110
                            0   11       83   61.167      110
                            0   12       93   66.250      110

Total existing wires segments: CHANX     17160, CHANY     17160, CHANZ         0, ALL     34320
Total used wires segments:     CHANX      6845, CHANY      7515, CHANZ         0, ALL     14360
Usage percentage:              CHANX     39.9%, CHANY     43.8%, CHANZ      0.0%, ALL     41.8%

Logic area (in minimum width transistor areas, excludes I/Os and empty grid tiles)...
	Total logic block area (Warning, need to add pitch of routing to blocks with height > 3): 4.93594e+06
	Total used logic block area: 3.12536e+06

Routing area (in minimum width transistor areas)...
	Total routing area: 1.57405e+06, per logic tile: 8030.86

Total Number of Wiring Segments by Direction: direction length number
                                              --------- ------ -------
                                                      X      4   4680
                                                      Y      4   4680
                                                      X     16    294
                                                      Y     16    294

X - Directed Wiring Segment usage by length: length utilization
                                             ------ -----------
                                             4       0.406
                                            16      0.0612

Y - Directed Wiring Segment usage by length: length utilization
                                             ------ -----------
                                             4       0.424
                                            16       0.139

Segment occupancy by length: Length Occupancy Capacity Utilization
                             ------ --------- -------- -----------
                             L4          3883     9360       0.415
                             L16           59      588         0.1

Segment occupancy by type: name type utilization
                           ---- ---- -----------
                             L4    0       0.415
                            L16    1         0.1

Final hold Worst Negative Slack (hWNS): 0 ns
Final hold Total Negative Slack (hTNS): 0 ns
Final hold Worst Skew (hWS): 0 ns

Final hold slack histogram:
[  1.9e-10:  4.3e-10) 826 ( 88.9%) |***********************************************
[  4.3e-10:  6.7e-10)  31 (  3.3%) |**
[  6.7e-10:    9e-10)  41 (  4.4%) |**
[    9e-10:  1.1e-09)  18 (  1.9%) |*
[  1.1e-09:  1.4e-09)   4 (  0.4%) |
[  1.4e-09:  1.6e-09)   1 (  0.1%) |
[  1.6e-09:  1.8e-09)   5 (  0.5%) |
[  1.8e-09:  2.1e-09)   1 (  0.1%) |
[  2.1e-09:  2.3e-09)   1 (  0.1%) |
[  2.3e-09:  2.6e-09)   1 (  0.1%) |

Final critical path delay (least slack): 10.6143 ns, Fmax: 94.2123 MHz
Final critical path skew: -0.04243 ns
Final setup Worst Negative Slack (sWNS): -10.6143 ns
Final setup Total Negative Slack (sTNS): -3330.35 ns
Final setup Worst Skew (sWS): -0.04243 ns

Final setup slack histogram:
[ -1.1e-08: -9.6e-09)  19 (  2.0%) |**
[ -9.6e-09: -8.6e-09)   8 (  0.9%) |*
[ -8.6e-09: -7.6e-09)   4 (  0.4%) |
[ -7.6e-09: -6.6e-09)   1 (  0.1%) |
[ -6.6e-09: -5.6e-09)   0 (  0.0%) |
[ -5.6e-09: -4.5e-09)  52 (  5.6%) |*****
[ -4.5e-09: -3.5e-09) 295 ( 31.8%) |*****************************
[ -3.5e-09: -2.5e-09) 475 ( 51.1%) |***********************************************
[ -2.5e-09: -1.5e-09)  43 (  4.6%) |****
[ -1.5e-09: -4.9e-10)  32 (  3.4%) |***

Final geomean non-virtual intra-domain period: 10.6143 ns (94.2123 MHz)
Final fanout-weighted geomean non-virtual intra-domain period: 10.6143 ns (94.2123 MHz)

Incr Slack updates 1 in 0.00010459 sec
Full Max Req/Worst Slack updates 1 in 2.7877e-05 sec
Incr Max Req/Worst Slack updates 0 in 0 sec
Incr Criticality updates 0 in 0 sec
Full Criticality updates 1 in 0.000278552 sec
Flow timing analysis took 0.832767 seconds (0.769349 STA, 0.063418 slack) (120 full updates: 92 setup, 0 hold, 28 combined).
VPR succeeded
The entire flow of VPR took 4.69 seconds (max_rss 105.9 MiB)

