VPR FPGA Placement and Routing.
Version: 9.0.0-dev+v8.0.0-18248-g40f8d19708
Revision: v8.0.0-18248-g40f8d19708
Compiled: 2026-09-22T03:43:48
Compiler: GNU 13.3.0 on Linux-5.15.0-119-generic x86_64
Build Info: release IPO VTR_ASSERT_LEVEL=2

University of Toronto
verilogtorouting.org
vtr-users@googlegroups.com
This is free open source code under MIT license.

VPR was run with the following command-line:
/inspire/hdd/project/project-public/changshunjie-253114010247/changshunjie-253114010247/workspace/DAC2027/vtr/vtr-verilog-to-routing/vpr/vpr /inspire/hdd/project/project-public/changshunjie-253114010247/changshunjie-253114010247/workspace/DAC2027/vtr/vtr-verilog-to-routing/vtr_flow/arch/COFFE_22nm/k6FracN10LB_mem20K_complexDSP_customSB_22nm.xml /inspire/hdd/project/project-public/changshunjie-253114010247/changshunjie-253114010247/workspace/DAC2027/TailCompile/experiments/vtr/runs/pilot_v1/sha/full-seed1-w300/sha.pre-vpr.blif --analytical_place --route --analysis --ap_full_legalizer flat-recon --ap_detailed_placer annealer --seed 12 --route_chan_width 90 --write_flat_place /inspire/hdd/project/project-public/changshunjie-253114010247/changshunjie-253114010247/workspace/DAC2027/TailCompile/vtr_work/tailcompile_v3/sha/4x4/gnn_candidate-fp4552eb69-flat-recon-annealer-seed12-w90-devw14/post_route.fplace --write_legalized_flat_place /inspire/hdd/project/project-public/changshunjie-253114010247/changshunjie-253114010247/workspace/DAC2027/TailCompile/vtr_work/tailcompile_v3/sha/4x4/gnn_candidate-fp4552eb69-flat-recon-annealer-seed12-w90-devw14/post_legalizer.fplace --flat_place_verbosity 1 --device_width 14 --net_file /inspire/hdd/project/project-public/changshunjie-253114010247/changshunjie-253114010247/workspace/DAC2027/TailCompile/vtr_work/tailcompile_v3/sha/4x4/gnn_candidate-fp4552eb69-flat-recon-annealer-seed12-w90-devw14/sha.locked-input.net --read_flat_place /inspire/hdd/global_user/changshunjie-253114010247/workspace/DAC2027/TailCompile/experiments/vtr/tailcompile_v3/sha/4x4/pools/bootstrap_24/candidate_19_seed12046.fplace

Using up to 1 parallel worker(s)

Architecture file: /inspire/hdd/project/project-public/changshunjie-253114010247/changshunjie-253114010247/workspace/DAC2027/vtr/vtr-verilog-to-routing/vtr_flow/arch/COFFE_22nm/k6FracN10LB_mem20K_complexDSP_customSB_22nm.xml
Circuit name: sha.pre-vpr

# Loading Architecture Description
# Loading Architecture Description took 0.04 seconds (max_rss 18.9 MiB, delta_rss +0.0 MiB)

Timing analysis: ON
Circuit netlist file: /inspire/hdd/project/project-public/changshunjie-253114010247/changshunjie-253114010247/workspace/DAC2027/TailCompile/vtr_work/tailcompile_v3/sha/4x4/gnn_candidate-fp4552eb69-flat-recon-annealer-seed12-w90-devw14/sha.locked-input.net
Circuit placement file: sha.pre-vpr.place
Circuit routing file: sha.pre-vpr.route
Circuit SDC file: sha.pre-vpr.sdc
Vpr floorplanning constraints file: not specified

Packer: DISABLED
Placer: DISABLED
Analytical Placer: ENABLED
Router: ENABLED
Analysis: ENABLED

VPR was run with the following options:

netlist_opts.absorb_buffer_luts            : true
netlist_opts.sweep_dangling_primary_ios    : true
netlist_opts.sweep_dangling_nets           : true
netlist_opts.sweep_dangling_blocks         : true
netlist_opts.sweep_constant_primary_outputs: false
netlist_opts.netlist_verbosity             : 1
netlist_opts.const_gen_inference           : COMB_SEQ

AnalyticalPlacerOpts.analytical_solver_type: lp-b2b
AnalyticalPlacerOpts.partial_legalizer_type: bipartitioning
AnalyticalPlacerOpts.full_legalizer_type: flat-recon
AnalyticalPlacerOpts.detailed_placer_type: annealer
AnalyticalPlacerOpts.ap_timing_tradeoff: 0.500000
AnalyticalPlacerOpts.ap_high_fanout_threshold: 256
AnalyticalPlacerOpts.log_verbosity: 1
router_opts.route_type: DETAILED
router_opts.flat_routing: false
router_opts.choke_points: on
router_opts.router_algorithm: TIMING_DRIVEN
router_opts.base_cost_type: DELAY_NORMALIZED_LENGTH
router_opts.fixed_channel_width: 90
router_opts.check_route: FULL
router_opts.acc_fac: 1.000000
router_opts.bb_factor: 3
router_opts.bend_cost: 0.000000
router_opts.first_iter_pres_fac: 0.000000
router_opts.initial_pres_fac: 0.500000
router_opts.pres_fac_mult: 1.300000
router_opts.max_pres_fac: 1000.000000
router_opts.max_router_iterations: 50
router_opts.min_incremental_reroute_fanout: 16
router_opts.initial_acc_cost_chan_congestion_threshold: 0.500000
router_opts.initial_acc_cost_chan_congestion_weight: 0.500000
router_opts.do_check_rr_graph: true
router_opts.verify_binary_search: false
router_opts.min_channel_width_hint: 0
router_opts.read_rr_edge_metadata: false
router_opts.exit_after_first_routing_iteration: false
router_opts.astar_fac: 1.200000
router_opts.astar_offset: 0.000000
router_opts.router_profiler_astar_fac: 1.200000
router_opts.enable_parallel_connection_router: false
router_opts.post_target_prune_fac: 1.200000
router_opts.post_target_prune_offset: 0
router_opts.multi_queue_num_threads: 1
router_opts.multi_queue_num_queues: 2
router_opts.multi_queue_direct_draining: false
router_opts.criticality_exp: 1.000000
router_opts.max_criticality: 0.990000
router_opts.init_wirelength_abort_threshold: 0.850000
router_opts.incr_reroute_delay_ripup: AUTO
router_opts.save_routing_per_iteration: false
router_opts.congested_routing_iteration_threshold_frac: 1.000000
router_opts.high_fanout_threshold: 64
router_opts.router_debug_net: -2
router_opts.router_debug_sink_rr: -2
router_opts.router_debug_iteration: -2
router_opts.max_convergence_count: 1
router_opts.reconvergence_cpd_threshold: 0.990000
router_opts.update_lower_bound_delays: true
router_opts.first_iteration_timing_report_file: 
router_opts.route_bb_update: DYNAMIC
router_opts.lookahead_type: MAP
router_opts.initial_timing: LOOKAHEAD
router_opts.router_heap: FOUR_ARY_HEAP
router_opts.routing_failure_predictor = SAFE
router_opts.routing_predictor_min_history: 8
router_opts.routing_budgets_algorithm = DISABLE

analysis_opts.gen_post_synthesis_netlist: false
analysis_opts.gen_post_implementation_merged_netlist: false
analysis_opts.gen_post_implementation_sdc: false
analysis_opts.timing_report_npaths: 100
analysis_opts.timing_report_skew: false
analysis_opts.echo_dot_timing_graph_node: -1
analysis_opts.timing_report_detail: NETLIST
analysis_opts.post_synth_netlist_unconn_input_handling: UNCONNECTED
analysis_opts.post_synth_netlist_unconn_output_handling: UNCONNECTED
analysis_opts.post_synth_netlist_module_parameters: on

# Building complex block graph
# Building complex block graph took 0.11 seconds (max_rss 24.6 MiB, delta_rss +5.7 MiB)
Circuit file: /inspire/hdd/project/project-public/changshunjie-253114010247/changshunjie-253114010247/workspace/DAC2027/TailCompile/experiments/vtr/runs/pilot_v1/sha/full-seed1-w300/sha.pre-vpr.blif
# Load circuit
Found 3 constant generator(s) in the netlist (2 constant-zero, 1 constant-one) (run with --netlist_verbosity 2 to list names)
# Load circuit took 0.02 seconds (max_rss 28.3 MiB, delta_rss +3.7 MiB)
# Clean circuit
Absorbed 0 LUT buffers
Found 22 primitive output pin(s) driven only by constants; marked them as constants
Swept input(s)      : 0
Swept output(s)     : 0 (0 dangling, 0 constant)
Swept net(s)        : 22
Swept block(s)      : 0
Constant Pins Marked: 22
# Clean circuit took 0.00 seconds (max_rss 28.3 MiB, delta_rss +0.0 MiB)
# Compress circuit
# Compress circuit took 0.00 seconds (max_rss 28.3 MiB, delta_rss +0.0 MiB)
# Verify circuit
# Verify circuit took 0.00 seconds (max_rss 28.3 MiB, delta_rss +0.0 MiB)
Circuit Statistics:
  Blocks: 2491
    .input :      38
    .latch :     893
    .names :    1215
        0-LUT:       2
        1-LUT:       1
        2-LUT:      63
        3-LUT:     106
        4-LUT:      88
        5-LUT:     314
        6-LUT:     641
    .output:      36
    adder  :     309
  Nets  : 2742
    Avg Fanout:     3.3
    Max Fanout:   893.0
    Min Fanout:     1.0
  Netlist Clocks: 1
# Build Timing Graph
  Timing Graph Nodes: 11695
  Timing Graph Edges: 18725
  Timing Graph Levels: 84
# Build Timing Graph took 0.01 seconds (max_rss 31.7 MiB, delta_rss +3.1 MiB)
Netlist contains 1 clocks
  Netlist Clock 'clk_i' Fanout: 893 pins (7.6%), 893 blocks (35.8%)
# Load Timing Constraints

SDC file 'sha.pre-vpr.sdc' not found
Setting default timing constraints:
   * constrain all primary inputs and primary outputs on netlist clock 'clk_i'
   * optimize netlist clock to run as fast as possible
Timing constraints created 1 clocks
  Constrained Clock 'clk_i' Source: 'clk_i.inpad[0]'

# Load Timing Constraints took 0.00 seconds (max_rss 31.7 MiB, delta_rss +0.0 MiB)
# Analytical Placement
## Prepacker

There is one chain in this architecture called "chain" with the following starting points:
	clb[0]/lab[0]/fle[0]/ble5[0]/arithmetic[0]/adder[0].cin[0]

## Prepacker took 0.00 seconds (max_rss 32.0 MiB, delta_rss +0.3 MiB)
## Initializing Pre-Cluster Timing
Using inter-cluster delay: 2.1832e-09
## Initializing Pre-Cluster Timing took 0.20 seconds (max_rss 32.6 MiB, delta_rss +0.7 MiB)
## Estimate Device Size
Device layout 'auto' with fixed width 14.
FPGA sized to 14 x 14: 196 grid tiles (auto)
## Estimate Device Size took 0.00 seconds (max_rss 32.6 MiB, delta_rss +0.0 MiB)
## Ram Mapper
Flat Placement is provided, skipping the RAM mapping.
## Ram Mapper took 0.00 seconds (max_rss 32.6 MiB, delta_rss +0.0 MiB)
## Read Atom Netlist to AP Netlist
## Read Atom Netlist to AP Netlist took 0.01 seconds (max_rss 36.4 MiB, delta_rss +3.8 MiB)
Analytical Placement Netlist Statistics:
	AP Blocks: 1315
		Moveable AP Blocks: 1315
		Fixed AP Blocks: 0
	AP Nets: 1563
		Average Fanout: 4.51
		Highest Fanout: 194
	AP Pins: 11695

## Computing placement delta delay look-up
### Build routing resource graph
### Build routing resource graph took 0.09 seconds (max_rss 46.0 MiB, delta_rss +9.5 MiB)
  RR Graph Nodes: 32024
  RR Graph Edges: 208292
### Computing router lookahead map
#### Computing wire lookahead
#### Computing wire lookahead took 0.03 seconds (max_rss 46.5 MiB, delta_rss +0.0 MiB)
#### Computing src/opin lookahead
Warning 1: Found no more sample locations for SOURCE in io
Warning 2: Found no more sample locations for OPIN in io
Warning 3: Found no more sample locations for SOURCE in clb
Warning 4: Found no more sample locations for OPIN in clb
Warning 5: Found no more sample locations for SOURCE in dsp_top
Warning 6: Found no more sample locations for OPIN in dsp_top
Warning 7: Found no more sample locations for SOURCE in memory
Warning 8: Found no more sample locations for OPIN in memory
#### Computing src/opin lookahead took 0.00 seconds (max_rss 46.8 MiB, delta_rss +0.3 MiB)
### Computing router lookahead map took 0.04 seconds (max_rss 46.8 MiB, delta_rss +0.3 MiB)
Serial Connection Router is being destroyed. Time spent on path search: 0.000 seconds.
## Computing placement delta delay look-up took 0.14 seconds (max_rss 46.8 MiB, delta_rss +10.3 MiB)
Flat Placement is provided in the AP flow, skipping the Global Placement.
0 of 1315 molecules placed at device center (no atoms of these molecules found in flat placement).
## AP Full Legalizer
### Creating Clusters
Device (width, height): (14,14)
#### Sorting and Grouping Blocks by Tile
#### Sorting and Grouping Blocks by Tile took 0.00 seconds (max_rss 46.8 MiB, delta_rss +0.0 MiB)
#### Reconstruction Pass Clustering
#### Reconstruction Pass Clustering took 2.11 seconds (max_rss 50.5 MiB, delta_rss +3.7 MiB)
#### Orphan Window Clustering with search radius 8
#### Orphan Window Clustering with search radius 8 took 0.01 seconds (max_rss 50.5 MiB, delta_rss +0.0 MiB)
FPGA sized to 14 x 14: 196 grid tiles (auto)
Device Utilization: 0.62 (target 1.00)
	Block Utilization: 0.19 Type: io
	Block Utilization: 0.93 Type: clb

----------------------------------------------------------------
                       Clustering Summary                       
----------------------------------------------------------------
Clusters created (Self Clustering)                       : 185
    clb        : 111
    io         : 74
Clusters created (Orphan Window Clustering)              : 1
    clb        : 1
Total clusters                                           : 186
Percent of clusters created in Orphan Window Clustering  : 0.54%
Molecules clustered in each stage breakdown  : (Total of 1315)
	Self Clustering          (0.996958)  : 1311
 	Neighbor Clustering      (0.000000)  : 0
	Orphan Window Clustering (0.003042)  : 4
----------------------------------------------------------------

Final Clustering Statistics: 
----------   --------   ------------------------------------   --------------------------
Block Type   # Blocks   Avg. # of input clocks and pins used   Avg. # of output pins used
----------   --------   ------------------------------------   --------------------------
     EMPTY          0                                      0                            0   
        io         74                               0.486486                     0.513514   
       clb        112                                25.4196                      8.98214   
   dsp_top          0                                      0                            0   
    memory          0                                      0                            0   
Absorbed logical nets 1698 out of 2742 nets, 1044 nets not absorbed.
#### Load packing
##### Loading packed FPGA netlist file.
Netlist generated from file '/inspire/hdd/project/project-public/changshunjie-253114010247/changshunjie-253114010247/workspace/DAC2027/TailCompile/vtr_work/tailcompile_v3/sha/4x4/gnn_candidate-fp4552eb69-flat-recon-annealer-seed12-w90-devw14/sha.locked-input.net'.
Detected 2 constant generators (to see names run with higher pack verbosity)
##### Loading packed FPGA netlist file. took 0.18 seconds (max_rss 63.3 MiB, delta_rss +6.8 MiB)
Warning 9: Treated 2 constant nets as global which will not be routed (to see net names increase packer verbosity).
Netlist contains 33 global net to non-global architecture pin connections
Completed clustering consistency check successfully.
Cluster level netlist and block usage statistics
Netlist num_nets: 1044
Netlist num_blocks: 186
Netlist EMPTY blocks: 0.
Netlist io blocks: 74.
Netlist clb blocks: 112.
Netlist dsp_top blocks: 0.
Netlist memory blocks: 0.
Netlist inputs pins: 38
Netlist output pins: 36

Pb types usage...
  io               : 74
   inpad           : 38
   outpad          : 36
  clb              : 112
   lab             : 112
    fle            : 1086
     ble5          : 882
      flut5        : 573
       lut5        : 573
        lut        : 573
       ff          : 353
      arithmetic   : 309
       adder       : 309
     ble6          : 642
      lut6         : 642
       lut         : 642
      ff           : 540

#### Load packing took 0.25 seconds (max_rss 98.0 MiB, delta_rss +41.5 MiB)
Netlist contains 33 global net to non-global architecture pin connections
Cluster level netlist and block usage statistics
Netlist num_nets: 1044
Netlist num_blocks: 186
Netlist EMPTY blocks: 0.
Netlist io blocks: 74.
Netlist clb blocks: 112.
Netlist dsp_top blocks: 0.
Netlist memory blocks: 0.
Netlist inputs pins: 38
Netlist output pins: 36
### Creating Clusters took 2.49 seconds (max_rss 98.0 MiB, delta_rss +51.3 MiB)
Completed clustering consistency check successfully.
FPGA sized to 14 x 14: 196 grid tiles (auto)
### Compressed grid construction
### Compressed grid construction took 0.00 seconds (max_rss 98.0 MiB, delta_rss +0.0 MiB)
### Initial Placement
Placing clusters that are part of larger macros...
Number of blocks to be placed: 18
Max distance on device: 28
---- ---------- ---------- -------------
Pass Max Displ. Num Blocks Num Blocks   
     Threshold  Placed     Left Unplaced
---- ---------- ---------- -------------
   0          0         12             6
   1          1          4             2
   2          2          2             0

Placing general clusters...
Number of blocks to be placed: 168
Max distance on device: 28
---- ---------- ---------- -------------
Pass Max Displ. Num Blocks Num Blocks   
     Threshold  Placed     Left Unplaced
---- ---------- ---------- -------------
   0          0        160             8
   1          1          1             7
   2          2          1             6
   3          4          3             3
   4          8          2             1
   5         16          1             0

### Initial Placement took 0.00 seconds (max_rss 98.0 MiB, delta_rss +0.0 MiB)
Flat Placement Reconstruction Info:
	Percent of clusters with reconstruction errors: 0.537634
	Total displacement of initial placement from flat placement: 1525.000000
	Average atom displacement of initial placement from flat placement: 0.612204
	Max atom displacement of initial placement from flat placement: 13.000000
	Percent of atoms misplaced from the flat placement: 19.429947
## AP Full Legalizer took 2.49 seconds (max_rss 98.1 MiB, delta_rss +51.4 MiB)

Resource usage...
	Netlist
		74	blocks of type: io
	Architecture
		384	blocks of type: io
	Netlist
		112	blocks of type: clb
	Architecture
		120	blocks of type: clb
	Netlist
		0	blocks of type: dsp_top
	Architecture
		3	blocks of type: dsp_top
	Netlist
		0	blocks of type: memory
	Architecture
		6	blocks of type: memory

Device Utilization: 0.62 (target 1.00)
	Physical Tile io:
	Block Utilization: 0.19 Logical Block: io
	Physical Tile clb:
	Block Utilization: 0.93 Logical Block: clb
	Physical Tile dsp_top:
	Block Utilization: 0.00 Logical Block: dsp_top
	Physical Tile memory:
	Block Utilization: 0.00 Logical Block: memory

## Computing placement delta delay look-up
RR graph channel widths unchanged, skipping RR graph rebuild
Serial Connection Router is being destroyed. Time spent on path search: 0.000 seconds.
## Computing placement delta delay look-up took 0.00 seconds (max_rss 98.2 MiB, delta_rss +0.0 MiB)
Using simple RL 'Softmax agent' for choosing move and block types

Completed placement consistency check successfully.
Initial placement cost: 1 bb_cost: 126.376 td_cost: 6.32819e-07
Initial placement BB estimate of wirelength: 11350.8
Initial placement estimated Critical Path Delay (CPD): 11.8448 ns
Initial placement estimated setup Total Negative Slack (sTNS): -3286.59 ns
Initial placement estimated setup Worst Negative Slack (sWNS): -11.8448 ns

Initial placement estimated setup slack histogram:
[ -1.2e-08: -1.1e-08)  23 (  2.5%) |**
[ -1.1e-08: -9.6e-09)   9 (  1.0%) |*
[ -9.6e-09: -8.5e-09)   0 (  0.0%) |
[ -8.5e-09: -7.4e-09)   0 (  0.0%) |
[ -7.4e-09: -6.3e-09)   0 (  0.0%) |
[ -6.3e-09: -5.2e-09)   0 (  0.0%) |
[ -5.2e-09:   -4e-09) 128 ( 13.8%) |**********
[   -4e-09: -2.9e-09) 615 ( 66.2%) |***********************************************
[ -2.9e-09: -1.8e-09)  91 (  9.8%) |*******
[ -1.8e-09:   -7e-10)  63 (  6.8%) |*****
Placement contains 9 placement macros involving 18 blocks (average macro size 2.000000)

Moves per temperature: 530
## AP Detailed Placer

---- ------ ------- ------- ---------- ---------- ------- ---------- -------- ------- ------- ------ -------- --------- ------
Tnum  Time     T    AvCost  Av BB Cost Av TD Cost   CPD      sTNS      sWNS   AcRate  StdDev  R lim  CritExp  TotMoves  Alpha 
     (sec)                                          (ns)     (ns)      (ns)                                                   
---- ------ ------- ------- ---------- ---------- ------- ---------- -------- ------- ------- ------ -------- --------- ------
   1    0.0 5.0e-03   1.064     122.76 6.3429e-07  11.160  -3.25e+03  -11.160   0.760  0.0283   13.0     1.00        530  1.000
   2    0.0 4.8e-03   1.015     132.84 6.677e-07   11.211  -3.38e+03  -11.211   0.762  0.0165   13.0     1.00       1060  0.950
   3    0.0 4.6e-03   0.976     131.31 6.5969e-07  11.377  -3.41e+03  -11.377   0.745  0.0146   13.0     1.00       1590  0.950
   4    0.0 4.3e-03   0.983     132.10 6.8701e-07  11.104  -3.58e+03  -11.104   0.779  0.0108   13.0     1.00       2120  0.950
   5    0.0 4.1e-03   0.988     131.60 6.6047e-07  11.477  -3.46e+03  -11.477   0.736  0.0076   13.0     1.00       2650  0.950
   6    0.0 3.9e-03   0.981     130.90 6.6328e-07  11.294  -3.45e+03  -11.294   0.717  0.0181   13.0     1.00       3180  0.950
   7    0.0 3.7e-03   0.977     126.50 6.6642e-07  10.753   -3.4e+03  -10.753   0.723  0.0130   13.0     1.00       3710  0.950
   8    0.0 3.5e-03   1.001     129.40 6.654e-07   10.410  -3.08e+03  -10.410   0.708  0.0116   13.0     1.00       4240  0.950
   9    0.0 3.3e-03   0.979     124.90 6.6362e-07  10.642  -3.35e+03  -10.642   0.677  0.0108   13.0     1.00       4770  0.950
  10    0.0 3.2e-03   0.983     118.38 6.5255e-07   9.969  -2.94e+03   -9.969   0.687  0.0089   13.0     1.00       5300  0.950
  11    0.0 3.0e-03   0.994     114.59 6.2748e-07  10.597   -3.1e+03  -10.597   0.643  0.0073   13.0     1.00       5830  0.950
  12    0.0 2.9e-03   0.986     115.26 6.1014e-07  11.263  -3.29e+03  -11.263   0.643  0.0073   13.0     1.00       6360  0.950
  13    0.0 2.7e-03   1.001     115.73 6.4687e-07  10.185  -3.11e+03  -10.185   0.651  0.0041   13.0     1.00       6890  0.950
  14    0.0 2.6e-03   0.991     113.94 6.5396e-07  10.176  -3.28e+03  -10.176   0.600  0.0155   13.0     1.00       7420  0.950
  15    0.0 2.5e-03   0.997     111.24 6.451e-07    9.968     -3e+03   -9.968   0.591  0.0091   13.0     1.00       7950  0.950
  16    0.0 2.3e-03   0.998     112.19 6.5285e-07   9.991  -3.06e+03   -9.991   0.594  0.0062   13.0     1.00       8480  0.950
  17    0.0 2.2e-03   0.991     112.17 6.452e-07   10.001  -3.13e+03  -10.001   0.564  0.0050   13.0     1.00       9010  0.950
  18    0.0 2.1e-03   0.999     111.93 6.2275e-07  10.283  -3.07e+03  -10.283   0.604  0.0089   13.0     1.00       9540  0.950
  19    0.0 2.0e-03   0.996     114.64 6.4123e-07  10.415  -3.16e+03  -10.415   0.615  0.0038   13.0     1.00      10070  0.950
  20    0.0 1.9e-03   0.981     112.14 6.3445e-07  10.495  -3.16e+03  -10.495   0.562  0.0077   13.0     1.00      10600  0.950
  21    0.0 1.8e-03   0.987     110.26 6.3509e-07  10.520  -3.36e+03  -10.520   0.572  0.0066   13.0     1.00      11130  0.950
  22    0.0 1.7e-03   1.012     112.57 6.318e-07   10.043  -2.94e+03  -10.043   0.558  0.0053   13.0     1.00      11660  0.950
  23    0.0 1.6e-03   0.986     111.90 6.2621e-07  10.306     -3e+03  -10.306   0.594  0.0049   13.0     1.00      12190  0.950
  24    0.0 1.5e-03   0.982     109.87 6.2051e-07  10.097     -3e+03  -10.097   0.560  0.0078   13.0     1.00      12720  0.950
  25    0.0 1.5e-03   1.003     108.88 6.2484e-07  10.221  -2.99e+03  -10.221   0.526  0.0065   13.0     1.00      13250  0.950
  26    0.0 1.4e-03   0.995     106.97 6.3758e-07   9.811  -3.03e+03   -9.811   0.534  0.0035   13.0     1.00      13780  0.950
  27    0.0 1.3e-03   0.990     106.14 6.1787e-07  10.256  -3.11e+03  -10.256   0.496  0.0055   13.0     1.00      14310  0.950
  28    0.0 1.3e-03   0.994     104.44 6.1019e-07  10.333  -3.13e+03  -10.333   0.509  0.0045   13.0     1.00      14840  0.950
  29    0.0 1.2e-03   0.994     103.77 6.333e-07    9.707  -2.97e+03   -9.707   0.534  0.0046   13.0     1.00      15370  0.950
  30    0.0 1.1e-03   1.003     104.48 6.2439e-07   9.756  -2.94e+03   -9.756   0.492  0.0061   13.0     1.00      15900  0.950
  31    0.0 1.1e-03   1.000     102.47 6.2262e-07  10.224  -3.31e+03  -10.224   0.498  0.0035   13.0     1.00      16430  0.950
  32    0.0 1.0e-03   0.995     102.68 6.0377e-07  10.331  -3.21e+03  -10.331   0.498  0.0030   13.0     1.00      16960  0.950
  33    0.0 9.8e-04   0.998     102.25 6.2946e-07   9.948  -3.19e+03   -9.948   0.530  0.0049   13.0     1.00      17490  0.950
  34    0.0 9.3e-04   0.991      99.90 6.2444e-07   9.862  -3.21e+03   -9.862   0.443  0.0075   13.0     1.00      18020  0.950
  35    0.0 8.8e-04   1.003      98.67 6.1214e-07   9.846  -3.03e+03   -9.846   0.419  0.0021   13.0     1.00      18550  0.950
  36    0.0 8.4e-04   0.994      98.54 5.2279e-07   9.994  -3.08e+03   -9.994   0.477  0.0064   12.7     1.16      19080  0.950
  37    0.0 8.0e-04   1.002      97.51 6.0036e-07   9.994     -3e+03   -9.994   0.458  0.0034   13.0     1.00      19610  0.950
  38    0.0 7.6e-04   0.990      95.35 5.9321e-07   9.994  -2.93e+03   -9.994   0.385  0.0035   13.0     1.00      20140  0.950
  39    0.0 7.2e-04   0.996      95.39 4.032e-07   10.258  -3.08e+03  -10.258   0.379  0.0019   12.3     1.42      20670  0.950
  40    0.0 6.8e-04   0.991      94.66 3.0617e-07   9.786  -2.95e+03   -9.786   0.408  0.0041   11.5     1.85      21200  0.950
  41    0.0 6.5e-04   1.000      94.94 2.7791e-07   9.642  -2.93e+03   -9.642   0.406  0.0017   11.2     2.07      21730  0.950
  42    0.0 6.2e-04   0.997      95.22 2.4882e-07   9.683  -2.99e+03   -9.683   0.426  0.0018   10.8     2.30      22260  0.950
  43    0.0 5.8e-04   0.994      94.49 2.3762e-07   9.566  -2.92e+03   -9.566   0.411  0.0028   10.6     2.38      22790  0.950
  44    0.0 5.6e-04   1.002      94.23 2.1116e-07   9.859  -2.93e+03   -9.859   0.385  0.0017   10.3     2.56      23320  0.950
  45    0.0 5.3e-04   0.999      94.44 1.9689e-07   9.566  -2.94e+03   -9.566   0.396  0.0021    9.8     2.89      23850  0.950
  46    0.0 5.0e-04   0.998      93.57 1.8341e-07   9.605  -2.97e+03   -9.605   0.358  0.0016    9.3     3.14      24380  0.950
  47    0.0 4.8e-04   1.000      94.00 1.6474e-07   9.605  -2.97e+03   -9.605   0.364  0.0014    8.6     3.58      24910  0.950
  48    0.0 4.5e-04   0.990      92.60 1.5252e-07   9.605  -2.98e+03   -9.605   0.387  0.0056    7.9     3.96      25440  0.950
  49    0.0 4.3e-04   1.002      92.25 1.4501e-07   9.605  -2.97e+03   -9.605   0.277  0.0020    7.5     4.21      25970  0.950
  50    0.0 4.1e-04   0.999      92.36 1.3228e-07   9.605  -2.96e+03   -9.605   0.349  0.0018    6.3     4.92      26500  0.950
  51    0.0 3.9e-04   0.995      91.17 1.3316e-07   9.397  -2.96e+03   -9.397   0.355  0.0022    5.7     5.25      27030  0.950
  52    0.0 3.7e-04   0.999      90.65 1.3028e-07   9.410  -2.97e+03   -9.410   0.321  0.0011    5.2     5.54      27560  0.950
  53    0.0 3.5e-04   0.998      89.87 1.277e-07    9.358  -3.11e+03   -9.358   0.298  0.0016    4.6     5.90      28090  0.950
  54    0.0 3.3e-04   1.001      89.65 1.2439e-07   9.358  -2.92e+03   -9.358   0.328  0.0009    3.9     6.28      28620  0.950
  55    0.0 3.2e-04   1.000      89.63 1.2253e-07   9.358  -2.97e+03   -9.358   0.309  0.0016    3.5     6.54      29150  0.950
  56    0.0 3.0e-04   0.998      89.40 1.2079e-07   9.358  -2.94e+03   -9.358   0.281  0.0016    3.0     6.81      29680  0.950
  57    0.0 2.9e-04   0.996      89.05 1.2014e-07   9.289  -2.94e+03   -9.289   0.323  0.0019    2.6     7.09      30210  0.950
  58    0.0 2.7e-04   0.999      88.30 1.1825e-07   9.367  -2.95e+03   -9.367   0.285  0.0010    2.3     7.26      30740  0.950
  59    0.0 2.6e-04   1.000      88.34 1.1708e-07   9.345  -2.89e+03   -9.345   0.379  0.0017    1.9     7.47      31270  0.950
  60    0.0 2.4e-04   0.999      87.93 1.1619e-07   9.345  -2.87e+03   -9.345   0.377  0.0009    1.8     7.54      31800  0.950
  61    0.0 2.3e-04   0.999      87.74 1.1476e-07   9.370   -2.9e+03   -9.370   0.358  0.0008    1.7     7.60      32330  0.950
  62    0.0 2.2e-04   0.996      87.27 1.1518e-07   9.370  -2.88e+03   -9.370   0.368  0.0018    1.5     7.68      32860  0.950
  63    0.0 2.1e-04   1.001      87.29 1.1604e-07   9.300  -2.91e+03   -9.300   0.302  0.0005    1.4     7.75      33390  0.950
  64    0.0 2.0e-04   0.997      86.80 1.1481e-07   9.300  -2.91e+03   -9.300   0.260  0.0015    1.2     7.86      33920  0.950
  65    0.0 1.9e-04   0.998      86.21 1.1516e-07   9.300  -2.87e+03   -9.300   0.313  0.0019    1.0     7.99      34450  0.950
  66    0.0 1.8e-04   1.000      85.77 1.1367e-07   9.345  -2.86e+03   -9.345   0.260  0.0005    1.0     8.00      34980  0.950
  67    0.0 1.7e-04   1.000      85.76 1.1413e-07   9.345  -2.88e+03   -9.345   0.264  0.0005    1.0     8.00      35510  0.950
  68    0.0 1.6e-04   1.000      85.86 1.1474e-07   9.345  -2.88e+03   -9.345   0.268  0.0004    1.0     8.00      36040  0.950
  69    0.0 1.5e-04   0.999      85.91 1.1319e-07   9.345  -2.87e+03   -9.345   0.240  0.0010    1.0     8.00      36570  0.950
  70    0.0 1.5e-04   0.999      85.44 1.1444e-07   9.316  -2.92e+03   -9.316   0.230  0.0003    1.0     8.00      37100  0.950
  71    0.0 1.4e-04   1.000      85.53 1.1587e-07   9.300  -2.91e+03   -9.300   0.230  0.0006    1.0     8.00      37630  0.950
  72    0.0 1.3e-04   0.999      85.48 1.1482e-07   9.300  -2.89e+03   -9.300   0.225  0.0005    1.0     8.00      38160  0.950
  73    0.0 1.3e-04   1.000      85.35 1.1559e-07   9.316  -2.88e+03   -9.316   0.219  0.0003    1.0     8.00      38690  0.950
  74    0.0 1.2e-04   1.000      85.34 1.1455e-07   9.358  -2.89e+03   -9.358   0.217  0.0004    1.0     8.00      39220  0.950
  75    0.0 1.1e-04   0.999      85.62 1.1422e-07   9.359  -2.92e+03   -9.359   0.181  0.0007    1.0     8.00      39750  0.950
  76    0.0 1.1e-04   1.000      85.42 1.1437e-07   9.358  -2.96e+03   -9.358   0.194  0.0006    1.0     8.00      40280  0.950
  77    0.0 1.0e-04   0.999      84.97 1.1441e-07   9.358  -2.97e+03   -9.358   0.215  0.0004    1.0     8.00      40810  0.950
  78    0.0 9.7e-05   0.999      84.90 1.1447e-07   9.367  -2.93e+03   -9.367   0.151  0.0003    1.0     8.00      41340  0.950
  79    0.0 9.2e-05   0.999      84.78 1.1446e-07   9.345  -2.93e+03   -9.345   0.143  0.0004    1.0     8.00      41870  0.950
Agent's 2nd state: 
  80    0.0 7.4e-05   0.999      84.68 1.1443e-07   9.345  -2.93e+03   -9.345   0.183  0.0007    1.0     8.00      42400  0.800
Checkpoint saved: bb_costs=84.5731, TD costs=1.15252e-07, CPD=  9.316 (ns) 
  81    0.0 7.0e-05   0.999      84.45 1.1527e-07   9.316  -2.93e+03   -9.316   0.089  0.0003    1.0     8.00      42930  0.950
Checkpoint saved: bb_costs=84.3794, TD costs=1.15779e-07, CPD=  9.300 (ns) 
  82    0.0 5.6e-05   1.000      84.47 1.1561e-07   9.300  -2.93e+03   -9.300   0.081  0.0001    1.0     8.00      43460  0.800
  83    0.0 4.5e-05   0.998      84.28 1.1521e-07   9.300  -2.92e+03   -9.300   0.075  0.0007    1.0     8.00      43990  0.800
Checkpoint saved: bb_costs=84.0956, TD costs=1.16669e-07, CPD=  9.245 (ns) 
  84    0.0 3.6e-05   1.000      84.07 1.1659e-07   9.245  -2.92e+03   -9.245   0.068  0.0004    1.0     8.00      44520  0.800
  85    0.0 2.9e-05   1.000      84.14 1.1573e-07   9.245  -2.92e+03   -9.245   0.075  0.0001    1.0     8.00      45050  0.800
  86    0.0 2.3e-05   0.999      83.93 1.1564e-07   9.245  -2.92e+03   -9.245   0.053  0.0006    1.0     8.00      45580  0.800
  87    0.0 1.8e-05   1.000      83.79 1.1638e-07   9.245  -2.92e+03   -9.245   0.043  0.0001    1.0     8.00      46110  0.800
  88    0.0 1.5e-05   1.000      83.73 1.1671e-07   9.245  -2.92e+03   -9.245   0.066  0.0001    1.0     8.00      46640  0.800
  89    0.0 1.2e-05   1.000      83.65 1.1668e-07   9.245  -2.92e+03   -9.245   0.040  0.0002    1.0     8.00      47170  0.800
  90    0.0 9.4e-06   1.000      83.57 1.1461e-07   9.315  -2.92e+03   -9.315   0.045  0.0002    1.0     8.00      47700  0.800
  91    0.0 7.5e-06   0.999      83.56 1.1453e-07   9.315  -2.92e+03   -9.315   0.053  0.0004    1.0     8.00      48230  0.800
  92    0.0 6.0e-06   1.000      83.52 1.1623e-07   9.260  -2.92e+03   -9.260   0.060  0.0001    1.0     8.00      48760  0.800
  93    0.0 4.8e-06   1.000      83.49 1.1623e-07   9.260  -2.92e+03   -9.260   0.040  0.0000    1.0     8.00      49290  0.800
  94    0.0 0.0e+00   1.000      83.48 1.1621e-07   9.260  -2.92e+03   -9.260   0.019  0.0001    1.0     8.00      49820  0.800
### Placement Quench took 0.01 seconds (max_rss 99.4 MiB)
post-quench CPD = 9.31484 (ns) 

Checkpoint restored

Completed placement consistency check successfully.

Swaps called: 50006

Aborted Move Reasons:
  duplicate block move from location: 1
  duplicate block move to location: 23
  macro move to location illegal: 6
  macro_from swap to location illegal: 377

BB estimate of min-dist (placement) wire length: 7529

Placement estimated critical path delay (least slack): 9.24452 ns, Fmax: 108.172 MHz
Placement estimated critical path skew: -0.04243 ns
Placement estimated setup Worst Negative Slack (sWNS): -9.24452 ns
Placement estimated setup Total Negative Slack (sTNS): -2920.82 ns
Placement estimated setup Worst Skew (sWS): -0.04243 ns

Placement estimated setup slack histogram:
[ -9.2e-09: -8.4e-09)  20 (  2.2%) |*
[ -8.4e-09: -7.5e-09)  12 (  1.3%) |*
[ -7.5e-09: -6.7e-09)   0 (  0.0%) |
[ -6.7e-09: -5.8e-09)   0 (  0.0%) |
[ -5.8e-09:   -5e-09)   0 (  0.0%) |
[   -5e-09: -4.1e-09)  95 ( 10.2%) |*******
[ -4.1e-09: -3.3e-09)  48 (  5.2%) |****
[ -3.3e-09: -2.4e-09) 627 ( 67.5%) |***********************************************
[ -2.4e-09: -1.6e-09)  77 (  8.3%) |******
[ -1.6e-09:   -7e-10)  50 (  5.4%) |****

Placement estimated geomean non-virtual intra-domain period: 9.24452 ns (108.172 MHz)
Placement estimated fanout-weighted geomean non-virtual intra-domain period: 9.24452 ns (108.172 MHz)

Placement cost: 1, bb_cost: 84.0956, td_cost: 1.16669e-07, 

Placement resource usage:
  io  implemented as io : 74
  clb implemented as clb: 112

Placement number of temperatures: 94
Placement total # of swap attempts: 50006
	Swaps accepted: 19082 (38.2 %)
	Swaps rejected: 30205 (60.4 %)
	Swaps aborted:   719 ( 1.4 %)


Placement perturbation distribution by block and move type: 
------------------ ----------------- ---------------- ---------------- --------------- ------------ 
    Block Type         Move Type       (%) of Total      Accepted(%)     Rejected(%)    Aborted(%)
------------------ ----------------- ---------------- ---------------- --------------- ------------ 
io                 Uniform                9.68             64.94           35.06          0.00         
                   Median                 8.96             62.27           32.55          5.18         
                   Centroid               9.07             65.92           34.06          0.02         
                   W. Centroid            8.81             66.60           33.29          0.11         
                   W. Median              0.88             13.01           81.74          5.25         

clb                Uniform                14.84            20.52           77.62          1.86         
                   Median                 14.49            28.81           69.53          1.66         
                   Centroid               13.41            24.66           74.27          1.07         
                   W. Centroid            14.39            26.15           72.27          1.58         
                   W. Median              1.24             2.75            94.99          2.26         
                   Crit. Uniform          2.05             0.00            100.00         0.00         
                   Feasible Region        2.19             0.55            99.45          0.00         


Placement Quench timing analysis took 0.00366017 seconds (0.00331742 STA, 0.000342752 slack) (1 full updates: 1 setup, 0 hold, 0 combined).
Placement Total  timing analysis took 0.396282 seconds (0.355161 STA, 0.0411208 slack) (97 full updates: 97 setup, 0 hold, 0 combined).
update_td_costs: connections 0.00233906 nets 0 sum_nets 0.00134172 total 0.00375296
## AP Detailed Placer took 0.92 seconds (max_rss 99.6 MiB, delta_rss +0.2 MiB)
Incr Slack updates 97 in 0.011347 sec
Full Max Req/Worst Slack updates 37 in 0.000990802 sec
Incr Max Req/Worst Slack updates 60 in 0.00207446 sec
Incr Criticality updates 27 in 0.00648879 sec
Full Criticality updates 70 in 0.0168087 sec
Incr Slack updates 1 in 0.000101645 sec
Full Max Req/Worst Slack updates 1 in 3.4298e-05 sec
Incr Max Req/Worst Slack updates 0 in 0 sec
Incr Criticality updates 0 in 0 sec
Full Criticality updates 1 in 0.000260302 sec
# Analytical Placement took 3.84 seconds (max_rss 99.8 MiB, delta_rss +68.1 MiB)


# Routing
RR graph channel widths unchanged, skipping RR graph rebuild
## Initializing router criticalities
Initial Net Connection Criticality Histogram:
[        0:      0.1) 233 (  8.1%) |*************
[      0.1:      0.2) 795 ( 27.6%) |********************************************
[      0.2:      0.3) 514 ( 17.8%) |****************************
[      0.3:      0.4) 848 ( 29.4%) |***********************************************
[      0.4:      0.5) 117 (  4.1%) |******
[      0.5:      0.6)  28 (  1.0%) |**
[      0.6:      0.7)  61 (  2.1%) |***
[      0.7:      0.8)  33 (  1.1%) |**
[      0.8:      0.9)  42 (  1.5%) |**
[      0.9:        1) 212 (  7.4%) |************
## Initializing router criticalities took 0.05 seconds (max_rss 99.8 MiB, delta_rss +0.0 MiB)
---- ------ ------- ---- ------- ------- ------- ----------------- --------------- -------- ---------- ---------- ---------- ---------- --------
Iter   Time    pres  BBs    Heap  Re-Rtd  Re-Rtd Overused RR Nodes      Wirelength      CPD       sTNS       sWNS       hTNS       hWNS Est Succ
      (sec)     fac Updt    push    Nets   Conns                                       (ns)       (ns)       (ns)       (ns)       (ns)     Iter
---- ------ ------- ---- ------- ------- ------- ----------------- --------------- -------- ---------- ---------- ---------- ---------- --------
   1    0.0     0.0    0  106383    1041    2751    1135 ( 3.544%)   11550 (41.1%)    9.262     -2782.     -9.262      0.000      0.000      N/A
   2    0.0     0.5    0   99519     818    2406     849 ( 2.651%)   11466 (40.8%)    9.262     -2785.     -9.262      0.000      0.000      N/A
   3    0.0     0.6    0   94453     687    1943     747 ( 2.333%)   11898 (42.4%)    9.262     -2891.     -9.262      0.000      0.000      N/A
   4    0.0     0.8    0   87843     627    1661     660 ( 2.061%)   12227 (43.5%)    9.262     -2861.     -9.262      0.000      0.000      N/A
   5    0.0     1.1    0   88783     554    1527     528 ( 1.649%)   12431 (44.3%)    9.262     -2932.     -9.262      0.000      0.000      N/A
   6    0.0     1.4    0   81778     479    1240     420 ( 1.312%)   12826 (45.7%)    9.262     -2996.     -9.262      0.000      0.000      N/A
   7    0.0     1.9    0   78918     418    1068     329 ( 1.027%)   13144 (46.8%)    9.262     -2982.     -9.262      0.000      0.000      N/A
   8    0.0     2.4    0   69059     349     836     255 ( 0.796%)   13401 (47.7%)    9.262     -3118.     -9.262      0.000      0.000      N/A
   9    0.0     3.1    0   63655     280     658     199 ( 0.621%)   13640 (48.6%)    9.265     -3198.     -9.265      0.000      0.000       31
  10    0.0     4.1    0   62040     226     509     171 ( 0.534%)   13989 (49.8%)    9.265     -3122.     -9.265      0.000      0.000       32
  11    0.0     5.3    0   70135     210     469     130 ( 0.406%)   14214 (50.6%)    9.262     -3179.     -9.262      0.000      0.000       32
  12    0.0     6.9    0   54077     163     346     100 ( 0.312%)   14427 (51.4%)    9.265     -3184.     -9.265      0.000      0.000       32
  13    0.0     9.0    0   62579     139     276      75 ( 0.234%)   14733 (52.5%)    9.265     -3238.     -9.265      0.000      0.000       31
  14    0.0    11.6    0   56611     133     256      83 ( 0.259%)   14922 (53.1%)    9.265     -3209.     -9.265      0.000      0.000       34
  15    0.0    15.1    0   58922     126     267      71 ( 0.222%)   15241 (54.3%)    9.265     -3219.     -9.265      0.000      0.000       37
  16    0.0    19.7    0   73277     101     217      64 ( 0.200%)   15510 (55.2%)    9.265     -3230.     -9.265      0.000      0.000       40
  17    0.0    25.6    0   74896      89     227      54 ( 0.169%)   15822 (56.3%)    9.266     -3254.     -9.266      0.000      0.000       42
  18    0.0    33.3    0   72490      80     194      35 ( 0.109%)   16020 (57.1%)    9.474     -3264.     -9.474      0.000      0.000       40
  19    0.0    43.3    0   41092      62     144      26 ( 0.081%)   16220 (57.8%)    9.579     -3304.     -9.579      0.000      0.000       38
  20    0.0    56.2    0   38518      45      99      21 ( 0.066%)   16224 (57.8%)   10.097     -3308.    -10.097      0.000      0.000       37
  21    0.0    73.1    0   34987      37      85      17 ( 0.053%)   16414 (58.5%)   10.780     -3347.    -10.780      0.000      0.000       36
  22    0.0    95.0    0   20626      28      56       7 ( 0.022%)   16416 (58.5%)   11.188     -3336.    -11.188      0.000      0.000       33
  23    0.0   123.5    0   25889      19      38      12 ( 0.037%)   16405 (58.4%)   10.301     -3346.    -10.301      0.000      0.000       33
  24    0.0   160.6    0   32213      25      46       9 ( 0.028%)   16458 (58.6%)   10.925     -3352.    -10.925      0.000      0.000       33
  25    0.0   208.8    0   21213      22      42       6 ( 0.019%)   16452 (58.6%)   10.772     -3344.    -10.772      0.000      0.000       33
  26    0.0   271.4    0   18245      14      31       6 ( 0.019%)   16479 (58.7%)   10.158     -3334.    -10.158      0.000      0.000       33
  27    0.0   352.8    0   28219      23      46       5 ( 0.016%)   16478 (58.7%)   11.461     -3355.    -11.461      0.000      0.000       33
  28    0.0   458.7    0   11996      14      25       5 ( 0.016%)   16442 (58.6%)   10.795     -3340.    -10.795      0.000      0.000       34
  29    0.0   596.3    0   12064      13      32       2 ( 0.006%)   16521 (58.8%)   10.795     -3349.    -10.795      0.000      0.000       33
  30    0.0   775.1    0   14891      13      28       2 ( 0.006%)   16510 (58.8%)   10.795     -3349.    -10.795      0.000      0.000       33
  31    0.0  1000.0    0   10639      11      23       2 ( 0.006%)   16514 (58.8%)   10.795     -3349.    -10.795      0.000      0.000       33
  32    0.0  1000.0    0   14249      13      27       2 ( 0.006%)   16541 (58.9%)   11.274     -3374.    -11.274      0.000      0.000       34
  33    0.0  1000.0    0   11613      11      25       2 ( 0.006%)   16510 (58.8%)   10.795     -3349.    -10.795      0.000      0.000       34
  34    0.0  1000.0    0    9955      11      23       2 ( 0.006%)   16555 (59.0%)   12.418     -3407.    -12.418      0.000      0.000       35
  35    0.0  1000.0    0   10526       9      17       2 ( 0.006%)   16557 (59.0%)   11.734     -3378.    -11.734      0.000      0.000       36
  36    0.0  1000.0    0   10682      10      25       2 ( 0.006%)   16535 (58.9%)   10.795     -3350.    -10.795      0.000      0.000       37
  37    0.0  1000.0    0   17073      12      26       2 ( 0.006%)   16527 (58.9%)   10.795     -3350.    -10.795      0.000      0.000       38
  38    0.0  1000.0    0   16185      12      28       2 ( 0.006%)   16568 (59.0%)   10.795     -3350.    -10.795      0.000      0.000       39
  39    0.0  1000.0    0   15915      11      25       1 ( 0.003%)   16559 (59.0%)   10.795     -3350.    -10.795      0.000      0.000       39
  40    0.0  1000.0    0   16275      10      24       1 ( 0.003%)   16559 (59.0%)   10.795     -3350.    -10.795      0.000      0.000       40
  41    0.0  1000.0    0   16275      10      24       1 ( 0.003%)   16559 (59.0%)   10.795     -3350.    -10.795      0.000      0.000       40
  42    0.0  1000.0    0   16275      10      24       1 ( 0.003%)   16559 (59.0%)   10.795     -3350.    -10.795      0.000      0.000       41
  43    0.0  1000.0    0   16443      12      27       1 ( 0.003%)   16526 (58.9%)   10.795     -3350.    -10.795      0.000      0.000       41
  44    0.0  1000.0    0    4178      10      21       1 ( 0.003%)   16530 (58.9%)   10.795     -3350.    -10.795      0.000      0.000       41
  45    0.0  1000.0    0    8131      11      24       1 ( 0.003%)   16537 (58.9%)   10.795     -3350.    -10.795      0.000      0.000       42
  46    0.0  1000.0    0    8197      10      23       1 ( 0.003%)   16559 (59.0%)   10.795     -3350.    -10.795      0.000      0.000       43
  47    0.0  1000.0    0   17028      11      26       1 ( 0.003%)   16568 (59.0%)   10.795     -3350.    -10.795      0.000      0.000       43
  48    0.0  1000.0    0    8766      11      25       1 ( 0.003%)   16559 (59.0%)   10.795     -3350.    -10.795      0.000      0.000       44
  49    0.0  1000.0    0    8809      11      25       1 ( 0.003%)   16568 (59.0%)   10.795     -3350.    -10.795      0.000      0.000       44
  50    0.0  1000.0    0    9093      11      27       1 ( 0.003%)   16548 (58.9%)   10.795     -3350.    -10.795      0.000      0.000       45
Routing failed.

Failed routing attempt
Total number of overused nodes: 1
Routing Failure Diagnostics: Printing Overused Nodes Information
------ ------- ---------- --------- -------- ------------ ------- ------- ------- ------- ------- ------- -------
   No.  NodeId  Occupancy  Capacity  RR Node    Direction    Side     PTC   Block    Xlow    Ylow   Xhigh   Yhigh
                                        type                          NUM    Name                                 
------ ------- ---------- --------- -------- ------------ ------- ------- ------- ------- ------- ------- -------
     0   31721          2         1    CHANY      DEC_DIR     N/A       3     clb      12       1      12       1

Final Net Connection Criticality Histogram:
[        0:      0.1) 457 ( 15.9%) |*************************
[      0.1:      0.2) 542 ( 18.8%) |******************************
[      0.2:      0.3) 852 ( 29.6%) |***********************************************
[      0.3:      0.4) 500 ( 17.3%) |****************************
[      0.4:      0.5) 149 (  5.2%) |********
[      0.5:      0.6)  41 (  1.4%) |**
[      0.6:      0.7)  47 (  1.6%) |***
[      0.7:      0.8)  66 (  2.3%) |****
[      0.8:      0.9)  94 (  3.3%) |*****
[      0.9:        1) 135 (  4.7%) |*******
Router Stats: total_nets_routed: 7052 total_connections_routed: 18012 total_heap_pushes: 1901678 total_heap_pops: 616406 
Serial Connection Router is being destroyed. Time spent on path search: 0.305 seconds.
# Routing took 0.82 seconds (max_rss 99.8 MiB, delta_rss +0.0 MiB)
Circuit is unroutable with a channel width factor of 90.
For a detailed report on the RR node overuse information (report_overused_nodes.rpt), specify --generate_rr_node_overuse_report on.
Incr Slack updates 51 in 0.0048055 sec
Full Max Req/Worst Slack updates 11 in 0.000302095 sec
Incr Max Req/Worst Slack updates 40 in 0.00139337 sec
Incr Criticality updates 29 in 0.00618529 sec
Full Criticality updates 22 in 0.00570686 sec

*****************************************************************************************
Warning 10: The following analysis results are for an illegal circuit implementation
*****************************************************************************************
Warning 11: Synchronization between packing and routing results was not applied due to illegal circuit implementation


Average number of bends per net: 2.09126  Maximum # of bends: 56

Number of global nets: 3
Number of routed nets (nonglobal): 1041
Wire length results (in units of 1 clb segments)...
	Total wirelength: 16548, average net length: 15.8963
	Maximum net length: 449

Wire length results in terms of physical segments...
	Total wiring segments used: 4556, average wire segments per net: 4.37656
	Maximum segments used by a net: 133
	Total local nets with reserved CLB opins: 0
Total number of nets absorbed: 9

Routing channel utilization histogram:
[        1:      inf)  0 (  0.0%) |
[      0.9:        1) 13 (  3.8%) |*******
[      0.8:      0.9) 51 ( 15.1%) |***************************
[      0.7:      0.8) 92 ( 27.2%) |************************************************
[      0.5:      0.6) 37 ( 10.9%) |*******************
[      0.4:      0.5) 40 ( 11.8%) |*********************
[      0.3:      0.4) 41 ( 12.1%) |*********************
[      0.2:      0.3) 32 (  9.5%) |*****************
[      0.1:      0.2)  6 (  1.8%) |***
[        0:      0.1) 26 (  7.7%) |**************
Maximum routing channel utilization:      0.97 at (8,0)

X - Directed channels: layer   y   max occ   ave occ   ave cap
                        ----- ---- -------- -------- --------
                            0    0       87   73.417       90
                            0    1       80   61.583       90
                            0    2       82   62.500       90
                            0    3       80   60.750       90
                            0    4       81   65.417       90
                            0    5       84   62.917       90
                            0    6       71   53.583       90
                            0    7       73   52.417       90
                            0    8       64   50.583       90
                            0    9       59   42.833       90
                            0   10       52   37.500       90
                            0   11       39   30.667       90
                            0   12       61   43.250       90
Y - Directed channels: layer   x   max occ   ave occ   ave cap
                        ----- ---- -------- -------- --------
                            0    0       38   31.500       90
                            0    1       35   24.500       90
                            0    2       40   29.167       90
                            0    3       61   48.500       90
                            0    4       63   53.083       90
                            0    5       60   50.667       90
                            0    6       67   53.250       90
                            0    7       80   65.000       90
                            0    8       79   64.333       90
                            0    9       79   64.333       90
                            0   10       79   67.167       90
                            0   11       75   59.417       90
                            0   12       86   70.667       90

Total existing wires segments: CHANX     14040, CHANY     14040, CHANZ         0, ALL     28080
Total used wires segments:     CHANX      8369, CHANY      8179, CHANZ         0, ALL     16548
Usage percentage:              CHANX     59.6%, CHANY     58.3%, CHANZ      0.0%, ALL     58.9%

Logic area (in minimum width transistor areas, excludes I/Os and empty grid tiles)...
	Total logic block area (Warning, need to add pitch of routing to blocks with height > 3): 4.93594e+06
	Total used logic block area: 3.12536e+06

Routing area (in minimum width transistor areas)...
	Total routing area: 1.30597e+06, per logic tile: 6663.10

Total Number of Wiring Segments by Direction: direction length number
                                              --------- ------ -------
                                                      X      4   3802
                                                      Y      4   3802
                                                      X     16    270
                                                      Y     16    270

X - Directed Wiring Segment usage by length: length utilization
                                             ------ -----------
                                             4        0.58
                                            16       0.333

Y - Directed Wiring Segment usage by length: length utilization
                                             ------ -----------
                                             4       0.574
                                            16       0.293

Segment occupancy by length: Length Occupancy Capacity Utilization
                             ------ --------- -------- -----------
                             L4          4387     7604       0.577
                             L16          169      540       0.313

Segment occupancy by type: name type utilization
                           ---- ---- -----------
                             L4    0       0.577
                            L16    1       0.313

Final hold Worst Negative Slack (hWNS): 0 ns
Final hold Total Negative Slack (hTNS): 0 ns
Final hold Worst Skew (hWS): 0 ns

Final hold slack histogram:
[  1.9e-10:  3.9e-10) 825 ( 88.8%) |***********************************************
[  3.9e-10:  5.9e-10)  25 (  2.7%) |*
[  5.9e-10:  7.9e-10)  28 (  3.0%) |**
[  7.9e-10:  9.8e-10)  25 (  2.7%) |*
[  9.8e-10:  1.2e-09)  13 (  1.4%) |*
[  1.2e-09:  1.4e-09)   4 (  0.4%) |
[  1.4e-09:  1.6e-09)   4 (  0.4%) |
[  1.6e-09:  1.8e-09)   1 (  0.1%) |
[  1.8e-09:    2e-09)   1 (  0.1%) |
[    2e-09:  2.2e-09)   3 (  0.3%) |

Final critical path delay (least slack): 10.7951 ns, Fmax: 92.6344 MHz
Final critical path skew: -0.04243 ns
Final setup Worst Negative Slack (sWNS): -10.7951 ns
Final setup Total Negative Slack (sTNS): -3350.35 ns
Final setup Worst Skew (sWS): -0.04243 ns

Final setup slack histogram:
[ -1.1e-08: -9.8e-09)  19 (  2.0%) |**
[ -9.8e-09: -8.7e-09)  10 (  1.1%) |*
[ -8.7e-09: -7.7e-09)   2 (  0.2%) |
[ -7.7e-09: -6.7e-09)   3 (  0.3%) |
[ -6.7e-09: -5.6e-09)  12 (  1.3%) |*
[ -5.6e-09: -4.6e-09)  92 (  9.9%) |*********
[ -4.6e-09: -3.6e-09) 212 ( 22.8%) |*********************
[ -3.6e-09: -2.6e-09) 481 ( 51.8%) |***********************************************
[ -2.6e-09: -1.5e-09)  69 (  7.4%) |*******
[ -1.5e-09: -4.9e-10)  29 (  3.1%) |***

Final geomean non-virtual intra-domain period: 10.7951 ns (92.6344 MHz)
Final fanout-weighted geomean non-virtual intra-domain period: 10.7951 ns (92.6344 MHz)

Incr Slack updates 1 in 9.498e-05 sec
Full Max Req/Worst Slack updates 1 in 2.7686e-05 sec
Incr Max Req/Worst Slack updates 0 in 0 sec
Incr Criticality updates 0 in 0 sec
Full Criticality updates 1 in 0.0002609 sec
VPR failed to implement circuit
The entire flow of VPR took 4.98 seconds (max_rss 99.8 MiB)

